2026-06-04 21:33:23 | INFO    | preprocess_all | mode=eog_ecg_clean | 输出根: /share/workspace2/moto_imagination/WBCIC_SHU/processed/eog_ecg_clean
2026-06-04 21:33:23 | INFO    | preprocess_all | raw manifest /share/home/yuan/SYX/eeg-mi-online/manifests/shu_2c_raw_manifest.csv -> 选中 9/153 个 session 处理。
2026-06-04 21:33:58 | INFO    | preprocess_all | sub-001/ses-01 | shape=[200, 58, 1000] labels={0: 100, 1: 100} aux_used=True excluded=[1, 4, 10] match_mat=True multiset=True status=ok
2026-06-04 21:33:58 | INFO    | preprocess_all | [1/9] sub-001/ses-01 用时 35.2s（ok=1 failed=0）
2026-06-04 21:34:33 | INFO    | preprocess_all | sub-001/ses-02 | shape=[200, 58, 1000] labels={0: 100, 1: 100} aux_used=True excluded=[1] match_mat=False multiset=True status=ok
2026-06-04 21:34:33 | INFO    | preprocess_all | [2/9] sub-001/ses-02 用时 35.2s（ok=2 failed=0）
2026-06-04 21:35:11 | INFO    | preprocess_all | sub-001/ses-03 | shape=[200, 58, 1000] labels={1: 100, 0: 100} aux_used=True excluded=[1, 2] match_mat=None multiset=None status=ok
2026-06-04 21:35:11 | INFO    | preprocess_all | [3/9] sub-001/ses-03 用时 37.6s（ok=3 failed=0）
2026-06-04 21:36:28 | INFO    | preprocess_all | sub-002/ses-01 | shape=[200, 58, 1000] labels={1: 100, 0: 100} aux_used=True excluded=[] match_mat=True multiset=True status=ok
2026-06-04 21:36:28 | INFO    | preprocess_all | [4/9] sub-002/ses-01 用时 77.7s（ok=4 failed=0）
2026-06-04 21:37:50 | INFO    | preprocess_all | sub-002/ses-02 | shape=[200, 58, 1000] labels={0: 100, 1: 100} aux_used=True excluded=[] match_mat=True multiset=True status=ok
2026-06-04 21:37:50 | INFO    | preprocess_all | [5/9] sub-002/ses-02 用时 81.8s（ok=5 failed=0）
2026-06-04 21:39:06 | INFO    | preprocess_all | sub-002/ses-03 | shape=[200, 58, 1000] labels={0: 100, 1: 100} aux_used=True excluded=[] match_mat=True multiset=True status=ok
2026-06-04 21:39:06 | INFO    | preprocess_all | [6/9] sub-002/ses-03 用时 76.3s（ok=6 failed=0）
2026-06-04 21:40:31 | INFO    | preprocess_all | sub-003/ses-01 | shape=[200, 58, 1000] labels={1: 100, 0: 100} aux_used=True excluded=[1] match_mat=True multiset=True status=ok
2026-06-04 21:40:31 | INFO    | preprocess_all | [7/9] sub-003/ses-01 用时 84.7s（ok=7 failed=0）
2026-06-04 21:41:50 | INFO    | preprocess_all | sub-003/ses-02 | shape=[200, 58, 1000] labels={1: 100, 0: 100} aux_used=True excluded=[0, 1, 3, 9, 12, 15, 16] match_mat=True multiset=True status=ok
2026-06-04 21:41:50 | INFO    | preprocess_all | [8/9] sub-003/ses-02 用时 78.9s（ok=8 failed=0）
2026-06-04 21:42:51 | INFO    | preprocess_all | sub-003/ses-03 | shape=[200, 58, 1000] labels={1: 100, 0: 100} aux_used=False excluded=[] match_mat=True multiset=True status=ok
2026-06-04 21:42:51 | INFO    | preprocess_all | [9/9] sub-003/ses-03 用时 61.2s（ok=9 failed=0）
2026-06-04 21:42:51 | INFO    | preprocess_all | 完成：9 ok / 0 failed / 共 9（用时 568.5s）。
2026-06-04 21:42:51 | INFO    | preprocess_all | processed manifest: /share/workspace2/moto_imagination/WBCIC_SHU/processed/eog_ecg_clean/processed_manifest.dryrun.csv
2026-06-04 21:42:51 | INFO    | preprocess_all | summary: /share/workspace2/moto_imagination/WBCIC_SHU/processed/eog_ecg_clean/preprocess_summary.dryrun.csv
