Project: /share/home/yuan/SYX/eeg-mi-online
Env    : mi_torch_cu118
Args   : --methods session_zscore --models deepconvnet --seeds 3 --protocols single,multi --tag-suffix session_zscore_deepconvnet_s3
Node   : gpu01 | Start: Tue Jun  9 03:38:36 CST 2026
Tue Jun  9 03:38:36 2026       
+-----------------------------------------------------------------------------------------+
| NVIDIA-SMI 570.153.02             Driver Version: 570.153.02     CUDA Version: 12.8     |
|-----------------------------------------+------------------------+----------------------+
| GPU  Name                 Persistence-M | Bus-Id          Disp.A | Volatile Uncorr. ECC |
| Fan  Temp   Perf          Pwr:Usage/Cap |           Memory-Usage | GPU-Util  Compute M. |
|                                         |                        |               MIG M. |
|=========================================+========================+======================|
|   0  NVIDIA GeForce RTX 4090 D      On  |   00000000:01:00.0 Off |                  Off |
| 33%   44C    P0             50W /  425W |       1MiB /  24564MiB |      0%      Default |
|                                         |                        |                  N/A |
+-----------------------------------------+------------------------+----------------------+
                                                                                         
+-----------------------------------------------------------------------------------------+
| Processes:                                                                              |
|  GPU   GI   CI              PID   Type   Process name                        GPU Memory |
|        ID   ID                                                               Usage      |
|=========================================================================================|
|  No running processes found                                                             |
+-----------------------------------------------------------------------------------------+
[cuda-check] torch=2.7.1+cu118 cuda_build=11.8 cuda_avail=True
2026-06-09 03:38:39 | INFO    | train_session_alignment | device=cuda | cuda={'torch': '2.7.1+cu118', 'cuda_build': '11.8', 'cuda_available': True, 'device': 'cuda', 'device_name': 'NVIDIA GeForce RTX 4090 D'}
2026-06-09 03:38:39 | INFO    | train_session_alignment | loaded 148 ok sessions | methods=['session_zscore'] | models=['deepconvnet'] | seeds=[3] | groups=['single', 'multi'] | tasks=335
2026-06-09 03:38:51 | INFO    | train_session_alignment | [align] session_zscore         deepconvnet single_sub-001_ses01-to-ses02 seed=3 acc=0.6350 (ntr=160 nval=40 nte=200)
2026-06-09 03:39:01 | INFO    | train_session_alignment | [align] session_zscore         deepconvnet single_sub-001_ses01-to-ses03 seed=3 acc=0.7350 (ntr=160 nval=40 nte=200)
2026-06-09 03:39:14 | INFO    | train_session_alignment | [align] session_zscore         deepconvnet single_sub-001_ses02-to-ses01 seed=3 acc=0.5850 (ntr=160 nval=40 nte=200)
2026-06-09 03:39:28 | INFO    | train_session_alignment | [align] session_zscore         deepconvnet single_sub-001_ses02-to-ses03 seed=3 acc=0.9750 (ntr=160 nval=40 nte=200)
2026-06-09 03:39:39 | INFO    | train_session_alignment | [align] session_zscore         deepconvnet single_sub-001_ses03-to-ses01 seed=3 acc=0.5900 (ntr=160 nval=40 nte=200)
2026-06-09 03:39:50 | INFO    | train_session_alignment | [align] session_zscore         deepconvnet single_sub-001_ses03-to-ses02 seed=3 acc=0.8750 (ntr=160 nval=40 nte=200)
2026-06-09 03:39:56 | INFO    | train_session_alignment | [align] session_zscore         deepconvnet single_sub-002_ses01-to-ses02 seed=3 acc=0.5900 (ntr=160 nval=40 nte=200)
2026-06-09 03:40:01 | INFO    | train_session_alignment | [align] session_zscore         deepconvnet single_sub-002_ses01-to-ses03 seed=3 acc=0.6150 (ntr=160 nval=40 nte=200)
2026-06-09 03:40:06 | INFO    | train_session_alignment | [align] session_zscore         deepconvnet single_sub-002_ses02-to-ses01 seed=3 acc=0.5900 (ntr=160 nval=40 nte=200)
2026-06-09 03:40:11 | INFO    | train_session_alignment | [align] session_zscore         deepconvnet single_sub-002_ses02-to-ses03 seed=3 acc=0.5850 (ntr=160 nval=40 nte=200)
2026-06-09 03:40:19 | INFO    | train_session_alignment | [align] session_zscore         deepconvnet single_sub-002_ses03-to-ses01 seed=3 acc=0.5950 (ntr=160 nval=40 nte=200)
2026-06-09 03:40:27 | INFO    | train_session_alignment | [align] session_zscore         deepconvnet single_sub-002_ses03-to-ses02 seed=3 acc=0.5950 (ntr=160 nval=40 nte=200)
2026-06-09 03:40:35 | INFO    | train_session_alignment | [align] session_zscore         deepconvnet single_sub-003_ses01-to-ses02 seed=3 acc=0.7900 (ntr=160 nval=40 nte=200)
2026-06-09 03:40:43 | INFO    | train_session_alignment | [align] session_zscore         deepconvnet single_sub-003_ses01-to-ses03 seed=3 acc=0.8150 (ntr=160 nval=40 nte=200)
2026-06-09 03:40:54 | INFO    | train_session_alignment | [align] session_zscore         deepconvnet single_sub-003_ses02-to-ses01 seed=3 acc=0.8550 (ntr=160 nval=40 nte=200)
2026-06-09 03:41:05 | INFO    | train_session_alignment | [align] session_zscore         deepconvnet single_sub-003_ses02-to-ses03 seed=3 acc=0.8350 (ntr=160 nval=40 nte=200)
2026-06-09 03:41:11 | INFO    | train_session_alignment | [align] session_zscore         deepconvnet single_sub-003_ses03-to-ses01 seed=3 acc=0.5000 (ntr=160 nval=40 nte=200)
2026-06-09 03:41:17 | INFO    | train_session_alignment | [align] session_zscore         deepconvnet single_sub-003_ses03-to-ses02 seed=3 acc=0.5100 (ntr=160 nval=40 nte=200)
2026-06-09 03:41:22 | INFO    | train_session_alignment | [align] session_zscore         deepconvnet single_sub-004_ses01-to-ses02 seed=3 acc=0.5550 (ntr=160 nval=40 nte=200)
2026-06-09 03:41:28 | INFO    | train_session_alignment | [align] session_zscore         deepconvnet single_sub-004_ses01-to-ses03 seed=3 acc=0.4900 (ntr=160 nval=40 nte=200)
2026-06-09 03:41:33 | INFO    | train_session_alignment | [align] session_zscore         deepconvnet single_sub-004_ses02-to-ses01 seed=3 acc=0.4950 (ntr=160 nval=40 nte=200)
2026-06-09 03:41:38 | INFO    | train_session_alignment | [align] session_zscore         deepconvnet single_sub-004_ses02-to-ses03 seed=3 acc=0.4850 (ntr=160 nval=40 nte=200)
2026-06-09 03:41:46 | INFO    | train_session_alignment | [align] session_zscore         deepconvnet single_sub-004_ses03-to-ses01 seed=3 acc=0.4450 (ntr=160 nval=40 nte=200)
2026-06-09 03:41:53 | INFO    | train_session_alignment | [align] session_zscore         deepconvnet single_sub-004_ses03-to-ses02 seed=3 acc=0.5100 (ntr=160 nval=40 nte=200)
2026-06-09 03:42:05 | INFO    | train_session_alignment | [align] session_zscore         deepconvnet single_sub-005_ses01-to-ses02 seed=3 acc=0.8750 (ntr=160 nval=40 nte=200)
2026-06-09 03:42:18 | INFO    | train_session_alignment | [align] session_zscore         deepconvnet single_sub-005_ses01-to-ses03 seed=3 acc=0.6150 (ntr=160 nval=40 nte=200)
2026-06-09 03:42:25 | INFO    | train_session_alignment | [align] session_zscore         deepconvnet single_sub-005_ses02-to-ses01 seed=3 acc=0.6900 (ntr=160 nval=40 nte=200)
2026-06-09 03:42:33 | INFO    | train_session_alignment | [align] session_zscore         deepconvnet single_sub-005_ses02-to-ses03 seed=3 acc=0.4950 (ntr=160 nval=40 nte=200)
2026-06-09 03:42:38 | INFO    | train_session_alignment | [align] session_zscore         deepconvnet single_sub-005_ses03-to-ses01 seed=3 acc=0.5950 (ntr=160 nval=40 nte=200)
2026-06-09 03:42:44 | INFO    | train_session_alignment | [align] session_zscore         deepconvnet single_sub-005_ses03-to-ses02 seed=3 acc=0.5800 (ntr=160 nval=40 nte=200)
2026-06-09 03:42:57 | INFO    | train_session_alignment | [align] session_zscore         deepconvnet single_sub-006_ses01-to-ses02 seed=3 acc=0.8900 (ntr=160 nval=40 nte=200)
2026-06-09 03:43:11 | INFO    | train_session_alignment | [align] session_zscore         deepconvnet single_sub-006_ses01-to-ses03 seed=3 acc=0.9100 (ntr=160 nval=40 nte=200)
2026-06-09 03:43:19 | INFO    | train_session_alignment | [align] session_zscore         deepconvnet single_sub-006_ses02-to-ses01 seed=3 acc=0.7700 (ntr=160 nval=40 nte=200)
2026-06-09 03:43:26 | INFO    | train_session_alignment | [align] session_zscore         deepconvnet single_sub-006_ses02-to-ses03 seed=3 acc=0.8050 (ntr=160 nval=40 nte=200)
2026-06-09 03:43:34 | INFO    | train_session_alignment | [align] session_zscore         deepconvnet single_sub-006_ses03-to-ses01 seed=3 acc=0.8800 (ntr=160 nval=40 nte=200)
2026-06-09 03:43:42 | INFO    | train_session_alignment | [align] session_zscore         deepconvnet single_sub-006_ses03-to-ses02 seed=3 acc=0.8500 (ntr=160 nval=40 nte=200)
2026-06-09 03:43:50 | INFO    | train_session_alignment | [align] session_zscore         deepconvnet single_sub-007_ses01-to-ses02 seed=3 acc=0.7400 (ntr=160 nval=40 nte=200)
2026-06-09 03:43:58 | INFO    | train_session_alignment | [align] session_zscore         deepconvnet single_sub-007_ses01-to-ses03 seed=3 acc=0.8450 (ntr=160 nval=40 nte=200)
2026-06-09 03:44:04 | INFO    | train_session_alignment | [align] session_zscore         deepconvnet single_sub-007_ses02-to-ses01 seed=3 acc=0.6450 (ntr=160 nval=40 nte=200)
2026-06-09 03:44:09 | INFO    | train_session_alignment | [align] session_zscore         deepconvnet single_sub-007_ses02-to-ses03 seed=3 acc=0.8750 (ntr=160 nval=40 nte=200)
2026-06-09 03:44:16 | INFO    | train_session_alignment | [align] session_zscore         deepconvnet single_sub-007_ses03-to-ses01 seed=3 acc=0.6150 (ntr=160 nval=40 nte=200)
2026-06-09 03:44:23 | INFO    | train_session_alignment | [align] session_zscore         deepconvnet single_sub-007_ses03-to-ses02 seed=3 acc=0.6850 (ntr=160 nval=40 nte=200)
2026-06-09 03:44:29 | INFO    | train_session_alignment | [align] session_zscore         deepconvnet single_sub-008_ses01-to-ses02 seed=3 acc=0.6000 (ntr=160 nval=40 nte=200)
2026-06-09 03:44:35 | INFO    | train_session_alignment | [align] session_zscore         deepconvnet single_sub-008_ses01-to-ses03 seed=3 acc=0.5750 (ntr=160 nval=40 nte=200)
2026-06-09 03:44:48 | INFO    | train_session_alignment | [align] session_zscore         deepconvnet single_sub-008_ses02-to-ses01 seed=3 acc=0.6400 (ntr=160 nval=40 nte=200)
2026-06-09 03:45:02 | INFO    | train_session_alignment | [align] session_zscore         deepconvnet single_sub-008_ses02-to-ses03 seed=3 acc=0.6550 (ntr=160 nval=40 nte=200)
2026-06-09 03:45:11 | INFO    | train_session_alignment | [align] session_zscore         deepconvnet single_sub-008_ses03-to-ses01 seed=3 acc=0.5350 (ntr=160 nval=40 nte=200)
2026-06-09 03:45:21 | INFO    | train_session_alignment | [align] session_zscore         deepconvnet single_sub-008_ses03-to-ses02 seed=3 acc=0.5850 (ntr=160 nval=40 nte=200)
2026-06-09 03:45:31 | INFO    | train_session_alignment | [align] session_zscore         deepconvnet single_sub-009_ses01-to-ses02 seed=3 acc=0.7200 (ntr=160 nval=40 nte=200)
2026-06-09 03:45:41 | INFO    | train_session_alignment | [align] session_zscore         deepconvnet single_sub-009_ses01-to-ses03 seed=3 acc=0.6100 (ntr=160 nval=40 nte=200)
2026-06-09 03:45:48 | INFO    | train_session_alignment | [align] session_zscore         deepconvnet single_sub-009_ses02-to-ses01 seed=3 acc=0.6700 (ntr=160 nval=40 nte=200)
2026-06-09 03:45:54 | INFO    | train_session_alignment | [align] session_zscore         deepconvnet single_sub-009_ses02-to-ses03 seed=3 acc=0.5600 (ntr=160 nval=40 nte=200)
2026-06-09 03:45:59 | INFO    | train_session_alignment | [align] session_zscore         deepconvnet single_sub-009_ses03-to-ses01 seed=3 acc=0.5450 (ntr=160 nval=40 nte=200)
2026-06-09 03:46:04 | INFO    | train_session_alignment | [align] session_zscore         deepconvnet single_sub-009_ses03-to-ses02 seed=3 acc=0.6600 (ntr=160 nval=40 nte=200)
2026-06-09 03:46:10 | INFO    | train_session_alignment | [align] session_zscore         deepconvnet single_sub-010_ses01-to-ses02 seed=3 acc=0.5450 (ntr=160 nval=40 nte=200)
2026-06-09 03:46:15 | INFO    | train_session_alignment | [align] session_zscore         deepconvnet single_sub-010_ses01-to-ses03 seed=3 acc=0.5000 (ntr=160 nval=40 nte=200)
2026-06-09 03:46:21 | INFO    | train_session_alignment | [align] session_zscore         deepconvnet single_sub-010_ses02-to-ses01 seed=3 acc=0.7300 (ntr=160 nval=40 nte=200)
2026-06-09 03:46:28 | INFO    | train_session_alignment | [align] session_zscore         deepconvnet single_sub-010_ses02-to-ses03 seed=3 acc=0.5300 (ntr=160 nval=40 nte=200)
2026-06-09 03:46:33 | INFO    | train_session_alignment | [align] session_zscore         deepconvnet single_sub-010_ses03-to-ses01 seed=3 acc=0.5550 (ntr=160 nval=40 nte=200)
2026-06-09 03:46:39 | INFO    | train_session_alignment | [align] session_zscore         deepconvnet single_sub-010_ses03-to-ses02 seed=3 acc=0.5000 (ntr=160 nval=40 nte=200)
2026-06-09 03:46:44 | INFO    | train_session_alignment | [align] session_zscore         deepconvnet single_sub-011_ses01-to-ses02 seed=3 acc=0.5000 (ntr=160 nval=40 nte=200)
2026-06-09 03:46:49 | INFO    | train_session_alignment | [align] session_zscore         deepconvnet single_sub-011_ses01-to-ses03 seed=3 acc=0.8950 (ntr=160 nval=40 nte=200)
2026-06-09 03:46:54 | INFO    | train_session_alignment | [align] session_zscore         deepconvnet single_sub-011_ses02-to-ses01 seed=3 acc=0.6800 (ntr=160 nval=40 nte=200)
2026-06-09 03:46:59 | INFO    | train_session_alignment | [align] session_zscore         deepconvnet single_sub-011_ses02-to-ses03 seed=3 acc=0.5950 (ntr=160 nval=40 nte=200)
2026-06-09 03:47:04 | INFO    | train_session_alignment | [align] session_zscore         deepconvnet single_sub-011_ses03-to-ses01 seed=3 acc=0.9050 (ntr=160 nval=40 nte=200)
2026-06-09 03:47:10 | INFO    | train_session_alignment | [align] session_zscore         deepconvnet single_sub-011_ses03-to-ses02 seed=3 acc=0.6300 (ntr=160 nval=40 nte=200)
2026-06-09 03:47:14 | INFO    | train_session_alignment | [align] session_zscore         deepconvnet single_sub-012_ses01-to-ses02 seed=3 acc=0.4800 (ntr=160 nval=40 nte=200)
2026-06-09 03:47:19 | INFO    | train_session_alignment | [align] session_zscore         deepconvnet single_sub-012_ses01-to-ses03 seed=3 acc=0.5100 (ntr=160 nval=40 nte=200)
2026-06-09 03:47:24 | INFO    | train_session_alignment | [align] session_zscore         deepconvnet single_sub-012_ses02-to-ses01 seed=3 acc=0.5300 (ntr=160 nval=40 nte=200)
2026-06-09 03:47:29 | INFO    | train_session_alignment | [align] session_zscore         deepconvnet single_sub-012_ses02-to-ses03 seed=3 acc=0.4700 (ntr=160 nval=40 nte=200)
2026-06-09 03:47:35 | INFO    | train_session_alignment | [align] session_zscore         deepconvnet single_sub-012_ses03-to-ses01 seed=3 acc=0.5200 (ntr=160 nval=40 nte=200)
2026-06-09 03:47:41 | INFO    | train_session_alignment | [align] session_zscore         deepconvnet single_sub-012_ses03-to-ses02 seed=3 acc=0.5050 (ntr=160 nval=40 nte=200)
2026-06-09 03:47:46 | INFO    | train_session_alignment | [align] session_zscore         deepconvnet single_sub-013_ses01-to-ses02 seed=3 acc=0.6350 (ntr=160 nval=40 nte=200)
2026-06-09 03:47:51 | INFO    | train_session_alignment | [align] session_zscore         deepconvnet single_sub-013_ses01-to-ses03 seed=3 acc=0.7550 (ntr=160 nval=40 nte=200)
2026-06-09 03:48:00 | INFO    | train_session_alignment | [align] session_zscore         deepconvnet single_sub-013_ses02-to-ses01 seed=3 acc=0.5950 (ntr=160 nval=40 nte=200)
2026-06-09 03:48:10 | INFO    | train_session_alignment | [align] session_zscore         deepconvnet single_sub-013_ses02-to-ses03 seed=3 acc=0.7750 (ntr=160 nval=40 nte=200)
2026-06-09 03:48:15 | INFO    | train_session_alignment | [align] session_zscore         deepconvnet single_sub-013_ses03-to-ses01 seed=3 acc=0.6900 (ntr=160 nval=40 nte=200)
2026-06-09 03:48:21 | INFO    | train_session_alignment | [align] session_zscore         deepconvnet single_sub-013_ses03-to-ses02 seed=3 acc=0.7650 (ntr=160 nval=40 nte=200)
2026-06-09 03:48:26 | INFO    | train_session_alignment | [align] session_zscore         deepconvnet single_sub-014_ses01-to-ses02 seed=3 acc=0.4900 (ntr=160 nval=40 nte=200)
2026-06-09 03:48:31 | INFO    | train_session_alignment | [align] session_zscore         deepconvnet single_sub-014_ses01-to-ses03 seed=3 acc=0.5750 (ntr=160 nval=40 nte=200)
2026-06-09 03:48:36 | INFO    | train_session_alignment | [align] session_zscore         deepconvnet single_sub-014_ses02-to-ses01 seed=3 acc=0.4650 (ntr=160 nval=40 nte=200)
2026-06-09 03:48:42 | INFO    | train_session_alignment | [align] session_zscore         deepconvnet single_sub-014_ses02-to-ses03 seed=3 acc=0.4450 (ntr=160 nval=40 nte=200)
2026-06-09 03:48:51 | INFO    | train_session_alignment | [align] session_zscore         deepconvnet single_sub-014_ses03-to-ses01 seed=3 acc=0.5450 (ntr=160 nval=40 nte=200)
2026-06-09 03:49:01 | INFO    | train_session_alignment | [align] session_zscore         deepconvnet single_sub-014_ses03-to-ses02 seed=3 acc=0.5300 (ntr=160 nval=40 nte=200)
2026-06-09 03:49:07 | INFO    | train_session_alignment | [align] session_zscore         deepconvnet single_sub-015_ses01-to-ses02 seed=3 acc=0.5450 (ntr=160 nval=40 nte=200)
2026-06-09 03:49:13 | INFO    | train_session_alignment | [align] session_zscore         deepconvnet single_sub-015_ses01-to-ses03 seed=3 acc=0.5250 (ntr=160 nval=40 nte=200)
2026-06-09 03:49:19 | INFO    | train_session_alignment | [align] session_zscore         deepconvnet single_sub-015_ses02-to-ses01 seed=3 acc=0.6050 (ntr=160 nval=40 nte=200)
2026-06-09 03:49:24 | INFO    | train_session_alignment | [align] session_zscore         deepconvnet single_sub-015_ses02-to-ses03 seed=3 acc=0.6250 (ntr=160 nval=40 nte=200)
2026-06-09 03:49:34 | INFO    | train_session_alignment | [align] session_zscore         deepconvnet single_sub-015_ses03-to-ses01 seed=3 acc=0.6500 (ntr=160 nval=40 nte=200)
2026-06-09 03:49:44 | INFO    | train_session_alignment | [align] session_zscore         deepconvnet single_sub-015_ses03-to-ses02 seed=3 acc=0.6700 (ntr=160 nval=40 nte=200)
2026-06-09 03:49:51 | INFO    | train_session_alignment | [align] session_zscore         deepconvnet single_sub-016_ses01-to-ses02 seed=3 acc=0.4650 (ntr=160 nval=40 nte=200)
2026-06-09 03:49:59 | INFO    | train_session_alignment | [align] session_zscore         deepconvnet single_sub-016_ses01-to-ses03 seed=3 acc=0.5000 (ntr=160 nval=40 nte=200)
2026-06-09 03:50:04 | INFO    | train_session_alignment | [align] session_zscore         deepconvnet single_sub-016_ses02-to-ses01 seed=3 acc=0.4900 (ntr=160 nval=40 nte=200)
2026-06-09 03:50:09 | INFO    | train_session_alignment | [align] session_zscore         deepconvnet single_sub-016_ses02-to-ses03 seed=3 acc=0.5350 (ntr=160 nval=40 nte=200)
2026-06-09 03:50:14 | INFO    | train_session_alignment | [align] session_zscore         deepconvnet single_sub-016_ses03-to-ses01 seed=3 acc=0.4900 (ntr=160 nval=40 nte=200)
2026-06-09 03:50:19 | INFO    | train_session_alignment | [align] session_zscore         deepconvnet single_sub-016_ses03-to-ses02 seed=3 acc=0.5600 (ntr=160 nval=40 nte=200)
2026-06-09 03:50:26 | INFO    | train_session_alignment | [align] session_zscore         deepconvnet single_sub-017_ses01-to-ses02 seed=3 acc=0.7000 (ntr=160 nval=40 nte=200)
2026-06-09 03:50:33 | INFO    | train_session_alignment | [align] session_zscore         deepconvnet single_sub-017_ses01-to-ses03 seed=3 acc=0.5950 (ntr=160 nval=40 nte=200)
2026-06-09 03:50:38 | INFO    | train_session_alignment | [align] session_zscore         deepconvnet single_sub-017_ses02-to-ses01 seed=3 acc=0.5050 (ntr=160 nval=40 nte=200)
2026-06-09 03:50:43 | INFO    | train_session_alignment | [align] session_zscore         deepconvnet single_sub-017_ses02-to-ses03 seed=3 acc=0.6650 (ntr=160 nval=40 nte=200)
2026-06-09 03:50:49 | INFO    | train_session_alignment | [align] session_zscore         deepconvnet single_sub-017_ses03-to-ses01 seed=3 acc=0.5900 (ntr=160 nval=40 nte=200)
2026-06-09 03:50:54 | INFO    | train_session_alignment | [align] session_zscore         deepconvnet single_sub-017_ses03-to-ses02 seed=3 acc=0.6950 (ntr=160 nval=40 nte=200)
2026-06-09 03:51:01 | INFO    | train_session_alignment | [align] session_zscore         deepconvnet single_sub-018_ses01-to-ses02 seed=3 acc=0.6900 (ntr=160 nval=40 nte=200)
2026-06-09 03:51:07 | INFO    | train_session_alignment | [align] session_zscore         deepconvnet single_sub-018_ses01-to-ses03 seed=3 acc=0.6300 (ntr=160 nval=40 nte=200)
2026-06-09 03:51:12 | INFO    | train_session_alignment | [align] session_zscore         deepconvnet single_sub-018_ses02-to-ses01 seed=3 acc=0.5200 (ntr=160 nval=40 nte=200)
2026-06-09 03:51:17 | INFO    | train_session_alignment | [align] session_zscore         deepconvnet single_sub-018_ses02-to-ses03 seed=3 acc=0.5000 (ntr=160 nval=40 nte=200)
2026-06-09 03:51:22 | INFO    | train_session_alignment | [align] session_zscore         deepconvnet single_sub-018_ses03-to-ses01 seed=3 acc=0.5000 (ntr=160 nval=40 nte=200)
2026-06-09 03:51:27 | INFO    | train_session_alignment | [align] session_zscore         deepconvnet single_sub-018_ses03-to-ses02 seed=3 acc=0.5100 (ntr=160 nval=40 nte=200)
2026-06-09 03:51:36 | INFO    | train_session_alignment | [align] session_zscore         deepconvnet single_sub-019_ses01-to-ses02 seed=3 acc=0.5250 (ntr=160 nval=40 nte=200)
2026-06-09 03:51:44 | INFO    | train_session_alignment | [align] session_zscore         deepconvnet single_sub-019_ses01-to-ses03 seed=3 acc=0.6700 (ntr=160 nval=40 nte=200)
2026-06-09 03:51:50 | INFO    | train_session_alignment | [align] session_zscore         deepconvnet single_sub-019_ses02-to-ses01 seed=3 acc=0.5250 (ntr=160 nval=40 nte=200)
2026-06-09 03:51:56 | INFO    | train_session_alignment | [align] session_zscore         deepconvnet single_sub-019_ses02-to-ses03 seed=3 acc=0.8200 (ntr=160 nval=40 nte=200)
2026-06-09 03:52:03 | INFO    | train_session_alignment | [align] session_zscore         deepconvnet single_sub-019_ses03-to-ses01 seed=3 acc=0.5300 (ntr=160 nval=40 nte=200)
2026-06-09 03:52:11 | INFO    | train_session_alignment | [align] session_zscore         deepconvnet single_sub-019_ses03-to-ses02 seed=3 acc=0.6850 (ntr=160 nval=40 nte=200)
2026-06-09 03:52:23 | INFO    | train_session_alignment | [align] session_zscore         deepconvnet single_sub-020_ses01-to-ses02 seed=3 acc=0.8700 (ntr=160 nval=40 nte=200)
2026-06-09 03:52:36 | INFO    | train_session_alignment | [align] session_zscore         deepconvnet single_sub-020_ses01-to-ses03 seed=3 acc=0.6150 (ntr=160 nval=40 nte=200)
2026-06-09 03:52:46 | INFO    | train_session_alignment | [align] session_zscore         deepconvnet single_sub-020_ses02-to-ses01 seed=3 acc=0.6050 (ntr=160 nval=40 nte=200)
2026-06-09 03:52:57 | INFO    | train_session_alignment | [align] session_zscore         deepconvnet single_sub-020_ses02-to-ses03 seed=3 acc=0.5900 (ntr=160 nval=40 nte=200)
2026-06-09 03:53:11 | INFO    | train_session_alignment | [align] session_zscore         deepconvnet single_sub-020_ses03-to-ses01 seed=3 acc=0.4850 (ntr=160 nval=40 nte=200)
2026-06-09 03:53:26 | INFO    | train_session_alignment | [align] session_zscore         deepconvnet single_sub-020_ses03-to-ses02 seed=3 acc=0.4550 (ntr=160 nval=40 nte=200)
2026-06-09 03:53:44 | INFO    | train_session_alignment | [align] session_zscore         deepconvnet single_sub-021_ses01-to-ses02 seed=3 acc=0.7100 (ntr=160 nval=40 nte=200)
2026-06-09 03:54:03 | INFO    | train_session_alignment | [align] session_zscore         deepconvnet single_sub-021_ses01-to-ses03 seed=3 acc=0.6800 (ntr=160 nval=40 nte=200)
2026-06-09 03:54:19 | INFO    | train_session_alignment | [align] session_zscore         deepconvnet single_sub-021_ses02-to-ses01 seed=3 acc=0.8150 (ntr=160 nval=40 nte=200)
2026-06-09 03:54:34 | INFO    | train_session_alignment | [align] session_zscore         deepconvnet single_sub-021_ses02-to-ses03 seed=3 acc=0.7550 (ntr=160 nval=40 nte=200)
2026-06-09 03:54:39 | INFO    | train_session_alignment | [align] session_zscore         deepconvnet single_sub-021_ses03-to-ses01 seed=3 acc=0.5850 (ntr=160 nval=40 nte=200)
2026-06-09 03:54:44 | INFO    | train_session_alignment | [align] session_zscore         deepconvnet single_sub-021_ses03-to-ses02 seed=3 acc=0.5100 (ntr=160 nval=40 nte=200)
2026-06-09 03:54:49 | INFO    | train_session_alignment | [align] session_zscore         deepconvnet single_sub-022_ses01-to-ses02 seed=3 acc=0.4750 (ntr=160 nval=40 nte=200)
2026-06-09 03:54:54 | INFO    | train_session_alignment | [align] session_zscore         deepconvnet single_sub-022_ses01-to-ses03 seed=3 acc=0.5300 (ntr=160 nval=40 nte=200)
2026-06-09 03:55:07 | INFO    | train_session_alignment | [align] session_zscore         deepconvnet single_sub-022_ses02-to-ses01 seed=3 acc=0.5050 (ntr=160 nval=40 nte=200)
2026-06-09 03:55:20 | INFO    | train_session_alignment | [align] session_zscore         deepconvnet single_sub-022_ses02-to-ses03 seed=3 acc=0.6950 (ntr=160 nval=40 nte=200)
2026-06-09 03:55:31 | INFO    | train_session_alignment | [align] session_zscore         deepconvnet single_sub-022_ses03-to-ses01 seed=3 acc=0.5950 (ntr=160 nval=40 nte=200)
2026-06-09 03:55:42 | INFO    | train_session_alignment | [align] session_zscore         deepconvnet single_sub-022_ses03-to-ses02 seed=3 acc=0.6000 (ntr=160 nval=40 nte=200)
2026-06-09 03:55:55 | INFO    | train_session_alignment | [align] session_zscore         deepconvnet single_sub-023_ses02-to-ses03 seed=3 acc=0.8200 (ntr=160 nval=40 nte=200)
2026-06-09 03:56:04 | INFO    | train_session_alignment | [align] session_zscore         deepconvnet single_sub-023_ses03-to-ses02 seed=3 acc=0.6300 (ntr=160 nval=40 nte=200)
2026-06-09 03:56:09 | INFO    | train_session_alignment | [align] session_zscore         deepconvnet single_sub-025_ses01-to-ses02 seed=3 acc=0.8700 (ntr=160 nval=40 nte=200)
2026-06-09 03:56:14 | INFO    | train_session_alignment | [align] session_zscore         deepconvnet single_sub-025_ses01-to-ses03 seed=3 acc=0.8500 (ntr=160 nval=40 nte=200)
2026-06-09 03:56:23 | INFO    | train_session_alignment | [align] session_zscore         deepconvnet single_sub-025_ses02-to-ses01 seed=3 acc=0.8650 (ntr=160 nval=40 nte=200)
2026-06-09 03:56:31 | INFO    | train_session_alignment | [align] session_zscore         deepconvnet single_sub-025_ses02-to-ses03 seed=3 acc=0.8350 (ntr=160 nval=40 nte=200)
2026-06-09 03:56:40 | INFO    | train_session_alignment | [align] session_zscore         deepconvnet single_sub-025_ses03-to-ses01 seed=3 acc=0.7300 (ntr=160 nval=40 nte=200)
2026-06-09 03:56:49 | INFO    | train_session_alignment | [align] session_zscore         deepconvnet single_sub-025_ses03-to-ses02 seed=3 acc=0.8650 (ntr=160 nval=40 nte=200)
2026-06-09 03:56:54 | INFO    | train_session_alignment | [align] session_zscore         deepconvnet single_sub-026_ses02-to-ses03 seed=3 acc=0.7750 (ntr=160 nval=40 nte=200)
2026-06-09 03:57:00 | INFO    | train_session_alignment | [align] session_zscore         deepconvnet single_sub-026_ses03-to-ses02 seed=3 acc=0.8650 (ntr=160 nval=40 nte=200)
2026-06-09 03:57:05 | INFO    | train_session_alignment | [align] session_zscore         deepconvnet single_sub-027_ses01-to-ses02 seed=3 acc=0.5700 (ntr=160 nval=40 nte=200)
2026-06-09 03:57:11 | INFO    | train_session_alignment | [align] session_zscore         deepconvnet single_sub-027_ses01-to-ses03 seed=3 acc=0.6850 (ntr=160 nval=40 nte=200)
2026-06-09 03:57:18 | INFO    | train_session_alignment | [align] session_zscore         deepconvnet single_sub-027_ses02-to-ses01 seed=3 acc=0.6000 (ntr=160 nval=40 nte=200)
2026-06-09 03:57:25 | INFO    | train_session_alignment | [align] session_zscore         deepconvnet single_sub-027_ses02-to-ses03 seed=3 acc=0.6650 (ntr=160 nval=40 nte=200)
2026-06-09 03:57:32 | INFO    | train_session_alignment | [align] session_zscore         deepconvnet single_sub-027_ses03-to-ses01 seed=3 acc=0.6100 (ntr=160 nval=40 nte=200)
2026-06-09 03:57:40 | INFO    | train_session_alignment | [align] session_zscore         deepconvnet single_sub-027_ses03-to-ses02 seed=3 acc=0.5800 (ntr=160 nval=40 nte=200)
2026-06-09 03:57:51 | INFO    | train_session_alignment | [align] session_zscore         deepconvnet single_sub-028_ses01-to-ses02 seed=3 acc=0.6900 (ntr=160 nval=40 nte=200)
2026-06-09 03:58:03 | INFO    | train_session_alignment | [align] session_zscore         deepconvnet single_sub-028_ses01-to-ses03 seed=3 acc=0.5000 (ntr=160 nval=40 nte=200)
2026-06-09 03:58:14 | INFO    | train_session_alignment | [align] session_zscore         deepconvnet single_sub-028_ses02-to-ses01 seed=3 acc=0.7250 (ntr=160 nval=40 nte=200)
2026-06-09 03:58:25 | INFO    | train_session_alignment | [align] session_zscore         deepconvnet single_sub-028_ses02-to-ses03 seed=3 acc=0.5550 (ntr=160 nval=40 nte=200)
2026-06-09 03:58:31 | INFO    | train_session_alignment | [align] session_zscore         deepconvnet single_sub-028_ses03-to-ses01 seed=3 acc=0.5350 (ntr=160 nval=40 nte=200)
2026-06-09 03:58:36 | INFO    | train_session_alignment | [align] session_zscore         deepconvnet single_sub-028_ses03-to-ses02 seed=3 acc=0.5650 (ntr=160 nval=40 nte=200)
2026-06-09 03:58:51 | INFO    | train_session_alignment | [align] session_zscore         deepconvnet single_sub-029_ses01-to-ses02 seed=3 acc=0.3950 (ntr=160 nval=40 nte=200)
2026-06-09 03:59:06 | INFO    | train_session_alignment | [align] session_zscore         deepconvnet single_sub-029_ses01-to-ses03 seed=3 acc=0.3900 (ntr=160 nval=40 nte=200)
2026-06-09 03:59:14 | INFO    | train_session_alignment | [align] session_zscore         deepconvnet single_sub-029_ses02-to-ses01 seed=3 acc=0.3750 (ntr=160 nval=40 nte=200)
2026-06-09 03:59:23 | INFO    | train_session_alignment | [align] session_zscore         deepconvnet single_sub-029_ses02-to-ses03 seed=3 acc=0.9600 (ntr=160 nval=40 nte=200)
2026-06-09 03:59:43 | INFO    | train_session_alignment | [align] session_zscore         deepconvnet single_sub-029_ses03-to-ses01 seed=3 acc=0.4350 (ntr=160 nval=40 nte=200)
2026-06-09 04:00:03 | INFO    | train_session_alignment | [align] session_zscore         deepconvnet single_sub-029_ses03-to-ses02 seed=3 acc=0.8900 (ntr=160 nval=40 nte=200)
2026-06-09 04:00:19 | INFO    | train_session_alignment | [align] session_zscore         deepconvnet single_sub-030_ses01-to-ses02 seed=3 acc=0.8650 (ntr=160 nval=40 nte=200)
2026-06-09 04:00:36 | INFO    | train_session_alignment | [align] session_zscore         deepconvnet single_sub-030_ses01-to-ses03 seed=3 acc=0.8300 (ntr=160 nval=40 nte=200)
2026-06-09 04:00:43 | INFO    | train_session_alignment | [align] session_zscore         deepconvnet single_sub-030_ses02-to-ses01 seed=3 acc=0.5050 (ntr=160 nval=40 nte=200)
2026-06-09 04:00:50 | INFO    | train_session_alignment | [align] session_zscore         deepconvnet single_sub-030_ses02-to-ses03 seed=3 acc=0.8600 (ntr=160 nval=40 nte=200)
2026-06-09 04:00:59 | INFO    | train_session_alignment | [align] session_zscore         deepconvnet single_sub-030_ses03-to-ses01 seed=3 acc=0.5000 (ntr=160 nval=40 nte=200)
2026-06-09 04:01:08 | INFO    | train_session_alignment | [align] session_zscore         deepconvnet single_sub-030_ses03-to-ses02 seed=3 acc=0.8200 (ntr=160 nval=40 nte=200)
2026-06-09 04:01:13 | INFO    | train_session_alignment | [align] session_zscore         deepconvnet single_sub-031_ses01-to-ses02 seed=3 acc=0.6700 (ntr=160 nval=40 nte=200)
2026-06-09 04:01:19 | INFO    | train_session_alignment | [align] session_zscore         deepconvnet single_sub-031_ses01-to-ses03 seed=3 acc=0.6400 (ntr=160 nval=40 nte=200)
2026-06-09 04:01:24 | INFO    | train_session_alignment | [align] session_zscore         deepconvnet single_sub-031_ses02-to-ses01 seed=3 acc=0.6800 (ntr=160 nval=40 nte=200)
2026-06-09 04:01:30 | INFO    | train_session_alignment | [align] session_zscore         deepconvnet single_sub-031_ses02-to-ses03 seed=3 acc=0.6000 (ntr=160 nval=40 nte=200)
2026-06-09 04:01:37 | INFO    | train_session_alignment | [align] session_zscore         deepconvnet single_sub-031_ses03-to-ses01 seed=3 acc=0.7150 (ntr=160 nval=40 nte=200)
2026-06-09 04:01:44 | INFO    | train_session_alignment | [align] session_zscore         deepconvnet single_sub-031_ses03-to-ses02 seed=3 acc=0.8200 (ntr=160 nval=40 nte=200)
2026-06-09 04:01:50 | INFO    | train_session_alignment | [align] session_zscore         deepconvnet single_sub-032_ses01-to-ses03 seed=3 acc=0.5700 (ntr=160 nval=40 nte=200)
2026-06-09 04:01:59 | INFO    | train_session_alignment | [align] session_zscore         deepconvnet single_sub-032_ses03-to-ses01 seed=3 acc=0.5850 (ntr=160 nval=40 nte=200)
2026-06-09 04:02:09 | INFO    | train_session_alignment | [align] session_zscore         deepconvnet single_sub-033_ses01-to-ses02 seed=3 acc=0.8100 (ntr=160 nval=40 nte=200)
2026-06-09 04:02:18 | INFO    | train_session_alignment | [align] session_zscore         deepconvnet single_sub-033_ses01-to-ses03 seed=3 acc=0.8300 (ntr=160 nval=40 nte=200)
2026-06-09 04:02:31 | INFO    | train_session_alignment | [align] session_zscore         deepconvnet single_sub-033_ses02-to-ses01 seed=3 acc=0.8000 (ntr=160 nval=40 nte=200)
2026-06-09 04:02:43 | INFO    | train_session_alignment | [align] session_zscore         deepconvnet single_sub-033_ses02-to-ses03 seed=3 acc=0.7500 (ntr=160 nval=40 nte=200)
2026-06-09 04:02:54 | INFO    | train_session_alignment | [align] session_zscore         deepconvnet single_sub-033_ses03-to-ses01 seed=3 acc=0.8550 (ntr=160 nval=40 nte=200)
2026-06-09 04:03:04 | INFO    | train_session_alignment | [align] session_zscore         deepconvnet single_sub-033_ses03-to-ses02 seed=3 acc=0.8400 (ntr=160 nval=40 nte=200)
2026-06-09 04:03:12 | INFO    | train_session_alignment | [align] session_zscore         deepconvnet single_sub-034_ses01-to-ses02 seed=3 acc=0.8400 (ntr=160 nval=40 nte=200)
2026-06-09 04:03:20 | INFO    | train_session_alignment | [align] session_zscore         deepconvnet single_sub-034_ses01-to-ses03 seed=3 acc=0.7550 (ntr=160 nval=40 nte=200)
2026-06-09 04:03:26 | INFO    | train_session_alignment | [align] session_zscore         deepconvnet single_sub-034_ses02-to-ses01 seed=3 acc=0.6950 (ntr=160 nval=40 nte=200)
2026-06-09 04:03:32 | INFO    | train_session_alignment | [align] session_zscore         deepconvnet single_sub-034_ses02-to-ses03 seed=3 acc=0.8600 (ntr=160 nval=40 nte=200)
2026-06-09 04:03:50 | INFO    | train_session_alignment | [align] session_zscore         deepconvnet single_sub-034_ses03-to-ses01 seed=3 acc=0.7050 (ntr=160 nval=40 nte=200)
2026-06-09 04:04:08 | INFO    | train_session_alignment | [align] session_zscore         deepconvnet single_sub-034_ses03-to-ses02 seed=3 acc=0.9250 (ntr=160 nval=40 nte=200)
2026-06-09 04:04:24 | INFO    | train_session_alignment | [align] session_zscore         deepconvnet single_sub-035_ses01-to-ses02 seed=3 acc=0.9550 (ntr=160 nval=40 nte=200)
2026-06-09 04:04:39 | INFO    | train_session_alignment | [align] session_zscore         deepconvnet single_sub-035_ses01-to-ses03 seed=3 acc=0.8900 (ntr=160 nval=40 nte=200)
2026-06-09 04:04:48 | INFO    | train_session_alignment | [align] session_zscore         deepconvnet single_sub-035_ses02-to-ses01 seed=3 acc=0.9450 (ntr=160 nval=40 nte=200)
2026-06-09 04:04:57 | INFO    | train_session_alignment | [align] session_zscore         deepconvnet single_sub-035_ses02-to-ses03 seed=3 acc=0.8450 (ntr=160 nval=40 nte=200)
2026-06-09 04:05:17 | INFO    | train_session_alignment | [align] session_zscore         deepconvnet single_sub-035_ses03-to-ses01 seed=3 acc=0.9750 (ntr=160 nval=40 nte=200)
2026-06-09 04:05:37 | INFO    | train_session_alignment | [align] session_zscore         deepconvnet single_sub-035_ses03-to-ses02 seed=3 acc=0.9650 (ntr=160 nval=40 nte=200)
2026-06-09 04:05:52 | INFO    | train_session_alignment | [align] session_zscore         deepconvnet single_sub-036_ses01-to-ses02 seed=3 acc=0.8900 (ntr=160 nval=40 nte=200)
2026-06-09 04:06:08 | INFO    | train_session_alignment | [align] session_zscore         deepconvnet single_sub-036_ses01-to-ses03 seed=3 acc=0.9600 (ntr=160 nval=40 nte=200)
2026-06-09 04:06:27 | INFO    | train_session_alignment | [align] session_zscore         deepconvnet single_sub-036_ses02-to-ses01 seed=3 acc=0.8700 (ntr=160 nval=40 nte=200)
2026-06-09 04:06:46 | INFO    | train_session_alignment | [align] session_zscore         deepconvnet single_sub-036_ses02-to-ses03 seed=3 acc=0.9750 (ntr=160 nval=40 nte=200)
2026-06-09 04:06:52 | INFO    | train_session_alignment | [align] session_zscore         deepconvnet single_sub-036_ses03-to-ses01 seed=3 acc=0.7650 (ntr=160 nval=40 nte=200)
2026-06-09 04:06:57 | INFO    | train_session_alignment | [align] session_zscore         deepconvnet single_sub-036_ses03-to-ses02 seed=3 acc=0.8700 (ntr=160 nval=40 nte=200)
2026-06-09 04:07:08 | INFO    | train_session_alignment | [align] session_zscore         deepconvnet single_sub-037_ses01-to-ses02 seed=3 acc=0.9000 (ntr=160 nval=40 nte=200)
2026-06-09 04:07:20 | INFO    | train_session_alignment | [align] session_zscore         deepconvnet single_sub-037_ses01-to-ses03 seed=3 acc=0.8700 (ntr=160 nval=40 nte=200)
2026-06-09 04:07:27 | INFO    | train_session_alignment | [align] session_zscore         deepconvnet single_sub-037_ses02-to-ses01 seed=3 acc=0.8050 (ntr=160 nval=40 nte=200)
2026-06-09 04:07:35 | INFO    | train_session_alignment | [align] session_zscore         deepconvnet single_sub-037_ses02-to-ses03 seed=3 acc=0.8650 (ntr=160 nval=40 nte=200)
2026-06-09 04:07:40 | INFO    | train_session_alignment | [align] session_zscore         deepconvnet single_sub-037_ses03-to-ses01 seed=3 acc=0.8500 (ntr=160 nval=40 nte=200)
2026-06-09 04:07:45 | INFO    | train_session_alignment | [align] session_zscore         deepconvnet single_sub-037_ses03-to-ses02 seed=3 acc=0.8950 (ntr=160 nval=40 nte=200)
2026-06-09 04:07:50 | INFO    | train_session_alignment | [align] session_zscore         deepconvnet single_sub-038_ses01-to-ses02 seed=3 acc=0.4700 (ntr=160 nval=40 nte=200)
2026-06-09 04:07:55 | INFO    | train_session_alignment | [align] session_zscore         deepconvnet single_sub-038_ses01-to-ses03 seed=3 acc=0.5400 (ntr=160 nval=40 nte=200)
2026-06-09 04:08:01 | INFO    | train_session_alignment | [align] session_zscore         deepconvnet single_sub-038_ses02-to-ses01 seed=3 acc=0.5000 (ntr=160 nval=40 nte=200)
2026-06-09 04:08:08 | INFO    | train_session_alignment | [align] session_zscore         deepconvnet single_sub-038_ses02-to-ses03 seed=3 acc=0.5500 (ntr=160 nval=40 nte=200)
2026-06-09 04:08:18 | INFO    | train_session_alignment | [align] session_zscore         deepconvnet single_sub-038_ses03-to-ses01 seed=3 acc=0.5050 (ntr=160 nval=40 nte=200)
2026-06-09 04:08:28 | INFO    | train_session_alignment | [align] session_zscore         deepconvnet single_sub-038_ses03-to-ses02 seed=3 acc=0.4550 (ntr=160 nval=40 nte=200)
2026-06-09 04:08:34 | INFO    | train_session_alignment | [align] session_zscore         deepconvnet single_sub-039_ses01-to-ses02 seed=3 acc=0.4450 (ntr=160 nval=40 nte=200)
2026-06-09 04:08:40 | INFO    | train_session_alignment | [align] session_zscore         deepconvnet single_sub-039_ses01-to-ses03 seed=3 acc=0.3900 (ntr=160 nval=40 nte=200)
2026-06-09 04:08:47 | INFO    | train_session_alignment | [align] session_zscore         deepconvnet single_sub-039_ses02-to-ses01 seed=3 acc=0.4000 (ntr=160 nval=40 nte=200)
2026-06-09 04:08:53 | INFO    | train_session_alignment | [align] session_zscore         deepconvnet single_sub-039_ses02-to-ses03 seed=3 acc=0.5950 (ntr=160 nval=40 nte=200)
2026-06-09 04:08:59 | INFO    | train_session_alignment | [align] session_zscore         deepconvnet single_sub-039_ses03-to-ses01 seed=3 acc=0.4700 (ntr=160 nval=40 nte=200)
2026-06-09 04:09:05 | INFO    | train_session_alignment | [align] session_zscore         deepconvnet single_sub-039_ses03-to-ses02 seed=3 acc=0.5950 (ntr=160 nval=40 nte=200)
2026-06-09 04:09:11 | INFO    | train_session_alignment | [align] session_zscore         deepconvnet single_sub-040_ses01-to-ses02 seed=3 acc=0.5700 (ntr=160 nval=40 nte=200)
2026-06-09 04:09:17 | INFO    | train_session_alignment | [align] session_zscore         deepconvnet single_sub-040_ses01-to-ses03 seed=3 acc=0.6000 (ntr=160 nval=40 nte=200)
2026-06-09 04:09:25 | INFO    | train_session_alignment | [align] session_zscore         deepconvnet single_sub-040_ses02-to-ses01 seed=3 acc=0.6000 (ntr=160 nval=40 nte=200)
2026-06-09 04:09:33 | INFO    | train_session_alignment | [align] session_zscore         deepconvnet single_sub-040_ses02-to-ses03 seed=3 acc=0.6750 (ntr=160 nval=40 nte=200)
2026-06-09 04:09:40 | INFO    | train_session_alignment | [align] session_zscore         deepconvnet single_sub-040_ses03-to-ses01 seed=3 acc=0.6500 (ntr=160 nval=40 nte=200)
2026-06-09 04:09:46 | INFO    | train_session_alignment | [align] session_zscore         deepconvnet single_sub-040_ses03-to-ses02 seed=3 acc=0.6300 (ntr=160 nval=40 nte=200)
2026-06-09 04:09:54 | INFO    | train_session_alignment | [align] session_zscore         deepconvnet single_sub-041_ses01-to-ses02 seed=3 acc=0.7600 (ntr=160 nval=40 nte=200)
2026-06-09 04:10:02 | INFO    | train_session_alignment | [align] session_zscore         deepconvnet single_sub-041_ses01-to-ses03 seed=3 acc=0.8250 (ntr=160 nval=40 nte=200)
2026-06-09 04:10:08 | INFO    | train_session_alignment | [align] session_zscore         deepconvnet single_sub-041_ses02-to-ses01 seed=3 acc=0.7550 (ntr=160 nval=40 nte=200)
2026-06-09 04:10:13 | INFO    | train_session_alignment | [align] session_zscore         deepconvnet single_sub-041_ses02-to-ses03 seed=3 acc=0.8000 (ntr=160 nval=40 nte=200)
2026-06-09 04:10:19 | INFO    | train_session_alignment | [align] session_zscore         deepconvnet single_sub-041_ses03-to-ses01 seed=3 acc=0.8000 (ntr=160 nval=40 nte=200)
2026-06-09 04:10:25 | INFO    | train_session_alignment | [align] session_zscore         deepconvnet single_sub-041_ses03-to-ses02 seed=3 acc=0.7950 (ntr=160 nval=40 nte=200)
2026-06-09 04:10:36 | INFO    | train_session_alignment | [align] session_zscore         deepconvnet single_sub-042_ses01-to-ses02 seed=3 acc=0.7450 (ntr=160 nval=40 nte=200)
2026-06-09 04:10:46 | INFO    | train_session_alignment | [align] session_zscore         deepconvnet single_sub-042_ses01-to-ses03 seed=3 acc=0.6300 (ntr=160 nval=40 nte=200)
2026-06-09 04:10:53 | INFO    | train_session_alignment | [align] session_zscore         deepconvnet single_sub-042_ses02-to-ses01 seed=3 acc=0.6300 (ntr=160 nval=40 nte=200)
2026-06-09 04:11:00 | INFO    | train_session_alignment | [align] session_zscore         deepconvnet single_sub-042_ses02-to-ses03 seed=3 acc=0.5450 (ntr=160 nval=40 nte=200)
2026-06-09 04:11:06 | INFO    | train_session_alignment | [align] session_zscore         deepconvnet single_sub-042_ses03-to-ses01 seed=3 acc=0.5550 (ntr=160 nval=40 nte=200)
2026-06-09 04:11:12 | INFO    | train_session_alignment | [align] session_zscore         deepconvnet single_sub-042_ses03-to-ses02 seed=3 acc=0.5450 (ntr=160 nval=40 nte=200)
2026-06-09 04:11:17 | INFO    | train_session_alignment | [align] session_zscore         deepconvnet single_sub-043_ses01-to-ses02 seed=3 acc=0.9100 (ntr=160 nval=40 nte=200)
2026-06-09 04:11:23 | INFO    | train_session_alignment | [align] session_zscore         deepconvnet single_sub-043_ses01-to-ses03 seed=3 acc=0.7900 (ntr=160 nval=40 nte=200)
2026-06-09 04:11:43 | INFO    | train_session_alignment | [align] session_zscore         deepconvnet single_sub-043_ses02-to-ses01 seed=3 acc=0.9850 (ntr=160 nval=40 nte=200)
2026-06-09 04:12:04 | INFO    | train_session_alignment | [align] session_zscore         deepconvnet single_sub-043_ses02-to-ses03 seed=3 acc=0.9250 (ntr=160 nval=40 nte=200)
2026-06-09 04:12:16 | INFO    | train_session_alignment | [align] session_zscore         deepconvnet single_sub-043_ses03-to-ses01 seed=3 acc=0.9250 (ntr=160 nval=40 nte=200)
2026-06-09 04:12:27 | INFO    | train_session_alignment | [align] session_zscore         deepconvnet single_sub-043_ses03-to-ses02 seed=3 acc=0.8850 (ntr=160 nval=40 nte=200)
2026-06-09 04:12:33 | INFO    | train_session_alignment | [align] session_zscore         deepconvnet single_sub-044_ses01-to-ses02 seed=3 acc=0.6050 (ntr=160 nval=40 nte=200)
2026-06-09 04:12:39 | INFO    | train_session_alignment | [align] session_zscore         deepconvnet single_sub-044_ses01-to-ses03 seed=3 acc=0.6000 (ntr=160 nval=40 nte=200)
2026-06-09 04:12:46 | INFO    | train_session_alignment | [align] session_zscore         deepconvnet single_sub-044_ses02-to-ses01 seed=3 acc=0.5950 (ntr=160 nval=40 nte=200)
2026-06-09 04:12:54 | INFO    | train_session_alignment | [align] session_zscore         deepconvnet single_sub-044_ses02-to-ses03 seed=3 acc=0.7550 (ntr=160 nval=40 nte=200)
2026-06-09 04:13:05 | INFO    | train_session_alignment | [align] session_zscore         deepconvnet single_sub-044_ses03-to-ses01 seed=3 acc=0.6450 (ntr=160 nval=40 nte=200)
2026-06-09 04:13:16 | INFO    | train_session_alignment | [align] session_zscore         deepconvnet single_sub-044_ses03-to-ses02 seed=3 acc=0.6750 (ntr=160 nval=40 nte=200)
2026-06-09 04:13:23 | INFO    | train_session_alignment | [align] session_zscore         deepconvnet single_sub-045_ses01-to-ses02 seed=3 acc=0.8000 (ntr=160 nval=40 nte=200)
2026-06-09 04:13:31 | INFO    | train_session_alignment | [align] session_zscore         deepconvnet single_sub-045_ses01-to-ses03 seed=3 acc=0.8000 (ntr=160 nval=40 nte=200)
2026-06-09 04:13:38 | INFO    | train_session_alignment | [align] session_zscore         deepconvnet single_sub-045_ses02-to-ses01 seed=3 acc=0.7400 (ntr=160 nval=40 nte=200)
2026-06-09 04:13:44 | INFO    | train_session_alignment | [align] session_zscore         deepconvnet single_sub-045_ses02-to-ses03 seed=3 acc=0.7300 (ntr=160 nval=40 nte=200)
2026-06-09 04:13:53 | INFO    | train_session_alignment | [align] session_zscore         deepconvnet single_sub-045_ses03-to-ses01 seed=3 acc=0.7650 (ntr=160 nval=40 nte=200)
2026-06-09 04:14:03 | INFO    | train_session_alignment | [align] session_zscore         deepconvnet single_sub-045_ses03-to-ses02 seed=3 acc=0.7500 (ntr=160 nval=40 nte=200)
2026-06-09 04:14:11 | INFO    | train_session_alignment | [align] session_zscore         deepconvnet single_sub-046_ses01-to-ses02 seed=3 acc=0.9500 (ntr=160 nval=40 nte=200)
2026-06-09 04:14:20 | INFO    | train_session_alignment | [align] session_zscore         deepconvnet single_sub-046_ses01-to-ses03 seed=3 acc=0.8900 (ntr=160 nval=40 nte=200)
2026-06-09 04:14:37 | INFO    | train_session_alignment | [align] session_zscore         deepconvnet single_sub-046_ses02-to-ses01 seed=3 acc=0.9800 (ntr=160 nval=40 nte=200)
2026-06-09 04:14:54 | INFO    | train_session_alignment | [align] session_zscore         deepconvnet single_sub-046_ses02-to-ses03 seed=3 acc=0.9400 (ntr=160 nval=40 nte=200)
2026-06-09 04:15:08 | INFO    | train_session_alignment | [align] session_zscore         deepconvnet single_sub-046_ses03-to-ses01 seed=3 acc=0.9650 (ntr=160 nval=40 nte=200)
2026-06-09 04:15:22 | INFO    | train_session_alignment | [align] session_zscore         deepconvnet single_sub-046_ses03-to-ses02 seed=3 acc=0.9300 (ntr=160 nval=40 nte=200)
2026-06-09 04:15:34 | INFO    | train_session_alignment | [align] session_zscore         deepconvnet single_sub-047_ses01-to-ses02 seed=3 acc=0.6900 (ntr=160 nval=40 nte=200)
2026-06-09 04:15:46 | INFO    | train_session_alignment | [align] session_zscore         deepconvnet single_sub-047_ses01-to-ses03 seed=3 acc=0.6950 (ntr=160 nval=40 nte=200)
2026-06-09 04:15:54 | INFO    | train_session_alignment | [align] session_zscore         deepconvnet single_sub-047_ses02-to-ses01 seed=3 acc=0.7150 (ntr=160 nval=40 nte=200)
2026-06-09 04:16:02 | INFO    | train_session_alignment | [align] session_zscore         deepconvnet single_sub-047_ses02-to-ses03 seed=3 acc=0.6950 (ntr=160 nval=40 nte=200)
2026-06-09 04:16:16 | INFO    | train_session_alignment | [align] session_zscore         deepconvnet single_sub-047_ses03-to-ses01 seed=3 acc=0.7950 (ntr=160 nval=40 nte=200)
2026-06-09 04:16:29 | INFO    | train_session_alignment | [align] session_zscore         deepconvnet single_sub-047_ses03-to-ses02 seed=3 acc=0.7050 (ntr=160 nval=40 nte=200)
2026-06-09 04:16:34 | INFO    | train_session_alignment | [align] session_zscore         deepconvnet single_sub-048_ses01-to-ses02 seed=3 acc=0.6900 (ntr=160 nval=40 nte=200)
2026-06-09 04:16:39 | INFO    | train_session_alignment | [align] session_zscore         deepconvnet single_sub-048_ses01-to-ses03 seed=3 acc=0.6500 (ntr=160 nval=40 nte=200)
2026-06-09 04:16:52 | INFO    | train_session_alignment | [align] session_zscore         deepconvnet single_sub-048_ses02-to-ses01 seed=3 acc=0.7950 (ntr=160 nval=40 nte=200)
2026-06-09 04:17:05 | INFO    | train_session_alignment | [align] session_zscore         deepconvnet single_sub-048_ses02-to-ses03 seed=3 acc=0.7450 (ntr=160 nval=40 nte=200)
2026-06-09 04:17:16 | INFO    | train_session_alignment | [align] session_zscore         deepconvnet single_sub-048_ses03-to-ses01 seed=3 acc=0.6900 (ntr=160 nval=40 nte=200)
2026-06-09 04:17:27 | INFO    | train_session_alignment | [align] session_zscore         deepconvnet single_sub-048_ses03-to-ses02 seed=3 acc=0.6950 (ntr=160 nval=40 nte=200)
2026-06-09 04:17:32 | INFO    | train_session_alignment | [align] session_zscore         deepconvnet single_sub-049_ses01-to-ses02 seed=3 acc=0.5250 (ntr=160 nval=40 nte=200)
2026-06-09 04:17:37 | INFO    | train_session_alignment | [align] session_zscore         deepconvnet single_sub-049_ses01-to-ses03 seed=3 acc=0.6650 (ntr=160 nval=40 nte=200)
2026-06-09 04:17:42 | INFO    | train_session_alignment | [align] session_zscore         deepconvnet single_sub-049_ses02-to-ses01 seed=3 acc=0.5750 (ntr=160 nval=40 nte=200)
2026-06-09 04:17:47 | INFO    | train_session_alignment | [align] session_zscore         deepconvnet single_sub-049_ses02-to-ses03 seed=3 acc=0.6450 (ntr=160 nval=40 nte=200)
2026-06-09 04:17:56 | INFO    | train_session_alignment | [align] session_zscore         deepconvnet single_sub-049_ses03-to-ses01 seed=3 acc=0.7450 (ntr=160 nval=40 nte=200)
2026-06-09 04:18:05 | INFO    | train_session_alignment | [align] session_zscore         deepconvnet single_sub-049_ses03-to-ses02 seed=3 acc=0.6100 (ntr=160 nval=40 nte=200)
2026-06-09 04:18:11 | INFO    | train_session_alignment | [align] session_zscore         deepconvnet single_sub-050_ses01-to-ses02 seed=3 acc=0.8750 (ntr=160 nval=40 nte=200)
2026-06-09 04:18:17 | INFO    | train_session_alignment | [align] session_zscore         deepconvnet single_sub-050_ses01-to-ses03 seed=3 acc=0.8000 (ntr=160 nval=40 nte=200)
2026-06-09 04:18:29 | INFO    | train_session_alignment | [align] session_zscore         deepconvnet single_sub-050_ses02-to-ses01 seed=3 acc=0.7550 (ntr=160 nval=40 nte=200)
2026-06-09 04:18:41 | INFO    | train_session_alignment | [align] session_zscore         deepconvnet single_sub-050_ses02-to-ses03 seed=3 acc=0.9100 (ntr=160 nval=40 nte=200)
2026-06-09 04:18:48 | INFO    | train_session_alignment | [align] session_zscore         deepconvnet single_sub-050_ses03-to-ses01 seed=3 acc=0.6600 (ntr=160 nval=40 nte=200)
2026-06-09 04:18:55 | INFO    | train_session_alignment | [align] session_zscore         deepconvnet single_sub-050_ses03-to-ses02 seed=3 acc=0.8400 (ntr=160 nval=40 nte=200)
2026-06-09 04:19:08 | INFO    | train_session_alignment | [align] session_zscore         deepconvnet single_sub-051_ses01-to-ses02 seed=3 acc=0.6400 (ntr=160 nval=40 nte=200)
2026-06-09 04:19:21 | INFO    | train_session_alignment | [align] session_zscore         deepconvnet single_sub-051_ses01-to-ses03 seed=3 acc=0.8150 (ntr=160 nval=40 nte=200)
2026-06-09 04:19:26 | INFO    | train_session_alignment | [align] session_zscore         deepconvnet single_sub-051_ses02-to-ses01 seed=3 acc=0.5500 (ntr=160 nval=40 nte=200)
2026-06-09 04:19:31 | INFO    | train_session_alignment | [align] session_zscore         deepconvnet single_sub-051_ses02-to-ses03 seed=3 acc=0.5650 (ntr=160 nval=40 nte=200)
2026-06-09 04:19:38 | INFO    | train_session_alignment | [align] session_zscore         deepconvnet single_sub-051_ses03-to-ses01 seed=3 acc=0.5550 (ntr=160 nval=40 nte=200)
2026-06-09 04:19:45 | INFO    | train_session_alignment | [align] session_zscore         deepconvnet single_sub-051_ses03-to-ses02 seed=3 acc=0.5650 (ntr=160 nval=40 nte=200)
2026-06-09 04:19:58 | INFO    | train_session_alignment | [align] session_zscore         deepconvnet multi_sub-001_ses01ses02-to-ses03 seed=3 acc=0.9500 (ntr=320 nval=80 nte=200)
2026-06-09 04:20:06 | INFO    | train_session_alignment | [align] session_zscore         deepconvnet multi_sub-002_ses01ses02-to-ses03 seed=3 acc=0.6650 (ntr=320 nval=80 nte=200)
2026-06-09 04:20:20 | INFO    | train_session_alignment | [align] session_zscore         deepconvnet multi_sub-003_ses01ses02-to-ses03 seed=3 acc=0.9550 (ntr=320 nval=80 nte=200)
2026-06-09 04:20:28 | INFO    | train_session_alignment | [align] session_zscore         deepconvnet multi_sub-004_ses01ses02-to-ses03 seed=3 acc=0.4900 (ntr=320 nval=80 nte=200)
2026-06-09 04:20:40 | INFO    | train_session_alignment | [align] session_zscore         deepconvnet multi_sub-005_ses01ses02-to-ses03 seed=3 acc=0.7050 (ntr=320 nval=80 nte=200)
2026-06-09 04:20:57 | INFO    | train_session_alignment | [align] session_zscore         deepconvnet multi_sub-006_ses01ses02-to-ses03 seed=3 acc=0.9400 (ntr=320 nval=80 nte=200)
2026-06-09 04:21:07 | INFO    | train_session_alignment | [align] session_zscore         deepconvnet multi_sub-007_ses01ses02-to-ses03 seed=3 acc=0.8850 (ntr=320 nval=80 nte=200)
2026-06-09 04:21:22 | INFO    | train_session_alignment | [align] session_zscore         deepconvnet multi_sub-008_ses01ses02-to-ses03 seed=3 acc=0.7800 (ntr=320 nval=80 nte=200)
2026-06-09 04:21:31 | INFO    | train_session_alignment | [align] session_zscore         deepconvnet multi_sub-009_ses01ses02-to-ses03 seed=3 acc=0.6000 (ntr=320 nval=80 nte=200)
2026-06-09 04:21:39 | INFO    | train_session_alignment | [align] session_zscore         deepconvnet multi_sub-010_ses01ses02-to-ses03 seed=3 acc=0.5500 (ntr=320 nval=80 nte=200)
2026-06-09 04:21:50 | INFO    | train_session_alignment | [align] session_zscore         deepconvnet multi_sub-011_ses01ses02-to-ses03 seed=3 acc=0.9500 (ntr=320 nval=80 nte=200)
2026-06-09 04:21:59 | INFO    | train_session_alignment | [align] session_zscore         deepconvnet multi_sub-012_ses01ses02-to-ses03 seed=3 acc=0.5250 (ntr=320 nval=80 nte=200)
2026-06-09 04:22:08 | INFO    | train_session_alignment | [align] session_zscore         deepconvnet multi_sub-013_ses01ses02-to-ses03 seed=3 acc=0.7850 (ntr=320 nval=80 nte=200)
2026-06-09 04:22:15 | INFO    | train_session_alignment | [align] session_zscore         deepconvnet multi_sub-014_ses01ses02-to-ses03 seed=3 acc=0.5050 (ntr=320 nval=80 nte=200)
2026-06-09 04:22:25 | INFO    | train_session_alignment | [align] session_zscore         deepconvnet multi_sub-015_ses01ses02-to-ses03 seed=3 acc=0.6700 (ntr=320 nval=80 nte=200)
2026-06-09 04:22:33 | INFO    | train_session_alignment | [align] session_zscore         deepconvnet multi_sub-016_ses01ses02-to-ses03 seed=3 acc=0.5000 (ntr=320 nval=80 nte=200)
2026-06-09 04:22:41 | INFO    | train_session_alignment | [align] session_zscore         deepconvnet multi_sub-017_ses01ses02-to-ses03 seed=3 acc=0.6700 (ntr=320 nval=80 nte=200)
2026-06-09 04:22:50 | INFO    | train_session_alignment | [align] session_zscore         deepconvnet multi_sub-018_ses01ses02-to-ses03 seed=3 acc=0.5650 (ntr=320 nval=80 nte=200)
2026-06-09 04:22:58 | INFO    | train_session_alignment | [align] session_zscore         deepconvnet multi_sub-019_ses01ses02-to-ses03 seed=3 acc=0.8800 (ntr=320 nval=80 nte=200)
2026-06-09 04:23:15 | INFO    | train_session_alignment | [align] session_zscore         deepconvnet multi_sub-020_ses01ses02-to-ses03 seed=3 acc=0.6150 (ntr=320 nval=80 nte=200)
2026-06-09 04:23:30 | INFO    | train_session_alignment | [align] session_zscore         deepconvnet multi_sub-021_ses01ses02-to-ses03 seed=3 acc=0.8600 (ntr=320 nval=80 nte=200)
2026-06-09 04:23:38 | INFO    | train_session_alignment | [align] session_zscore         deepconvnet multi_sub-022_ses01ses02-to-ses03 seed=3 acc=0.5850 (ntr=320 nval=80 nte=200)
2026-06-09 04:23:45 | INFO    | train_session_alignment | [align] session_zscore         deepconvnet multi_sub-025_ses01ses02-to-ses03 seed=3 acc=0.8650 (ntr=320 nval=80 nte=200)
2026-06-09 04:24:03 | INFO    | train_session_alignment | [align] session_zscore         deepconvnet multi_sub-027_ses01ses02-to-ses03 seed=3 acc=0.8250 (ntr=320 nval=80 nte=200)
2026-06-09 04:24:19 | INFO    | train_session_alignment | [align] session_zscore         deepconvnet multi_sub-028_ses01ses02-to-ses03 seed=3 acc=0.5200 (ntr=320 nval=80 nte=200)
2026-06-09 04:24:35 | INFO    | train_session_alignment | [align] session_zscore         deepconvnet multi_sub-029_ses01ses02-to-ses03 seed=3 acc=0.9250 (ntr=320 nval=80 nte=200)
2026-06-09 04:24:48 | INFO    | train_session_alignment | [align] session_zscore         deepconvnet multi_sub-030_ses01ses02-to-ses03 seed=3 acc=0.8100 (ntr=320 nval=80 nte=200)
2026-06-09 04:25:02 | INFO    | train_session_alignment | [align] session_zscore         deepconvnet multi_sub-031_ses01ses02-to-ses03 seed=3 acc=0.7250 (ntr=320 nval=80 nte=200)
2026-06-09 04:25:12 | INFO    | train_session_alignment | [align] session_zscore         deepconvnet multi_sub-033_ses01ses02-to-ses03 seed=3 acc=0.8400 (ntr=320 nval=80 nte=200)
2026-06-09 04:25:21 | INFO    | train_session_alignment | [align] session_zscore         deepconvnet multi_sub-034_ses01ses02-to-ses03 seed=3 acc=0.9450 (ntr=320 nval=80 nte=200)
2026-06-09 04:25:40 | INFO    | train_session_alignment | [align] session_zscore         deepconvnet multi_sub-035_ses01ses02-to-ses03 seed=3 acc=0.9400 (ntr=320 nval=80 nte=200)
2026-06-09 04:25:51 | INFO    | train_session_alignment | [align] session_zscore         deepconvnet multi_sub-036_ses01ses02-to-ses03 seed=3 acc=0.9900 (ntr=320 nval=80 nte=200)
2026-06-09 04:25:58 | INFO    | train_session_alignment | [align] session_zscore         deepconvnet multi_sub-037_ses01ses02-to-ses03 seed=3 acc=0.8550 (ntr=320 nval=80 nte=200)
2026-06-09 04:26:05 | INFO    | train_session_alignment | [align] session_zscore         deepconvnet multi_sub-038_ses01ses02-to-ses03 seed=3 acc=0.5950 (ntr=320 nval=80 nte=200)
2026-06-09 04:26:12 | INFO    | train_session_alignment | [align] session_zscore         deepconvnet multi_sub-039_ses01ses02-to-ses03 seed=3 acc=0.4900 (ntr=320 nval=80 nte=200)
2026-06-09 04:26:21 | INFO    | train_session_alignment | [align] session_zscore         deepconvnet multi_sub-040_ses01ses02-to-ses03 seed=3 acc=0.7400 (ntr=320 nval=80 nte=200)
2026-06-09 04:26:31 | INFO    | train_session_alignment | [align] session_zscore         deepconvnet multi_sub-041_ses01ses02-to-ses03 seed=3 acc=0.9050 (ntr=320 nval=80 nte=200)
2026-06-09 04:26:40 | INFO    | train_session_alignment | [align] session_zscore         deepconvnet multi_sub-042_ses01ses02-to-ses03 seed=3 acc=0.6200 (ntr=320 nval=80 nte=200)
2026-06-09 04:27:08 | INFO    | train_session_alignment | [align] session_zscore         deepconvnet multi_sub-043_ses01ses02-to-ses03 seed=3 acc=0.9900 (ntr=320 nval=80 nte=200)
2026-06-09 04:27:15 | INFO    | train_session_alignment | [align] session_zscore         deepconvnet multi_sub-044_ses01ses02-to-ses03 seed=3 acc=0.6950 (ntr=320 nval=80 nte=200)
2026-06-09 04:27:24 | INFO    | train_session_alignment | [align] session_zscore         deepconvnet multi_sub-045_ses01ses02-to-ses03 seed=3 acc=0.7950 (ntr=320 nval=80 nte=200)
2026-06-09 04:27:51 | INFO    | train_session_alignment | [align] session_zscore         deepconvnet multi_sub-046_ses01ses02-to-ses03 seed=3 acc=0.9650 (ntr=320 nval=80 nte=200)
2026-06-09 04:28:00 | INFO    | train_session_alignment | [align] session_zscore         deepconvnet multi_sub-047_ses01ses02-to-ses03 seed=3 acc=0.7200 (ntr=320 nval=80 nte=200)
2026-06-09 04:28:11 | INFO    | train_session_alignment | [align] session_zscore         deepconvnet multi_sub-048_ses01ses02-to-ses03 seed=3 acc=0.8150 (ntr=320 nval=80 nte=200)
2026-06-09 04:28:39 | INFO    | train_session_alignment | [align] session_zscore         deepconvnet multi_sub-049_ses01ses02-to-ses03 seed=3 acc=0.8100 (ntr=320 nval=80 nte=200)
2026-06-09 04:28:52 | INFO    | train_session_alignment | [align] session_zscore         deepconvnet multi_sub-050_ses01ses02-to-ses03 seed=3 acc=0.9350 (ntr=320 nval=80 nte=200)
2026-06-09 04:29:04 | INFO    | train_session_alignment | [align] session_zscore         deepconvnet multi_sub-051_ses01ses02-to-ses03 seed=3 acc=0.8300 (ntr=320 nval=80 nte=200)
2026-06-09 04:29:04 | INFO    | train_session_alignment | ALL DONE in 3024.5s | rows=335 ok=335 failed=0 | out=/share/home/yuan/SYX/eeg-mi-online/outputs/experiments/alignment_baseline_v1
Done: Tue Jun  9 04:29:05 CST 2026
