Project: /share/home/yuan/SYX/eeg-mi-online
Env    : mi_torch_cu118
Args   : --methods filterbank_reweighting --models fbcnet --seeds 4 --protocols single,multi --tag-suffix filterbank_reweighting_fbcnet_s4
Node   : gpu01 | Start: Tue Jun  9 18:22:47 CST 2026
Tue Jun  9 18:22:48 2026       
+-----------------------------------------------------------------------------------------+
| NVIDIA-SMI 570.153.02             Driver Version: 570.153.02     CUDA Version: 12.8     |
|-----------------------------------------+------------------------+----------------------+
| GPU  Name                 Persistence-M | Bus-Id          Disp.A | Volatile Uncorr. ECC |
| Fan  Temp   Perf          Pwr:Usage/Cap |           Memory-Usage | GPU-Util  Compute M. |
|                                         |                        |               MIG M. |
|=========================================+========================+======================|
|   0  NVIDIA GeForce RTX 4090 D      On  |   00000000:41:00.0 Off |                  Off |
| 40%   45C    P0             59W /  425W |       1MiB /  24564MiB |     12%      Default |
|                                         |                        |                  N/A |
+-----------------------------------------+------------------------+----------------------+
                                                                                         
+-----------------------------------------------------------------------------------------+
| Processes:                                                                              |
|  GPU   GI   CI              PID   Type   Process name                        GPU Memory |
|        ID   ID                                                               Usage      |
|=========================================================================================|
|  No running processes found                                                             |
+-----------------------------------------------------------------------------------------+
[cuda-check] torch=2.7.1+cu118 cuda_build=11.8 cuda_avail=True
2026-06-09 18:22:51 | INFO    | train_session_alignment | device=cuda | cuda={'torch': '2.7.1+cu118', 'cuda_build': '11.8', 'cuda_available': True, 'device': 'cuda', 'device_name': 'NVIDIA GeForce RTX 4090 D'}
2026-06-09 18:22:51 | INFO    | train_session_alignment | loaded 148 ok sessions | methods=['filterbank_reweighting'] | models=['fbcnet'] | seeds=[4] | groups=['single', 'multi'] | tasks=335
2026-06-09 18:23:03 | INFO    | train_session_alignment | [align] filterbank_reweighting fbcnet      single_sub-001_ses01-to-ses02 seed=4 acc=0.6350 (ntr=160 nval=40 nte=200)
2026-06-09 18:23:13 | INFO    | train_session_alignment | [align] filterbank_reweighting fbcnet      single_sub-001_ses01-to-ses03 seed=4 acc=0.5550 (ntr=160 nval=40 nte=200)
2026-06-09 18:23:29 | INFO    | train_session_alignment | [align] filterbank_reweighting fbcnet      single_sub-001_ses02-to-ses01 seed=4 acc=0.6400 (ntr=160 nval=40 nte=200)
2026-06-09 18:23:44 | INFO    | train_session_alignment | [align] filterbank_reweighting fbcnet      single_sub-001_ses02-to-ses03 seed=4 acc=0.7700 (ntr=160 nval=40 nte=200)
2026-06-09 18:23:53 | INFO    | train_session_alignment | [align] filterbank_reweighting fbcnet      single_sub-001_ses03-to-ses01 seed=4 acc=0.5600 (ntr=160 nval=40 nte=200)
2026-06-09 18:24:02 | INFO    | train_session_alignment | [align] filterbank_reweighting fbcnet      single_sub-001_ses03-to-ses02 seed=4 acc=0.7550 (ntr=160 nval=40 nte=200)
2026-06-09 18:24:07 | INFO    | train_session_alignment | [align] filterbank_reweighting fbcnet      single_sub-002_ses01-to-ses02 seed=4 acc=0.4950 (ntr=160 nval=40 nte=200)
2026-06-09 18:24:13 | INFO    | train_session_alignment | [align] filterbank_reweighting fbcnet      single_sub-002_ses01-to-ses03 seed=4 acc=0.4800 (ntr=160 nval=40 nte=200)
2026-06-09 18:24:18 | INFO    | train_session_alignment | [align] filterbank_reweighting fbcnet      single_sub-002_ses02-to-ses01 seed=4 acc=0.4950 (ntr=160 nval=40 nte=200)
2026-06-09 18:24:23 | INFO    | train_session_alignment | [align] filterbank_reweighting fbcnet      single_sub-002_ses02-to-ses03 seed=4 acc=0.5900 (ntr=160 nval=40 nte=200)
2026-06-09 18:24:30 | INFO    | train_session_alignment | [align] filterbank_reweighting fbcnet      single_sub-002_ses03-to-ses01 seed=4 acc=0.5300 (ntr=160 nval=40 nte=200)
2026-06-09 18:24:37 | INFO    | train_session_alignment | [align] filterbank_reweighting fbcnet      single_sub-002_ses03-to-ses02 seed=4 acc=0.5700 (ntr=160 nval=40 nte=200)
2026-06-09 18:24:46 | INFO    | train_session_alignment | [align] filterbank_reweighting fbcnet      single_sub-003_ses01-to-ses02 seed=4 acc=0.6550 (ntr=160 nval=40 nte=200)
2026-06-09 18:24:55 | INFO    | train_session_alignment | [align] filterbank_reweighting fbcnet      single_sub-003_ses01-to-ses03 seed=4 acc=0.6650 (ntr=160 nval=40 nte=200)
2026-06-09 18:25:01 | INFO    | train_session_alignment | [align] filterbank_reweighting fbcnet      single_sub-003_ses02-to-ses01 seed=4 acc=0.5600 (ntr=160 nval=40 nte=200)
2026-06-09 18:25:08 | INFO    | train_session_alignment | [align] filterbank_reweighting fbcnet      single_sub-003_ses02-to-ses03 seed=4 acc=0.6650 (ntr=160 nval=40 nte=200)
2026-06-09 18:25:19 | INFO    | train_session_alignment | [align] filterbank_reweighting fbcnet      single_sub-003_ses03-to-ses01 seed=4 acc=0.6600 (ntr=160 nval=40 nte=200)
2026-06-09 18:25:30 | INFO    | train_session_alignment | [align] filterbank_reweighting fbcnet      single_sub-003_ses03-to-ses02 seed=4 acc=0.5700 (ntr=160 nval=40 nte=200)
2026-06-09 18:25:36 | INFO    | train_session_alignment | [align] filterbank_reweighting fbcnet      single_sub-004_ses01-to-ses02 seed=4 acc=0.5300 (ntr=160 nval=40 nte=200)
2026-06-09 18:25:42 | INFO    | train_session_alignment | [align] filterbank_reweighting fbcnet      single_sub-004_ses01-to-ses03 seed=4 acc=0.5300 (ntr=160 nval=40 nte=200)
2026-06-09 18:25:47 | INFO    | train_session_alignment | [align] filterbank_reweighting fbcnet      single_sub-004_ses02-to-ses01 seed=4 acc=0.5800 (ntr=160 nval=40 nte=200)
2026-06-09 18:25:52 | INFO    | train_session_alignment | [align] filterbank_reweighting fbcnet      single_sub-004_ses02-to-ses03 seed=4 acc=0.4800 (ntr=160 nval=40 nte=200)
2026-06-09 18:25:58 | INFO    | train_session_alignment | [align] filterbank_reweighting fbcnet      single_sub-004_ses03-to-ses01 seed=4 acc=0.5000 (ntr=160 nval=40 nte=200)
2026-06-09 18:26:04 | INFO    | train_session_alignment | [align] filterbank_reweighting fbcnet      single_sub-004_ses03-to-ses02 seed=4 acc=0.5400 (ntr=160 nval=40 nte=200)
2026-06-09 18:26:19 | INFO    | train_session_alignment | [align] filterbank_reweighting fbcnet      single_sub-005_ses01-to-ses02 seed=4 acc=0.7250 (ntr=160 nval=40 nte=200)
2026-06-09 18:26:34 | INFO    | train_session_alignment | [align] filterbank_reweighting fbcnet      single_sub-005_ses01-to-ses03 seed=4 acc=0.7750 (ntr=160 nval=40 nte=200)
2026-06-09 18:26:42 | INFO    | train_session_alignment | [align] filterbank_reweighting fbcnet      single_sub-005_ses02-to-ses01 seed=4 acc=0.6850 (ntr=160 nval=40 nte=200)
2026-06-09 18:26:50 | INFO    | train_session_alignment | [align] filterbank_reweighting fbcnet      single_sub-005_ses02-to-ses03 seed=4 acc=0.6050 (ntr=160 nval=40 nte=200)
2026-06-09 18:27:05 | INFO    | train_session_alignment | [align] filterbank_reweighting fbcnet      single_sub-005_ses03-to-ses01 seed=4 acc=0.7900 (ntr=160 nval=40 nte=200)
2026-06-09 18:27:20 | INFO    | train_session_alignment | [align] filterbank_reweighting fbcnet      single_sub-005_ses03-to-ses02 seed=4 acc=0.7300 (ntr=160 nval=40 nte=200)
2026-06-09 18:27:35 | INFO    | train_session_alignment | [align] filterbank_reweighting fbcnet      single_sub-006_ses01-to-ses02 seed=4 acc=0.8450 (ntr=160 nval=40 nte=200)
2026-06-09 18:27:50 | INFO    | train_session_alignment | [align] filterbank_reweighting fbcnet      single_sub-006_ses01-to-ses03 seed=4 acc=0.8850 (ntr=160 nval=40 nte=200)
2026-06-09 18:28:04 | INFO    | train_session_alignment | [align] filterbank_reweighting fbcnet      single_sub-006_ses02-to-ses01 seed=4 acc=0.5100 (ntr=160 nval=40 nte=200)
2026-06-09 18:28:19 | INFO    | train_session_alignment | [align] filterbank_reweighting fbcnet      single_sub-006_ses02-to-ses03 seed=4 acc=0.6450 (ntr=160 nval=40 nte=200)
2026-06-09 18:28:34 | INFO    | train_session_alignment | [align] filterbank_reweighting fbcnet      single_sub-006_ses03-to-ses01 seed=4 acc=0.5300 (ntr=160 nval=40 nte=200)
2026-06-09 18:28:49 | INFO    | train_session_alignment | [align] filterbank_reweighting fbcnet      single_sub-006_ses03-to-ses02 seed=4 acc=0.7550 (ntr=160 nval=40 nte=200)
2026-06-09 18:28:55 | INFO    | train_session_alignment | [align] filterbank_reweighting fbcnet      single_sub-007_ses01-to-ses02 seed=4 acc=0.4900 (ntr=160 nval=40 nte=200)
2026-06-09 18:29:00 | INFO    | train_session_alignment | [align] filterbank_reweighting fbcnet      single_sub-007_ses01-to-ses03 seed=4 acc=0.5200 (ntr=160 nval=40 nte=200)
2026-06-09 18:29:09 | INFO    | train_session_alignment | [align] filterbank_reweighting fbcnet      single_sub-007_ses02-to-ses01 seed=4 acc=0.5550 (ntr=160 nval=40 nte=200)
2026-06-09 18:29:18 | INFO    | train_session_alignment | [align] filterbank_reweighting fbcnet      single_sub-007_ses02-to-ses03 seed=4 acc=0.5900 (ntr=160 nval=40 nte=200)
2026-06-09 18:29:24 | INFO    | train_session_alignment | [align] filterbank_reweighting fbcnet      single_sub-007_ses03-to-ses01 seed=4 acc=0.5450 (ntr=160 nval=40 nte=200)
2026-06-09 18:29:30 | INFO    | train_session_alignment | [align] filterbank_reweighting fbcnet      single_sub-007_ses03-to-ses02 seed=4 acc=0.5450 (ntr=160 nval=40 nte=200)
2026-06-09 18:29:36 | INFO    | train_session_alignment | [align] filterbank_reweighting fbcnet      single_sub-008_ses01-to-ses02 seed=4 acc=0.5650 (ntr=160 nval=40 nte=200)
2026-06-09 18:29:41 | INFO    | train_session_alignment | [align] filterbank_reweighting fbcnet      single_sub-008_ses01-to-ses03 seed=4 acc=0.5850 (ntr=160 nval=40 nte=200)
2026-06-09 18:29:47 | INFO    | train_session_alignment | [align] filterbank_reweighting fbcnet      single_sub-008_ses02-to-ses01 seed=4 acc=0.6150 (ntr=160 nval=40 nte=200)
2026-06-09 18:29:53 | INFO    | train_session_alignment | [align] filterbank_reweighting fbcnet      single_sub-008_ses02-to-ses03 seed=4 acc=0.7000 (ntr=160 nval=40 nte=200)
2026-06-09 18:30:06 | INFO    | train_session_alignment | [align] filterbank_reweighting fbcnet      single_sub-008_ses03-to-ses01 seed=4 acc=0.5850 (ntr=160 nval=40 nte=200)
2026-06-09 18:30:19 | INFO    | train_session_alignment | [align] filterbank_reweighting fbcnet      single_sub-008_ses03-to-ses02 seed=4 acc=0.5750 (ntr=160 nval=40 nte=200)
2026-06-09 18:30:25 | INFO    | train_session_alignment | [align] filterbank_reweighting fbcnet      single_sub-009_ses01-to-ses02 seed=4 acc=0.6750 (ntr=160 nval=40 nte=200)
2026-06-09 18:30:32 | INFO    | train_session_alignment | [align] filterbank_reweighting fbcnet      single_sub-009_ses01-to-ses03 seed=4 acc=0.4800 (ntr=160 nval=40 nte=200)
2026-06-09 18:30:38 | INFO    | train_session_alignment | [align] filterbank_reweighting fbcnet      single_sub-009_ses02-to-ses01 seed=4 acc=0.6150 (ntr=160 nval=40 nte=200)
2026-06-09 18:30:43 | INFO    | train_session_alignment | [align] filterbank_reweighting fbcnet      single_sub-009_ses02-to-ses03 seed=4 acc=0.4900 (ntr=160 nval=40 nte=200)
2026-06-09 18:30:49 | INFO    | train_session_alignment | [align] filterbank_reweighting fbcnet      single_sub-009_ses03-to-ses01 seed=4 acc=0.5150 (ntr=160 nval=40 nte=200)
2026-06-09 18:30:54 | INFO    | train_session_alignment | [align] filterbank_reweighting fbcnet      single_sub-009_ses03-to-ses02 seed=4 acc=0.5150 (ntr=160 nval=40 nte=200)
2026-06-09 18:30:59 | INFO    | train_session_alignment | [align] filterbank_reweighting fbcnet      single_sub-010_ses01-to-ses02 seed=4 acc=0.5750 (ntr=160 nval=40 nte=200)
2026-06-09 18:31:05 | INFO    | train_session_alignment | [align] filterbank_reweighting fbcnet      single_sub-010_ses01-to-ses03 seed=4 acc=0.5600 (ntr=160 nval=40 nte=200)
2026-06-09 18:31:11 | INFO    | train_session_alignment | [align] filterbank_reweighting fbcnet      single_sub-010_ses02-to-ses01 seed=4 acc=0.5950 (ntr=160 nval=40 nte=200)
2026-06-09 18:31:18 | INFO    | train_session_alignment | [align] filterbank_reweighting fbcnet      single_sub-010_ses02-to-ses03 seed=4 acc=0.5150 (ntr=160 nval=40 nte=200)
2026-06-09 18:31:33 | INFO    | train_session_alignment | [align] filterbank_reweighting fbcnet      single_sub-010_ses03-to-ses01 seed=4 acc=0.5700 (ntr=160 nval=40 nte=200)
2026-06-09 18:31:48 | INFO    | train_session_alignment | [align] filterbank_reweighting fbcnet      single_sub-010_ses03-to-ses02 seed=4 acc=0.5800 (ntr=160 nval=40 nte=200)
2026-06-09 18:32:03 | INFO    | train_session_alignment | [align] filterbank_reweighting fbcnet      single_sub-011_ses01-to-ses02 seed=4 acc=0.6350 (ntr=160 nval=40 nte=200)
2026-06-09 18:32:18 | INFO    | train_session_alignment | [align] filterbank_reweighting fbcnet      single_sub-011_ses01-to-ses03 seed=4 acc=0.5800 (ntr=160 nval=40 nte=200)
2026-06-09 18:32:25 | INFO    | train_session_alignment | [align] filterbank_reweighting fbcnet      single_sub-011_ses02-to-ses01 seed=4 acc=0.5400 (ntr=160 nval=40 nte=200)
2026-06-09 18:32:31 | INFO    | train_session_alignment | [align] filterbank_reweighting fbcnet      single_sub-011_ses02-to-ses03 seed=4 acc=0.5050 (ntr=160 nval=40 nte=200)
2026-06-09 18:32:39 | INFO    | train_session_alignment | [align] filterbank_reweighting fbcnet      single_sub-011_ses03-to-ses01 seed=4 acc=0.7250 (ntr=160 nval=40 nte=200)
2026-06-09 18:32:47 | INFO    | train_session_alignment | [align] filterbank_reweighting fbcnet      single_sub-011_ses03-to-ses02 seed=4 acc=0.5450 (ntr=160 nval=40 nte=200)
2026-06-09 18:32:54 | INFO    | train_session_alignment | [align] filterbank_reweighting fbcnet      single_sub-012_ses01-to-ses02 seed=4 acc=0.4900 (ntr=160 nval=40 nte=200)
2026-06-09 18:33:00 | INFO    | train_session_alignment | [align] filterbank_reweighting fbcnet      single_sub-012_ses01-to-ses03 seed=4 acc=0.4850 (ntr=160 nval=40 nte=200)
2026-06-09 18:33:05 | INFO    | train_session_alignment | [align] filterbank_reweighting fbcnet      single_sub-012_ses02-to-ses01 seed=4 acc=0.4300 (ntr=160 nval=40 nte=200)
2026-06-09 18:33:10 | INFO    | train_session_alignment | [align] filterbank_reweighting fbcnet      single_sub-012_ses02-to-ses03 seed=4 acc=0.5100 (ntr=160 nval=40 nte=200)
2026-06-09 18:33:16 | INFO    | train_session_alignment | [align] filterbank_reweighting fbcnet      single_sub-012_ses03-to-ses01 seed=4 acc=0.4850 (ntr=160 nval=40 nte=200)
2026-06-09 18:33:21 | INFO    | train_session_alignment | [align] filterbank_reweighting fbcnet      single_sub-012_ses03-to-ses02 seed=4 acc=0.5250 (ntr=160 nval=40 nte=200)
2026-06-09 18:33:28 | INFO    | train_session_alignment | [align] filterbank_reweighting fbcnet      single_sub-013_ses01-to-ses02 seed=4 acc=0.5000 (ntr=160 nval=40 nte=200)
2026-06-09 18:33:34 | INFO    | train_session_alignment | [align] filterbank_reweighting fbcnet      single_sub-013_ses01-to-ses03 seed=4 acc=0.5350 (ntr=160 nval=40 nte=200)
2026-06-09 18:33:42 | INFO    | train_session_alignment | [align] filterbank_reweighting fbcnet      single_sub-013_ses02-to-ses01 seed=4 acc=0.5150 (ntr=160 nval=40 nte=200)
2026-06-09 18:33:49 | INFO    | train_session_alignment | [align] filterbank_reweighting fbcnet      single_sub-013_ses02-to-ses03 seed=4 acc=0.5150 (ntr=160 nval=40 nte=200)
2026-06-09 18:33:54 | INFO    | train_session_alignment | [align] filterbank_reweighting fbcnet      single_sub-013_ses03-to-ses01 seed=4 acc=0.5150 (ntr=160 nval=40 nte=200)
2026-06-09 18:33:59 | INFO    | train_session_alignment | [align] filterbank_reweighting fbcnet      single_sub-013_ses03-to-ses02 seed=4 acc=0.4750 (ntr=160 nval=40 nte=200)
2026-06-09 18:34:04 | INFO    | train_session_alignment | [align] filterbank_reweighting fbcnet      single_sub-014_ses01-to-ses02 seed=4 acc=0.4700 (ntr=160 nval=40 nte=200)
2026-06-09 18:34:09 | INFO    | train_session_alignment | [align] filterbank_reweighting fbcnet      single_sub-014_ses01-to-ses03 seed=4 acc=0.5000 (ntr=160 nval=40 nte=200)
2026-06-09 18:34:14 | INFO    | train_session_alignment | [align] filterbank_reweighting fbcnet      single_sub-014_ses02-to-ses01 seed=4 acc=0.4850 (ntr=160 nval=40 nte=200)
2026-06-09 18:34:20 | INFO    | train_session_alignment | [align] filterbank_reweighting fbcnet      single_sub-014_ses02-to-ses03 seed=4 acc=0.4950 (ntr=160 nval=40 nte=200)
2026-06-09 18:34:26 | INFO    | train_session_alignment | [align] filterbank_reweighting fbcnet      single_sub-014_ses03-to-ses01 seed=4 acc=0.4800 (ntr=160 nval=40 nte=200)
2026-06-09 18:34:31 | INFO    | train_session_alignment | [align] filterbank_reweighting fbcnet      single_sub-014_ses03-to-ses02 seed=4 acc=0.4850 (ntr=160 nval=40 nte=200)
2026-06-09 18:34:37 | INFO    | train_session_alignment | [align] filterbank_reweighting fbcnet      single_sub-015_ses01-to-ses02 seed=4 acc=0.6100 (ntr=160 nval=40 nte=200)
2026-06-09 18:34:42 | INFO    | train_session_alignment | [align] filterbank_reweighting fbcnet      single_sub-015_ses01-to-ses03 seed=4 acc=0.5200 (ntr=160 nval=40 nte=200)
2026-06-09 18:34:47 | INFO    | train_session_alignment | [align] filterbank_reweighting fbcnet      single_sub-015_ses02-to-ses01 seed=4 acc=0.5650 (ntr=160 nval=40 nte=200)
2026-06-09 18:34:52 | INFO    | train_session_alignment | [align] filterbank_reweighting fbcnet      single_sub-015_ses02-to-ses03 seed=4 acc=0.4900 (ntr=160 nval=40 nte=200)
2026-06-09 18:34:59 | INFO    | train_session_alignment | [align] filterbank_reweighting fbcnet      single_sub-015_ses03-to-ses01 seed=4 acc=0.5000 (ntr=160 nval=40 nte=200)
2026-06-09 18:35:05 | INFO    | train_session_alignment | [align] filterbank_reweighting fbcnet      single_sub-015_ses03-to-ses02 seed=4 acc=0.5000 (ntr=160 nval=40 nte=200)
2026-06-09 18:35:10 | INFO    | train_session_alignment | [align] filterbank_reweighting fbcnet      single_sub-016_ses01-to-ses02 seed=4 acc=0.5100 (ntr=160 nval=40 nte=200)
2026-06-09 18:35:15 | INFO    | train_session_alignment | [align] filterbank_reweighting fbcnet      single_sub-016_ses01-to-ses03 seed=4 acc=0.5250 (ntr=160 nval=40 nte=200)
2026-06-09 18:35:20 | INFO    | train_session_alignment | [align] filterbank_reweighting fbcnet      single_sub-016_ses02-to-ses01 seed=4 acc=0.4950 (ntr=160 nval=40 nte=200)
2026-06-09 18:35:25 | INFO    | train_session_alignment | [align] filterbank_reweighting fbcnet      single_sub-016_ses02-to-ses03 seed=4 acc=0.4800 (ntr=160 nval=40 nte=200)
2026-06-09 18:35:30 | INFO    | train_session_alignment | [align] filterbank_reweighting fbcnet      single_sub-016_ses03-to-ses01 seed=4 acc=0.5450 (ntr=160 nval=40 nte=200)
2026-06-09 18:35:35 | INFO    | train_session_alignment | [align] filterbank_reweighting fbcnet      single_sub-016_ses03-to-ses02 seed=4 acc=0.5550 (ntr=160 nval=40 nte=200)
2026-06-09 18:35:40 | INFO    | train_session_alignment | [align] filterbank_reweighting fbcnet      single_sub-017_ses01-to-ses02 seed=4 acc=0.5400 (ntr=160 nval=40 nte=200)
2026-06-09 18:35:45 | INFO    | train_session_alignment | [align] filterbank_reweighting fbcnet      single_sub-017_ses01-to-ses03 seed=4 acc=0.5650 (ntr=160 nval=40 nte=200)
2026-06-09 18:35:50 | INFO    | train_session_alignment | [align] filterbank_reweighting fbcnet      single_sub-017_ses02-to-ses01 seed=4 acc=0.5550 (ntr=160 nval=40 nte=200)
2026-06-09 18:35:55 | INFO    | train_session_alignment | [align] filterbank_reweighting fbcnet      single_sub-017_ses02-to-ses03 seed=4 acc=0.5750 (ntr=160 nval=40 nte=200)
2026-06-09 18:36:04 | INFO    | train_session_alignment | [align] filterbank_reweighting fbcnet      single_sub-017_ses03-to-ses01 seed=4 acc=0.5400 (ntr=160 nval=40 nte=200)
2026-06-09 18:36:13 | INFO    | train_session_alignment | [align] filterbank_reweighting fbcnet      single_sub-017_ses03-to-ses02 seed=4 acc=0.6550 (ntr=160 nval=40 nte=200)
2026-06-09 18:36:18 | INFO    | train_session_alignment | [align] filterbank_reweighting fbcnet      single_sub-018_ses01-to-ses02 seed=4 acc=0.5300 (ntr=160 nval=40 nte=200)
2026-06-09 18:36:23 | INFO    | train_session_alignment | [align] filterbank_reweighting fbcnet      single_sub-018_ses01-to-ses03 seed=4 acc=0.5150 (ntr=160 nval=40 nte=200)
2026-06-09 18:36:31 | INFO    | train_session_alignment | [align] filterbank_reweighting fbcnet      single_sub-018_ses02-to-ses01 seed=4 acc=0.6450 (ntr=160 nval=40 nte=200)
2026-06-09 18:36:39 | INFO    | train_session_alignment | [align] filterbank_reweighting fbcnet      single_sub-018_ses02-to-ses03 seed=4 acc=0.4850 (ntr=160 nval=40 nte=200)
2026-06-09 18:36:44 | INFO    | train_session_alignment | [align] filterbank_reweighting fbcnet      single_sub-018_ses03-to-ses01 seed=4 acc=0.5300 (ntr=160 nval=40 nte=200)
2026-06-09 18:36:49 | INFO    | train_session_alignment | [align] filterbank_reweighting fbcnet      single_sub-018_ses03-to-ses02 seed=4 acc=0.4600 (ntr=160 nval=40 nte=200)
2026-06-09 18:36:55 | INFO    | train_session_alignment | [align] filterbank_reweighting fbcnet      single_sub-019_ses01-to-ses02 seed=4 acc=0.5250 (ntr=160 nval=40 nte=200)
2026-06-09 18:37:01 | INFO    | train_session_alignment | [align] filterbank_reweighting fbcnet      single_sub-019_ses01-to-ses03 seed=4 acc=0.5150 (ntr=160 nval=40 nte=200)
2026-06-09 18:37:08 | INFO    | train_session_alignment | [align] filterbank_reweighting fbcnet      single_sub-019_ses02-to-ses01 seed=4 acc=0.5700 (ntr=160 nval=40 nte=200)
2026-06-09 18:37:14 | INFO    | train_session_alignment | [align] filterbank_reweighting fbcnet      single_sub-019_ses02-to-ses03 seed=4 acc=0.5700 (ntr=160 nval=40 nte=200)
2026-06-09 18:37:22 | INFO    | train_session_alignment | [align] filterbank_reweighting fbcnet      single_sub-019_ses03-to-ses01 seed=4 acc=0.5300 (ntr=160 nval=40 nte=200)
2026-06-09 18:37:29 | INFO    | train_session_alignment | [align] filterbank_reweighting fbcnet      single_sub-019_ses03-to-ses02 seed=4 acc=0.5500 (ntr=160 nval=40 nte=200)
2026-06-09 18:37:42 | INFO    | train_session_alignment | [align] filterbank_reweighting fbcnet      single_sub-020_ses01-to-ses02 seed=4 acc=0.6400 (ntr=160 nval=40 nte=200)
2026-06-09 18:37:54 | INFO    | train_session_alignment | [align] filterbank_reweighting fbcnet      single_sub-020_ses01-to-ses03 seed=4 acc=0.4550 (ntr=160 nval=40 nte=200)
2026-06-09 18:38:03 | INFO    | train_session_alignment | [align] filterbank_reweighting fbcnet      single_sub-020_ses02-to-ses01 seed=4 acc=0.6550 (ntr=160 nval=40 nte=200)
2026-06-09 18:38:13 | INFO    | train_session_alignment | [align] filterbank_reweighting fbcnet      single_sub-020_ses02-to-ses03 seed=4 acc=0.4950 (ntr=160 nval=40 nte=200)
2026-06-09 18:38:19 | INFO    | train_session_alignment | [align] filterbank_reweighting fbcnet      single_sub-020_ses03-to-ses01 seed=4 acc=0.4950 (ntr=160 nval=40 nte=200)
2026-06-09 18:38:26 | INFO    | train_session_alignment | [align] filterbank_reweighting fbcnet      single_sub-020_ses03-to-ses02 seed=4 acc=0.4900 (ntr=160 nval=40 nte=200)
2026-06-09 18:38:33 | INFO    | train_session_alignment | [align] filterbank_reweighting fbcnet      single_sub-021_ses01-to-ses02 seed=4 acc=0.5600 (ntr=160 nval=40 nte=200)
2026-06-09 18:38:40 | INFO    | train_session_alignment | [align] filterbank_reweighting fbcnet      single_sub-021_ses01-to-ses03 seed=4 acc=0.5450 (ntr=160 nval=40 nte=200)
2026-06-09 18:38:47 | INFO    | train_session_alignment | [align] filterbank_reweighting fbcnet      single_sub-021_ses02-to-ses01 seed=4 acc=0.6000 (ntr=160 nval=40 nte=200)
2026-06-09 18:38:53 | INFO    | train_session_alignment | [align] filterbank_reweighting fbcnet      single_sub-021_ses02-to-ses03 seed=4 acc=0.5900 (ntr=160 nval=40 nte=200)
2026-06-09 18:38:59 | INFO    | train_session_alignment | [align] filterbank_reweighting fbcnet      single_sub-021_ses03-to-ses01 seed=4 acc=0.5900 (ntr=160 nval=40 nte=200)
2026-06-09 18:39:05 | INFO    | train_session_alignment | [align] filterbank_reweighting fbcnet      single_sub-021_ses03-to-ses02 seed=4 acc=0.5300 (ntr=160 nval=40 nte=200)
2026-06-09 18:39:11 | INFO    | train_session_alignment | [align] filterbank_reweighting fbcnet      single_sub-022_ses01-to-ses02 seed=4 acc=0.5050 (ntr=160 nval=40 nte=200)
2026-06-09 18:39:17 | INFO    | train_session_alignment | [align] filterbank_reweighting fbcnet      single_sub-022_ses01-to-ses03 seed=4 acc=0.4850 (ntr=160 nval=40 nte=200)
2026-06-09 18:39:23 | INFO    | train_session_alignment | [align] filterbank_reweighting fbcnet      single_sub-022_ses02-to-ses01 seed=4 acc=0.5550 (ntr=160 nval=40 nte=200)
2026-06-09 18:39:28 | INFO    | train_session_alignment | [align] filterbank_reweighting fbcnet      single_sub-022_ses02-to-ses03 seed=4 acc=0.5200 (ntr=160 nval=40 nte=200)
2026-06-09 18:39:34 | INFO    | train_session_alignment | [align] filterbank_reweighting fbcnet      single_sub-022_ses03-to-ses01 seed=4 acc=0.5100 (ntr=160 nval=40 nte=200)
2026-06-09 18:39:40 | INFO    | train_session_alignment | [align] filterbank_reweighting fbcnet      single_sub-022_ses03-to-ses02 seed=4 acc=0.6350 (ntr=160 nval=40 nte=200)
2026-06-09 18:39:50 | INFO    | train_session_alignment | [align] filterbank_reweighting fbcnet      single_sub-023_ses02-to-ses03 seed=4 acc=0.7650 (ntr=160 nval=40 nte=200)
2026-06-09 18:40:05 | INFO    | train_session_alignment | [align] filterbank_reweighting fbcnet      single_sub-023_ses03-to-ses02 seed=4 acc=0.7400 (ntr=160 nval=40 nte=200)
2026-06-09 18:40:16 | INFO    | train_session_alignment | [align] filterbank_reweighting fbcnet      single_sub-025_ses01-to-ses02 seed=4 acc=0.5900 (ntr=160 nval=40 nte=200)
2026-06-09 18:40:26 | INFO    | train_session_alignment | [align] filterbank_reweighting fbcnet      single_sub-025_ses01-to-ses03 seed=4 acc=0.5650 (ntr=160 nval=40 nte=200)
2026-06-09 18:40:38 | INFO    | train_session_alignment | [align] filterbank_reweighting fbcnet      single_sub-025_ses02-to-ses01 seed=4 acc=0.6200 (ntr=160 nval=40 nte=200)
2026-06-09 18:40:50 | INFO    | train_session_alignment | [align] filterbank_reweighting fbcnet      single_sub-025_ses02-to-ses03 seed=4 acc=0.5750 (ntr=160 nval=40 nte=200)
2026-06-09 18:40:57 | INFO    | train_session_alignment | [align] filterbank_reweighting fbcnet      single_sub-025_ses03-to-ses01 seed=4 acc=0.6350 (ntr=160 nval=40 nte=200)
2026-06-09 18:41:04 | INFO    | train_session_alignment | [align] filterbank_reweighting fbcnet      single_sub-025_ses03-to-ses02 seed=4 acc=0.6850 (ntr=160 nval=40 nte=200)
2026-06-09 18:41:19 | INFO    | train_session_alignment | [align] filterbank_reweighting fbcnet      single_sub-026_ses02-to-ses03 seed=4 acc=0.5200 (ntr=160 nval=40 nte=200)
2026-06-09 18:41:31 | INFO    | train_session_alignment | [align] filterbank_reweighting fbcnet      single_sub-026_ses03-to-ses02 seed=4 acc=0.6900 (ntr=160 nval=40 nte=200)
2026-06-09 18:41:37 | INFO    | train_session_alignment | [align] filterbank_reweighting fbcnet      single_sub-027_ses01-to-ses02 seed=4 acc=0.5000 (ntr=160 nval=40 nte=200)
2026-06-09 18:41:43 | INFO    | train_session_alignment | [align] filterbank_reweighting fbcnet      single_sub-027_ses01-to-ses03 seed=4 acc=0.5050 (ntr=160 nval=40 nte=200)
2026-06-09 18:41:51 | INFO    | train_session_alignment | [align] filterbank_reweighting fbcnet      single_sub-027_ses02-to-ses01 seed=4 acc=0.5850 (ntr=160 nval=40 nte=200)
2026-06-09 18:42:00 | INFO    | train_session_alignment | [align] filterbank_reweighting fbcnet      single_sub-027_ses02-to-ses03 seed=4 acc=0.5050 (ntr=160 nval=40 nte=200)
2026-06-09 18:42:09 | INFO    | train_session_alignment | [align] filterbank_reweighting fbcnet      single_sub-027_ses03-to-ses01 seed=4 acc=0.5000 (ntr=160 nval=40 nte=200)
2026-06-09 18:42:17 | INFO    | train_session_alignment | [align] filterbank_reweighting fbcnet      single_sub-027_ses03-to-ses02 seed=4 acc=0.5100 (ntr=160 nval=40 nte=200)
2026-06-09 18:42:28 | INFO    | train_session_alignment | [align] filterbank_reweighting fbcnet      single_sub-028_ses01-to-ses02 seed=4 acc=0.6150 (ntr=160 nval=40 nte=200)
2026-06-09 18:42:39 | INFO    | train_session_alignment | [align] filterbank_reweighting fbcnet      single_sub-028_ses01-to-ses03 seed=4 acc=0.5600 (ntr=160 nval=40 nte=200)
2026-06-09 18:42:51 | INFO    | train_session_alignment | [align] filterbank_reweighting fbcnet      single_sub-028_ses02-to-ses01 seed=4 acc=0.6800 (ntr=160 nval=40 nte=200)
2026-06-09 18:43:03 | INFO    | train_session_alignment | [align] filterbank_reweighting fbcnet      single_sub-028_ses02-to-ses03 seed=4 acc=0.7850 (ntr=160 nval=40 nte=200)
2026-06-09 18:43:11 | INFO    | train_session_alignment | [align] filterbank_reweighting fbcnet      single_sub-028_ses03-to-ses01 seed=4 acc=0.5300 (ntr=160 nval=40 nte=200)
2026-06-09 18:43:20 | INFO    | train_session_alignment | [align] filterbank_reweighting fbcnet      single_sub-028_ses03-to-ses02 seed=4 acc=0.6200 (ntr=160 nval=40 nte=200)
2026-06-09 18:43:27 | INFO    | train_session_alignment | [align] filterbank_reweighting fbcnet      single_sub-029_ses01-to-ses02 seed=4 acc=0.6150 (ntr=160 nval=40 nte=200)
2026-06-09 18:43:33 | INFO    | train_session_alignment | [align] filterbank_reweighting fbcnet      single_sub-029_ses01-to-ses03 seed=4 acc=0.7750 (ntr=160 nval=40 nte=200)
2026-06-09 18:43:48 | INFO    | train_session_alignment | [align] filterbank_reweighting fbcnet      single_sub-029_ses02-to-ses01 seed=4 acc=0.8600 (ntr=160 nval=40 nte=200)
2026-06-09 18:44:03 | INFO    | train_session_alignment | [align] filterbank_reweighting fbcnet      single_sub-029_ses02-to-ses03 seed=4 acc=0.9750 (ntr=160 nval=40 nte=200)
2026-06-09 18:44:15 | INFO    | train_session_alignment | [align] filterbank_reweighting fbcnet      single_sub-029_ses03-to-ses01 seed=4 acc=0.8250 (ntr=160 nval=40 nte=200)
2026-06-09 18:44:26 | INFO    | train_session_alignment | [align] filterbank_reweighting fbcnet      single_sub-029_ses03-to-ses02 seed=4 acc=0.8350 (ntr=160 nval=40 nte=200)
2026-06-09 18:44:32 | INFO    | train_session_alignment | [align] filterbank_reweighting fbcnet      single_sub-030_ses01-to-ses02 seed=4 acc=0.5050 (ntr=160 nval=40 nte=200)
2026-06-09 18:44:38 | INFO    | train_session_alignment | [align] filterbank_reweighting fbcnet      single_sub-030_ses01-to-ses03 seed=4 acc=0.6050 (ntr=160 nval=40 nte=200)
2026-06-09 18:44:49 | INFO    | train_session_alignment | [align] filterbank_reweighting fbcnet      single_sub-030_ses02-to-ses01 seed=4 acc=0.5950 (ntr=160 nval=40 nte=200)
2026-06-09 18:45:00 | INFO    | train_session_alignment | [align] filterbank_reweighting fbcnet      single_sub-030_ses02-to-ses03 seed=4 acc=0.7750 (ntr=160 nval=40 nte=200)
2026-06-09 18:45:09 | INFO    | train_session_alignment | [align] filterbank_reweighting fbcnet      single_sub-030_ses03-to-ses01 seed=4 acc=0.6050 (ntr=160 nval=40 nte=200)
2026-06-09 18:45:17 | INFO    | train_session_alignment | [align] filterbank_reweighting fbcnet      single_sub-030_ses03-to-ses02 seed=4 acc=0.7250 (ntr=160 nval=40 nte=200)
2026-06-09 18:45:26 | INFO    | train_session_alignment | [align] filterbank_reweighting fbcnet      single_sub-031_ses01-to-ses02 seed=4 acc=0.5450 (ntr=160 nval=40 nte=200)
2026-06-09 18:45:34 | INFO    | train_session_alignment | [align] filterbank_reweighting fbcnet      single_sub-031_ses01-to-ses03 seed=4 acc=0.6150 (ntr=160 nval=40 nte=200)
2026-06-09 18:45:40 | INFO    | train_session_alignment | [align] filterbank_reweighting fbcnet      single_sub-031_ses02-to-ses01 seed=4 acc=0.5300 (ntr=160 nval=40 nte=200)
2026-06-09 18:45:46 | INFO    | train_session_alignment | [align] filterbank_reweighting fbcnet      single_sub-031_ses02-to-ses03 seed=4 acc=0.5650 (ntr=160 nval=40 nte=200)
2026-06-09 18:45:51 | INFO    | train_session_alignment | [align] filterbank_reweighting fbcnet      single_sub-031_ses03-to-ses01 seed=4 acc=0.5050 (ntr=160 nval=40 nte=200)
2026-06-09 18:45:56 | INFO    | train_session_alignment | [align] filterbank_reweighting fbcnet      single_sub-031_ses03-to-ses02 seed=4 acc=0.5300 (ntr=160 nval=40 nte=200)
2026-06-09 18:46:04 | INFO    | train_session_alignment | [align] filterbank_reweighting fbcnet      single_sub-032_ses01-to-ses03 seed=4 acc=0.6250 (ntr=160 nval=40 nte=200)
2026-06-09 18:46:09 | INFO    | train_session_alignment | [align] filterbank_reweighting fbcnet      single_sub-032_ses03-to-ses01 seed=4 acc=0.5150 (ntr=160 nval=40 nte=200)
2026-06-09 18:46:20 | INFO    | train_session_alignment | [align] filterbank_reweighting fbcnet      single_sub-033_ses01-to-ses02 seed=4 acc=0.8650 (ntr=160 nval=40 nte=200)
2026-06-09 18:46:31 | INFO    | train_session_alignment | [align] filterbank_reweighting fbcnet      single_sub-033_ses01-to-ses03 seed=4 acc=0.9150 (ntr=160 nval=40 nte=200)
2026-06-09 18:46:46 | INFO    | train_session_alignment | [align] filterbank_reweighting fbcnet      single_sub-033_ses02-to-ses01 seed=4 acc=0.9400 (ntr=160 nval=40 nte=200)
2026-06-09 18:47:01 | INFO    | train_session_alignment | [align] filterbank_reweighting fbcnet      single_sub-033_ses02-to-ses03 seed=4 acc=0.7700 (ntr=160 nval=40 nte=200)
2026-06-09 18:47:09 | INFO    | train_session_alignment | [align] filterbank_reweighting fbcnet      single_sub-033_ses03-to-ses01 seed=4 acc=0.9350 (ntr=160 nval=40 nte=200)
2026-06-09 18:47:18 | INFO    | train_session_alignment | [align] filterbank_reweighting fbcnet      single_sub-033_ses03-to-ses02 seed=4 acc=0.8950 (ntr=160 nval=40 nte=200)
2026-06-09 18:47:24 | INFO    | train_session_alignment | [align] filterbank_reweighting fbcnet      single_sub-034_ses01-to-ses02 seed=4 acc=0.6000 (ntr=160 nval=40 nte=200)
2026-06-09 18:47:31 | INFO    | train_session_alignment | [align] filterbank_reweighting fbcnet      single_sub-034_ses01-to-ses03 seed=4 acc=0.5150 (ntr=160 nval=40 nte=200)
2026-06-09 18:47:40 | INFO    | train_session_alignment | [align] filterbank_reweighting fbcnet      single_sub-034_ses02-to-ses01 seed=4 acc=0.5550 (ntr=160 nval=40 nte=200)
2026-06-09 18:47:48 | INFO    | train_session_alignment | [align] filterbank_reweighting fbcnet      single_sub-034_ses02-to-ses03 seed=4 acc=0.5700 (ntr=160 nval=40 nte=200)
2026-06-09 18:47:53 | INFO    | train_session_alignment | [align] filterbank_reweighting fbcnet      single_sub-034_ses03-to-ses01 seed=4 acc=0.4600 (ntr=160 nval=40 nte=200)
2026-06-09 18:47:59 | INFO    | train_session_alignment | [align] filterbank_reweighting fbcnet      single_sub-034_ses03-to-ses02 seed=4 acc=0.4950 (ntr=160 nval=40 nte=200)
2026-06-09 18:48:13 | INFO    | train_session_alignment | [align] filterbank_reweighting fbcnet      single_sub-035_ses01-to-ses02 seed=4 acc=0.8600 (ntr=160 nval=40 nte=200)
2026-06-09 18:48:28 | INFO    | train_session_alignment | [align] filterbank_reweighting fbcnet      single_sub-035_ses01-to-ses03 seed=4 acc=0.7550 (ntr=160 nval=40 nte=200)
2026-06-09 18:48:43 | INFO    | train_session_alignment | [align] filterbank_reweighting fbcnet      single_sub-035_ses02-to-ses01 seed=4 acc=0.9050 (ntr=160 nval=40 nte=200)
2026-06-09 18:48:58 | INFO    | train_session_alignment | [align] filterbank_reweighting fbcnet      single_sub-035_ses02-to-ses03 seed=4 acc=0.8800 (ntr=160 nval=40 nte=200)
2026-06-09 18:49:11 | INFO    | train_session_alignment | [align] filterbank_reweighting fbcnet      single_sub-035_ses03-to-ses01 seed=4 acc=0.8700 (ntr=160 nval=40 nte=200)
2026-06-09 18:49:23 | INFO    | train_session_alignment | [align] filterbank_reweighting fbcnet      single_sub-035_ses03-to-ses02 seed=4 acc=0.7750 (ntr=160 nval=40 nte=200)
2026-06-09 18:49:31 | INFO    | train_session_alignment | [align] filterbank_reweighting fbcnet      single_sub-036_ses01-to-ses02 seed=4 acc=0.7850 (ntr=160 nval=40 nte=200)
2026-06-09 18:49:40 | INFO    | train_session_alignment | [align] filterbank_reweighting fbcnet      single_sub-036_ses01-to-ses03 seed=4 acc=0.8750 (ntr=160 nval=40 nte=200)
2026-06-09 18:49:55 | INFO    | train_session_alignment | [align] filterbank_reweighting fbcnet      single_sub-036_ses02-to-ses01 seed=4 acc=0.7350 (ntr=160 nval=40 nte=200)
2026-06-09 18:50:10 | INFO    | train_session_alignment | [align] filterbank_reweighting fbcnet      single_sub-036_ses02-to-ses03 seed=4 acc=0.9200 (ntr=160 nval=40 nte=200)
2026-06-09 18:50:25 | INFO    | train_session_alignment | [align] filterbank_reweighting fbcnet      single_sub-036_ses03-to-ses01 seed=4 acc=0.8050 (ntr=160 nval=40 nte=200)
2026-06-09 18:50:40 | INFO    | train_session_alignment | [align] filterbank_reweighting fbcnet      single_sub-036_ses03-to-ses02 seed=4 acc=0.8250 (ntr=160 nval=40 nte=200)
2026-06-09 18:50:48 | INFO    | train_session_alignment | [align] filterbank_reweighting fbcnet      single_sub-037_ses01-to-ses02 seed=4 acc=0.5850 (ntr=160 nval=40 nte=200)
2026-06-09 18:50:55 | INFO    | train_session_alignment | [align] filterbank_reweighting fbcnet      single_sub-037_ses01-to-ses03 seed=4 acc=0.5250 (ntr=160 nval=40 nte=200)
2026-06-09 18:51:08 | INFO    | train_session_alignment | [align] filterbank_reweighting fbcnet      single_sub-037_ses02-to-ses01 seed=4 acc=0.5150 (ntr=160 nval=40 nte=200)
2026-06-09 18:51:20 | INFO    | train_session_alignment | [align] filterbank_reweighting fbcnet      single_sub-037_ses02-to-ses03 seed=4 acc=0.6550 (ntr=160 nval=40 nte=200)
2026-06-09 18:51:33 | INFO    | train_session_alignment | [align] filterbank_reweighting fbcnet      single_sub-037_ses03-to-ses01 seed=4 acc=0.5350 (ntr=160 nval=40 nte=200)
2026-06-09 18:51:46 | INFO    | train_session_alignment | [align] filterbank_reweighting fbcnet      single_sub-037_ses03-to-ses02 seed=4 acc=0.7650 (ntr=160 nval=40 nte=200)
2026-06-09 18:51:53 | INFO    | train_session_alignment | [align] filterbank_reweighting fbcnet      single_sub-038_ses01-to-ses02 seed=4 acc=0.5300 (ntr=160 nval=40 nte=200)
2026-06-09 18:51:59 | INFO    | train_session_alignment | [align] filterbank_reweighting fbcnet      single_sub-038_ses01-to-ses03 seed=4 acc=0.5650 (ntr=160 nval=40 nte=200)
2026-06-09 18:52:13 | INFO    | train_session_alignment | [align] filterbank_reweighting fbcnet      single_sub-038_ses02-to-ses01 seed=4 acc=0.5800 (ntr=160 nval=40 nte=200)
2026-06-09 18:52:26 | INFO    | train_session_alignment | [align] filterbank_reweighting fbcnet      single_sub-038_ses02-to-ses03 seed=4 acc=0.5550 (ntr=160 nval=40 nte=200)
2026-06-09 18:52:31 | INFO    | train_session_alignment | [align] filterbank_reweighting fbcnet      single_sub-038_ses03-to-ses01 seed=4 acc=0.5200 (ntr=160 nval=40 nte=200)
2026-06-09 18:52:36 | INFO    | train_session_alignment | [align] filterbank_reweighting fbcnet      single_sub-038_ses03-to-ses02 seed=4 acc=0.4600 (ntr=160 nval=40 nte=200)
2026-06-09 18:52:51 | INFO    | train_session_alignment | [align] filterbank_reweighting fbcnet      single_sub-039_ses01-to-ses02 seed=4 acc=0.5150 (ntr=160 nval=40 nte=200)
2026-06-09 18:53:06 | INFO    | train_session_alignment | [align] filterbank_reweighting fbcnet      single_sub-039_ses01-to-ses03 seed=4 acc=0.5500 (ntr=160 nval=40 nte=200)
2026-06-09 18:53:11 | INFO    | train_session_alignment | [align] filterbank_reweighting fbcnet      single_sub-039_ses02-to-ses01 seed=4 acc=0.5400 (ntr=160 nval=40 nte=200)
2026-06-09 18:53:17 | INFO    | train_session_alignment | [align] filterbank_reweighting fbcnet      single_sub-039_ses02-to-ses03 seed=4 acc=0.6350 (ntr=160 nval=40 nte=200)
2026-06-09 18:53:23 | INFO    | train_session_alignment | [align] filterbank_reweighting fbcnet      single_sub-039_ses03-to-ses01 seed=4 acc=0.5200 (ntr=160 nval=40 nte=200)
2026-06-09 18:53:30 | INFO    | train_session_alignment | [align] filterbank_reweighting fbcnet      single_sub-039_ses03-to-ses02 seed=4 acc=0.6400 (ntr=160 nval=40 nte=200)
2026-06-09 18:53:38 | INFO    | train_session_alignment | [align] filterbank_reweighting fbcnet      single_sub-040_ses01-to-ses02 seed=4 acc=0.6350 (ntr=160 nval=40 nte=200)
2026-06-09 18:53:45 | INFO    | train_session_alignment | [align] filterbank_reweighting fbcnet      single_sub-040_ses01-to-ses03 seed=4 acc=0.6600 (ntr=160 nval=40 nte=200)
2026-06-09 18:53:51 | INFO    | train_session_alignment | [align] filterbank_reweighting fbcnet      single_sub-040_ses02-to-ses01 seed=4 acc=0.6250 (ntr=160 nval=40 nte=200)
2026-06-09 18:53:56 | INFO    | train_session_alignment | [align] filterbank_reweighting fbcnet      single_sub-040_ses02-to-ses03 seed=4 acc=0.6100 (ntr=160 nval=40 nte=200)
2026-06-09 18:54:08 | INFO    | train_session_alignment | [align] filterbank_reweighting fbcnet      single_sub-040_ses03-to-ses01 seed=4 acc=0.7000 (ntr=160 nval=40 nte=200)
2026-06-09 18:54:21 | INFO    | train_session_alignment | [align] filterbank_reweighting fbcnet      single_sub-040_ses03-to-ses02 seed=4 acc=0.6900 (ntr=160 nval=40 nte=200)
2026-06-09 18:54:28 | INFO    | train_session_alignment | [align] filterbank_reweighting fbcnet      single_sub-041_ses01-to-ses02 seed=4 acc=0.6850 (ntr=160 nval=40 nte=200)
2026-06-09 18:54:36 | INFO    | train_session_alignment | [align] filterbank_reweighting fbcnet      single_sub-041_ses01-to-ses03 seed=4 acc=0.6950 (ntr=160 nval=40 nte=200)
2026-06-09 18:54:46 | INFO    | train_session_alignment | [align] filterbank_reweighting fbcnet      single_sub-041_ses02-to-ses01 seed=4 acc=0.7950 (ntr=160 nval=40 nte=200)
2026-06-09 18:54:57 | INFO    | train_session_alignment | [align] filterbank_reweighting fbcnet      single_sub-041_ses02-to-ses03 seed=4 acc=0.8300 (ntr=160 nval=40 nte=200)
2026-06-09 18:55:10 | INFO    | train_session_alignment | [align] filterbank_reweighting fbcnet      single_sub-041_ses03-to-ses01 seed=4 acc=0.7400 (ntr=160 nval=40 nte=200)
2026-06-09 18:55:24 | INFO    | train_session_alignment | [align] filterbank_reweighting fbcnet      single_sub-041_ses03-to-ses02 seed=4 acc=0.8150 (ntr=160 nval=40 nte=200)
2026-06-09 18:55:36 | INFO    | train_session_alignment | [align] filterbank_reweighting fbcnet      single_sub-042_ses01-to-ses02 seed=4 acc=0.5850 (ntr=160 nval=40 nte=200)
2026-06-09 18:55:47 | INFO    | train_session_alignment | [align] filterbank_reweighting fbcnet      single_sub-042_ses01-to-ses03 seed=4 acc=0.5800 (ntr=160 nval=40 nte=200)
2026-06-09 18:55:53 | INFO    | train_session_alignment | [align] filterbank_reweighting fbcnet      single_sub-042_ses02-to-ses01 seed=4 acc=0.5800 (ntr=160 nval=40 nte=200)
2026-06-09 18:55:58 | INFO    | train_session_alignment | [align] filterbank_reweighting fbcnet      single_sub-042_ses02-to-ses03 seed=4 acc=0.5600 (ntr=160 nval=40 nte=200)
2026-06-09 18:56:04 | INFO    | train_session_alignment | [align] filterbank_reweighting fbcnet      single_sub-042_ses03-to-ses01 seed=4 acc=0.5200 (ntr=160 nval=40 nte=200)
2026-06-09 18:56:09 | INFO    | train_session_alignment | [align] filterbank_reweighting fbcnet      single_sub-042_ses03-to-ses02 seed=4 acc=0.5800 (ntr=160 nval=40 nte=200)
2026-06-09 18:56:24 | INFO    | train_session_alignment | [align] filterbank_reweighting fbcnet      single_sub-043_ses01-to-ses02 seed=4 acc=0.9500 (ntr=160 nval=40 nte=200)
2026-06-09 18:56:39 | INFO    | train_session_alignment | [align] filterbank_reweighting fbcnet      single_sub-043_ses01-to-ses03 seed=4 acc=0.9650 (ntr=160 nval=40 nte=200)
2026-06-09 18:56:54 | INFO    | train_session_alignment | [align] filterbank_reweighting fbcnet      single_sub-043_ses02-to-ses01 seed=4 acc=0.9550 (ntr=160 nval=40 nte=200)
2026-06-09 18:57:10 | INFO    | train_session_alignment | [align] filterbank_reweighting fbcnet      single_sub-043_ses02-to-ses03 seed=4 acc=0.9450 (ntr=160 nval=40 nte=200)
2026-06-09 18:57:22 | INFO    | train_session_alignment | [align] filterbank_reweighting fbcnet      single_sub-043_ses03-to-ses01 seed=4 acc=0.9400 (ntr=160 nval=40 nte=200)
2026-06-09 18:57:35 | INFO    | train_session_alignment | [align] filterbank_reweighting fbcnet      single_sub-043_ses03-to-ses02 seed=4 acc=0.9150 (ntr=160 nval=40 nte=200)
2026-06-09 18:57:41 | INFO    | train_session_alignment | [align] filterbank_reweighting fbcnet      single_sub-044_ses01-to-ses02 seed=4 acc=0.5200 (ntr=160 nval=40 nte=200)
2026-06-09 18:57:46 | INFO    | train_session_alignment | [align] filterbank_reweighting fbcnet      single_sub-044_ses01-to-ses03 seed=4 acc=0.5250 (ntr=160 nval=40 nte=200)
2026-06-09 18:57:53 | INFO    | train_session_alignment | [align] filterbank_reweighting fbcnet      single_sub-044_ses02-to-ses01 seed=4 acc=0.5150 (ntr=160 nval=40 nte=200)
2026-06-09 18:57:59 | INFO    | train_session_alignment | [align] filterbank_reweighting fbcnet      single_sub-044_ses02-to-ses03 seed=4 acc=0.5100 (ntr=160 nval=40 nte=200)
2026-06-09 18:58:07 | INFO    | train_session_alignment | [align] filterbank_reweighting fbcnet      single_sub-044_ses03-to-ses01 seed=4 acc=0.5350 (ntr=160 nval=40 nte=200)
2026-06-09 18:58:14 | INFO    | train_session_alignment | [align] filterbank_reweighting fbcnet      single_sub-044_ses03-to-ses02 seed=4 acc=0.5650 (ntr=160 nval=40 nte=200)
2026-06-09 18:58:21 | INFO    | train_session_alignment | [align] filterbank_reweighting fbcnet      single_sub-045_ses01-to-ses02 seed=4 acc=0.6400 (ntr=160 nval=40 nte=200)
2026-06-09 18:58:28 | INFO    | train_session_alignment | [align] filterbank_reweighting fbcnet      single_sub-045_ses01-to-ses03 seed=4 acc=0.7250 (ntr=160 nval=40 nte=200)
2026-06-09 18:58:43 | INFO    | train_session_alignment | [align] filterbank_reweighting fbcnet      single_sub-045_ses02-to-ses01 seed=4 acc=0.6400 (ntr=160 nval=40 nte=200)
2026-06-09 18:58:58 | INFO    | train_session_alignment | [align] filterbank_reweighting fbcnet      single_sub-045_ses02-to-ses03 seed=4 acc=0.6800 (ntr=160 nval=40 nte=200)
2026-06-09 18:59:06 | INFO    | train_session_alignment | [align] filterbank_reweighting fbcnet      single_sub-045_ses03-to-ses01 seed=4 acc=0.7100 (ntr=160 nval=40 nte=200)
2026-06-09 18:59:13 | INFO    | train_session_alignment | [align] filterbank_reweighting fbcnet      single_sub-045_ses03-to-ses02 seed=4 acc=0.5500 (ntr=160 nval=40 nte=200)
2026-06-09 18:59:28 | INFO    | train_session_alignment | [align] filterbank_reweighting fbcnet      single_sub-046_ses01-to-ses02 seed=4 acc=0.8650 (ntr=160 nval=40 nte=200)
2026-06-09 18:59:43 | INFO    | train_session_alignment | [align] filterbank_reweighting fbcnet      single_sub-046_ses01-to-ses03 seed=4 acc=0.8400 (ntr=160 nval=40 nte=200)
2026-06-09 18:59:58 | INFO    | train_session_alignment | [align] filterbank_reweighting fbcnet      single_sub-046_ses02-to-ses01 seed=4 acc=0.8900 (ntr=160 nval=40 nte=200)
2026-06-09 19:00:13 | INFO    | train_session_alignment | [align] filterbank_reweighting fbcnet      single_sub-046_ses02-to-ses03 seed=4 acc=0.9000 (ntr=160 nval=40 nte=200)
2026-06-09 19:00:26 | INFO    | train_session_alignment | [align] filterbank_reweighting fbcnet      single_sub-046_ses03-to-ses01 seed=4 acc=0.8850 (ntr=160 nval=40 nte=200)
2026-06-09 19:00:39 | INFO    | train_session_alignment | [align] filterbank_reweighting fbcnet      single_sub-046_ses03-to-ses02 seed=4 acc=0.9050 (ntr=160 nval=40 nte=200)
2026-06-09 19:00:51 | INFO    | train_session_alignment | [align] filterbank_reweighting fbcnet      single_sub-047_ses01-to-ses02 seed=4 acc=0.7900 (ntr=160 nval=40 nte=200)
2026-06-09 19:01:03 | INFO    | train_session_alignment | [align] filterbank_reweighting fbcnet      single_sub-047_ses01-to-ses03 seed=4 acc=0.7150 (ntr=160 nval=40 nte=200)
2026-06-09 19:01:18 | INFO    | train_session_alignment | [align] filterbank_reweighting fbcnet      single_sub-047_ses02-to-ses01 seed=4 acc=0.7550 (ntr=160 nval=40 nte=200)
2026-06-09 19:01:33 | INFO    | train_session_alignment | [align] filterbank_reweighting fbcnet      single_sub-047_ses02-to-ses03 seed=4 acc=0.7400 (ntr=160 nval=40 nte=200)
2026-06-09 19:01:48 | INFO    | train_session_alignment | [align] filterbank_reweighting fbcnet      single_sub-047_ses03-to-ses01 seed=4 acc=0.7850 (ntr=160 nval=40 nte=200)
2026-06-09 19:02:02 | INFO    | train_session_alignment | [align] filterbank_reweighting fbcnet      single_sub-047_ses03-to-ses02 seed=4 acc=0.7750 (ntr=160 nval=40 nte=200)
2026-06-09 19:02:09 | INFO    | train_session_alignment | [align] filterbank_reweighting fbcnet      single_sub-048_ses01-to-ses02 seed=4 acc=0.6200 (ntr=160 nval=40 nte=200)
2026-06-09 19:02:16 | INFO    | train_session_alignment | [align] filterbank_reweighting fbcnet      single_sub-048_ses01-to-ses03 seed=4 acc=0.5800 (ntr=160 nval=40 nte=200)
2026-06-09 19:02:23 | INFO    | train_session_alignment | [align] filterbank_reweighting fbcnet      single_sub-048_ses02-to-ses01 seed=4 acc=0.5850 (ntr=160 nval=40 nte=200)
2026-06-09 19:02:29 | INFO    | train_session_alignment | [align] filterbank_reweighting fbcnet      single_sub-048_ses02-to-ses03 seed=4 acc=0.6050 (ntr=160 nval=40 nte=200)
2026-06-09 19:02:38 | INFO    | train_session_alignment | [align] filterbank_reweighting fbcnet      single_sub-048_ses03-to-ses01 seed=4 acc=0.5050 (ntr=160 nval=40 nte=200)
2026-06-09 19:02:47 | INFO    | train_session_alignment | [align] filterbank_reweighting fbcnet      single_sub-048_ses03-to-ses02 seed=4 acc=0.5150 (ntr=160 nval=40 nte=200)
2026-06-09 19:03:02 | INFO    | train_session_alignment | [align] filterbank_reweighting fbcnet      single_sub-049_ses01-to-ses02 seed=4 acc=0.5250 (ntr=160 nval=40 nte=200)
2026-06-09 19:03:16 | INFO    | train_session_alignment | [align] filterbank_reweighting fbcnet      single_sub-049_ses01-to-ses03 seed=4 acc=0.5150 (ntr=160 nval=40 nte=200)
2026-06-09 19:03:29 | INFO    | train_session_alignment | [align] filterbank_reweighting fbcnet      single_sub-049_ses02-to-ses01 seed=4 acc=0.8750 (ntr=160 nval=40 nte=200)
2026-06-09 19:03:42 | INFO    | train_session_alignment | [align] filterbank_reweighting fbcnet      single_sub-049_ses02-to-ses03 seed=4 acc=0.7900 (ntr=160 nval=40 nte=200)
2026-06-09 19:03:50 | INFO    | train_session_alignment | [align] filterbank_reweighting fbcnet      single_sub-049_ses03-to-ses01 seed=4 acc=0.7750 (ntr=160 nval=40 nte=200)
2026-06-09 19:03:58 | INFO    | train_session_alignment | [align] filterbank_reweighting fbcnet      single_sub-049_ses03-to-ses02 seed=4 acc=0.7700 (ntr=160 nval=40 nte=200)
2026-06-09 19:04:07 | INFO    | train_session_alignment | [align] filterbank_reweighting fbcnet      single_sub-050_ses01-to-ses02 seed=4 acc=0.7700 (ntr=160 nval=40 nte=200)
2026-06-09 19:04:16 | INFO    | train_session_alignment | [align] filterbank_reweighting fbcnet      single_sub-050_ses01-to-ses03 seed=4 acc=0.7850 (ntr=160 nval=40 nte=200)
2026-06-09 19:04:30 | INFO    | train_session_alignment | [align] filterbank_reweighting fbcnet      single_sub-050_ses02-to-ses01 seed=4 acc=0.7950 (ntr=160 nval=40 nte=200)
2026-06-09 19:04:44 | INFO    | train_session_alignment | [align] filterbank_reweighting fbcnet      single_sub-050_ses02-to-ses03 seed=4 acc=0.8150 (ntr=160 nval=40 nte=200)
2026-06-09 19:04:55 | INFO    | train_session_alignment | [align] filterbank_reweighting fbcnet      single_sub-050_ses03-to-ses01 seed=4 acc=0.7500 (ntr=160 nval=40 nte=200)
2026-06-09 19:05:06 | INFO    | train_session_alignment | [align] filterbank_reweighting fbcnet      single_sub-050_ses03-to-ses02 seed=4 acc=0.8650 (ntr=160 nval=40 nte=200)
2026-06-09 19:05:16 | INFO    | train_session_alignment | [align] filterbank_reweighting fbcnet      single_sub-051_ses01-to-ses02 seed=4 acc=0.7300 (ntr=160 nval=40 nte=200)
2026-06-09 19:05:26 | INFO    | train_session_alignment | [align] filterbank_reweighting fbcnet      single_sub-051_ses01-to-ses03 seed=4 acc=0.6700 (ntr=160 nval=40 nte=200)
2026-06-09 19:05:33 | INFO    | train_session_alignment | [align] filterbank_reweighting fbcnet      single_sub-051_ses02-to-ses01 seed=4 acc=0.7300 (ntr=160 nval=40 nte=200)
2026-06-09 19:05:41 | INFO    | train_session_alignment | [align] filterbank_reweighting fbcnet      single_sub-051_ses02-to-ses03 seed=4 acc=0.7700 (ntr=160 nval=40 nte=200)
2026-06-09 19:05:49 | INFO    | train_session_alignment | [align] filterbank_reweighting fbcnet      single_sub-051_ses03-to-ses01 seed=4 acc=0.7350 (ntr=160 nval=40 nte=200)
2026-06-09 19:05:57 | INFO    | train_session_alignment | [align] filterbank_reweighting fbcnet      single_sub-051_ses03-to-ses02 seed=4 acc=0.8250 (ntr=160 nval=40 nte=200)
2026-06-09 19:06:08 | INFO    | train_session_alignment | [align] filterbank_reweighting fbcnet      multi_sub-001_ses01ses02-to-ses03 seed=4 acc=0.6600 (ntr=320 nval=80 nte=200)
2026-06-09 19:06:15 | INFO    | train_session_alignment | [align] filterbank_reweighting fbcnet      multi_sub-002_ses01ses02-to-ses03 seed=4 acc=0.5100 (ntr=320 nval=80 nte=200)
2026-06-09 19:06:29 | INFO    | train_session_alignment | [align] filterbank_reweighting fbcnet      multi_sub-003_ses01ses02-to-ses03 seed=4 acc=0.6900 (ntr=320 nval=80 nte=200)
2026-06-09 19:06:36 | INFO    | train_session_alignment | [align] filterbank_reweighting fbcnet      multi_sub-004_ses01ses02-to-ses03 seed=4 acc=0.5050 (ntr=320 nval=80 nte=200)
2026-06-09 19:06:49 | INFO    | train_session_alignment | [align] filterbank_reweighting fbcnet      multi_sub-005_ses01ses02-to-ses03 seed=4 acc=0.8300 (ntr=320 nval=80 nte=200)
2026-06-09 19:07:07 | INFO    | train_session_alignment | [align] filterbank_reweighting fbcnet      multi_sub-006_ses01ses02-to-ses03 seed=4 acc=0.8900 (ntr=320 nval=80 nte=200)
2026-06-09 19:07:15 | INFO    | train_session_alignment | [align] filterbank_reweighting fbcnet      multi_sub-007_ses01ses02-to-ses03 seed=4 acc=0.5900 (ntr=320 nval=80 nte=200)
2026-06-09 19:07:23 | INFO    | train_session_alignment | [align] filterbank_reweighting fbcnet      multi_sub-008_ses01ses02-to-ses03 seed=4 acc=0.7150 (ntr=320 nval=80 nte=200)
2026-06-09 19:07:31 | INFO    | train_session_alignment | [align] filterbank_reweighting fbcnet      multi_sub-009_ses01ses02-to-ses03 seed=4 acc=0.5100 (ntr=320 nval=80 nte=200)
2026-06-09 19:07:40 | INFO    | train_session_alignment | [align] filterbank_reweighting fbcnet      multi_sub-010_ses01ses02-to-ses03 seed=4 acc=0.5600 (ntr=320 nval=80 nte=200)
2026-06-09 19:07:49 | INFO    | train_session_alignment | [align] filterbank_reweighting fbcnet      multi_sub-011_ses01ses02-to-ses03 seed=4 acc=0.7000 (ntr=320 nval=80 nte=200)
2026-06-09 19:07:56 | INFO    | train_session_alignment | [align] filterbank_reweighting fbcnet      multi_sub-012_ses01ses02-to-ses03 seed=4 acc=0.5100 (ntr=320 nval=80 nte=200)
2026-06-09 19:08:05 | INFO    | train_session_alignment | [align] filterbank_reweighting fbcnet      multi_sub-013_ses01ses02-to-ses03 seed=4 acc=0.5950 (ntr=320 nval=80 nte=200)
2026-06-09 19:08:13 | INFO    | train_session_alignment | [align] filterbank_reweighting fbcnet      multi_sub-014_ses01ses02-to-ses03 seed=4 acc=0.4250 (ntr=320 nval=80 nte=200)
2026-06-09 19:08:19 | INFO    | train_session_alignment | [align] filterbank_reweighting fbcnet      multi_sub-015_ses01ses02-to-ses03 seed=4 acc=0.4950 (ntr=320 nval=80 nte=200)
2026-06-09 19:08:26 | INFO    | train_session_alignment | [align] filterbank_reweighting fbcnet      multi_sub-016_ses01ses02-to-ses03 seed=4 acc=0.5000 (ntr=320 nval=80 nte=200)
2026-06-09 19:08:35 | INFO    | train_session_alignment | [align] filterbank_reweighting fbcnet      multi_sub-017_ses01ses02-to-ses03 seed=4 acc=0.5850 (ntr=320 nval=80 nte=200)
2026-06-09 19:08:44 | INFO    | train_session_alignment | [align] filterbank_reweighting fbcnet      multi_sub-018_ses01ses02-to-ses03 seed=4 acc=0.5350 (ntr=320 nval=80 nte=200)
2026-06-09 19:08:51 | INFO    | train_session_alignment | [align] filterbank_reweighting fbcnet      multi_sub-019_ses01ses02-to-ses03 seed=4 acc=0.5450 (ntr=320 nval=80 nte=200)
2026-06-09 19:09:02 | INFO    | train_session_alignment | [align] filterbank_reweighting fbcnet      multi_sub-020_ses01ses02-to-ses03 seed=4 acc=0.4150 (ntr=320 nval=80 nte=200)
2026-06-09 19:09:13 | INFO    | train_session_alignment | [align] filterbank_reweighting fbcnet      multi_sub-021_ses01ses02-to-ses03 seed=4 acc=0.5950 (ntr=320 nval=80 nte=200)
2026-06-09 19:09:22 | INFO    | train_session_alignment | [align] filterbank_reweighting fbcnet      multi_sub-022_ses01ses02-to-ses03 seed=4 acc=0.5450 (ntr=320 nval=80 nte=200)
2026-06-09 19:09:38 | INFO    | train_session_alignment | [align] filterbank_reweighting fbcnet      multi_sub-025_ses01ses02-to-ses03 seed=4 acc=0.5550 (ntr=320 nval=80 nte=200)
2026-06-09 19:09:52 | INFO    | train_session_alignment | [align] filterbank_reweighting fbcnet      multi_sub-027_ses01ses02-to-ses03 seed=4 acc=0.5000 (ntr=320 nval=80 nte=200)
2026-06-09 19:10:07 | INFO    | train_session_alignment | [align] filterbank_reweighting fbcnet      multi_sub-028_ses01ses02-to-ses03 seed=4 acc=0.7350 (ntr=320 nval=80 nte=200)
2026-06-09 19:10:22 | INFO    | train_session_alignment | [align] filterbank_reweighting fbcnet      multi_sub-029_ses01ses02-to-ses03 seed=4 acc=0.9600 (ntr=320 nval=80 nte=200)
2026-06-09 19:10:32 | INFO    | train_session_alignment | [align] filterbank_reweighting fbcnet      multi_sub-030_ses01ses02-to-ses03 seed=4 acc=0.7550 (ntr=320 nval=80 nte=200)
2026-06-09 19:10:42 | INFO    | train_session_alignment | [align] filterbank_reweighting fbcnet      multi_sub-031_ses01ses02-to-ses03 seed=4 acc=0.7450 (ntr=320 nval=80 nte=200)
2026-06-09 19:10:56 | INFO    | train_session_alignment | [align] filterbank_reweighting fbcnet      multi_sub-033_ses01ses02-to-ses03 seed=4 acc=0.9300 (ntr=320 nval=80 nte=200)
2026-06-09 19:11:05 | INFO    | train_session_alignment | [align] filterbank_reweighting fbcnet      multi_sub-034_ses01ses02-to-ses03 seed=4 acc=0.5850 (ntr=320 nval=80 nte=200)
2026-06-09 19:11:17 | INFO    | train_session_alignment | [align] filterbank_reweighting fbcnet      multi_sub-035_ses01ses02-to-ses03 seed=4 acc=0.8850 (ntr=320 nval=80 nte=200)
2026-06-09 19:11:25 | INFO    | train_session_alignment | [align] filterbank_reweighting fbcnet      multi_sub-036_ses01ses02-to-ses03 seed=4 acc=0.8950 (ntr=320 nval=80 nte=200)
2026-06-09 19:11:35 | INFO    | train_session_alignment | [align] filterbank_reweighting fbcnet      multi_sub-037_ses01ses02-to-ses03 seed=4 acc=0.6200 (ntr=320 nval=80 nte=200)
2026-06-09 19:11:43 | INFO    | train_session_alignment | [align] filterbank_reweighting fbcnet      multi_sub-038_ses01ses02-to-ses03 seed=4 acc=0.5350 (ntr=320 nval=80 nte=200)
2026-06-09 19:11:50 | INFO    | train_session_alignment | [align] filterbank_reweighting fbcnet      multi_sub-039_ses01ses02-to-ses03 seed=4 acc=0.6400 (ntr=320 nval=80 nte=200)
2026-06-09 19:11:58 | INFO    | train_session_alignment | [align] filterbank_reweighting fbcnet      multi_sub-040_ses01ses02-to-ses03 seed=4 acc=0.6600 (ntr=320 nval=80 nte=200)
2026-06-09 19:12:09 | INFO    | train_session_alignment | [align] filterbank_reweighting fbcnet      multi_sub-041_ses01ses02-to-ses03 seed=4 acc=0.8600 (ntr=320 nval=80 nte=200)
2026-06-09 19:12:16 | INFO    | train_session_alignment | [align] filterbank_reweighting fbcnet      multi_sub-042_ses01ses02-to-ses03 seed=4 acc=0.5800 (ntr=320 nval=80 nte=200)
2026-06-09 19:12:33 | INFO    | train_session_alignment | [align] filterbank_reweighting fbcnet      multi_sub-043_ses01ses02-to-ses03 seed=4 acc=0.9900 (ntr=320 nval=80 nte=200)
2026-06-09 19:12:40 | INFO    | train_session_alignment | [align] filterbank_reweighting fbcnet      multi_sub-044_ses01ses02-to-ses03 seed=4 acc=0.5550 (ntr=320 nval=80 nte=200)
2026-06-09 19:12:50 | INFO    | train_session_alignment | [align] filterbank_reweighting fbcnet      multi_sub-045_ses01ses02-to-ses03 seed=4 acc=0.7250 (ntr=320 nval=80 nte=200)
2026-06-09 19:13:08 | INFO    | train_session_alignment | [align] filterbank_reweighting fbcnet      multi_sub-046_ses01ses02-to-ses03 seed=4 acc=0.9300 (ntr=320 nval=80 nte=200)
2026-06-09 19:13:18 | INFO    | train_session_alignment | [align] filterbank_reweighting fbcnet      multi_sub-047_ses01ses02-to-ses03 seed=4 acc=0.8450 (ntr=320 nval=80 nte=200)
2026-06-09 19:13:26 | INFO    | train_session_alignment | [align] filterbank_reweighting fbcnet      multi_sub-048_ses01ses02-to-ses03 seed=4 acc=0.6300 (ntr=320 nval=80 nte=200)
2026-06-09 19:13:43 | INFO    | train_session_alignment | [align] filterbank_reweighting fbcnet      multi_sub-049_ses01ses02-to-ses03 seed=4 acc=0.7200 (ntr=320 nval=80 nte=200)
2026-06-09 19:13:55 | INFO    | train_session_alignment | [align] filterbank_reweighting fbcnet      multi_sub-050_ses01ses02-to-ses03 seed=4 acc=0.8350 (ntr=320 nval=80 nte=200)
2026-06-09 19:14:05 | INFO    | train_session_alignment | [align] filterbank_reweighting fbcnet      multi_sub-051_ses01ses02-to-ses03 seed=4 acc=0.8000 (ntr=320 nval=80 nte=200)
2026-06-09 19:14:05 | INFO    | train_session_alignment | ALL DONE in 3074.4s | rows=335 ok=335 failed=0 | out=/share/home/yuan/SYX/eeg-mi-online/outputs/experiments/alignment_baseline_v1
Done: Tue Jun  9 19:14:06 CST 2026
