Project: /share/home/yuan/SYX/eeg-mi-online
Env    : mi_torch_cu118
Args   : --methods bn_statistics_adaptation --models deepconvnet --seeds 3 --protocols single,multi --tag-suffix bn_statistics_adaptation_deepconvnet_s3
Node   : gpu01 | Start: Tue Jun  9 13:05:13 CST 2026
Tue Jun  9 13:05:14 2026       
+-----------------------------------------------------------------------------------------+
| NVIDIA-SMI 570.153.02             Driver Version: 570.153.02     CUDA Version: 12.8     |
|-----------------------------------------+------------------------+----------------------+
| GPU  Name                 Persistence-M | Bus-Id          Disp.A | Volatile Uncorr. ECC |
| Fan  Temp   Perf          Pwr:Usage/Cap |           Memory-Usage | GPU-Util  Compute M. |
|                                         |                        |               MIG M. |
|=========================================+========================+======================|
|   0  NVIDIA GeForce RTX 4090 D      On  |   00000000:21:00.0 Off |                  Off |
| 35%   44C    P0             66W /  425W |       1MiB /  24564MiB |      0%      Default |
|                                         |                        |                  N/A |
+-----------------------------------------+------------------------+----------------------+
                                                                                         
+-----------------------------------------------------------------------------------------+
| Processes:                                                                              |
|  GPU   GI   CI              PID   Type   Process name                        GPU Memory |
|        ID   ID                                                               Usage      |
|=========================================================================================|
|  No running processes found                                                             |
+-----------------------------------------------------------------------------------------+
[cuda-check] torch=2.7.1+cu118 cuda_build=11.8 cuda_avail=True
2026-06-09 13:05:17 | INFO    | train_session_alignment | device=cuda | cuda={'torch': '2.7.1+cu118', 'cuda_build': '11.8', 'cuda_available': True, 'device': 'cuda', 'device_name': 'NVIDIA GeForce RTX 4090 D'}
2026-06-09 13:05:17 | INFO    | train_session_alignment | loaded 148 ok sessions | methods=['bn_statistics_adaptation'] | models=['deepconvnet'] | seeds=[3] | groups=['single', 'multi'] | tasks=335
2026-06-09 13:05:31 | INFO    | train_session_alignment | [align] bn_statistics_adaptation deepconvnet single_sub-001_ses01-to-ses02 seed=3 acc=0.6600 (ntr=160 nval=40 nte=200)
2026-06-09 13:05:42 | INFO    | train_session_alignment | [align] bn_statistics_adaptation deepconvnet single_sub-001_ses01-to-ses03 seed=3 acc=0.7450 (ntr=160 nval=40 nte=200)
2026-06-09 13:05:54 | INFO    | train_session_alignment | [align] bn_statistics_adaptation deepconvnet single_sub-001_ses02-to-ses01 seed=3 acc=0.6350 (ntr=160 nval=40 nte=200)
2026-06-09 13:06:05 | INFO    | train_session_alignment | [align] bn_statistics_adaptation deepconvnet single_sub-001_ses02-to-ses03 seed=3 acc=0.9300 (ntr=160 nval=40 nte=200)
2026-06-09 13:06:13 | INFO    | train_session_alignment | [align] bn_statistics_adaptation deepconvnet single_sub-001_ses03-to-ses01 seed=3 acc=0.7050 (ntr=160 nval=40 nte=200)
2026-06-09 13:06:22 | INFO    | train_session_alignment | [align] bn_statistics_adaptation deepconvnet single_sub-001_ses03-to-ses02 seed=3 acc=0.8350 (ntr=160 nval=40 nte=200)
2026-06-09 13:06:28 | INFO    | train_session_alignment | [align] bn_statistics_adaptation deepconvnet single_sub-002_ses01-to-ses02 seed=3 acc=0.5600 (ntr=160 nval=40 nte=200)
2026-06-09 13:06:34 | INFO    | train_session_alignment | [align] bn_statistics_adaptation deepconvnet single_sub-002_ses01-to-ses03 seed=3 acc=0.6700 (ntr=160 nval=40 nte=200)
2026-06-09 13:06:41 | INFO    | train_session_alignment | [align] bn_statistics_adaptation deepconvnet single_sub-002_ses02-to-ses01 seed=3 acc=0.5700 (ntr=160 nval=40 nte=200)
2026-06-09 13:06:49 | INFO    | train_session_alignment | [align] bn_statistics_adaptation deepconvnet single_sub-002_ses02-to-ses03 seed=3 acc=0.6700 (ntr=160 nval=40 nte=200)
2026-06-09 13:06:55 | INFO    | train_session_alignment | [align] bn_statistics_adaptation deepconvnet single_sub-002_ses03-to-ses01 seed=3 acc=0.6150 (ntr=160 nval=40 nte=200)
2026-06-09 13:07:01 | INFO    | train_session_alignment | [align] bn_statistics_adaptation deepconvnet single_sub-002_ses03-to-ses02 seed=3 acc=0.6350 (ntr=160 nval=40 nte=200)
2026-06-09 13:07:16 | INFO    | train_session_alignment | [align] bn_statistics_adaptation deepconvnet single_sub-003_ses01-to-ses02 seed=3 acc=0.8500 (ntr=160 nval=40 nte=200)
2026-06-09 13:07:31 | INFO    | train_session_alignment | [align] bn_statistics_adaptation deepconvnet single_sub-003_ses01-to-ses03 seed=3 acc=0.5000 (ntr=160 nval=40 nte=200)
2026-06-09 13:07:40 | INFO    | train_session_alignment | [align] bn_statistics_adaptation deepconvnet single_sub-003_ses02-to-ses01 seed=3 acc=0.8700 (ntr=160 nval=40 nte=200)
2026-06-09 13:07:50 | INFO    | train_session_alignment | [align] bn_statistics_adaptation deepconvnet single_sub-003_ses02-to-ses03 seed=3 acc=0.5550 (ntr=160 nval=40 nte=200)
2026-06-09 13:07:57 | INFO    | train_session_alignment | [align] bn_statistics_adaptation deepconvnet single_sub-003_ses03-to-ses01 seed=3 acc=0.6250 (ntr=160 nval=40 nte=200)
2026-06-09 13:08:03 | INFO    | train_session_alignment | [align] bn_statistics_adaptation deepconvnet single_sub-003_ses03-to-ses02 seed=3 acc=0.5700 (ntr=160 nval=40 nte=200)
2026-06-09 13:08:08 | INFO    | train_session_alignment | [align] bn_statistics_adaptation deepconvnet single_sub-004_ses01-to-ses02 seed=3 acc=0.4650 (ntr=160 nval=40 nte=200)
2026-06-09 13:08:14 | INFO    | train_session_alignment | [align] bn_statistics_adaptation deepconvnet single_sub-004_ses01-to-ses03 seed=3 acc=0.5250 (ntr=160 nval=40 nte=200)
2026-06-09 13:08:20 | INFO    | train_session_alignment | [align] bn_statistics_adaptation deepconvnet single_sub-004_ses02-to-ses01 seed=3 acc=0.5350 (ntr=160 nval=40 nte=200)
2026-06-09 13:08:25 | INFO    | train_session_alignment | [align] bn_statistics_adaptation deepconvnet single_sub-004_ses02-to-ses03 seed=3 acc=0.4450 (ntr=160 nval=40 nte=200)
2026-06-09 13:08:34 | INFO    | train_session_alignment | [align] bn_statistics_adaptation deepconvnet single_sub-004_ses03-to-ses01 seed=3 acc=0.5300 (ntr=160 nval=40 nte=200)
2026-06-09 13:08:43 | INFO    | train_session_alignment | [align] bn_statistics_adaptation deepconvnet single_sub-004_ses03-to-ses02 seed=3 acc=0.4950 (ntr=160 nval=40 nte=200)
2026-06-09 13:08:57 | INFO    | train_session_alignment | [align] bn_statistics_adaptation deepconvnet single_sub-005_ses01-to-ses02 seed=3 acc=0.8200 (ntr=160 nval=40 nte=200)
2026-06-09 13:09:11 | INFO    | train_session_alignment | [align] bn_statistics_adaptation deepconvnet single_sub-005_ses01-to-ses03 seed=3 acc=0.5650 (ntr=160 nval=40 nte=200)
2026-06-09 13:09:18 | INFO    | train_session_alignment | [align] bn_statistics_adaptation deepconvnet single_sub-005_ses02-to-ses01 seed=3 acc=0.6900 (ntr=160 nval=40 nte=200)
2026-06-09 13:09:24 | INFO    | train_session_alignment | [align] bn_statistics_adaptation deepconvnet single_sub-005_ses02-to-ses03 seed=3 acc=0.4850 (ntr=160 nval=40 nte=200)
2026-06-09 13:09:30 | INFO    | train_session_alignment | [align] bn_statistics_adaptation deepconvnet single_sub-005_ses03-to-ses01 seed=3 acc=0.5400 (ntr=160 nval=40 nte=200)
2026-06-09 13:09:36 | INFO    | train_session_alignment | [align] bn_statistics_adaptation deepconvnet single_sub-005_ses03-to-ses02 seed=3 acc=0.5300 (ntr=160 nval=40 nte=200)
2026-06-09 13:09:48 | INFO    | train_session_alignment | [align] bn_statistics_adaptation deepconvnet single_sub-006_ses01-to-ses02 seed=3 acc=0.8900 (ntr=160 nval=40 nte=200)
2026-06-09 13:10:00 | INFO    | train_session_alignment | [align] bn_statistics_adaptation deepconvnet single_sub-006_ses01-to-ses03 seed=3 acc=0.9450 (ntr=160 nval=40 nte=200)
2026-06-09 13:10:15 | INFO    | train_session_alignment | [align] bn_statistics_adaptation deepconvnet single_sub-006_ses02-to-ses01 seed=3 acc=0.8100 (ntr=160 nval=40 nte=200)
2026-06-09 13:10:30 | INFO    | train_session_alignment | [align] bn_statistics_adaptation deepconvnet single_sub-006_ses02-to-ses03 seed=3 acc=0.8450 (ntr=160 nval=40 nte=200)
2026-06-09 13:10:39 | INFO    | train_session_alignment | [align] bn_statistics_adaptation deepconvnet single_sub-006_ses03-to-ses01 seed=3 acc=0.6750 (ntr=160 nval=40 nte=200)
2026-06-09 13:10:48 | INFO    | train_session_alignment | [align] bn_statistics_adaptation deepconvnet single_sub-006_ses03-to-ses02 seed=3 acc=0.8100 (ntr=160 nval=40 nte=200)
2026-06-09 13:10:55 | INFO    | train_session_alignment | [align] bn_statistics_adaptation deepconvnet single_sub-007_ses01-to-ses02 seed=3 acc=0.7450 (ntr=160 nval=40 nte=200)
2026-06-09 13:11:02 | INFO    | train_session_alignment | [align] bn_statistics_adaptation deepconvnet single_sub-007_ses01-to-ses03 seed=3 acc=0.8300 (ntr=160 nval=40 nte=200)
2026-06-09 13:11:08 | INFO    | train_session_alignment | [align] bn_statistics_adaptation deepconvnet single_sub-007_ses02-to-ses01 seed=3 acc=0.6100 (ntr=160 nval=40 nte=200)
2026-06-09 13:11:14 | INFO    | train_session_alignment | [align] bn_statistics_adaptation deepconvnet single_sub-007_ses02-to-ses03 seed=3 acc=0.8200 (ntr=160 nval=40 nte=200)
2026-06-09 13:11:20 | INFO    | train_session_alignment | [align] bn_statistics_adaptation deepconvnet single_sub-007_ses03-to-ses01 seed=3 acc=0.6300 (ntr=160 nval=40 nte=200)
2026-06-09 13:11:27 | INFO    | train_session_alignment | [align] bn_statistics_adaptation deepconvnet single_sub-007_ses03-to-ses02 seed=3 acc=0.7550 (ntr=160 nval=40 nte=200)
2026-06-09 13:11:33 | INFO    | train_session_alignment | [align] bn_statistics_adaptation deepconvnet single_sub-008_ses01-to-ses02 seed=3 acc=0.5500 (ntr=160 nval=40 nte=200)
2026-06-09 13:11:40 | INFO    | train_session_alignment | [align] bn_statistics_adaptation deepconvnet single_sub-008_ses01-to-ses03 seed=3 acc=0.6400 (ntr=160 nval=40 nte=200)
2026-06-09 13:11:51 | INFO    | train_session_alignment | [align] bn_statistics_adaptation deepconvnet single_sub-008_ses02-to-ses01 seed=3 acc=0.7050 (ntr=160 nval=40 nte=200)
2026-06-09 13:12:01 | INFO    | train_session_alignment | [align] bn_statistics_adaptation deepconvnet single_sub-008_ses02-to-ses03 seed=3 acc=0.7950 (ntr=160 nval=40 nte=200)
2026-06-09 13:12:14 | INFO    | train_session_alignment | [align] bn_statistics_adaptation deepconvnet single_sub-008_ses03-to-ses01 seed=3 acc=0.5700 (ntr=160 nval=40 nte=200)
2026-06-09 13:12:27 | INFO    | train_session_alignment | [align] bn_statistics_adaptation deepconvnet single_sub-008_ses03-to-ses02 seed=3 acc=0.6850 (ntr=160 nval=40 nte=200)
2026-06-09 13:12:37 | INFO    | train_session_alignment | [align] bn_statistics_adaptation deepconvnet single_sub-009_ses01-to-ses02 seed=3 acc=0.7150 (ntr=160 nval=40 nte=200)
2026-06-09 13:12:46 | INFO    | train_session_alignment | [align] bn_statistics_adaptation deepconvnet single_sub-009_ses01-to-ses03 seed=3 acc=0.6150 (ntr=160 nval=40 nte=200)
2026-06-09 13:12:56 | INFO    | train_session_alignment | [align] bn_statistics_adaptation deepconvnet single_sub-009_ses02-to-ses01 seed=3 acc=0.6700 (ntr=160 nval=40 nte=200)
2026-06-09 13:13:05 | INFO    | train_session_alignment | [align] bn_statistics_adaptation deepconvnet single_sub-009_ses02-to-ses03 seed=3 acc=0.5900 (ntr=160 nval=40 nte=200)
2026-06-09 13:13:11 | INFO    | train_session_alignment | [align] bn_statistics_adaptation deepconvnet single_sub-009_ses03-to-ses01 seed=3 acc=0.6100 (ntr=160 nval=40 nte=200)
2026-06-09 13:13:16 | INFO    | train_session_alignment | [align] bn_statistics_adaptation deepconvnet single_sub-009_ses03-to-ses02 seed=3 acc=0.6450 (ntr=160 nval=40 nte=200)
2026-06-09 13:13:22 | INFO    | train_session_alignment | [align] bn_statistics_adaptation deepconvnet single_sub-010_ses01-to-ses02 seed=3 acc=0.7600 (ntr=160 nval=40 nte=200)
2026-06-09 13:13:27 | INFO    | train_session_alignment | [align] bn_statistics_adaptation deepconvnet single_sub-010_ses01-to-ses03 seed=3 acc=0.5100 (ntr=160 nval=40 nte=200)
2026-06-09 13:13:34 | INFO    | train_session_alignment | [align] bn_statistics_adaptation deepconvnet single_sub-010_ses02-to-ses01 seed=3 acc=0.7450 (ntr=160 nval=40 nte=200)
2026-06-09 13:13:41 | INFO    | train_session_alignment | [align] bn_statistics_adaptation deepconvnet single_sub-010_ses02-to-ses03 seed=3 acc=0.5550 (ntr=160 nval=40 nte=200)
2026-06-09 13:13:48 | INFO    | train_session_alignment | [align] bn_statistics_adaptation deepconvnet single_sub-010_ses03-to-ses01 seed=3 acc=0.5050 (ntr=160 nval=40 nte=200)
2026-06-09 13:13:54 | INFO    | train_session_alignment | [align] bn_statistics_adaptation deepconvnet single_sub-010_ses03-to-ses02 seed=3 acc=0.5350 (ntr=160 nval=40 nte=200)
2026-06-09 13:13:59 | INFO    | train_session_alignment | [align] bn_statistics_adaptation deepconvnet single_sub-011_ses01-to-ses02 seed=3 acc=0.6850 (ntr=160 nval=40 nte=200)
2026-06-09 13:14:05 | INFO    | train_session_alignment | [align] bn_statistics_adaptation deepconvnet single_sub-011_ses01-to-ses03 seed=3 acc=0.9050 (ntr=160 nval=40 nte=200)
2026-06-09 13:14:11 | INFO    | train_session_alignment | [align] bn_statistics_adaptation deepconvnet single_sub-011_ses02-to-ses01 seed=3 acc=0.8550 (ntr=160 nval=40 nte=200)
2026-06-09 13:14:18 | INFO    | train_session_alignment | [align] bn_statistics_adaptation deepconvnet single_sub-011_ses02-to-ses03 seed=3 acc=0.8950 (ntr=160 nval=40 nte=200)
2026-06-09 13:14:23 | INFO    | train_session_alignment | [align] bn_statistics_adaptation deepconvnet single_sub-011_ses03-to-ses01 seed=3 acc=0.8400 (ntr=160 nval=40 nte=200)
2026-06-09 13:14:28 | INFO    | train_session_alignment | [align] bn_statistics_adaptation deepconvnet single_sub-011_ses03-to-ses02 seed=3 acc=0.6950 (ntr=160 nval=40 nte=200)
2026-06-09 13:14:34 | INFO    | train_session_alignment | [align] bn_statistics_adaptation deepconvnet single_sub-012_ses01-to-ses02 seed=3 acc=0.5350 (ntr=160 nval=40 nte=200)
2026-06-09 13:14:39 | INFO    | train_session_alignment | [align] bn_statistics_adaptation deepconvnet single_sub-012_ses01-to-ses03 seed=3 acc=0.5600 (ntr=160 nval=40 nte=200)
2026-06-09 13:14:44 | INFO    | train_session_alignment | [align] bn_statistics_adaptation deepconvnet single_sub-012_ses02-to-ses01 seed=3 acc=0.5300 (ntr=160 nval=40 nte=200)
2026-06-09 13:14:50 | INFO    | train_session_alignment | [align] bn_statistics_adaptation deepconvnet single_sub-012_ses02-to-ses03 seed=3 acc=0.5500 (ntr=160 nval=40 nte=200)
2026-06-09 13:14:55 | INFO    | train_session_alignment | [align] bn_statistics_adaptation deepconvnet single_sub-012_ses03-to-ses01 seed=3 acc=0.5150 (ntr=160 nval=40 nte=200)
2026-06-09 13:15:01 | INFO    | train_session_alignment | [align] bn_statistics_adaptation deepconvnet single_sub-012_ses03-to-ses02 seed=3 acc=0.5150 (ntr=160 nval=40 nte=200)
2026-06-09 13:15:06 | INFO    | train_session_alignment | [align] bn_statistics_adaptation deepconvnet single_sub-013_ses01-to-ses02 seed=3 acc=0.5700 (ntr=160 nval=40 nte=200)
2026-06-09 13:15:12 | INFO    | train_session_alignment | [align] bn_statistics_adaptation deepconvnet single_sub-013_ses01-to-ses03 seed=3 acc=0.6550 (ntr=160 nval=40 nte=200)
2026-06-09 13:15:22 | INFO    | train_session_alignment | [align] bn_statistics_adaptation deepconvnet single_sub-013_ses02-to-ses01 seed=3 acc=0.6200 (ntr=160 nval=40 nte=200)
2026-06-09 13:15:31 | INFO    | train_session_alignment | [align] bn_statistics_adaptation deepconvnet single_sub-013_ses02-to-ses03 seed=3 acc=0.7550 (ntr=160 nval=40 nte=200)
2026-06-09 13:15:38 | INFO    | train_session_alignment | [align] bn_statistics_adaptation deepconvnet single_sub-013_ses03-to-ses01 seed=3 acc=0.6800 (ntr=160 nval=40 nte=200)
2026-06-09 13:15:44 | INFO    | train_session_alignment | [align] bn_statistics_adaptation deepconvnet single_sub-013_ses03-to-ses02 seed=3 acc=0.7100 (ntr=160 nval=40 nte=200)
2026-06-09 13:15:50 | INFO    | train_session_alignment | [align] bn_statistics_adaptation deepconvnet single_sub-014_ses01-to-ses02 seed=3 acc=0.4950 (ntr=160 nval=40 nte=200)
2026-06-09 13:15:55 | INFO    | train_session_alignment | [align] bn_statistics_adaptation deepconvnet single_sub-014_ses01-to-ses03 seed=3 acc=0.5100 (ntr=160 nval=40 nte=200)
2026-06-09 13:16:01 | INFO    | train_session_alignment | [align] bn_statistics_adaptation deepconvnet single_sub-014_ses02-to-ses01 seed=3 acc=0.5350 (ntr=160 nval=40 nte=200)
2026-06-09 13:16:07 | INFO    | train_session_alignment | [align] bn_statistics_adaptation deepconvnet single_sub-014_ses02-to-ses03 seed=3 acc=0.4500 (ntr=160 nval=40 nte=200)
2026-06-09 13:16:13 | INFO    | train_session_alignment | [align] bn_statistics_adaptation deepconvnet single_sub-014_ses03-to-ses01 seed=3 acc=0.5400 (ntr=160 nval=40 nte=200)
2026-06-09 13:16:18 | INFO    | train_session_alignment | [align] bn_statistics_adaptation deepconvnet single_sub-014_ses03-to-ses02 seed=3 acc=0.4500 (ntr=160 nval=40 nte=200)
2026-06-09 13:16:29 | INFO    | train_session_alignment | [align] bn_statistics_adaptation deepconvnet single_sub-015_ses01-to-ses02 seed=3 acc=0.7050 (ntr=160 nval=40 nte=200)
2026-06-09 13:16:41 | INFO    | train_session_alignment | [align] bn_statistics_adaptation deepconvnet single_sub-015_ses01-to-ses03 seed=3 acc=0.6300 (ntr=160 nval=40 nte=200)
2026-06-09 13:16:51 | INFO    | train_session_alignment | [align] bn_statistics_adaptation deepconvnet single_sub-015_ses02-to-ses01 seed=3 acc=0.6350 (ntr=160 nval=40 nte=200)
2026-06-09 13:17:00 | INFO    | train_session_alignment | [align] bn_statistics_adaptation deepconvnet single_sub-015_ses02-to-ses03 seed=3 acc=0.4950 (ntr=160 nval=40 nte=200)
2026-06-09 13:17:14 | INFO    | train_session_alignment | [align] bn_statistics_adaptation deepconvnet single_sub-015_ses03-to-ses01 seed=3 acc=0.6400 (ntr=160 nval=40 nte=200)
2026-06-09 13:17:28 | INFO    | train_session_alignment | [align] bn_statistics_adaptation deepconvnet single_sub-015_ses03-to-ses02 seed=3 acc=0.6800 (ntr=160 nval=40 nte=200)
2026-06-09 13:17:34 | INFO    | train_session_alignment | [align] bn_statistics_adaptation deepconvnet single_sub-016_ses01-to-ses02 seed=3 acc=0.4700 (ntr=160 nval=40 nte=200)
2026-06-09 13:17:41 | INFO    | train_session_alignment | [align] bn_statistics_adaptation deepconvnet single_sub-016_ses01-to-ses03 seed=3 acc=0.5050 (ntr=160 nval=40 nte=200)
2026-06-09 13:17:46 | INFO    | train_session_alignment | [align] bn_statistics_adaptation deepconvnet single_sub-016_ses02-to-ses01 seed=3 acc=0.4950 (ntr=160 nval=40 nte=200)
2026-06-09 13:17:52 | INFO    | train_session_alignment | [align] bn_statistics_adaptation deepconvnet single_sub-016_ses02-to-ses03 seed=3 acc=0.5600 (ntr=160 nval=40 nte=200)
2026-06-09 13:17:57 | INFO    | train_session_alignment | [align] bn_statistics_adaptation deepconvnet single_sub-016_ses03-to-ses01 seed=3 acc=0.4850 (ntr=160 nval=40 nte=200)
2026-06-09 13:18:03 | INFO    | train_session_alignment | [align] bn_statistics_adaptation deepconvnet single_sub-016_ses03-to-ses02 seed=3 acc=0.5650 (ntr=160 nval=40 nte=200)
2026-06-09 13:18:18 | INFO    | train_session_alignment | [align] bn_statistics_adaptation deepconvnet single_sub-017_ses01-to-ses02 seed=3 acc=0.7350 (ntr=160 nval=40 nte=200)
2026-06-09 13:18:32 | INFO    | train_session_alignment | [align] bn_statistics_adaptation deepconvnet single_sub-017_ses01-to-ses03 seed=3 acc=0.6600 (ntr=160 nval=40 nte=200)
2026-06-09 13:18:39 | INFO    | train_session_alignment | [align] bn_statistics_adaptation deepconvnet single_sub-017_ses02-to-ses01 seed=3 acc=0.7100 (ntr=160 nval=40 nte=200)
2026-06-09 13:18:46 | INFO    | train_session_alignment | [align] bn_statistics_adaptation deepconvnet single_sub-017_ses02-to-ses03 seed=3 acc=0.6350 (ntr=160 nval=40 nte=200)
2026-06-09 13:18:51 | INFO    | train_session_alignment | [align] bn_statistics_adaptation deepconvnet single_sub-017_ses03-to-ses01 seed=3 acc=0.6600 (ntr=160 nval=40 nte=200)
2026-06-09 13:18:56 | INFO    | train_session_alignment | [align] bn_statistics_adaptation deepconvnet single_sub-017_ses03-to-ses02 seed=3 acc=0.6450 (ntr=160 nval=40 nte=200)
2026-06-09 13:19:06 | INFO    | train_session_alignment | [align] bn_statistics_adaptation deepconvnet single_sub-018_ses01-to-ses02 seed=3 acc=0.6900 (ntr=160 nval=40 nte=200)
2026-06-09 13:19:16 | INFO    | train_session_alignment | [align] bn_statistics_adaptation deepconvnet single_sub-018_ses01-to-ses03 seed=3 acc=0.6100 (ntr=160 nval=40 nte=200)
2026-06-09 13:19:21 | INFO    | train_session_alignment | [align] bn_statistics_adaptation deepconvnet single_sub-018_ses02-to-ses01 seed=3 acc=0.5300 (ntr=160 nval=40 nte=200)
2026-06-09 13:19:26 | INFO    | train_session_alignment | [align] bn_statistics_adaptation deepconvnet single_sub-018_ses02-to-ses03 seed=3 acc=0.5700 (ntr=160 nval=40 nte=200)
2026-06-09 13:19:32 | INFO    | train_session_alignment | [align] bn_statistics_adaptation deepconvnet single_sub-018_ses03-to-ses01 seed=3 acc=0.5900 (ntr=160 nval=40 nte=200)
2026-06-09 13:19:37 | INFO    | train_session_alignment | [align] bn_statistics_adaptation deepconvnet single_sub-018_ses03-to-ses02 seed=3 acc=0.5750 (ntr=160 nval=40 nte=200)
2026-06-09 13:19:44 | INFO    | train_session_alignment | [align] bn_statistics_adaptation deepconvnet single_sub-019_ses01-to-ses02 seed=3 acc=0.5150 (ntr=160 nval=40 nte=200)
2026-06-09 13:19:50 | INFO    | train_session_alignment | [align] bn_statistics_adaptation deepconvnet single_sub-019_ses01-to-ses03 seed=3 acc=0.5750 (ntr=160 nval=40 nte=200)
2026-06-09 13:19:59 | INFO    | train_session_alignment | [align] bn_statistics_adaptation deepconvnet single_sub-019_ses02-to-ses01 seed=3 acc=0.5350 (ntr=160 nval=40 nte=200)
2026-06-09 13:20:08 | INFO    | train_session_alignment | [align] bn_statistics_adaptation deepconvnet single_sub-019_ses02-to-ses03 seed=3 acc=0.7750 (ntr=160 nval=40 nte=200)
2026-06-09 13:20:16 | INFO    | train_session_alignment | [align] bn_statistics_adaptation deepconvnet single_sub-019_ses03-to-ses01 seed=3 acc=0.5300 (ntr=160 nval=40 nte=200)
2026-06-09 13:20:25 | INFO    | train_session_alignment | [align] bn_statistics_adaptation deepconvnet single_sub-019_ses03-to-ses02 seed=3 acc=0.7200 (ntr=160 nval=40 nte=200)
2026-06-09 13:20:37 | INFO    | train_session_alignment | [align] bn_statistics_adaptation deepconvnet single_sub-020_ses01-to-ses02 seed=3 acc=0.8650 (ntr=160 nval=40 nte=200)
2026-06-09 13:20:48 | INFO    | train_session_alignment | [align] bn_statistics_adaptation deepconvnet single_sub-020_ses01-to-ses03 seed=3 acc=0.5800 (ntr=160 nval=40 nte=200)
2026-06-09 13:21:05 | INFO    | train_session_alignment | [align] bn_statistics_adaptation deepconvnet single_sub-020_ses02-to-ses01 seed=3 acc=0.7700 (ntr=160 nval=40 nte=200)
2026-06-09 13:21:22 | INFO    | train_session_alignment | [align] bn_statistics_adaptation deepconvnet single_sub-020_ses02-to-ses03 seed=3 acc=0.5000 (ntr=160 nval=40 nte=200)
2026-06-09 13:21:35 | INFO    | train_session_alignment | [align] bn_statistics_adaptation deepconvnet single_sub-020_ses03-to-ses01 seed=3 acc=0.4300 (ntr=160 nval=40 nte=200)
2026-06-09 13:21:47 | INFO    | train_session_alignment | [align] bn_statistics_adaptation deepconvnet single_sub-020_ses03-to-ses02 seed=3 acc=0.4350 (ntr=160 nval=40 nte=200)
2026-06-09 13:22:03 | INFO    | train_session_alignment | [align] bn_statistics_adaptation deepconvnet single_sub-021_ses01-to-ses02 seed=3 acc=0.7250 (ntr=160 nval=40 nte=200)
2026-06-09 13:22:18 | INFO    | train_session_alignment | [align] bn_statistics_adaptation deepconvnet single_sub-021_ses01-to-ses03 seed=3 acc=0.7750 (ntr=160 nval=40 nte=200)
2026-06-09 13:22:35 | INFO    | train_session_alignment | [align] bn_statistics_adaptation deepconvnet single_sub-021_ses02-to-ses01 seed=3 acc=0.7900 (ntr=160 nval=40 nte=200)
2026-06-09 13:22:52 | INFO    | train_session_alignment | [align] bn_statistics_adaptation deepconvnet single_sub-021_ses02-to-ses03 seed=3 acc=0.8050 (ntr=160 nval=40 nte=200)
2026-06-09 13:22:57 | INFO    | train_session_alignment | [align] bn_statistics_adaptation deepconvnet single_sub-021_ses03-to-ses01 seed=3 acc=0.5500 (ntr=160 nval=40 nte=200)
2026-06-09 13:23:02 | INFO    | train_session_alignment | [align] bn_statistics_adaptation deepconvnet single_sub-021_ses03-to-ses02 seed=3 acc=0.4800 (ntr=160 nval=40 nte=200)
2026-06-09 13:23:08 | INFO    | train_session_alignment | [align] bn_statistics_adaptation deepconvnet single_sub-022_ses01-to-ses02 seed=3 acc=0.5350 (ntr=160 nval=40 nte=200)
2026-06-09 13:23:15 | INFO    | train_session_alignment | [align] bn_statistics_adaptation deepconvnet single_sub-022_ses01-to-ses03 seed=3 acc=0.5200 (ntr=160 nval=40 nte=200)
2026-06-09 13:23:32 | INFO    | train_session_alignment | [align] bn_statistics_adaptation deepconvnet single_sub-022_ses02-to-ses01 seed=3 acc=0.4900 (ntr=160 nval=40 nte=200)
2026-06-09 13:23:49 | INFO    | train_session_alignment | [align] bn_statistics_adaptation deepconvnet single_sub-022_ses02-to-ses03 seed=3 acc=0.7050 (ntr=160 nval=40 nte=200)
2026-06-09 13:23:59 | INFO    | train_session_alignment | [align] bn_statistics_adaptation deepconvnet single_sub-022_ses03-to-ses01 seed=3 acc=0.6150 (ntr=160 nval=40 nte=200)
2026-06-09 13:24:10 | INFO    | train_session_alignment | [align] bn_statistics_adaptation deepconvnet single_sub-022_ses03-to-ses02 seed=3 acc=0.5550 (ntr=160 nval=40 nte=200)
2026-06-09 13:24:16 | INFO    | train_session_alignment | [align] bn_statistics_adaptation deepconvnet single_sub-023_ses02-to-ses03 seed=3 acc=0.7000 (ntr=160 nval=40 nte=200)
2026-06-09 13:24:37 | INFO    | train_session_alignment | [align] bn_statistics_adaptation deepconvnet single_sub-023_ses03-to-ses02 seed=3 acc=0.7150 (ntr=160 nval=40 nte=200)
2026-06-09 13:24:42 | INFO    | train_session_alignment | [align] bn_statistics_adaptation deepconvnet single_sub-025_ses01-to-ses02 seed=3 acc=0.9150 (ntr=160 nval=40 nte=200)
2026-06-09 13:24:48 | INFO    | train_session_alignment | [align] bn_statistics_adaptation deepconvnet single_sub-025_ses01-to-ses03 seed=3 acc=0.8400 (ntr=160 nval=40 nte=200)
2026-06-09 13:24:53 | INFO    | train_session_alignment | [align] bn_statistics_adaptation deepconvnet single_sub-025_ses02-to-ses01 seed=3 acc=0.8800 (ntr=160 nval=40 nte=200)
2026-06-09 13:24:58 | INFO    | train_session_alignment | [align] bn_statistics_adaptation deepconvnet single_sub-025_ses02-to-ses03 seed=3 acc=0.8100 (ntr=160 nval=40 nte=200)
2026-06-09 13:25:04 | INFO    | train_session_alignment | [align] bn_statistics_adaptation deepconvnet single_sub-025_ses03-to-ses01 seed=3 acc=0.8850 (ntr=160 nval=40 nte=200)
2026-06-09 13:25:09 | INFO    | train_session_alignment | [align] bn_statistics_adaptation deepconvnet single_sub-025_ses03-to-ses02 seed=3 acc=0.8700 (ntr=160 nval=40 nte=200)
2026-06-09 13:25:15 | INFO    | train_session_alignment | [align] bn_statistics_adaptation deepconvnet single_sub-026_ses02-to-ses03 seed=3 acc=0.6750 (ntr=160 nval=40 nte=200)
2026-06-09 13:25:21 | INFO    | train_session_alignment | [align] bn_statistics_adaptation deepconvnet single_sub-026_ses03-to-ses02 seed=3 acc=0.9050 (ntr=160 nval=40 nte=200)
2026-06-09 13:25:26 | INFO    | train_session_alignment | [align] bn_statistics_adaptation deepconvnet single_sub-027_ses01-to-ses02 seed=3 acc=0.6150 (ntr=160 nval=40 nte=200)
2026-06-09 13:25:32 | INFO    | train_session_alignment | [align] bn_statistics_adaptation deepconvnet single_sub-027_ses01-to-ses03 seed=3 acc=0.6950 (ntr=160 nval=40 nte=200)
2026-06-09 13:25:43 | INFO    | train_session_alignment | [align] bn_statistics_adaptation deepconvnet single_sub-027_ses02-to-ses01 seed=3 acc=0.6550 (ntr=160 nval=40 nte=200)
2026-06-09 13:25:55 | INFO    | train_session_alignment | [align] bn_statistics_adaptation deepconvnet single_sub-027_ses02-to-ses03 seed=3 acc=0.7800 (ntr=160 nval=40 nte=200)
2026-06-09 13:26:06 | INFO    | train_session_alignment | [align] bn_statistics_adaptation deepconvnet single_sub-027_ses03-to-ses01 seed=3 acc=0.7100 (ntr=160 nval=40 nte=200)
2026-06-09 13:26:17 | INFO    | train_session_alignment | [align] bn_statistics_adaptation deepconvnet single_sub-027_ses03-to-ses02 seed=3 acc=0.5750 (ntr=160 nval=40 nte=200)
2026-06-09 13:26:26 | INFO    | train_session_alignment | [align] bn_statistics_adaptation deepconvnet single_sub-028_ses01-to-ses02 seed=3 acc=0.7900 (ntr=160 nval=40 nte=200)
2026-06-09 13:26:34 | INFO    | train_session_alignment | [align] bn_statistics_adaptation deepconvnet single_sub-028_ses01-to-ses03 seed=3 acc=0.5100 (ntr=160 nval=40 nte=200)
2026-06-09 13:26:44 | INFO    | train_session_alignment | [align] bn_statistics_adaptation deepconvnet single_sub-028_ses02-to-ses01 seed=3 acc=0.6650 (ntr=160 nval=40 nte=200)
2026-06-09 13:26:54 | INFO    | train_session_alignment | [align] bn_statistics_adaptation deepconvnet single_sub-028_ses02-to-ses03 seed=3 acc=0.5050 (ntr=160 nval=40 nte=200)
2026-06-09 13:27:02 | INFO    | train_session_alignment | [align] bn_statistics_adaptation deepconvnet single_sub-028_ses03-to-ses01 seed=3 acc=0.5600 (ntr=160 nval=40 nte=200)
2026-06-09 13:27:09 | INFO    | train_session_alignment | [align] bn_statistics_adaptation deepconvnet single_sub-028_ses03-to-ses02 seed=3 acc=0.5700 (ntr=160 nval=40 nte=200)
2026-06-09 13:27:31 | INFO    | train_session_alignment | [align] bn_statistics_adaptation deepconvnet single_sub-029_ses01-to-ses02 seed=3 acc=0.6300 (ntr=160 nval=40 nte=200)
2026-06-09 13:27:53 | INFO    | train_session_alignment | [align] bn_statistics_adaptation deepconvnet single_sub-029_ses01-to-ses03 seed=3 acc=0.6400 (ntr=160 nval=40 nte=200)
2026-06-09 13:28:09 | INFO    | train_session_alignment | [align] bn_statistics_adaptation deepconvnet single_sub-029_ses02-to-ses01 seed=3 acc=0.3700 (ntr=160 nval=40 nte=200)
2026-06-09 13:28:25 | INFO    | train_session_alignment | [align] bn_statistics_adaptation deepconvnet single_sub-029_ses02-to-ses03 seed=3 acc=0.9350 (ntr=160 nval=40 nte=200)
2026-06-09 13:28:48 | INFO    | train_session_alignment | [align] bn_statistics_adaptation deepconvnet single_sub-029_ses03-to-ses01 seed=3 acc=0.4350 (ntr=160 nval=40 nte=200)
2026-06-09 13:29:10 | INFO    | train_session_alignment | [align] bn_statistics_adaptation deepconvnet single_sub-029_ses03-to-ses02 seed=3 acc=0.8350 (ntr=160 nval=40 nte=200)
2026-06-09 13:29:21 | INFO    | train_session_alignment | [align] bn_statistics_adaptation deepconvnet single_sub-030_ses01-to-ses02 seed=3 acc=0.8700 (ntr=160 nval=40 nte=200)
2026-06-09 13:29:31 | INFO    | train_session_alignment | [align] bn_statistics_adaptation deepconvnet single_sub-030_ses01-to-ses03 seed=3 acc=0.8250 (ntr=160 nval=40 nte=200)
2026-06-09 13:29:42 | INFO    | train_session_alignment | [align] bn_statistics_adaptation deepconvnet single_sub-030_ses02-to-ses01 seed=3 acc=0.5050 (ntr=160 nval=40 nte=200)
2026-06-09 13:29:54 | INFO    | train_session_alignment | [align] bn_statistics_adaptation deepconvnet single_sub-030_ses02-to-ses03 seed=3 acc=0.8350 (ntr=160 nval=40 nte=200)
2026-06-09 13:30:05 | INFO    | train_session_alignment | [align] bn_statistics_adaptation deepconvnet single_sub-030_ses03-to-ses01 seed=3 acc=0.5050 (ntr=160 nval=40 nte=200)
2026-06-09 13:30:16 | INFO    | train_session_alignment | [align] bn_statistics_adaptation deepconvnet single_sub-030_ses03-to-ses02 seed=3 acc=0.7750 (ntr=160 nval=40 nte=200)
2026-06-09 13:30:24 | INFO    | train_session_alignment | [align] bn_statistics_adaptation deepconvnet single_sub-031_ses01-to-ses02 seed=3 acc=0.6750 (ntr=160 nval=40 nte=200)
2026-06-09 13:30:31 | INFO    | train_session_alignment | [align] bn_statistics_adaptation deepconvnet single_sub-031_ses01-to-ses03 seed=3 acc=0.5950 (ntr=160 nval=40 nte=200)
2026-06-09 13:30:41 | INFO    | train_session_alignment | [align] bn_statistics_adaptation deepconvnet single_sub-031_ses02-to-ses01 seed=3 acc=0.7050 (ntr=160 nval=40 nte=200)
2026-06-09 13:30:51 | INFO    | train_session_alignment | [align] bn_statistics_adaptation deepconvnet single_sub-031_ses02-to-ses03 seed=3 acc=0.7500 (ntr=160 nval=40 nte=200)
2026-06-09 13:30:59 | INFO    | train_session_alignment | [align] bn_statistics_adaptation deepconvnet single_sub-031_ses03-to-ses01 seed=3 acc=0.7150 (ntr=160 nval=40 nte=200)
2026-06-09 13:31:07 | INFO    | train_session_alignment | [align] bn_statistics_adaptation deepconvnet single_sub-031_ses03-to-ses02 seed=3 acc=0.8300 (ntr=160 nval=40 nte=200)
2026-06-09 13:31:15 | INFO    | train_session_alignment | [align] bn_statistics_adaptation deepconvnet single_sub-032_ses01-to-ses03 seed=3 acc=0.6700 (ntr=160 nval=40 nte=200)
2026-06-09 13:31:23 | INFO    | train_session_alignment | [align] bn_statistics_adaptation deepconvnet single_sub-032_ses03-to-ses01 seed=3 acc=0.5450 (ntr=160 nval=40 nte=200)
2026-06-09 13:31:34 | INFO    | train_session_alignment | [align] bn_statistics_adaptation deepconvnet single_sub-033_ses01-to-ses02 seed=3 acc=0.8250 (ntr=160 nval=40 nte=200)
2026-06-09 13:31:45 | INFO    | train_session_alignment | [align] bn_statistics_adaptation deepconvnet single_sub-033_ses01-to-ses03 seed=3 acc=0.8500 (ntr=160 nval=40 nte=200)
2026-06-09 13:31:52 | INFO    | train_session_alignment | [align] bn_statistics_adaptation deepconvnet single_sub-033_ses02-to-ses01 seed=3 acc=0.8350 (ntr=160 nval=40 nte=200)
2026-06-09 13:31:58 | INFO    | train_session_alignment | [align] bn_statistics_adaptation deepconvnet single_sub-033_ses02-to-ses03 seed=3 acc=0.8000 (ntr=160 nval=40 nte=200)
2026-06-09 13:32:06 | INFO    | train_session_alignment | [align] bn_statistics_adaptation deepconvnet single_sub-033_ses03-to-ses01 seed=3 acc=0.8250 (ntr=160 nval=40 nte=200)
2026-06-09 13:32:14 | INFO    | train_session_alignment | [align] bn_statistics_adaptation deepconvnet single_sub-033_ses03-to-ses02 seed=3 acc=0.7650 (ntr=160 nval=40 nte=200)
2026-06-09 13:32:24 | INFO    | train_session_alignment | [align] bn_statistics_adaptation deepconvnet single_sub-034_ses01-to-ses02 seed=3 acc=0.8450 (ntr=160 nval=40 nte=200)
2026-06-09 13:32:34 | INFO    | train_session_alignment | [align] bn_statistics_adaptation deepconvnet single_sub-034_ses01-to-ses03 seed=3 acc=0.7900 (ntr=160 nval=40 nte=200)
2026-06-09 13:32:40 | INFO    | train_session_alignment | [align] bn_statistics_adaptation deepconvnet single_sub-034_ses02-to-ses01 seed=3 acc=0.6350 (ntr=160 nval=40 nte=200)
2026-06-09 13:32:46 | INFO    | train_session_alignment | [align] bn_statistics_adaptation deepconvnet single_sub-034_ses02-to-ses03 seed=3 acc=0.9100 (ntr=160 nval=40 nte=200)
2026-06-09 13:33:01 | INFO    | train_session_alignment | [align] bn_statistics_adaptation deepconvnet single_sub-034_ses03-to-ses01 seed=3 acc=0.6650 (ntr=160 nval=40 nte=200)
2026-06-09 13:33:16 | INFO    | train_session_alignment | [align] bn_statistics_adaptation deepconvnet single_sub-034_ses03-to-ses02 seed=3 acc=0.9400 (ntr=160 nval=40 nte=200)
2026-06-09 13:33:27 | INFO    | train_session_alignment | [align] bn_statistics_adaptation deepconvnet single_sub-035_ses01-to-ses02 seed=3 acc=0.9650 (ntr=160 nval=40 nte=200)
2026-06-09 13:33:38 | INFO    | train_session_alignment | [align] bn_statistics_adaptation deepconvnet single_sub-035_ses01-to-ses03 seed=3 acc=0.8750 (ntr=160 nval=40 nte=200)
2026-06-09 13:33:47 | INFO    | train_session_alignment | [align] bn_statistics_adaptation deepconvnet single_sub-035_ses02-to-ses01 seed=3 acc=0.9950 (ntr=160 nval=40 nte=200)
2026-06-09 13:33:56 | INFO    | train_session_alignment | [align] bn_statistics_adaptation deepconvnet single_sub-035_ses02-to-ses03 seed=3 acc=0.9300 (ntr=160 nval=40 nte=200)
2026-06-09 13:34:18 | INFO    | train_session_alignment | [align] bn_statistics_adaptation deepconvnet single_sub-035_ses03-to-ses01 seed=3 acc=0.9850 (ntr=160 nval=40 nte=200)
2026-06-09 13:34:40 | INFO    | train_session_alignment | [align] bn_statistics_adaptation deepconvnet single_sub-035_ses03-to-ses02 seed=3 acc=0.9700 (ntr=160 nval=40 nte=200)
2026-06-09 13:34:48 | INFO    | train_session_alignment | [align] bn_statistics_adaptation deepconvnet single_sub-036_ses01-to-ses02 seed=3 acc=0.9000 (ntr=160 nval=40 nte=200)
2026-06-09 13:34:56 | INFO    | train_session_alignment | [align] bn_statistics_adaptation deepconvnet single_sub-036_ses01-to-ses03 seed=3 acc=0.9700 (ntr=160 nval=40 nte=200)
2026-06-09 13:35:19 | INFO    | train_session_alignment | [align] bn_statistics_adaptation deepconvnet single_sub-036_ses02-to-ses01 seed=3 acc=0.8900 (ntr=160 nval=40 nte=200)
2026-06-09 13:35:41 | INFO    | train_session_alignment | [align] bn_statistics_adaptation deepconvnet single_sub-036_ses02-to-ses03 seed=3 acc=0.9800 (ntr=160 nval=40 nte=200)
2026-06-09 13:35:48 | INFO    | train_session_alignment | [align] bn_statistics_adaptation deepconvnet single_sub-036_ses03-to-ses01 seed=3 acc=0.8450 (ntr=160 nval=40 nte=200)
2026-06-09 13:35:54 | INFO    | train_session_alignment | [align] bn_statistics_adaptation deepconvnet single_sub-036_ses03-to-ses02 seed=3 acc=0.8850 (ntr=160 nval=40 nte=200)
2026-06-09 13:36:03 | INFO    | train_session_alignment | [align] bn_statistics_adaptation deepconvnet single_sub-037_ses01-to-ses02 seed=3 acc=0.8550 (ntr=160 nval=40 nte=200)
2026-06-09 13:36:12 | INFO    | train_session_alignment | [align] bn_statistics_adaptation deepconvnet single_sub-037_ses01-to-ses03 seed=3 acc=0.8600 (ntr=160 nval=40 nte=200)
2026-06-09 13:36:26 | INFO    | train_session_alignment | [align] bn_statistics_adaptation deepconvnet single_sub-037_ses02-to-ses01 seed=3 acc=0.6400 (ntr=160 nval=40 nte=200)
2026-06-09 13:36:40 | INFO    | train_session_alignment | [align] bn_statistics_adaptation deepconvnet single_sub-037_ses02-to-ses03 seed=3 acc=0.8350 (ntr=160 nval=40 nte=200)
2026-06-09 13:36:47 | INFO    | train_session_alignment | [align] bn_statistics_adaptation deepconvnet single_sub-037_ses03-to-ses01 seed=3 acc=0.5850 (ntr=160 nval=40 nte=200)
2026-06-09 13:36:53 | INFO    | train_session_alignment | [align] bn_statistics_adaptation deepconvnet single_sub-037_ses03-to-ses02 seed=3 acc=0.9000 (ntr=160 nval=40 nte=200)
2026-06-09 13:36:59 | INFO    | train_session_alignment | [align] bn_statistics_adaptation deepconvnet single_sub-038_ses01-to-ses02 seed=3 acc=0.4250 (ntr=160 nval=40 nte=200)
2026-06-09 13:37:05 | INFO    | train_session_alignment | [align] bn_statistics_adaptation deepconvnet single_sub-038_ses01-to-ses03 seed=3 acc=0.6400 (ntr=160 nval=40 nte=200)
2026-06-09 13:37:12 | INFO    | train_session_alignment | [align] bn_statistics_adaptation deepconvnet single_sub-038_ses02-to-ses01 seed=3 acc=0.4700 (ntr=160 nval=40 nte=200)
2026-06-09 13:37:18 | INFO    | train_session_alignment | [align] bn_statistics_adaptation deepconvnet single_sub-038_ses02-to-ses03 seed=3 acc=0.5000 (ntr=160 nval=40 nte=200)
2026-06-09 13:37:34 | INFO    | train_session_alignment | [align] bn_statistics_adaptation deepconvnet single_sub-038_ses03-to-ses01 seed=3 acc=0.5750 (ntr=160 nval=40 nte=200)
2026-06-09 13:37:49 | INFO    | train_session_alignment | [align] bn_statistics_adaptation deepconvnet single_sub-038_ses03-to-ses02 seed=3 acc=0.4500 (ntr=160 nval=40 nte=200)
2026-06-09 13:37:56 | INFO    | train_session_alignment | [align] bn_statistics_adaptation deepconvnet single_sub-039_ses01-to-ses02 seed=3 acc=0.4600 (ntr=160 nval=40 nte=200)
2026-06-09 13:38:04 | INFO    | train_session_alignment | [align] bn_statistics_adaptation deepconvnet single_sub-039_ses01-to-ses03 seed=3 acc=0.4850 (ntr=160 nval=40 nte=200)
2026-06-09 13:38:13 | INFO    | train_session_alignment | [align] bn_statistics_adaptation deepconvnet single_sub-039_ses02-to-ses01 seed=3 acc=0.4600 (ntr=160 nval=40 nte=200)
2026-06-09 13:38:22 | INFO    | train_session_alignment | [align] bn_statistics_adaptation deepconvnet single_sub-039_ses02-to-ses03 seed=3 acc=0.6100 (ntr=160 nval=40 nte=200)
2026-06-09 13:38:27 | INFO    | train_session_alignment | [align] bn_statistics_adaptation deepconvnet single_sub-039_ses03-to-ses01 seed=3 acc=0.4300 (ntr=160 nval=40 nte=200)
2026-06-09 13:38:33 | INFO    | train_session_alignment | [align] bn_statistics_adaptation deepconvnet single_sub-039_ses03-to-ses02 seed=3 acc=0.6350 (ntr=160 nval=40 nte=200)
2026-06-09 13:38:41 | INFO    | train_session_alignment | [align] bn_statistics_adaptation deepconvnet single_sub-040_ses01-to-ses02 seed=3 acc=0.6100 (ntr=160 nval=40 nte=200)
2026-06-09 13:38:49 | INFO    | train_session_alignment | [align] bn_statistics_adaptation deepconvnet single_sub-040_ses01-to-ses03 seed=3 acc=0.6250 (ntr=160 nval=40 nte=200)
2026-06-09 13:38:56 | INFO    | train_session_alignment | [align] bn_statistics_adaptation deepconvnet single_sub-040_ses02-to-ses01 seed=3 acc=0.6400 (ntr=160 nval=40 nte=200)
2026-06-09 13:39:02 | INFO    | train_session_alignment | [align] bn_statistics_adaptation deepconvnet single_sub-040_ses02-to-ses03 seed=3 acc=0.7000 (ntr=160 nval=40 nte=200)
2026-06-09 13:39:10 | INFO    | train_session_alignment | [align] bn_statistics_adaptation deepconvnet single_sub-040_ses03-to-ses01 seed=3 acc=0.6750 (ntr=160 nval=40 nte=200)
2026-06-09 13:39:18 | INFO    | train_session_alignment | [align] bn_statistics_adaptation deepconvnet single_sub-040_ses03-to-ses02 seed=3 acc=0.6500 (ntr=160 nval=40 nte=200)
2026-06-09 13:39:25 | INFO    | train_session_alignment | [align] bn_statistics_adaptation deepconvnet single_sub-041_ses01-to-ses02 seed=3 acc=0.8350 (ntr=160 nval=40 nte=200)
2026-06-09 13:39:32 | INFO    | train_session_alignment | [align] bn_statistics_adaptation deepconvnet single_sub-041_ses01-to-ses03 seed=3 acc=0.8650 (ntr=160 nval=40 nte=200)
2026-06-09 13:39:38 | INFO    | train_session_alignment | [align] bn_statistics_adaptation deepconvnet single_sub-041_ses02-to-ses01 seed=3 acc=0.7800 (ntr=160 nval=40 nte=200)
2026-06-09 13:39:44 | INFO    | train_session_alignment | [align] bn_statistics_adaptation deepconvnet single_sub-041_ses02-to-ses03 seed=3 acc=0.8650 (ntr=160 nval=40 nte=200)
2026-06-09 13:39:54 | INFO    | train_session_alignment | [align] bn_statistics_adaptation deepconvnet single_sub-041_ses03-to-ses01 seed=3 acc=0.8600 (ntr=160 nval=40 nte=200)
2026-06-09 13:40:04 | INFO    | train_session_alignment | [align] bn_statistics_adaptation deepconvnet single_sub-041_ses03-to-ses02 seed=3 acc=0.8450 (ntr=160 nval=40 nte=200)
2026-06-09 13:40:12 | INFO    | train_session_alignment | [align] bn_statistics_adaptation deepconvnet single_sub-042_ses01-to-ses02 seed=3 acc=0.7450 (ntr=160 nval=40 nte=200)
2026-06-09 13:40:21 | INFO    | train_session_alignment | [align] bn_statistics_adaptation deepconvnet single_sub-042_ses01-to-ses03 seed=3 acc=0.6750 (ntr=160 nval=40 nte=200)
2026-06-09 13:40:30 | INFO    | train_session_alignment | [align] bn_statistics_adaptation deepconvnet single_sub-042_ses02-to-ses01 seed=3 acc=0.7200 (ntr=160 nval=40 nte=200)
2026-06-09 13:40:38 | INFO    | train_session_alignment | [align] bn_statistics_adaptation deepconvnet single_sub-042_ses02-to-ses03 seed=3 acc=0.6300 (ntr=160 nval=40 nte=200)
2026-06-09 13:40:44 | INFO    | train_session_alignment | [align] bn_statistics_adaptation deepconvnet single_sub-042_ses03-to-ses01 seed=3 acc=0.5600 (ntr=160 nval=40 nte=200)
2026-06-09 13:40:50 | INFO    | train_session_alignment | [align] bn_statistics_adaptation deepconvnet single_sub-042_ses03-to-ses02 seed=3 acc=0.5050 (ntr=160 nval=40 nte=200)
2026-06-09 13:40:56 | INFO    | train_session_alignment | [align] bn_statistics_adaptation deepconvnet single_sub-043_ses01-to-ses02 seed=3 acc=0.9050 (ntr=160 nval=40 nte=200)
2026-06-09 13:41:02 | INFO    | train_session_alignment | [align] bn_statistics_adaptation deepconvnet single_sub-043_ses01-to-ses03 seed=3 acc=0.8350 (ntr=160 nval=40 nte=200)
2026-06-09 13:41:17 | INFO    | train_session_alignment | [align] bn_statistics_adaptation deepconvnet single_sub-043_ses02-to-ses01 seed=3 acc=0.9850 (ntr=160 nval=40 nte=200)
2026-06-09 13:41:32 | INFO    | train_session_alignment | [align] bn_statistics_adaptation deepconvnet single_sub-043_ses02-to-ses03 seed=3 acc=0.9150 (ntr=160 nval=40 nte=200)
2026-06-09 13:41:46 | INFO    | train_session_alignment | [align] bn_statistics_adaptation deepconvnet single_sub-043_ses03-to-ses01 seed=3 acc=0.9350 (ntr=160 nval=40 nte=200)
2026-06-09 13:42:01 | INFO    | train_session_alignment | [align] bn_statistics_adaptation deepconvnet single_sub-043_ses03-to-ses02 seed=3 acc=0.8900 (ntr=160 nval=40 nte=200)
2026-06-09 13:42:06 | INFO    | train_session_alignment | [align] bn_statistics_adaptation deepconvnet single_sub-044_ses01-to-ses02 seed=3 acc=0.5600 (ntr=160 nval=40 nte=200)
2026-06-09 13:42:12 | INFO    | train_session_alignment | [align] bn_statistics_adaptation deepconvnet single_sub-044_ses01-to-ses03 seed=3 acc=0.5600 (ntr=160 nval=40 nte=200)
2026-06-09 13:42:18 | INFO    | train_session_alignment | [align] bn_statistics_adaptation deepconvnet single_sub-044_ses02-to-ses01 seed=3 acc=0.5800 (ntr=160 nval=40 nte=200)
2026-06-09 13:42:23 | INFO    | train_session_alignment | [align] bn_statistics_adaptation deepconvnet single_sub-044_ses02-to-ses03 seed=3 acc=0.6550 (ntr=160 nval=40 nte=200)
2026-06-09 13:42:37 | INFO    | train_session_alignment | [align] bn_statistics_adaptation deepconvnet single_sub-044_ses03-to-ses01 seed=3 acc=0.6550 (ntr=160 nval=40 nte=200)
2026-06-09 13:42:51 | INFO    | train_session_alignment | [align] bn_statistics_adaptation deepconvnet single_sub-044_ses03-to-ses02 seed=3 acc=0.7000 (ntr=160 nval=40 nte=200)
2026-06-09 13:43:04 | INFO    | train_session_alignment | [align] bn_statistics_adaptation deepconvnet single_sub-045_ses01-to-ses02 seed=3 acc=0.8250 (ntr=160 nval=40 nte=200)
2026-06-09 13:43:18 | INFO    | train_session_alignment | [align] bn_statistics_adaptation deepconvnet single_sub-045_ses01-to-ses03 seed=3 acc=0.8700 (ntr=160 nval=40 nte=200)
2026-06-09 13:43:24 | INFO    | train_session_alignment | [align] bn_statistics_adaptation deepconvnet single_sub-045_ses02-to-ses01 seed=3 acc=0.7500 (ntr=160 nval=40 nte=200)
2026-06-09 13:43:31 | INFO    | train_session_alignment | [align] bn_statistics_adaptation deepconvnet single_sub-045_ses02-to-ses03 seed=3 acc=0.7700 (ntr=160 nval=40 nte=200)
2026-06-09 13:43:41 | INFO    | train_session_alignment | [align] bn_statistics_adaptation deepconvnet single_sub-045_ses03-to-ses01 seed=3 acc=0.7850 (ntr=160 nval=40 nte=200)
2026-06-09 13:43:50 | INFO    | train_session_alignment | [align] bn_statistics_adaptation deepconvnet single_sub-045_ses03-to-ses02 seed=3 acc=0.7550 (ntr=160 nval=40 nte=200)
2026-06-09 13:44:07 | INFO    | train_session_alignment | [align] bn_statistics_adaptation deepconvnet single_sub-046_ses01-to-ses02 seed=3 acc=0.9450 (ntr=160 nval=40 nte=200)
2026-06-09 13:44:25 | INFO    | train_session_alignment | [align] bn_statistics_adaptation deepconvnet single_sub-046_ses01-to-ses03 seed=3 acc=0.9050 (ntr=160 nval=40 nte=200)
2026-06-09 13:44:38 | INFO    | train_session_alignment | [align] bn_statistics_adaptation deepconvnet single_sub-046_ses02-to-ses01 seed=3 acc=0.9650 (ntr=160 nval=40 nte=200)
2026-06-09 13:44:52 | INFO    | train_session_alignment | [align] bn_statistics_adaptation deepconvnet single_sub-046_ses02-to-ses03 seed=3 acc=0.9300 (ntr=160 nval=40 nte=200)
2026-06-09 13:45:06 | INFO    | train_session_alignment | [align] bn_statistics_adaptation deepconvnet single_sub-046_ses03-to-ses01 seed=3 acc=0.9500 (ntr=160 nval=40 nte=200)
2026-06-09 13:45:20 | INFO    | train_session_alignment | [align] bn_statistics_adaptation deepconvnet single_sub-046_ses03-to-ses02 seed=3 acc=0.9150 (ntr=160 nval=40 nte=200)
2026-06-09 13:45:28 | INFO    | train_session_alignment | [align] bn_statistics_adaptation deepconvnet single_sub-047_ses01-to-ses02 seed=3 acc=0.7050 (ntr=160 nval=40 nte=200)
2026-06-09 13:45:36 | INFO    | train_session_alignment | [align] bn_statistics_adaptation deepconvnet single_sub-047_ses01-to-ses03 seed=3 acc=0.6950 (ntr=160 nval=40 nte=200)
2026-06-09 13:45:45 | INFO    | train_session_alignment | [align] bn_statistics_adaptation deepconvnet single_sub-047_ses02-to-ses01 seed=3 acc=0.7700 (ntr=160 nval=40 nte=200)
2026-06-09 13:45:55 | INFO    | train_session_alignment | [align] bn_statistics_adaptation deepconvnet single_sub-047_ses02-to-ses03 seed=3 acc=0.6850 (ntr=160 nval=40 nte=200)
2026-06-09 13:46:03 | INFO    | train_session_alignment | [align] bn_statistics_adaptation deepconvnet single_sub-047_ses03-to-ses01 seed=3 acc=0.7500 (ntr=160 nval=40 nte=200)
2026-06-09 13:46:12 | INFO    | train_session_alignment | [align] bn_statistics_adaptation deepconvnet single_sub-047_ses03-to-ses02 seed=3 acc=0.7250 (ntr=160 nval=40 nte=200)
2026-06-09 13:46:17 | INFO    | train_session_alignment | [align] bn_statistics_adaptation deepconvnet single_sub-048_ses01-to-ses02 seed=3 acc=0.6900 (ntr=160 nval=40 nte=200)
2026-06-09 13:46:23 | INFO    | train_session_alignment | [align] bn_statistics_adaptation deepconvnet single_sub-048_ses01-to-ses03 seed=3 acc=0.6650 (ntr=160 nval=40 nte=200)
2026-06-09 13:46:33 | INFO    | train_session_alignment | [align] bn_statistics_adaptation deepconvnet single_sub-048_ses02-to-ses01 seed=3 acc=0.8100 (ntr=160 nval=40 nte=200)
2026-06-09 13:46:43 | INFO    | train_session_alignment | [align] bn_statistics_adaptation deepconvnet single_sub-048_ses02-to-ses03 seed=3 acc=0.7700 (ntr=160 nval=40 nte=200)
2026-06-09 13:46:50 | INFO    | train_session_alignment | [align] bn_statistics_adaptation deepconvnet single_sub-048_ses03-to-ses01 seed=3 acc=0.8250 (ntr=160 nval=40 nte=200)
2026-06-09 13:46:56 | INFO    | train_session_alignment | [align] bn_statistics_adaptation deepconvnet single_sub-048_ses03-to-ses02 seed=3 acc=0.8500 (ntr=160 nval=40 nte=200)
2026-06-09 13:47:01 | INFO    | train_session_alignment | [align] bn_statistics_adaptation deepconvnet single_sub-049_ses01-to-ses02 seed=3 acc=0.5250 (ntr=160 nval=40 nte=200)
2026-06-09 13:47:07 | INFO    | train_session_alignment | [align] bn_statistics_adaptation deepconvnet single_sub-049_ses01-to-ses03 seed=3 acc=0.5550 (ntr=160 nval=40 nte=200)
2026-06-09 13:47:13 | INFO    | train_session_alignment | [align] bn_statistics_adaptation deepconvnet single_sub-049_ses02-to-ses01 seed=3 acc=0.4900 (ntr=160 nval=40 nte=200)
2026-06-09 13:47:19 | INFO    | train_session_alignment | [align] bn_statistics_adaptation deepconvnet single_sub-049_ses02-to-ses03 seed=3 acc=0.6450 (ntr=160 nval=40 nte=200)
2026-06-09 13:47:32 | INFO    | train_session_alignment | [align] bn_statistics_adaptation deepconvnet single_sub-049_ses03-to-ses01 seed=3 acc=0.7750 (ntr=160 nval=40 nte=200)
2026-06-09 13:47:45 | INFO    | train_session_alignment | [align] bn_statistics_adaptation deepconvnet single_sub-049_ses03-to-ses02 seed=3 acc=0.6400 (ntr=160 nval=40 nte=200)
2026-06-09 13:47:51 | INFO    | train_session_alignment | [align] bn_statistics_adaptation deepconvnet single_sub-050_ses01-to-ses02 seed=3 acc=0.8000 (ntr=160 nval=40 nte=200)
2026-06-09 13:47:58 | INFO    | train_session_alignment | [align] bn_statistics_adaptation deepconvnet single_sub-050_ses01-to-ses03 seed=3 acc=0.8150 (ntr=160 nval=40 nte=200)
2026-06-09 13:48:04 | INFO    | train_session_alignment | [align] bn_statistics_adaptation deepconvnet single_sub-050_ses02-to-ses01 seed=3 acc=0.7650 (ntr=160 nval=40 nte=200)
2026-06-09 13:48:11 | INFO    | train_session_alignment | [align] bn_statistics_adaptation deepconvnet single_sub-050_ses02-to-ses03 seed=3 acc=0.8650 (ntr=160 nval=40 nte=200)
2026-06-09 13:48:18 | INFO    | train_session_alignment | [align] bn_statistics_adaptation deepconvnet single_sub-050_ses03-to-ses01 seed=3 acc=0.7350 (ntr=160 nval=40 nte=200)
2026-06-09 13:48:25 | INFO    | train_session_alignment | [align] bn_statistics_adaptation deepconvnet single_sub-050_ses03-to-ses02 seed=3 acc=0.9250 (ntr=160 nval=40 nte=200)
2026-06-09 13:48:38 | INFO    | train_session_alignment | [align] bn_statistics_adaptation deepconvnet single_sub-051_ses01-to-ses02 seed=3 acc=0.6050 (ntr=160 nval=40 nte=200)
2026-06-09 13:48:51 | INFO    | train_session_alignment | [align] bn_statistics_adaptation deepconvnet single_sub-051_ses01-to-ses03 seed=3 acc=0.8000 (ntr=160 nval=40 nte=200)
2026-06-09 13:48:59 | INFO    | train_session_alignment | [align] bn_statistics_adaptation deepconvnet single_sub-051_ses02-to-ses01 seed=3 acc=0.7150 (ntr=160 nval=40 nte=200)
2026-06-09 13:49:07 | INFO    | train_session_alignment | [align] bn_statistics_adaptation deepconvnet single_sub-051_ses02-to-ses03 seed=3 acc=0.7850 (ntr=160 nval=40 nte=200)
2026-06-09 13:49:20 | INFO    | train_session_alignment | [align] bn_statistics_adaptation deepconvnet single_sub-051_ses03-to-ses01 seed=3 acc=0.7150 (ntr=160 nval=40 nte=200)
2026-06-09 13:49:33 | INFO    | train_session_alignment | [align] bn_statistics_adaptation deepconvnet single_sub-051_ses03-to-ses02 seed=3 acc=0.6950 (ntr=160 nval=40 nte=200)
2026-06-09 13:49:46 | INFO    | train_session_alignment | [align] bn_statistics_adaptation deepconvnet multi_sub-001_ses01ses02-to-ses03 seed=3 acc=0.8350 (ntr=320 nval=80 nte=200)
2026-06-09 13:49:53 | INFO    | train_session_alignment | [align] bn_statistics_adaptation deepconvnet multi_sub-002_ses01ses02-to-ses03 seed=3 acc=0.6650 (ntr=320 nval=80 nte=200)
2026-06-09 13:50:07 | INFO    | train_session_alignment | [align] bn_statistics_adaptation deepconvnet multi_sub-003_ses01ses02-to-ses03 seed=3 acc=0.6050 (ntr=320 nval=80 nte=200)
2026-06-09 13:50:15 | INFO    | train_session_alignment | [align] bn_statistics_adaptation deepconvnet multi_sub-004_ses01ses02-to-ses03 seed=3 acc=0.4600 (ntr=320 nval=80 nte=200)
2026-06-09 13:50:40 | INFO    | train_session_alignment | [align] bn_statistics_adaptation deepconvnet multi_sub-005_ses01ses02-to-ses03 seed=3 acc=0.6700 (ntr=320 nval=80 nte=200)
2026-06-09 13:50:51 | INFO    | train_session_alignment | [align] bn_statistics_adaptation deepconvnet multi_sub-006_ses01ses02-to-ses03 seed=3 acc=0.9450 (ntr=320 nval=80 nte=200)
2026-06-09 13:51:00 | INFO    | train_session_alignment | [align] bn_statistics_adaptation deepconvnet multi_sub-007_ses01ses02-to-ses03 seed=3 acc=0.8700 (ntr=320 nval=80 nte=200)
2026-06-09 13:51:27 | INFO    | train_session_alignment | [align] bn_statistics_adaptation deepconvnet multi_sub-008_ses01ses02-to-ses03 seed=3 acc=0.8350 (ntr=320 nval=80 nte=200)
2026-06-09 13:51:38 | INFO    | train_session_alignment | [align] bn_statistics_adaptation deepconvnet multi_sub-009_ses01ses02-to-ses03 seed=3 acc=0.6350 (ntr=320 nval=80 nte=200)
2026-06-09 13:51:46 | INFO    | train_session_alignment | [align] bn_statistics_adaptation deepconvnet multi_sub-010_ses01ses02-to-ses03 seed=3 acc=0.5650 (ntr=320 nval=80 nte=200)
2026-06-09 13:51:56 | INFO    | train_session_alignment | [align] bn_statistics_adaptation deepconvnet multi_sub-011_ses01ses02-to-ses03 seed=3 acc=0.8550 (ntr=320 nval=80 nte=200)
2026-06-09 13:52:05 | INFO    | train_session_alignment | [align] bn_statistics_adaptation deepconvnet multi_sub-012_ses01ses02-to-ses03 seed=3 acc=0.5200 (ntr=320 nval=80 nte=200)
2026-06-09 13:52:15 | INFO    | train_session_alignment | [align] bn_statistics_adaptation deepconvnet multi_sub-013_ses01ses02-to-ses03 seed=3 acc=0.7600 (ntr=320 nval=80 nte=200)
2026-06-09 13:52:23 | INFO    | train_session_alignment | [align] bn_statistics_adaptation deepconvnet multi_sub-014_ses01ses02-to-ses03 seed=3 acc=0.5600 (ntr=320 nval=80 nte=200)
2026-06-09 13:52:36 | INFO    | train_session_alignment | [align] bn_statistics_adaptation deepconvnet multi_sub-015_ses01ses02-to-ses03 seed=3 acc=0.5750 (ntr=320 nval=80 nte=200)
2026-06-09 13:52:43 | INFO    | train_session_alignment | [align] bn_statistics_adaptation deepconvnet multi_sub-016_ses01ses02-to-ses03 seed=3 acc=0.5900 (ntr=320 nval=80 nte=200)
2026-06-09 13:52:53 | INFO    | train_session_alignment | [align] bn_statistics_adaptation deepconvnet multi_sub-017_ses01ses02-to-ses03 seed=3 acc=0.7250 (ntr=320 nval=80 nte=200)
2026-06-09 13:53:13 | INFO    | train_session_alignment | [align] bn_statistics_adaptation deepconvnet multi_sub-018_ses01ses02-to-ses03 seed=3 acc=0.6000 (ntr=320 nval=80 nte=200)
2026-06-09 13:53:22 | INFO    | train_session_alignment | [align] bn_statistics_adaptation deepconvnet multi_sub-019_ses01ses02-to-ses03 seed=3 acc=0.8800 (ntr=320 nval=80 nte=200)
2026-06-09 13:53:42 | INFO    | train_session_alignment | [align] bn_statistics_adaptation deepconvnet multi_sub-020_ses01ses02-to-ses03 seed=3 acc=0.5700 (ntr=320 nval=80 nte=200)
2026-06-09 13:53:53 | INFO    | train_session_alignment | [align] bn_statistics_adaptation deepconvnet multi_sub-021_ses01ses02-to-ses03 seed=3 acc=0.8050 (ntr=320 nval=80 nte=200)
2026-06-09 13:54:05 | INFO    | train_session_alignment | [align] bn_statistics_adaptation deepconvnet multi_sub-022_ses01ses02-to-ses03 seed=3 acc=0.7450 (ntr=320 nval=80 nte=200)
2026-06-09 13:54:12 | INFO    | train_session_alignment | [align] bn_statistics_adaptation deepconvnet multi_sub-025_ses01ses02-to-ses03 seed=3 acc=0.8500 (ntr=320 nval=80 nte=200)
2026-06-09 13:54:24 | INFO    | train_session_alignment | [align] bn_statistics_adaptation deepconvnet multi_sub-027_ses01ses02-to-ses03 seed=3 acc=0.8450 (ntr=320 nval=80 nte=200)
2026-06-09 13:54:37 | INFO    | train_session_alignment | [align] bn_statistics_adaptation deepconvnet multi_sub-028_ses01ses02-to-ses03 seed=3 acc=0.5050 (ntr=320 nval=80 nte=200)
2026-06-09 13:54:54 | INFO    | train_session_alignment | [align] bn_statistics_adaptation deepconvnet multi_sub-029_ses01ses02-to-ses03 seed=3 acc=0.9400 (ntr=320 nval=80 nte=200)
2026-06-09 13:55:07 | INFO    | train_session_alignment | [align] bn_statistics_adaptation deepconvnet multi_sub-030_ses01ses02-to-ses03 seed=3 acc=0.8400 (ntr=320 nval=80 nte=200)
2026-06-09 13:55:20 | INFO    | train_session_alignment | [align] bn_statistics_adaptation deepconvnet multi_sub-031_ses01ses02-to-ses03 seed=3 acc=0.6950 (ntr=320 nval=80 nte=200)
2026-06-09 13:55:34 | INFO    | train_session_alignment | [align] bn_statistics_adaptation deepconvnet multi_sub-033_ses01ses02-to-ses03 seed=3 acc=0.8900 (ntr=320 nval=80 nte=200)
2026-06-09 13:55:43 | INFO    | train_session_alignment | [align] bn_statistics_adaptation deepconvnet multi_sub-034_ses01ses02-to-ses03 seed=3 acc=0.9050 (ntr=320 nval=80 nte=200)
2026-06-09 13:56:00 | INFO    | train_session_alignment | [align] bn_statistics_adaptation deepconvnet multi_sub-035_ses01ses02-to-ses03 seed=3 acc=0.8550 (ntr=320 nval=80 nte=200)
2026-06-09 13:56:09 | INFO    | train_session_alignment | [align] bn_statistics_adaptation deepconvnet multi_sub-036_ses01ses02-to-ses03 seed=3 acc=0.9850 (ntr=320 nval=80 nte=200)
2026-06-09 13:56:23 | INFO    | train_session_alignment | [align] bn_statistics_adaptation deepconvnet multi_sub-037_ses01ses02-to-ses03 seed=3 acc=0.8450 (ntr=320 nval=80 nte=200)
2026-06-09 13:56:33 | INFO    | train_session_alignment | [align] bn_statistics_adaptation deepconvnet multi_sub-038_ses01ses02-to-ses03 seed=3 acc=0.5700 (ntr=320 nval=80 nte=200)
2026-06-09 13:56:46 | INFO    | train_session_alignment | [align] bn_statistics_adaptation deepconvnet multi_sub-039_ses01ses02-to-ses03 seed=3 acc=0.5300 (ntr=320 nval=80 nte=200)
2026-06-09 13:56:57 | INFO    | train_session_alignment | [align] bn_statistics_adaptation deepconvnet multi_sub-040_ses01ses02-to-ses03 seed=3 acc=0.7800 (ntr=320 nval=80 nte=200)
2026-06-09 13:57:08 | INFO    | train_session_alignment | [align] bn_statistics_adaptation deepconvnet multi_sub-041_ses01ses02-to-ses03 seed=3 acc=0.9150 (ntr=320 nval=80 nte=200)
2026-06-09 13:57:18 | INFO    | train_session_alignment | [align] bn_statistics_adaptation deepconvnet multi_sub-042_ses01ses02-to-ses03 seed=3 acc=0.6850 (ntr=320 nval=80 nte=200)
2026-06-09 13:57:34 | INFO    | train_session_alignment | [align] bn_statistics_adaptation deepconvnet multi_sub-043_ses01ses02-to-ses03 seed=3 acc=0.9400 (ntr=320 nval=80 nte=200)
2026-06-09 13:57:45 | INFO    | train_session_alignment | [align] bn_statistics_adaptation deepconvnet multi_sub-044_ses01ses02-to-ses03 seed=3 acc=0.7650 (ntr=320 nval=80 nte=200)
2026-06-09 13:57:55 | INFO    | train_session_alignment | [align] bn_statistics_adaptation deepconvnet multi_sub-045_ses01ses02-to-ses03 seed=3 acc=0.7750 (ntr=320 nval=80 nte=200)
2026-06-09 13:58:11 | INFO    | train_session_alignment | [align] bn_statistics_adaptation deepconvnet multi_sub-046_ses01ses02-to-ses03 seed=3 acc=0.9700 (ntr=320 nval=80 nte=200)
2026-06-09 13:58:21 | INFO    | train_session_alignment | [align] bn_statistics_adaptation deepconvnet multi_sub-047_ses01ses02-to-ses03 seed=3 acc=0.7750 (ntr=320 nval=80 nte=200)
2026-06-09 13:58:33 | INFO    | train_session_alignment | [align] bn_statistics_adaptation deepconvnet multi_sub-048_ses01ses02-to-ses03 seed=3 acc=0.8050 (ntr=320 nval=80 nte=200)
2026-06-09 13:58:56 | INFO    | train_session_alignment | [align] bn_statistics_adaptation deepconvnet multi_sub-049_ses01ses02-to-ses03 seed=3 acc=0.8600 (ntr=320 nval=80 nte=200)
2026-06-09 13:59:14 | INFO    | train_session_alignment | [align] bn_statistics_adaptation deepconvnet multi_sub-050_ses01ses02-to-ses03 seed=3 acc=0.9150 (ntr=320 nval=80 nte=200)
2026-06-09 13:59:28 | INFO    | train_session_alignment | [align] bn_statistics_adaptation deepconvnet multi_sub-051_ses01ses02-to-ses03 seed=3 acc=0.8600 (ntr=320 nval=80 nte=200)
2026-06-09 13:59:29 | INFO    | train_session_alignment | ALL DONE in 3251.8s | rows=335 ok=335 failed=0 | out=/share/home/yuan/SYX/eeg-mi-online/outputs/experiments/alignment_baseline_v1
Done: Tue Jun  9 13:59:29 CST 2026
