Project: /share/home/yuan/SYX/eeg-mi-online
Env    : mi_torch_cu118
Args   : --methods bn_statistics_adaptation --models fbcnet --seeds 0 --protocols single,multi --tag-suffix bn_statistics_adaptation_fbcnet_s0
Node   : gpu01 | Start: Tue Jun  9 13:19:06 CST 2026
Tue Jun  9 13:19:07 2026       
+-----------------------------------------------------------------------------------------+
| NVIDIA-SMI 570.153.02             Driver Version: 570.153.02     CUDA Version: 12.8     |
|-----------------------------------------+------------------------+----------------------+
| GPU  Name                 Persistence-M | Bus-Id          Disp.A | Volatile Uncorr. ECC |
| Fan  Temp   Perf          Pwr:Usage/Cap |           Memory-Usage | GPU-Util  Compute M. |
|                                         |                        |               MIG M. |
|=========================================+========================+======================|
|   0  NVIDIA GeForce RTX 4090 D      On  |   00000000:61:00.0 Off |                  Off |
| 74%   47C    P0             77W /  425W |       1MiB /  24564MiB |      0%      Default |
|                                         |                        |                  N/A |
+-----------------------------------------+------------------------+----------------------+
                                                                                         
+-----------------------------------------------------------------------------------------+
| Processes:                                                                              |
|  GPU   GI   CI              PID   Type   Process name                        GPU Memory |
|        ID   ID                                                               Usage      |
|=========================================================================================|
|  No running processes found                                                             |
+-----------------------------------------------------------------------------------------+
[cuda-check] torch=2.7.1+cu118 cuda_build=11.8 cuda_avail=True
2026-06-09 13:19:10 | INFO    | train_session_alignment | device=cuda | cuda={'torch': '2.7.1+cu118', 'cuda_build': '11.8', 'cuda_available': True, 'device': 'cuda', 'device_name': 'NVIDIA GeForce RTX 4090 D'}
2026-06-09 13:19:10 | INFO    | train_session_alignment | loaded 148 ok sessions | methods=['bn_statistics_adaptation'] | models=['fbcnet'] | seeds=[0] | groups=['single', 'multi'] | tasks=335
2026-06-09 13:19:17 | INFO    | train_session_alignment | [align] bn_statistics_adaptation fbcnet      single_sub-001_ses01-to-ses02 seed=0 acc=0.5800 (ntr=160 nval=40 nte=200)
2026-06-09 13:19:23 | INFO    | train_session_alignment | [align] bn_statistics_adaptation fbcnet      single_sub-001_ses01-to-ses03 seed=0 acc=0.5850 (ntr=160 nval=40 nte=200)
2026-06-09 13:19:36 | INFO    | train_session_alignment | [align] bn_statistics_adaptation fbcnet      single_sub-001_ses02-to-ses01 seed=0 acc=0.6650 (ntr=160 nval=40 nte=200)
2026-06-09 13:19:49 | INFO    | train_session_alignment | [align] bn_statistics_adaptation fbcnet      single_sub-001_ses02-to-ses03 seed=0 acc=0.7950 (ntr=160 nval=40 nte=200)
2026-06-09 13:20:04 | INFO    | train_session_alignment | [align] bn_statistics_adaptation fbcnet      single_sub-001_ses03-to-ses01 seed=0 acc=0.7050 (ntr=160 nval=40 nte=200)
2026-06-09 13:20:19 | INFO    | train_session_alignment | [align] bn_statistics_adaptation fbcnet      single_sub-001_ses03-to-ses02 seed=0 acc=0.7950 (ntr=160 nval=40 nte=200)
2026-06-09 13:20:23 | INFO    | train_session_alignment | [align] bn_statistics_adaptation fbcnet      single_sub-002_ses01-to-ses02 seed=0 acc=0.4500 (ntr=160 nval=40 nte=200)
2026-06-09 13:20:27 | INFO    | train_session_alignment | [align] bn_statistics_adaptation fbcnet      single_sub-002_ses01-to-ses03 seed=0 acc=0.4550 (ntr=160 nval=40 nte=200)
2026-06-09 13:20:31 | INFO    | train_session_alignment | [align] bn_statistics_adaptation fbcnet      single_sub-002_ses02-to-ses01 seed=0 acc=0.5300 (ntr=160 nval=40 nte=200)
2026-06-09 13:20:34 | INFO    | train_session_alignment | [align] bn_statistics_adaptation fbcnet      single_sub-002_ses02-to-ses03 seed=0 acc=0.5250 (ntr=160 nval=40 nte=200)
2026-06-09 13:20:40 | INFO    | train_session_alignment | [align] bn_statistics_adaptation fbcnet      single_sub-002_ses03-to-ses01 seed=0 acc=0.5350 (ntr=160 nval=40 nte=200)
2026-06-09 13:20:46 | INFO    | train_session_alignment | [align] bn_statistics_adaptation fbcnet      single_sub-002_ses03-to-ses02 seed=0 acc=0.5700 (ntr=160 nval=40 nte=200)
2026-06-09 13:21:01 | INFO    | train_session_alignment | [align] bn_statistics_adaptation fbcnet      single_sub-003_ses01-to-ses02 seed=0 acc=0.7350 (ntr=160 nval=40 nte=200)
2026-06-09 13:21:16 | INFO    | train_session_alignment | [align] bn_statistics_adaptation fbcnet      single_sub-003_ses01-to-ses03 seed=0 acc=0.5100 (ntr=160 nval=40 nte=200)
2026-06-09 13:21:23 | INFO    | train_session_alignment | [align] bn_statistics_adaptation fbcnet      single_sub-003_ses02-to-ses01 seed=0 acc=0.6000 (ntr=160 nval=40 nte=200)
2026-06-09 13:21:30 | INFO    | train_session_alignment | [align] bn_statistics_adaptation fbcnet      single_sub-003_ses02-to-ses03 seed=0 acc=0.6250 (ntr=160 nval=40 nte=200)
2026-06-09 13:21:35 | INFO    | train_session_alignment | [align] bn_statistics_adaptation fbcnet      single_sub-003_ses03-to-ses01 seed=0 acc=0.5700 (ntr=160 nval=40 nte=200)
2026-06-09 13:21:39 | INFO    | train_session_alignment | [align] bn_statistics_adaptation fbcnet      single_sub-003_ses03-to-ses02 seed=0 acc=0.5400 (ntr=160 nval=40 nte=200)
2026-06-09 13:21:43 | INFO    | train_session_alignment | [align] bn_statistics_adaptation fbcnet      single_sub-004_ses01-to-ses02 seed=0 acc=0.4950 (ntr=160 nval=40 nte=200)
2026-06-09 13:21:47 | INFO    | train_session_alignment | [align] bn_statistics_adaptation fbcnet      single_sub-004_ses01-to-ses03 seed=0 acc=0.5250 (ntr=160 nval=40 nte=200)
2026-06-09 13:21:51 | INFO    | train_session_alignment | [align] bn_statistics_adaptation fbcnet      single_sub-004_ses02-to-ses01 seed=0 acc=0.5300 (ntr=160 nval=40 nte=200)
2026-06-09 13:21:56 | INFO    | train_session_alignment | [align] bn_statistics_adaptation fbcnet      single_sub-004_ses02-to-ses03 seed=0 acc=0.5000 (ntr=160 nval=40 nte=200)
2026-06-09 13:22:00 | INFO    | train_session_alignment | [align] bn_statistics_adaptation fbcnet      single_sub-004_ses03-to-ses01 seed=0 acc=0.5250 (ntr=160 nval=40 nte=200)
2026-06-09 13:22:04 | INFO    | train_session_alignment | [align] bn_statistics_adaptation fbcnet      single_sub-004_ses03-to-ses02 seed=0 acc=0.4450 (ntr=160 nval=40 nte=200)
2026-06-09 13:22:19 | INFO    | train_session_alignment | [align] bn_statistics_adaptation fbcnet      single_sub-005_ses01-to-ses02 seed=0 acc=0.7600 (ntr=160 nval=40 nte=200)
2026-06-09 13:22:34 | INFO    | train_session_alignment | [align] bn_statistics_adaptation fbcnet      single_sub-005_ses01-to-ses03 seed=0 acc=0.8500 (ntr=160 nval=40 nte=200)
2026-06-09 13:22:44 | INFO    | train_session_alignment | [align] bn_statistics_adaptation fbcnet      single_sub-005_ses02-to-ses01 seed=0 acc=0.7700 (ntr=160 nval=40 nte=200)
2026-06-09 13:22:54 | INFO    | train_session_alignment | [align] bn_statistics_adaptation fbcnet      single_sub-005_ses02-to-ses03 seed=0 acc=0.7600 (ntr=160 nval=40 nte=200)
2026-06-09 13:23:00 | INFO    | train_session_alignment | [align] bn_statistics_adaptation fbcnet      single_sub-005_ses03-to-ses01 seed=0 acc=0.7900 (ntr=160 nval=40 nte=200)
2026-06-09 13:23:07 | INFO    | train_session_alignment | [align] bn_statistics_adaptation fbcnet      single_sub-005_ses03-to-ses02 seed=0 acc=0.7550 (ntr=160 nval=40 nte=200)
2026-06-09 13:23:22 | INFO    | train_session_alignment | [align] bn_statistics_adaptation fbcnet      single_sub-006_ses01-to-ses02 seed=0 acc=0.8150 (ntr=160 nval=40 nte=200)
2026-06-09 13:23:37 | INFO    | train_session_alignment | [align] bn_statistics_adaptation fbcnet      single_sub-006_ses01-to-ses03 seed=0 acc=0.8450 (ntr=160 nval=40 nte=200)
2026-06-09 13:23:46 | INFO    | train_session_alignment | [align] bn_statistics_adaptation fbcnet      single_sub-006_ses02-to-ses01 seed=0 acc=0.7000 (ntr=160 nval=40 nte=200)
2026-06-09 13:23:54 | INFO    | train_session_alignment | [align] bn_statistics_adaptation fbcnet      single_sub-006_ses02-to-ses03 seed=0 acc=0.8650 (ntr=160 nval=40 nte=200)
2026-06-09 13:24:05 | INFO    | train_session_alignment | [align] bn_statistics_adaptation fbcnet      single_sub-006_ses03-to-ses01 seed=0 acc=0.6450 (ntr=160 nval=40 nte=200)
2026-06-09 13:24:16 | INFO    | train_session_alignment | [align] bn_statistics_adaptation fbcnet      single_sub-006_ses03-to-ses02 seed=0 acc=0.8300 (ntr=160 nval=40 nte=200)
2026-06-09 13:24:20 | INFO    | train_session_alignment | [align] bn_statistics_adaptation fbcnet      single_sub-007_ses01-to-ses02 seed=0 acc=0.5400 (ntr=160 nval=40 nte=200)
2026-06-09 13:24:24 | INFO    | train_session_alignment | [align] bn_statistics_adaptation fbcnet      single_sub-007_ses01-to-ses03 seed=0 acc=0.5400 (ntr=160 nval=40 nte=200)
2026-06-09 13:24:34 | INFO    | train_session_alignment | [align] bn_statistics_adaptation fbcnet      single_sub-007_ses02-to-ses01 seed=0 acc=0.6200 (ntr=160 nval=40 nte=200)
2026-06-09 13:24:44 | INFO    | train_session_alignment | [align] bn_statistics_adaptation fbcnet      single_sub-007_ses02-to-ses03 seed=0 acc=0.5950 (ntr=160 nval=40 nte=200)
2026-06-09 13:24:49 | INFO    | train_session_alignment | [align] bn_statistics_adaptation fbcnet      single_sub-007_ses03-to-ses01 seed=0 acc=0.5300 (ntr=160 nval=40 nte=200)
2026-06-09 13:24:55 | INFO    | train_session_alignment | [align] bn_statistics_adaptation fbcnet      single_sub-007_ses03-to-ses02 seed=0 acc=0.5350 (ntr=160 nval=40 nte=200)
2026-06-09 13:25:00 | INFO    | train_session_alignment | [align] bn_statistics_adaptation fbcnet      single_sub-008_ses01-to-ses02 seed=0 acc=0.4850 (ntr=160 nval=40 nte=200)
2026-06-09 13:25:05 | INFO    | train_session_alignment | [align] bn_statistics_adaptation fbcnet      single_sub-008_ses01-to-ses03 seed=0 acc=0.5050 (ntr=160 nval=40 nte=200)
2026-06-09 13:25:14 | INFO    | train_session_alignment | [align] bn_statistics_adaptation fbcnet      single_sub-008_ses02-to-ses01 seed=0 acc=0.5550 (ntr=160 nval=40 nte=200)
2026-06-09 13:25:23 | INFO    | train_session_alignment | [align] bn_statistics_adaptation fbcnet      single_sub-008_ses02-to-ses03 seed=0 acc=0.6700 (ntr=160 nval=40 nte=200)
2026-06-09 13:25:34 | INFO    | train_session_alignment | [align] bn_statistics_adaptation fbcnet      single_sub-008_ses03-to-ses01 seed=0 acc=0.5900 (ntr=160 nval=40 nte=200)
2026-06-09 13:25:45 | INFO    | train_session_alignment | [align] bn_statistics_adaptation fbcnet      single_sub-008_ses03-to-ses02 seed=0 acc=0.6150 (ntr=160 nval=40 nte=200)
2026-06-09 13:25:49 | INFO    | train_session_alignment | [align] bn_statistics_adaptation fbcnet      single_sub-009_ses01-to-ses02 seed=0 acc=0.5000 (ntr=160 nval=40 nte=200)
2026-06-09 13:25:53 | INFO    | train_session_alignment | [align] bn_statistics_adaptation fbcnet      single_sub-009_ses01-to-ses03 seed=0 acc=0.4600 (ntr=160 nval=40 nte=200)
2026-06-09 13:25:57 | INFO    | train_session_alignment | [align] bn_statistics_adaptation fbcnet      single_sub-009_ses02-to-ses01 seed=0 acc=0.5950 (ntr=160 nval=40 nte=200)
2026-06-09 13:26:02 | INFO    | train_session_alignment | [align] bn_statistics_adaptation fbcnet      single_sub-009_ses02-to-ses03 seed=0 acc=0.4700 (ntr=160 nval=40 nte=200)
2026-06-09 13:26:06 | INFO    | train_session_alignment | [align] bn_statistics_adaptation fbcnet      single_sub-009_ses03-to-ses01 seed=0 acc=0.4900 (ntr=160 nval=40 nte=200)
2026-06-09 13:26:10 | INFO    | train_session_alignment | [align] bn_statistics_adaptation fbcnet      single_sub-009_ses03-to-ses02 seed=0 acc=0.4650 (ntr=160 nval=40 nte=200)
2026-06-09 13:26:14 | INFO    | train_session_alignment | [align] bn_statistics_adaptation fbcnet      single_sub-010_ses01-to-ses02 seed=0 acc=0.5050 (ntr=160 nval=40 nte=200)
2026-06-09 13:26:18 | INFO    | train_session_alignment | [align] bn_statistics_adaptation fbcnet      single_sub-010_ses01-to-ses03 seed=0 acc=0.4700 (ntr=160 nval=40 nte=200)
2026-06-09 13:26:21 | INFO    | train_session_alignment | [align] bn_statistics_adaptation fbcnet      single_sub-010_ses02-to-ses01 seed=0 acc=0.5300 (ntr=160 nval=40 nte=200)
2026-06-09 13:26:25 | INFO    | train_session_alignment | [align] bn_statistics_adaptation fbcnet      single_sub-010_ses02-to-ses03 seed=0 acc=0.5200 (ntr=160 nval=40 nte=200)
2026-06-09 13:26:32 | INFO    | train_session_alignment | [align] bn_statistics_adaptation fbcnet      single_sub-010_ses03-to-ses01 seed=0 acc=0.5400 (ntr=160 nval=40 nte=200)
2026-06-09 13:26:38 | INFO    | train_session_alignment | [align] bn_statistics_adaptation fbcnet      single_sub-010_ses03-to-ses02 seed=0 acc=0.5450 (ntr=160 nval=40 nte=200)
2026-06-09 13:26:48 | INFO    | train_session_alignment | [align] bn_statistics_adaptation fbcnet      single_sub-011_ses01-to-ses02 seed=0 acc=0.6550 (ntr=160 nval=40 nte=200)
2026-06-09 13:26:58 | INFO    | train_session_alignment | [align] bn_statistics_adaptation fbcnet      single_sub-011_ses01-to-ses03 seed=0 acc=0.7150 (ntr=160 nval=40 nte=200)
2026-06-09 13:27:06 | INFO    | train_session_alignment | [align] bn_statistics_adaptation fbcnet      single_sub-011_ses02-to-ses01 seed=0 acc=0.6100 (ntr=160 nval=40 nte=200)
2026-06-09 13:27:16 | INFO    | train_session_alignment | [align] bn_statistics_adaptation fbcnet      single_sub-011_ses02-to-ses03 seed=0 acc=0.5100 (ntr=160 nval=40 nte=200)
2026-06-09 13:27:30 | INFO    | train_session_alignment | [align] bn_statistics_adaptation fbcnet      single_sub-011_ses03-to-ses01 seed=0 acc=0.7350 (ntr=160 nval=40 nte=200)
2026-06-09 13:27:45 | INFO    | train_session_alignment | [align] bn_statistics_adaptation fbcnet      single_sub-011_ses03-to-ses02 seed=0 acc=0.5700 (ntr=160 nval=40 nte=200)
2026-06-09 13:27:51 | INFO    | train_session_alignment | [align] bn_statistics_adaptation fbcnet      single_sub-012_ses01-to-ses02 seed=0 acc=0.4550 (ntr=160 nval=40 nte=200)
2026-06-09 13:27:57 | INFO    | train_session_alignment | [align] bn_statistics_adaptation fbcnet      single_sub-012_ses01-to-ses03 seed=0 acc=0.5300 (ntr=160 nval=40 nte=200)
2026-06-09 13:28:01 | INFO    | train_session_alignment | [align] bn_statistics_adaptation fbcnet      single_sub-012_ses02-to-ses01 seed=0 acc=0.4800 (ntr=160 nval=40 nte=200)
2026-06-09 13:28:06 | INFO    | train_session_alignment | [align] bn_statistics_adaptation fbcnet      single_sub-012_ses02-to-ses03 seed=0 acc=0.5050 (ntr=160 nval=40 nte=200)
2026-06-09 13:28:11 | INFO    | train_session_alignment | [align] bn_statistics_adaptation fbcnet      single_sub-012_ses03-to-ses01 seed=0 acc=0.5500 (ntr=160 nval=40 nte=200)
2026-06-09 13:28:16 | INFO    | train_session_alignment | [align] bn_statistics_adaptation fbcnet      single_sub-012_ses03-to-ses02 seed=0 acc=0.5300 (ntr=160 nval=40 nte=200)
2026-06-09 13:28:20 | INFO    | train_session_alignment | [align] bn_statistics_adaptation fbcnet      single_sub-013_ses01-to-ses02 seed=0 acc=0.5450 (ntr=160 nval=40 nte=200)
2026-06-09 13:28:24 | INFO    | train_session_alignment | [align] bn_statistics_adaptation fbcnet      single_sub-013_ses01-to-ses03 seed=0 acc=0.5100 (ntr=160 nval=40 nte=200)
2026-06-09 13:28:29 | INFO    | train_session_alignment | [align] bn_statistics_adaptation fbcnet      single_sub-013_ses02-to-ses01 seed=0 acc=0.5250 (ntr=160 nval=40 nte=200)
2026-06-09 13:28:35 | INFO    | train_session_alignment | [align] bn_statistics_adaptation fbcnet      single_sub-013_ses02-to-ses03 seed=0 acc=0.5000 (ntr=160 nval=40 nte=200)
2026-06-09 13:28:39 | INFO    | train_session_alignment | [align] bn_statistics_adaptation fbcnet      single_sub-013_ses03-to-ses01 seed=0 acc=0.4700 (ntr=160 nval=40 nte=200)
2026-06-09 13:28:43 | INFO    | train_session_alignment | [align] bn_statistics_adaptation fbcnet      single_sub-013_ses03-to-ses02 seed=0 acc=0.5100 (ntr=160 nval=40 nte=200)
2026-06-09 13:28:47 | INFO    | train_session_alignment | [align] bn_statistics_adaptation fbcnet      single_sub-014_ses01-to-ses02 seed=0 acc=0.5300 (ntr=160 nval=40 nte=200)
2026-06-09 13:28:52 | INFO    | train_session_alignment | [align] bn_statistics_adaptation fbcnet      single_sub-014_ses01-to-ses03 seed=0 acc=0.4950 (ntr=160 nval=40 nte=200)
2026-06-09 13:28:57 | INFO    | train_session_alignment | [align] bn_statistics_adaptation fbcnet      single_sub-014_ses02-to-ses01 seed=0 acc=0.4750 (ntr=160 nval=40 nte=200)
2026-06-09 13:29:01 | INFO    | train_session_alignment | [align] bn_statistics_adaptation fbcnet      single_sub-014_ses02-to-ses03 seed=0 acc=0.4650 (ntr=160 nval=40 nte=200)
2026-06-09 13:29:05 | INFO    | train_session_alignment | [align] bn_statistics_adaptation fbcnet      single_sub-014_ses03-to-ses01 seed=0 acc=0.4900 (ntr=160 nval=40 nte=200)
2026-06-09 13:29:09 | INFO    | train_session_alignment | [align] bn_statistics_adaptation fbcnet      single_sub-014_ses03-to-ses02 seed=0 acc=0.5100 (ntr=160 nval=40 nte=200)
2026-06-09 13:29:15 | INFO    | train_session_alignment | [align] bn_statistics_adaptation fbcnet      single_sub-015_ses01-to-ses02 seed=0 acc=0.5250 (ntr=160 nval=40 nte=200)
2026-06-09 13:29:20 | INFO    | train_session_alignment | [align] bn_statistics_adaptation fbcnet      single_sub-015_ses01-to-ses03 seed=0 acc=0.5200 (ntr=160 nval=40 nte=200)
2026-06-09 13:29:29 | INFO    | train_session_alignment | [align] bn_statistics_adaptation fbcnet      single_sub-015_ses02-to-ses01 seed=0 acc=0.5500 (ntr=160 nval=40 nte=200)
2026-06-09 13:29:39 | INFO    | train_session_alignment | [align] bn_statistics_adaptation fbcnet      single_sub-015_ses02-to-ses03 seed=0 acc=0.5450 (ntr=160 nval=40 nte=200)
2026-06-09 13:29:43 | INFO    | train_session_alignment | [align] bn_statistics_adaptation fbcnet      single_sub-015_ses03-to-ses01 seed=0 acc=0.4550 (ntr=160 nval=40 nte=200)
2026-06-09 13:29:47 | INFO    | train_session_alignment | [align] bn_statistics_adaptation fbcnet      single_sub-015_ses03-to-ses02 seed=0 acc=0.5100 (ntr=160 nval=40 nte=200)
2026-06-09 13:29:51 | INFO    | train_session_alignment | [align] bn_statistics_adaptation fbcnet      single_sub-016_ses01-to-ses02 seed=0 acc=0.5000 (ntr=160 nval=40 nte=200)
2026-06-09 13:29:55 | INFO    | train_session_alignment | [align] bn_statistics_adaptation fbcnet      single_sub-016_ses01-to-ses03 seed=0 acc=0.5600 (ntr=160 nval=40 nte=200)
2026-06-09 13:30:00 | INFO    | train_session_alignment | [align] bn_statistics_adaptation fbcnet      single_sub-016_ses02-to-ses01 seed=0 acc=0.5500 (ntr=160 nval=40 nte=200)
2026-06-09 13:30:04 | INFO    | train_session_alignment | [align] bn_statistics_adaptation fbcnet      single_sub-016_ses02-to-ses03 seed=0 acc=0.5050 (ntr=160 nval=40 nte=200)
2026-06-09 13:30:08 | INFO    | train_session_alignment | [align] bn_statistics_adaptation fbcnet      single_sub-016_ses03-to-ses01 seed=0 acc=0.5400 (ntr=160 nval=40 nte=200)
2026-06-09 13:30:12 | INFO    | train_session_alignment | [align] bn_statistics_adaptation fbcnet      single_sub-016_ses03-to-ses02 seed=0 acc=0.5100 (ntr=160 nval=40 nte=200)
2026-06-09 13:30:21 | INFO    | train_session_alignment | [align] bn_statistics_adaptation fbcnet      single_sub-017_ses01-to-ses02 seed=0 acc=0.5450 (ntr=160 nval=40 nte=200)
2026-06-09 13:30:31 | INFO    | train_session_alignment | [align] bn_statistics_adaptation fbcnet      single_sub-017_ses01-to-ses03 seed=0 acc=0.5800 (ntr=160 nval=40 nte=200)
2026-06-09 13:30:35 | INFO    | train_session_alignment | [align] bn_statistics_adaptation fbcnet      single_sub-017_ses02-to-ses01 seed=0 acc=0.5100 (ntr=160 nval=40 nte=200)
2026-06-09 13:30:39 | INFO    | train_session_alignment | [align] bn_statistics_adaptation fbcnet      single_sub-017_ses02-to-ses03 seed=0 acc=0.5350 (ntr=160 nval=40 nte=200)
2026-06-09 13:30:52 | INFO    | train_session_alignment | [align] bn_statistics_adaptation fbcnet      single_sub-017_ses03-to-ses01 seed=0 acc=0.5150 (ntr=160 nval=40 nte=200)
2026-06-09 13:31:04 | INFO    | train_session_alignment | [align] bn_statistics_adaptation fbcnet      single_sub-017_ses03-to-ses02 seed=0 acc=0.6600 (ntr=160 nval=40 nte=200)
2026-06-09 13:31:08 | INFO    | train_session_alignment | [align] bn_statistics_adaptation fbcnet      single_sub-018_ses01-to-ses02 seed=0 acc=0.5350 (ntr=160 nval=40 nte=200)
2026-06-09 13:31:12 | INFO    | train_session_alignment | [align] bn_statistics_adaptation fbcnet      single_sub-018_ses01-to-ses03 seed=0 acc=0.5150 (ntr=160 nval=40 nte=200)
2026-06-09 13:31:20 | INFO    | train_session_alignment | [align] bn_statistics_adaptation fbcnet      single_sub-018_ses02-to-ses01 seed=0 acc=0.5150 (ntr=160 nval=40 nte=200)
2026-06-09 13:31:27 | INFO    | train_session_alignment | [align] bn_statistics_adaptation fbcnet      single_sub-018_ses02-to-ses03 seed=0 acc=0.5400 (ntr=160 nval=40 nte=200)
2026-06-09 13:31:31 | INFO    | train_session_alignment | [align] bn_statistics_adaptation fbcnet      single_sub-018_ses03-to-ses01 seed=0 acc=0.5100 (ntr=160 nval=40 nte=200)
2026-06-09 13:31:35 | INFO    | train_session_alignment | [align] bn_statistics_adaptation fbcnet      single_sub-018_ses03-to-ses02 seed=0 acc=0.5350 (ntr=160 nval=40 nte=200)
2026-06-09 13:31:41 | INFO    | train_session_alignment | [align] bn_statistics_adaptation fbcnet      single_sub-019_ses01-to-ses02 seed=0 acc=0.5150 (ntr=160 nval=40 nte=200)
2026-06-09 13:31:47 | INFO    | train_session_alignment | [align] bn_statistics_adaptation fbcnet      single_sub-019_ses01-to-ses03 seed=0 acc=0.5600 (ntr=160 nval=40 nte=200)
2026-06-09 13:31:51 | INFO    | train_session_alignment | [align] bn_statistics_adaptation fbcnet      single_sub-019_ses02-to-ses01 seed=0 acc=0.5400 (ntr=160 nval=40 nte=200)
2026-06-09 13:31:55 | INFO    | train_session_alignment | [align] bn_statistics_adaptation fbcnet      single_sub-019_ses02-to-ses03 seed=0 acc=0.5350 (ntr=160 nval=40 nte=200)
2026-06-09 13:32:04 | INFO    | train_session_alignment | [align] bn_statistics_adaptation fbcnet      single_sub-019_ses03-to-ses01 seed=0 acc=0.5050 (ntr=160 nval=40 nte=200)
2026-06-09 13:32:13 | INFO    | train_session_alignment | [align] bn_statistics_adaptation fbcnet      single_sub-019_ses03-to-ses02 seed=0 acc=0.5800 (ntr=160 nval=40 nte=200)
2026-06-09 13:32:26 | INFO    | train_session_alignment | [align] bn_statistics_adaptation fbcnet      single_sub-020_ses01-to-ses02 seed=0 acc=0.5900 (ntr=160 nval=40 nte=200)
2026-06-09 13:32:38 | INFO    | train_session_alignment | [align] bn_statistics_adaptation fbcnet      single_sub-020_ses01-to-ses03 seed=0 acc=0.4550 (ntr=160 nval=40 nte=200)
2026-06-09 13:32:47 | INFO    | train_session_alignment | [align] bn_statistics_adaptation fbcnet      single_sub-020_ses02-to-ses01 seed=0 acc=0.6300 (ntr=160 nval=40 nte=200)
2026-06-09 13:32:57 | INFO    | train_session_alignment | [align] bn_statistics_adaptation fbcnet      single_sub-020_ses02-to-ses03 seed=0 acc=0.4600 (ntr=160 nval=40 nte=200)
2026-06-09 13:33:09 | INFO    | train_session_alignment | [align] bn_statistics_adaptation fbcnet      single_sub-020_ses03-to-ses01 seed=0 acc=0.5000 (ntr=160 nval=40 nte=200)
2026-06-09 13:33:21 | INFO    | train_session_alignment | [align] bn_statistics_adaptation fbcnet      single_sub-020_ses03-to-ses02 seed=0 acc=0.4800 (ntr=160 nval=40 nte=200)
2026-06-09 13:33:27 | INFO    | train_session_alignment | [align] bn_statistics_adaptation fbcnet      single_sub-021_ses01-to-ses02 seed=0 acc=0.5750 (ntr=160 nval=40 nte=200)
2026-06-09 13:33:33 | INFO    | train_session_alignment | [align] bn_statistics_adaptation fbcnet      single_sub-021_ses01-to-ses03 seed=0 acc=0.5950 (ntr=160 nval=40 nte=200)
2026-06-09 13:33:41 | INFO    | train_session_alignment | [align] bn_statistics_adaptation fbcnet      single_sub-021_ses02-to-ses01 seed=0 acc=0.5850 (ntr=160 nval=40 nte=200)
2026-06-09 13:33:49 | INFO    | train_session_alignment | [align] bn_statistics_adaptation fbcnet      single_sub-021_ses02-to-ses03 seed=0 acc=0.6200 (ntr=160 nval=40 nte=200)
2026-06-09 13:33:53 | INFO    | train_session_alignment | [align] bn_statistics_adaptation fbcnet      single_sub-021_ses03-to-ses01 seed=0 acc=0.5700 (ntr=160 nval=40 nte=200)
2026-06-09 13:33:57 | INFO    | train_session_alignment | [align] bn_statistics_adaptation fbcnet      single_sub-021_ses03-to-ses02 seed=0 acc=0.4750 (ntr=160 nval=40 nte=200)
2026-06-09 13:34:02 | INFO    | train_session_alignment | [align] bn_statistics_adaptation fbcnet      single_sub-022_ses01-to-ses02 seed=0 acc=0.5000 (ntr=160 nval=40 nte=200)
2026-06-09 13:34:07 | INFO    | train_session_alignment | [align] bn_statistics_adaptation fbcnet      single_sub-022_ses01-to-ses03 seed=0 acc=0.4850 (ntr=160 nval=40 nte=200)
2026-06-09 13:34:13 | INFO    | train_session_alignment | [align] bn_statistics_adaptation fbcnet      single_sub-022_ses02-to-ses01 seed=0 acc=0.5600 (ntr=160 nval=40 nte=200)
2026-06-09 13:34:20 | INFO    | train_session_alignment | [align] bn_statistics_adaptation fbcnet      single_sub-022_ses02-to-ses03 seed=0 acc=0.5500 (ntr=160 nval=40 nte=200)
2026-06-09 13:34:25 | INFO    | train_session_alignment | [align] bn_statistics_adaptation fbcnet      single_sub-022_ses03-to-ses01 seed=0 acc=0.5600 (ntr=160 nval=40 nte=200)
2026-06-09 13:34:31 | INFO    | train_session_alignment | [align] bn_statistics_adaptation fbcnet      single_sub-022_ses03-to-ses02 seed=0 acc=0.6000 (ntr=160 nval=40 nte=200)
2026-06-09 13:34:40 | INFO    | train_session_alignment | [align] bn_statistics_adaptation fbcnet      single_sub-023_ses02-to-ses03 seed=0 acc=0.8150 (ntr=160 nval=40 nte=200)
2026-06-09 13:34:55 | INFO    | train_session_alignment | [align] bn_statistics_adaptation fbcnet      single_sub-023_ses03-to-ses02 seed=0 acc=0.8150 (ntr=160 nval=40 nte=200)
2026-06-09 13:35:07 | INFO    | train_session_alignment | [align] bn_statistics_adaptation fbcnet      single_sub-025_ses01-to-ses02 seed=0 acc=0.6550 (ntr=160 nval=40 nte=200)
2026-06-09 13:35:19 | INFO    | train_session_alignment | [align] bn_statistics_adaptation fbcnet      single_sub-025_ses01-to-ses03 seed=0 acc=0.5200 (ntr=160 nval=40 nte=200)
2026-06-09 13:35:29 | INFO    | train_session_alignment | [align] bn_statistics_adaptation fbcnet      single_sub-025_ses02-to-ses01 seed=0 acc=0.6300 (ntr=160 nval=40 nte=200)
2026-06-09 13:35:39 | INFO    | train_session_alignment | [align] bn_statistics_adaptation fbcnet      single_sub-025_ses02-to-ses03 seed=0 acc=0.6150 (ntr=160 nval=40 nte=200)
2026-06-09 13:35:53 | INFO    | train_session_alignment | [align] bn_statistics_adaptation fbcnet      single_sub-025_ses03-to-ses01 seed=0 acc=0.6950 (ntr=160 nval=40 nte=200)
2026-06-09 13:36:07 | INFO    | train_session_alignment | [align] bn_statistics_adaptation fbcnet      single_sub-025_ses03-to-ses02 seed=0 acc=0.6650 (ntr=160 nval=40 nte=200)
2026-06-09 13:36:19 | INFO    | train_session_alignment | [align] bn_statistics_adaptation fbcnet      single_sub-026_ses02-to-ses03 seed=0 acc=0.5700 (ntr=160 nval=40 nte=200)
2026-06-09 13:36:27 | INFO    | train_session_alignment | [align] bn_statistics_adaptation fbcnet      single_sub-026_ses03-to-ses02 seed=0 acc=0.6750 (ntr=160 nval=40 nte=200)
2026-06-09 13:36:34 | INFO    | train_session_alignment | [align] bn_statistics_adaptation fbcnet      single_sub-027_ses01-to-ses02 seed=0 acc=0.4550 (ntr=160 nval=40 nte=200)
2026-06-09 13:36:40 | INFO    | train_session_alignment | [align] bn_statistics_adaptation fbcnet      single_sub-027_ses01-to-ses03 seed=0 acc=0.5300 (ntr=160 nval=40 nte=200)
2026-06-09 13:36:46 | INFO    | train_session_alignment | [align] bn_statistics_adaptation fbcnet      single_sub-027_ses02-to-ses01 seed=0 acc=0.5700 (ntr=160 nval=40 nte=200)
2026-06-09 13:36:52 | INFO    | train_session_alignment | [align] bn_statistics_adaptation fbcnet      single_sub-027_ses02-to-ses03 seed=0 acc=0.5350 (ntr=160 nval=40 nte=200)
2026-06-09 13:37:00 | INFO    | train_session_alignment | [align] bn_statistics_adaptation fbcnet      single_sub-027_ses03-to-ses01 seed=0 acc=0.5750 (ntr=160 nval=40 nte=200)
2026-06-09 13:37:07 | INFO    | train_session_alignment | [align] bn_statistics_adaptation fbcnet      single_sub-027_ses03-to-ses02 seed=0 acc=0.6250 (ntr=160 nval=40 nte=200)
2026-06-09 13:37:21 | INFO    | train_session_alignment | [align] bn_statistics_adaptation fbcnet      single_sub-028_ses01-to-ses02 seed=0 acc=0.7600 (ntr=160 nval=40 nte=200)
2026-06-09 13:37:34 | INFO    | train_session_alignment | [align] bn_statistics_adaptation fbcnet      single_sub-028_ses01-to-ses03 seed=0 acc=0.6850 (ntr=160 nval=40 nte=200)
2026-06-09 13:37:41 | INFO    | train_session_alignment | [align] bn_statistics_adaptation fbcnet      single_sub-028_ses02-to-ses01 seed=0 acc=0.7000 (ntr=160 nval=40 nte=200)
2026-06-09 13:37:48 | INFO    | train_session_alignment | [align] bn_statistics_adaptation fbcnet      single_sub-028_ses02-to-ses03 seed=0 acc=0.6950 (ntr=160 nval=40 nte=200)
2026-06-09 13:37:53 | INFO    | train_session_alignment | [align] bn_statistics_adaptation fbcnet      single_sub-028_ses03-to-ses01 seed=0 acc=0.7450 (ntr=160 nval=40 nte=200)
2026-06-09 13:37:59 | INFO    | train_session_alignment | [align] bn_statistics_adaptation fbcnet      single_sub-028_ses03-to-ses02 seed=0 acc=0.7000 (ntr=160 nval=40 nte=200)
2026-06-09 13:38:11 | INFO    | train_session_alignment | [align] bn_statistics_adaptation fbcnet      single_sub-029_ses01-to-ses02 seed=0 acc=0.6300 (ntr=160 nval=40 nte=200)
2026-06-09 13:38:23 | INFO    | train_session_alignment | [align] bn_statistics_adaptation fbcnet      single_sub-029_ses01-to-ses03 seed=0 acc=0.5150 (ntr=160 nval=40 nte=200)
2026-06-09 13:38:35 | INFO    | train_session_alignment | [align] bn_statistics_adaptation fbcnet      single_sub-029_ses02-to-ses01 seed=0 acc=0.8750 (ntr=160 nval=40 nte=200)
2026-06-09 13:38:47 | INFO    | train_session_alignment | [align] bn_statistics_adaptation fbcnet      single_sub-029_ses02-to-ses03 seed=0 acc=0.9300 (ntr=160 nval=40 nte=200)
2026-06-09 13:39:03 | INFO    | train_session_alignment | [align] bn_statistics_adaptation fbcnet      single_sub-029_ses03-to-ses01 seed=0 acc=0.9250 (ntr=160 nval=40 nte=200)
2026-06-09 13:39:18 | INFO    | train_session_alignment | [align] bn_statistics_adaptation fbcnet      single_sub-029_ses03-to-ses02 seed=0 acc=0.9350 (ntr=160 nval=40 nte=200)
2026-06-09 13:39:24 | INFO    | train_session_alignment | [align] bn_statistics_adaptation fbcnet      single_sub-030_ses01-to-ses02 seed=0 acc=0.6450 (ntr=160 nval=40 nte=200)
2026-06-09 13:39:30 | INFO    | train_session_alignment | [align] bn_statistics_adaptation fbcnet      single_sub-030_ses01-to-ses03 seed=0 acc=0.6550 (ntr=160 nval=40 nte=200)
2026-06-09 13:39:39 | INFO    | train_session_alignment | [align] bn_statistics_adaptation fbcnet      single_sub-030_ses02-to-ses01 seed=0 acc=0.5000 (ntr=160 nval=40 nte=200)
2026-06-09 13:39:47 | INFO    | train_session_alignment | [align] bn_statistics_adaptation fbcnet      single_sub-030_ses02-to-ses03 seed=0 acc=0.7950 (ntr=160 nval=40 nte=200)
2026-06-09 13:39:54 | INFO    | train_session_alignment | [align] bn_statistics_adaptation fbcnet      single_sub-030_ses03-to-ses01 seed=0 acc=0.5050 (ntr=160 nval=40 nte=200)
2026-06-09 13:40:01 | INFO    | train_session_alignment | [align] bn_statistics_adaptation fbcnet      single_sub-030_ses03-to-ses02 seed=0 acc=0.6750 (ntr=160 nval=40 nte=200)
2026-06-09 13:40:11 | INFO    | train_session_alignment | [align] bn_statistics_adaptation fbcnet      single_sub-031_ses01-to-ses02 seed=0 acc=0.5650 (ntr=160 nval=40 nte=200)
2026-06-09 13:40:21 | INFO    | train_session_alignment | [align] bn_statistics_adaptation fbcnet      single_sub-031_ses01-to-ses03 seed=0 acc=0.5550 (ntr=160 nval=40 nte=200)
2026-06-09 13:40:25 | INFO    | train_session_alignment | [align] bn_statistics_adaptation fbcnet      single_sub-031_ses02-to-ses01 seed=0 acc=0.5200 (ntr=160 nval=40 nte=200)
2026-06-09 13:40:30 | INFO    | train_session_alignment | [align] bn_statistics_adaptation fbcnet      single_sub-031_ses02-to-ses03 seed=0 acc=0.5750 (ntr=160 nval=40 nte=200)
2026-06-09 13:40:35 | INFO    | train_session_alignment | [align] bn_statistics_adaptation fbcnet      single_sub-031_ses03-to-ses01 seed=0 acc=0.5600 (ntr=160 nval=40 nte=200)
2026-06-09 13:40:39 | INFO    | train_session_alignment | [align] bn_statistics_adaptation fbcnet      single_sub-031_ses03-to-ses02 seed=0 acc=0.5500 (ntr=160 nval=40 nte=200)
2026-06-09 13:40:44 | INFO    | train_session_alignment | [align] bn_statistics_adaptation fbcnet      single_sub-032_ses01-to-ses03 seed=0 acc=0.5400 (ntr=160 nval=40 nte=200)
2026-06-09 13:40:51 | INFO    | train_session_alignment | [align] bn_statistics_adaptation fbcnet      single_sub-032_ses03-to-ses01 seed=0 acc=0.5650 (ntr=160 nval=40 nte=200)
2026-06-09 13:40:57 | INFO    | train_session_alignment | [align] bn_statistics_adaptation fbcnet      single_sub-033_ses01-to-ses02 seed=0 acc=0.8850 (ntr=160 nval=40 nte=200)
2026-06-09 13:41:03 | INFO    | train_session_alignment | [align] bn_statistics_adaptation fbcnet      single_sub-033_ses01-to-ses03 seed=0 acc=0.9300 (ntr=160 nval=40 nte=200)
2026-06-09 13:41:18 | INFO    | train_session_alignment | [align] bn_statistics_adaptation fbcnet      single_sub-033_ses02-to-ses01 seed=0 acc=0.9600 (ntr=160 nval=40 nte=200)
2026-06-09 13:41:34 | INFO    | train_session_alignment | [align] bn_statistics_adaptation fbcnet      single_sub-033_ses02-to-ses03 seed=0 acc=0.9600 (ntr=160 nval=40 nte=200)
2026-06-09 13:41:41 | INFO    | train_session_alignment | [align] bn_statistics_adaptation fbcnet      single_sub-033_ses03-to-ses01 seed=0 acc=0.9550 (ntr=160 nval=40 nte=200)
2026-06-09 13:41:47 | INFO    | train_session_alignment | [align] bn_statistics_adaptation fbcnet      single_sub-033_ses03-to-ses02 seed=0 acc=0.8950 (ntr=160 nval=40 nte=200)
2026-06-09 13:41:59 | INFO    | train_session_alignment | [align] bn_statistics_adaptation fbcnet      single_sub-034_ses01-to-ses02 seed=0 acc=0.5900 (ntr=160 nval=40 nte=200)
2026-06-09 13:42:12 | INFO    | train_session_alignment | [align] bn_statistics_adaptation fbcnet      single_sub-034_ses01-to-ses03 seed=0 acc=0.5000 (ntr=160 nval=40 nte=200)
2026-06-09 13:42:22 | INFO    | train_session_alignment | [align] bn_statistics_adaptation fbcnet      single_sub-034_ses02-to-ses01 seed=0 acc=0.5250 (ntr=160 nval=40 nte=200)
2026-06-09 13:42:32 | INFO    | train_session_alignment | [align] bn_statistics_adaptation fbcnet      single_sub-034_ses02-to-ses03 seed=0 acc=0.5200 (ntr=160 nval=40 nte=200)
2026-06-09 13:42:36 | INFO    | train_session_alignment | [align] bn_statistics_adaptation fbcnet      single_sub-034_ses03-to-ses01 seed=0 acc=0.4900 (ntr=160 nval=40 nte=200)
2026-06-09 13:42:40 | INFO    | train_session_alignment | [align] bn_statistics_adaptation fbcnet      single_sub-034_ses03-to-ses02 seed=0 acc=0.4900 (ntr=160 nval=40 nte=200)
2026-06-09 13:42:52 | INFO    | train_session_alignment | [align] bn_statistics_adaptation fbcnet      single_sub-035_ses01-to-ses02 seed=0 acc=0.8500 (ntr=160 nval=40 nte=200)
2026-06-09 13:43:05 | INFO    | train_session_alignment | [align] bn_statistics_adaptation fbcnet      single_sub-035_ses01-to-ses03 seed=0 acc=0.7850 (ntr=160 nval=40 nte=200)
2026-06-09 13:43:20 | INFO    | train_session_alignment | [align] bn_statistics_adaptation fbcnet      single_sub-035_ses02-to-ses01 seed=0 acc=0.9150 (ntr=160 nval=40 nte=200)
2026-06-09 13:43:35 | INFO    | train_session_alignment | [align] bn_statistics_adaptation fbcnet      single_sub-035_ses02-to-ses03 seed=0 acc=0.8600 (ntr=160 nval=40 nte=200)
2026-06-09 13:43:48 | INFO    | train_session_alignment | [align] bn_statistics_adaptation fbcnet      single_sub-035_ses03-to-ses01 seed=0 acc=0.7800 (ntr=160 nval=40 nte=200)
2026-06-09 13:44:01 | INFO    | train_session_alignment | [align] bn_statistics_adaptation fbcnet      single_sub-035_ses03-to-ses02 seed=0 acc=0.7450 (ntr=160 nval=40 nte=200)
2026-06-09 13:44:10 | INFO    | train_session_alignment | [align] bn_statistics_adaptation fbcnet      single_sub-036_ses01-to-ses02 seed=0 acc=0.8400 (ntr=160 nval=40 nte=200)
2026-06-09 13:44:18 | INFO    | train_session_alignment | [align] bn_statistics_adaptation fbcnet      single_sub-036_ses01-to-ses03 seed=0 acc=0.9100 (ntr=160 nval=40 nte=200)
2026-06-09 13:44:34 | INFO    | train_session_alignment | [align] bn_statistics_adaptation fbcnet      single_sub-036_ses02-to-ses01 seed=0 acc=0.7700 (ntr=160 nval=40 nte=200)
2026-06-09 13:44:50 | INFO    | train_session_alignment | [align] bn_statistics_adaptation fbcnet      single_sub-036_ses02-to-ses03 seed=0 acc=0.9200 (ntr=160 nval=40 nte=200)
2026-06-09 13:45:05 | INFO    | train_session_alignment | [align] bn_statistics_adaptation fbcnet      single_sub-036_ses03-to-ses01 seed=0 acc=0.7850 (ntr=160 nval=40 nte=200)
2026-06-09 13:45:21 | INFO    | train_session_alignment | [align] bn_statistics_adaptation fbcnet      single_sub-036_ses03-to-ses02 seed=0 acc=0.8950 (ntr=160 nval=40 nte=200)
2026-06-09 13:45:26 | INFO    | train_session_alignment | [align] bn_statistics_adaptation fbcnet      single_sub-037_ses01-to-ses02 seed=0 acc=0.6700 (ntr=160 nval=40 nte=200)
2026-06-09 13:45:31 | INFO    | train_session_alignment | [align] bn_statistics_adaptation fbcnet      single_sub-037_ses01-to-ses03 seed=0 acc=0.6700 (ntr=160 nval=40 nte=200)
2026-06-09 13:45:40 | INFO    | train_session_alignment | [align] bn_statistics_adaptation fbcnet      single_sub-037_ses02-to-ses01 seed=0 acc=0.5050 (ntr=160 nval=40 nte=200)
2026-06-09 13:45:49 | INFO    | train_session_alignment | [align] bn_statistics_adaptation fbcnet      single_sub-037_ses02-to-ses03 seed=0 acc=0.6500 (ntr=160 nval=40 nte=200)
2026-06-09 13:46:02 | INFO    | train_session_alignment | [align] bn_statistics_adaptation fbcnet      single_sub-037_ses03-to-ses01 seed=0 acc=0.5050 (ntr=160 nval=40 nte=200)
2026-06-09 13:46:14 | INFO    | train_session_alignment | [align] bn_statistics_adaptation fbcnet      single_sub-037_ses03-to-ses02 seed=0 acc=0.7550 (ntr=160 nval=40 nte=200)
2026-06-09 13:46:19 | INFO    | train_session_alignment | [align] bn_statistics_adaptation fbcnet      single_sub-038_ses01-to-ses02 seed=0 acc=0.4750 (ntr=160 nval=40 nte=200)
2026-06-09 13:46:23 | INFO    | train_session_alignment | [align] bn_statistics_adaptation fbcnet      single_sub-038_ses01-to-ses03 seed=0 acc=0.4850 (ntr=160 nval=40 nte=200)
2026-06-09 13:46:37 | INFO    | train_session_alignment | [align] bn_statistics_adaptation fbcnet      single_sub-038_ses02-to-ses01 seed=0 acc=0.5000 (ntr=160 nval=40 nte=200)
2026-06-09 13:46:50 | INFO    | train_session_alignment | [align] bn_statistics_adaptation fbcnet      single_sub-038_ses02-to-ses03 seed=0 acc=0.5050 (ntr=160 nval=40 nte=200)
2026-06-09 13:46:55 | INFO    | train_session_alignment | [align] bn_statistics_adaptation fbcnet      single_sub-038_ses03-to-ses01 seed=0 acc=0.4950 (ntr=160 nval=40 nte=200)
2026-06-09 13:47:00 | INFO    | train_session_alignment | [align] bn_statistics_adaptation fbcnet      single_sub-038_ses03-to-ses02 seed=0 acc=0.5200 (ntr=160 nval=40 nte=200)
2026-06-09 13:47:10 | INFO    | train_session_alignment | [align] bn_statistics_adaptation fbcnet      single_sub-039_ses01-to-ses02 seed=0 acc=0.5050 (ntr=160 nval=40 nte=200)
2026-06-09 13:47:20 | INFO    | train_session_alignment | [align] bn_statistics_adaptation fbcnet      single_sub-039_ses01-to-ses03 seed=0 acc=0.5800 (ntr=160 nval=40 nte=200)
2026-06-09 13:47:28 | INFO    | train_session_alignment | [align] bn_statistics_adaptation fbcnet      single_sub-039_ses02-to-ses01 seed=0 acc=0.4700 (ntr=160 nval=40 nte=200)
2026-06-09 13:47:36 | INFO    | train_session_alignment | [align] bn_statistics_adaptation fbcnet      single_sub-039_ses02-to-ses03 seed=0 acc=0.6200 (ntr=160 nval=40 nte=200)
2026-06-09 13:47:43 | INFO    | train_session_alignment | [align] bn_statistics_adaptation fbcnet      single_sub-039_ses03-to-ses01 seed=0 acc=0.5650 (ntr=160 nval=40 nte=200)
2026-06-09 13:47:50 | INFO    | train_session_alignment | [align] bn_statistics_adaptation fbcnet      single_sub-039_ses03-to-ses02 seed=0 acc=0.6050 (ntr=160 nval=40 nte=200)
2026-06-09 13:48:00 | INFO    | train_session_alignment | [align] bn_statistics_adaptation fbcnet      single_sub-040_ses01-to-ses02 seed=0 acc=0.6350 (ntr=160 nval=40 nte=200)
2026-06-09 13:48:09 | INFO    | train_session_alignment | [align] bn_statistics_adaptation fbcnet      single_sub-040_ses01-to-ses03 seed=0 acc=0.7150 (ntr=160 nval=40 nte=200)
2026-06-09 13:48:15 | INFO    | train_session_alignment | [align] bn_statistics_adaptation fbcnet      single_sub-040_ses02-to-ses01 seed=0 acc=0.5700 (ntr=160 nval=40 nte=200)
2026-06-09 13:48:21 | INFO    | train_session_alignment | [align] bn_statistics_adaptation fbcnet      single_sub-040_ses02-to-ses03 seed=0 acc=0.5500 (ntr=160 nval=40 nte=200)
2026-06-09 13:48:30 | INFO    | train_session_alignment | [align] bn_statistics_adaptation fbcnet      single_sub-040_ses03-to-ses01 seed=0 acc=0.6700 (ntr=160 nval=40 nte=200)
2026-06-09 13:48:40 | INFO    | train_session_alignment | [align] bn_statistics_adaptation fbcnet      single_sub-040_ses03-to-ses02 seed=0 acc=0.6600 (ntr=160 nval=40 nte=200)
2026-06-09 13:48:55 | INFO    | train_session_alignment | [align] bn_statistics_adaptation fbcnet      single_sub-041_ses01-to-ses02 seed=0 acc=0.7750 (ntr=160 nval=40 nte=200)
2026-06-09 13:49:11 | INFO    | train_session_alignment | [align] bn_statistics_adaptation fbcnet      single_sub-041_ses01-to-ses03 seed=0 acc=0.7800 (ntr=160 nval=40 nte=200)
2026-06-09 13:49:20 | INFO    | train_session_alignment | [align] bn_statistics_adaptation fbcnet      single_sub-041_ses02-to-ses01 seed=0 acc=0.7700 (ntr=160 nval=40 nte=200)
2026-06-09 13:49:28 | INFO    | train_session_alignment | [align] bn_statistics_adaptation fbcnet      single_sub-041_ses02-to-ses03 seed=0 acc=0.8400 (ntr=160 nval=40 nte=200)
2026-06-09 13:49:38 | INFO    | train_session_alignment | [align] bn_statistics_adaptation fbcnet      single_sub-041_ses03-to-ses01 seed=0 acc=0.7650 (ntr=160 nval=40 nte=200)
2026-06-09 13:49:48 | INFO    | train_session_alignment | [align] bn_statistics_adaptation fbcnet      single_sub-041_ses03-to-ses02 seed=0 acc=0.7800 (ntr=160 nval=40 nte=200)
2026-06-09 13:50:01 | INFO    | train_session_alignment | [align] bn_statistics_adaptation fbcnet      single_sub-042_ses01-to-ses02 seed=0 acc=0.6150 (ntr=160 nval=40 nte=200)
2026-06-09 13:50:15 | INFO    | train_session_alignment | [align] bn_statistics_adaptation fbcnet      single_sub-042_ses01-to-ses03 seed=0 acc=0.6450 (ntr=160 nval=40 nte=200)
2026-06-09 13:50:20 | INFO    | train_session_alignment | [align] bn_statistics_adaptation fbcnet      single_sub-042_ses02-to-ses01 seed=0 acc=0.6150 (ntr=160 nval=40 nte=200)
2026-06-09 13:50:26 | INFO    | train_session_alignment | [align] bn_statistics_adaptation fbcnet      single_sub-042_ses02-to-ses03 seed=0 acc=0.6250 (ntr=160 nval=40 nte=200)
2026-06-09 13:50:31 | INFO    | train_session_alignment | [align] bn_statistics_adaptation fbcnet      single_sub-042_ses03-to-ses01 seed=0 acc=0.6450 (ntr=160 nval=40 nte=200)
2026-06-09 13:50:37 | INFO    | train_session_alignment | [align] bn_statistics_adaptation fbcnet      single_sub-042_ses03-to-ses02 seed=0 acc=0.5850 (ntr=160 nval=40 nte=200)
2026-06-09 13:50:53 | INFO    | train_session_alignment | [align] bn_statistics_adaptation fbcnet      single_sub-043_ses01-to-ses02 seed=0 acc=0.9300 (ntr=160 nval=40 nte=200)
2026-06-09 13:51:08 | INFO    | train_session_alignment | [align] bn_statistics_adaptation fbcnet      single_sub-043_ses01-to-ses03 seed=0 acc=0.9850 (ntr=160 nval=40 nte=200)
2026-06-09 13:51:19 | INFO    | train_session_alignment | [align] bn_statistics_adaptation fbcnet      single_sub-043_ses02-to-ses01 seed=0 acc=0.9250 (ntr=160 nval=40 nte=200)
2026-06-09 13:51:31 | INFO    | train_session_alignment | [align] bn_statistics_adaptation fbcnet      single_sub-043_ses02-to-ses03 seed=0 acc=0.9350 (ntr=160 nval=40 nte=200)
2026-06-09 13:51:40 | INFO    | train_session_alignment | [align] bn_statistics_adaptation fbcnet      single_sub-043_ses03-to-ses01 seed=0 acc=0.9100 (ntr=160 nval=40 nte=200)
2026-06-09 13:51:49 | INFO    | train_session_alignment | [align] bn_statistics_adaptation fbcnet      single_sub-043_ses03-to-ses02 seed=0 acc=0.8900 (ntr=160 nval=40 nte=200)
2026-06-09 13:51:53 | INFO    | train_session_alignment | [align] bn_statistics_adaptation fbcnet      single_sub-044_ses01-to-ses02 seed=0 acc=0.4300 (ntr=160 nval=40 nte=200)
2026-06-09 13:51:57 | INFO    | train_session_alignment | [align] bn_statistics_adaptation fbcnet      single_sub-044_ses01-to-ses03 seed=0 acc=0.4550 (ntr=160 nval=40 nte=200)
2026-06-09 13:52:01 | INFO    | train_session_alignment | [align] bn_statistics_adaptation fbcnet      single_sub-044_ses02-to-ses01 seed=0 acc=0.5350 (ntr=160 nval=40 nte=200)
2026-06-09 13:52:05 | INFO    | train_session_alignment | [align] bn_statistics_adaptation fbcnet      single_sub-044_ses02-to-ses03 seed=0 acc=0.5050 (ntr=160 nval=40 nte=200)
2026-06-09 13:52:09 | INFO    | train_session_alignment | [align] bn_statistics_adaptation fbcnet      single_sub-044_ses03-to-ses01 seed=0 acc=0.5150 (ntr=160 nval=40 nte=200)
2026-06-09 13:52:13 | INFO    | train_session_alignment | [align] bn_statistics_adaptation fbcnet      single_sub-044_ses03-to-ses02 seed=0 acc=0.4450 (ntr=160 nval=40 nte=200)
2026-06-09 13:52:17 | INFO    | train_session_alignment | [align] bn_statistics_adaptation fbcnet      single_sub-045_ses01-to-ses02 seed=0 acc=0.5200 (ntr=160 nval=40 nte=200)
2026-06-09 13:52:20 | INFO    | train_session_alignment | [align] bn_statistics_adaptation fbcnet      single_sub-045_ses01-to-ses03 seed=0 acc=0.6550 (ntr=160 nval=40 nte=200)
2026-06-09 13:52:30 | INFO    | train_session_alignment | [align] bn_statistics_adaptation fbcnet      single_sub-045_ses02-to-ses01 seed=0 acc=0.6800 (ntr=160 nval=40 nte=200)
2026-06-09 13:52:40 | INFO    | train_session_alignment | [align] bn_statistics_adaptation fbcnet      single_sub-045_ses02-to-ses03 seed=0 acc=0.6650 (ntr=160 nval=40 nte=200)
2026-06-09 13:52:47 | INFO    | train_session_alignment | [align] bn_statistics_adaptation fbcnet      single_sub-045_ses03-to-ses01 seed=0 acc=0.7400 (ntr=160 nval=40 nte=200)
2026-06-09 13:52:54 | INFO    | train_session_alignment | [align] bn_statistics_adaptation fbcnet      single_sub-045_ses03-to-ses02 seed=0 acc=0.6050 (ntr=160 nval=40 nte=200)
2026-06-09 13:53:09 | INFO    | train_session_alignment | [align] bn_statistics_adaptation fbcnet      single_sub-046_ses01-to-ses02 seed=0 acc=0.9600 (ntr=160 nval=40 nte=200)
2026-06-09 13:53:24 | INFO    | train_session_alignment | [align] bn_statistics_adaptation fbcnet      single_sub-046_ses01-to-ses03 seed=0 acc=0.9550 (ntr=160 nval=40 nte=200)
2026-06-09 13:53:39 | INFO    | train_session_alignment | [align] bn_statistics_adaptation fbcnet      single_sub-046_ses02-to-ses01 seed=0 acc=0.9300 (ntr=160 nval=40 nte=200)
2026-06-09 13:53:55 | INFO    | train_session_alignment | [align] bn_statistics_adaptation fbcnet      single_sub-046_ses02-to-ses03 seed=0 acc=0.9350 (ntr=160 nval=40 nte=200)
2026-06-09 13:54:10 | INFO    | train_session_alignment | [align] bn_statistics_adaptation fbcnet      single_sub-046_ses03-to-ses01 seed=0 acc=0.8650 (ntr=160 nval=40 nte=200)
2026-06-09 13:54:25 | INFO    | train_session_alignment | [align] bn_statistics_adaptation fbcnet      single_sub-046_ses03-to-ses02 seed=0 acc=0.9550 (ntr=160 nval=40 nte=200)
2026-06-09 13:54:33 | INFO    | train_session_alignment | [align] bn_statistics_adaptation fbcnet      single_sub-047_ses01-to-ses02 seed=0 acc=0.7800 (ntr=160 nval=40 nte=200)
2026-06-09 13:54:42 | INFO    | train_session_alignment | [align] bn_statistics_adaptation fbcnet      single_sub-047_ses01-to-ses03 seed=0 acc=0.7700 (ntr=160 nval=40 nte=200)
2026-06-09 13:54:51 | INFO    | train_session_alignment | [align] bn_statistics_adaptation fbcnet      single_sub-047_ses02-to-ses01 seed=0 acc=0.7700 (ntr=160 nval=40 nte=200)
2026-06-09 13:55:00 | INFO    | train_session_alignment | [align] bn_statistics_adaptation fbcnet      single_sub-047_ses02-to-ses03 seed=0 acc=0.7150 (ntr=160 nval=40 nte=200)
2026-06-09 13:55:15 | INFO    | train_session_alignment | [align] bn_statistics_adaptation fbcnet      single_sub-047_ses03-to-ses01 seed=0 acc=0.8050 (ntr=160 nval=40 nte=200)
2026-06-09 13:55:31 | INFO    | train_session_alignment | [align] bn_statistics_adaptation fbcnet      single_sub-047_ses03-to-ses02 seed=0 acc=0.8250 (ntr=160 nval=40 nte=200)
2026-06-09 13:55:37 | INFO    | train_session_alignment | [align] bn_statistics_adaptation fbcnet      single_sub-048_ses01-to-ses02 seed=0 acc=0.5850 (ntr=160 nval=40 nte=200)
2026-06-09 13:55:42 | INFO    | train_session_alignment | [align] bn_statistics_adaptation fbcnet      single_sub-048_ses01-to-ses03 seed=0 acc=0.4950 (ntr=160 nval=40 nte=200)
2026-06-09 13:55:49 | INFO    | train_session_alignment | [align] bn_statistics_adaptation fbcnet      single_sub-048_ses02-to-ses01 seed=0 acc=0.6050 (ntr=160 nval=40 nte=200)
2026-06-09 13:55:56 | INFO    | train_session_alignment | [align] bn_statistics_adaptation fbcnet      single_sub-048_ses02-to-ses03 seed=0 acc=0.6350 (ntr=160 nval=40 nte=200)
2026-06-09 13:56:04 | INFO    | train_session_alignment | [align] bn_statistics_adaptation fbcnet      single_sub-048_ses03-to-ses01 seed=0 acc=0.6100 (ntr=160 nval=40 nte=200)
2026-06-09 13:56:11 | INFO    | train_session_alignment | [align] bn_statistics_adaptation fbcnet      single_sub-048_ses03-to-ses02 seed=0 acc=0.5850 (ntr=160 nval=40 nte=200)
2026-06-09 13:56:20 | INFO    | train_session_alignment | [align] bn_statistics_adaptation fbcnet      single_sub-049_ses01-to-ses02 seed=0 acc=0.6000 (ntr=160 nval=40 nte=200)
2026-06-09 13:56:29 | INFO    | train_session_alignment | [align] bn_statistics_adaptation fbcnet      single_sub-049_ses01-to-ses03 seed=0 acc=0.5450 (ntr=160 nval=40 nte=200)
2026-06-09 13:56:35 | INFO    | train_session_alignment | [align] bn_statistics_adaptation fbcnet      single_sub-049_ses02-to-ses01 seed=0 acc=0.8550 (ntr=160 nval=40 nte=200)
2026-06-09 13:56:41 | INFO    | train_session_alignment | [align] bn_statistics_adaptation fbcnet      single_sub-049_ses02-to-ses03 seed=0 acc=0.7650 (ntr=160 nval=40 nte=200)
2026-06-09 13:56:47 | INFO    | train_session_alignment | [align] bn_statistics_adaptation fbcnet      single_sub-049_ses03-to-ses01 seed=0 acc=0.8300 (ntr=160 nval=40 nte=200)
2026-06-09 13:56:53 | INFO    | train_session_alignment | [align] bn_statistics_adaptation fbcnet      single_sub-049_ses03-to-ses02 seed=0 acc=0.8000 (ntr=160 nval=40 nte=200)
2026-06-09 13:57:06 | INFO    | train_session_alignment | [align] bn_statistics_adaptation fbcnet      single_sub-050_ses01-to-ses02 seed=0 acc=0.8450 (ntr=160 nval=40 nte=200)
2026-06-09 13:57:19 | INFO    | train_session_alignment | [align] bn_statistics_adaptation fbcnet      single_sub-050_ses01-to-ses03 seed=0 acc=0.8150 (ntr=160 nval=40 nte=200)
2026-06-09 13:57:35 | INFO    | train_session_alignment | [align] bn_statistics_adaptation fbcnet      single_sub-050_ses02-to-ses01 seed=0 acc=0.8100 (ntr=160 nval=40 nte=200)
2026-06-09 13:57:50 | INFO    | train_session_alignment | [align] bn_statistics_adaptation fbcnet      single_sub-050_ses02-to-ses03 seed=0 acc=0.8650 (ntr=160 nval=40 nte=200)
2026-06-09 13:58:00 | INFO    | train_session_alignment | [align] bn_statistics_adaptation fbcnet      single_sub-050_ses03-to-ses01 seed=0 acc=0.7200 (ntr=160 nval=40 nte=200)
2026-06-09 13:58:11 | INFO    | train_session_alignment | [align] bn_statistics_adaptation fbcnet      single_sub-050_ses03-to-ses02 seed=0 acc=0.8750 (ntr=160 nval=40 nte=200)
2026-06-09 13:58:21 | INFO    | train_session_alignment | [align] bn_statistics_adaptation fbcnet      single_sub-051_ses01-to-ses02 seed=0 acc=0.6850 (ntr=160 nval=40 nte=200)
2026-06-09 13:58:32 | INFO    | train_session_alignment | [align] bn_statistics_adaptation fbcnet      single_sub-051_ses01-to-ses03 seed=0 acc=0.6950 (ntr=160 nval=40 nte=200)
2026-06-09 13:58:47 | INFO    | train_session_alignment | [align] bn_statistics_adaptation fbcnet      single_sub-051_ses02-to-ses01 seed=0 acc=0.7400 (ntr=160 nval=40 nte=200)
2026-06-09 13:59:02 | INFO    | train_session_alignment | [align] bn_statistics_adaptation fbcnet      single_sub-051_ses02-to-ses03 seed=0 acc=0.8100 (ntr=160 nval=40 nte=200)
2026-06-09 13:59:11 | INFO    | train_session_alignment | [align] bn_statistics_adaptation fbcnet      single_sub-051_ses03-to-ses01 seed=0 acc=0.6500 (ntr=160 nval=40 nte=200)
2026-06-09 13:59:19 | INFO    | train_session_alignment | [align] bn_statistics_adaptation fbcnet      single_sub-051_ses03-to-ses02 seed=0 acc=0.8200 (ntr=160 nval=40 nte=200)
2026-06-09 13:59:32 | INFO    | train_session_alignment | [align] bn_statistics_adaptation fbcnet      multi_sub-001_ses01ses02-to-ses03 seed=0 acc=0.8300 (ntr=320 nval=80 nte=200)
2026-06-09 13:59:36 | INFO    | train_session_alignment | [align] bn_statistics_adaptation fbcnet      multi_sub-002_ses01ses02-to-ses03 seed=0 acc=0.4800 (ntr=320 nval=80 nte=200)
2026-06-09 13:59:48 | INFO    | train_session_alignment | [align] bn_statistics_adaptation fbcnet      multi_sub-003_ses01ses02-to-ses03 seed=0 acc=0.7250 (ntr=320 nval=80 nte=200)
2026-06-09 13:59:54 | INFO    | train_session_alignment | [align] bn_statistics_adaptation fbcnet      multi_sub-004_ses01ses02-to-ses03 seed=0 acc=0.5150 (ntr=320 nval=80 nte=200)
2026-06-09 14:00:04 | INFO    | train_session_alignment | [align] bn_statistics_adaptation fbcnet      multi_sub-005_ses01ses02-to-ses03 seed=0 acc=0.8600 (ntr=320 nval=80 nte=200)
2026-06-09 14:00:18 | INFO    | train_session_alignment | [align] bn_statistics_adaptation fbcnet      multi_sub-006_ses01ses02-to-ses03 seed=0 acc=0.9450 (ntr=320 nval=80 nte=200)
2026-06-09 14:00:25 | INFO    | train_session_alignment | [align] bn_statistics_adaptation fbcnet      multi_sub-007_ses01ses02-to-ses03 seed=0 acc=0.6000 (ntr=320 nval=80 nte=200)
2026-06-09 14:00:30 | INFO    | train_session_alignment | [align] bn_statistics_adaptation fbcnet      multi_sub-008_ses01ses02-to-ses03 seed=0 acc=0.6150 (ntr=320 nval=80 nte=200)
2026-06-09 14:00:38 | INFO    | train_session_alignment | [align] bn_statistics_adaptation fbcnet      multi_sub-009_ses01ses02-to-ses03 seed=0 acc=0.5700 (ntr=320 nval=80 nte=200)
2026-06-09 14:00:44 | INFO    | train_session_alignment | [align] bn_statistics_adaptation fbcnet      multi_sub-010_ses01ses02-to-ses03 seed=0 acc=0.5450 (ntr=320 nval=80 nte=200)
2026-06-09 14:00:52 | INFO    | train_session_alignment | [align] bn_statistics_adaptation fbcnet      multi_sub-011_ses01ses02-to-ses03 seed=0 acc=0.7000 (ntr=320 nval=80 nte=200)
2026-06-09 14:00:58 | INFO    | train_session_alignment | [align] bn_statistics_adaptation fbcnet      multi_sub-012_ses01ses02-to-ses03 seed=0 acc=0.5200 (ntr=320 nval=80 nte=200)
2026-06-09 14:01:05 | INFO    | train_session_alignment | [align] bn_statistics_adaptation fbcnet      multi_sub-013_ses01ses02-to-ses03 seed=0 acc=0.5950 (ntr=320 nval=80 nte=200)
2026-06-09 14:01:09 | INFO    | train_session_alignment | [align] bn_statistics_adaptation fbcnet      multi_sub-014_ses01ses02-to-ses03 seed=0 acc=0.4800 (ntr=320 nval=80 nte=200)
2026-06-09 14:01:18 | INFO    | train_session_alignment | [align] bn_statistics_adaptation fbcnet      multi_sub-015_ses01ses02-to-ses03 seed=0 acc=0.4900 (ntr=320 nval=80 nte=200)
2026-06-09 14:01:23 | INFO    | train_session_alignment | [align] bn_statistics_adaptation fbcnet      multi_sub-016_ses01ses02-to-ses03 seed=0 acc=0.5750 (ntr=320 nval=80 nte=200)
2026-06-09 14:01:35 | INFO    | train_session_alignment | [align] bn_statistics_adaptation fbcnet      multi_sub-017_ses01ses02-to-ses03 seed=0 acc=0.6550 (ntr=320 nval=80 nte=200)
2026-06-09 14:01:41 | INFO    | train_session_alignment | [align] bn_statistics_adaptation fbcnet      multi_sub-018_ses01ses02-to-ses03 seed=0 acc=0.5200 (ntr=320 nval=80 nte=200)
2026-06-09 14:01:46 | INFO    | train_session_alignment | [align] bn_statistics_adaptation fbcnet      multi_sub-019_ses01ses02-to-ses03 seed=0 acc=0.6150 (ntr=320 nval=80 nte=200)
2026-06-09 14:02:00 | INFO    | train_session_alignment | [align] bn_statistics_adaptation fbcnet      multi_sub-020_ses01ses02-to-ses03 seed=0 acc=0.4500 (ntr=320 nval=80 nte=200)
2026-06-09 14:02:09 | INFO    | train_session_alignment | [align] bn_statistics_adaptation fbcnet      multi_sub-021_ses01ses02-to-ses03 seed=0 acc=0.6600 (ntr=320 nval=80 nte=200)
2026-06-09 14:02:18 | INFO    | train_session_alignment | [align] bn_statistics_adaptation fbcnet      multi_sub-022_ses01ses02-to-ses03 seed=0 acc=0.5950 (ntr=320 nval=80 nte=200)
2026-06-09 14:02:32 | INFO    | train_session_alignment | [align] bn_statistics_adaptation fbcnet      multi_sub-025_ses01ses02-to-ses03 seed=0 acc=0.5750 (ntr=320 nval=80 nte=200)
2026-06-09 14:02:39 | INFO    | train_session_alignment | [align] bn_statistics_adaptation fbcnet      multi_sub-027_ses01ses02-to-ses03 seed=0 acc=0.5900 (ntr=320 nval=80 nte=200)
2026-06-09 14:02:49 | INFO    | train_session_alignment | [align] bn_statistics_adaptation fbcnet      multi_sub-028_ses01ses02-to-ses03 seed=0 acc=0.8050 (ntr=320 nval=80 nte=200)
2026-06-09 14:02:57 | INFO    | train_session_alignment | [align] bn_statistics_adaptation fbcnet      multi_sub-029_ses01ses02-to-ses03 seed=0 acc=0.9250 (ntr=320 nval=80 nte=200)
2026-06-09 14:03:05 | INFO    | train_session_alignment | [align] bn_statistics_adaptation fbcnet      multi_sub-030_ses01ses02-to-ses03 seed=0 acc=0.7600 (ntr=320 nval=80 nte=200)
2026-06-09 14:03:11 | INFO    | train_session_alignment | [align] bn_statistics_adaptation fbcnet      multi_sub-031_ses01ses02-to-ses03 seed=0 acc=0.6200 (ntr=320 nval=80 nte=200)
2026-06-09 14:03:22 | INFO    | train_session_alignment | [align] bn_statistics_adaptation fbcnet      multi_sub-033_ses01ses02-to-ses03 seed=0 acc=0.9600 (ntr=320 nval=80 nte=200)
2026-06-09 14:03:31 | INFO    | train_session_alignment | [align] bn_statistics_adaptation fbcnet      multi_sub-034_ses01ses02-to-ses03 seed=0 acc=0.5350 (ntr=320 nval=80 nte=200)
2026-06-09 14:03:45 | INFO    | train_session_alignment | [align] bn_statistics_adaptation fbcnet      multi_sub-035_ses01ses02-to-ses03 seed=0 acc=0.8300 (ntr=320 nval=80 nte=200)
2026-06-09 14:03:56 | INFO    | train_session_alignment | [align] bn_statistics_adaptation fbcnet      multi_sub-036_ses01ses02-to-ses03 seed=0 acc=0.9650 (ntr=320 nval=80 nte=200)
2026-06-09 14:04:06 | INFO    | train_session_alignment | [align] bn_statistics_adaptation fbcnet      multi_sub-037_ses01ses02-to-ses03 seed=0 acc=0.7050 (ntr=320 nval=80 nte=200)
2026-06-09 14:04:19 | INFO    | train_session_alignment | [align] bn_statistics_adaptation fbcnet      multi_sub-038_ses01ses02-to-ses03 seed=0 acc=0.5050 (ntr=320 nval=80 nte=200)
2026-06-09 14:04:26 | INFO    | train_session_alignment | [align] bn_statistics_adaptation fbcnet      multi_sub-039_ses01ses02-to-ses03 seed=0 acc=0.6700 (ntr=320 nval=80 nte=200)
2026-06-09 14:04:31 | INFO    | train_session_alignment | [align] bn_statistics_adaptation fbcnet      multi_sub-040_ses01ses02-to-ses03 seed=0 acc=0.6800 (ntr=320 nval=80 nte=200)
2026-06-09 14:04:42 | INFO    | train_session_alignment | [align] bn_statistics_adaptation fbcnet      multi_sub-041_ses01ses02-to-ses03 seed=0 acc=0.8850 (ntr=320 nval=80 nte=200)
2026-06-09 14:04:50 | INFO    | train_session_alignment | [align] bn_statistics_adaptation fbcnet      multi_sub-042_ses01ses02-to-ses03 seed=0 acc=0.6650 (ntr=320 nval=80 nte=200)
2026-06-09 14:05:09 | INFO    | train_session_alignment | [align] bn_statistics_adaptation fbcnet      multi_sub-043_ses01ses02-to-ses03 seed=0 acc=0.9800 (ntr=320 nval=80 nte=200)
2026-06-09 14:05:14 | INFO    | train_session_alignment | [align] bn_statistics_adaptation fbcnet      multi_sub-044_ses01ses02-to-ses03 seed=0 acc=0.5550 (ntr=320 nval=80 nte=200)
2026-06-09 14:05:25 | INFO    | train_session_alignment | [align] bn_statistics_adaptation fbcnet      multi_sub-045_ses01ses02-to-ses03 seed=0 acc=0.7800 (ntr=320 nval=80 nte=200)
2026-06-09 14:05:37 | INFO    | train_session_alignment | [align] bn_statistics_adaptation fbcnet      multi_sub-046_ses01ses02-to-ses03 seed=0 acc=0.9550 (ntr=320 nval=80 nte=200)
2026-06-09 14:05:47 | INFO    | train_session_alignment | [align] bn_statistics_adaptation fbcnet      multi_sub-047_ses01ses02-to-ses03 seed=0 acc=0.8350 (ntr=320 nval=80 nte=200)
2026-06-09 14:05:54 | INFO    | train_session_alignment | [align] bn_statistics_adaptation fbcnet      multi_sub-048_ses01ses02-to-ses03 seed=0 acc=0.6950 (ntr=320 nval=80 nte=200)
2026-06-09 14:06:06 | INFO    | train_session_alignment | [align] bn_statistics_adaptation fbcnet      multi_sub-049_ses01ses02-to-ses03 seed=0 acc=0.7900 (ntr=320 nval=80 nte=200)
2026-06-09 14:06:25 | INFO    | train_session_alignment | [align] bn_statistics_adaptation fbcnet      multi_sub-050_ses01ses02-to-ses03 seed=0 acc=0.8850 (ntr=320 nval=80 nte=200)
2026-06-09 14:06:32 | INFO    | train_session_alignment | [align] bn_statistics_adaptation fbcnet      multi_sub-051_ses01ses02-to-ses03 seed=0 acc=0.7600 (ntr=320 nval=80 nte=200)
2026-06-09 14:06:32 | INFO    | train_session_alignment | ALL DONE in 2842.4s | rows=335 ok=335 failed=0 | out=/share/home/yuan/SYX/eeg-mi-online/outputs/experiments/alignment_baseline_v1
Done: Tue Jun  9 14:06:33 CST 2026
