Project: /share/home/yuan/SYX/eeg-mi-online
Env    : mi_torch_cu118
Args   : --methods bn_statistics_adaptation --models fbcnet --seeds 1 --protocols single,multi --tag-suffix bn_statistics_adaptation_fbcnet_s1
Node   : gpu01 | Start: Tue Jun  9 13:47:19 CST 2026
Tue Jun  9 13:47:19 2026       
+-----------------------------------------------------------------------------------------+
| NVIDIA-SMI 570.153.02             Driver Version: 570.153.02     CUDA Version: 12.8     |
|-----------------------------------------+------------------------+----------------------+
| GPU  Name                 Persistence-M | Bus-Id          Disp.A | Volatile Uncorr. ECC |
| Fan  Temp   Perf          Pwr:Usage/Cap |           Memory-Usage | GPU-Util  Compute M. |
|                                         |                        |               MIG M. |
|=========================================+========================+======================|
|   0  NVIDIA GeForce RTX 4090 D      On  |   00000000:01:00.0 Off |                  Off |
| 84%   48C    P0             69W /  425W |       1MiB /  24564MiB |      0%      Default |
|                                         |                        |                  N/A |
+-----------------------------------------+------------------------+----------------------+
                                                                                         
+-----------------------------------------------------------------------------------------+
| Processes:                                                                              |
|  GPU   GI   CI              PID   Type   Process name                        GPU Memory |
|        ID   ID                                                               Usage      |
|=========================================================================================|
|  No running processes found                                                             |
+-----------------------------------------------------------------------------------------+
[cuda-check] torch=2.7.1+cu118 cuda_build=11.8 cuda_avail=True
2026-06-09 13:47:23 | INFO    | train_session_alignment | device=cuda | cuda={'torch': '2.7.1+cu118', 'cuda_build': '11.8', 'cuda_available': True, 'device': 'cuda', 'device_name': 'NVIDIA GeForce RTX 4090 D'}
2026-06-09 13:47:23 | INFO    | train_session_alignment | loaded 148 ok sessions | methods=['bn_statistics_adaptation'] | models=['fbcnet'] | seeds=[1] | groups=['single', 'multi'] | tasks=335
2026-06-09 13:47:34 | INFO    | train_session_alignment | [align] bn_statistics_adaptation fbcnet      single_sub-001_ses01-to-ses02 seed=1 acc=0.6650 (ntr=160 nval=40 nte=200)
2026-06-09 13:47:43 | INFO    | train_session_alignment | [align] bn_statistics_adaptation fbcnet      single_sub-001_ses01-to-ses03 seed=1 acc=0.6450 (ntr=160 nval=40 nte=200)
2026-06-09 13:47:59 | INFO    | train_session_alignment | [align] bn_statistics_adaptation fbcnet      single_sub-001_ses02-to-ses01 seed=1 acc=0.7050 (ntr=160 nval=40 nte=200)
2026-06-09 13:48:15 | INFO    | train_session_alignment | [align] bn_statistics_adaptation fbcnet      single_sub-001_ses02-to-ses03 seed=1 acc=0.8350 (ntr=160 nval=40 nte=200)
2026-06-09 13:48:30 | INFO    | train_session_alignment | [align] bn_statistics_adaptation fbcnet      single_sub-001_ses03-to-ses01 seed=1 acc=0.6700 (ntr=160 nval=40 nte=200)
2026-06-09 13:48:45 | INFO    | train_session_alignment | [align] bn_statistics_adaptation fbcnet      single_sub-001_ses03-to-ses02 seed=1 acc=0.7700 (ntr=160 nval=40 nte=200)
2026-06-09 13:48:50 | INFO    | train_session_alignment | [align] bn_statistics_adaptation fbcnet      single_sub-002_ses01-to-ses02 seed=1 acc=0.5150 (ntr=160 nval=40 nte=200)
2026-06-09 13:48:54 | INFO    | train_session_alignment | [align] bn_statistics_adaptation fbcnet      single_sub-002_ses01-to-ses03 seed=1 acc=0.4800 (ntr=160 nval=40 nte=200)
2026-06-09 13:49:00 | INFO    | train_session_alignment | [align] bn_statistics_adaptation fbcnet      single_sub-002_ses02-to-ses01 seed=1 acc=0.4650 (ntr=160 nval=40 nte=200)
2026-06-09 13:49:05 | INFO    | train_session_alignment | [align] bn_statistics_adaptation fbcnet      single_sub-002_ses02-to-ses03 seed=1 acc=0.5750 (ntr=160 nval=40 nte=200)
2026-06-09 13:49:09 | INFO    | train_session_alignment | [align] bn_statistics_adaptation fbcnet      single_sub-002_ses03-to-ses01 seed=1 acc=0.4750 (ntr=160 nval=40 nte=200)
2026-06-09 13:49:13 | INFO    | train_session_alignment | [align] bn_statistics_adaptation fbcnet      single_sub-002_ses03-to-ses02 seed=1 acc=0.5450 (ntr=160 nval=40 nte=200)
2026-06-09 13:49:22 | INFO    | train_session_alignment | [align] bn_statistics_adaptation fbcnet      single_sub-003_ses01-to-ses02 seed=1 acc=0.6700 (ntr=160 nval=40 nte=200)
2026-06-09 13:49:32 | INFO    | train_session_alignment | [align] bn_statistics_adaptation fbcnet      single_sub-003_ses01-to-ses03 seed=1 acc=0.8050 (ntr=160 nval=40 nte=200)
2026-06-09 13:49:46 | INFO    | train_session_alignment | [align] bn_statistics_adaptation fbcnet      single_sub-003_ses02-to-ses01 seed=1 acc=0.5850 (ntr=160 nval=40 nte=200)
2026-06-09 13:49:59 | INFO    | train_session_alignment | [align] bn_statistics_adaptation fbcnet      single_sub-003_ses02-to-ses03 seed=1 acc=0.5050 (ntr=160 nval=40 nte=200)
2026-06-09 13:50:06 | INFO    | train_session_alignment | [align] bn_statistics_adaptation fbcnet      single_sub-003_ses03-to-ses01 seed=1 acc=0.6300 (ntr=160 nval=40 nte=200)
2026-06-09 13:50:12 | INFO    | train_session_alignment | [align] bn_statistics_adaptation fbcnet      single_sub-003_ses03-to-ses02 seed=1 acc=0.6400 (ntr=160 nval=40 nte=200)
2026-06-09 13:50:18 | INFO    | train_session_alignment | [align] bn_statistics_adaptation fbcnet      single_sub-004_ses01-to-ses02 seed=1 acc=0.4600 (ntr=160 nval=40 nte=200)
2026-06-09 13:50:23 | INFO    | train_session_alignment | [align] bn_statistics_adaptation fbcnet      single_sub-004_ses01-to-ses03 seed=1 acc=0.4700 (ntr=160 nval=40 nte=200)
2026-06-09 13:50:27 | INFO    | train_session_alignment | [align] bn_statistics_adaptation fbcnet      single_sub-004_ses02-to-ses01 seed=1 acc=0.5300 (ntr=160 nval=40 nte=200)
2026-06-09 13:50:32 | INFO    | train_session_alignment | [align] bn_statistics_adaptation fbcnet      single_sub-004_ses02-to-ses03 seed=1 acc=0.4800 (ntr=160 nval=40 nte=200)
2026-06-09 13:50:36 | INFO    | train_session_alignment | [align] bn_statistics_adaptation fbcnet      single_sub-004_ses03-to-ses01 seed=1 acc=0.5450 (ntr=160 nval=40 nte=200)
2026-06-09 13:50:39 | INFO    | train_session_alignment | [align] bn_statistics_adaptation fbcnet      single_sub-004_ses03-to-ses02 seed=1 acc=0.4850 (ntr=160 nval=40 nte=200)
2026-06-09 13:50:55 | INFO    | train_session_alignment | [align] bn_statistics_adaptation fbcnet      single_sub-005_ses01-to-ses02 seed=1 acc=0.7700 (ntr=160 nval=40 nte=200)
2026-06-09 13:51:10 | INFO    | train_session_alignment | [align] bn_statistics_adaptation fbcnet      single_sub-005_ses01-to-ses03 seed=1 acc=0.8000 (ntr=160 nval=40 nte=200)
2026-06-09 13:51:25 | INFO    | train_session_alignment | [align] bn_statistics_adaptation fbcnet      single_sub-005_ses02-to-ses01 seed=1 acc=0.7750 (ntr=160 nval=40 nte=200)
2026-06-09 13:51:40 | INFO    | train_session_alignment | [align] bn_statistics_adaptation fbcnet      single_sub-005_ses02-to-ses03 seed=1 acc=0.7400 (ntr=160 nval=40 nte=200)
2026-06-09 13:51:51 | INFO    | train_session_alignment | [align] bn_statistics_adaptation fbcnet      single_sub-005_ses03-to-ses01 seed=1 acc=0.8000 (ntr=160 nval=40 nte=200)
2026-06-09 13:52:02 | INFO    | train_session_alignment | [align] bn_statistics_adaptation fbcnet      single_sub-005_ses03-to-ses02 seed=1 acc=0.7900 (ntr=160 nval=40 nte=200)
2026-06-09 13:52:18 | INFO    | train_session_alignment | [align] bn_statistics_adaptation fbcnet      single_sub-006_ses01-to-ses02 seed=1 acc=0.7900 (ntr=160 nval=40 nte=200)
2026-06-09 13:52:32 | INFO    | train_session_alignment | [align] bn_statistics_adaptation fbcnet      single_sub-006_ses01-to-ses03 seed=1 acc=0.8900 (ntr=160 nval=40 nte=200)
2026-06-09 13:52:39 | INFO    | train_session_alignment | [align] bn_statistics_adaptation fbcnet      single_sub-006_ses02-to-ses01 seed=1 acc=0.6800 (ntr=160 nval=40 nte=200)
2026-06-09 13:52:45 | INFO    | train_session_alignment | [align] bn_statistics_adaptation fbcnet      single_sub-006_ses02-to-ses03 seed=1 acc=0.8100 (ntr=160 nval=40 nte=200)
2026-06-09 13:53:00 | INFO    | train_session_alignment | [align] bn_statistics_adaptation fbcnet      single_sub-006_ses03-to-ses01 seed=1 acc=0.6650 (ntr=160 nval=40 nte=200)
2026-06-09 13:53:15 | INFO    | train_session_alignment | [align] bn_statistics_adaptation fbcnet      single_sub-006_ses03-to-ses02 seed=1 acc=0.8600 (ntr=160 nval=40 nte=200)
2026-06-09 13:53:20 | INFO    | train_session_alignment | [align] bn_statistics_adaptation fbcnet      single_sub-007_ses01-to-ses02 seed=1 acc=0.5400 (ntr=160 nval=40 nte=200)
2026-06-09 13:53:24 | INFO    | train_session_alignment | [align] bn_statistics_adaptation fbcnet      single_sub-007_ses01-to-ses03 seed=1 acc=0.5850 (ntr=160 nval=40 nte=200)
2026-06-09 13:53:30 | INFO    | train_session_alignment | [align] bn_statistics_adaptation fbcnet      single_sub-007_ses02-to-ses01 seed=1 acc=0.5600 (ntr=160 nval=40 nte=200)
2026-06-09 13:53:35 | INFO    | train_session_alignment | [align] bn_statistics_adaptation fbcnet      single_sub-007_ses02-to-ses03 seed=1 acc=0.5550 (ntr=160 nval=40 nte=200)
2026-06-09 13:53:43 | INFO    | train_session_alignment | [align] bn_statistics_adaptation fbcnet      single_sub-007_ses03-to-ses01 seed=1 acc=0.5050 (ntr=160 nval=40 nte=200)
2026-06-09 13:53:51 | INFO    | train_session_alignment | [align] bn_statistics_adaptation fbcnet      single_sub-007_ses03-to-ses02 seed=1 acc=0.5200 (ntr=160 nval=40 nte=200)
2026-06-09 13:53:57 | INFO    | train_session_alignment | [align] bn_statistics_adaptation fbcnet      single_sub-008_ses01-to-ses02 seed=1 acc=0.5550 (ntr=160 nval=40 nte=200)
2026-06-09 13:54:02 | INFO    | train_session_alignment | [align] bn_statistics_adaptation fbcnet      single_sub-008_ses01-to-ses03 seed=1 acc=0.5750 (ntr=160 nval=40 nte=200)
2026-06-09 13:54:14 | INFO    | train_session_alignment | [align] bn_statistics_adaptation fbcnet      single_sub-008_ses02-to-ses01 seed=1 acc=0.6000 (ntr=160 nval=40 nte=200)
2026-06-09 13:54:25 | INFO    | train_session_alignment | [align] bn_statistics_adaptation fbcnet      single_sub-008_ses02-to-ses03 seed=1 acc=0.7500 (ntr=160 nval=40 nte=200)
2026-06-09 13:54:38 | INFO    | train_session_alignment | [align] bn_statistics_adaptation fbcnet      single_sub-008_ses03-to-ses01 seed=1 acc=0.5700 (ntr=160 nval=40 nte=200)
2026-06-09 13:54:52 | INFO    | train_session_alignment | [align] bn_statistics_adaptation fbcnet      single_sub-008_ses03-to-ses02 seed=1 acc=0.6900 (ntr=160 nval=40 nte=200)
2026-06-09 13:54:56 | INFO    | train_session_alignment | [align] bn_statistics_adaptation fbcnet      single_sub-009_ses01-to-ses02 seed=1 acc=0.6650 (ntr=160 nval=40 nte=200)
2026-06-09 13:55:00 | INFO    | train_session_alignment | [align] bn_statistics_adaptation fbcnet      single_sub-009_ses01-to-ses03 seed=1 acc=0.5150 (ntr=160 nval=40 nte=200)
2026-06-09 13:55:04 | INFO    | train_session_alignment | [align] bn_statistics_adaptation fbcnet      single_sub-009_ses02-to-ses01 seed=1 acc=0.5350 (ntr=160 nval=40 nte=200)
2026-06-09 13:55:08 | INFO    | train_session_alignment | [align] bn_statistics_adaptation fbcnet      single_sub-009_ses02-to-ses03 seed=1 acc=0.4550 (ntr=160 nval=40 nte=200)
2026-06-09 13:55:12 | INFO    | train_session_alignment | [align] bn_statistics_adaptation fbcnet      single_sub-009_ses03-to-ses01 seed=1 acc=0.4750 (ntr=160 nval=40 nte=200)
2026-06-09 13:55:15 | INFO    | train_session_alignment | [align] bn_statistics_adaptation fbcnet      single_sub-009_ses03-to-ses02 seed=1 acc=0.5250 (ntr=160 nval=40 nte=200)
2026-06-09 13:55:26 | INFO    | train_session_alignment | [align] bn_statistics_adaptation fbcnet      single_sub-010_ses01-to-ses02 seed=1 acc=0.6150 (ntr=160 nval=40 nte=200)
2026-06-09 13:55:36 | INFO    | train_session_alignment | [align] bn_statistics_adaptation fbcnet      single_sub-010_ses01-to-ses03 seed=1 acc=0.4600 (ntr=160 nval=40 nte=200)
2026-06-09 13:55:41 | INFO    | train_session_alignment | [align] bn_statistics_adaptation fbcnet      single_sub-010_ses02-to-ses01 seed=1 acc=0.5900 (ntr=160 nval=40 nte=200)
2026-06-09 13:55:45 | INFO    | train_session_alignment | [align] bn_statistics_adaptation fbcnet      single_sub-010_ses02-to-ses03 seed=1 acc=0.5650 (ntr=160 nval=40 nte=200)
2026-06-09 13:55:53 | INFO    | train_session_alignment | [align] bn_statistics_adaptation fbcnet      single_sub-010_ses03-to-ses01 seed=1 acc=0.5550 (ntr=160 nval=40 nte=200)
2026-06-09 13:56:01 | INFO    | train_session_alignment | [align] bn_statistics_adaptation fbcnet      single_sub-010_ses03-to-ses02 seed=1 acc=0.5150 (ntr=160 nval=40 nte=200)
2026-06-09 13:56:16 | INFO    | train_session_alignment | [align] bn_statistics_adaptation fbcnet      single_sub-011_ses01-to-ses02 seed=1 acc=0.6550 (ntr=160 nval=40 nte=200)
2026-06-09 13:56:31 | INFO    | train_session_alignment | [align] bn_statistics_adaptation fbcnet      single_sub-011_ses01-to-ses03 seed=1 acc=0.6800 (ntr=160 nval=40 nte=200)
2026-06-09 13:56:36 | INFO    | train_session_alignment | [align] bn_statistics_adaptation fbcnet      single_sub-011_ses02-to-ses01 seed=1 acc=0.6100 (ntr=160 nval=40 nte=200)
2026-06-09 13:56:40 | INFO    | train_session_alignment | [align] bn_statistics_adaptation fbcnet      single_sub-011_ses02-to-ses03 seed=1 acc=0.5250 (ntr=160 nval=40 nte=200)
2026-06-09 13:56:47 | INFO    | train_session_alignment | [align] bn_statistics_adaptation fbcnet      single_sub-011_ses03-to-ses01 seed=1 acc=0.7250 (ntr=160 nval=40 nte=200)
2026-06-09 13:56:53 | INFO    | train_session_alignment | [align] bn_statistics_adaptation fbcnet      single_sub-011_ses03-to-ses02 seed=1 acc=0.5450 (ntr=160 nval=40 nte=200)
2026-06-09 13:56:58 | INFO    | train_session_alignment | [align] bn_statistics_adaptation fbcnet      single_sub-012_ses01-to-ses02 seed=1 acc=0.4450 (ntr=160 nval=40 nte=200)
2026-06-09 13:57:03 | INFO    | train_session_alignment | [align] bn_statistics_adaptation fbcnet      single_sub-012_ses01-to-ses03 seed=1 acc=0.5950 (ntr=160 nval=40 nte=200)
2026-06-09 13:57:06 | INFO    | train_session_alignment | [align] bn_statistics_adaptation fbcnet      single_sub-012_ses02-to-ses01 seed=1 acc=0.5500 (ntr=160 nval=40 nte=200)
2026-06-09 13:57:11 | INFO    | train_session_alignment | [align] bn_statistics_adaptation fbcnet      single_sub-012_ses02-to-ses03 seed=1 acc=0.5000 (ntr=160 nval=40 nte=200)
2026-06-09 13:57:18 | INFO    | train_session_alignment | [align] bn_statistics_adaptation fbcnet      single_sub-012_ses03-to-ses01 seed=1 acc=0.5600 (ntr=160 nval=40 nte=200)
2026-06-09 13:57:26 | INFO    | train_session_alignment | [align] bn_statistics_adaptation fbcnet      single_sub-012_ses03-to-ses02 seed=1 acc=0.5500 (ntr=160 nval=40 nte=200)
2026-06-09 13:57:31 | INFO    | train_session_alignment | [align] bn_statistics_adaptation fbcnet      single_sub-013_ses01-to-ses02 seed=1 acc=0.5050 (ntr=160 nval=40 nte=200)
2026-06-09 13:57:35 | INFO    | train_session_alignment | [align] bn_statistics_adaptation fbcnet      single_sub-013_ses01-to-ses03 seed=1 acc=0.5550 (ntr=160 nval=40 nte=200)
2026-06-09 13:57:41 | INFO    | train_session_alignment | [align] bn_statistics_adaptation fbcnet      single_sub-013_ses02-to-ses01 seed=1 acc=0.5800 (ntr=160 nval=40 nte=200)
2026-06-09 13:57:48 | INFO    | train_session_alignment | [align] bn_statistics_adaptation fbcnet      single_sub-013_ses02-to-ses03 seed=1 acc=0.5300 (ntr=160 nval=40 nte=200)
2026-06-09 13:57:52 | INFO    | train_session_alignment | [align] bn_statistics_adaptation fbcnet      single_sub-013_ses03-to-ses01 seed=1 acc=0.5250 (ntr=160 nval=40 nte=200)
2026-06-09 13:57:57 | INFO    | train_session_alignment | [align] bn_statistics_adaptation fbcnet      single_sub-013_ses03-to-ses02 seed=1 acc=0.4800 (ntr=160 nval=40 nte=200)
2026-06-09 13:58:00 | INFO    | train_session_alignment | [align] bn_statistics_adaptation fbcnet      single_sub-014_ses01-to-ses02 seed=1 acc=0.4550 (ntr=160 nval=40 nte=200)
2026-06-09 13:58:04 | INFO    | train_session_alignment | [align] bn_statistics_adaptation fbcnet      single_sub-014_ses01-to-ses03 seed=1 acc=0.4650 (ntr=160 nval=40 nte=200)
2026-06-09 13:58:08 | INFO    | train_session_alignment | [align] bn_statistics_adaptation fbcnet      single_sub-014_ses02-to-ses01 seed=1 acc=0.5450 (ntr=160 nval=40 nte=200)
2026-06-09 13:58:12 | INFO    | train_session_alignment | [align] bn_statistics_adaptation fbcnet      single_sub-014_ses02-to-ses03 seed=1 acc=0.4750 (ntr=160 nval=40 nte=200)
2026-06-09 13:58:18 | INFO    | train_session_alignment | [align] bn_statistics_adaptation fbcnet      single_sub-014_ses03-to-ses01 seed=1 acc=0.5000 (ntr=160 nval=40 nte=200)
2026-06-09 13:58:24 | INFO    | train_session_alignment | [align] bn_statistics_adaptation fbcnet      single_sub-014_ses03-to-ses02 seed=1 acc=0.5050 (ntr=160 nval=40 nte=200)
2026-06-09 13:58:29 | INFO    | train_session_alignment | [align] bn_statistics_adaptation fbcnet      single_sub-015_ses01-to-ses02 seed=1 acc=0.5800 (ntr=160 nval=40 nte=200)
2026-06-09 13:58:35 | INFO    | train_session_alignment | [align] bn_statistics_adaptation fbcnet      single_sub-015_ses01-to-ses03 seed=1 acc=0.4950 (ntr=160 nval=40 nte=200)
2026-06-09 13:58:43 | INFO    | train_session_alignment | [align] bn_statistics_adaptation fbcnet      single_sub-015_ses02-to-ses01 seed=1 acc=0.5550 (ntr=160 nval=40 nte=200)
2026-06-09 13:58:52 | INFO    | train_session_alignment | [align] bn_statistics_adaptation fbcnet      single_sub-015_ses02-to-ses03 seed=1 acc=0.5150 (ntr=160 nval=40 nte=200)
2026-06-09 13:58:57 | INFO    | train_session_alignment | [align] bn_statistics_adaptation fbcnet      single_sub-015_ses03-to-ses01 seed=1 acc=0.4550 (ntr=160 nval=40 nte=200)
2026-06-09 13:59:03 | INFO    | train_session_alignment | [align] bn_statistics_adaptation fbcnet      single_sub-015_ses03-to-ses02 seed=1 acc=0.5300 (ntr=160 nval=40 nte=200)
2026-06-09 13:59:07 | INFO    | train_session_alignment | [align] bn_statistics_adaptation fbcnet      single_sub-016_ses01-to-ses02 seed=1 acc=0.5200 (ntr=160 nval=40 nte=200)
2026-06-09 13:59:10 | INFO    | train_session_alignment | [align] bn_statistics_adaptation fbcnet      single_sub-016_ses01-to-ses03 seed=1 acc=0.5250 (ntr=160 nval=40 nte=200)
2026-06-09 13:59:15 | INFO    | train_session_alignment | [align] bn_statistics_adaptation fbcnet      single_sub-016_ses02-to-ses01 seed=1 acc=0.4450 (ntr=160 nval=40 nte=200)
2026-06-09 13:59:19 | INFO    | train_session_alignment | [align] bn_statistics_adaptation fbcnet      single_sub-016_ses02-to-ses03 seed=1 acc=0.5250 (ntr=160 nval=40 nte=200)
2026-06-09 13:59:23 | INFO    | train_session_alignment | [align] bn_statistics_adaptation fbcnet      single_sub-016_ses03-to-ses01 seed=1 acc=0.5100 (ntr=160 nval=40 nte=200)
2026-06-09 13:59:26 | INFO    | train_session_alignment | [align] bn_statistics_adaptation fbcnet      single_sub-016_ses03-to-ses02 seed=1 acc=0.4900 (ntr=160 nval=40 nte=200)
2026-06-09 13:59:33 | INFO    | train_session_alignment | [align] bn_statistics_adaptation fbcnet      single_sub-017_ses01-to-ses02 seed=1 acc=0.5350 (ntr=160 nval=40 nte=200)
2026-06-09 13:59:39 | INFO    | train_session_alignment | [align] bn_statistics_adaptation fbcnet      single_sub-017_ses01-to-ses03 seed=1 acc=0.5750 (ntr=160 nval=40 nte=200)
2026-06-09 13:59:43 | INFO    | train_session_alignment | [align] bn_statistics_adaptation fbcnet      single_sub-017_ses02-to-ses01 seed=1 acc=0.5450 (ntr=160 nval=40 nte=200)
2026-06-09 13:59:48 | INFO    | train_session_alignment | [align] bn_statistics_adaptation fbcnet      single_sub-017_ses02-to-ses03 seed=1 acc=0.6300 (ntr=160 nval=40 nte=200)
2026-06-09 13:59:55 | INFO    | train_session_alignment | [align] bn_statistics_adaptation fbcnet      single_sub-017_ses03-to-ses01 seed=1 acc=0.5000 (ntr=160 nval=40 nte=200)
2026-06-09 14:00:03 | INFO    | train_session_alignment | [align] bn_statistics_adaptation fbcnet      single_sub-017_ses03-to-ses02 seed=1 acc=0.6300 (ntr=160 nval=40 nte=200)
2026-06-09 14:00:10 | INFO    | train_session_alignment | [align] bn_statistics_adaptation fbcnet      single_sub-018_ses01-to-ses02 seed=1 acc=0.5450 (ntr=160 nval=40 nte=200)
2026-06-09 14:00:18 | INFO    | train_session_alignment | [align] bn_statistics_adaptation fbcnet      single_sub-018_ses01-to-ses03 seed=1 acc=0.5300 (ntr=160 nval=40 nte=200)
2026-06-09 14:00:21 | INFO    | train_session_alignment | [align] bn_statistics_adaptation fbcnet      single_sub-018_ses02-to-ses01 seed=1 acc=0.5100 (ntr=160 nval=40 nte=200)
2026-06-09 14:00:25 | INFO    | train_session_alignment | [align] bn_statistics_adaptation fbcnet      single_sub-018_ses02-to-ses03 seed=1 acc=0.4750 (ntr=160 nval=40 nte=200)
2026-06-09 14:00:29 | INFO    | train_session_alignment | [align] bn_statistics_adaptation fbcnet      single_sub-018_ses03-to-ses01 seed=1 acc=0.5000 (ntr=160 nval=40 nte=200)
2026-06-09 14:00:33 | INFO    | train_session_alignment | [align] bn_statistics_adaptation fbcnet      single_sub-018_ses03-to-ses02 seed=1 acc=0.4850 (ntr=160 nval=40 nte=200)
2026-06-09 14:00:37 | INFO    | train_session_alignment | [align] bn_statistics_adaptation fbcnet      single_sub-019_ses01-to-ses02 seed=1 acc=0.5500 (ntr=160 nval=40 nte=200)
2026-06-09 14:00:41 | INFO    | train_session_alignment | [align] bn_statistics_adaptation fbcnet      single_sub-019_ses01-to-ses03 seed=1 acc=0.5850 (ntr=160 nval=40 nte=200)
2026-06-09 14:00:45 | INFO    | train_session_alignment | [align] bn_statistics_adaptation fbcnet      single_sub-019_ses02-to-ses01 seed=1 acc=0.5500 (ntr=160 nval=40 nte=200)
2026-06-09 14:00:49 | INFO    | train_session_alignment | [align] bn_statistics_adaptation fbcnet      single_sub-019_ses02-to-ses03 seed=1 acc=0.5300 (ntr=160 nval=40 nte=200)
2026-06-09 14:01:01 | INFO    | train_session_alignment | [align] bn_statistics_adaptation fbcnet      single_sub-019_ses03-to-ses01 seed=1 acc=0.5450 (ntr=160 nval=40 nte=200)
2026-06-09 14:01:14 | INFO    | train_session_alignment | [align] bn_statistics_adaptation fbcnet      single_sub-019_ses03-to-ses02 seed=1 acc=0.6100 (ntr=160 nval=40 nte=200)
2026-06-09 14:01:26 | INFO    | train_session_alignment | [align] bn_statistics_adaptation fbcnet      single_sub-020_ses01-to-ses02 seed=1 acc=0.6600 (ntr=160 nval=40 nte=200)
2026-06-09 14:01:38 | INFO    | train_session_alignment | [align] bn_statistics_adaptation fbcnet      single_sub-020_ses01-to-ses03 seed=1 acc=0.4650 (ntr=160 nval=40 nte=200)
2026-06-09 14:01:47 | INFO    | train_session_alignment | [align] bn_statistics_adaptation fbcnet      single_sub-020_ses02-to-ses01 seed=1 acc=0.6400 (ntr=160 nval=40 nte=200)
2026-06-09 14:01:56 | INFO    | train_session_alignment | [align] bn_statistics_adaptation fbcnet      single_sub-020_ses02-to-ses03 seed=1 acc=0.4700 (ntr=160 nval=40 nte=200)
2026-06-09 14:02:02 | INFO    | train_session_alignment | [align] bn_statistics_adaptation fbcnet      single_sub-020_ses03-to-ses01 seed=1 acc=0.5000 (ntr=160 nval=40 nte=200)
2026-06-09 14:02:08 | INFO    | train_session_alignment | [align] bn_statistics_adaptation fbcnet      single_sub-020_ses03-to-ses02 seed=1 acc=0.5150 (ntr=160 nval=40 nte=200)
2026-06-09 14:02:19 | INFO    | train_session_alignment | [align] bn_statistics_adaptation fbcnet      single_sub-021_ses01-to-ses02 seed=1 acc=0.4750 (ntr=160 nval=40 nte=200)
2026-06-09 14:02:29 | INFO    | train_session_alignment | [align] bn_statistics_adaptation fbcnet      single_sub-021_ses01-to-ses03 seed=1 acc=0.5250 (ntr=160 nval=40 nte=200)
2026-06-09 14:02:42 | INFO    | train_session_alignment | [align] bn_statistics_adaptation fbcnet      single_sub-021_ses02-to-ses01 seed=1 acc=0.6350 (ntr=160 nval=40 nte=200)
2026-06-09 14:02:54 | INFO    | train_session_alignment | [align] bn_statistics_adaptation fbcnet      single_sub-021_ses02-to-ses03 seed=1 acc=0.6550 (ntr=160 nval=40 nte=200)
2026-06-09 14:02:58 | INFO    | train_session_alignment | [align] bn_statistics_adaptation fbcnet      single_sub-021_ses03-to-ses01 seed=1 acc=0.5850 (ntr=160 nval=40 nte=200)
2026-06-09 14:03:02 | INFO    | train_session_alignment | [align] bn_statistics_adaptation fbcnet      single_sub-021_ses03-to-ses02 seed=1 acc=0.4700 (ntr=160 nval=40 nte=200)
2026-06-09 14:03:09 | INFO    | train_session_alignment | [align] bn_statistics_adaptation fbcnet      single_sub-022_ses01-to-ses02 seed=1 acc=0.4900 (ntr=160 nval=40 nte=200)
2026-06-09 14:03:15 | INFO    | train_session_alignment | [align] bn_statistics_adaptation fbcnet      single_sub-022_ses01-to-ses03 seed=1 acc=0.4950 (ntr=160 nval=40 nte=200)
2026-06-09 14:03:24 | INFO    | train_session_alignment | [align] bn_statistics_adaptation fbcnet      single_sub-022_ses02-to-ses01 seed=1 acc=0.5400 (ntr=160 nval=40 nte=200)
2026-06-09 14:03:33 | INFO    | train_session_alignment | [align] bn_statistics_adaptation fbcnet      single_sub-022_ses02-to-ses03 seed=1 acc=0.6600 (ntr=160 nval=40 nte=200)
2026-06-09 14:03:38 | INFO    | train_session_alignment | [align] bn_statistics_adaptation fbcnet      single_sub-022_ses03-to-ses01 seed=1 acc=0.4450 (ntr=160 nval=40 nte=200)
2026-06-09 14:03:42 | INFO    | train_session_alignment | [align] bn_statistics_adaptation fbcnet      single_sub-022_ses03-to-ses02 seed=1 acc=0.5800 (ntr=160 nval=40 nte=200)
2026-06-09 14:03:47 | INFO    | train_session_alignment | [align] bn_statistics_adaptation fbcnet      single_sub-023_ses02-to-ses03 seed=1 acc=0.8150 (ntr=160 nval=40 nte=200)
2026-06-09 14:04:02 | INFO    | train_session_alignment | [align] bn_statistics_adaptation fbcnet      single_sub-023_ses03-to-ses02 seed=1 acc=0.8200 (ntr=160 nval=40 nte=200)
2026-06-09 14:04:18 | INFO    | train_session_alignment | [align] bn_statistics_adaptation fbcnet      single_sub-025_ses01-to-ses02 seed=1 acc=0.6800 (ntr=160 nval=40 nte=200)
2026-06-09 14:04:33 | INFO    | train_session_alignment | [align] bn_statistics_adaptation fbcnet      single_sub-025_ses01-to-ses03 seed=1 acc=0.4950 (ntr=160 nval=40 nte=200)
2026-06-09 14:04:48 | INFO    | train_session_alignment | [align] bn_statistics_adaptation fbcnet      single_sub-025_ses02-to-ses01 seed=1 acc=0.6750 (ntr=160 nval=40 nte=200)
2026-06-09 14:05:03 | INFO    | train_session_alignment | [align] bn_statistics_adaptation fbcnet      single_sub-025_ses02-to-ses03 seed=1 acc=0.5650 (ntr=160 nval=40 nte=200)
2026-06-09 14:05:14 | INFO    | train_session_alignment | [align] bn_statistics_adaptation fbcnet      single_sub-025_ses03-to-ses01 seed=1 acc=0.6350 (ntr=160 nval=40 nte=200)
2026-06-09 14:05:24 | INFO    | train_session_alignment | [align] bn_statistics_adaptation fbcnet      single_sub-025_ses03-to-ses02 seed=1 acc=0.6850 (ntr=160 nval=40 nte=200)
2026-06-09 14:05:30 | INFO    | train_session_alignment | [align] bn_statistics_adaptation fbcnet      single_sub-026_ses02-to-ses03 seed=1 acc=0.5600 (ntr=160 nval=40 nte=200)
2026-06-09 14:05:45 | INFO    | train_session_alignment | [align] bn_statistics_adaptation fbcnet      single_sub-026_ses03-to-ses02 seed=1 acc=0.7200 (ntr=160 nval=40 nte=200)
2026-06-09 14:05:52 | INFO    | train_session_alignment | [align] bn_statistics_adaptation fbcnet      single_sub-027_ses01-to-ses02 seed=1 acc=0.5350 (ntr=160 nval=40 nte=200)
2026-06-09 14:05:58 | INFO    | train_session_alignment | [align] bn_statistics_adaptation fbcnet      single_sub-027_ses01-to-ses03 seed=1 acc=0.5350 (ntr=160 nval=40 nte=200)
2026-06-09 14:06:04 | INFO    | train_session_alignment | [align] bn_statistics_adaptation fbcnet      single_sub-027_ses02-to-ses01 seed=1 acc=0.5800 (ntr=160 nval=40 nte=200)
2026-06-09 14:06:09 | INFO    | train_session_alignment | [align] bn_statistics_adaptation fbcnet      single_sub-027_ses02-to-ses03 seed=1 acc=0.6150 (ntr=160 nval=40 nte=200)
2026-06-09 14:06:22 | INFO    | train_session_alignment | [align] bn_statistics_adaptation fbcnet      single_sub-027_ses03-to-ses01 seed=1 acc=0.6050 (ntr=160 nval=40 nte=200)
2026-06-09 14:06:35 | INFO    | train_session_alignment | [align] bn_statistics_adaptation fbcnet      single_sub-027_ses03-to-ses02 seed=1 acc=0.5850 (ntr=160 nval=40 nte=200)
2026-06-09 14:06:46 | INFO    | train_session_alignment | [align] bn_statistics_adaptation fbcnet      single_sub-028_ses01-to-ses02 seed=1 acc=0.7300 (ntr=160 nval=40 nte=200)
2026-06-09 14:06:58 | INFO    | train_session_alignment | [align] bn_statistics_adaptation fbcnet      single_sub-028_ses01-to-ses03 seed=1 acc=0.7450 (ntr=160 nval=40 nte=200)
2026-06-09 14:07:07 | INFO    | train_session_alignment | [align] bn_statistics_adaptation fbcnet      single_sub-028_ses02-to-ses01 seed=1 acc=0.7550 (ntr=160 nval=40 nte=200)
2026-06-09 14:07:16 | INFO    | train_session_alignment | [align] bn_statistics_adaptation fbcnet      single_sub-028_ses02-to-ses03 seed=1 acc=0.7450 (ntr=160 nval=40 nte=200)
2026-06-09 14:07:29 | INFO    | train_session_alignment | [align] bn_statistics_adaptation fbcnet      single_sub-028_ses03-to-ses01 seed=1 acc=0.7800 (ntr=160 nval=40 nte=200)
2026-06-09 14:07:42 | INFO    | train_session_alignment | [align] bn_statistics_adaptation fbcnet      single_sub-028_ses03-to-ses02 seed=1 acc=0.7200 (ntr=160 nval=40 nte=200)
2026-06-09 14:07:50 | INFO    | train_session_alignment | [align] bn_statistics_adaptation fbcnet      single_sub-029_ses01-to-ses02 seed=1 acc=0.5500 (ntr=160 nval=40 nte=200)
2026-06-09 14:07:57 | INFO    | train_session_alignment | [align] bn_statistics_adaptation fbcnet      single_sub-029_ses01-to-ses03 seed=1 acc=0.5050 (ntr=160 nval=40 nte=200)
2026-06-09 14:08:13 | INFO    | train_session_alignment | [align] bn_statistics_adaptation fbcnet      single_sub-029_ses02-to-ses01 seed=1 acc=0.8650 (ntr=160 nval=40 nte=200)
2026-06-09 14:08:28 | INFO    | train_session_alignment | [align] bn_statistics_adaptation fbcnet      single_sub-029_ses02-to-ses03 seed=1 acc=0.9750 (ntr=160 nval=40 nte=200)
2026-06-09 14:08:39 | INFO    | train_session_alignment | [align] bn_statistics_adaptation fbcnet      single_sub-029_ses03-to-ses01 seed=1 acc=0.9250 (ntr=160 nval=40 nte=200)
2026-06-09 14:08:50 | INFO    | train_session_alignment | [align] bn_statistics_adaptation fbcnet      single_sub-029_ses03-to-ses02 seed=1 acc=0.9200 (ntr=160 nval=40 nte=200)
2026-06-09 14:08:56 | INFO    | train_session_alignment | [align] bn_statistics_adaptation fbcnet      single_sub-030_ses01-to-ses02 seed=1 acc=0.6750 (ntr=160 nval=40 nte=200)
2026-06-09 14:09:03 | INFO    | train_session_alignment | [align] bn_statistics_adaptation fbcnet      single_sub-030_ses01-to-ses03 seed=1 acc=0.5950 (ntr=160 nval=40 nte=200)
2026-06-09 14:09:15 | INFO    | train_session_alignment | [align] bn_statistics_adaptation fbcnet      single_sub-030_ses02-to-ses01 seed=1 acc=0.5000 (ntr=160 nval=40 nte=200)
2026-06-09 14:09:27 | INFO    | train_session_alignment | [align] bn_statistics_adaptation fbcnet      single_sub-030_ses02-to-ses03 seed=1 acc=0.8100 (ntr=160 nval=40 nte=200)
2026-06-09 14:09:34 | INFO    | train_session_alignment | [align] bn_statistics_adaptation fbcnet      single_sub-030_ses03-to-ses01 seed=1 acc=0.5050 (ntr=160 nval=40 nte=200)
2026-06-09 14:09:41 | INFO    | train_session_alignment | [align] bn_statistics_adaptation fbcnet      single_sub-030_ses03-to-ses02 seed=1 acc=0.7150 (ntr=160 nval=40 nte=200)
2026-06-09 14:09:49 | INFO    | train_session_alignment | [align] bn_statistics_adaptation fbcnet      single_sub-031_ses01-to-ses02 seed=1 acc=0.5150 (ntr=160 nval=40 nte=200)
2026-06-09 14:09:57 | INFO    | train_session_alignment | [align] bn_statistics_adaptation fbcnet      single_sub-031_ses01-to-ses03 seed=1 acc=0.5300 (ntr=160 nval=40 nte=200)
2026-06-09 14:10:02 | INFO    | train_session_alignment | [align] bn_statistics_adaptation fbcnet      single_sub-031_ses02-to-ses01 seed=1 acc=0.5100 (ntr=160 nval=40 nte=200)
2026-06-09 14:10:06 | INFO    | train_session_alignment | [align] bn_statistics_adaptation fbcnet      single_sub-031_ses02-to-ses03 seed=1 acc=0.4900 (ntr=160 nval=40 nte=200)
2026-06-09 14:10:12 | INFO    | train_session_alignment | [align] bn_statistics_adaptation fbcnet      single_sub-031_ses03-to-ses01 seed=1 acc=0.5250 (ntr=160 nval=40 nte=200)
2026-06-09 14:10:18 | INFO    | train_session_alignment | [align] bn_statistics_adaptation fbcnet      single_sub-031_ses03-to-ses02 seed=1 acc=0.5650 (ntr=160 nval=40 nte=200)
2026-06-09 14:10:27 | INFO    | train_session_alignment | [align] bn_statistics_adaptation fbcnet      single_sub-032_ses01-to-ses03 seed=1 acc=0.6350 (ntr=160 nval=40 nte=200)
2026-06-09 14:10:30 | INFO    | train_session_alignment | [align] bn_statistics_adaptation fbcnet      single_sub-032_ses03-to-ses01 seed=1 acc=0.5000 (ntr=160 nval=40 nte=200)
2026-06-09 14:10:38 | INFO    | train_session_alignment | [align] bn_statistics_adaptation fbcnet      single_sub-033_ses01-to-ses02 seed=1 acc=0.9000 (ntr=160 nval=40 nte=200)
2026-06-09 14:10:46 | INFO    | train_session_alignment | [align] bn_statistics_adaptation fbcnet      single_sub-033_ses01-to-ses03 seed=1 acc=0.9350 (ntr=160 nval=40 nte=200)
2026-06-09 14:11:01 | INFO    | train_session_alignment | [align] bn_statistics_adaptation fbcnet      single_sub-033_ses02-to-ses01 seed=1 acc=0.9700 (ntr=160 nval=40 nte=200)
2026-06-09 14:11:17 | INFO    | train_session_alignment | [align] bn_statistics_adaptation fbcnet      single_sub-033_ses02-to-ses03 seed=1 acc=0.9450 (ntr=160 nval=40 nte=200)
2026-06-09 14:11:31 | INFO    | train_session_alignment | [align] bn_statistics_adaptation fbcnet      single_sub-033_ses03-to-ses01 seed=1 acc=0.9650 (ntr=160 nval=40 nte=200)
2026-06-09 14:11:45 | INFO    | train_session_alignment | [align] bn_statistics_adaptation fbcnet      single_sub-033_ses03-to-ses02 seed=1 acc=0.9050 (ntr=160 nval=40 nte=200)
2026-06-09 14:11:50 | INFO    | train_session_alignment | [align] bn_statistics_adaptation fbcnet      single_sub-034_ses01-to-ses02 seed=1 acc=0.5850 (ntr=160 nval=40 nte=200)
2026-06-09 14:11:54 | INFO    | train_session_alignment | [align] bn_statistics_adaptation fbcnet      single_sub-034_ses01-to-ses03 seed=1 acc=0.5300 (ntr=160 nval=40 nte=200)
2026-06-09 14:12:00 | INFO    | train_session_alignment | [align] bn_statistics_adaptation fbcnet      single_sub-034_ses02-to-ses01 seed=1 acc=0.5050 (ntr=160 nval=40 nte=200)
2026-06-09 14:12:05 | INFO    | train_session_alignment | [align] bn_statistics_adaptation fbcnet      single_sub-034_ses02-to-ses03 seed=1 acc=0.5100 (ntr=160 nval=40 nte=200)
2026-06-09 14:12:09 | INFO    | train_session_alignment | [align] bn_statistics_adaptation fbcnet      single_sub-034_ses03-to-ses01 seed=1 acc=0.4750 (ntr=160 nval=40 nte=200)
2026-06-09 14:12:14 | INFO    | train_session_alignment | [align] bn_statistics_adaptation fbcnet      single_sub-034_ses03-to-ses02 seed=1 acc=0.6350 (ntr=160 nval=40 nte=200)
2026-06-09 14:12:29 | INFO    | train_session_alignment | [align] bn_statistics_adaptation fbcnet      single_sub-035_ses01-to-ses02 seed=1 acc=0.8750 (ntr=160 nval=40 nte=200)
2026-06-09 14:12:44 | INFO    | train_session_alignment | [align] bn_statistics_adaptation fbcnet      single_sub-035_ses01-to-ses03 seed=1 acc=0.8450 (ntr=160 nval=40 nte=200)
2026-06-09 14:12:55 | INFO    | train_session_alignment | [align] bn_statistics_adaptation fbcnet      single_sub-035_ses02-to-ses01 seed=1 acc=0.9200 (ntr=160 nval=40 nte=200)
2026-06-09 14:13:06 | INFO    | train_session_alignment | [align] bn_statistics_adaptation fbcnet      single_sub-035_ses02-to-ses03 seed=1 acc=0.9050 (ntr=160 nval=40 nte=200)
2026-06-09 14:13:21 | INFO    | train_session_alignment | [align] bn_statistics_adaptation fbcnet      single_sub-035_ses03-to-ses01 seed=1 acc=0.7550 (ntr=160 nval=40 nte=200)
2026-06-09 14:13:36 | INFO    | train_session_alignment | [align] bn_statistics_adaptation fbcnet      single_sub-035_ses03-to-ses02 seed=1 acc=0.8250 (ntr=160 nval=40 nte=200)
2026-06-09 14:13:44 | INFO    | train_session_alignment | [align] bn_statistics_adaptation fbcnet      single_sub-036_ses01-to-ses02 seed=1 acc=0.8050 (ntr=160 nval=40 nte=200)
2026-06-09 14:13:51 | INFO    | train_session_alignment | [align] bn_statistics_adaptation fbcnet      single_sub-036_ses01-to-ses03 seed=1 acc=0.9250 (ntr=160 nval=40 nte=200)
2026-06-09 14:14:06 | INFO    | train_session_alignment | [align] bn_statistics_adaptation fbcnet      single_sub-036_ses02-to-ses01 seed=1 acc=0.7700 (ntr=160 nval=40 nte=200)
2026-06-09 14:14:22 | INFO    | train_session_alignment | [align] bn_statistics_adaptation fbcnet      single_sub-036_ses02-to-ses03 seed=1 acc=0.9300 (ntr=160 nval=40 nte=200)
2026-06-09 14:14:33 | INFO    | train_session_alignment | [align] bn_statistics_adaptation fbcnet      single_sub-036_ses03-to-ses01 seed=1 acc=0.7700 (ntr=160 nval=40 nte=200)
2026-06-09 14:14:44 | INFO    | train_session_alignment | [align] bn_statistics_adaptation fbcnet      single_sub-036_ses03-to-ses02 seed=1 acc=0.8700 (ntr=160 nval=40 nte=200)
2026-06-09 14:14:48 | INFO    | train_session_alignment | [align] bn_statistics_adaptation fbcnet      single_sub-037_ses01-to-ses02 seed=1 acc=0.6050 (ntr=160 nval=40 nte=200)
2026-06-09 14:14:52 | INFO    | train_session_alignment | [align] bn_statistics_adaptation fbcnet      single_sub-037_ses01-to-ses03 seed=1 acc=0.5350 (ntr=160 nval=40 nte=200)
2026-06-09 14:14:57 | INFO    | train_session_alignment | [align] bn_statistics_adaptation fbcnet      single_sub-037_ses02-to-ses01 seed=1 acc=0.5050 (ntr=160 nval=40 nte=200)
2026-06-09 14:15:03 | INFO    | train_session_alignment | [align] bn_statistics_adaptation fbcnet      single_sub-037_ses02-to-ses03 seed=1 acc=0.6000 (ntr=160 nval=40 nte=200)
2026-06-09 14:15:17 | INFO    | train_session_alignment | [align] bn_statistics_adaptation fbcnet      single_sub-037_ses03-to-ses01 seed=1 acc=0.5000 (ntr=160 nval=40 nte=200)
2026-06-09 14:15:30 | INFO    | train_session_alignment | [align] bn_statistics_adaptation fbcnet      single_sub-037_ses03-to-ses02 seed=1 acc=0.7800 (ntr=160 nval=40 nte=200)
2026-06-09 14:15:34 | INFO    | train_session_alignment | [align] bn_statistics_adaptation fbcnet      single_sub-038_ses01-to-ses02 seed=1 acc=0.4800 (ntr=160 nval=40 nte=200)
2026-06-09 14:15:38 | INFO    | train_session_alignment | [align] bn_statistics_adaptation fbcnet      single_sub-038_ses01-to-ses03 seed=1 acc=0.5300 (ntr=160 nval=40 nte=200)
2026-06-09 14:15:43 | INFO    | train_session_alignment | [align] bn_statistics_adaptation fbcnet      single_sub-038_ses02-to-ses01 seed=1 acc=0.5050 (ntr=160 nval=40 nte=200)
2026-06-09 14:15:49 | INFO    | train_session_alignment | [align] bn_statistics_adaptation fbcnet      single_sub-038_ses02-to-ses03 seed=1 acc=0.5450 (ntr=160 nval=40 nte=200)
2026-06-09 14:15:53 | INFO    | train_session_alignment | [align] bn_statistics_adaptation fbcnet      single_sub-038_ses03-to-ses01 seed=1 acc=0.4800 (ntr=160 nval=40 nte=200)
2026-06-09 14:15:57 | INFO    | train_session_alignment | [align] bn_statistics_adaptation fbcnet      single_sub-038_ses03-to-ses02 seed=1 acc=0.5300 (ntr=160 nval=40 nte=200)
2026-06-09 14:16:03 | INFO    | train_session_alignment | [align] bn_statistics_adaptation fbcnet      single_sub-039_ses01-to-ses02 seed=1 acc=0.4850 (ntr=160 nval=40 nte=200)
2026-06-09 14:16:09 | INFO    | train_session_alignment | [align] bn_statistics_adaptation fbcnet      single_sub-039_ses01-to-ses03 seed=1 acc=0.5900 (ntr=160 nval=40 nte=200)
2026-06-09 14:16:15 | INFO    | train_session_alignment | [align] bn_statistics_adaptation fbcnet      single_sub-039_ses02-to-ses01 seed=1 acc=0.5050 (ntr=160 nval=40 nte=200)
2026-06-09 14:16:21 | INFO    | train_session_alignment | [align] bn_statistics_adaptation fbcnet      single_sub-039_ses02-to-ses03 seed=1 acc=0.6650 (ntr=160 nval=40 nte=200)
2026-06-09 14:16:35 | INFO    | train_session_alignment | [align] bn_statistics_adaptation fbcnet      single_sub-039_ses03-to-ses01 seed=1 acc=0.5450 (ntr=160 nval=40 nte=200)
2026-06-09 14:16:49 | INFO    | train_session_alignment | [align] bn_statistics_adaptation fbcnet      single_sub-039_ses03-to-ses02 seed=1 acc=0.6350 (ntr=160 nval=40 nte=200)
2026-06-09 14:17:04 | INFO    | train_session_alignment | [align] bn_statistics_adaptation fbcnet      single_sub-040_ses01-to-ses02 seed=1 acc=0.6750 (ntr=160 nval=40 nte=200)
2026-06-09 14:17:20 | INFO    | train_session_alignment | [align] bn_statistics_adaptation fbcnet      single_sub-040_ses01-to-ses03 seed=1 acc=0.7600 (ntr=160 nval=40 nte=200)
2026-06-09 14:17:25 | INFO    | train_session_alignment | [align] bn_statistics_adaptation fbcnet      single_sub-040_ses02-to-ses01 seed=1 acc=0.5350 (ntr=160 nval=40 nte=200)
2026-06-09 14:17:29 | INFO    | train_session_alignment | [align] bn_statistics_adaptation fbcnet      single_sub-040_ses02-to-ses03 seed=1 acc=0.5300 (ntr=160 nval=40 nte=200)
2026-06-09 14:17:39 | INFO    | train_session_alignment | [align] bn_statistics_adaptation fbcnet      single_sub-040_ses03-to-ses01 seed=1 acc=0.7300 (ntr=160 nval=40 nte=200)
2026-06-09 14:17:51 | INFO    | train_session_alignment | [align] bn_statistics_adaptation fbcnet      single_sub-040_ses03-to-ses02 seed=1 acc=0.6950 (ntr=160 nval=40 nte=200)
2026-06-09 14:17:58 | INFO    | train_session_alignment | [align] bn_statistics_adaptation fbcnet      single_sub-041_ses01-to-ses02 seed=1 acc=0.6250 (ntr=160 nval=40 nte=200)
2026-06-09 14:18:05 | INFO    | train_session_alignment | [align] bn_statistics_adaptation fbcnet      single_sub-041_ses01-to-ses03 seed=1 acc=0.6850 (ntr=160 nval=40 nte=200)
2026-06-09 14:18:13 | INFO    | train_session_alignment | [align] bn_statistics_adaptation fbcnet      single_sub-041_ses02-to-ses01 seed=1 acc=0.7750 (ntr=160 nval=40 nte=200)
2026-06-09 14:18:22 | INFO    | train_session_alignment | [align] bn_statistics_adaptation fbcnet      single_sub-041_ses02-to-ses03 seed=1 acc=0.8150 (ntr=160 nval=40 nte=200)
2026-06-09 14:18:29 | INFO    | train_session_alignment | [align] bn_statistics_adaptation fbcnet      single_sub-041_ses03-to-ses01 seed=1 acc=0.7350 (ntr=160 nval=40 nte=200)
2026-06-09 14:18:35 | INFO    | train_session_alignment | [align] bn_statistics_adaptation fbcnet      single_sub-041_ses03-to-ses02 seed=1 acc=0.7800 (ntr=160 nval=40 nte=200)
2026-06-09 14:18:43 | INFO    | train_session_alignment | [align] bn_statistics_adaptation fbcnet      single_sub-042_ses01-to-ses02 seed=1 acc=0.5700 (ntr=160 nval=40 nte=200)
2026-06-09 14:18:51 | INFO    | train_session_alignment | [align] bn_statistics_adaptation fbcnet      single_sub-042_ses01-to-ses03 seed=1 acc=0.6000 (ntr=160 nval=40 nte=200)
2026-06-09 14:18:57 | INFO    | train_session_alignment | [align] bn_statistics_adaptation fbcnet      single_sub-042_ses02-to-ses01 seed=1 acc=0.6400 (ntr=160 nval=40 nte=200)
2026-06-09 14:19:03 | INFO    | train_session_alignment | [align] bn_statistics_adaptation fbcnet      single_sub-042_ses02-to-ses03 seed=1 acc=0.5600 (ntr=160 nval=40 nte=200)
2026-06-09 14:19:10 | INFO    | train_session_alignment | [align] bn_statistics_adaptation fbcnet      single_sub-042_ses03-to-ses01 seed=1 acc=0.6250 (ntr=160 nval=40 nte=200)
2026-06-09 14:19:18 | INFO    | train_session_alignment | [align] bn_statistics_adaptation fbcnet      single_sub-042_ses03-to-ses02 seed=1 acc=0.5750 (ntr=160 nval=40 nte=200)
2026-06-09 14:19:33 | INFO    | train_session_alignment | [align] bn_statistics_adaptation fbcnet      single_sub-043_ses01-to-ses02 seed=1 acc=0.9500 (ntr=160 nval=40 nte=200)
2026-06-09 14:19:48 | INFO    | train_session_alignment | [align] bn_statistics_adaptation fbcnet      single_sub-043_ses01-to-ses03 seed=1 acc=0.9850 (ntr=160 nval=40 nte=200)
2026-06-09 14:20:04 | INFO    | train_session_alignment | [align] bn_statistics_adaptation fbcnet      single_sub-043_ses02-to-ses01 seed=1 acc=0.9700 (ntr=160 nval=40 nte=200)
2026-06-09 14:20:19 | INFO    | train_session_alignment | [align] bn_statistics_adaptation fbcnet      single_sub-043_ses02-to-ses03 seed=1 acc=0.9300 (ntr=160 nval=40 nte=200)
2026-06-09 14:20:35 | INFO    | train_session_alignment | [align] bn_statistics_adaptation fbcnet      single_sub-043_ses03-to-ses01 seed=1 acc=0.9650 (ntr=160 nval=40 nte=200)
2026-06-09 14:20:51 | INFO    | train_session_alignment | [align] bn_statistics_adaptation fbcnet      single_sub-043_ses03-to-ses02 seed=1 acc=0.9400 (ntr=160 nval=40 nte=200)
2026-06-09 14:20:55 | INFO    | train_session_alignment | [align] bn_statistics_adaptation fbcnet      single_sub-044_ses01-to-ses02 seed=1 acc=0.5100 (ntr=160 nval=40 nte=200)
2026-06-09 14:20:59 | INFO    | train_session_alignment | [align] bn_statistics_adaptation fbcnet      single_sub-044_ses01-to-ses03 seed=1 acc=0.5650 (ntr=160 nval=40 nte=200)
2026-06-09 14:21:03 | INFO    | train_session_alignment | [align] bn_statistics_adaptation fbcnet      single_sub-044_ses02-to-ses01 seed=1 acc=0.4650 (ntr=160 nval=40 nte=200)
2026-06-09 14:21:07 | INFO    | train_session_alignment | [align] bn_statistics_adaptation fbcnet      single_sub-044_ses02-to-ses03 seed=1 acc=0.5450 (ntr=160 nval=40 nte=200)
2026-06-09 14:21:12 | INFO    | train_session_alignment | [align] bn_statistics_adaptation fbcnet      single_sub-044_ses03-to-ses01 seed=1 acc=0.5600 (ntr=160 nval=40 nte=200)
2026-06-09 14:21:16 | INFO    | train_session_alignment | [align] bn_statistics_adaptation fbcnet      single_sub-044_ses03-to-ses02 seed=1 acc=0.5750 (ntr=160 nval=40 nte=200)
2026-06-09 14:21:22 | INFO    | train_session_alignment | [align] bn_statistics_adaptation fbcnet      single_sub-045_ses01-to-ses02 seed=1 acc=0.6150 (ntr=160 nval=40 nte=200)
2026-06-09 14:21:27 | INFO    | train_session_alignment | [align] bn_statistics_adaptation fbcnet      single_sub-045_ses01-to-ses03 seed=1 acc=0.7350 (ntr=160 nval=40 nte=200)
2026-06-09 14:21:31 | INFO    | train_session_alignment | [align] bn_statistics_adaptation fbcnet      single_sub-045_ses02-to-ses01 seed=1 acc=0.5350 (ntr=160 nval=40 nte=200)
2026-06-09 14:21:35 | INFO    | train_session_alignment | [align] bn_statistics_adaptation fbcnet      single_sub-045_ses02-to-ses03 seed=1 acc=0.5950 (ntr=160 nval=40 nte=200)
2026-06-09 14:21:40 | INFO    | train_session_alignment | [align] bn_statistics_adaptation fbcnet      single_sub-045_ses03-to-ses01 seed=1 acc=0.7400 (ntr=160 nval=40 nte=200)
2026-06-09 14:21:46 | INFO    | train_session_alignment | [align] bn_statistics_adaptation fbcnet      single_sub-045_ses03-to-ses02 seed=1 acc=0.5800 (ntr=160 nval=40 nte=200)
2026-06-09 14:22:01 | INFO    | train_session_alignment | [align] bn_statistics_adaptation fbcnet      single_sub-046_ses01-to-ses02 seed=1 acc=0.9500 (ntr=160 nval=40 nte=200)
2026-06-09 14:22:16 | INFO    | train_session_alignment | [align] bn_statistics_adaptation fbcnet      single_sub-046_ses01-to-ses03 seed=1 acc=0.9650 (ntr=160 nval=40 nte=200)
2026-06-09 14:22:30 | INFO    | train_session_alignment | [align] bn_statistics_adaptation fbcnet      single_sub-046_ses02-to-ses01 seed=1 acc=0.9100 (ntr=160 nval=40 nte=200)
2026-06-09 14:22:44 | INFO    | train_session_alignment | [align] bn_statistics_adaptation fbcnet      single_sub-046_ses02-to-ses03 seed=1 acc=0.9450 (ntr=160 nval=40 nte=200)
2026-06-09 14:23:00 | INFO    | train_session_alignment | [align] bn_statistics_adaptation fbcnet      single_sub-046_ses03-to-ses01 seed=1 acc=0.9250 (ntr=160 nval=40 nte=200)
2026-06-09 14:23:15 | INFO    | train_session_alignment | [align] bn_statistics_adaptation fbcnet      single_sub-046_ses03-to-ses02 seed=1 acc=0.9500 (ntr=160 nval=40 nte=200)
2026-06-09 14:23:24 | INFO    | train_session_alignment | [align] bn_statistics_adaptation fbcnet      single_sub-047_ses01-to-ses02 seed=1 acc=0.7500 (ntr=160 nval=40 nte=200)
2026-06-09 14:23:34 | INFO    | train_session_alignment | [align] bn_statistics_adaptation fbcnet      single_sub-047_ses01-to-ses03 seed=1 acc=0.7550 (ntr=160 nval=40 nte=200)
2026-06-09 14:23:48 | INFO    | train_session_alignment | [align] bn_statistics_adaptation fbcnet      single_sub-047_ses02-to-ses01 seed=1 acc=0.8000 (ntr=160 nval=40 nte=200)
2026-06-09 14:24:03 | INFO    | train_session_alignment | [align] bn_statistics_adaptation fbcnet      single_sub-047_ses02-to-ses03 seed=1 acc=0.7600 (ntr=160 nval=40 nte=200)
2026-06-09 14:24:17 | INFO    | train_session_alignment | [align] bn_statistics_adaptation fbcnet      single_sub-047_ses03-to-ses01 seed=1 acc=0.8350 (ntr=160 nval=40 nte=200)
2026-06-09 14:24:31 | INFO    | train_session_alignment | [align] bn_statistics_adaptation fbcnet      single_sub-047_ses03-to-ses02 seed=1 acc=0.7950 (ntr=160 nval=40 nte=200)
2026-06-09 14:24:35 | INFO    | train_session_alignment | [align] bn_statistics_adaptation fbcnet      single_sub-048_ses01-to-ses02 seed=1 acc=0.5650 (ntr=160 nval=40 nte=200)
2026-06-09 14:24:40 | INFO    | train_session_alignment | [align] bn_statistics_adaptation fbcnet      single_sub-048_ses01-to-ses03 seed=1 acc=0.5700 (ntr=160 nval=40 nte=200)
2026-06-09 14:24:46 | INFO    | train_session_alignment | [align] bn_statistics_adaptation fbcnet      single_sub-048_ses02-to-ses01 seed=1 acc=0.5950 (ntr=160 nval=40 nte=200)
2026-06-09 14:24:52 | INFO    | train_session_alignment | [align] bn_statistics_adaptation fbcnet      single_sub-048_ses02-to-ses03 seed=1 acc=0.6250 (ntr=160 nval=40 nte=200)
2026-06-09 14:25:07 | INFO    | train_session_alignment | [align] bn_statistics_adaptation fbcnet      single_sub-048_ses03-to-ses01 seed=1 acc=0.5800 (ntr=160 nval=40 nte=200)
2026-06-09 14:25:22 | INFO    | train_session_alignment | [align] bn_statistics_adaptation fbcnet      single_sub-048_ses03-to-ses02 seed=1 acc=0.6250 (ntr=160 nval=40 nte=200)
2026-06-09 14:25:31 | INFO    | train_session_alignment | [align] bn_statistics_adaptation fbcnet      single_sub-049_ses01-to-ses02 seed=1 acc=0.6200 (ntr=160 nval=40 nte=200)
2026-06-09 14:25:40 | INFO    | train_session_alignment | [align] bn_statistics_adaptation fbcnet      single_sub-049_ses01-to-ses03 seed=1 acc=0.5650 (ntr=160 nval=40 nte=200)
2026-06-09 14:25:48 | INFO    | train_session_alignment | [align] bn_statistics_adaptation fbcnet      single_sub-049_ses02-to-ses01 seed=1 acc=0.8550 (ntr=160 nval=40 nte=200)
2026-06-09 14:25:57 | INFO    | train_session_alignment | [align] bn_statistics_adaptation fbcnet      single_sub-049_ses02-to-ses03 seed=1 acc=0.8100 (ntr=160 nval=40 nte=200)
2026-06-09 14:26:06 | INFO    | train_session_alignment | [align] bn_statistics_adaptation fbcnet      single_sub-049_ses03-to-ses01 seed=1 acc=0.7550 (ntr=160 nval=40 nte=200)
2026-06-09 14:26:14 | INFO    | train_session_alignment | [align] bn_statistics_adaptation fbcnet      single_sub-049_ses03-to-ses02 seed=1 acc=0.8200 (ntr=160 nval=40 nte=200)
2026-06-09 14:26:26 | INFO    | train_session_alignment | [align] bn_statistics_adaptation fbcnet      single_sub-050_ses01-to-ses02 seed=1 acc=0.8050 (ntr=160 nval=40 nte=200)
2026-06-09 14:26:39 | INFO    | train_session_alignment | [align] bn_statistics_adaptation fbcnet      single_sub-050_ses01-to-ses03 seed=1 acc=0.8000 (ntr=160 nval=40 nte=200)
2026-06-09 14:26:47 | INFO    | train_session_alignment | [align] bn_statistics_adaptation fbcnet      single_sub-050_ses02-to-ses01 seed=1 acc=0.7850 (ntr=160 nval=40 nte=200)
2026-06-09 14:26:56 | INFO    | train_session_alignment | [align] bn_statistics_adaptation fbcnet      single_sub-050_ses02-to-ses03 seed=1 acc=0.8350 (ntr=160 nval=40 nte=200)
2026-06-09 14:27:07 | INFO    | train_session_alignment | [align] bn_statistics_adaptation fbcnet      single_sub-050_ses03-to-ses01 seed=1 acc=0.7850 (ntr=160 nval=40 nte=200)
2026-06-09 14:27:18 | INFO    | train_session_alignment | [align] bn_statistics_adaptation fbcnet      single_sub-050_ses03-to-ses02 seed=1 acc=0.9000 (ntr=160 nval=40 nte=200)
2026-06-09 14:27:27 | INFO    | train_session_alignment | [align] bn_statistics_adaptation fbcnet      single_sub-051_ses01-to-ses02 seed=1 acc=0.7300 (ntr=160 nval=40 nte=200)
2026-06-09 14:27:37 | INFO    | train_session_alignment | [align] bn_statistics_adaptation fbcnet      single_sub-051_ses01-to-ses03 seed=1 acc=0.6900 (ntr=160 nval=40 nte=200)
2026-06-09 14:27:47 | INFO    | train_session_alignment | [align] bn_statistics_adaptation fbcnet      single_sub-051_ses02-to-ses01 seed=1 acc=0.6950 (ntr=160 nval=40 nte=200)
2026-06-09 14:27:58 | INFO    | train_session_alignment | [align] bn_statistics_adaptation fbcnet      single_sub-051_ses02-to-ses03 seed=1 acc=0.7900 (ntr=160 nval=40 nte=200)
2026-06-09 14:28:10 | INFO    | train_session_alignment | [align] bn_statistics_adaptation fbcnet      single_sub-051_ses03-to-ses01 seed=1 acc=0.7000 (ntr=160 nval=40 nte=200)
2026-06-09 14:28:22 | INFO    | train_session_alignment | [align] bn_statistics_adaptation fbcnet      single_sub-051_ses03-to-ses02 seed=1 acc=0.8400 (ntr=160 nval=40 nte=200)
2026-06-09 14:28:29 | INFO    | train_session_alignment | [align] bn_statistics_adaptation fbcnet      multi_sub-001_ses01ses02-to-ses03 seed=1 acc=0.7800 (ntr=320 nval=80 nte=200)
2026-06-09 14:28:33 | INFO    | train_session_alignment | [align] bn_statistics_adaptation fbcnet      multi_sub-002_ses01ses02-to-ses03 seed=1 acc=0.5700 (ntr=320 nval=80 nte=200)
2026-06-09 14:28:41 | INFO    | train_session_alignment | [align] bn_statistics_adaptation fbcnet      multi_sub-003_ses01ses02-to-ses03 seed=1 acc=0.5050 (ntr=320 nval=80 nte=200)
2026-06-09 14:28:47 | INFO    | train_session_alignment | [align] bn_statistics_adaptation fbcnet      multi_sub-004_ses01ses02-to-ses03 seed=1 acc=0.5150 (ntr=320 nval=80 nte=200)
2026-06-09 14:29:00 | INFO    | train_session_alignment | [align] bn_statistics_adaptation fbcnet      multi_sub-005_ses01ses02-to-ses03 seed=1 acc=0.8350 (ntr=320 nval=80 nte=200)
2026-06-09 14:29:18 | INFO    | train_session_alignment | [align] bn_statistics_adaptation fbcnet      multi_sub-006_ses01ses02-to-ses03 seed=1 acc=0.9050 (ntr=320 nval=80 nte=200)
2026-06-09 14:29:25 | INFO    | train_session_alignment | [align] bn_statistics_adaptation fbcnet      multi_sub-007_ses01ses02-to-ses03 seed=1 acc=0.6150 (ntr=320 nval=80 nte=200)
2026-06-09 14:29:30 | INFO    | train_session_alignment | [align] bn_statistics_adaptation fbcnet      multi_sub-008_ses01ses02-to-ses03 seed=1 acc=0.6150 (ntr=320 nval=80 nte=200)
2026-06-09 14:29:36 | INFO    | train_session_alignment | [align] bn_statistics_adaptation fbcnet      multi_sub-009_ses01ses02-to-ses03 seed=1 acc=0.5150 (ntr=320 nval=80 nte=200)
2026-06-09 14:29:44 | INFO    | train_session_alignment | [align] bn_statistics_adaptation fbcnet      multi_sub-010_ses01ses02-to-ses03 seed=1 acc=0.5700 (ntr=320 nval=80 nte=200)
2026-06-09 14:29:54 | INFO    | train_session_alignment | [align] bn_statistics_adaptation fbcnet      multi_sub-011_ses01ses02-to-ses03 seed=1 acc=0.6500 (ntr=320 nval=80 nte=200)
2026-06-09 14:29:58 | INFO    | train_session_alignment | [align] bn_statistics_adaptation fbcnet      multi_sub-012_ses01ses02-to-ses03 seed=1 acc=0.5200 (ntr=320 nval=80 nte=200)
2026-06-09 14:30:08 | INFO    | train_session_alignment | [align] bn_statistics_adaptation fbcnet      multi_sub-013_ses01ses02-to-ses03 seed=1 acc=0.6000 (ntr=320 nval=80 nte=200)
2026-06-09 14:30:13 | INFO    | train_session_alignment | [align] bn_statistics_adaptation fbcnet      multi_sub-014_ses01ses02-to-ses03 seed=1 acc=0.4850 (ntr=320 nval=80 nte=200)
2026-06-09 14:30:19 | INFO    | train_session_alignment | [align] bn_statistics_adaptation fbcnet      multi_sub-015_ses01ses02-to-ses03 seed=1 acc=0.4900 (ntr=320 nval=80 nte=200)
2026-06-09 14:30:24 | INFO    | train_session_alignment | [align] bn_statistics_adaptation fbcnet      multi_sub-016_ses01ses02-to-ses03 seed=1 acc=0.5750 (ntr=320 nval=80 nte=200)
2026-06-09 14:30:33 | INFO    | train_session_alignment | [align] bn_statistics_adaptation fbcnet      multi_sub-017_ses01ses02-to-ses03 seed=1 acc=0.6400 (ntr=320 nval=80 nte=200)
2026-06-09 14:30:40 | INFO    | train_session_alignment | [align] bn_statistics_adaptation fbcnet      multi_sub-018_ses01ses02-to-ses03 seed=1 acc=0.5600 (ntr=320 nval=80 nte=200)
2026-06-09 14:30:45 | INFO    | train_session_alignment | [align] bn_statistics_adaptation fbcnet      multi_sub-019_ses01ses02-to-ses03 seed=1 acc=0.5950 (ntr=320 nval=80 nte=200)
2026-06-09 14:30:54 | INFO    | train_session_alignment | [align] bn_statistics_adaptation fbcnet      multi_sub-020_ses01ses02-to-ses03 seed=1 acc=0.4750 (ntr=320 nval=80 nte=200)
2026-06-09 14:31:06 | INFO    | train_session_alignment | [align] bn_statistics_adaptation fbcnet      multi_sub-021_ses01ses02-to-ses03 seed=1 acc=0.6050 (ntr=320 nval=80 nte=200)
2026-06-09 14:31:13 | INFO    | train_session_alignment | [align] bn_statistics_adaptation fbcnet      multi_sub-022_ses01ses02-to-ses03 seed=1 acc=0.5450 (ntr=320 nval=80 nte=200)
2026-06-09 14:31:24 | INFO    | train_session_alignment | [align] bn_statistics_adaptation fbcnet      multi_sub-025_ses01ses02-to-ses03 seed=1 acc=0.5500 (ntr=320 nval=80 nte=200)
2026-06-09 14:31:34 | INFO    | train_session_alignment | [align] bn_statistics_adaptation fbcnet      multi_sub-027_ses01ses02-to-ses03 seed=1 acc=0.6300 (ntr=320 nval=80 nte=200)
2026-06-09 14:31:46 | INFO    | train_session_alignment | [align] bn_statistics_adaptation fbcnet      multi_sub-028_ses01ses02-to-ses03 seed=1 acc=0.8400 (ntr=320 nval=80 nte=200)
2026-06-09 14:31:59 | INFO    | train_session_alignment | [align] bn_statistics_adaptation fbcnet      multi_sub-029_ses01ses02-to-ses03 seed=1 acc=0.8750 (ntr=320 nval=80 nte=200)
2026-06-09 14:32:11 | INFO    | train_session_alignment | [align] bn_statistics_adaptation fbcnet      multi_sub-030_ses01ses02-to-ses03 seed=1 acc=0.7350 (ntr=320 nval=80 nte=200)
2026-06-09 14:32:19 | INFO    | train_session_alignment | [align] bn_statistics_adaptation fbcnet      multi_sub-031_ses01ses02-to-ses03 seed=1 acc=0.6550 (ntr=320 nval=80 nte=200)
2026-06-09 14:32:27 | INFO    | train_session_alignment | [align] bn_statistics_adaptation fbcnet      multi_sub-033_ses01ses02-to-ses03 seed=1 acc=0.9450 (ntr=320 nval=80 nte=200)
2026-06-09 14:32:38 | INFO    | train_session_alignment | [align] bn_statistics_adaptation fbcnet      multi_sub-034_ses01ses02-to-ses03 seed=1 acc=0.5250 (ntr=320 nval=80 nte=200)
2026-06-09 14:32:51 | INFO    | train_session_alignment | [align] bn_statistics_adaptation fbcnet      multi_sub-035_ses01ses02-to-ses03 seed=1 acc=0.9000 (ntr=320 nval=80 nte=200)
2026-06-09 14:33:00 | INFO    | train_session_alignment | [align] bn_statistics_adaptation fbcnet      multi_sub-036_ses01ses02-to-ses03 seed=1 acc=0.9250 (ntr=320 nval=80 nte=200)
2026-06-09 14:33:07 | INFO    | train_session_alignment | [align] bn_statistics_adaptation fbcnet      multi_sub-037_ses01ses02-to-ses03 seed=1 acc=0.6800 (ntr=320 nval=80 nte=200)
2026-06-09 14:33:18 | INFO    | train_session_alignment | [align] bn_statistics_adaptation fbcnet      multi_sub-038_ses01ses02-to-ses03 seed=1 acc=0.5300 (ntr=320 nval=80 nte=200)
2026-06-09 14:33:23 | INFO    | train_session_alignment | [align] bn_statistics_adaptation fbcnet      multi_sub-039_ses01ses02-to-ses03 seed=1 acc=0.6300 (ntr=320 nval=80 nte=200)
2026-06-09 14:33:32 | INFO    | train_session_alignment | [align] bn_statistics_adaptation fbcnet      multi_sub-040_ses01ses02-to-ses03 seed=1 acc=0.7400 (ntr=320 nval=80 nte=200)
2026-06-09 14:33:40 | INFO    | train_session_alignment | [align] bn_statistics_adaptation fbcnet      multi_sub-041_ses01ses02-to-ses03 seed=1 acc=0.8450 (ntr=320 nval=80 nte=200)
2026-06-09 14:33:49 | INFO    | train_session_alignment | [align] bn_statistics_adaptation fbcnet      multi_sub-042_ses01ses02-to-ses03 seed=1 acc=0.6400 (ntr=320 nval=80 nte=200)
2026-06-09 14:34:06 | INFO    | train_session_alignment | [align] bn_statistics_adaptation fbcnet      multi_sub-043_ses01ses02-to-ses03 seed=1 acc=1.0000 (ntr=320 nval=80 nte=200)
2026-06-09 14:34:11 | INFO    | train_session_alignment | [align] bn_statistics_adaptation fbcnet      multi_sub-044_ses01ses02-to-ses03 seed=1 acc=0.5800 (ntr=320 nval=80 nte=200)
2026-06-09 14:34:23 | INFO    | train_session_alignment | [align] bn_statistics_adaptation fbcnet      multi_sub-045_ses01ses02-to-ses03 seed=1 acc=0.7400 (ntr=320 nval=80 nte=200)
2026-06-09 14:34:41 | INFO    | train_session_alignment | [align] bn_statistics_adaptation fbcnet      multi_sub-046_ses01ses02-to-ses03 seed=1 acc=0.9550 (ntr=320 nval=80 nte=200)
2026-06-09 14:34:52 | INFO    | train_session_alignment | [align] bn_statistics_adaptation fbcnet      multi_sub-047_ses01ses02-to-ses03 seed=1 acc=0.8150 (ntr=320 nval=80 nte=200)
2026-06-09 14:34:59 | INFO    | train_session_alignment | [align] bn_statistics_adaptation fbcnet      multi_sub-048_ses01ses02-to-ses03 seed=1 acc=0.6650 (ntr=320 nval=80 nte=200)
2026-06-09 14:35:17 | INFO    | train_session_alignment | [align] bn_statistics_adaptation fbcnet      multi_sub-049_ses01ses02-to-ses03 seed=1 acc=0.7650 (ntr=320 nval=80 nte=200)
2026-06-09 14:35:29 | INFO    | train_session_alignment | [align] bn_statistics_adaptation fbcnet      multi_sub-050_ses01ses02-to-ses03 seed=1 acc=0.8800 (ntr=320 nval=80 nte=200)
2026-06-09 14:35:37 | INFO    | train_session_alignment | [align] bn_statistics_adaptation fbcnet      multi_sub-051_ses01ses02-to-ses03 seed=1 acc=0.7950 (ntr=320 nval=80 nte=200)
2026-06-09 14:35:37 | INFO    | train_session_alignment | ALL DONE in 2895.1s | rows=335 ok=335 failed=0 | out=/share/home/yuan/SYX/eeg-mi-online/outputs/experiments/alignment_baseline_v1
Done: Tue Jun  9 14:35:38 CST 2026
