Project: /share/home/yuan/SYX/eeg-mi-online
Env    : mi_torch_cu118
Args   : --methods euclidean_alignment --models deepconvnet --seeds 3 --protocols single,multi --tag-suffix euclidean_alignment_deepconvnet_s3
Node   : gpu01 | Start: Tue Jun  9 06:13:19 CST 2026
Tue Jun  9 06:13:19 2026       
+-----------------------------------------------------------------------------------------+
| NVIDIA-SMI 570.153.02             Driver Version: 570.153.02     CUDA Version: 12.8     |
|-----------------------------------------+------------------------+----------------------+
| GPU  Name                 Persistence-M | Bus-Id          Disp.A | Volatile Uncorr. ECC |
| Fan  Temp   Perf          Pwr:Usage/Cap |           Memory-Usage | GPU-Util  Compute M. |
|                                         |                        |               MIG M. |
|=========================================+========================+======================|
|   0  NVIDIA GeForce RTX 4090 D      On  |   00000000:61:00.0 Off |                  Off |
| 30%   39C    P0             57W /  425W |       1MiB /  24564MiB |      0%      Default |
|                                         |                        |                  N/A |
+-----------------------------------------+------------------------+----------------------+
                                                                                         
+-----------------------------------------------------------------------------------------+
| Processes:                                                                              |
|  GPU   GI   CI              PID   Type   Process name                        GPU Memory |
|        ID   ID                                                               Usage      |
|=========================================================================================|
|  No running processes found                                                             |
+-----------------------------------------------------------------------------------------+
[cuda-check] torch=2.7.1+cu118 cuda_build=11.8 cuda_avail=True
2026-06-09 06:13:22 | INFO    | train_session_alignment | device=cuda | cuda={'torch': '2.7.1+cu118', 'cuda_build': '11.8', 'cuda_available': True, 'device': 'cuda', 'device_name': 'NVIDIA GeForce RTX 4090 D'}
2026-06-09 06:13:22 | INFO    | train_session_alignment | loaded 148 ok sessions | methods=['euclidean_alignment'] | models=['deepconvnet'] | seeds=[3] | groups=['single', 'multi'] | tasks=335
2026-06-09 06:13:30 | INFO    | train_session_alignment | [align] euclidean_alignment    deepconvnet single_sub-001_ses01-to-ses02 seed=3 acc=0.5600 (ntr=160 nval=40 nte=200)
2026-06-09 06:13:37 | INFO    | train_session_alignment | [align] euclidean_alignment    deepconvnet single_sub-001_ses01-to-ses03 seed=3 acc=0.6300 (ntr=160 nval=40 nte=200)
2026-06-09 06:13:43 | INFO    | train_session_alignment | [align] euclidean_alignment    deepconvnet single_sub-001_ses02-to-ses01 seed=3 acc=0.6450 (ntr=160 nval=40 nte=200)
2026-06-09 06:13:50 | INFO    | train_session_alignment | [align] euclidean_alignment    deepconvnet single_sub-001_ses02-to-ses03 seed=3 acc=0.7700 (ntr=160 nval=40 nte=200)
2026-06-09 06:13:59 | INFO    | train_session_alignment | [align] euclidean_alignment    deepconvnet single_sub-001_ses03-to-ses01 seed=3 acc=0.6800 (ntr=160 nval=40 nte=200)
2026-06-09 06:14:09 | INFO    | train_session_alignment | [align] euclidean_alignment    deepconvnet single_sub-001_ses03-to-ses02 seed=3 acc=0.7850 (ntr=160 nval=40 nte=200)
2026-06-09 06:14:15 | INFO    | train_session_alignment | [align] euclidean_alignment    deepconvnet single_sub-002_ses01-to-ses02 seed=3 acc=0.5750 (ntr=160 nval=40 nte=200)
2026-06-09 06:14:21 | INFO    | train_session_alignment | [align] euclidean_alignment    deepconvnet single_sub-002_ses01-to-ses03 seed=3 acc=0.5700 (ntr=160 nval=40 nte=200)
2026-06-09 06:14:27 | INFO    | train_session_alignment | [align] euclidean_alignment    deepconvnet single_sub-002_ses02-to-ses01 seed=3 acc=0.5700 (ntr=160 nval=40 nte=200)
2026-06-09 06:14:33 | INFO    | train_session_alignment | [align] euclidean_alignment    deepconvnet single_sub-002_ses02-to-ses03 seed=3 acc=0.6250 (ntr=160 nval=40 nte=200)
2026-06-09 06:14:39 | INFO    | train_session_alignment | [align] euclidean_alignment    deepconvnet single_sub-002_ses03-to-ses01 seed=3 acc=0.6050 (ntr=160 nval=40 nte=200)
2026-06-09 06:14:45 | INFO    | train_session_alignment | [align] euclidean_alignment    deepconvnet single_sub-002_ses03-to-ses02 seed=3 acc=0.6100 (ntr=160 nval=40 nte=200)
2026-06-09 06:14:51 | INFO    | train_session_alignment | [align] euclidean_alignment    deepconvnet single_sub-003_ses01-to-ses02 seed=3 acc=0.5400 (ntr=160 nval=40 nte=200)
2026-06-09 06:14:58 | INFO    | train_session_alignment | [align] euclidean_alignment    deepconvnet single_sub-003_ses01-to-ses03 seed=3 acc=0.5000 (ntr=160 nval=40 nte=200)
2026-06-09 06:15:04 | INFO    | train_session_alignment | [align] euclidean_alignment    deepconvnet single_sub-003_ses02-to-ses01 seed=3 acc=0.5050 (ntr=160 nval=40 nte=200)
2026-06-09 06:15:10 | INFO    | train_session_alignment | [align] euclidean_alignment    deepconvnet single_sub-003_ses02-to-ses03 seed=3 acc=0.5000 (ntr=160 nval=40 nte=200)
2026-06-09 06:15:17 | INFO    | train_session_alignment | [align] euclidean_alignment    deepconvnet single_sub-003_ses03-to-ses01 seed=3 acc=0.4950 (ntr=160 nval=40 nte=200)
2026-06-09 06:15:23 | INFO    | train_session_alignment | [align] euclidean_alignment    deepconvnet single_sub-003_ses03-to-ses02 seed=3 acc=0.5850 (ntr=160 nval=40 nte=200)
2026-06-09 06:15:29 | INFO    | train_session_alignment | [align] euclidean_alignment    deepconvnet single_sub-004_ses01-to-ses02 seed=3 acc=0.5350 (ntr=160 nval=40 nte=200)
2026-06-09 06:15:35 | INFO    | train_session_alignment | [align] euclidean_alignment    deepconvnet single_sub-004_ses01-to-ses03 seed=3 acc=0.4750 (ntr=160 nval=40 nte=200)
2026-06-09 06:15:41 | INFO    | train_session_alignment | [align] euclidean_alignment    deepconvnet single_sub-004_ses02-to-ses01 seed=3 acc=0.4950 (ntr=160 nval=40 nte=200)
2026-06-09 06:15:47 | INFO    | train_session_alignment | [align] euclidean_alignment    deepconvnet single_sub-004_ses02-to-ses03 seed=3 acc=0.4900 (ntr=160 nval=40 nte=200)
2026-06-09 06:15:53 | INFO    | train_session_alignment | [align] euclidean_alignment    deepconvnet single_sub-004_ses03-to-ses01 seed=3 acc=0.5100 (ntr=160 nval=40 nte=200)
2026-06-09 06:15:59 | INFO    | train_session_alignment | [align] euclidean_alignment    deepconvnet single_sub-004_ses03-to-ses02 seed=3 acc=0.5050 (ntr=160 nval=40 nte=200)
2026-06-09 06:16:14 | INFO    | train_session_alignment | [align] euclidean_alignment    deepconvnet single_sub-005_ses01-to-ses02 seed=3 acc=0.7050 (ntr=160 nval=40 nte=200)
2026-06-09 06:16:29 | INFO    | train_session_alignment | [align] euclidean_alignment    deepconvnet single_sub-005_ses01-to-ses03 seed=3 acc=0.6800 (ntr=160 nval=40 nte=200)
2026-06-09 06:16:35 | INFO    | train_session_alignment | [align] euclidean_alignment    deepconvnet single_sub-005_ses02-to-ses01 seed=3 acc=0.5200 (ntr=160 nval=40 nte=200)
2026-06-09 06:16:41 | INFO    | train_session_alignment | [align] euclidean_alignment    deepconvnet single_sub-005_ses02-to-ses03 seed=3 acc=0.5000 (ntr=160 nval=40 nte=200)
2026-06-09 06:16:47 | INFO    | train_session_alignment | [align] euclidean_alignment    deepconvnet single_sub-005_ses03-to-ses01 seed=3 acc=0.4950 (ntr=160 nval=40 nte=200)
2026-06-09 06:16:53 | INFO    | train_session_alignment | [align] euclidean_alignment    deepconvnet single_sub-005_ses03-to-ses02 seed=3 acc=0.5000 (ntr=160 nval=40 nte=200)
2026-06-09 06:17:01 | INFO    | train_session_alignment | [align] euclidean_alignment    deepconvnet single_sub-006_ses01-to-ses02 seed=3 acc=0.9000 (ntr=160 nval=40 nte=200)
2026-06-09 06:17:10 | INFO    | train_session_alignment | [align] euclidean_alignment    deepconvnet single_sub-006_ses01-to-ses03 seed=3 acc=0.9150 (ntr=160 nval=40 nte=200)
2026-06-09 06:17:16 | INFO    | train_session_alignment | [align] euclidean_alignment    deepconvnet single_sub-006_ses02-to-ses01 seed=3 acc=0.7550 (ntr=160 nval=40 nte=200)
2026-06-09 06:17:22 | INFO    | train_session_alignment | [align] euclidean_alignment    deepconvnet single_sub-006_ses02-to-ses03 seed=3 acc=0.7450 (ntr=160 nval=40 nte=200)
2026-06-09 06:17:29 | INFO    | train_session_alignment | [align] euclidean_alignment    deepconvnet single_sub-006_ses03-to-ses01 seed=3 acc=0.8350 (ntr=160 nval=40 nte=200)
2026-06-09 06:17:35 | INFO    | train_session_alignment | [align] euclidean_alignment    deepconvnet single_sub-006_ses03-to-ses02 seed=3 acc=0.8400 (ntr=160 nval=40 nte=200)
2026-06-09 06:17:42 | INFO    | train_session_alignment | [align] euclidean_alignment    deepconvnet single_sub-007_ses01-to-ses02 seed=3 acc=0.6750 (ntr=160 nval=40 nte=200)
2026-06-09 06:17:48 | INFO    | train_session_alignment | [align] euclidean_alignment    deepconvnet single_sub-007_ses01-to-ses03 seed=3 acc=0.8100 (ntr=160 nval=40 nte=200)
2026-06-09 06:17:54 | INFO    | train_session_alignment | [align] euclidean_alignment    deepconvnet single_sub-007_ses02-to-ses01 seed=3 acc=0.6700 (ntr=160 nval=40 nte=200)
2026-06-09 06:18:01 | INFO    | train_session_alignment | [align] euclidean_alignment    deepconvnet single_sub-007_ses02-to-ses03 seed=3 acc=0.8350 (ntr=160 nval=40 nte=200)
2026-06-09 06:18:07 | INFO    | train_session_alignment | [align] euclidean_alignment    deepconvnet single_sub-007_ses03-to-ses01 seed=3 acc=0.6250 (ntr=160 nval=40 nte=200)
2026-06-09 06:18:14 | INFO    | train_session_alignment | [align] euclidean_alignment    deepconvnet single_sub-007_ses03-to-ses02 seed=3 acc=0.7150 (ntr=160 nval=40 nte=200)
2026-06-09 06:18:20 | INFO    | train_session_alignment | [align] euclidean_alignment    deepconvnet single_sub-008_ses01-to-ses02 seed=3 acc=0.5400 (ntr=160 nval=40 nte=200)
2026-06-09 06:18:27 | INFO    | train_session_alignment | [align] euclidean_alignment    deepconvnet single_sub-008_ses01-to-ses03 seed=3 acc=0.5650 (ntr=160 nval=40 nte=200)
2026-06-09 06:18:34 | INFO    | train_session_alignment | [align] euclidean_alignment    deepconvnet single_sub-008_ses02-to-ses01 seed=3 acc=0.5350 (ntr=160 nval=40 nte=200)
2026-06-09 06:18:40 | INFO    | train_session_alignment | [align] euclidean_alignment    deepconvnet single_sub-008_ses02-to-ses03 seed=3 acc=0.7400 (ntr=160 nval=40 nte=200)
2026-06-09 06:18:48 | INFO    | train_session_alignment | [align] euclidean_alignment    deepconvnet single_sub-008_ses03-to-ses01 seed=3 acc=0.5650 (ntr=160 nval=40 nte=200)
2026-06-09 06:18:55 | INFO    | train_session_alignment | [align] euclidean_alignment    deepconvnet single_sub-008_ses03-to-ses02 seed=3 acc=0.6750 (ntr=160 nval=40 nte=200)
2026-06-09 06:19:02 | INFO    | train_session_alignment | [align] euclidean_alignment    deepconvnet single_sub-009_ses01-to-ses02 seed=3 acc=0.5400 (ntr=160 nval=40 nte=200)
2026-06-09 06:19:08 | INFO    | train_session_alignment | [align] euclidean_alignment    deepconvnet single_sub-009_ses01-to-ses03 seed=3 acc=0.5250 (ntr=160 nval=40 nte=200)
2026-06-09 06:19:14 | INFO    | train_session_alignment | [align] euclidean_alignment    deepconvnet single_sub-009_ses02-to-ses01 seed=3 acc=0.6500 (ntr=160 nval=40 nte=200)
2026-06-09 06:19:20 | INFO    | train_session_alignment | [align] euclidean_alignment    deepconvnet single_sub-009_ses02-to-ses03 seed=3 acc=0.5600 (ntr=160 nval=40 nte=200)
2026-06-09 06:19:26 | INFO    | train_session_alignment | [align] euclidean_alignment    deepconvnet single_sub-009_ses03-to-ses01 seed=3 acc=0.5450 (ntr=160 nval=40 nte=200)
2026-06-09 06:19:32 | INFO    | train_session_alignment | [align] euclidean_alignment    deepconvnet single_sub-009_ses03-to-ses02 seed=3 acc=0.5600 (ntr=160 nval=40 nte=200)
2026-06-09 06:19:39 | INFO    | train_session_alignment | [align] euclidean_alignment    deepconvnet single_sub-010_ses01-to-ses02 seed=3 acc=0.6700 (ntr=160 nval=40 nte=200)
2026-06-09 06:19:46 | INFO    | train_session_alignment | [align] euclidean_alignment    deepconvnet single_sub-010_ses01-to-ses03 seed=3 acc=0.5350 (ntr=160 nval=40 nte=200)
2026-06-09 06:19:53 | INFO    | train_session_alignment | [align] euclidean_alignment    deepconvnet single_sub-010_ses02-to-ses01 seed=3 acc=0.6600 (ntr=160 nval=40 nte=200)
2026-06-09 06:20:00 | INFO    | train_session_alignment | [align] euclidean_alignment    deepconvnet single_sub-010_ses02-to-ses03 seed=3 acc=0.5550 (ntr=160 nval=40 nte=200)
2026-06-09 06:20:06 | INFO    | train_session_alignment | [align] euclidean_alignment    deepconvnet single_sub-010_ses03-to-ses01 seed=3 acc=0.5350 (ntr=160 nval=40 nte=200)
2026-06-09 06:20:12 | INFO    | train_session_alignment | [align] euclidean_alignment    deepconvnet single_sub-010_ses03-to-ses02 seed=3 acc=0.4800 (ntr=160 nval=40 nte=200)
2026-06-09 06:20:18 | INFO    | train_session_alignment | [align] euclidean_alignment    deepconvnet single_sub-011_ses01-to-ses02 seed=3 acc=0.7000 (ntr=160 nval=40 nte=200)
2026-06-09 06:20:25 | INFO    | train_session_alignment | [align] euclidean_alignment    deepconvnet single_sub-011_ses01-to-ses03 seed=3 acc=0.8950 (ntr=160 nval=40 nte=200)
2026-06-09 06:20:31 | INFO    | train_session_alignment | [align] euclidean_alignment    deepconvnet single_sub-011_ses02-to-ses01 seed=3 acc=0.7400 (ntr=160 nval=40 nte=200)
2026-06-09 06:20:37 | INFO    | train_session_alignment | [align] euclidean_alignment    deepconvnet single_sub-011_ses02-to-ses03 seed=3 acc=0.7150 (ntr=160 nval=40 nte=200)
2026-06-09 06:20:43 | INFO    | train_session_alignment | [align] euclidean_alignment    deepconvnet single_sub-011_ses03-to-ses01 seed=3 acc=0.8400 (ntr=160 nval=40 nte=200)
2026-06-09 06:20:49 | INFO    | train_session_alignment | [align] euclidean_alignment    deepconvnet single_sub-011_ses03-to-ses02 seed=3 acc=0.7200 (ntr=160 nval=40 nte=200)
2026-06-09 06:20:55 | INFO    | train_session_alignment | [align] euclidean_alignment    deepconvnet single_sub-012_ses01-to-ses02 seed=3 acc=0.4850 (ntr=160 nval=40 nte=200)
2026-06-09 06:21:01 | INFO    | train_session_alignment | [align] euclidean_alignment    deepconvnet single_sub-012_ses01-to-ses03 seed=3 acc=0.4700 (ntr=160 nval=40 nte=200)
2026-06-09 06:21:07 | INFO    | train_session_alignment | [align] euclidean_alignment    deepconvnet single_sub-012_ses02-to-ses01 seed=3 acc=0.5150 (ntr=160 nval=40 nte=200)
2026-06-09 06:21:13 | INFO    | train_session_alignment | [align] euclidean_alignment    deepconvnet single_sub-012_ses02-to-ses03 seed=3 acc=0.4750 (ntr=160 nval=40 nte=200)
2026-06-09 06:21:19 | INFO    | train_session_alignment | [align] euclidean_alignment    deepconvnet single_sub-012_ses03-to-ses01 seed=3 acc=0.4700 (ntr=160 nval=40 nte=200)
2026-06-09 06:21:25 | INFO    | train_session_alignment | [align] euclidean_alignment    deepconvnet single_sub-012_ses03-to-ses02 seed=3 acc=0.4600 (ntr=160 nval=40 nte=200)
2026-06-09 06:21:32 | INFO    | train_session_alignment | [align] euclidean_alignment    deepconvnet single_sub-013_ses01-to-ses02 seed=3 acc=0.6900 (ntr=160 nval=40 nte=200)
2026-06-09 06:21:38 | INFO    | train_session_alignment | [align] euclidean_alignment    deepconvnet single_sub-013_ses01-to-ses03 seed=3 acc=0.6600 (ntr=160 nval=40 nte=200)
2026-06-09 06:21:45 | INFO    | train_session_alignment | [align] euclidean_alignment    deepconvnet single_sub-013_ses02-to-ses01 seed=3 acc=0.6300 (ntr=160 nval=40 nte=200)
2026-06-09 06:21:52 | INFO    | train_session_alignment | [align] euclidean_alignment    deepconvnet single_sub-013_ses02-to-ses03 seed=3 acc=0.7050 (ntr=160 nval=40 nte=200)
2026-06-09 06:21:59 | INFO    | train_session_alignment | [align] euclidean_alignment    deepconvnet single_sub-013_ses03-to-ses01 seed=3 acc=0.6300 (ntr=160 nval=40 nte=200)
2026-06-09 06:22:05 | INFO    | train_session_alignment | [align] euclidean_alignment    deepconvnet single_sub-013_ses03-to-ses02 seed=3 acc=0.7600 (ntr=160 nval=40 nte=200)
2026-06-09 06:22:11 | INFO    | train_session_alignment | [align] euclidean_alignment    deepconvnet single_sub-014_ses01-to-ses02 seed=3 acc=0.5050 (ntr=160 nval=40 nte=200)
2026-06-09 06:22:17 | INFO    | train_session_alignment | [align] euclidean_alignment    deepconvnet single_sub-014_ses01-to-ses03 seed=3 acc=0.4950 (ntr=160 nval=40 nte=200)
2026-06-09 06:22:23 | INFO    | train_session_alignment | [align] euclidean_alignment    deepconvnet single_sub-014_ses02-to-ses01 seed=3 acc=0.5000 (ntr=160 nval=40 nte=200)
2026-06-09 06:22:29 | INFO    | train_session_alignment | [align] euclidean_alignment    deepconvnet single_sub-014_ses02-to-ses03 seed=3 acc=0.5050 (ntr=160 nval=40 nte=200)
2026-06-09 06:22:36 | INFO    | train_session_alignment | [align] euclidean_alignment    deepconvnet single_sub-014_ses03-to-ses01 seed=3 acc=0.5150 (ntr=160 nval=40 nte=200)
2026-06-09 06:22:44 | INFO    | train_session_alignment | [align] euclidean_alignment    deepconvnet single_sub-014_ses03-to-ses02 seed=3 acc=0.5150 (ntr=160 nval=40 nte=200)
2026-06-09 06:22:50 | INFO    | train_session_alignment | [align] euclidean_alignment    deepconvnet single_sub-015_ses01-to-ses02 seed=3 acc=0.5200 (ntr=160 nval=40 nte=200)
2026-06-09 06:22:56 | INFO    | train_session_alignment | [align] euclidean_alignment    deepconvnet single_sub-015_ses01-to-ses03 seed=3 acc=0.5050 (ntr=160 nval=40 nte=200)
2026-06-09 06:23:02 | INFO    | train_session_alignment | [align] euclidean_alignment    deepconvnet single_sub-015_ses02-to-ses01 seed=3 acc=0.5700 (ntr=160 nval=40 nte=200)
2026-06-09 06:23:09 | INFO    | train_session_alignment | [align] euclidean_alignment    deepconvnet single_sub-015_ses02-to-ses03 seed=3 acc=0.5200 (ntr=160 nval=40 nte=200)
2026-06-09 06:23:23 | INFO    | train_session_alignment | [align] euclidean_alignment    deepconvnet single_sub-015_ses03-to-ses01 seed=3 acc=0.6000 (ntr=160 nval=40 nte=200)
2026-06-09 06:23:37 | INFO    | train_session_alignment | [align] euclidean_alignment    deepconvnet single_sub-015_ses03-to-ses02 seed=3 acc=0.6500 (ntr=160 nval=40 nte=200)
2026-06-09 06:23:43 | INFO    | train_session_alignment | [align] euclidean_alignment    deepconvnet single_sub-016_ses01-to-ses02 seed=3 acc=0.4750 (ntr=160 nval=40 nte=200)
2026-06-09 06:23:50 | INFO    | train_session_alignment | [align] euclidean_alignment    deepconvnet single_sub-016_ses01-to-ses03 seed=3 acc=0.6050 (ntr=160 nval=40 nte=200)
2026-06-09 06:23:56 | INFO    | train_session_alignment | [align] euclidean_alignment    deepconvnet single_sub-016_ses02-to-ses01 seed=3 acc=0.4600 (ntr=160 nval=40 nte=200)
2026-06-09 06:24:03 | INFO    | train_session_alignment | [align] euclidean_alignment    deepconvnet single_sub-016_ses02-to-ses03 seed=3 acc=0.5150 (ntr=160 nval=40 nte=200)
2026-06-09 06:24:09 | INFO    | train_session_alignment | [align] euclidean_alignment    deepconvnet single_sub-016_ses03-to-ses01 seed=3 acc=0.4900 (ntr=160 nval=40 nte=200)
2026-06-09 06:24:15 | INFO    | train_session_alignment | [align] euclidean_alignment    deepconvnet single_sub-016_ses03-to-ses02 seed=3 acc=0.5200 (ntr=160 nval=40 nte=200)
2026-06-09 06:24:21 | INFO    | train_session_alignment | [align] euclidean_alignment    deepconvnet single_sub-017_ses01-to-ses02 seed=3 acc=0.7100 (ntr=160 nval=40 nte=200)
2026-06-09 06:24:28 | INFO    | train_session_alignment | [align] euclidean_alignment    deepconvnet single_sub-017_ses01-to-ses03 seed=3 acc=0.5350 (ntr=160 nval=40 nte=200)
2026-06-09 06:24:34 | INFO    | train_session_alignment | [align] euclidean_alignment    deepconvnet single_sub-017_ses02-to-ses01 seed=3 acc=0.5550 (ntr=160 nval=40 nte=200)
2026-06-09 06:24:40 | INFO    | train_session_alignment | [align] euclidean_alignment    deepconvnet single_sub-017_ses02-to-ses03 seed=3 acc=0.7200 (ntr=160 nval=40 nte=200)
2026-06-09 06:24:46 | INFO    | train_session_alignment | [align] euclidean_alignment    deepconvnet single_sub-017_ses03-to-ses01 seed=3 acc=0.5800 (ntr=160 nval=40 nte=200)
2026-06-09 06:24:52 | INFO    | train_session_alignment | [align] euclidean_alignment    deepconvnet single_sub-017_ses03-to-ses02 seed=3 acc=0.5950 (ntr=160 nval=40 nte=200)
2026-06-09 06:24:59 | INFO    | train_session_alignment | [align] euclidean_alignment    deepconvnet single_sub-018_ses01-to-ses02 seed=3 acc=0.6250 (ntr=160 nval=40 nte=200)
2026-06-09 06:25:05 | INFO    | train_session_alignment | [align] euclidean_alignment    deepconvnet single_sub-018_ses01-to-ses03 seed=3 acc=0.5800 (ntr=160 nval=40 nte=200)
2026-06-09 06:25:11 | INFO    | train_session_alignment | [align] euclidean_alignment    deepconvnet single_sub-018_ses02-to-ses01 seed=3 acc=0.5500 (ntr=160 nval=40 nte=200)
2026-06-09 06:25:18 | INFO    | train_session_alignment | [align] euclidean_alignment    deepconvnet single_sub-018_ses02-to-ses03 seed=3 acc=0.5150 (ntr=160 nval=40 nte=200)
2026-06-09 06:25:24 | INFO    | train_session_alignment | [align] euclidean_alignment    deepconvnet single_sub-018_ses03-to-ses01 seed=3 acc=0.4800 (ntr=160 nval=40 nte=200)
2026-06-09 06:25:30 | INFO    | train_session_alignment | [align] euclidean_alignment    deepconvnet single_sub-018_ses03-to-ses02 seed=3 acc=0.5250 (ntr=160 nval=40 nte=200)
2026-06-09 06:25:37 | INFO    | train_session_alignment | [align] euclidean_alignment    deepconvnet single_sub-019_ses01-to-ses02 seed=3 acc=0.5450 (ntr=160 nval=40 nte=200)
2026-06-09 06:25:43 | INFO    | train_session_alignment | [align] euclidean_alignment    deepconvnet single_sub-019_ses01-to-ses03 seed=3 acc=0.6400 (ntr=160 nval=40 nte=200)
2026-06-09 06:25:52 | INFO    | train_session_alignment | [align] euclidean_alignment    deepconvnet single_sub-019_ses02-to-ses01 seed=3 acc=0.5600 (ntr=160 nval=40 nte=200)
2026-06-09 06:26:01 | INFO    | train_session_alignment | [align] euclidean_alignment    deepconvnet single_sub-019_ses02-to-ses03 seed=3 acc=0.7950 (ntr=160 nval=40 nte=200)
2026-06-09 06:26:08 | INFO    | train_session_alignment | [align] euclidean_alignment    deepconvnet single_sub-019_ses03-to-ses01 seed=3 acc=0.5600 (ntr=160 nval=40 nte=200)
2026-06-09 06:26:15 | INFO    | train_session_alignment | [align] euclidean_alignment    deepconvnet single_sub-019_ses03-to-ses02 seed=3 acc=0.7400 (ntr=160 nval=40 nte=200)
2026-06-09 06:26:36 | INFO    | train_session_alignment | [align] euclidean_alignment    deepconvnet single_sub-020_ses01-to-ses02 seed=3 acc=0.8500 (ntr=160 nval=40 nte=200)
2026-06-09 06:26:57 | INFO    | train_session_alignment | [align] euclidean_alignment    deepconvnet single_sub-020_ses01-to-ses03 seed=3 acc=0.5550 (ntr=160 nval=40 nte=200)
2026-06-09 06:27:10 | INFO    | train_session_alignment | [align] euclidean_alignment    deepconvnet single_sub-020_ses02-to-ses01 seed=3 acc=0.9600 (ntr=160 nval=40 nte=200)
2026-06-09 06:27:23 | INFO    | train_session_alignment | [align] euclidean_alignment    deepconvnet single_sub-020_ses02-to-ses03 seed=3 acc=0.4900 (ntr=160 nval=40 nte=200)
2026-06-09 06:27:37 | INFO    | train_session_alignment | [align] euclidean_alignment    deepconvnet single_sub-020_ses03-to-ses01 seed=3 acc=0.4350 (ntr=160 nval=40 nte=200)
2026-06-09 06:27:51 | INFO    | train_session_alignment | [align] euclidean_alignment    deepconvnet single_sub-020_ses03-to-ses02 seed=3 acc=0.5000 (ntr=160 nval=40 nte=200)
2026-06-09 06:28:00 | INFO    | train_session_alignment | [align] euclidean_alignment    deepconvnet single_sub-021_ses01-to-ses02 seed=3 acc=0.6350 (ntr=160 nval=40 nte=200)
2026-06-09 06:28:09 | INFO    | train_session_alignment | [align] euclidean_alignment    deepconvnet single_sub-021_ses01-to-ses03 seed=3 acc=0.6650 (ntr=160 nval=40 nte=200)
2026-06-09 06:28:19 | INFO    | train_session_alignment | [align] euclidean_alignment    deepconvnet single_sub-021_ses02-to-ses01 seed=3 acc=0.7050 (ntr=160 nval=40 nte=200)
2026-06-09 06:28:28 | INFO    | train_session_alignment | [align] euclidean_alignment    deepconvnet single_sub-021_ses02-to-ses03 seed=3 acc=0.6250 (ntr=160 nval=40 nte=200)
2026-06-09 06:28:34 | INFO    | train_session_alignment | [align] euclidean_alignment    deepconvnet single_sub-021_ses03-to-ses01 seed=3 acc=0.5350 (ntr=160 nval=40 nte=200)
2026-06-09 06:28:40 | INFO    | train_session_alignment | [align] euclidean_alignment    deepconvnet single_sub-021_ses03-to-ses02 seed=3 acc=0.4950 (ntr=160 nval=40 nte=200)
2026-06-09 06:28:46 | INFO    | train_session_alignment | [align] euclidean_alignment    deepconvnet single_sub-022_ses01-to-ses02 seed=3 acc=0.4950 (ntr=160 nval=40 nte=200)
2026-06-09 06:28:52 | INFO    | train_session_alignment | [align] euclidean_alignment    deepconvnet single_sub-022_ses01-to-ses03 seed=3 acc=0.5300 (ntr=160 nval=40 nte=200)
2026-06-09 06:28:58 | INFO    | train_session_alignment | [align] euclidean_alignment    deepconvnet single_sub-022_ses02-to-ses01 seed=3 acc=0.5600 (ntr=160 nval=40 nte=200)
2026-06-09 06:29:04 | INFO    | train_session_alignment | [align] euclidean_alignment    deepconvnet single_sub-022_ses02-to-ses03 seed=3 acc=0.5500 (ntr=160 nval=40 nte=200)
2026-06-09 06:29:12 | INFO    | train_session_alignment | [align] euclidean_alignment    deepconvnet single_sub-022_ses03-to-ses01 seed=3 acc=0.6000 (ntr=160 nval=40 nte=200)
2026-06-09 06:29:20 | INFO    | train_session_alignment | [align] euclidean_alignment    deepconvnet single_sub-022_ses03-to-ses02 seed=3 acc=0.6400 (ntr=160 nval=40 nte=200)
2026-06-09 06:29:34 | INFO    | train_session_alignment | [align] euclidean_alignment    deepconvnet single_sub-023_ses02-to-ses03 seed=3 acc=0.7650 (ntr=160 nval=40 nte=200)
2026-06-09 06:29:40 | INFO    | train_session_alignment | [align] euclidean_alignment    deepconvnet single_sub-023_ses03-to-ses02 seed=3 acc=0.5300 (ntr=160 nval=40 nte=200)
2026-06-09 06:29:47 | INFO    | train_session_alignment | [align] euclidean_alignment    deepconvnet single_sub-025_ses01-to-ses02 seed=3 acc=0.8450 (ntr=160 nval=40 nte=200)
2026-06-09 06:29:53 | INFO    | train_session_alignment | [align] euclidean_alignment    deepconvnet single_sub-025_ses01-to-ses03 seed=3 acc=0.8250 (ntr=160 nval=40 nte=200)
2026-06-09 06:29:59 | INFO    | train_session_alignment | [align] euclidean_alignment    deepconvnet single_sub-025_ses02-to-ses01 seed=3 acc=0.8000 (ntr=160 nval=40 nte=200)
2026-06-09 06:30:05 | INFO    | train_session_alignment | [align] euclidean_alignment    deepconvnet single_sub-025_ses02-to-ses03 seed=3 acc=0.7750 (ntr=160 nval=40 nte=200)
2026-06-09 06:30:12 | INFO    | train_session_alignment | [align] euclidean_alignment    deepconvnet single_sub-025_ses03-to-ses01 seed=3 acc=0.8250 (ntr=160 nval=40 nte=200)
2026-06-09 06:30:19 | INFO    | train_session_alignment | [align] euclidean_alignment    deepconvnet single_sub-025_ses03-to-ses02 seed=3 acc=0.8850 (ntr=160 nval=40 nte=200)
2026-06-09 06:30:25 | INFO    | train_session_alignment | [align] euclidean_alignment    deepconvnet single_sub-026_ses02-to-ses03 seed=3 acc=0.8050 (ntr=160 nval=40 nte=200)
2026-06-09 06:30:32 | INFO    | train_session_alignment | [align] euclidean_alignment    deepconvnet single_sub-026_ses03-to-ses02 seed=3 acc=0.8150 (ntr=160 nval=40 nte=200)
2026-06-09 06:30:38 | INFO    | train_session_alignment | [align] euclidean_alignment    deepconvnet single_sub-027_ses01-to-ses02 seed=3 acc=0.6150 (ntr=160 nval=40 nte=200)
2026-06-09 06:30:45 | INFO    | train_session_alignment | [align] euclidean_alignment    deepconvnet single_sub-027_ses01-to-ses03 seed=3 acc=0.8000 (ntr=160 nval=40 nte=200)
2026-06-09 06:30:55 | INFO    | train_session_alignment | [align] euclidean_alignment    deepconvnet single_sub-027_ses02-to-ses01 seed=3 acc=0.7300 (ntr=160 nval=40 nte=200)
2026-06-09 06:31:04 | INFO    | train_session_alignment | [align] euclidean_alignment    deepconvnet single_sub-027_ses02-to-ses03 seed=3 acc=0.6600 (ntr=160 nval=40 nte=200)
2026-06-09 06:31:15 | INFO    | train_session_alignment | [align] euclidean_alignment    deepconvnet single_sub-027_ses03-to-ses01 seed=3 acc=0.8000 (ntr=160 nval=40 nte=200)
2026-06-09 06:31:25 | INFO    | train_session_alignment | [align] euclidean_alignment    deepconvnet single_sub-027_ses03-to-ses02 seed=3 acc=0.6150 (ntr=160 nval=40 nte=200)
2026-06-09 06:31:32 | INFO    | train_session_alignment | [align] euclidean_alignment    deepconvnet single_sub-028_ses01-to-ses02 seed=3 acc=0.6750 (ntr=160 nval=40 nte=200)
2026-06-09 06:31:39 | INFO    | train_session_alignment | [align] euclidean_alignment    deepconvnet single_sub-028_ses01-to-ses03 seed=3 acc=0.5400 (ntr=160 nval=40 nte=200)
2026-06-09 06:31:46 | INFO    | train_session_alignment | [align] euclidean_alignment    deepconvnet single_sub-028_ses02-to-ses01 seed=3 acc=0.6250 (ntr=160 nval=40 nte=200)
2026-06-09 06:31:52 | INFO    | train_session_alignment | [align] euclidean_alignment    deepconvnet single_sub-028_ses02-to-ses03 seed=3 acc=0.5500 (ntr=160 nval=40 nte=200)
2026-06-09 06:32:02 | INFO    | train_session_alignment | [align] euclidean_alignment    deepconvnet single_sub-028_ses03-to-ses01 seed=3 acc=0.5000 (ntr=160 nval=40 nte=200)
2026-06-09 06:32:11 | INFO    | train_session_alignment | [align] euclidean_alignment    deepconvnet single_sub-028_ses03-to-ses02 seed=3 acc=0.5650 (ntr=160 nval=40 nte=200)
2026-06-09 06:32:21 | INFO    | train_session_alignment | [align] euclidean_alignment    deepconvnet single_sub-029_ses01-to-ses02 seed=3 acc=0.5500 (ntr=160 nval=40 nte=200)
2026-06-09 06:32:31 | INFO    | train_session_alignment | [align] euclidean_alignment    deepconvnet single_sub-029_ses01-to-ses03 seed=3 acc=0.6150 (ntr=160 nval=40 nte=200)
2026-06-09 06:32:37 | INFO    | train_session_alignment | [align] euclidean_alignment    deepconvnet single_sub-029_ses02-to-ses01 seed=3 acc=0.3700 (ntr=160 nval=40 nte=200)
2026-06-09 06:32:43 | INFO    | train_session_alignment | [align] euclidean_alignment    deepconvnet single_sub-029_ses02-to-ses03 seed=3 acc=0.9150 (ntr=160 nval=40 nte=200)
2026-06-09 06:32:58 | INFO    | train_session_alignment | [align] euclidean_alignment    deepconvnet single_sub-029_ses03-to-ses01 seed=3 acc=0.4700 (ntr=160 nval=40 nte=200)
2026-06-09 06:33:13 | INFO    | train_session_alignment | [align] euclidean_alignment    deepconvnet single_sub-029_ses03-to-ses02 seed=3 acc=0.9000 (ntr=160 nval=40 nte=200)
2026-06-09 06:33:28 | INFO    | train_session_alignment | [align] euclidean_alignment    deepconvnet single_sub-030_ses01-to-ses02 seed=3 acc=0.7850 (ntr=160 nval=40 nte=200)
2026-06-09 06:33:43 | INFO    | train_session_alignment | [align] euclidean_alignment    deepconvnet single_sub-030_ses01-to-ses03 seed=3 acc=0.7100 (ntr=160 nval=40 nte=200)
2026-06-09 06:33:49 | INFO    | train_session_alignment | [align] euclidean_alignment    deepconvnet single_sub-030_ses02-to-ses01 seed=3 acc=0.4950 (ntr=160 nval=40 nte=200)
2026-06-09 06:33:55 | INFO    | train_session_alignment | [align] euclidean_alignment    deepconvnet single_sub-030_ses02-to-ses03 seed=3 acc=0.7700 (ntr=160 nval=40 nte=200)
2026-06-09 06:34:09 | INFO    | train_session_alignment | [align] euclidean_alignment    deepconvnet single_sub-030_ses03-to-ses01 seed=3 acc=0.5000 (ntr=160 nval=40 nte=200)
2026-06-09 06:34:23 | INFO    | train_session_alignment | [align] euclidean_alignment    deepconvnet single_sub-030_ses03-to-ses02 seed=3 acc=0.8050 (ntr=160 nval=40 nte=200)
2026-06-09 06:34:29 | INFO    | train_session_alignment | [align] euclidean_alignment    deepconvnet single_sub-031_ses01-to-ses02 seed=3 acc=0.7150 (ntr=160 nval=40 nte=200)
2026-06-09 06:34:36 | INFO    | train_session_alignment | [align] euclidean_alignment    deepconvnet single_sub-031_ses01-to-ses03 seed=3 acc=0.7350 (ntr=160 nval=40 nte=200)
2026-06-09 06:34:42 | INFO    | train_session_alignment | [align] euclidean_alignment    deepconvnet single_sub-031_ses02-to-ses01 seed=3 acc=0.6350 (ntr=160 nval=40 nte=200)
2026-06-09 06:34:48 | INFO    | train_session_alignment | [align] euclidean_alignment    deepconvnet single_sub-031_ses02-to-ses03 seed=3 acc=0.7100 (ntr=160 nval=40 nte=200)
2026-06-09 06:34:54 | INFO    | train_session_alignment | [align] euclidean_alignment    deepconvnet single_sub-031_ses03-to-ses01 seed=3 acc=0.6350 (ntr=160 nval=40 nte=200)
2026-06-09 06:35:01 | INFO    | train_session_alignment | [align] euclidean_alignment    deepconvnet single_sub-031_ses03-to-ses02 seed=3 acc=0.7650 (ntr=160 nval=40 nte=200)
2026-06-09 06:35:07 | INFO    | train_session_alignment | [align] euclidean_alignment    deepconvnet single_sub-032_ses01-to-ses03 seed=3 acc=0.5000 (ntr=160 nval=40 nte=200)
2026-06-09 06:35:14 | INFO    | train_session_alignment | [align] euclidean_alignment    deepconvnet single_sub-032_ses03-to-ses01 seed=3 acc=0.5200 (ntr=160 nval=40 nte=200)
2026-06-09 06:35:20 | INFO    | train_session_alignment | [align] euclidean_alignment    deepconvnet single_sub-033_ses01-to-ses02 seed=3 acc=0.7300 (ntr=160 nval=40 nte=200)
2026-06-09 06:35:27 | INFO    | train_session_alignment | [align] euclidean_alignment    deepconvnet single_sub-033_ses01-to-ses03 seed=3 acc=0.6950 (ntr=160 nval=40 nte=200)
2026-06-09 06:35:33 | INFO    | train_session_alignment | [align] euclidean_alignment    deepconvnet single_sub-033_ses02-to-ses01 seed=3 acc=0.7600 (ntr=160 nval=40 nte=200)
2026-06-09 06:35:40 | INFO    | train_session_alignment | [align] euclidean_alignment    deepconvnet single_sub-033_ses02-to-ses03 seed=3 acc=0.7200 (ntr=160 nval=40 nte=200)
2026-06-09 06:35:48 | INFO    | train_session_alignment | [align] euclidean_alignment    deepconvnet single_sub-033_ses03-to-ses01 seed=3 acc=0.7000 (ntr=160 nval=40 nte=200)
2026-06-09 06:35:56 | INFO    | train_session_alignment | [align] euclidean_alignment    deepconvnet single_sub-033_ses03-to-ses02 seed=3 acc=0.7900 (ntr=160 nval=40 nte=200)
2026-06-09 06:36:02 | INFO    | train_session_alignment | [align] euclidean_alignment    deepconvnet single_sub-034_ses01-to-ses02 seed=3 acc=0.7300 (ntr=160 nval=40 nte=200)
2026-06-09 06:36:09 | INFO    | train_session_alignment | [align] euclidean_alignment    deepconvnet single_sub-034_ses01-to-ses03 seed=3 acc=0.6950 (ntr=160 nval=40 nte=200)
2026-06-09 06:36:16 | INFO    | train_session_alignment | [align] euclidean_alignment    deepconvnet single_sub-034_ses02-to-ses01 seed=3 acc=0.6550 (ntr=160 nval=40 nte=200)
2026-06-09 06:36:22 | INFO    | train_session_alignment | [align] euclidean_alignment    deepconvnet single_sub-034_ses02-to-ses03 seed=3 acc=0.7700 (ntr=160 nval=40 nte=200)
2026-06-09 06:36:30 | INFO    | train_session_alignment | [align] euclidean_alignment    deepconvnet single_sub-034_ses03-to-ses01 seed=3 acc=0.6700 (ntr=160 nval=40 nte=200)
2026-06-09 06:36:37 | INFO    | train_session_alignment | [align] euclidean_alignment    deepconvnet single_sub-034_ses03-to-ses02 seed=3 acc=0.8100 (ntr=160 nval=40 nte=200)
2026-06-09 06:36:44 | INFO    | train_session_alignment | [align] euclidean_alignment    deepconvnet single_sub-035_ses01-to-ses02 seed=3 acc=0.9350 (ntr=160 nval=40 nte=200)
2026-06-09 06:36:51 | INFO    | train_session_alignment | [align] euclidean_alignment    deepconvnet single_sub-035_ses01-to-ses03 seed=3 acc=0.8950 (ntr=160 nval=40 nte=200)
2026-06-09 06:36:58 | INFO    | train_session_alignment | [align] euclidean_alignment    deepconvnet single_sub-035_ses02-to-ses01 seed=3 acc=0.9000 (ntr=160 nval=40 nte=200)
2026-06-09 06:37:05 | INFO    | train_session_alignment | [align] euclidean_alignment    deepconvnet single_sub-035_ses02-to-ses03 seed=3 acc=0.7200 (ntr=160 nval=40 nte=200)
2026-06-09 06:37:16 | INFO    | train_session_alignment | [align] euclidean_alignment    deepconvnet single_sub-035_ses03-to-ses01 seed=3 acc=0.9350 (ntr=160 nval=40 nte=200)
2026-06-09 06:37:26 | INFO    | train_session_alignment | [align] euclidean_alignment    deepconvnet single_sub-035_ses03-to-ses02 seed=3 acc=0.9200 (ntr=160 nval=40 nte=200)
2026-06-09 06:37:32 | INFO    | train_session_alignment | [align] euclidean_alignment    deepconvnet single_sub-036_ses01-to-ses02 seed=3 acc=0.5100 (ntr=160 nval=40 nte=200)
2026-06-09 06:37:38 | INFO    | train_session_alignment | [align] euclidean_alignment    deepconvnet single_sub-036_ses01-to-ses03 seed=3 acc=0.5100 (ntr=160 nval=40 nte=200)
2026-06-09 06:37:45 | INFO    | train_session_alignment | [align] euclidean_alignment    deepconvnet single_sub-036_ses02-to-ses01 seed=3 acc=0.7250 (ntr=160 nval=40 nte=200)
2026-06-09 06:37:52 | INFO    | train_session_alignment | [align] euclidean_alignment    deepconvnet single_sub-036_ses02-to-ses03 seed=3 acc=0.8900 (ntr=160 nval=40 nte=200)
2026-06-09 06:38:04 | INFO    | train_session_alignment | [align] euclidean_alignment    deepconvnet single_sub-036_ses03-to-ses01 seed=3 acc=0.8250 (ntr=160 nval=40 nte=200)
2026-06-09 06:38:17 | INFO    | train_session_alignment | [align] euclidean_alignment    deepconvnet single_sub-036_ses03-to-ses02 seed=3 acc=0.8500 (ntr=160 nval=40 nte=200)
2026-06-09 06:38:27 | INFO    | train_session_alignment | [align] euclidean_alignment    deepconvnet single_sub-037_ses01-to-ses02 seed=3 acc=0.8000 (ntr=160 nval=40 nte=200)
2026-06-09 06:38:38 | INFO    | train_session_alignment | [align] euclidean_alignment    deepconvnet single_sub-037_ses01-to-ses03 seed=3 acc=0.8050 (ntr=160 nval=40 nte=200)
2026-06-09 06:38:45 | INFO    | train_session_alignment | [align] euclidean_alignment    deepconvnet single_sub-037_ses02-to-ses01 seed=3 acc=0.8300 (ntr=160 nval=40 nte=200)
2026-06-09 06:38:51 | INFO    | train_session_alignment | [align] euclidean_alignment    deepconvnet single_sub-037_ses02-to-ses03 seed=3 acc=0.8550 (ntr=160 nval=40 nte=200)
2026-06-09 06:38:58 | INFO    | train_session_alignment | [align] euclidean_alignment    deepconvnet single_sub-037_ses03-to-ses01 seed=3 acc=0.8500 (ntr=160 nval=40 nte=200)
2026-06-09 06:39:04 | INFO    | train_session_alignment | [align] euclidean_alignment    deepconvnet single_sub-037_ses03-to-ses02 seed=3 acc=0.7900 (ntr=160 nval=40 nte=200)
2026-06-09 06:39:10 | INFO    | train_session_alignment | [align] euclidean_alignment    deepconvnet single_sub-038_ses01-to-ses02 seed=3 acc=0.5550 (ntr=160 nval=40 nte=200)
2026-06-09 06:39:16 | INFO    | train_session_alignment | [align] euclidean_alignment    deepconvnet single_sub-038_ses01-to-ses03 seed=3 acc=0.5350 (ntr=160 nval=40 nte=200)
2026-06-09 06:39:22 | INFO    | train_session_alignment | [align] euclidean_alignment    deepconvnet single_sub-038_ses02-to-ses01 seed=3 acc=0.4850 (ntr=160 nval=40 nte=200)
2026-06-09 06:39:28 | INFO    | train_session_alignment | [align] euclidean_alignment    deepconvnet single_sub-038_ses02-to-ses03 seed=3 acc=0.5200 (ntr=160 nval=40 nte=200)
2026-06-09 06:39:38 | INFO    | train_session_alignment | [align] euclidean_alignment    deepconvnet single_sub-038_ses03-to-ses01 seed=3 acc=0.4950 (ntr=160 nval=40 nte=200)
2026-06-09 06:39:48 | INFO    | train_session_alignment | [align] euclidean_alignment    deepconvnet single_sub-038_ses03-to-ses02 seed=3 acc=0.4700 (ntr=160 nval=40 nte=200)
2026-06-09 06:39:54 | INFO    | train_session_alignment | [align] euclidean_alignment    deepconvnet single_sub-039_ses01-to-ses02 seed=3 acc=0.5200 (ntr=160 nval=40 nte=200)
2026-06-09 06:40:00 | INFO    | train_session_alignment | [align] euclidean_alignment    deepconvnet single_sub-039_ses01-to-ses03 seed=3 acc=0.4850 (ntr=160 nval=40 nte=200)
2026-06-09 06:40:06 | INFO    | train_session_alignment | [align] euclidean_alignment    deepconvnet single_sub-039_ses02-to-ses01 seed=3 acc=0.5100 (ntr=160 nval=40 nte=200)
2026-06-09 06:40:12 | INFO    | train_session_alignment | [align] euclidean_alignment    deepconvnet single_sub-039_ses02-to-ses03 seed=3 acc=0.5350 (ntr=160 nval=40 nte=200)
2026-06-09 06:40:19 | INFO    | train_session_alignment | [align] euclidean_alignment    deepconvnet single_sub-039_ses03-to-ses01 seed=3 acc=0.5050 (ntr=160 nval=40 nte=200)
2026-06-09 06:40:25 | INFO    | train_session_alignment | [align] euclidean_alignment    deepconvnet single_sub-039_ses03-to-ses02 seed=3 acc=0.5300 (ntr=160 nval=40 nte=200)
2026-06-09 06:40:32 | INFO    | train_session_alignment | [align] euclidean_alignment    deepconvnet single_sub-040_ses01-to-ses02 seed=3 acc=0.6400 (ntr=160 nval=40 nte=200)
2026-06-09 06:40:39 | INFO    | train_session_alignment | [align] euclidean_alignment    deepconvnet single_sub-040_ses01-to-ses03 seed=3 acc=0.7100 (ntr=160 nval=40 nte=200)
2026-06-09 06:40:45 | INFO    | train_session_alignment | [align] euclidean_alignment    deepconvnet single_sub-040_ses02-to-ses01 seed=3 acc=0.6550 (ntr=160 nval=40 nte=200)
2026-06-09 06:40:51 | INFO    | train_session_alignment | [align] euclidean_alignment    deepconvnet single_sub-040_ses02-to-ses03 seed=3 acc=0.6200 (ntr=160 nval=40 nte=200)
2026-06-09 06:40:57 | INFO    | train_session_alignment | [align] euclidean_alignment    deepconvnet single_sub-040_ses03-to-ses01 seed=3 acc=0.6550 (ntr=160 nval=40 nte=200)
2026-06-09 06:41:04 | INFO    | train_session_alignment | [align] euclidean_alignment    deepconvnet single_sub-040_ses03-to-ses02 seed=3 acc=0.5950 (ntr=160 nval=40 nte=200)
2026-06-09 06:41:11 | INFO    | train_session_alignment | [align] euclidean_alignment    deepconvnet single_sub-041_ses01-to-ses02 seed=3 acc=0.7200 (ntr=160 nval=40 nte=200)
2026-06-09 06:41:17 | INFO    | train_session_alignment | [align] euclidean_alignment    deepconvnet single_sub-041_ses01-to-ses03 seed=3 acc=0.7700 (ntr=160 nval=40 nte=200)
2026-06-09 06:41:24 | INFO    | train_session_alignment | [align] euclidean_alignment    deepconvnet single_sub-041_ses02-to-ses01 seed=3 acc=0.7950 (ntr=160 nval=40 nte=200)
2026-06-09 06:41:30 | INFO    | train_session_alignment | [align] euclidean_alignment    deepconvnet single_sub-041_ses02-to-ses03 seed=3 acc=0.8250 (ntr=160 nval=40 nte=200)
2026-06-09 06:41:36 | INFO    | train_session_alignment | [align] euclidean_alignment    deepconvnet single_sub-041_ses03-to-ses01 seed=3 acc=0.7750 (ntr=160 nval=40 nte=200)
2026-06-09 06:41:42 | INFO    | train_session_alignment | [align] euclidean_alignment    deepconvnet single_sub-041_ses03-to-ses02 seed=3 acc=0.7700 (ntr=160 nval=40 nte=200)
2026-06-09 06:41:48 | INFO    | train_session_alignment | [align] euclidean_alignment    deepconvnet single_sub-042_ses01-to-ses02 seed=3 acc=0.4900 (ntr=160 nval=40 nte=200)
2026-06-09 06:41:55 | INFO    | train_session_alignment | [align] euclidean_alignment    deepconvnet single_sub-042_ses01-to-ses03 seed=3 acc=0.5300 (ntr=160 nval=40 nte=200)
2026-06-09 06:42:00 | INFO    | train_session_alignment | [align] euclidean_alignment    deepconvnet single_sub-042_ses02-to-ses01 seed=3 acc=0.5050 (ntr=160 nval=40 nte=200)
2026-06-09 06:42:06 | INFO    | train_session_alignment | [align] euclidean_alignment    deepconvnet single_sub-042_ses02-to-ses03 seed=3 acc=0.5250 (ntr=160 nval=40 nte=200)
2026-06-09 06:42:12 | INFO    | train_session_alignment | [align] euclidean_alignment    deepconvnet single_sub-042_ses03-to-ses01 seed=3 acc=0.5400 (ntr=160 nval=40 nte=200)
2026-06-09 06:42:19 | INFO    | train_session_alignment | [align] euclidean_alignment    deepconvnet single_sub-042_ses03-to-ses02 seed=3 acc=0.5800 (ntr=160 nval=40 nte=200)
2026-06-09 06:42:25 | INFO    | train_session_alignment | [align] euclidean_alignment    deepconvnet single_sub-043_ses01-to-ses02 seed=3 acc=0.8100 (ntr=160 nval=40 nte=200)
2026-06-09 06:42:32 | INFO    | train_session_alignment | [align] euclidean_alignment    deepconvnet single_sub-043_ses01-to-ses03 seed=3 acc=0.7900 (ntr=160 nval=40 nte=200)
2026-06-09 06:42:47 | INFO    | train_session_alignment | [align] euclidean_alignment    deepconvnet single_sub-043_ses02-to-ses01 seed=3 acc=0.8900 (ntr=160 nval=40 nte=200)
2026-06-09 06:43:02 | INFO    | train_session_alignment | [align] euclidean_alignment    deepconvnet single_sub-043_ses02-to-ses03 seed=3 acc=0.8200 (ntr=160 nval=40 nte=200)
2026-06-09 06:43:10 | INFO    | train_session_alignment | [align] euclidean_alignment    deepconvnet single_sub-043_ses03-to-ses01 seed=3 acc=0.7950 (ntr=160 nval=40 nte=200)
2026-06-09 06:43:18 | INFO    | train_session_alignment | [align] euclidean_alignment    deepconvnet single_sub-043_ses03-to-ses02 seed=3 acc=0.7950 (ntr=160 nval=40 nte=200)
2026-06-09 06:43:24 | INFO    | train_session_alignment | [align] euclidean_alignment    deepconvnet single_sub-044_ses01-to-ses02 seed=3 acc=0.5450 (ntr=160 nval=40 nte=200)
2026-06-09 06:43:30 | INFO    | train_session_alignment | [align] euclidean_alignment    deepconvnet single_sub-044_ses01-to-ses03 seed=3 acc=0.5600 (ntr=160 nval=40 nte=200)
2026-06-09 06:43:36 | INFO    | train_session_alignment | [align] euclidean_alignment    deepconvnet single_sub-044_ses02-to-ses01 seed=3 acc=0.5800 (ntr=160 nval=40 nte=200)
2026-06-09 06:43:43 | INFO    | train_session_alignment | [align] euclidean_alignment    deepconvnet single_sub-044_ses02-to-ses03 seed=3 acc=0.5550 (ntr=160 nval=40 nte=200)
2026-06-09 06:43:49 | INFO    | train_session_alignment | [align] euclidean_alignment    deepconvnet single_sub-044_ses03-to-ses01 seed=3 acc=0.5900 (ntr=160 nval=40 nte=200)
2026-06-09 06:43:56 | INFO    | train_session_alignment | [align] euclidean_alignment    deepconvnet single_sub-044_ses03-to-ses02 seed=3 acc=0.6150 (ntr=160 nval=40 nte=200)
2026-06-09 06:44:02 | INFO    | train_session_alignment | [align] euclidean_alignment    deepconvnet single_sub-045_ses01-to-ses02 seed=3 acc=0.5000 (ntr=160 nval=40 nte=200)
2026-06-09 06:44:08 | INFO    | train_session_alignment | [align] euclidean_alignment    deepconvnet single_sub-045_ses01-to-ses03 seed=3 acc=0.4950 (ntr=160 nval=40 nte=200)
2026-06-09 06:44:15 | INFO    | train_session_alignment | [align] euclidean_alignment    deepconvnet single_sub-045_ses02-to-ses01 seed=3 acc=0.6050 (ntr=160 nval=40 nte=200)
2026-06-09 06:44:21 | INFO    | train_session_alignment | [align] euclidean_alignment    deepconvnet single_sub-045_ses02-to-ses03 seed=3 acc=0.5550 (ntr=160 nval=40 nte=200)
2026-06-09 06:44:27 | INFO    | train_session_alignment | [align] euclidean_alignment    deepconvnet single_sub-045_ses03-to-ses01 seed=3 acc=0.6000 (ntr=160 nval=40 nte=200)
2026-06-09 06:44:33 | INFO    | train_session_alignment | [align] euclidean_alignment    deepconvnet single_sub-045_ses03-to-ses02 seed=3 acc=0.5850 (ntr=160 nval=40 nte=200)
2026-06-09 06:44:44 | INFO    | train_session_alignment | [align] euclidean_alignment    deepconvnet single_sub-046_ses01-to-ses02 seed=3 acc=0.9150 (ntr=160 nval=40 nte=200)
2026-06-09 06:44:54 | INFO    | train_session_alignment | [align] euclidean_alignment    deepconvnet single_sub-046_ses01-to-ses03 seed=3 acc=0.9250 (ntr=160 nval=40 nte=200)
2026-06-09 06:45:07 | INFO    | train_session_alignment | [align] euclidean_alignment    deepconvnet single_sub-046_ses02-to-ses01 seed=3 acc=0.8800 (ntr=160 nval=40 nte=200)
2026-06-09 06:45:20 | INFO    | train_session_alignment | [align] euclidean_alignment    deepconvnet single_sub-046_ses02-to-ses03 seed=3 acc=0.8350 (ntr=160 nval=40 nte=200)
2026-06-09 06:45:28 | INFO    | train_session_alignment | [align] euclidean_alignment    deepconvnet single_sub-046_ses03-to-ses01 seed=3 acc=0.8900 (ntr=160 nval=40 nte=200)
2026-06-09 06:45:36 | INFO    | train_session_alignment | [align] euclidean_alignment    deepconvnet single_sub-046_ses03-to-ses02 seed=3 acc=0.8400 (ntr=160 nval=40 nte=200)
2026-06-09 06:45:42 | INFO    | train_session_alignment | [align] euclidean_alignment    deepconvnet single_sub-047_ses01-to-ses02 seed=3 acc=0.5250 (ntr=160 nval=40 nte=200)
2026-06-09 06:45:48 | INFO    | train_session_alignment | [align] euclidean_alignment    deepconvnet single_sub-047_ses01-to-ses03 seed=3 acc=0.5300 (ntr=160 nval=40 nte=200)
2026-06-09 06:45:54 | INFO    | train_session_alignment | [align] euclidean_alignment    deepconvnet single_sub-047_ses02-to-ses01 seed=3 acc=0.5800 (ntr=160 nval=40 nte=200)
2026-06-09 06:46:00 | INFO    | train_session_alignment | [align] euclidean_alignment    deepconvnet single_sub-047_ses02-to-ses03 seed=3 acc=0.5650 (ntr=160 nval=40 nte=200)
2026-06-09 06:46:06 | INFO    | train_session_alignment | [align] euclidean_alignment    deepconvnet single_sub-047_ses03-to-ses01 seed=3 acc=0.6150 (ntr=160 nval=40 nte=200)
2026-06-09 06:46:13 | INFO    | train_session_alignment | [align] euclidean_alignment    deepconvnet single_sub-047_ses03-to-ses02 seed=3 acc=0.5950 (ntr=160 nval=40 nte=200)
2026-06-09 06:46:19 | INFO    | train_session_alignment | [align] euclidean_alignment    deepconvnet single_sub-048_ses01-to-ses02 seed=3 acc=0.5500 (ntr=160 nval=40 nte=200)
2026-06-09 06:46:25 | INFO    | train_session_alignment | [align] euclidean_alignment    deepconvnet single_sub-048_ses01-to-ses03 seed=3 acc=0.5500 (ntr=160 nval=40 nte=200)
2026-06-09 06:46:31 | INFO    | train_session_alignment | [align] euclidean_alignment    deepconvnet single_sub-048_ses02-to-ses01 seed=3 acc=0.6850 (ntr=160 nval=40 nte=200)
2026-06-09 06:46:38 | INFO    | train_session_alignment | [align] euclidean_alignment    deepconvnet single_sub-048_ses02-to-ses03 seed=3 acc=0.7250 (ntr=160 nval=40 nte=200)
2026-06-09 06:46:44 | INFO    | train_session_alignment | [align] euclidean_alignment    deepconvnet single_sub-048_ses03-to-ses01 seed=3 acc=0.7150 (ntr=160 nval=40 nte=200)
2026-06-09 06:46:50 | INFO    | train_session_alignment | [align] euclidean_alignment    deepconvnet single_sub-048_ses03-to-ses02 seed=3 acc=0.6550 (ntr=160 nval=40 nte=200)
2026-06-09 06:46:59 | INFO    | train_session_alignment | [align] euclidean_alignment    deepconvnet single_sub-049_ses01-to-ses02 seed=3 acc=0.5300 (ntr=160 nval=40 nte=200)
2026-06-09 06:47:09 | INFO    | train_session_alignment | [align] euclidean_alignment    deepconvnet single_sub-049_ses01-to-ses03 seed=3 acc=0.6550 (ntr=160 nval=40 nte=200)
2026-06-09 06:47:15 | INFO    | train_session_alignment | [align] euclidean_alignment    deepconvnet single_sub-049_ses02-to-ses01 seed=3 acc=0.5850 (ntr=160 nval=40 nte=200)
2026-06-09 06:47:21 | INFO    | train_session_alignment | [align] euclidean_alignment    deepconvnet single_sub-049_ses02-to-ses03 seed=3 acc=0.5400 (ntr=160 nval=40 nte=200)
2026-06-09 06:47:27 | INFO    | train_session_alignment | [align] euclidean_alignment    deepconvnet single_sub-049_ses03-to-ses01 seed=3 acc=0.6300 (ntr=160 nval=40 nte=200)
2026-06-09 06:47:34 | INFO    | train_session_alignment | [align] euclidean_alignment    deepconvnet single_sub-049_ses03-to-ses02 seed=3 acc=0.5900 (ntr=160 nval=40 nte=200)
2026-06-09 06:47:40 | INFO    | train_session_alignment | [align] euclidean_alignment    deepconvnet single_sub-050_ses01-to-ses02 seed=3 acc=0.7450 (ntr=160 nval=40 nte=200)
2026-06-09 06:47:46 | INFO    | train_session_alignment | [align] euclidean_alignment    deepconvnet single_sub-050_ses01-to-ses03 seed=3 acc=0.7400 (ntr=160 nval=40 nte=200)
2026-06-09 06:47:52 | INFO    | train_session_alignment | [align] euclidean_alignment    deepconvnet single_sub-050_ses02-to-ses01 seed=3 acc=0.4800 (ntr=160 nval=40 nte=200)
2026-06-09 06:47:58 | INFO    | train_session_alignment | [align] euclidean_alignment    deepconvnet single_sub-050_ses02-to-ses03 seed=3 acc=0.5200 (ntr=160 nval=40 nte=200)
2026-06-09 06:48:05 | INFO    | train_session_alignment | [align] euclidean_alignment    deepconvnet single_sub-050_ses03-to-ses01 seed=3 acc=0.7150 (ntr=160 nval=40 nte=200)
2026-06-09 06:48:11 | INFO    | train_session_alignment | [align] euclidean_alignment    deepconvnet single_sub-050_ses03-to-ses02 seed=3 acc=0.8300 (ntr=160 nval=40 nte=200)
2026-06-09 06:48:18 | INFO    | train_session_alignment | [align] euclidean_alignment    deepconvnet single_sub-051_ses01-to-ses02 seed=3 acc=0.5500 (ntr=160 nval=40 nte=200)
2026-06-09 06:48:24 | INFO    | train_session_alignment | [align] euclidean_alignment    deepconvnet single_sub-051_ses01-to-ses03 seed=3 acc=0.6700 (ntr=160 nval=40 nte=200)
2026-06-09 06:48:30 | INFO    | train_session_alignment | [align] euclidean_alignment    deepconvnet single_sub-051_ses02-to-ses01 seed=3 acc=0.5650 (ntr=160 nval=40 nte=200)
2026-06-09 06:48:36 | INFO    | train_session_alignment | [align] euclidean_alignment    deepconvnet single_sub-051_ses02-to-ses03 seed=3 acc=0.5300 (ntr=160 nval=40 nte=200)
2026-06-09 06:48:46 | INFO    | train_session_alignment | [align] euclidean_alignment    deepconvnet single_sub-051_ses03-to-ses01 seed=3 acc=0.5700 (ntr=160 nval=40 nte=200)
2026-06-09 06:48:56 | INFO    | train_session_alignment | [align] euclidean_alignment    deepconvnet single_sub-051_ses03-to-ses02 seed=3 acc=0.5900 (ntr=160 nval=40 nte=200)
2026-06-09 06:49:06 | INFO    | train_session_alignment | [align] euclidean_alignment    deepconvnet multi_sub-001_ses01ses02-to-ses03 seed=3 acc=0.8250 (ntr=320 nval=80 nte=200)
2026-06-09 06:49:15 | INFO    | train_session_alignment | [align] euclidean_alignment    deepconvnet multi_sub-002_ses01ses02-to-ses03 seed=3 acc=0.6100 (ntr=320 nval=80 nte=200)
2026-06-09 06:49:28 | INFO    | train_session_alignment | [align] euclidean_alignment    deepconvnet multi_sub-003_ses01ses02-to-ses03 seed=3 acc=0.6100 (ntr=320 nval=80 nte=200)
2026-06-09 06:49:37 | INFO    | train_session_alignment | [align] euclidean_alignment    deepconvnet multi_sub-004_ses01ses02-to-ses03 seed=3 acc=0.4700 (ntr=320 nval=80 nte=200)
2026-06-09 06:49:50 | INFO    | train_session_alignment | [align] euclidean_alignment    deepconvnet multi_sub-005_ses01ses02-to-ses03 seed=3 acc=0.6600 (ntr=320 nval=80 nte=200)
2026-06-09 06:49:58 | INFO    | train_session_alignment | [align] euclidean_alignment    deepconvnet multi_sub-006_ses01ses02-to-ses03 seed=3 acc=0.7900 (ntr=320 nval=80 nte=200)
2026-06-09 06:50:07 | INFO    | train_session_alignment | [align] euclidean_alignment    deepconvnet multi_sub-007_ses01ses02-to-ses03 seed=3 acc=0.8500 (ntr=320 nval=80 nte=200)
2026-06-09 06:50:21 | INFO    | train_session_alignment | [align] euclidean_alignment    deepconvnet multi_sub-008_ses01ses02-to-ses03 seed=3 acc=0.7600 (ntr=320 nval=80 nte=200)
2026-06-09 06:50:29 | INFO    | train_session_alignment | [align] euclidean_alignment    deepconvnet multi_sub-009_ses01ses02-to-ses03 seed=3 acc=0.5450 (ntr=320 nval=80 nte=200)
2026-06-09 06:50:38 | INFO    | train_session_alignment | [align] euclidean_alignment    deepconvnet multi_sub-010_ses01ses02-to-ses03 seed=3 acc=0.5700 (ntr=320 nval=80 nte=200)
2026-06-09 06:50:49 | INFO    | train_session_alignment | [align] euclidean_alignment    deepconvnet multi_sub-011_ses01ses02-to-ses03 seed=3 acc=0.8700 (ntr=320 nval=80 nte=200)
2026-06-09 06:50:58 | INFO    | train_session_alignment | [align] euclidean_alignment    deepconvnet multi_sub-012_ses01ses02-to-ses03 seed=3 acc=0.5500 (ntr=320 nval=80 nte=200)
2026-06-09 06:51:07 | INFO    | train_session_alignment | [align] euclidean_alignment    deepconvnet multi_sub-013_ses01ses02-to-ses03 seed=3 acc=0.7450 (ntr=320 nval=80 nte=200)
2026-06-09 06:51:15 | INFO    | train_session_alignment | [align] euclidean_alignment    deepconvnet multi_sub-014_ses01ses02-to-ses03 seed=3 acc=0.5100 (ntr=320 nval=80 nte=200)
2026-06-09 06:51:24 | INFO    | train_session_alignment | [align] euclidean_alignment    deepconvnet multi_sub-015_ses01ses02-to-ses03 seed=3 acc=0.5000 (ntr=320 nval=80 nte=200)
2026-06-09 06:51:34 | INFO    | train_session_alignment | [align] euclidean_alignment    deepconvnet multi_sub-016_ses01ses02-to-ses03 seed=3 acc=0.5750 (ntr=320 nval=80 nte=200)
2026-06-09 06:51:43 | INFO    | train_session_alignment | [align] euclidean_alignment    deepconvnet multi_sub-017_ses01ses02-to-ses03 seed=3 acc=0.7350 (ntr=320 nval=80 nte=200)
2026-06-09 06:51:53 | INFO    | train_session_alignment | [align] euclidean_alignment    deepconvnet multi_sub-018_ses01ses02-to-ses03 seed=3 acc=0.6200 (ntr=320 nval=80 nte=200)
2026-06-09 06:52:03 | INFO    | train_session_alignment | [align] euclidean_alignment    deepconvnet multi_sub-019_ses01ses02-to-ses03 seed=3 acc=0.8150 (ntr=320 nval=80 nte=200)
2026-06-09 06:52:13 | INFO    | train_session_alignment | [align] euclidean_alignment    deepconvnet multi_sub-020_ses01ses02-to-ses03 seed=3 acc=0.5000 (ntr=320 nval=80 nte=200)
2026-06-09 06:52:27 | INFO    | train_session_alignment | [align] euclidean_alignment    deepconvnet multi_sub-021_ses01ses02-to-ses03 seed=3 acc=0.7500 (ntr=320 nval=80 nte=200)
2026-06-09 06:52:35 | INFO    | train_session_alignment | [align] euclidean_alignment    deepconvnet multi_sub-022_ses01ses02-to-ses03 seed=3 acc=0.5350 (ntr=320 nval=80 nte=200)
2026-06-09 06:52:49 | INFO    | train_session_alignment | [align] euclidean_alignment    deepconvnet multi_sub-025_ses01ses02-to-ses03 seed=3 acc=0.8550 (ntr=320 nval=80 nte=200)
2026-06-09 06:53:01 | INFO    | train_session_alignment | [align] euclidean_alignment    deepconvnet multi_sub-027_ses01ses02-to-ses03 seed=3 acc=0.8100 (ntr=320 nval=80 nte=200)
2026-06-09 06:53:13 | INFO    | train_session_alignment | [align] euclidean_alignment    deepconvnet multi_sub-028_ses01ses02-to-ses03 seed=3 acc=0.5350 (ntr=320 nval=80 nte=200)
2026-06-09 06:53:28 | INFO    | train_session_alignment | [align] euclidean_alignment    deepconvnet multi_sub-029_ses01ses02-to-ses03 seed=3 acc=0.9700 (ntr=320 nval=80 nte=200)
2026-06-09 06:53:42 | INFO    | train_session_alignment | [align] euclidean_alignment    deepconvnet multi_sub-030_ses01ses02-to-ses03 seed=3 acc=0.7350 (ntr=320 nval=80 nte=200)
2026-06-09 06:53:50 | INFO    | train_session_alignment | [align] euclidean_alignment    deepconvnet multi_sub-031_ses01ses02-to-ses03 seed=3 acc=0.7300 (ntr=320 nval=80 nte=200)
2026-06-09 06:54:04 | INFO    | train_session_alignment | [align] euclidean_alignment    deepconvnet multi_sub-033_ses01ses02-to-ses03 seed=3 acc=0.8600 (ntr=320 nval=80 nte=200)
2026-06-09 06:54:13 | INFO    | train_session_alignment | [align] euclidean_alignment    deepconvnet multi_sub-034_ses01ses02-to-ses03 seed=3 acc=0.7900 (ntr=320 nval=80 nte=200)
2026-06-09 06:54:33 | INFO    | train_session_alignment | [align] euclidean_alignment    deepconvnet multi_sub-035_ses01ses02-to-ses03 seed=3 acc=0.9200 (ntr=320 nval=80 nte=200)
2026-06-09 06:54:46 | INFO    | train_session_alignment | [align] euclidean_alignment    deepconvnet multi_sub-036_ses01ses02-to-ses03 seed=3 acc=0.9500 (ntr=320 nval=80 nte=200)
2026-06-09 06:54:58 | INFO    | train_session_alignment | [align] euclidean_alignment    deepconvnet multi_sub-037_ses01ses02-to-ses03 seed=3 acc=0.8200 (ntr=320 nval=80 nte=200)
2026-06-09 06:55:07 | INFO    | train_session_alignment | [align] euclidean_alignment    deepconvnet multi_sub-038_ses01ses02-to-ses03 seed=3 acc=0.6050 (ntr=320 nval=80 nte=200)
2026-06-09 06:55:16 | INFO    | train_session_alignment | [align] euclidean_alignment    deepconvnet multi_sub-039_ses01ses02-to-ses03 seed=3 acc=0.5050 (ntr=320 nval=80 nte=200)
2026-06-09 06:55:24 | INFO    | train_session_alignment | [align] euclidean_alignment    deepconvnet multi_sub-040_ses01ses02-to-ses03 seed=3 acc=0.6000 (ntr=320 nval=80 nte=200)
2026-06-09 06:55:33 | INFO    | train_session_alignment | [align] euclidean_alignment    deepconvnet multi_sub-041_ses01ses02-to-ses03 seed=3 acc=0.8300 (ntr=320 nval=80 nte=200)
2026-06-09 06:55:43 | INFO    | train_session_alignment | [align] euclidean_alignment    deepconvnet multi_sub-042_ses01ses02-to-ses03 seed=3 acc=0.5850 (ntr=320 nval=80 nte=200)
2026-06-09 06:56:00 | INFO    | train_session_alignment | [align] euclidean_alignment    deepconvnet multi_sub-043_ses01ses02-to-ses03 seed=3 acc=0.8600 (ntr=320 nval=80 nte=200)
2026-06-09 06:56:08 | INFO    | train_session_alignment | [align] euclidean_alignment    deepconvnet multi_sub-044_ses01ses02-to-ses03 seed=3 acc=0.5300 (ntr=320 nval=80 nte=200)
2026-06-09 06:56:17 | INFO    | train_session_alignment | [align] euclidean_alignment    deepconvnet multi_sub-045_ses01ses02-to-ses03 seed=3 acc=0.7200 (ntr=320 nval=80 nte=200)
2026-06-09 06:56:30 | INFO    | train_session_alignment | [align] euclidean_alignment    deepconvnet multi_sub-046_ses01ses02-to-ses03 seed=3 acc=0.9550 (ntr=320 nval=80 nte=200)
2026-06-09 06:56:39 | INFO    | train_session_alignment | [align] euclidean_alignment    deepconvnet multi_sub-047_ses01ses02-to-ses03 seed=3 acc=0.7000 (ntr=320 nval=80 nte=200)
2026-06-09 06:56:54 | INFO    | train_session_alignment | [align] euclidean_alignment    deepconvnet multi_sub-048_ses01ses02-to-ses03 seed=3 acc=0.8300 (ntr=320 nval=80 nte=200)
2026-06-09 06:57:03 | INFO    | train_session_alignment | [align] euclidean_alignment    deepconvnet multi_sub-049_ses01ses02-to-ses03 seed=3 acc=0.6550 (ntr=320 nval=80 nte=200)
2026-06-09 06:57:13 | INFO    | train_session_alignment | [align] euclidean_alignment    deepconvnet multi_sub-050_ses01ses02-to-ses03 seed=3 acc=0.8400 (ntr=320 nval=80 nte=200)
2026-06-09 06:57:23 | INFO    | train_session_alignment | [align] euclidean_alignment    deepconvnet multi_sub-051_ses01ses02-to-ses03 seed=3 acc=0.7550 (ntr=320 nval=80 nte=200)
2026-06-09 06:57:23 | INFO    | train_session_alignment | ALL DONE in 2640.5s | rows=335 ok=335 failed=0 | out=/share/home/yuan/SYX/eeg-mi-online/outputs/experiments/alignment_baseline_v1
Done: Tue Jun  9 06:57:23 CST 2026
