Project: /share/home/yuan/SYX/eeg-mi-online
Env    : mi_torch_cu118
Args   : --methods filterbank_reweighting --models eegnet --seeds 1 --protocols single,multi --tag-suffix filterbank_reweighting_eegnet_s1
Node   : gpu01 | Start: Tue Jun  9 14:47:30 CST 2026
Tue Jun  9 14:47:31 2026       
+-----------------------------------------------------------------------------------------+
| NVIDIA-SMI 570.153.02             Driver Version: 570.153.02     CUDA Version: 12.8     |
|-----------------------------------------+------------------------+----------------------+
| GPU  Name                 Persistence-M | Bus-Id          Disp.A | Volatile Uncorr. ECC |
| Fan  Temp   Perf          Pwr:Usage/Cap |           Memory-Usage | GPU-Util  Compute M. |
|                                         |                        |               MIG M. |
|=========================================+========================+======================|
|   0  NVIDIA GeForce RTX 4090 D      On  |   00000000:21:00.0 Off |                  Off |
| 41%   44C    P0             66W /  425W |       1MiB /  24564MiB |      0%      Default |
|                                         |                        |                  N/A |
+-----------------------------------------+------------------------+----------------------+
                                                                                         
+-----------------------------------------------------------------------------------------+
| Processes:                                                                              |
|  GPU   GI   CI              PID   Type   Process name                        GPU Memory |
|        ID   ID                                                               Usage      |
|=========================================================================================|
|  No running processes found                                                             |
+-----------------------------------------------------------------------------------------+
[cuda-check] torch=2.7.1+cu118 cuda_build=11.8 cuda_avail=True
2026-06-09 14:47:34 | INFO    | train_session_alignment | device=cuda | cuda={'torch': '2.7.1+cu118', 'cuda_build': '11.8', 'cuda_available': True, 'device': 'cuda', 'device_name': 'NVIDIA GeForce RTX 4090 D'}
2026-06-09 14:47:34 | INFO    | train_session_alignment | loaded 148 ok sessions | methods=['filterbank_reweighting'] | models=['eegnet'] | seeds=[1] | groups=['single', 'multi'] | tasks=335
2026-06-09 14:47:48 | INFO    | train_session_alignment | [align] filterbank_reweighting eegnet      single_sub-001_ses01-to-ses02 seed=1 acc=0.8300 (ntr=160 nval=40 nte=200)
2026-06-09 14:48:01 | INFO    | train_session_alignment | [align] filterbank_reweighting eegnet      single_sub-001_ses01-to-ses03 seed=1 acc=0.8550 (ntr=160 nval=40 nte=200)
2026-06-09 14:48:15 | INFO    | train_session_alignment | [align] filterbank_reweighting eegnet      single_sub-001_ses02-to-ses01 seed=1 acc=0.6100 (ntr=160 nval=40 nte=200)
2026-06-09 14:48:30 | INFO    | train_session_alignment | [align] filterbank_reweighting eegnet      single_sub-001_ses02-to-ses03 seed=1 acc=0.9600 (ntr=160 nval=40 nte=200)
2026-06-09 14:48:43 | INFO    | train_session_alignment | [align] filterbank_reweighting eegnet      single_sub-001_ses03-to-ses01 seed=1 acc=0.6800 (ntr=160 nval=40 nte=200)
2026-06-09 14:48:57 | INFO    | train_session_alignment | [align] filterbank_reweighting eegnet      single_sub-001_ses03-to-ses02 seed=1 acc=0.9450 (ntr=160 nval=40 nte=200)
2026-06-09 14:49:03 | INFO    | train_session_alignment | [align] filterbank_reweighting eegnet      single_sub-002_ses01-to-ses02 seed=1 acc=0.5050 (ntr=160 nval=40 nte=200)
2026-06-09 14:49:10 | INFO    | train_session_alignment | [align] filterbank_reweighting eegnet      single_sub-002_ses01-to-ses03 seed=1 acc=0.5300 (ntr=160 nval=40 nte=200)
2026-06-09 14:49:16 | INFO    | train_session_alignment | [align] filterbank_reweighting eegnet      single_sub-002_ses02-to-ses01 seed=1 acc=0.5550 (ntr=160 nval=40 nte=200)
2026-06-09 14:49:22 | INFO    | train_session_alignment | [align] filterbank_reweighting eegnet      single_sub-002_ses02-to-ses03 seed=1 acc=0.5350 (ntr=160 nval=40 nte=200)
2026-06-09 14:49:29 | INFO    | train_session_alignment | [align] filterbank_reweighting eegnet      single_sub-002_ses03-to-ses01 seed=1 acc=0.5600 (ntr=160 nval=40 nte=200)
2026-06-09 14:49:36 | INFO    | train_session_alignment | [align] filterbank_reweighting eegnet      single_sub-002_ses03-to-ses02 seed=1 acc=0.5200 (ntr=160 nval=40 nte=200)
2026-06-09 14:49:55 | INFO    | train_session_alignment | [align] filterbank_reweighting eegnet      single_sub-003_ses01-to-ses02 seed=1 acc=0.9250 (ntr=160 nval=40 nte=200)
2026-06-09 14:50:14 | INFO    | train_session_alignment | [align] filterbank_reweighting eegnet      single_sub-003_ses01-to-ses03 seed=1 acc=0.9250 (ntr=160 nval=40 nte=200)
2026-06-09 14:50:23 | INFO    | train_session_alignment | [align] filterbank_reweighting eegnet      single_sub-003_ses02-to-ses01 seed=1 acc=0.8100 (ntr=160 nval=40 nte=200)
2026-06-09 14:50:32 | INFO    | train_session_alignment | [align] filterbank_reweighting eegnet      single_sub-003_ses02-to-ses03 seed=1 acc=0.8350 (ntr=160 nval=40 nte=200)
2026-06-09 14:50:41 | INFO    | train_session_alignment | [align] filterbank_reweighting eegnet      single_sub-003_ses03-to-ses01 seed=1 acc=0.5300 (ntr=160 nval=40 nte=200)
2026-06-09 14:50:49 | INFO    | train_session_alignment | [align] filterbank_reweighting eegnet      single_sub-003_ses03-to-ses02 seed=1 acc=0.5000 (ntr=160 nval=40 nte=200)
2026-06-09 14:50:55 | INFO    | train_session_alignment | [align] filterbank_reweighting eegnet      single_sub-004_ses01-to-ses02 seed=1 acc=0.4950 (ntr=160 nval=40 nte=200)
2026-06-09 14:51:02 | INFO    | train_session_alignment | [align] filterbank_reweighting eegnet      single_sub-004_ses01-to-ses03 seed=1 acc=0.5200 (ntr=160 nval=40 nte=200)
2026-06-09 14:51:09 | INFO    | train_session_alignment | [align] filterbank_reweighting eegnet      single_sub-004_ses02-to-ses01 seed=1 acc=0.4600 (ntr=160 nval=40 nte=200)
2026-06-09 14:51:17 | INFO    | train_session_alignment | [align] filterbank_reweighting eegnet      single_sub-004_ses02-to-ses03 seed=1 acc=0.4900 (ntr=160 nval=40 nte=200)
2026-06-09 14:51:24 | INFO    | train_session_alignment | [align] filterbank_reweighting eegnet      single_sub-004_ses03-to-ses01 seed=1 acc=0.5250 (ntr=160 nval=40 nte=200)
2026-06-09 14:51:31 | INFO    | train_session_alignment | [align] filterbank_reweighting eegnet      single_sub-004_ses03-to-ses02 seed=1 acc=0.5000 (ntr=160 nval=40 nte=200)
2026-06-09 14:51:39 | INFO    | train_session_alignment | [align] filterbank_reweighting eegnet      single_sub-005_ses01-to-ses02 seed=1 acc=0.9050 (ntr=160 nval=40 nte=200)
2026-06-09 14:51:47 | INFO    | train_session_alignment | [align] filterbank_reweighting eegnet      single_sub-005_ses01-to-ses03 seed=1 acc=0.7600 (ntr=160 nval=40 nte=200)
2026-06-09 14:51:55 | INFO    | train_session_alignment | [align] filterbank_reweighting eegnet      single_sub-005_ses02-to-ses01 seed=1 acc=0.8800 (ntr=160 nval=40 nte=200)
2026-06-09 14:52:04 | INFO    | train_session_alignment | [align] filterbank_reweighting eegnet      single_sub-005_ses02-to-ses03 seed=1 acc=0.7750 (ntr=160 nval=40 nte=200)
2026-06-09 14:52:15 | INFO    | train_session_alignment | [align] filterbank_reweighting eegnet      single_sub-005_ses03-to-ses01 seed=1 acc=0.8900 (ntr=160 nval=40 nte=200)
2026-06-09 14:52:26 | INFO    | train_session_alignment | [align] filterbank_reweighting eegnet      single_sub-005_ses03-to-ses02 seed=1 acc=0.8900 (ntr=160 nval=40 nte=200)
2026-06-09 14:52:46 | INFO    | train_session_alignment | [align] filterbank_reweighting eegnet      single_sub-006_ses01-to-ses02 seed=1 acc=0.7650 (ntr=160 nval=40 nte=200)
2026-06-09 14:53:06 | INFO    | train_session_alignment | [align] filterbank_reweighting eegnet      single_sub-006_ses01-to-ses03 seed=1 acc=0.8850 (ntr=160 nval=40 nte=200)
2026-06-09 14:53:16 | INFO    | train_session_alignment | [align] filterbank_reweighting eegnet      single_sub-006_ses02-to-ses01 seed=1 acc=0.6500 (ntr=160 nval=40 nte=200)
2026-06-09 14:53:26 | INFO    | train_session_alignment | [align] filterbank_reweighting eegnet      single_sub-006_ses02-to-ses03 seed=1 acc=0.8900 (ntr=160 nval=40 nte=200)
2026-06-09 14:53:35 | INFO    | train_session_alignment | [align] filterbank_reweighting eegnet      single_sub-006_ses03-to-ses01 seed=1 acc=0.7250 (ntr=160 nval=40 nte=200)
2026-06-09 14:53:44 | INFO    | train_session_alignment | [align] filterbank_reweighting eegnet      single_sub-006_ses03-to-ses02 seed=1 acc=0.8800 (ntr=160 nval=40 nte=200)
2026-06-09 14:53:50 | INFO    | train_session_alignment | [align] filterbank_reweighting eegnet      single_sub-007_ses01-to-ses02 seed=1 acc=0.5450 (ntr=160 nval=40 nte=200)
2026-06-09 14:53:56 | INFO    | train_session_alignment | [align] filterbank_reweighting eegnet      single_sub-007_ses01-to-ses03 seed=1 acc=0.6250 (ntr=160 nval=40 nte=200)
2026-06-09 14:54:03 | INFO    | train_session_alignment | [align] filterbank_reweighting eegnet      single_sub-007_ses02-to-ses01 seed=1 acc=0.6000 (ntr=160 nval=40 nte=200)
2026-06-09 14:54:10 | INFO    | train_session_alignment | [align] filterbank_reweighting eegnet      single_sub-007_ses02-to-ses03 seed=1 acc=0.8250 (ntr=160 nval=40 nte=200)
2026-06-09 14:54:18 | INFO    | train_session_alignment | [align] filterbank_reweighting eegnet      single_sub-007_ses03-to-ses01 seed=1 acc=0.5350 (ntr=160 nval=40 nte=200)
2026-06-09 14:54:26 | INFO    | train_session_alignment | [align] filterbank_reweighting eegnet      single_sub-007_ses03-to-ses02 seed=1 acc=0.6350 (ntr=160 nval=40 nte=200)
2026-06-09 14:54:36 | INFO    | train_session_alignment | [align] filterbank_reweighting eegnet      single_sub-008_ses01-to-ses02 seed=1 acc=0.7550 (ntr=160 nval=40 nte=200)
2026-06-09 14:54:46 | INFO    | train_session_alignment | [align] filterbank_reweighting eegnet      single_sub-008_ses01-to-ses03 seed=1 acc=0.7500 (ntr=160 nval=40 nte=200)
2026-06-09 14:54:56 | INFO    | train_session_alignment | [align] filterbank_reweighting eegnet      single_sub-008_ses02-to-ses01 seed=1 acc=0.6950 (ntr=160 nval=40 nte=200)
2026-06-09 14:55:05 | INFO    | train_session_alignment | [align] filterbank_reweighting eegnet      single_sub-008_ses02-to-ses03 seed=1 acc=0.8450 (ntr=160 nval=40 nte=200)
2026-06-09 14:55:13 | INFO    | train_session_alignment | [align] filterbank_reweighting eegnet      single_sub-008_ses03-to-ses01 seed=1 acc=0.6400 (ntr=160 nval=40 nte=200)
2026-06-09 14:55:20 | INFO    | train_session_alignment | [align] filterbank_reweighting eegnet      single_sub-008_ses03-to-ses02 seed=1 acc=0.8350 (ntr=160 nval=40 nte=200)
2026-06-09 14:55:26 | INFO    | train_session_alignment | [align] filterbank_reweighting eegnet      single_sub-009_ses01-to-ses02 seed=1 acc=0.4850 (ntr=160 nval=40 nte=200)
2026-06-09 14:55:33 | INFO    | train_session_alignment | [align] filterbank_reweighting eegnet      single_sub-009_ses01-to-ses03 seed=1 acc=0.5200 (ntr=160 nval=40 nte=200)
2026-06-09 14:55:40 | INFO    | train_session_alignment | [align] filterbank_reweighting eegnet      single_sub-009_ses02-to-ses01 seed=1 acc=0.5550 (ntr=160 nval=40 nte=200)
2026-06-09 14:55:47 | INFO    | train_session_alignment | [align] filterbank_reweighting eegnet      single_sub-009_ses02-to-ses03 seed=1 acc=0.5550 (ntr=160 nval=40 nte=200)
2026-06-09 14:55:54 | INFO    | train_session_alignment | [align] filterbank_reweighting eegnet      single_sub-009_ses03-to-ses01 seed=1 acc=0.5550 (ntr=160 nval=40 nte=200)
2026-06-09 14:56:00 | INFO    | train_session_alignment | [align] filterbank_reweighting eegnet      single_sub-009_ses03-to-ses02 seed=1 acc=0.4450 (ntr=160 nval=40 nte=200)
2026-06-09 14:56:07 | INFO    | train_session_alignment | [align] filterbank_reweighting eegnet      single_sub-010_ses01-to-ses02 seed=1 acc=0.6250 (ntr=160 nval=40 nte=200)
2026-06-09 14:56:13 | INFO    | train_session_alignment | [align] filterbank_reweighting eegnet      single_sub-010_ses01-to-ses03 seed=1 acc=0.6300 (ntr=160 nval=40 nte=200)
2026-06-09 14:56:27 | INFO    | train_session_alignment | [align] filterbank_reweighting eegnet      single_sub-010_ses02-to-ses01 seed=1 acc=0.7150 (ntr=160 nval=40 nte=200)
2026-06-09 14:56:41 | INFO    | train_session_alignment | [align] filterbank_reweighting eegnet      single_sub-010_ses02-to-ses03 seed=1 acc=0.6900 (ntr=160 nval=40 nte=200)
2026-06-09 14:56:50 | INFO    | train_session_alignment | [align] filterbank_reweighting eegnet      single_sub-010_ses03-to-ses01 seed=1 acc=0.5800 (ntr=160 nval=40 nte=200)
2026-06-09 14:56:59 | INFO    | train_session_alignment | [align] filterbank_reweighting eegnet      single_sub-010_ses03-to-ses02 seed=1 acc=0.6100 (ntr=160 nval=40 nte=200)
2026-06-09 14:57:18 | INFO    | train_session_alignment | [align] filterbank_reweighting eegnet      single_sub-011_ses01-to-ses02 seed=1 acc=0.7100 (ntr=160 nval=40 nte=200)
2026-06-09 14:57:37 | INFO    | train_session_alignment | [align] filterbank_reweighting eegnet      single_sub-011_ses01-to-ses03 seed=1 acc=0.8100 (ntr=160 nval=40 nte=200)
2026-06-09 14:57:50 | INFO    | train_session_alignment | [align] filterbank_reweighting eegnet      single_sub-011_ses02-to-ses01 seed=1 acc=0.7500 (ntr=160 nval=40 nte=200)
2026-06-09 14:58:02 | INFO    | train_session_alignment | [align] filterbank_reweighting eegnet      single_sub-011_ses02-to-ses03 seed=1 acc=0.6200 (ntr=160 nval=40 nte=200)
2026-06-09 14:58:11 | INFO    | train_session_alignment | [align] filterbank_reweighting eegnet      single_sub-011_ses03-to-ses01 seed=1 acc=0.8200 (ntr=160 nval=40 nte=200)
2026-06-09 14:58:20 | INFO    | train_session_alignment | [align] filterbank_reweighting eegnet      single_sub-011_ses03-to-ses02 seed=1 acc=0.6600 (ntr=160 nval=40 nte=200)
2026-06-09 14:58:26 | INFO    | train_session_alignment | [align] filterbank_reweighting eegnet      single_sub-012_ses01-to-ses02 seed=1 acc=0.5500 (ntr=160 nval=40 nte=200)
2026-06-09 14:58:33 | INFO    | train_session_alignment | [align] filterbank_reweighting eegnet      single_sub-012_ses01-to-ses03 seed=1 acc=0.5700 (ntr=160 nval=40 nte=200)
2026-06-09 14:58:40 | INFO    | train_session_alignment | [align] filterbank_reweighting eegnet      single_sub-012_ses02-to-ses01 seed=1 acc=0.5250 (ntr=160 nval=40 nte=200)
2026-06-09 14:58:47 | INFO    | train_session_alignment | [align] filterbank_reweighting eegnet      single_sub-012_ses02-to-ses03 seed=1 acc=0.4950 (ntr=160 nval=40 nte=200)
2026-06-09 14:58:53 | INFO    | train_session_alignment | [align] filterbank_reweighting eegnet      single_sub-012_ses03-to-ses01 seed=1 acc=0.5250 (ntr=160 nval=40 nte=200)
2026-06-09 14:58:59 | INFO    | train_session_alignment | [align] filterbank_reweighting eegnet      single_sub-012_ses03-to-ses02 seed=1 acc=0.5000 (ntr=160 nval=40 nte=200)
2026-06-09 14:59:13 | INFO    | train_session_alignment | [align] filterbank_reweighting eegnet      single_sub-013_ses01-to-ses02 seed=1 acc=0.4550 (ntr=160 nval=40 nte=200)
2026-06-09 14:59:26 | INFO    | train_session_alignment | [align] filterbank_reweighting eegnet      single_sub-013_ses01-to-ses03 seed=1 acc=0.8050 (ntr=160 nval=40 nte=200)
2026-06-09 14:59:35 | INFO    | train_session_alignment | [align] filterbank_reweighting eegnet      single_sub-013_ses02-to-ses01 seed=1 acc=0.6650 (ntr=160 nval=40 nte=200)
2026-06-09 14:59:44 | INFO    | train_session_alignment | [align] filterbank_reweighting eegnet      single_sub-013_ses02-to-ses03 seed=1 acc=0.6850 (ntr=160 nval=40 nte=200)
2026-06-09 14:59:59 | INFO    | train_session_alignment | [align] filterbank_reweighting eegnet      single_sub-013_ses03-to-ses01 seed=1 acc=0.7850 (ntr=160 nval=40 nte=200)
2026-06-09 15:00:15 | INFO    | train_session_alignment | [align] filterbank_reweighting eegnet      single_sub-013_ses03-to-ses02 seed=1 acc=0.4850 (ntr=160 nval=40 nte=200)
2026-06-09 15:00:21 | INFO    | train_session_alignment | [align] filterbank_reweighting eegnet      single_sub-014_ses01-to-ses02 seed=1 acc=0.4350 (ntr=160 nval=40 nte=200)
2026-06-09 15:00:27 | INFO    | train_session_alignment | [align] filterbank_reweighting eegnet      single_sub-014_ses01-to-ses03 seed=1 acc=0.5150 (ntr=160 nval=40 nte=200)
2026-06-09 15:00:33 | INFO    | train_session_alignment | [align] filterbank_reweighting eegnet      single_sub-014_ses02-to-ses01 seed=1 acc=0.4350 (ntr=160 nval=40 nte=200)
2026-06-09 15:00:39 | INFO    | train_session_alignment | [align] filterbank_reweighting eegnet      single_sub-014_ses02-to-ses03 seed=1 acc=0.5150 (ntr=160 nval=40 nte=200)
2026-06-09 15:00:46 | INFO    | train_session_alignment | [align] filterbank_reweighting eegnet      single_sub-014_ses03-to-ses01 seed=1 acc=0.4750 (ntr=160 nval=40 nte=200)
2026-06-09 15:00:53 | INFO    | train_session_alignment | [align] filterbank_reweighting eegnet      single_sub-014_ses03-to-ses02 seed=1 acc=0.4800 (ntr=160 nval=40 nte=200)
2026-06-09 15:01:04 | INFO    | train_session_alignment | [align] filterbank_reweighting eegnet      single_sub-015_ses01-to-ses02 seed=1 acc=0.6950 (ntr=160 nval=40 nte=200)
2026-06-09 15:01:13 | INFO    | train_session_alignment | [align] filterbank_reweighting eegnet      single_sub-015_ses01-to-ses03 seed=1 acc=0.5350 (ntr=160 nval=40 nte=200)
2026-06-09 15:01:24 | INFO    | train_session_alignment | [align] filterbank_reweighting eegnet      single_sub-015_ses02-to-ses01 seed=1 acc=0.7100 (ntr=160 nval=40 nte=200)
2026-06-09 15:01:35 | INFO    | train_session_alignment | [align] filterbank_reweighting eegnet      single_sub-015_ses02-to-ses03 seed=1 acc=0.5500 (ntr=160 nval=40 nte=200)
2026-06-09 15:01:41 | INFO    | train_session_alignment | [align] filterbank_reweighting eegnet      single_sub-015_ses03-to-ses01 seed=1 acc=0.5050 (ntr=160 nval=40 nte=200)
2026-06-09 15:01:47 | INFO    | train_session_alignment | [align] filterbank_reweighting eegnet      single_sub-015_ses03-to-ses02 seed=1 acc=0.5550 (ntr=160 nval=40 nte=200)
2026-06-09 15:01:55 | INFO    | train_session_alignment | [align] filterbank_reweighting eegnet      single_sub-016_ses01-to-ses02 seed=1 acc=0.5200 (ntr=160 nval=40 nte=200)
2026-06-09 15:02:03 | INFO    | train_session_alignment | [align] filterbank_reweighting eegnet      single_sub-016_ses01-to-ses03 seed=1 acc=0.5100 (ntr=160 nval=40 nte=200)
2026-06-09 15:02:09 | INFO    | train_session_alignment | [align] filterbank_reweighting eegnet      single_sub-016_ses02-to-ses01 seed=1 acc=0.5050 (ntr=160 nval=40 nte=200)
2026-06-09 15:02:15 | INFO    | train_session_alignment | [align] filterbank_reweighting eegnet      single_sub-016_ses02-to-ses03 seed=1 acc=0.4950 (ntr=160 nval=40 nte=200)
2026-06-09 15:02:22 | INFO    | train_session_alignment | [align] filterbank_reweighting eegnet      single_sub-016_ses03-to-ses01 seed=1 acc=0.5150 (ntr=160 nval=40 nte=200)
2026-06-09 15:02:28 | INFO    | train_session_alignment | [align] filterbank_reweighting eegnet      single_sub-016_ses03-to-ses02 seed=1 acc=0.4900 (ntr=160 nval=40 nte=200)
2026-06-09 15:02:39 | INFO    | train_session_alignment | [align] filterbank_reweighting eegnet      single_sub-017_ses01-to-ses02 seed=1 acc=0.6550 (ntr=160 nval=40 nte=200)
2026-06-09 15:02:50 | INFO    | train_session_alignment | [align] filterbank_reweighting eegnet      single_sub-017_ses01-to-ses03 seed=1 acc=0.5800 (ntr=160 nval=40 nte=200)
2026-06-09 15:02:58 | INFO    | train_session_alignment | [align] filterbank_reweighting eegnet      single_sub-017_ses02-to-ses01 seed=1 acc=0.7400 (ntr=160 nval=40 nte=200)
2026-06-09 15:03:05 | INFO    | train_session_alignment | [align] filterbank_reweighting eegnet      single_sub-017_ses02-to-ses03 seed=1 acc=0.7400 (ntr=160 nval=40 nte=200)
2026-06-09 15:03:15 | INFO    | train_session_alignment | [align] filterbank_reweighting eegnet      single_sub-017_ses03-to-ses01 seed=1 acc=0.5500 (ntr=160 nval=40 nte=200)
2026-06-09 15:03:24 | INFO    | train_session_alignment | [align] filterbank_reweighting eegnet      single_sub-017_ses03-to-ses02 seed=1 acc=0.7450 (ntr=160 nval=40 nte=200)
2026-06-09 15:03:31 | INFO    | train_session_alignment | [align] filterbank_reweighting eegnet      single_sub-018_ses01-to-ses02 seed=1 acc=0.5250 (ntr=160 nval=40 nte=200)
2026-06-09 15:03:37 | INFO    | train_session_alignment | [align] filterbank_reweighting eegnet      single_sub-018_ses01-to-ses03 seed=1 acc=0.4900 (ntr=160 nval=40 nte=200)
2026-06-09 15:03:43 | INFO    | train_session_alignment | [align] filterbank_reweighting eegnet      single_sub-018_ses02-to-ses01 seed=1 acc=0.5300 (ntr=160 nval=40 nte=200)
2026-06-09 15:03:49 | INFO    | train_session_alignment | [align] filterbank_reweighting eegnet      single_sub-018_ses02-to-ses03 seed=1 acc=0.4950 (ntr=160 nval=40 nte=200)
2026-06-09 15:03:55 | INFO    | train_session_alignment | [align] filterbank_reweighting eegnet      single_sub-018_ses03-to-ses01 seed=1 acc=0.5100 (ntr=160 nval=40 nte=200)
2026-06-09 15:04:01 | INFO    | train_session_alignment | [align] filterbank_reweighting eegnet      single_sub-018_ses03-to-ses02 seed=1 acc=0.5200 (ntr=160 nval=40 nte=200)
2026-06-09 15:04:08 | INFO    | train_session_alignment | [align] filterbank_reweighting eegnet      single_sub-019_ses01-to-ses02 seed=1 acc=0.4800 (ntr=160 nval=40 nte=200)
2026-06-09 15:04:16 | INFO    | train_session_alignment | [align] filterbank_reweighting eegnet      single_sub-019_ses01-to-ses03 seed=1 acc=0.6550 (ntr=160 nval=40 nte=200)
2026-06-09 15:04:27 | INFO    | train_session_alignment | [align] filterbank_reweighting eegnet      single_sub-019_ses02-to-ses01 seed=1 acc=0.5950 (ntr=160 nval=40 nte=200)
2026-06-09 15:04:37 | INFO    | train_session_alignment | [align] filterbank_reweighting eegnet      single_sub-019_ses02-to-ses03 seed=1 acc=0.9250 (ntr=160 nval=40 nte=200)
2026-06-09 15:04:54 | INFO    | train_session_alignment | [align] filterbank_reweighting eegnet      single_sub-019_ses03-to-ses01 seed=1 acc=0.5150 (ntr=160 nval=40 nte=200)
2026-06-09 15:05:12 | INFO    | train_session_alignment | [align] filterbank_reweighting eegnet      single_sub-019_ses03-to-ses02 seed=1 acc=0.8200 (ntr=160 nval=40 nte=200)
2026-06-09 15:05:31 | INFO    | train_session_alignment | [align] filterbank_reweighting eegnet      single_sub-020_ses01-to-ses02 seed=1 acc=0.9050 (ntr=160 nval=40 nte=200)
2026-06-09 15:05:50 | INFO    | train_session_alignment | [align] filterbank_reweighting eegnet      single_sub-020_ses01-to-ses03 seed=1 acc=0.4650 (ntr=160 nval=40 nte=200)
2026-06-09 15:06:06 | INFO    | train_session_alignment | [align] filterbank_reweighting eegnet      single_sub-020_ses02-to-ses01 seed=1 acc=0.8150 (ntr=160 nval=40 nte=200)
2026-06-09 15:06:21 | INFO    | train_session_alignment | [align] filterbank_reweighting eegnet      single_sub-020_ses02-to-ses03 seed=1 acc=0.4750 (ntr=160 nval=40 nte=200)
2026-06-09 15:06:33 | INFO    | train_session_alignment | [align] filterbank_reweighting eegnet      single_sub-020_ses03-to-ses01 seed=1 acc=0.5900 (ntr=160 nval=40 nte=200)
2026-06-09 15:06:46 | INFO    | train_session_alignment | [align] filterbank_reweighting eegnet      single_sub-020_ses03-to-ses02 seed=1 acc=0.6300 (ntr=160 nval=40 nte=200)
2026-06-09 15:06:55 | INFO    | train_session_alignment | [align] filterbank_reweighting eegnet      single_sub-021_ses01-to-ses02 seed=1 acc=0.7400 (ntr=160 nval=40 nte=200)
2026-06-09 15:07:04 | INFO    | train_session_alignment | [align] filterbank_reweighting eegnet      single_sub-021_ses01-to-ses03 seed=1 acc=0.7400 (ntr=160 nval=40 nte=200)
2026-06-09 15:07:16 | INFO    | train_session_alignment | [align] filterbank_reweighting eegnet      single_sub-021_ses02-to-ses01 seed=1 acc=0.8250 (ntr=160 nval=40 nte=200)
2026-06-09 15:07:28 | INFO    | train_session_alignment | [align] filterbank_reweighting eegnet      single_sub-021_ses02-to-ses03 seed=1 acc=0.7950 (ntr=160 nval=40 nte=200)
2026-06-09 15:07:36 | INFO    | train_session_alignment | [align] filterbank_reweighting eegnet      single_sub-021_ses03-to-ses01 seed=1 acc=0.7450 (ntr=160 nval=40 nte=200)
2026-06-09 15:07:44 | INFO    | train_session_alignment | [align] filterbank_reweighting eegnet      single_sub-021_ses03-to-ses02 seed=1 acc=0.6700 (ntr=160 nval=40 nte=200)
2026-06-09 15:07:57 | INFO    | train_session_alignment | [align] filterbank_reweighting eegnet      single_sub-022_ses01-to-ses02 seed=1 acc=0.5450 (ntr=160 nval=40 nte=200)
2026-06-09 15:08:10 | INFO    | train_session_alignment | [align] filterbank_reweighting eegnet      single_sub-022_ses01-to-ses03 seed=1 acc=0.6050 (ntr=160 nval=40 nte=200)
2026-06-09 15:08:18 | INFO    | train_session_alignment | [align] filterbank_reweighting eegnet      single_sub-022_ses02-to-ses01 seed=1 acc=0.6200 (ntr=160 nval=40 nte=200)
2026-06-09 15:08:27 | INFO    | train_session_alignment | [align] filterbank_reweighting eegnet      single_sub-022_ses02-to-ses03 seed=1 acc=0.8300 (ntr=160 nval=40 nte=200)
2026-06-09 15:08:36 | INFO    | train_session_alignment | [align] filterbank_reweighting eegnet      single_sub-022_ses03-to-ses01 seed=1 acc=0.6000 (ntr=160 nval=40 nte=200)
2026-06-09 15:08:44 | INFO    | train_session_alignment | [align] filterbank_reweighting eegnet      single_sub-022_ses03-to-ses02 seed=1 acc=0.7300 (ntr=160 nval=40 nte=200)
2026-06-09 15:08:54 | INFO    | train_session_alignment | [align] filterbank_reweighting eegnet      single_sub-023_ses02-to-ses03 seed=1 acc=0.9350 (ntr=160 nval=40 nte=200)
2026-06-09 15:09:03 | INFO    | train_session_alignment | [align] filterbank_reweighting eegnet      single_sub-023_ses03-to-ses02 seed=1 acc=0.8900 (ntr=160 nval=40 nte=200)
2026-06-09 15:09:11 | INFO    | train_session_alignment | [align] filterbank_reweighting eegnet      single_sub-025_ses01-to-ses02 seed=1 acc=0.6650 (ntr=160 nval=40 nte=200)
2026-06-09 15:09:20 | INFO    | train_session_alignment | [align] filterbank_reweighting eegnet      single_sub-025_ses01-to-ses03 seed=1 acc=0.6200 (ntr=160 nval=40 nte=200)
2026-06-09 15:09:28 | INFO    | train_session_alignment | [align] filterbank_reweighting eegnet      single_sub-025_ses02-to-ses01 seed=1 acc=0.5900 (ntr=160 nval=40 nte=200)
2026-06-09 15:09:37 | INFO    | train_session_alignment | [align] filterbank_reweighting eegnet      single_sub-025_ses02-to-ses03 seed=1 acc=0.6000 (ntr=160 nval=40 nte=200)
2026-06-09 15:09:50 | INFO    | train_session_alignment | [align] filterbank_reweighting eegnet      single_sub-025_ses03-to-ses01 seed=1 acc=0.6100 (ntr=160 nval=40 nte=200)
2026-06-09 15:10:02 | INFO    | train_session_alignment | [align] filterbank_reweighting eegnet      single_sub-025_ses03-to-ses02 seed=1 acc=0.9100 (ntr=160 nval=40 nte=200)
2026-06-09 15:10:12 | INFO    | train_session_alignment | [align] filterbank_reweighting eegnet      single_sub-026_ses02-to-ses03 seed=1 acc=0.6800 (ntr=160 nval=40 nte=200)
2026-06-09 15:10:20 | INFO    | train_session_alignment | [align] filterbank_reweighting eegnet      single_sub-026_ses03-to-ses02 seed=1 acc=0.7800 (ntr=160 nval=40 nte=200)
2026-06-09 15:10:29 | INFO    | train_session_alignment | [align] filterbank_reweighting eegnet      single_sub-027_ses01-to-ses02 seed=1 acc=0.5200 (ntr=160 nval=40 nte=200)
2026-06-09 15:10:39 | INFO    | train_session_alignment | [align] filterbank_reweighting eegnet      single_sub-027_ses01-to-ses03 seed=1 acc=0.4800 (ntr=160 nval=40 nte=200)
2026-06-09 15:10:45 | INFO    | train_session_alignment | [align] filterbank_reweighting eegnet      single_sub-027_ses02-to-ses01 seed=1 acc=0.4950 (ntr=160 nval=40 nte=200)
2026-06-09 15:10:51 | INFO    | train_session_alignment | [align] filterbank_reweighting eegnet      single_sub-027_ses02-to-ses03 seed=1 acc=0.4650 (ntr=160 nval=40 nte=200)
2026-06-09 15:11:03 | INFO    | train_session_alignment | [align] filterbank_reweighting eegnet      single_sub-027_ses03-to-ses01 seed=1 acc=0.6200 (ntr=160 nval=40 nte=200)
2026-06-09 15:11:15 | INFO    | train_session_alignment | [align] filterbank_reweighting eegnet      single_sub-027_ses03-to-ses02 seed=1 acc=0.5850 (ntr=160 nval=40 nte=200)
2026-06-09 15:11:28 | INFO    | train_session_alignment | [align] filterbank_reweighting eegnet      single_sub-028_ses01-to-ses02 seed=1 acc=0.8000 (ntr=160 nval=40 nte=200)
2026-06-09 15:11:41 | INFO    | train_session_alignment | [align] filterbank_reweighting eegnet      single_sub-028_ses01-to-ses03 seed=1 acc=0.6600 (ntr=160 nval=40 nte=200)
2026-06-09 15:11:56 | INFO    | train_session_alignment | [align] filterbank_reweighting eegnet      single_sub-028_ses02-to-ses01 seed=1 acc=0.8150 (ntr=160 nval=40 nte=200)
2026-06-09 15:12:11 | INFO    | train_session_alignment | [align] filterbank_reweighting eegnet      single_sub-028_ses02-to-ses03 seed=1 acc=0.6500 (ntr=160 nval=40 nte=200)
2026-06-09 15:12:20 | INFO    | train_session_alignment | [align] filterbank_reweighting eegnet      single_sub-028_ses03-to-ses01 seed=1 acc=0.5050 (ntr=160 nval=40 nte=200)
2026-06-09 15:12:28 | INFO    | train_session_alignment | [align] filterbank_reweighting eegnet      single_sub-028_ses03-to-ses02 seed=1 acc=0.5600 (ntr=160 nval=40 nte=200)
2026-06-09 15:12:47 | INFO    | train_session_alignment | [align] filterbank_reweighting eegnet      single_sub-029_ses01-to-ses02 seed=1 acc=0.7000 (ntr=160 nval=40 nte=200)
2026-06-09 15:13:06 | INFO    | train_session_alignment | [align] filterbank_reweighting eegnet      single_sub-029_ses01-to-ses03 seed=1 acc=0.8250 (ntr=160 nval=40 nte=200)
2026-06-09 15:13:20 | INFO    | train_session_alignment | [align] filterbank_reweighting eegnet      single_sub-029_ses02-to-ses01 seed=1 acc=0.5650 (ntr=160 nval=40 nte=200)
2026-06-09 15:13:34 | INFO    | train_session_alignment | [align] filterbank_reweighting eegnet      single_sub-029_ses02-to-ses03 seed=1 acc=0.9500 (ntr=160 nval=40 nte=200)
2026-06-09 15:13:49 | INFO    | train_session_alignment | [align] filterbank_reweighting eegnet      single_sub-029_ses03-to-ses01 seed=1 acc=0.8950 (ntr=160 nval=40 nte=200)
2026-06-09 15:14:04 | INFO    | train_session_alignment | [align] filterbank_reweighting eegnet      single_sub-029_ses03-to-ses02 seed=1 acc=0.9100 (ntr=160 nval=40 nte=200)
2026-06-09 15:14:10 | INFO    | train_session_alignment | [align] filterbank_reweighting eegnet      single_sub-030_ses01-to-ses02 seed=1 acc=0.5000 (ntr=160 nval=40 nte=200)
2026-06-09 15:14:16 | INFO    | train_session_alignment | [align] filterbank_reweighting eegnet      single_sub-030_ses01-to-ses03 seed=1 acc=0.5000 (ntr=160 nval=40 nte=200)
2026-06-09 15:14:26 | INFO    | train_session_alignment | [align] filterbank_reweighting eegnet      single_sub-030_ses02-to-ses01 seed=1 acc=0.8950 (ntr=160 nval=40 nte=200)
2026-06-09 15:14:35 | INFO    | train_session_alignment | [align] filterbank_reweighting eegnet      single_sub-030_ses02-to-ses03 seed=1 acc=0.8600 (ntr=160 nval=40 nte=200)
2026-06-09 15:14:52 | INFO    | train_session_alignment | [align] filterbank_reweighting eegnet      single_sub-030_ses03-to-ses01 seed=1 acc=0.3650 (ntr=160 nval=40 nte=200)
2026-06-09 15:15:10 | INFO    | train_session_alignment | [align] filterbank_reweighting eegnet      single_sub-030_ses03-to-ses02 seed=1 acc=0.5900 (ntr=160 nval=40 nte=200)
2026-06-09 15:15:18 | INFO    | train_session_alignment | [align] filterbank_reweighting eegnet      single_sub-031_ses01-to-ses02 seed=1 acc=0.5000 (ntr=160 nval=40 nte=200)
2026-06-09 15:15:27 | INFO    | train_session_alignment | [align] filterbank_reweighting eegnet      single_sub-031_ses01-to-ses03 seed=1 acc=0.5350 (ntr=160 nval=40 nte=200)
2026-06-09 15:15:35 | INFO    | train_session_alignment | [align] filterbank_reweighting eegnet      single_sub-031_ses02-to-ses01 seed=1 acc=0.5400 (ntr=160 nval=40 nte=200)
2026-06-09 15:15:43 | INFO    | train_session_alignment | [align] filterbank_reweighting eegnet      single_sub-031_ses02-to-ses03 seed=1 acc=0.6300 (ntr=160 nval=40 nte=200)
2026-06-09 15:15:54 | INFO    | train_session_alignment | [align] filterbank_reweighting eegnet      single_sub-031_ses03-to-ses01 seed=1 acc=0.5600 (ntr=160 nval=40 nte=200)
2026-06-09 15:16:05 | INFO    | train_session_alignment | [align] filterbank_reweighting eegnet      single_sub-031_ses03-to-ses02 seed=1 acc=0.6750 (ntr=160 nval=40 nte=200)
2026-06-09 15:16:11 | INFO    | train_session_alignment | [align] filterbank_reweighting eegnet      single_sub-032_ses01-to-ses03 seed=1 acc=0.4750 (ntr=160 nval=40 nte=200)
2026-06-09 15:16:17 | INFO    | train_session_alignment | [align] filterbank_reweighting eegnet      single_sub-032_ses03-to-ses01 seed=1 acc=0.5150 (ntr=160 nval=40 nte=200)
2026-06-09 15:16:33 | INFO    | train_session_alignment | [align] filterbank_reweighting eegnet      single_sub-033_ses01-to-ses02 seed=1 acc=0.9450 (ntr=160 nval=40 nte=200)
2026-06-09 15:16:49 | INFO    | train_session_alignment | [align] filterbank_reweighting eegnet      single_sub-033_ses01-to-ses03 seed=1 acc=0.9150 (ntr=160 nval=40 nte=200)
2026-06-09 15:17:04 | INFO    | train_session_alignment | [align] filterbank_reweighting eegnet      single_sub-033_ses02-to-ses01 seed=1 acc=0.8800 (ntr=160 nval=40 nte=200)
2026-06-09 15:17:19 | INFO    | train_session_alignment | [align] filterbank_reweighting eegnet      single_sub-033_ses02-to-ses03 seed=1 acc=0.8950 (ntr=160 nval=40 nte=200)
2026-06-09 15:17:29 | INFO    | train_session_alignment | [align] filterbank_reweighting eegnet      single_sub-033_ses03-to-ses01 seed=1 acc=0.8650 (ntr=160 nval=40 nte=200)
2026-06-09 15:17:39 | INFO    | train_session_alignment | [align] filterbank_reweighting eegnet      single_sub-033_ses03-to-ses02 seed=1 acc=0.9350 (ntr=160 nval=40 nte=200)
2026-06-09 15:17:45 | INFO    | train_session_alignment | [align] filterbank_reweighting eegnet      single_sub-034_ses01-to-ses02 seed=1 acc=0.5150 (ntr=160 nval=40 nte=200)
2026-06-09 15:17:51 | INFO    | train_session_alignment | [align] filterbank_reweighting eegnet      single_sub-034_ses01-to-ses03 seed=1 acc=0.5350 (ntr=160 nval=40 nte=200)
2026-06-09 15:18:02 | INFO    | train_session_alignment | [align] filterbank_reweighting eegnet      single_sub-034_ses02-to-ses01 seed=1 acc=0.5600 (ntr=160 nval=40 nte=200)
2026-06-09 15:18:16 | INFO    | train_session_alignment | [align] filterbank_reweighting eegnet      single_sub-034_ses02-to-ses03 seed=1 acc=0.7700 (ntr=160 nval=40 nte=200)
2026-06-09 15:18:25 | INFO    | train_session_alignment | [align] filterbank_reweighting eegnet      single_sub-034_ses03-to-ses01 seed=1 acc=0.6050 (ntr=160 nval=40 nte=200)
2026-06-09 15:18:33 | INFO    | train_session_alignment | [align] filterbank_reweighting eegnet      single_sub-034_ses03-to-ses02 seed=1 acc=0.7700 (ntr=160 nval=40 nte=200)
2026-06-09 15:18:46 | INFO    | train_session_alignment | [align] filterbank_reweighting eegnet      single_sub-035_ses01-to-ses02 seed=1 acc=0.9750 (ntr=160 nval=40 nte=200)
2026-06-09 15:18:59 | INFO    | train_session_alignment | [align] filterbank_reweighting eegnet      single_sub-035_ses01-to-ses03 seed=1 acc=0.9450 (ntr=160 nval=40 nte=200)
2026-06-09 15:19:18 | INFO    | train_session_alignment | [align] filterbank_reweighting eegnet      single_sub-035_ses02-to-ses01 seed=1 acc=0.9500 (ntr=160 nval=40 nte=200)
2026-06-09 15:19:37 | INFO    | train_session_alignment | [align] filterbank_reweighting eegnet      single_sub-035_ses02-to-ses03 seed=1 acc=0.9150 (ntr=160 nval=40 nte=200)
2026-06-09 15:19:47 | INFO    | train_session_alignment | [align] filterbank_reweighting eegnet      single_sub-035_ses03-to-ses01 seed=1 acc=0.9500 (ntr=160 nval=40 nte=200)
2026-06-09 15:19:57 | INFO    | train_session_alignment | [align] filterbank_reweighting eegnet      single_sub-035_ses03-to-ses02 seed=1 acc=0.9550 (ntr=160 nval=40 nte=200)
2026-06-09 15:20:04 | INFO    | train_session_alignment | [align] filterbank_reweighting eegnet      single_sub-036_ses01-to-ses02 seed=1 acc=0.9100 (ntr=160 nval=40 nte=200)
2026-06-09 15:20:11 | INFO    | train_session_alignment | [align] filterbank_reweighting eegnet      single_sub-036_ses01-to-ses03 seed=1 acc=0.9550 (ntr=160 nval=40 nte=200)
2026-06-09 15:20:24 | INFO    | train_session_alignment | [align] filterbank_reweighting eegnet      single_sub-036_ses02-to-ses01 seed=1 acc=0.8700 (ntr=160 nval=40 nte=200)
2026-06-09 15:20:37 | INFO    | train_session_alignment | [align] filterbank_reweighting eegnet      single_sub-036_ses02-to-ses03 seed=1 acc=0.9600 (ntr=160 nval=40 nte=200)
2026-06-09 15:20:46 | INFO    | train_session_alignment | [align] filterbank_reweighting eegnet      single_sub-036_ses03-to-ses01 seed=1 acc=0.8550 (ntr=160 nval=40 nte=200)
2026-06-09 15:20:55 | INFO    | train_session_alignment | [align] filterbank_reweighting eegnet      single_sub-036_ses03-to-ses02 seed=1 acc=0.9300 (ntr=160 nval=40 nte=200)
2026-06-09 15:21:14 | INFO    | train_session_alignment | [align] filterbank_reweighting eegnet      single_sub-037_ses01-to-ses02 seed=1 acc=0.8300 (ntr=160 nval=40 nte=200)
2026-06-09 15:21:34 | INFO    | train_session_alignment | [align] filterbank_reweighting eegnet      single_sub-037_ses01-to-ses03 seed=1 acc=0.8600 (ntr=160 nval=40 nte=200)
2026-06-09 15:21:47 | INFO    | train_session_alignment | [align] filterbank_reweighting eegnet      single_sub-037_ses02-to-ses01 seed=1 acc=0.7750 (ntr=160 nval=40 nte=200)
2026-06-09 15:22:01 | INFO    | train_session_alignment | [align] filterbank_reweighting eegnet      single_sub-037_ses02-to-ses03 seed=1 acc=0.8950 (ntr=160 nval=40 nte=200)
2026-06-09 15:22:11 | INFO    | train_session_alignment | [align] filterbank_reweighting eegnet      single_sub-037_ses03-to-ses01 seed=1 acc=0.6600 (ntr=160 nval=40 nte=200)
2026-06-09 15:22:21 | INFO    | train_session_alignment | [align] filterbank_reweighting eegnet      single_sub-037_ses03-to-ses02 seed=1 acc=0.8750 (ntr=160 nval=40 nte=200)
2026-06-09 15:22:27 | INFO    | train_session_alignment | [align] filterbank_reweighting eegnet      single_sub-038_ses01-to-ses02 seed=1 acc=0.6100 (ntr=160 nval=40 nte=200)
2026-06-09 15:22:34 | INFO    | train_session_alignment | [align] filterbank_reweighting eegnet      single_sub-038_ses01-to-ses03 seed=1 acc=0.4600 (ntr=160 nval=40 nte=200)
2026-06-09 15:22:44 | INFO    | train_session_alignment | [align] filterbank_reweighting eegnet      single_sub-038_ses02-to-ses01 seed=1 acc=0.4900 (ntr=160 nval=40 nte=200)
2026-06-09 15:22:54 | INFO    | train_session_alignment | [align] filterbank_reweighting eegnet      single_sub-038_ses02-to-ses03 seed=1 acc=0.5400 (ntr=160 nval=40 nte=200)
2026-06-09 15:23:03 | INFO    | train_session_alignment | [align] filterbank_reweighting eegnet      single_sub-038_ses03-to-ses01 seed=1 acc=0.4900 (ntr=160 nval=40 nte=200)
2026-06-09 15:23:11 | INFO    | train_session_alignment | [align] filterbank_reweighting eegnet      single_sub-038_ses03-to-ses02 seed=1 acc=0.5000 (ntr=160 nval=40 nte=200)
2026-06-09 15:23:44 | INFO    | train_session_alignment | [align] filterbank_reweighting eegnet      single_sub-039_ses01-to-ses02 seed=1 acc=0.4400 (ntr=160 nval=40 nte=200)
2026-06-09 15:23:53 | INFO    | train_session_alignment | [align] filterbank_reweighting eegnet      single_sub-039_ses01-to-ses03 seed=1 acc=0.4600 (ntr=160 nval=40 nte=200)
2026-06-09 15:24:03 | INFO    | train_session_alignment | [align] filterbank_reweighting eegnet      single_sub-039_ses02-to-ses01 seed=1 acc=0.4200 (ntr=160 nval=40 nte=200)
2026-06-09 15:24:14 | INFO    | train_session_alignment | [align] filterbank_reweighting eegnet      single_sub-039_ses02-to-ses03 seed=1 acc=0.7050 (ntr=160 nval=40 nte=200)
2026-06-09 15:24:23 | INFO    | train_session_alignment | [align] filterbank_reweighting eegnet      single_sub-039_ses03-to-ses01 seed=1 acc=0.4900 (ntr=160 nval=40 nte=200)
2026-06-09 15:24:33 | INFO    | train_session_alignment | [align] filterbank_reweighting eegnet      single_sub-039_ses03-to-ses02 seed=1 acc=0.6600 (ntr=160 nval=40 nte=200)
2026-06-09 15:24:43 | INFO    | train_session_alignment | [align] filterbank_reweighting eegnet      single_sub-040_ses01-to-ses02 seed=1 acc=0.7050 (ntr=160 nval=40 nte=200)
2026-06-09 15:24:53 | INFO    | train_session_alignment | [align] filterbank_reweighting eegnet      single_sub-040_ses01-to-ses03 seed=1 acc=0.8850 (ntr=160 nval=40 nte=200)
2026-06-09 15:25:01 | INFO    | train_session_alignment | [align] filterbank_reweighting eegnet      single_sub-040_ses02-to-ses01 seed=1 acc=0.7450 (ntr=160 nval=40 nte=200)
2026-06-09 15:25:09 | INFO    | train_session_alignment | [align] filterbank_reweighting eegnet      single_sub-040_ses02-to-ses03 seed=1 acc=0.7150 (ntr=160 nval=40 nte=200)
2026-06-09 15:25:24 | INFO    | train_session_alignment | [align] filterbank_reweighting eegnet      single_sub-040_ses03-to-ses01 seed=1 acc=0.8350 (ntr=160 nval=40 nte=200)
2026-06-09 15:25:38 | INFO    | train_session_alignment | [align] filterbank_reweighting eegnet      single_sub-040_ses03-to-ses02 seed=1 acc=0.7200 (ntr=160 nval=40 nte=200)
2026-06-09 15:25:47 | INFO    | train_session_alignment | [align] filterbank_reweighting eegnet      single_sub-041_ses01-to-ses02 seed=1 acc=0.7600 (ntr=160 nval=40 nte=200)
2026-06-09 15:26:01 | INFO    | train_session_alignment | [align] filterbank_reweighting eegnet      single_sub-041_ses01-to-ses03 seed=1 acc=0.7450 (ntr=160 nval=40 nte=200)
2026-06-09 15:26:08 | INFO    | train_session_alignment | [align] filterbank_reweighting eegnet      single_sub-041_ses02-to-ses01 seed=1 acc=0.7250 (ntr=160 nval=40 nte=200)
2026-06-09 15:26:16 | INFO    | train_session_alignment | [align] filterbank_reweighting eegnet      single_sub-041_ses02-to-ses03 seed=1 acc=0.7450 (ntr=160 nval=40 nte=200)
2026-06-09 15:26:31 | INFO    | train_session_alignment | [align] filterbank_reweighting eegnet      single_sub-041_ses03-to-ses01 seed=1 acc=0.8400 (ntr=160 nval=40 nte=200)
2026-06-09 15:26:41 | INFO    | train_session_alignment | [align] filterbank_reweighting eegnet      single_sub-041_ses03-to-ses02 seed=1 acc=0.8200 (ntr=160 nval=40 nte=200)
2026-06-09 15:26:49 | INFO    | train_session_alignment | [align] filterbank_reweighting eegnet      single_sub-042_ses01-to-ses02 seed=1 acc=0.7000 (ntr=160 nval=40 nte=200)
2026-06-09 15:27:06 | INFO    | train_session_alignment | [align] filterbank_reweighting eegnet      single_sub-042_ses01-to-ses03 seed=1 acc=0.7250 (ntr=160 nval=40 nte=200)
2026-06-09 15:27:15 | INFO    | train_session_alignment | [align] filterbank_reweighting eegnet      single_sub-042_ses02-to-ses01 seed=1 acc=0.6950 (ntr=160 nval=40 nte=200)
2026-06-09 15:27:37 | INFO    | train_session_alignment | [align] filterbank_reweighting eegnet      single_sub-042_ses02-to-ses03 seed=1 acc=0.6750 (ntr=160 nval=40 nte=200)
2026-06-09 15:27:44 | INFO    | train_session_alignment | [align] filterbank_reweighting eegnet      single_sub-042_ses03-to-ses01 seed=1 acc=0.6450 (ntr=160 nval=40 nte=200)
2026-06-09 15:28:04 | INFO    | train_session_alignment | [align] filterbank_reweighting eegnet      single_sub-042_ses03-to-ses02 seed=1 acc=0.6650 (ntr=160 nval=40 nte=200)
2026-06-09 15:28:32 | INFO    | train_session_alignment | [align] filterbank_reweighting eegnet      single_sub-043_ses01-to-ses02 seed=1 acc=0.9800 (ntr=160 nval=40 nte=200)
2026-06-09 15:28:58 | INFO    | train_session_alignment | [align] filterbank_reweighting eegnet      single_sub-043_ses01-to-ses03 seed=1 acc=0.9900 (ntr=160 nval=40 nte=200)
2026-06-09 15:29:18 | INFO    | train_session_alignment | [align] filterbank_reweighting eegnet      single_sub-043_ses02-to-ses01 seed=1 acc=0.9450 (ntr=160 nval=40 nte=200)
2026-06-09 15:29:38 | INFO    | train_session_alignment | [align] filterbank_reweighting eegnet      single_sub-043_ses02-to-ses03 seed=1 acc=0.9650 (ntr=160 nval=40 nte=200)
2026-06-09 15:30:04 | INFO    | train_session_alignment | [align] filterbank_reweighting eegnet      single_sub-043_ses03-to-ses01 seed=1 acc=0.9850 (ntr=160 nval=40 nte=200)
2026-06-09 15:30:30 | INFO    | train_session_alignment | [align] filterbank_reweighting eegnet      single_sub-043_ses03-to-ses02 seed=1 acc=0.9750 (ntr=160 nval=40 nte=200)
2026-06-09 15:30:38 | INFO    | train_session_alignment | [align] filterbank_reweighting eegnet      single_sub-044_ses01-to-ses02 seed=1 acc=0.5600 (ntr=160 nval=40 nte=200)
2026-06-09 15:30:46 | INFO    | train_session_alignment | [align] filterbank_reweighting eegnet      single_sub-044_ses01-to-ses03 seed=1 acc=0.5400 (ntr=160 nval=40 nte=200)
2026-06-09 15:31:44 | INFO    | train_session_alignment | [align] filterbank_reweighting eegnet      single_sub-044_ses02-to-ses01 seed=1 acc=0.5400 (ntr=160 nval=40 nte=200)
2026-06-09 15:31:54 | INFO    | train_session_alignment | [align] filterbank_reweighting eegnet      single_sub-044_ses02-to-ses03 seed=1 acc=0.7050 (ntr=160 nval=40 nte=200)
2026-06-09 15:32:10 | INFO    | train_session_alignment | [align] filterbank_reweighting eegnet      single_sub-044_ses03-to-ses01 seed=1 acc=0.5150 (ntr=160 nval=40 nte=200)
2026-06-09 15:32:20 | INFO    | train_session_alignment | [align] filterbank_reweighting eegnet      single_sub-044_ses03-to-ses02 seed=1 acc=0.6650 (ntr=160 nval=40 nte=200)
2026-06-09 15:32:28 | INFO    | train_session_alignment | [align] filterbank_reweighting eegnet      single_sub-045_ses01-to-ses02 seed=1 acc=0.7050 (ntr=160 nval=40 nte=200)
2026-06-09 15:32:36 | INFO    | train_session_alignment | [align] filterbank_reweighting eegnet      single_sub-045_ses01-to-ses03 seed=1 acc=0.7900 (ntr=160 nval=40 nte=200)
2026-06-09 15:32:43 | INFO    | train_session_alignment | [align] filterbank_reweighting eegnet      single_sub-045_ses02-to-ses01 seed=1 acc=0.7550 (ntr=160 nval=40 nte=200)
2026-06-09 15:32:50 | INFO    | train_session_alignment | [align] filterbank_reweighting eegnet      single_sub-045_ses02-to-ses03 seed=1 acc=0.8500 (ntr=160 nval=40 nte=200)
2026-06-09 15:33:10 | INFO    | train_session_alignment | [align] filterbank_reweighting eegnet      single_sub-045_ses03-to-ses01 seed=1 acc=0.8300 (ntr=160 nval=40 nte=200)
2026-06-09 15:33:41 | INFO    | train_session_alignment | [align] filterbank_reweighting eegnet      single_sub-045_ses03-to-ses02 seed=1 acc=0.7350 (ntr=160 nval=40 nte=200)
2026-06-09 15:33:58 | INFO    | train_session_alignment | [align] filterbank_reweighting eegnet      single_sub-046_ses01-to-ses02 seed=1 acc=0.9750 (ntr=160 nval=40 nte=200)
2026-06-09 15:34:13 | INFO    | train_session_alignment | [align] filterbank_reweighting eegnet      single_sub-046_ses01-to-ses03 seed=1 acc=0.9750 (ntr=160 nval=40 nte=200)
2026-06-09 15:34:20 | INFO    | train_session_alignment | [align] filterbank_reweighting eegnet      single_sub-046_ses02-to-ses01 seed=1 acc=0.9700 (ntr=160 nval=40 nte=200)
2026-06-09 15:34:27 | INFO    | train_session_alignment | [align] filterbank_reweighting eegnet      single_sub-046_ses02-to-ses03 seed=1 acc=0.9550 (ntr=160 nval=40 nte=200)
2026-06-09 15:35:12 | INFO    | train_session_alignment | [align] filterbank_reweighting eegnet      single_sub-046_ses03-to-ses01 seed=1 acc=0.9800 (ntr=160 nval=40 nte=200)
2026-06-09 15:35:32 | INFO    | train_session_alignment | [align] filterbank_reweighting eegnet      single_sub-046_ses03-to-ses02 seed=1 acc=0.9800 (ntr=160 nval=40 nte=200)
2026-06-09 15:35:51 | INFO    | train_session_alignment | [align] filterbank_reweighting eegnet      single_sub-047_ses01-to-ses02 seed=1 acc=0.9050 (ntr=160 nval=40 nte=200)
2026-06-09 15:36:00 | INFO    | train_session_alignment | [align] filterbank_reweighting eegnet      single_sub-047_ses01-to-ses03 seed=1 acc=0.8900 (ntr=160 nval=40 nte=200)
2026-06-09 15:36:16 | INFO    | train_session_alignment | [align] filterbank_reweighting eegnet      single_sub-047_ses02-to-ses01 seed=1 acc=0.8700 (ntr=160 nval=40 nte=200)
2026-06-09 15:36:27 | INFO    | train_session_alignment | [align] filterbank_reweighting eegnet      single_sub-047_ses02-to-ses03 seed=1 acc=0.8600 (ntr=160 nval=40 nte=200)
2026-06-09 15:36:44 | INFO    | train_session_alignment | [align] filterbank_reweighting eegnet      single_sub-047_ses03-to-ses01 seed=1 acc=0.8600 (ntr=160 nval=40 nte=200)
2026-06-09 15:37:08 | INFO    | train_session_alignment | [align] filterbank_reweighting eegnet      single_sub-047_ses03-to-ses02 seed=1 acc=0.8650 (ntr=160 nval=40 nte=200)
2026-06-09 15:37:47 | INFO    | train_session_alignment | [align] filterbank_reweighting eegnet      single_sub-048_ses01-to-ses02 seed=1 acc=0.7800 (ntr=160 nval=40 nte=200)
2026-06-09 15:38:22 | INFO    | train_session_alignment | [align] filterbank_reweighting eegnet      single_sub-048_ses01-to-ses03 seed=1 acc=0.6200 (ntr=160 nval=40 nte=200)
2026-06-09 15:38:33 | INFO    | train_session_alignment | [align] filterbank_reweighting eegnet      single_sub-048_ses02-to-ses01 seed=1 acc=0.7950 (ntr=160 nval=40 nte=200)
2026-06-09 15:38:46 | INFO    | train_session_alignment | [align] filterbank_reweighting eegnet      single_sub-048_ses02-to-ses03 seed=1 acc=0.7850 (ntr=160 nval=40 nte=200)
2026-06-09 15:39:06 | INFO    | train_session_alignment | [align] filterbank_reweighting eegnet      single_sub-048_ses03-to-ses01 seed=1 acc=0.7600 (ntr=160 nval=40 nte=200)
2026-06-09 15:39:26 | INFO    | train_session_alignment | [align] filterbank_reweighting eegnet      single_sub-048_ses03-to-ses02 seed=1 acc=0.7750 (ntr=160 nval=40 nte=200)
2026-06-09 15:39:35 | INFO    | train_session_alignment | [align] filterbank_reweighting eegnet      single_sub-049_ses01-to-ses02 seed=1 acc=0.8850 (ntr=160 nval=40 nte=200)
2026-06-09 15:39:43 | INFO    | train_session_alignment | [align] filterbank_reweighting eegnet      single_sub-049_ses01-to-ses03 seed=1 acc=0.8700 (ntr=160 nval=40 nte=200)
2026-06-09 15:39:52 | INFO    | train_session_alignment | [align] filterbank_reweighting eegnet      single_sub-049_ses02-to-ses01 seed=1 acc=0.8650 (ntr=160 nval=40 nte=200)
2026-06-09 15:39:59 | INFO    | train_session_alignment | [align] filterbank_reweighting eegnet      single_sub-049_ses02-to-ses03 seed=1 acc=0.8600 (ntr=160 nval=40 nte=200)
2026-06-09 15:40:09 | INFO    | train_session_alignment | [align] filterbank_reweighting eegnet      single_sub-049_ses03-to-ses01 seed=1 acc=0.7750 (ntr=160 nval=40 nte=200)
2026-06-09 15:40:19 | INFO    | train_session_alignment | [align] filterbank_reweighting eegnet      single_sub-049_ses03-to-ses02 seed=1 acc=0.8700 (ntr=160 nval=40 nte=200)
2026-06-09 15:40:28 | INFO    | train_session_alignment | [align] filterbank_reweighting eegnet      single_sub-050_ses01-to-ses02 seed=1 acc=0.8950 (ntr=160 nval=40 nte=200)
2026-06-09 15:40:37 | INFO    | train_session_alignment | [align] filterbank_reweighting eegnet      single_sub-050_ses01-to-ses03 seed=1 acc=0.9150 (ntr=160 nval=40 nte=200)
2026-06-09 15:40:46 | INFO    | train_session_alignment | [align] filterbank_reweighting eegnet      single_sub-050_ses02-to-ses01 seed=1 acc=0.8950 (ntr=160 nval=40 nte=200)
2026-06-09 15:40:55 | INFO    | train_session_alignment | [align] filterbank_reweighting eegnet      single_sub-050_ses02-to-ses03 seed=1 acc=0.9600 (ntr=160 nval=40 nte=200)
2026-06-09 15:41:14 | INFO    | train_session_alignment | [align] filterbank_reweighting eegnet      single_sub-050_ses03-to-ses01 seed=1 acc=0.8450 (ntr=160 nval=40 nte=200)
2026-06-09 15:41:33 | INFO    | train_session_alignment | [align] filterbank_reweighting eegnet      single_sub-050_ses03-to-ses02 seed=1 acc=0.9050 (ntr=160 nval=40 nte=200)
2026-06-09 15:41:52 | INFO    | train_session_alignment | [align] filterbank_reweighting eegnet      single_sub-051_ses01-to-ses02 seed=1 acc=0.8550 (ntr=160 nval=40 nte=200)
2026-06-09 15:42:11 | INFO    | train_session_alignment | [align] filterbank_reweighting eegnet      single_sub-051_ses01-to-ses03 seed=1 acc=0.8600 (ntr=160 nval=40 nte=200)
2026-06-09 15:42:19 | INFO    | train_session_alignment | [align] filterbank_reweighting eegnet      single_sub-051_ses02-to-ses01 seed=1 acc=0.8100 (ntr=160 nval=40 nte=200)
2026-06-09 15:42:26 | INFO    | train_session_alignment | [align] filterbank_reweighting eegnet      single_sub-051_ses02-to-ses03 seed=1 acc=0.8100 (ntr=160 nval=40 nte=200)
2026-06-09 15:42:35 | INFO    | train_session_alignment | [align] filterbank_reweighting eegnet      single_sub-051_ses03-to-ses01 seed=1 acc=0.7550 (ntr=160 nval=40 nte=200)
2026-06-09 15:42:45 | INFO    | train_session_alignment | [align] filterbank_reweighting eegnet      single_sub-051_ses03-to-ses02 seed=1 acc=0.9200 (ntr=160 nval=40 nte=200)
2026-06-09 15:43:03 | INFO    | train_session_alignment | [align] filterbank_reweighting eegnet      multi_sub-001_ses01ses02-to-ses03 seed=1 acc=0.9400 (ntr=320 nval=80 nte=200)
2026-06-09 15:43:12 | INFO    | train_session_alignment | [align] filterbank_reweighting eegnet      multi_sub-002_ses01ses02-to-ses03 seed=1 acc=0.5450 (ntr=320 nval=80 nte=200)
2026-06-09 15:43:33 | INFO    | train_session_alignment | [align] filterbank_reweighting eegnet      multi_sub-003_ses01ses02-to-ses03 seed=1 acc=0.9350 (ntr=320 nval=80 nte=200)
2026-06-09 15:43:42 | INFO    | train_session_alignment | [align] filterbank_reweighting eegnet      multi_sub-004_ses01ses02-to-ses03 seed=1 acc=0.4950 (ntr=320 nval=80 nte=200)
2026-06-09 15:43:56 | INFO    | train_session_alignment | [align] filterbank_reweighting eegnet      multi_sub-005_ses01ses02-to-ses03 seed=1 acc=0.7800 (ntr=320 nval=80 nte=200)
2026-06-09 15:44:12 | INFO    | train_session_alignment | [align] filterbank_reweighting eegnet      multi_sub-006_ses01ses02-to-ses03 seed=1 acc=0.9150 (ntr=320 nval=80 nte=200)
2026-06-09 15:44:27 | INFO    | train_session_alignment | [align] filterbank_reweighting eegnet      multi_sub-007_ses01ses02-to-ses03 seed=1 acc=0.8650 (ntr=320 nval=80 nte=200)
2026-06-09 15:44:37 | INFO    | train_session_alignment | [align] filterbank_reweighting eegnet      multi_sub-008_ses01ses02-to-ses03 seed=1 acc=0.8700 (ntr=320 nval=80 nte=200)
2026-06-09 15:44:46 | INFO    | train_session_alignment | [align] filterbank_reweighting eegnet      multi_sub-009_ses01ses02-to-ses03 seed=1 acc=0.5150 (ntr=320 nval=80 nte=200)
2026-06-09 15:44:57 | INFO    | train_session_alignment | [align] filterbank_reweighting eegnet      multi_sub-010_ses01ses02-to-ses03 seed=1 acc=0.7150 (ntr=320 nval=80 nte=200)
2026-06-09 15:45:09 | INFO    | train_session_alignment | [align] filterbank_reweighting eegnet      multi_sub-011_ses01ses02-to-ses03 seed=1 acc=0.6450 (ntr=320 nval=80 nte=200)
2026-06-09 15:45:17 | INFO    | train_session_alignment | [align] filterbank_reweighting eegnet      multi_sub-012_ses01ses02-to-ses03 seed=1 acc=0.5350 (ntr=320 nval=80 nte=200)
2026-06-09 15:45:30 | INFO    | train_session_alignment | [align] filterbank_reweighting eegnet      multi_sub-013_ses01ses02-to-ses03 seed=1 acc=0.8200 (ntr=320 nval=80 nte=200)
2026-06-09 15:45:38 | INFO    | train_session_alignment | [align] filterbank_reweighting eegnet      multi_sub-014_ses01ses02-to-ses03 seed=1 acc=0.4700 (ntr=320 nval=80 nte=200)
2026-06-09 15:45:51 | INFO    | train_session_alignment | [align] filterbank_reweighting eegnet      multi_sub-015_ses01ses02-to-ses03 seed=1 acc=0.5750 (ntr=320 nval=80 nte=200)
2026-06-09 15:46:01 | INFO    | train_session_alignment | [align] filterbank_reweighting eegnet      multi_sub-016_ses01ses02-to-ses03 seed=1 acc=0.4550 (ntr=320 nval=80 nte=200)
2026-06-09 15:46:12 | INFO    | train_session_alignment | [align] filterbank_reweighting eegnet      multi_sub-017_ses01ses02-to-ses03 seed=1 acc=0.8100 (ntr=320 nval=80 nte=200)
2026-06-09 15:46:20 | INFO    | train_session_alignment | [align] filterbank_reweighting eegnet      multi_sub-018_ses01ses02-to-ses03 seed=1 acc=0.5100 (ntr=320 nval=80 nte=200)
2026-06-09 15:46:30 | INFO    | train_session_alignment | [align] filterbank_reweighting eegnet      multi_sub-019_ses01ses02-to-ses03 seed=1 acc=0.8550 (ntr=320 nval=80 nte=200)
2026-06-09 15:46:48 | INFO    | train_session_alignment | [align] filterbank_reweighting eegnet      multi_sub-020_ses01ses02-to-ses03 seed=1 acc=0.4200 (ntr=320 nval=80 nte=200)
2026-06-09 15:46:58 | INFO    | train_session_alignment | [align] filterbank_reweighting eegnet      multi_sub-021_ses01ses02-to-ses03 seed=1 acc=0.8350 (ntr=320 nval=80 nte=200)
2026-06-09 15:47:17 | INFO    | train_session_alignment | [align] filterbank_reweighting eegnet      multi_sub-022_ses01ses02-to-ses03 seed=1 acc=0.8000 (ntr=320 nval=80 nte=200)
2026-06-09 15:47:35 | INFO    | train_session_alignment | [align] filterbank_reweighting eegnet      multi_sub-025_ses01ses02-to-ses03 seed=1 acc=0.6850 (ntr=320 nval=80 nte=200)
2026-06-09 15:47:44 | INFO    | train_session_alignment | [align] filterbank_reweighting eegnet      multi_sub-027_ses01ses02-to-ses03 seed=1 acc=0.5300 (ntr=320 nval=80 nte=200)
2026-06-09 15:47:54 | INFO    | train_session_alignment | [align] filterbank_reweighting eegnet      multi_sub-028_ses01ses02-to-ses03 seed=1 acc=0.6850 (ntr=320 nval=80 nte=200)
2026-06-09 15:48:06 | INFO    | train_session_alignment | [align] filterbank_reweighting eegnet      multi_sub-029_ses01ses02-to-ses03 seed=1 acc=0.9600 (ntr=320 nval=80 nte=200)
2026-06-09 15:48:14 | INFO    | train_session_alignment | [align] filterbank_reweighting eegnet      multi_sub-030_ses01ses02-to-ses03 seed=1 acc=0.5000 (ntr=320 nval=80 nte=200)
2026-06-09 15:48:30 | INFO    | train_session_alignment | [align] filterbank_reweighting eegnet      multi_sub-031_ses01ses02-to-ses03 seed=1 acc=0.6000 (ntr=320 nval=80 nte=200)
2026-06-09 15:48:49 | INFO    | train_session_alignment | [align] filterbank_reweighting eegnet      multi_sub-033_ses01ses02-to-ses03 seed=1 acc=0.9400 (ntr=320 nval=80 nte=200)
2026-06-09 15:48:59 | INFO    | train_session_alignment | [align] filterbank_reweighting eegnet      multi_sub-034_ses01ses02-to-ses03 seed=1 acc=0.7900 (ntr=320 nval=80 nte=200)
2026-06-09 15:49:13 | INFO    | train_session_alignment | [align] filterbank_reweighting eegnet      multi_sub-035_ses01ses02-to-ses03 seed=1 acc=0.9500 (ntr=320 nval=80 nte=200)
2026-06-09 15:49:27 | INFO    | train_session_alignment | [align] filterbank_reweighting eegnet      multi_sub-036_ses01ses02-to-ses03 seed=1 acc=0.9600 (ntr=320 nval=80 nte=200)
2026-06-09 15:49:49 | INFO    | train_session_alignment | [align] filterbank_reweighting eegnet      multi_sub-037_ses01ses02-to-ses03 seed=1 acc=0.9150 (ntr=320 nval=80 nte=200)
2026-06-09 15:50:04 | INFO    | train_session_alignment | [align] filterbank_reweighting eegnet      multi_sub-038_ses01ses02-to-ses03 seed=1 acc=0.6100 (ntr=320 nval=80 nte=200)
2026-06-09 15:50:16 | INFO    | train_session_alignment | [align] filterbank_reweighting eegnet      multi_sub-039_ses01ses02-to-ses03 seed=1 acc=0.5900 (ntr=320 nval=80 nte=200)
2026-06-09 15:50:27 | INFO    | train_session_alignment | [align] filterbank_reweighting eegnet      multi_sub-040_ses01ses02-to-ses03 seed=1 acc=0.8500 (ntr=320 nval=80 nte=200)
2026-06-09 15:50:41 | INFO    | train_session_alignment | [align] filterbank_reweighting eegnet      multi_sub-041_ses01ses02-to-ses03 seed=1 acc=0.8300 (ntr=320 nval=80 nte=200)
2026-06-09 15:50:52 | INFO    | train_session_alignment | [align] filterbank_reweighting eegnet      multi_sub-042_ses01ses02-to-ses03 seed=1 acc=0.7300 (ntr=320 nval=80 nte=200)
2026-06-09 15:51:16 | INFO    | train_session_alignment | [align] filterbank_reweighting eegnet      multi_sub-043_ses01ses02-to-ses03 seed=1 acc=1.0000 (ntr=320 nval=80 nte=200)
2026-06-09 15:51:26 | INFO    | train_session_alignment | [align] filterbank_reweighting eegnet      multi_sub-044_ses01ses02-to-ses03 seed=1 acc=0.6400 (ntr=320 nval=80 nte=200)
2026-06-09 15:51:41 | INFO    | train_session_alignment | [align] filterbank_reweighting eegnet      multi_sub-045_ses01ses02-to-ses03 seed=1 acc=0.9150 (ntr=320 nval=80 nte=200)
2026-06-09 15:52:06 | INFO    | train_session_alignment | [align] filterbank_reweighting eegnet      multi_sub-046_ses01ses02-to-ses03 seed=1 acc=0.9800 (ntr=320 nval=80 nte=200)
2026-06-09 15:52:16 | INFO    | train_session_alignment | [align] filterbank_reweighting eegnet      multi_sub-047_ses01ses02-to-ses03 seed=1 acc=0.9000 (ntr=320 nval=80 nte=200)
2026-06-09 15:52:29 | INFO    | train_session_alignment | [align] filterbank_reweighting eegnet      multi_sub-048_ses01ses02-to-ses03 seed=1 acc=0.7300 (ntr=320 nval=80 nte=200)
2026-06-09 15:52:41 | INFO    | train_session_alignment | [align] filterbank_reweighting eegnet      multi_sub-049_ses01ses02-to-ses03 seed=1 acc=0.8700 (ntr=320 nval=80 nte=200)
2026-06-09 15:53:05 | INFO    | train_session_alignment | [align] filterbank_reweighting eegnet      multi_sub-050_ses01ses02-to-ses03 seed=1 acc=0.9600 (ntr=320 nval=80 nte=200)
2026-06-09 15:53:19 | INFO    | train_session_alignment | [align] filterbank_reweighting eegnet      multi_sub-051_ses01ses02-to-ses03 seed=1 acc=0.9000 (ntr=320 nval=80 nte=200)
2026-06-09 15:53:19 | INFO    | train_session_alignment | ALL DONE in 3944.8s | rows=335 ok=335 failed=0 | out=/share/home/yuan/SYX/eeg-mi-online/outputs/experiments/alignment_baseline_v1
Done: Tue Jun  9 15:53:20 CST 2026
