Project: /share/home/yuan/SYX/eeg-mi-online
Env    : mi_torch_cu118
Args   : --methods bn_statistics_adaptation --models eegnet --seeds 3 --protocols single,multi --tag-suffix bn_statistics_adaptation_eegnet_s3
Node   : gpu01 | Start: Tue Jun  9 12:08:06 CST 2026
Tue Jun  9 12:08:07 2026       
+-----------------------------------------------------------------------------------------+
| NVIDIA-SMI 570.153.02             Driver Version: 570.153.02     CUDA Version: 12.8     |
|-----------------------------------------+------------------------+----------------------+
| GPU  Name                 Persistence-M | Bus-Id          Disp.A | Volatile Uncorr. ECC |
| Fan  Temp   Perf          Pwr:Usage/Cap |           Memory-Usage | GPU-Util  Compute M. |
|                                         |                        |               MIG M. |
|=========================================+========================+======================|
|   0  NVIDIA GeForce RTX 4090 D      On  |   00000000:01:00.0 Off |                  Off |
| 30%   42C    P0             50W /  425W |       1MiB /  24564MiB |      0%      Default |
|                                         |                        |                  N/A |
+-----------------------------------------+------------------------+----------------------+
                                                                                         
+-----------------------------------------------------------------------------------------+
| Processes:                                                                              |
|  GPU   GI   CI              PID   Type   Process name                        GPU Memory |
|        ID   ID                                                               Usage      |
|=========================================================================================|
|  No running processes found                                                             |
+-----------------------------------------------------------------------------------------+
[cuda-check] torch=2.7.1+cu118 cuda_build=11.8 cuda_avail=True
2026-06-09 12:08:10 | INFO    | train_session_alignment | device=cuda | cuda={'torch': '2.7.1+cu118', 'cuda_build': '11.8', 'cuda_available': True, 'device': 'cuda', 'device_name': 'NVIDIA GeForce RTX 4090 D'}
2026-06-09 12:08:10 | INFO    | train_session_alignment | loaded 148 ok sessions | methods=['bn_statistics_adaptation'] | models=['eegnet'] | seeds=[3] | groups=['single', 'multi'] | tasks=335
2026-06-09 12:08:22 | INFO    | train_session_alignment | [align] bn_statistics_adaptation eegnet      single_sub-001_ses01-to-ses02 seed=3 acc=0.7450 (ntr=160 nval=40 nte=200)
2026-06-09 12:08:31 | INFO    | train_session_alignment | [align] bn_statistics_adaptation eegnet      single_sub-001_ses01-to-ses03 seed=3 acc=0.7200 (ntr=160 nval=40 nte=200)
2026-06-09 12:08:48 | INFO    | train_session_alignment | [align] bn_statistics_adaptation eegnet      single_sub-001_ses02-to-ses01 seed=3 acc=0.6750 (ntr=160 nval=40 nte=200)
2026-06-09 12:09:06 | INFO    | train_session_alignment | [align] bn_statistics_adaptation eegnet      single_sub-001_ses02-to-ses03 seed=3 acc=0.9500 (ntr=160 nval=40 nte=200)
2026-06-09 12:09:14 | INFO    | train_session_alignment | [align] bn_statistics_adaptation eegnet      single_sub-001_ses03-to-ses01 seed=3 acc=0.6800 (ntr=160 nval=40 nte=200)
2026-06-09 12:09:21 | INFO    | train_session_alignment | [align] bn_statistics_adaptation eegnet      single_sub-001_ses03-to-ses02 seed=3 acc=0.8550 (ntr=160 nval=40 nte=200)
2026-06-09 12:09:26 | INFO    | train_session_alignment | [align] bn_statistics_adaptation eegnet      single_sub-002_ses01-to-ses02 seed=3 acc=0.6000 (ntr=160 nval=40 nte=200)
2026-06-09 12:09:31 | INFO    | train_session_alignment | [align] bn_statistics_adaptation eegnet      single_sub-002_ses01-to-ses03 seed=3 acc=0.6150 (ntr=160 nval=40 nte=200)
2026-06-09 12:09:38 | INFO    | train_session_alignment | [align] bn_statistics_adaptation eegnet      single_sub-002_ses02-to-ses01 seed=3 acc=0.5400 (ntr=160 nval=40 nte=200)
2026-06-09 12:09:45 | INFO    | train_session_alignment | [align] bn_statistics_adaptation eegnet      single_sub-002_ses02-to-ses03 seed=3 acc=0.6250 (ntr=160 nval=40 nte=200)
2026-06-09 12:09:55 | INFO    | train_session_alignment | [align] bn_statistics_adaptation eegnet      single_sub-002_ses03-to-ses01 seed=3 acc=0.6200 (ntr=160 nval=40 nte=200)
2026-06-09 12:10:05 | INFO    | train_session_alignment | [align] bn_statistics_adaptation eegnet      single_sub-002_ses03-to-ses02 seed=3 acc=0.6250 (ntr=160 nval=40 nte=200)
2026-06-09 12:10:16 | INFO    | train_session_alignment | [align] bn_statistics_adaptation eegnet      single_sub-003_ses01-to-ses02 seed=3 acc=0.7850 (ntr=160 nval=40 nte=200)
2026-06-09 12:10:27 | INFO    | train_session_alignment | [align] bn_statistics_adaptation eegnet      single_sub-003_ses01-to-ses03 seed=3 acc=0.4950 (ntr=160 nval=40 nte=200)
2026-06-09 12:10:45 | INFO    | train_session_alignment | [align] bn_statistics_adaptation eegnet      single_sub-003_ses02-to-ses01 seed=3 acc=0.6750 (ntr=160 nval=40 nte=200)
2026-06-09 12:11:03 | INFO    | train_session_alignment | [align] bn_statistics_adaptation eegnet      single_sub-003_ses02-to-ses03 seed=3 acc=0.7450 (ntr=160 nval=40 nte=200)
2026-06-09 12:11:09 | INFO    | train_session_alignment | [align] bn_statistics_adaptation eegnet      single_sub-003_ses03-to-ses01 seed=3 acc=0.5400 (ntr=160 nval=40 nte=200)
2026-06-09 12:11:14 | INFO    | train_session_alignment | [align] bn_statistics_adaptation eegnet      single_sub-003_ses03-to-ses02 seed=3 acc=0.6050 (ntr=160 nval=40 nte=200)
2026-06-09 12:11:19 | INFO    | train_session_alignment | [align] bn_statistics_adaptation eegnet      single_sub-004_ses01-to-ses02 seed=3 acc=0.5450 (ntr=160 nval=40 nte=200)
2026-06-09 12:11:23 | INFO    | train_session_alignment | [align] bn_statistics_adaptation eegnet      single_sub-004_ses01-to-ses03 seed=3 acc=0.5450 (ntr=160 nval=40 nte=200)
2026-06-09 12:11:27 | INFO    | train_session_alignment | [align] bn_statistics_adaptation eegnet      single_sub-004_ses02-to-ses01 seed=3 acc=0.5000 (ntr=160 nval=40 nte=200)
2026-06-09 12:11:32 | INFO    | train_session_alignment | [align] bn_statistics_adaptation eegnet      single_sub-004_ses02-to-ses03 seed=3 acc=0.5300 (ntr=160 nval=40 nte=200)
2026-06-09 12:11:38 | INFO    | train_session_alignment | [align] bn_statistics_adaptation eegnet      single_sub-004_ses03-to-ses01 seed=3 acc=0.5100 (ntr=160 nval=40 nte=200)
2026-06-09 12:11:44 | INFO    | train_session_alignment | [align] bn_statistics_adaptation eegnet      single_sub-004_ses03-to-ses02 seed=3 acc=0.4800 (ntr=160 nval=40 nte=200)
2026-06-09 12:11:52 | INFO    | train_session_alignment | [align] bn_statistics_adaptation eegnet      single_sub-005_ses01-to-ses02 seed=3 acc=0.8550 (ntr=160 nval=40 nte=200)
2026-06-09 12:12:01 | INFO    | train_session_alignment | [align] bn_statistics_adaptation eegnet      single_sub-005_ses01-to-ses03 seed=3 acc=0.6050 (ntr=160 nval=40 nte=200)
2026-06-09 12:12:09 | INFO    | train_session_alignment | [align] bn_statistics_adaptation eegnet      single_sub-005_ses02-to-ses01 seed=3 acc=0.8150 (ntr=160 nval=40 nte=200)
2026-06-09 12:12:16 | INFO    | train_session_alignment | [align] bn_statistics_adaptation eegnet      single_sub-005_ses02-to-ses03 seed=3 acc=0.6100 (ntr=160 nval=40 nte=200)
2026-06-09 12:12:29 | INFO    | train_session_alignment | [align] bn_statistics_adaptation eegnet      single_sub-005_ses03-to-ses01 seed=3 acc=0.7950 (ntr=160 nval=40 nte=200)
2026-06-09 12:12:43 | INFO    | train_session_alignment | [align] bn_statistics_adaptation eegnet      single_sub-005_ses03-to-ses02 seed=3 acc=0.7900 (ntr=160 nval=40 nte=200)
2026-06-09 12:12:54 | INFO    | train_session_alignment | [align] bn_statistics_adaptation eegnet      single_sub-006_ses01-to-ses02 seed=3 acc=0.9250 (ntr=160 nval=40 nte=200)
2026-06-09 12:13:06 | INFO    | train_session_alignment | [align] bn_statistics_adaptation eegnet      single_sub-006_ses01-to-ses03 seed=3 acc=0.9650 (ntr=160 nval=40 nte=200)
2026-06-09 12:13:22 | INFO    | train_session_alignment | [align] bn_statistics_adaptation eegnet      single_sub-006_ses02-to-ses01 seed=3 acc=0.7800 (ntr=160 nval=40 nte=200)
2026-06-09 12:13:37 | INFO    | train_session_alignment | [align] bn_statistics_adaptation eegnet      single_sub-006_ses02-to-ses03 seed=3 acc=0.8750 (ntr=160 nval=40 nte=200)
2026-06-09 12:13:51 | INFO    | train_session_alignment | [align] bn_statistics_adaptation eegnet      single_sub-006_ses03-to-ses01 seed=3 acc=0.8250 (ntr=160 nval=40 nte=200)
2026-06-09 12:14:04 | INFO    | train_session_alignment | [align] bn_statistics_adaptation eegnet      single_sub-006_ses03-to-ses02 seed=3 acc=0.8100 (ntr=160 nval=40 nte=200)
2026-06-09 12:14:09 | INFO    | train_session_alignment | [align] bn_statistics_adaptation eegnet      single_sub-007_ses01-to-ses02 seed=3 acc=0.6750 (ntr=160 nval=40 nte=200)
2026-06-09 12:14:14 | INFO    | train_session_alignment | [align] bn_statistics_adaptation eegnet      single_sub-007_ses01-to-ses03 seed=3 acc=0.8050 (ntr=160 nval=40 nte=200)
2026-06-09 12:14:19 | INFO    | train_session_alignment | [align] bn_statistics_adaptation eegnet      single_sub-007_ses02-to-ses01 seed=3 acc=0.6400 (ntr=160 nval=40 nte=200)
2026-06-09 12:14:24 | INFO    | train_session_alignment | [align] bn_statistics_adaptation eegnet      single_sub-007_ses02-to-ses03 seed=3 acc=0.8450 (ntr=160 nval=40 nte=200)
2026-06-09 12:14:29 | INFO    | train_session_alignment | [align] bn_statistics_adaptation eegnet      single_sub-007_ses03-to-ses01 seed=3 acc=0.7100 (ntr=160 nval=40 nte=200)
2026-06-09 12:14:34 | INFO    | train_session_alignment | [align] bn_statistics_adaptation eegnet      single_sub-007_ses03-to-ses02 seed=3 acc=0.8200 (ntr=160 nval=40 nte=200)
2026-06-09 12:14:40 | INFO    | train_session_alignment | [align] bn_statistics_adaptation eegnet      single_sub-008_ses01-to-ses02 seed=3 acc=0.6100 (ntr=160 nval=40 nte=200)
2026-06-09 12:14:46 | INFO    | train_session_alignment | [align] bn_statistics_adaptation eegnet      single_sub-008_ses01-to-ses03 seed=3 acc=0.6350 (ntr=160 nval=40 nte=200)
2026-06-09 12:15:02 | INFO    | train_session_alignment | [align] bn_statistics_adaptation eegnet      single_sub-008_ses02-to-ses01 seed=3 acc=0.6700 (ntr=160 nval=40 nte=200)
2026-06-09 12:15:18 | INFO    | train_session_alignment | [align] bn_statistics_adaptation eegnet      single_sub-008_ses02-to-ses03 seed=3 acc=0.7900 (ntr=160 nval=40 nte=200)
2026-06-09 12:15:27 | INFO    | train_session_alignment | [align] bn_statistics_adaptation eegnet      single_sub-008_ses03-to-ses01 seed=3 acc=0.6250 (ntr=160 nval=40 nte=200)
2026-06-09 12:15:36 | INFO    | train_session_alignment | [align] bn_statistics_adaptation eegnet      single_sub-008_ses03-to-ses02 seed=3 acc=0.7350 (ntr=160 nval=40 nte=200)
2026-06-09 12:15:43 | INFO    | train_session_alignment | [align] bn_statistics_adaptation eegnet      single_sub-009_ses01-to-ses02 seed=3 acc=0.7500 (ntr=160 nval=40 nte=200)
2026-06-09 12:15:50 | INFO    | train_session_alignment | [align] bn_statistics_adaptation eegnet      single_sub-009_ses01-to-ses03 seed=3 acc=0.6100 (ntr=160 nval=40 nte=200)
2026-06-09 12:15:58 | INFO    | train_session_alignment | [align] bn_statistics_adaptation eegnet      single_sub-009_ses02-to-ses01 seed=3 acc=0.6200 (ntr=160 nval=40 nte=200)
2026-06-09 12:16:07 | INFO    | train_session_alignment | [align] bn_statistics_adaptation eegnet      single_sub-009_ses02-to-ses03 seed=3 acc=0.6250 (ntr=160 nval=40 nte=200)
2026-06-09 12:16:11 | INFO    | train_session_alignment | [align] bn_statistics_adaptation eegnet      single_sub-009_ses03-to-ses01 seed=3 acc=0.5700 (ntr=160 nval=40 nte=200)
2026-06-09 12:16:16 | INFO    | train_session_alignment | [align] bn_statistics_adaptation eegnet      single_sub-009_ses03-to-ses02 seed=3 acc=0.5800 (ntr=160 nval=40 nte=200)
2026-06-09 12:16:24 | INFO    | train_session_alignment | [align] bn_statistics_adaptation eegnet      single_sub-010_ses01-to-ses02 seed=3 acc=0.7950 (ntr=160 nval=40 nte=200)
2026-06-09 12:16:32 | INFO    | train_session_alignment | [align] bn_statistics_adaptation eegnet      single_sub-010_ses01-to-ses03 seed=3 acc=0.5600 (ntr=160 nval=40 nte=200)
2026-06-09 12:16:37 | INFO    | train_session_alignment | [align] bn_statistics_adaptation eegnet      single_sub-010_ses02-to-ses01 seed=3 acc=0.7150 (ntr=160 nval=40 nte=200)
2026-06-09 12:16:42 | INFO    | train_session_alignment | [align] bn_statistics_adaptation eegnet      single_sub-010_ses02-to-ses03 seed=3 acc=0.5950 (ntr=160 nval=40 nte=200)
2026-06-09 12:16:53 | INFO    | train_session_alignment | [align] bn_statistics_adaptation eegnet      single_sub-010_ses03-to-ses01 seed=3 acc=0.5400 (ntr=160 nval=40 nte=200)
2026-06-09 12:17:04 | INFO    | train_session_alignment | [align] bn_statistics_adaptation eegnet      single_sub-010_ses03-to-ses02 seed=3 acc=0.7250 (ntr=160 nval=40 nte=200)
2026-06-09 12:17:09 | INFO    | train_session_alignment | [align] bn_statistics_adaptation eegnet      single_sub-011_ses01-to-ses02 seed=3 acc=0.7050 (ntr=160 nval=40 nte=200)
2026-06-09 12:17:14 | INFO    | train_session_alignment | [align] bn_statistics_adaptation eegnet      single_sub-011_ses01-to-ses03 seed=3 acc=0.9100 (ntr=160 nval=40 nte=200)
2026-06-09 12:17:19 | INFO    | train_session_alignment | [align] bn_statistics_adaptation eegnet      single_sub-011_ses02-to-ses01 seed=3 acc=0.8400 (ntr=160 nval=40 nte=200)
2026-06-09 12:17:24 | INFO    | train_session_alignment | [align] bn_statistics_adaptation eegnet      single_sub-011_ses02-to-ses03 seed=3 acc=0.8600 (ntr=160 nval=40 nte=200)
2026-06-09 12:17:29 | INFO    | train_session_alignment | [align] bn_statistics_adaptation eegnet      single_sub-011_ses03-to-ses01 seed=3 acc=0.8750 (ntr=160 nval=40 nte=200)
2026-06-09 12:17:34 | INFO    | train_session_alignment | [align] bn_statistics_adaptation eegnet      single_sub-011_ses03-to-ses02 seed=3 acc=0.6750 (ntr=160 nval=40 nte=200)
2026-06-09 12:17:39 | INFO    | train_session_alignment | [align] bn_statistics_adaptation eegnet      single_sub-012_ses01-to-ses02 seed=3 acc=0.4950 (ntr=160 nval=40 nte=200)
2026-06-09 12:17:43 | INFO    | train_session_alignment | [align] bn_statistics_adaptation eegnet      single_sub-012_ses01-to-ses03 seed=3 acc=0.5750 (ntr=160 nval=40 nte=200)
2026-06-09 12:17:48 | INFO    | train_session_alignment | [align] bn_statistics_adaptation eegnet      single_sub-012_ses02-to-ses01 seed=3 acc=0.5150 (ntr=160 nval=40 nte=200)
2026-06-09 12:17:53 | INFO    | train_session_alignment | [align] bn_statistics_adaptation eegnet      single_sub-012_ses02-to-ses03 seed=3 acc=0.5100 (ntr=160 nval=40 nte=200)
2026-06-09 12:17:59 | INFO    | train_session_alignment | [align] bn_statistics_adaptation eegnet      single_sub-012_ses03-to-ses01 seed=3 acc=0.5250 (ntr=160 nval=40 nte=200)
2026-06-09 12:18:06 | INFO    | train_session_alignment | [align] bn_statistics_adaptation eegnet      single_sub-012_ses03-to-ses02 seed=3 acc=0.4900 (ntr=160 nval=40 nte=200)
2026-06-09 12:18:11 | INFO    | train_session_alignment | [align] bn_statistics_adaptation eegnet      single_sub-013_ses01-to-ses02 seed=3 acc=0.7050 (ntr=160 nval=40 nte=200)
2026-06-09 12:18:15 | INFO    | train_session_alignment | [align] bn_statistics_adaptation eegnet      single_sub-013_ses01-to-ses03 seed=3 acc=0.7150 (ntr=160 nval=40 nte=200)
2026-06-09 12:18:24 | INFO    | train_session_alignment | [align] bn_statistics_adaptation eegnet      single_sub-013_ses02-to-ses01 seed=3 acc=0.6500 (ntr=160 nval=40 nte=200)
2026-06-09 12:18:32 | INFO    | train_session_alignment | [align] bn_statistics_adaptation eegnet      single_sub-013_ses02-to-ses03 seed=3 acc=0.7450 (ntr=160 nval=40 nte=200)
2026-06-09 12:18:49 | INFO    | train_session_alignment | [align] bn_statistics_adaptation eegnet      single_sub-013_ses03-to-ses01 seed=3 acc=0.7400 (ntr=160 nval=40 nte=200)
2026-06-09 12:19:06 | INFO    | train_session_alignment | [align] bn_statistics_adaptation eegnet      single_sub-013_ses03-to-ses02 seed=3 acc=0.7000 (ntr=160 nval=40 nte=200)
2026-06-09 12:19:11 | INFO    | train_session_alignment | [align] bn_statistics_adaptation eegnet      single_sub-014_ses01-to-ses02 seed=3 acc=0.4850 (ntr=160 nval=40 nte=200)
2026-06-09 12:19:15 | INFO    | train_session_alignment | [align] bn_statistics_adaptation eegnet      single_sub-014_ses01-to-ses03 seed=3 acc=0.5250 (ntr=160 nval=40 nte=200)
2026-06-09 12:19:20 | INFO    | train_session_alignment | [align] bn_statistics_adaptation eegnet      single_sub-014_ses02-to-ses01 seed=3 acc=0.5150 (ntr=160 nval=40 nte=200)
2026-06-09 12:19:24 | INFO    | train_session_alignment | [align] bn_statistics_adaptation eegnet      single_sub-014_ses02-to-ses03 seed=3 acc=0.4800 (ntr=160 nval=40 nte=200)
2026-06-09 12:19:29 | INFO    | train_session_alignment | [align] bn_statistics_adaptation eegnet      single_sub-014_ses03-to-ses01 seed=3 acc=0.4900 (ntr=160 nval=40 nte=200)
2026-06-09 12:19:34 | INFO    | train_session_alignment | [align] bn_statistics_adaptation eegnet      single_sub-014_ses03-to-ses02 seed=3 acc=0.4950 (ntr=160 nval=40 nte=200)
2026-06-09 12:19:46 | INFO    | train_session_alignment | [align] bn_statistics_adaptation eegnet      single_sub-015_ses01-to-ses02 seed=3 acc=0.6000 (ntr=160 nval=40 nte=200)
2026-06-09 12:19:58 | INFO    | train_session_alignment | [align] bn_statistics_adaptation eegnet      single_sub-015_ses01-to-ses03 seed=3 acc=0.5300 (ntr=160 nval=40 nte=200)
2026-06-09 12:20:04 | INFO    | train_session_alignment | [align] bn_statistics_adaptation eegnet      single_sub-015_ses02-to-ses01 seed=3 acc=0.6100 (ntr=160 nval=40 nte=200)
2026-06-09 12:20:10 | INFO    | train_session_alignment | [align] bn_statistics_adaptation eegnet      single_sub-015_ses02-to-ses03 seed=3 acc=0.5000 (ntr=160 nval=40 nte=200)
2026-06-09 12:20:29 | INFO    | train_session_alignment | [align] bn_statistics_adaptation eegnet      single_sub-015_ses03-to-ses01 seed=3 acc=0.5750 (ntr=160 nval=40 nte=200)
2026-06-09 12:20:48 | INFO    | train_session_alignment | [align] bn_statistics_adaptation eegnet      single_sub-015_ses03-to-ses02 seed=3 acc=0.6700 (ntr=160 nval=40 nte=200)
2026-06-09 12:20:53 | INFO    | train_session_alignment | [align] bn_statistics_adaptation eegnet      single_sub-016_ses01-to-ses02 seed=3 acc=0.4950 (ntr=160 nval=40 nte=200)
2026-06-09 12:20:58 | INFO    | train_session_alignment | [align] bn_statistics_adaptation eegnet      single_sub-016_ses01-to-ses03 seed=3 acc=0.5550 (ntr=160 nval=40 nte=200)
2026-06-09 12:21:02 | INFO    | train_session_alignment | [align] bn_statistics_adaptation eegnet      single_sub-016_ses02-to-ses01 seed=3 acc=0.5300 (ntr=160 nval=40 nte=200)
2026-06-09 12:21:07 | INFO    | train_session_alignment | [align] bn_statistics_adaptation eegnet      single_sub-016_ses02-to-ses03 seed=3 acc=0.5400 (ntr=160 nval=40 nte=200)
2026-06-09 12:21:11 | INFO    | train_session_alignment | [align] bn_statistics_adaptation eegnet      single_sub-016_ses03-to-ses01 seed=3 acc=0.5800 (ntr=160 nval=40 nte=200)
2026-06-09 12:21:16 | INFO    | train_session_alignment | [align] bn_statistics_adaptation eegnet      single_sub-016_ses03-to-ses02 seed=3 acc=0.5600 (ntr=160 nval=40 nte=200)
2026-06-09 12:21:25 | INFO    | train_session_alignment | [align] bn_statistics_adaptation eegnet      single_sub-017_ses01-to-ses02 seed=3 acc=0.7550 (ntr=160 nval=40 nte=200)
2026-06-09 12:21:33 | INFO    | train_session_alignment | [align] bn_statistics_adaptation eegnet      single_sub-017_ses01-to-ses03 seed=3 acc=0.7000 (ntr=160 nval=40 nte=200)
2026-06-09 12:21:40 | INFO    | train_session_alignment | [align] bn_statistics_adaptation eegnet      single_sub-017_ses02-to-ses01 seed=3 acc=0.7450 (ntr=160 nval=40 nte=200)
2026-06-09 12:21:46 | INFO    | train_session_alignment | [align] bn_statistics_adaptation eegnet      single_sub-017_ses02-to-ses03 seed=3 acc=0.7500 (ntr=160 nval=40 nte=200)
2026-06-09 12:21:51 | INFO    | train_session_alignment | [align] bn_statistics_adaptation eegnet      single_sub-017_ses03-to-ses01 seed=3 acc=0.6450 (ntr=160 nval=40 nte=200)
2026-06-09 12:21:56 | INFO    | train_session_alignment | [align] bn_statistics_adaptation eegnet      single_sub-017_ses03-to-ses02 seed=3 acc=0.6650 (ntr=160 nval=40 nte=200)
2026-06-09 12:22:02 | INFO    | train_session_alignment | [align] bn_statistics_adaptation eegnet      single_sub-018_ses01-to-ses02 seed=3 acc=0.7200 (ntr=160 nval=40 nte=200)
2026-06-09 12:22:08 | INFO    | train_session_alignment | [align] bn_statistics_adaptation eegnet      single_sub-018_ses01-to-ses03 seed=3 acc=0.6250 (ntr=160 nval=40 nte=200)
2026-06-09 12:22:13 | INFO    | train_session_alignment | [align] bn_statistics_adaptation eegnet      single_sub-018_ses02-to-ses01 seed=3 acc=0.5200 (ntr=160 nval=40 nte=200)
2026-06-09 12:22:18 | INFO    | train_session_alignment | [align] bn_statistics_adaptation eegnet      single_sub-018_ses02-to-ses03 seed=3 acc=0.5900 (ntr=160 nval=40 nte=200)
2026-06-09 12:22:26 | INFO    | train_session_alignment | [align] bn_statistics_adaptation eegnet      single_sub-018_ses03-to-ses01 seed=3 acc=0.5500 (ntr=160 nval=40 nte=200)
2026-06-09 12:22:33 | INFO    | train_session_alignment | [align] bn_statistics_adaptation eegnet      single_sub-018_ses03-to-ses02 seed=3 acc=0.7450 (ntr=160 nval=40 nte=200)
2026-06-09 12:22:40 | INFO    | train_session_alignment | [align] bn_statistics_adaptation eegnet      single_sub-019_ses01-to-ses02 seed=3 acc=0.5700 (ntr=160 nval=40 nte=200)
2026-06-09 12:22:48 | INFO    | train_session_alignment | [align] bn_statistics_adaptation eegnet      single_sub-019_ses01-to-ses03 seed=3 acc=0.6150 (ntr=160 nval=40 nte=200)
2026-06-09 12:22:54 | INFO    | train_session_alignment | [align] bn_statistics_adaptation eegnet      single_sub-019_ses02-to-ses01 seed=3 acc=0.5700 (ntr=160 nval=40 nte=200)
2026-06-09 12:22:59 | INFO    | train_session_alignment | [align] bn_statistics_adaptation eegnet      single_sub-019_ses02-to-ses03 seed=3 acc=0.7450 (ntr=160 nval=40 nte=200)
2026-06-09 12:23:05 | INFO    | train_session_alignment | [align] bn_statistics_adaptation eegnet      single_sub-019_ses03-to-ses01 seed=3 acc=0.5550 (ntr=160 nval=40 nte=200)
2026-06-09 12:23:10 | INFO    | train_session_alignment | [align] bn_statistics_adaptation eegnet      single_sub-019_ses03-to-ses02 seed=3 acc=0.7300 (ntr=160 nval=40 nte=200)
2026-06-09 12:23:26 | INFO    | train_session_alignment | [align] bn_statistics_adaptation eegnet      single_sub-020_ses01-to-ses02 seed=3 acc=0.8600 (ntr=160 nval=40 nte=200)
2026-06-09 12:23:40 | INFO    | train_session_alignment | [align] bn_statistics_adaptation eegnet      single_sub-020_ses01-to-ses03 seed=3 acc=0.6000 (ntr=160 nval=40 nte=200)
2026-06-09 12:23:58 | INFO    | train_session_alignment | [align] bn_statistics_adaptation eegnet      single_sub-020_ses02-to-ses01 seed=3 acc=0.7100 (ntr=160 nval=40 nte=200)
2026-06-09 12:24:15 | INFO    | train_session_alignment | [align] bn_statistics_adaptation eegnet      single_sub-020_ses02-to-ses03 seed=3 acc=0.5650 (ntr=160 nval=40 nte=200)
2026-06-09 12:24:23 | INFO    | train_session_alignment | [align] bn_statistics_adaptation eegnet      single_sub-020_ses03-to-ses01 seed=3 acc=0.4600 (ntr=160 nval=40 nte=200)
2026-06-09 12:24:30 | INFO    | train_session_alignment | [align] bn_statistics_adaptation eegnet      single_sub-020_ses03-to-ses02 seed=3 acc=0.4800 (ntr=160 nval=40 nte=200)
2026-06-09 12:24:39 | INFO    | train_session_alignment | [align] bn_statistics_adaptation eegnet      single_sub-021_ses01-to-ses02 seed=3 acc=0.6850 (ntr=160 nval=40 nte=200)
2026-06-09 12:24:48 | INFO    | train_session_alignment | [align] bn_statistics_adaptation eegnet      single_sub-021_ses01-to-ses03 seed=3 acc=0.7600 (ntr=160 nval=40 nte=200)
2026-06-09 12:24:58 | INFO    | train_session_alignment | [align] bn_statistics_adaptation eegnet      single_sub-021_ses02-to-ses01 seed=3 acc=0.7450 (ntr=160 nval=40 nte=200)
2026-06-09 12:25:08 | INFO    | train_session_alignment | [align] bn_statistics_adaptation eegnet      single_sub-021_ses02-to-ses03 seed=3 acc=0.7950 (ntr=160 nval=40 nte=200)
2026-06-09 12:25:13 | INFO    | train_session_alignment | [align] bn_statistics_adaptation eegnet      single_sub-021_ses03-to-ses01 seed=3 acc=0.5350 (ntr=160 nval=40 nte=200)
2026-06-09 12:25:17 | INFO    | train_session_alignment | [align] bn_statistics_adaptation eegnet      single_sub-021_ses03-to-ses02 seed=3 acc=0.5000 (ntr=160 nval=40 nte=200)
2026-06-09 12:25:22 | INFO    | train_session_alignment | [align] bn_statistics_adaptation eegnet      single_sub-022_ses01-to-ses02 seed=3 acc=0.5200 (ntr=160 nval=40 nte=200)
2026-06-09 12:25:26 | INFO    | train_session_alignment | [align] bn_statistics_adaptation eegnet      single_sub-022_ses01-to-ses03 seed=3 acc=0.5850 (ntr=160 nval=40 nte=200)
2026-06-09 12:25:37 | INFO    | train_session_alignment | [align] bn_statistics_adaptation eegnet      single_sub-022_ses02-to-ses01 seed=3 acc=0.6150 (ntr=160 nval=40 nte=200)
2026-06-09 12:25:47 | INFO    | train_session_alignment | [align] bn_statistics_adaptation eegnet      single_sub-022_ses02-to-ses03 seed=3 acc=0.7500 (ntr=160 nval=40 nte=200)
2026-06-09 12:25:56 | INFO    | train_session_alignment | [align] bn_statistics_adaptation eegnet      single_sub-022_ses03-to-ses01 seed=3 acc=0.6300 (ntr=160 nval=40 nte=200)
2026-06-09 12:26:04 | INFO    | train_session_alignment | [align] bn_statistics_adaptation eegnet      single_sub-022_ses03-to-ses02 seed=3 acc=0.6350 (ntr=160 nval=40 nte=200)
2026-06-09 12:26:17 | INFO    | train_session_alignment | [align] bn_statistics_adaptation eegnet      single_sub-023_ses02-to-ses03 seed=3 acc=0.8800 (ntr=160 nval=40 nte=200)
2026-06-09 12:26:34 | INFO    | train_session_alignment | [align] bn_statistics_adaptation eegnet      single_sub-023_ses03-to-ses02 seed=3 acc=0.8100 (ntr=160 nval=40 nte=200)
2026-06-09 12:26:39 | INFO    | train_session_alignment | [align] bn_statistics_adaptation eegnet      single_sub-025_ses01-to-ses02 seed=3 acc=0.8750 (ntr=160 nval=40 nte=200)
2026-06-09 12:26:43 | INFO    | train_session_alignment | [align] bn_statistics_adaptation eegnet      single_sub-025_ses01-to-ses03 seed=3 acc=0.8050 (ntr=160 nval=40 nte=200)
2026-06-09 12:26:48 | INFO    | train_session_alignment | [align] bn_statistics_adaptation eegnet      single_sub-025_ses02-to-ses01 seed=3 acc=0.8450 (ntr=160 nval=40 nte=200)
2026-06-09 12:26:53 | INFO    | train_session_alignment | [align] bn_statistics_adaptation eegnet      single_sub-025_ses02-to-ses03 seed=3 acc=0.8250 (ntr=160 nval=40 nte=200)
2026-06-09 12:26:59 | INFO    | train_session_alignment | [align] bn_statistics_adaptation eegnet      single_sub-025_ses03-to-ses01 seed=3 acc=0.8550 (ntr=160 nval=40 nte=200)
2026-06-09 12:27:05 | INFO    | train_session_alignment | [align] bn_statistics_adaptation eegnet      single_sub-025_ses03-to-ses02 seed=3 acc=0.9050 (ntr=160 nval=40 nte=200)
2026-06-09 12:27:10 | INFO    | train_session_alignment | [align] bn_statistics_adaptation eegnet      single_sub-026_ses02-to-ses03 seed=3 acc=0.9250 (ntr=160 nval=40 nte=200)
2026-06-09 12:27:28 | INFO    | train_session_alignment | [align] bn_statistics_adaptation eegnet      single_sub-026_ses03-to-ses02 seed=3 acc=0.8450 (ntr=160 nval=40 nte=200)
2026-06-09 12:27:32 | INFO    | train_session_alignment | [align] bn_statistics_adaptation eegnet      single_sub-027_ses01-to-ses02 seed=3 acc=0.6150 (ntr=160 nval=40 nte=200)
2026-06-09 12:27:37 | INFO    | train_session_alignment | [align] bn_statistics_adaptation eegnet      single_sub-027_ses01-to-ses03 seed=3 acc=0.7000 (ntr=160 nval=40 nte=200)
2026-06-09 12:27:43 | INFO    | train_session_alignment | [align] bn_statistics_adaptation eegnet      single_sub-027_ses02-to-ses01 seed=3 acc=0.6600 (ntr=160 nval=40 nte=200)
2026-06-09 12:27:48 | INFO    | train_session_alignment | [align] bn_statistics_adaptation eegnet      single_sub-027_ses02-to-ses03 seed=3 acc=0.7300 (ntr=160 nval=40 nte=200)
2026-06-09 12:27:56 | INFO    | train_session_alignment | [align] bn_statistics_adaptation eegnet      single_sub-027_ses03-to-ses01 seed=3 acc=0.6900 (ntr=160 nval=40 nte=200)
2026-06-09 12:28:03 | INFO    | train_session_alignment | [align] bn_statistics_adaptation eegnet      single_sub-027_ses03-to-ses02 seed=3 acc=0.5150 (ntr=160 nval=40 nte=200)
2026-06-09 12:28:08 | INFO    | train_session_alignment | [align] bn_statistics_adaptation eegnet      single_sub-028_ses01-to-ses02 seed=3 acc=0.6900 (ntr=160 nval=40 nte=200)
2026-06-09 12:28:13 | INFO    | train_session_alignment | [align] bn_statistics_adaptation eegnet      single_sub-028_ses01-to-ses03 seed=3 acc=0.5250 (ntr=160 nval=40 nte=200)
2026-06-09 12:28:23 | INFO    | train_session_alignment | [align] bn_statistics_adaptation eegnet      single_sub-028_ses02-to-ses01 seed=3 acc=0.8650 (ntr=160 nval=40 nte=200)
2026-06-09 12:28:34 | INFO    | train_session_alignment | [align] bn_statistics_adaptation eegnet      single_sub-028_ses02-to-ses03 seed=3 acc=0.4850 (ntr=160 nval=40 nte=200)
2026-06-09 12:28:40 | INFO    | train_session_alignment | [align] bn_statistics_adaptation eegnet      single_sub-028_ses03-to-ses01 seed=3 acc=0.5750 (ntr=160 nval=40 nte=200)
2026-06-09 12:28:46 | INFO    | train_session_alignment | [align] bn_statistics_adaptation eegnet      single_sub-028_ses03-to-ses02 seed=3 acc=0.5650 (ntr=160 nval=40 nte=200)
2026-06-09 12:28:51 | INFO    | train_session_alignment | [align] bn_statistics_adaptation eegnet      single_sub-029_ses01-to-ses02 seed=3 acc=0.3000 (ntr=160 nval=40 nte=200)
2026-06-09 12:28:56 | INFO    | train_session_alignment | [align] bn_statistics_adaptation eegnet      single_sub-029_ses01-to-ses03 seed=3 acc=0.3550 (ntr=160 nval=40 nte=200)
2026-06-09 12:29:09 | INFO    | train_session_alignment | [align] bn_statistics_adaptation eegnet      single_sub-029_ses02-to-ses01 seed=3 acc=0.2900 (ntr=160 nval=40 nte=200)
2026-06-09 12:29:21 | INFO    | train_session_alignment | [align] bn_statistics_adaptation eegnet      single_sub-029_ses02-to-ses03 seed=3 acc=0.9100 (ntr=160 nval=40 nte=200)
2026-06-09 12:29:39 | INFO    | train_session_alignment | [align] bn_statistics_adaptation eegnet      single_sub-029_ses03-to-ses01 seed=3 acc=0.3650 (ntr=160 nval=40 nte=200)
2026-06-09 12:29:56 | INFO    | train_session_alignment | [align] bn_statistics_adaptation eegnet      single_sub-029_ses03-to-ses02 seed=3 acc=0.7750 (ntr=160 nval=40 nte=200)
2026-06-09 12:30:13 | INFO    | train_session_alignment | [align] bn_statistics_adaptation eegnet      single_sub-030_ses01-to-ses02 seed=3 acc=0.8900 (ntr=160 nval=40 nte=200)
2026-06-09 12:30:30 | INFO    | train_session_alignment | [align] bn_statistics_adaptation eegnet      single_sub-030_ses01-to-ses03 seed=3 acc=0.8550 (ntr=160 nval=40 nte=200)
2026-06-09 12:30:36 | INFO    | train_session_alignment | [align] bn_statistics_adaptation eegnet      single_sub-030_ses02-to-ses01 seed=3 acc=0.5000 (ntr=160 nval=40 nte=200)
2026-06-09 12:30:41 | INFO    | train_session_alignment | [align] bn_statistics_adaptation eegnet      single_sub-030_ses02-to-ses03 seed=3 acc=0.8450 (ntr=160 nval=40 nte=200)
2026-06-09 12:30:50 | INFO    | train_session_alignment | [align] bn_statistics_adaptation eegnet      single_sub-030_ses03-to-ses01 seed=3 acc=0.5050 (ntr=160 nval=40 nte=200)
2026-06-09 12:30:58 | INFO    | train_session_alignment | [align] bn_statistics_adaptation eegnet      single_sub-030_ses03-to-ses02 seed=3 acc=0.8700 (ntr=160 nval=40 nte=200)
2026-06-09 12:31:03 | INFO    | train_session_alignment | [align] bn_statistics_adaptation eegnet      single_sub-031_ses01-to-ses02 seed=3 acc=0.7000 (ntr=160 nval=40 nte=200)
2026-06-09 12:31:08 | INFO    | train_session_alignment | [align] bn_statistics_adaptation eegnet      single_sub-031_ses01-to-ses03 seed=3 acc=0.6500 (ntr=160 nval=40 nte=200)
2026-06-09 12:31:14 | INFO    | train_session_alignment | [align] bn_statistics_adaptation eegnet      single_sub-031_ses02-to-ses01 seed=3 acc=0.7450 (ntr=160 nval=40 nte=200)
2026-06-09 12:31:20 | INFO    | train_session_alignment | [align] bn_statistics_adaptation eegnet      single_sub-031_ses02-to-ses03 seed=3 acc=0.7600 (ntr=160 nval=40 nte=200)
2026-06-09 12:31:25 | INFO    | train_session_alignment | [align] bn_statistics_adaptation eegnet      single_sub-031_ses03-to-ses01 seed=3 acc=0.6750 (ntr=160 nval=40 nte=200)
2026-06-09 12:31:30 | INFO    | train_session_alignment | [align] bn_statistics_adaptation eegnet      single_sub-031_ses03-to-ses02 seed=3 acc=0.7950 (ntr=160 nval=40 nte=200)
2026-06-09 12:31:35 | INFO    | train_session_alignment | [align] bn_statistics_adaptation eegnet      single_sub-032_ses01-to-ses03 seed=3 acc=0.6050 (ntr=160 nval=40 nte=200)
2026-06-09 12:31:40 | INFO    | train_session_alignment | [align] bn_statistics_adaptation eegnet      single_sub-032_ses03-to-ses01 seed=3 acc=0.5700 (ntr=160 nval=40 nte=200)
2026-06-09 12:31:49 | INFO    | train_session_alignment | [align] bn_statistics_adaptation eegnet      single_sub-033_ses01-to-ses02 seed=3 acc=0.9150 (ntr=160 nval=40 nte=200)
2026-06-09 12:31:58 | INFO    | train_session_alignment | [align] bn_statistics_adaptation eegnet      single_sub-033_ses01-to-ses03 seed=3 acc=0.9000 (ntr=160 nval=40 nte=200)
2026-06-09 12:32:12 | INFO    | train_session_alignment | [align] bn_statistics_adaptation eegnet      single_sub-033_ses02-to-ses01 seed=3 acc=0.8600 (ntr=160 nval=40 nte=200)
2026-06-09 12:32:27 | INFO    | train_session_alignment | [align] bn_statistics_adaptation eegnet      single_sub-033_ses02-to-ses03 seed=3 acc=0.8700 (ntr=160 nval=40 nte=200)
2026-06-09 12:32:44 | INFO    | train_session_alignment | [align] bn_statistics_adaptation eegnet      single_sub-033_ses03-to-ses01 seed=3 acc=0.9000 (ntr=160 nval=40 nte=200)
2026-06-09 12:33:01 | INFO    | train_session_alignment | [align] bn_statistics_adaptation eegnet      single_sub-033_ses03-to-ses02 seed=3 acc=0.9000 (ntr=160 nval=40 nte=200)
2026-06-09 12:33:07 | INFO    | train_session_alignment | [align] bn_statistics_adaptation eegnet      single_sub-034_ses01-to-ses02 seed=3 acc=0.8250 (ntr=160 nval=40 nte=200)
2026-06-09 12:33:13 | INFO    | train_session_alignment | [align] bn_statistics_adaptation eegnet      single_sub-034_ses01-to-ses03 seed=3 acc=0.7650 (ntr=160 nval=40 nte=200)
2026-06-09 12:33:18 | INFO    | train_session_alignment | [align] bn_statistics_adaptation eegnet      single_sub-034_ses02-to-ses01 seed=3 acc=0.5850 (ntr=160 nval=40 nte=200)
2026-06-09 12:33:23 | INFO    | train_session_alignment | [align] bn_statistics_adaptation eegnet      single_sub-034_ses02-to-ses03 seed=3 acc=0.8850 (ntr=160 nval=40 nte=200)
2026-06-09 12:33:29 | INFO    | train_session_alignment | [align] bn_statistics_adaptation eegnet      single_sub-034_ses03-to-ses01 seed=3 acc=0.6400 (ntr=160 nval=40 nte=200)
2026-06-09 12:33:35 | INFO    | train_session_alignment | [align] bn_statistics_adaptation eegnet      single_sub-034_ses03-to-ses02 seed=3 acc=0.9200 (ntr=160 nval=40 nte=200)
2026-06-09 12:33:53 | INFO    | train_session_alignment | [align] bn_statistics_adaptation eegnet      single_sub-035_ses01-to-ses02 seed=3 acc=0.9300 (ntr=160 nval=40 nte=200)
2026-06-09 12:34:10 | INFO    | train_session_alignment | [align] bn_statistics_adaptation eegnet      single_sub-035_ses01-to-ses03 seed=3 acc=0.8950 (ntr=160 nval=40 nte=200)
2026-06-09 12:34:21 | INFO    | train_session_alignment | [align] bn_statistics_adaptation eegnet      single_sub-035_ses02-to-ses01 seed=3 acc=0.9500 (ntr=160 nval=40 nte=200)
2026-06-09 12:34:32 | INFO    | train_session_alignment | [align] bn_statistics_adaptation eegnet      single_sub-035_ses02-to-ses03 seed=3 acc=0.8150 (ntr=160 nval=40 nte=200)
2026-06-09 12:34:47 | INFO    | train_session_alignment | [align] bn_statistics_adaptation eegnet      single_sub-035_ses03-to-ses01 seed=3 acc=0.9500 (ntr=160 nval=40 nte=200)
2026-06-09 12:35:02 | INFO    | train_session_alignment | [align] bn_statistics_adaptation eegnet      single_sub-035_ses03-to-ses02 seed=3 acc=0.9200 (ntr=160 nval=40 nte=200)
2026-06-09 12:35:10 | INFO    | train_session_alignment | [align] bn_statistics_adaptation eegnet      single_sub-036_ses01-to-ses02 seed=3 acc=0.8800 (ntr=160 nval=40 nte=200)
2026-06-09 12:35:18 | INFO    | train_session_alignment | [align] bn_statistics_adaptation eegnet      single_sub-036_ses01-to-ses03 seed=3 acc=0.9200 (ntr=160 nval=40 nte=200)
2026-06-09 12:35:30 | INFO    | train_session_alignment | [align] bn_statistics_adaptation eegnet      single_sub-036_ses02-to-ses01 seed=3 acc=0.8350 (ntr=160 nval=40 nte=200)
2026-06-09 12:35:44 | INFO    | train_session_alignment | [align] bn_statistics_adaptation eegnet      single_sub-036_ses02-to-ses03 seed=3 acc=0.9650 (ntr=160 nval=40 nte=200)
2026-06-09 12:35:50 | INFO    | train_session_alignment | [align] bn_statistics_adaptation eegnet      single_sub-036_ses03-to-ses01 seed=3 acc=0.8150 (ntr=160 nval=40 nte=200)
2026-06-09 12:35:56 | INFO    | train_session_alignment | [align] bn_statistics_adaptation eegnet      single_sub-036_ses03-to-ses02 seed=3 acc=0.8950 (ntr=160 nval=40 nte=200)
2026-06-09 12:36:10 | INFO    | train_session_alignment | [align] bn_statistics_adaptation eegnet      single_sub-037_ses01-to-ses02 seed=3 acc=0.8800 (ntr=160 nval=40 nte=200)
2026-06-09 12:36:23 | INFO    | train_session_alignment | [align] bn_statistics_adaptation eegnet      single_sub-037_ses01-to-ses03 seed=3 acc=0.8650 (ntr=160 nval=40 nte=200)
2026-06-09 12:36:32 | INFO    | train_session_alignment | [align] bn_statistics_adaptation eegnet      single_sub-037_ses02-to-ses01 seed=3 acc=0.7000 (ntr=160 nval=40 nte=200)
2026-06-09 12:36:41 | INFO    | train_session_alignment | [align] bn_statistics_adaptation eegnet      single_sub-037_ses02-to-ses03 seed=3 acc=0.9000 (ntr=160 nval=40 nte=200)
2026-06-09 12:36:49 | INFO    | train_session_alignment | [align] bn_statistics_adaptation eegnet      single_sub-037_ses03-to-ses01 seed=3 acc=0.5450 (ntr=160 nval=40 nte=200)
2026-06-09 12:36:57 | INFO    | train_session_alignment | [align] bn_statistics_adaptation eegnet      single_sub-037_ses03-to-ses02 seed=3 acc=0.9150 (ntr=160 nval=40 nte=200)
2026-06-09 12:37:07 | INFO    | train_session_alignment | [align] bn_statistics_adaptation eegnet      single_sub-038_ses01-to-ses02 seed=3 acc=0.5900 (ntr=160 nval=40 nte=200)
2026-06-09 12:37:16 | INFO    | train_session_alignment | [align] bn_statistics_adaptation eegnet      single_sub-038_ses01-to-ses03 seed=3 acc=0.5450 (ntr=160 nval=40 nte=200)
2026-06-09 12:37:25 | INFO    | train_session_alignment | [align] bn_statistics_adaptation eegnet      single_sub-038_ses02-to-ses01 seed=3 acc=0.4800 (ntr=160 nval=40 nte=200)
2026-06-09 12:37:34 | INFO    | train_session_alignment | [align] bn_statistics_adaptation eegnet      single_sub-038_ses02-to-ses03 seed=3 acc=0.4850 (ntr=160 nval=40 nte=200)
2026-06-09 12:37:49 | INFO    | train_session_alignment | [align] bn_statistics_adaptation eegnet      single_sub-038_ses03-to-ses01 seed=3 acc=0.5450 (ntr=160 nval=40 nte=200)
2026-06-09 12:38:04 | INFO    | train_session_alignment | [align] bn_statistics_adaptation eegnet      single_sub-038_ses03-to-ses02 seed=3 acc=0.4650 (ntr=160 nval=40 nte=200)
2026-06-09 12:38:08 | INFO    | train_session_alignment | [align] bn_statistics_adaptation eegnet      single_sub-039_ses01-to-ses02 seed=3 acc=0.4850 (ntr=160 nval=40 nte=200)
2026-06-09 12:38:12 | INFO    | train_session_alignment | [align] bn_statistics_adaptation eegnet      single_sub-039_ses01-to-ses03 seed=3 acc=0.4250 (ntr=160 nval=40 nte=200)
2026-06-09 12:38:18 | INFO    | train_session_alignment | [align] bn_statistics_adaptation eegnet      single_sub-039_ses02-to-ses01 seed=3 acc=0.4100 (ntr=160 nval=40 nte=200)
2026-06-09 12:38:24 | INFO    | train_session_alignment | [align] bn_statistics_adaptation eegnet      single_sub-039_ses02-to-ses03 seed=3 acc=0.5750 (ntr=160 nval=40 nte=200)
2026-06-09 12:38:30 | INFO    | train_session_alignment | [align] bn_statistics_adaptation eegnet      single_sub-039_ses03-to-ses01 seed=3 acc=0.4900 (ntr=160 nval=40 nte=200)
2026-06-09 12:38:37 | INFO    | train_session_alignment | [align] bn_statistics_adaptation eegnet      single_sub-039_ses03-to-ses02 seed=3 acc=0.5250 (ntr=160 nval=40 nte=200)
2026-06-09 12:38:41 | INFO    | train_session_alignment | [align] bn_statistics_adaptation eegnet      single_sub-040_ses01-to-ses02 seed=3 acc=0.5950 (ntr=160 nval=40 nte=200)
2026-06-09 12:38:45 | INFO    | train_session_alignment | [align] bn_statistics_adaptation eegnet      single_sub-040_ses01-to-ses03 seed=3 acc=0.6200 (ntr=160 nval=40 nte=200)
2026-06-09 12:38:49 | INFO    | train_session_alignment | [align] bn_statistics_adaptation eegnet      single_sub-040_ses02-to-ses01 seed=3 acc=0.5600 (ntr=160 nval=40 nte=200)
2026-06-09 12:38:54 | INFO    | train_session_alignment | [align] bn_statistics_adaptation eegnet      single_sub-040_ses02-to-ses03 seed=3 acc=0.6350 (ntr=160 nval=40 nte=200)
2026-06-09 12:39:01 | INFO    | train_session_alignment | [align] bn_statistics_adaptation eegnet      single_sub-040_ses03-to-ses01 seed=3 acc=0.6750 (ntr=160 nval=40 nte=200)
2026-06-09 12:39:07 | INFO    | train_session_alignment | [align] bn_statistics_adaptation eegnet      single_sub-040_ses03-to-ses02 seed=3 acc=0.6250 (ntr=160 nval=40 nte=200)
2026-06-09 12:39:13 | INFO    | train_session_alignment | [align] bn_statistics_adaptation eegnet      single_sub-041_ses01-to-ses02 seed=3 acc=0.8000 (ntr=160 nval=40 nte=200)
2026-06-09 12:39:19 | INFO    | train_session_alignment | [align] bn_statistics_adaptation eegnet      single_sub-041_ses01-to-ses03 seed=3 acc=0.8350 (ntr=160 nval=40 nte=200)
2026-06-09 12:39:25 | INFO    | train_session_alignment | [align] bn_statistics_adaptation eegnet      single_sub-041_ses02-to-ses01 seed=3 acc=0.8900 (ntr=160 nval=40 nte=200)
2026-06-09 12:39:31 | INFO    | train_session_alignment | [align] bn_statistics_adaptation eegnet      single_sub-041_ses02-to-ses03 seed=3 acc=0.9100 (ntr=160 nval=40 nte=200)
2026-06-09 12:39:40 | INFO    | train_session_alignment | [align] bn_statistics_adaptation eegnet      single_sub-041_ses03-to-ses01 seed=3 acc=0.8250 (ntr=160 nval=40 nte=200)
2026-06-09 12:39:49 | INFO    | train_session_alignment | [align] bn_statistics_adaptation eegnet      single_sub-041_ses03-to-ses02 seed=3 acc=0.8300 (ntr=160 nval=40 nte=200)
2026-06-09 12:40:00 | INFO    | train_session_alignment | [align] bn_statistics_adaptation eegnet      single_sub-042_ses01-to-ses02 seed=3 acc=0.6750 (ntr=160 nval=40 nte=200)
2026-06-09 12:40:11 | INFO    | train_session_alignment | [align] bn_statistics_adaptation eegnet      single_sub-042_ses01-to-ses03 seed=3 acc=0.5850 (ntr=160 nval=40 nte=200)
2026-06-09 12:40:17 | INFO    | train_session_alignment | [align] bn_statistics_adaptation eegnet      single_sub-042_ses02-to-ses01 seed=3 acc=0.6350 (ntr=160 nval=40 nte=200)
2026-06-09 12:40:23 | INFO    | train_session_alignment | [align] bn_statistics_adaptation eegnet      single_sub-042_ses02-to-ses03 seed=3 acc=0.6150 (ntr=160 nval=40 nte=200)
2026-06-09 12:40:27 | INFO    | train_session_alignment | [align] bn_statistics_adaptation eegnet      single_sub-042_ses03-to-ses01 seed=3 acc=0.6300 (ntr=160 nval=40 nte=200)
2026-06-09 12:40:32 | INFO    | train_session_alignment | [align] bn_statistics_adaptation eegnet      single_sub-042_ses03-to-ses02 seed=3 acc=0.5000 (ntr=160 nval=40 nte=200)
2026-06-09 12:40:37 | INFO    | train_session_alignment | [align] bn_statistics_adaptation eegnet      single_sub-043_ses01-to-ses02 seed=3 acc=0.8700 (ntr=160 nval=40 nte=200)
2026-06-09 12:40:42 | INFO    | train_session_alignment | [align] bn_statistics_adaptation eegnet      single_sub-043_ses01-to-ses03 seed=3 acc=0.8750 (ntr=160 nval=40 nte=200)
2026-06-09 12:40:56 | INFO    | train_session_alignment | [align] bn_statistics_adaptation eegnet      single_sub-043_ses02-to-ses01 seed=3 acc=0.9100 (ntr=160 nval=40 nte=200)
2026-06-09 12:41:11 | INFO    | train_session_alignment | [align] bn_statistics_adaptation eegnet      single_sub-043_ses02-to-ses03 seed=3 acc=0.8750 (ntr=160 nval=40 nte=200)
2026-06-09 12:41:16 | INFO    | train_session_alignment | [align] bn_statistics_adaptation eegnet      single_sub-043_ses03-to-ses01 seed=3 acc=0.9350 (ntr=160 nval=40 nte=200)
2026-06-09 12:41:20 | INFO    | train_session_alignment | [align] bn_statistics_adaptation eegnet      single_sub-043_ses03-to-ses02 seed=3 acc=0.9300 (ntr=160 nval=40 nte=200)
2026-06-09 12:41:25 | INFO    | train_session_alignment | [align] bn_statistics_adaptation eegnet      single_sub-044_ses01-to-ses02 seed=3 acc=0.5200 (ntr=160 nval=40 nte=200)
2026-06-09 12:41:29 | INFO    | train_session_alignment | [align] bn_statistics_adaptation eegnet      single_sub-044_ses01-to-ses03 seed=3 acc=0.5800 (ntr=160 nval=40 nte=200)
2026-06-09 12:41:38 | INFO    | train_session_alignment | [align] bn_statistics_adaptation eegnet      single_sub-044_ses02-to-ses01 seed=3 acc=0.6050 (ntr=160 nval=40 nte=200)
2026-06-09 12:41:47 | INFO    | train_session_alignment | [align] bn_statistics_adaptation eegnet      single_sub-044_ses02-to-ses03 seed=3 acc=0.6950 (ntr=160 nval=40 nte=200)
2026-06-09 12:41:52 | INFO    | train_session_alignment | [align] bn_statistics_adaptation eegnet      single_sub-044_ses03-to-ses01 seed=3 acc=0.6650 (ntr=160 nval=40 nte=200)
2026-06-09 12:41:57 | INFO    | train_session_alignment | [align] bn_statistics_adaptation eegnet      single_sub-044_ses03-to-ses02 seed=3 acc=0.7450 (ntr=160 nval=40 nte=200)
2026-06-09 12:42:07 | INFO    | train_session_alignment | [align] bn_statistics_adaptation eegnet      single_sub-045_ses01-to-ses02 seed=3 acc=0.7700 (ntr=160 nval=40 nte=200)
2026-06-09 12:42:16 | INFO    | train_session_alignment | [align] bn_statistics_adaptation eegnet      single_sub-045_ses01-to-ses03 seed=3 acc=0.8500 (ntr=160 nval=40 nte=200)
2026-06-09 12:42:26 | INFO    | train_session_alignment | [align] bn_statistics_adaptation eegnet      single_sub-045_ses02-to-ses01 seed=3 acc=0.7600 (ntr=160 nval=40 nte=200)
2026-06-09 12:42:36 | INFO    | train_session_alignment | [align] bn_statistics_adaptation eegnet      single_sub-045_ses02-to-ses03 seed=3 acc=0.7500 (ntr=160 nval=40 nte=200)
2026-06-09 12:42:43 | INFO    | train_session_alignment | [align] bn_statistics_adaptation eegnet      single_sub-045_ses03-to-ses01 seed=3 acc=0.7850 (ntr=160 nval=40 nte=200)
2026-06-09 12:42:49 | INFO    | train_session_alignment | [align] bn_statistics_adaptation eegnet      single_sub-045_ses03-to-ses02 seed=3 acc=0.8200 (ntr=160 nval=40 nte=200)
2026-06-09 12:43:07 | INFO    | train_session_alignment | [align] bn_statistics_adaptation eegnet      single_sub-046_ses01-to-ses02 seed=3 acc=0.9750 (ntr=160 nval=40 nte=200)
2026-06-09 12:43:24 | INFO    | train_session_alignment | [align] bn_statistics_adaptation eegnet      single_sub-046_ses01-to-ses03 seed=3 acc=0.9350 (ntr=160 nval=40 nte=200)
2026-06-09 12:43:41 | INFO    | train_session_alignment | [align] bn_statistics_adaptation eegnet      single_sub-046_ses02-to-ses01 seed=3 acc=0.9700 (ntr=160 nval=40 nte=200)
2026-06-09 12:43:59 | INFO    | train_session_alignment | [align] bn_statistics_adaptation eegnet      single_sub-046_ses02-to-ses03 seed=3 acc=0.9250 (ntr=160 nval=40 nte=200)
2026-06-09 12:44:09 | INFO    | train_session_alignment | [align] bn_statistics_adaptation eegnet      single_sub-046_ses03-to-ses01 seed=3 acc=0.9750 (ntr=160 nval=40 nte=200)
2026-06-09 12:44:19 | INFO    | train_session_alignment | [align] bn_statistics_adaptation eegnet      single_sub-046_ses03-to-ses02 seed=3 acc=0.9750 (ntr=160 nval=40 nte=200)
2026-06-09 12:44:25 | INFO    | train_session_alignment | [align] bn_statistics_adaptation eegnet      single_sub-047_ses01-to-ses02 seed=3 acc=0.7750 (ntr=160 nval=40 nte=200)
2026-06-09 12:44:31 | INFO    | train_session_alignment | [align] bn_statistics_adaptation eegnet      single_sub-047_ses01-to-ses03 seed=3 acc=0.7450 (ntr=160 nval=40 nte=200)
2026-06-09 12:44:45 | INFO    | train_session_alignment | [align] bn_statistics_adaptation eegnet      single_sub-047_ses02-to-ses01 seed=3 acc=0.7950 (ntr=160 nval=40 nte=200)
2026-06-09 12:44:58 | INFO    | train_session_alignment | [align] bn_statistics_adaptation eegnet      single_sub-047_ses02-to-ses03 seed=3 acc=0.7250 (ntr=160 nval=40 nte=200)
2026-06-09 12:45:13 | INFO    | train_session_alignment | [align] bn_statistics_adaptation eegnet      single_sub-047_ses03-to-ses01 seed=3 acc=0.7400 (ntr=160 nval=40 nte=200)
2026-06-09 12:45:28 | INFO    | train_session_alignment | [align] bn_statistics_adaptation eegnet      single_sub-047_ses03-to-ses02 seed=3 acc=0.7500 (ntr=160 nval=40 nte=200)
2026-06-09 12:45:33 | INFO    | train_session_alignment | [align] bn_statistics_adaptation eegnet      single_sub-048_ses01-to-ses02 seed=3 acc=0.8150 (ntr=160 nval=40 nte=200)
2026-06-09 12:45:37 | INFO    | train_session_alignment | [align] bn_statistics_adaptation eegnet      single_sub-048_ses01-to-ses03 seed=3 acc=0.7900 (ntr=160 nval=40 nte=200)
2026-06-09 12:45:43 | INFO    | train_session_alignment | [align] bn_statistics_adaptation eegnet      single_sub-048_ses02-to-ses01 seed=3 acc=0.7800 (ntr=160 nval=40 nte=200)
2026-06-09 12:45:49 | INFO    | train_session_alignment | [align] bn_statistics_adaptation eegnet      single_sub-048_ses02-to-ses03 seed=3 acc=0.7800 (ntr=160 nval=40 nte=200)
2026-06-09 12:45:55 | INFO    | train_session_alignment | [align] bn_statistics_adaptation eegnet      single_sub-048_ses03-to-ses01 seed=3 acc=0.8000 (ntr=160 nval=40 nte=200)
2026-06-09 12:46:01 | INFO    | train_session_alignment | [align] bn_statistics_adaptation eegnet      single_sub-048_ses03-to-ses02 seed=3 acc=0.8200 (ntr=160 nval=40 nte=200)
2026-06-09 12:46:09 | INFO    | train_session_alignment | [align] bn_statistics_adaptation eegnet      single_sub-049_ses01-to-ses02 seed=3 acc=0.5500 (ntr=160 nval=40 nte=200)
2026-06-09 12:46:16 | INFO    | train_session_alignment | [align] bn_statistics_adaptation eegnet      single_sub-049_ses01-to-ses03 seed=3 acc=0.6650 (ntr=160 nval=40 nte=200)
2026-06-09 12:46:27 | INFO    | train_session_alignment | [align] bn_statistics_adaptation eegnet      single_sub-049_ses02-to-ses01 seed=3 acc=0.8900 (ntr=160 nval=40 nte=200)
2026-06-09 12:46:37 | INFO    | train_session_alignment | [align] bn_statistics_adaptation eegnet      single_sub-049_ses02-to-ses03 seed=3 acc=0.8400 (ntr=160 nval=40 nte=200)
2026-06-09 12:46:43 | INFO    | train_session_alignment | [align] bn_statistics_adaptation eegnet      single_sub-049_ses03-to-ses01 seed=3 acc=0.7600 (ntr=160 nval=40 nte=200)
2026-06-09 12:46:49 | INFO    | train_session_alignment | [align] bn_statistics_adaptation eegnet      single_sub-049_ses03-to-ses02 seed=3 acc=0.6850 (ntr=160 nval=40 nte=200)
2026-06-09 12:46:58 | INFO    | train_session_alignment | [align] bn_statistics_adaptation eegnet      single_sub-050_ses01-to-ses02 seed=3 acc=0.9100 (ntr=160 nval=40 nte=200)
2026-06-09 12:47:06 | INFO    | train_session_alignment | [align] bn_statistics_adaptation eegnet      single_sub-050_ses01-to-ses03 seed=3 acc=0.8600 (ntr=160 nval=40 nte=200)
2026-06-09 12:47:12 | INFO    | train_session_alignment | [align] bn_statistics_adaptation eegnet      single_sub-050_ses02-to-ses01 seed=3 acc=0.7750 (ntr=160 nval=40 nte=200)
2026-06-09 12:47:17 | INFO    | train_session_alignment | [align] bn_statistics_adaptation eegnet      single_sub-050_ses02-to-ses03 seed=3 acc=0.9400 (ntr=160 nval=40 nte=200)
2026-06-09 12:47:30 | INFO    | train_session_alignment | [align] bn_statistics_adaptation eegnet      single_sub-050_ses03-to-ses01 seed=3 acc=0.7650 (ntr=160 nval=40 nte=200)
2026-06-09 12:47:43 | INFO    | train_session_alignment | [align] bn_statistics_adaptation eegnet      single_sub-050_ses03-to-ses02 seed=3 acc=0.9200 (ntr=160 nval=40 nte=200)
2026-06-09 12:47:55 | INFO    | train_session_alignment | [align] bn_statistics_adaptation eegnet      single_sub-051_ses01-to-ses02 seed=3 acc=0.5900 (ntr=160 nval=40 nte=200)
2026-06-09 12:48:07 | INFO    | train_session_alignment | [align] bn_statistics_adaptation eegnet      single_sub-051_ses01-to-ses03 seed=3 acc=0.8500 (ntr=160 nval=40 nte=200)
2026-06-09 12:48:13 | INFO    | train_session_alignment | [align] bn_statistics_adaptation eegnet      single_sub-051_ses02-to-ses01 seed=3 acc=0.7800 (ntr=160 nval=40 nte=200)
2026-06-09 12:48:19 | INFO    | train_session_alignment | [align] bn_statistics_adaptation eegnet      single_sub-051_ses02-to-ses03 seed=3 acc=0.8250 (ntr=160 nval=40 nte=200)
2026-06-09 12:48:26 | INFO    | train_session_alignment | [align] bn_statistics_adaptation eegnet      single_sub-051_ses03-to-ses01 seed=3 acc=0.7350 (ntr=160 nval=40 nte=200)
2026-06-09 12:48:32 | INFO    | train_session_alignment | [align] bn_statistics_adaptation eegnet      single_sub-051_ses03-to-ses02 seed=3 acc=0.7450 (ntr=160 nval=40 nte=200)
2026-06-09 12:48:42 | INFO    | train_session_alignment | [align] bn_statistics_adaptation eegnet      multi_sub-001_ses01ses02-to-ses03 seed=3 acc=0.9750 (ntr=320 nval=80 nte=200)
2026-06-09 12:48:48 | INFO    | train_session_alignment | [align] bn_statistics_adaptation eegnet      multi_sub-002_ses01ses02-to-ses03 seed=3 acc=0.6600 (ntr=320 nval=80 nte=200)
2026-06-09 12:48:55 | INFO    | train_session_alignment | [align] bn_statistics_adaptation eegnet      multi_sub-003_ses01ses02-to-ses03 seed=3 acc=0.7150 (ntr=320 nval=80 nte=200)
2026-06-09 12:49:01 | INFO    | train_session_alignment | [align] bn_statistics_adaptation eegnet      multi_sub-004_ses01ses02-to-ses03 seed=3 acc=0.5150 (ntr=320 nval=80 nte=200)
2026-06-09 12:49:12 | INFO    | train_session_alignment | [align] bn_statistics_adaptation eegnet      multi_sub-005_ses01ses02-to-ses03 seed=3 acc=0.7600 (ntr=320 nval=80 nte=200)
2026-06-09 12:49:23 | INFO    | train_session_alignment | [align] bn_statistics_adaptation eegnet      multi_sub-006_ses01ses02-to-ses03 seed=3 acc=0.9450 (ntr=320 nval=80 nte=200)
2026-06-09 12:49:30 | INFO    | train_session_alignment | [align] bn_statistics_adaptation eegnet      multi_sub-007_ses01ses02-to-ses03 seed=3 acc=0.8850 (ntr=320 nval=80 nte=200)
2026-06-09 12:49:39 | INFO    | train_session_alignment | [align] bn_statistics_adaptation eegnet      multi_sub-008_ses01ses02-to-ses03 seed=3 acc=0.8700 (ntr=320 nval=80 nte=200)
2026-06-09 12:49:45 | INFO    | train_session_alignment | [align] bn_statistics_adaptation eegnet      multi_sub-009_ses01ses02-to-ses03 seed=3 acc=0.6450 (ntr=320 nval=80 nte=200)
2026-06-09 12:49:52 | INFO    | train_session_alignment | [align] bn_statistics_adaptation eegnet      multi_sub-010_ses01ses02-to-ses03 seed=3 acc=0.5800 (ntr=320 nval=80 nte=200)
2026-06-09 12:50:02 | INFO    | train_session_alignment | [align] bn_statistics_adaptation eegnet      multi_sub-011_ses01ses02-to-ses03 seed=3 acc=0.9550 (ntr=320 nval=80 nte=200)
2026-06-09 12:50:07 | INFO    | train_session_alignment | [align] bn_statistics_adaptation eegnet      multi_sub-012_ses01ses02-to-ses03 seed=3 acc=0.5350 (ntr=320 nval=80 nte=200)
2026-06-09 12:50:16 | INFO    | train_session_alignment | [align] bn_statistics_adaptation eegnet      multi_sub-013_ses01ses02-to-ses03 seed=3 acc=0.7800 (ntr=320 nval=80 nte=200)
2026-06-09 12:50:21 | INFO    | train_session_alignment | [align] bn_statistics_adaptation eegnet      multi_sub-014_ses01ses02-to-ses03 seed=3 acc=0.5050 (ntr=320 nval=80 nte=200)
2026-06-09 12:50:31 | INFO    | train_session_alignment | [align] bn_statistics_adaptation eegnet      multi_sub-015_ses01ses02-to-ses03 seed=3 acc=0.6500 (ntr=320 nval=80 nte=200)
2026-06-09 12:50:37 | INFO    | train_session_alignment | [align] bn_statistics_adaptation eegnet      multi_sub-016_ses01ses02-to-ses03 seed=3 acc=0.5850 (ntr=320 nval=80 nte=200)
2026-06-09 12:50:42 | INFO    | train_session_alignment | [align] bn_statistics_adaptation eegnet      multi_sub-017_ses01ses02-to-ses03 seed=3 acc=0.7900 (ntr=320 nval=80 nte=200)
2026-06-09 12:50:56 | INFO    | train_session_alignment | [align] bn_statistics_adaptation eegnet      multi_sub-018_ses01ses02-to-ses03 seed=3 acc=0.6550 (ntr=320 nval=80 nte=200)
2026-06-09 12:51:03 | INFO    | train_session_alignment | [align] bn_statistics_adaptation eegnet      multi_sub-019_ses01ses02-to-ses03 seed=3 acc=0.8100 (ntr=320 nval=80 nte=200)
2026-06-09 12:51:18 | INFO    | train_session_alignment | [align] bn_statistics_adaptation eegnet      multi_sub-020_ses01ses02-to-ses03 seed=3 acc=0.5200 (ntr=320 nval=80 nte=200)
2026-06-09 12:51:34 | INFO    | train_session_alignment | [align] bn_statistics_adaptation eegnet      multi_sub-021_ses01ses02-to-ses03 seed=3 acc=0.8150 (ntr=320 nval=80 nte=200)
2026-06-09 12:51:43 | INFO    | train_session_alignment | [align] bn_statistics_adaptation eegnet      multi_sub-022_ses01ses02-to-ses03 seed=3 acc=0.7800 (ntr=320 nval=80 nte=200)
2026-06-09 12:51:50 | INFO    | train_session_alignment | [align] bn_statistics_adaptation eegnet      multi_sub-025_ses01ses02-to-ses03 seed=3 acc=0.8400 (ntr=320 nval=80 nte=200)
2026-06-09 12:51:58 | INFO    | train_session_alignment | [align] bn_statistics_adaptation eegnet      multi_sub-027_ses01ses02-to-ses03 seed=3 acc=0.7950 (ntr=320 nval=80 nte=200)
2026-06-09 12:52:08 | INFO    | train_session_alignment | [align] bn_statistics_adaptation eegnet      multi_sub-028_ses01ses02-to-ses03 seed=3 acc=0.5350 (ntr=320 nval=80 nte=200)
2026-06-09 12:52:15 | INFO    | train_session_alignment | [align] bn_statistics_adaptation eegnet      multi_sub-029_ses01ses02-to-ses03 seed=3 acc=0.7900 (ntr=320 nval=80 nte=200)
2026-06-09 12:52:31 | INFO    | train_session_alignment | [align] bn_statistics_adaptation eegnet      multi_sub-030_ses01ses02-to-ses03 seed=3 acc=0.7700 (ntr=320 nval=80 nte=200)
2026-06-09 12:52:37 | INFO    | train_session_alignment | [align] bn_statistics_adaptation eegnet      multi_sub-031_ses01ses02-to-ses03 seed=3 acc=0.6900 (ntr=320 nval=80 nte=200)
2026-06-09 12:52:52 | INFO    | train_session_alignment | [align] bn_statistics_adaptation eegnet      multi_sub-033_ses01ses02-to-ses03 seed=3 acc=0.9250 (ntr=320 nval=80 nte=200)
2026-06-09 12:52:59 | INFO    | train_session_alignment | [align] bn_statistics_adaptation eegnet      multi_sub-034_ses01ses02-to-ses03 seed=3 acc=0.8400 (ntr=320 nval=80 nte=200)
2026-06-09 12:53:20 | INFO    | train_session_alignment | [align] bn_statistics_adaptation eegnet      multi_sub-035_ses01ses02-to-ses03 seed=3 acc=0.9500 (ntr=320 nval=80 nte=200)
2026-06-09 12:53:33 | INFO    | train_session_alignment | [align] bn_statistics_adaptation eegnet      multi_sub-036_ses01ses02-to-ses03 seed=3 acc=0.9750 (ntr=320 nval=80 nte=200)
2026-06-09 12:53:54 | INFO    | train_session_alignment | [align] bn_statistics_adaptation eegnet      multi_sub-037_ses01ses02-to-ses03 seed=3 acc=0.9100 (ntr=320 nval=80 nte=200)
2026-06-09 12:54:07 | INFO    | train_session_alignment | [align] bn_statistics_adaptation eegnet      multi_sub-038_ses01ses02-to-ses03 seed=3 acc=0.4600 (ntr=320 nval=80 nte=200)
2026-06-09 12:54:14 | INFO    | train_session_alignment | [align] bn_statistics_adaptation eegnet      multi_sub-039_ses01ses02-to-ses03 seed=3 acc=0.4600 (ntr=320 nval=80 nte=200)
2026-06-09 12:54:21 | INFO    | train_session_alignment | [align] bn_statistics_adaptation eegnet      multi_sub-040_ses01ses02-to-ses03 seed=3 acc=0.7850 (ntr=320 nval=80 nte=200)
2026-06-09 12:54:29 | INFO    | train_session_alignment | [align] bn_statistics_adaptation eegnet      multi_sub-041_ses01ses02-to-ses03 seed=3 acc=0.8950 (ntr=320 nval=80 nte=200)
2026-06-09 12:54:40 | INFO    | train_session_alignment | [align] bn_statistics_adaptation eegnet      multi_sub-042_ses01ses02-to-ses03 seed=3 acc=0.6750 (ntr=320 nval=80 nte=200)
2026-06-09 12:54:50 | INFO    | train_session_alignment | [align] bn_statistics_adaptation eegnet      multi_sub-043_ses01ses02-to-ses03 seed=3 acc=0.9150 (ntr=320 nval=80 nte=200)
2026-06-09 12:54:57 | INFO    | train_session_alignment | [align] bn_statistics_adaptation eegnet      multi_sub-044_ses01ses02-to-ses03 seed=3 acc=0.7350 (ntr=320 nval=80 nte=200)
2026-06-09 12:55:04 | INFO    | train_session_alignment | [align] bn_statistics_adaptation eegnet      multi_sub-045_ses01ses02-to-ses03 seed=3 acc=0.8650 (ntr=320 nval=80 nte=200)
2026-06-09 12:55:20 | INFO    | train_session_alignment | [align] bn_statistics_adaptation eegnet      multi_sub-046_ses01ses02-to-ses03 seed=3 acc=0.9600 (ntr=320 nval=80 nte=200)
2026-06-09 12:55:29 | INFO    | train_session_alignment | [align] bn_statistics_adaptation eegnet      multi_sub-047_ses01ses02-to-ses03 seed=3 acc=0.8750 (ntr=320 nval=80 nte=200)
2026-06-09 12:55:39 | INFO    | train_session_alignment | [align] bn_statistics_adaptation eegnet      multi_sub-048_ses01ses02-to-ses03 seed=3 acc=0.8450 (ntr=320 nval=80 nte=200)
2026-06-09 12:55:51 | INFO    | train_session_alignment | [align] bn_statistics_adaptation eegnet      multi_sub-049_ses01ses02-to-ses03 seed=3 acc=0.8700 (ntr=320 nval=80 nte=200)
2026-06-09 12:56:02 | INFO    | train_session_alignment | [align] bn_statistics_adaptation eegnet      multi_sub-050_ses01ses02-to-ses03 seed=3 acc=0.9700 (ntr=320 nval=80 nte=200)
2026-06-09 12:56:14 | INFO    | train_session_alignment | [align] bn_statistics_adaptation eegnet      multi_sub-051_ses01ses02-to-ses03 seed=3 acc=0.9050 (ntr=320 nval=80 nte=200)
2026-06-09 12:56:14 | INFO    | train_session_alignment | ALL DONE in 2884.3s | rows=335 ok=335 failed=0 | out=/share/home/yuan/SYX/eeg-mi-online/outputs/experiments/alignment_baseline_v1
Done: Tue Jun  9 12:56:15 CST 2026
