Project: /share/home/yuan/SYX/eeg-mi-online
Env    : mi_torch_cu118
Args   : --methods euclidean_alignment --models eegnet --seeds 1 --protocols single,multi --tag-suffix euclidean_alignment_eegnet_s1
Node   : gpu01 | Start: Tue Jun  9 05:16:06 CST 2026
Tue Jun  9 05:16:07 2026       
+-----------------------------------------------------------------------------------------+
| NVIDIA-SMI 570.153.02             Driver Version: 570.153.02     CUDA Version: 12.8     |
|-----------------------------------------+------------------------+----------------------+
| GPU  Name                 Persistence-M | Bus-Id          Disp.A | Volatile Uncorr. ECC |
| Fan  Temp   Perf          Pwr:Usage/Cap |           Memory-Usage | GPU-Util  Compute M. |
|                                         |                        |               MIG M. |
|=========================================+========================+======================|
|   0  NVIDIA GeForce RTX 4090 D      On  |   00000000:21:00.0 Off |                  Off |
| 41%   45C    P0             67W /  425W |       1MiB /  24564MiB |      0%      Default |
|                                         |                        |                  N/A |
+-----------------------------------------+------------------------+----------------------+
                                                                                         
+-----------------------------------------------------------------------------------------+
| Processes:                                                                              |
|  GPU   GI   CI              PID   Type   Process name                        GPU Memory |
|        ID   ID                                                               Usage      |
|=========================================================================================|
|  No running processes found                                                             |
+-----------------------------------------------------------------------------------------+
[cuda-check] torch=2.7.1+cu118 cuda_build=11.8 cuda_avail=True
2026-06-09 05:16:10 | INFO    | train_session_alignment | device=cuda | cuda={'torch': '2.7.1+cu118', 'cuda_build': '11.8', 'cuda_available': True, 'device': 'cuda', 'device_name': 'NVIDIA GeForce RTX 4090 D'}
2026-06-09 05:16:10 | INFO    | train_session_alignment | loaded 148 ok sessions | methods=['euclidean_alignment'] | models=['eegnet'] | seeds=[1] | groups=['single', 'multi'] | tasks=335
2026-06-09 05:16:18 | INFO    | train_session_alignment | [align] euclidean_alignment    eegnet      single_sub-001_ses01-to-ses02 seed=1 acc=0.6600 (ntr=160 nval=40 nte=200)
2026-06-09 05:16:25 | INFO    | train_session_alignment | [align] euclidean_alignment    eegnet      single_sub-001_ses01-to-ses03 seed=1 acc=0.7250 (ntr=160 nval=40 nte=200)
2026-06-09 05:16:36 | INFO    | train_session_alignment | [align] euclidean_alignment    eegnet      single_sub-001_ses02-to-ses01 seed=1 acc=0.6950 (ntr=160 nval=40 nte=200)
2026-06-09 05:16:47 | INFO    | train_session_alignment | [align] euclidean_alignment    eegnet      single_sub-001_ses02-to-ses03 seed=1 acc=0.9700 (ntr=160 nval=40 nte=200)
2026-06-09 05:17:05 | INFO    | train_session_alignment | [align] euclidean_alignment    eegnet      single_sub-001_ses03-to-ses01 seed=1 acc=0.7750 (ntr=160 nval=40 nte=200)
2026-06-09 05:17:24 | INFO    | train_session_alignment | [align] euclidean_alignment    eegnet      single_sub-001_ses03-to-ses02 seed=1 acc=0.9750 (ntr=160 nval=40 nte=200)
2026-06-09 05:17:30 | INFO    | train_session_alignment | [align] euclidean_alignment    eegnet      single_sub-002_ses01-to-ses02 seed=1 acc=0.5750 (ntr=160 nval=40 nte=200)
2026-06-09 05:17:36 | INFO    | train_session_alignment | [align] euclidean_alignment    eegnet      single_sub-002_ses01-to-ses03 seed=1 acc=0.6000 (ntr=160 nval=40 nte=200)
2026-06-09 05:17:41 | INFO    | train_session_alignment | [align] euclidean_alignment    eegnet      single_sub-002_ses02-to-ses01 seed=1 acc=0.5500 (ntr=160 nval=40 nte=200)
2026-06-09 05:17:46 | INFO    | train_session_alignment | [align] euclidean_alignment    eegnet      single_sub-002_ses02-to-ses03 seed=1 acc=0.5900 (ntr=160 nval=40 nte=200)
2026-06-09 05:17:52 | INFO    | train_session_alignment | [align] euclidean_alignment    eegnet      single_sub-002_ses03-to-ses01 seed=1 acc=0.6650 (ntr=160 nval=40 nte=200)
2026-06-09 05:17:58 | INFO    | train_session_alignment | [align] euclidean_alignment    eegnet      single_sub-002_ses03-to-ses02 seed=1 acc=0.6150 (ntr=160 nval=40 nte=200)
2026-06-09 05:18:16 | INFO    | train_session_alignment | [align] euclidean_alignment    eegnet      single_sub-003_ses01-to-ses02 seed=1 acc=0.8700 (ntr=160 nval=40 nte=200)
2026-06-09 05:18:35 | INFO    | train_session_alignment | [align] euclidean_alignment    eegnet      single_sub-003_ses01-to-ses03 seed=1 acc=0.7250 (ntr=160 nval=40 nte=200)
2026-06-09 05:18:43 | INFO    | train_session_alignment | [align] euclidean_alignment    eegnet      single_sub-003_ses02-to-ses01 seed=1 acc=0.8400 (ntr=160 nval=40 nte=200)
2026-06-09 05:18:51 | INFO    | train_session_alignment | [align] euclidean_alignment    eegnet      single_sub-003_ses02-to-ses03 seed=1 acc=0.5950 (ntr=160 nval=40 nte=200)
2026-06-09 05:18:59 | INFO    | train_session_alignment | [align] euclidean_alignment    eegnet      single_sub-003_ses03-to-ses01 seed=1 acc=0.5900 (ntr=160 nval=40 nte=200)
2026-06-09 05:19:08 | INFO    | train_session_alignment | [align] euclidean_alignment    eegnet      single_sub-003_ses03-to-ses02 seed=1 acc=0.5850 (ntr=160 nval=40 nte=200)
2026-06-09 05:19:13 | INFO    | train_session_alignment | [align] euclidean_alignment    eegnet      single_sub-004_ses01-to-ses02 seed=1 acc=0.4850 (ntr=160 nval=40 nte=200)
2026-06-09 05:19:19 | INFO    | train_session_alignment | [align] euclidean_alignment    eegnet      single_sub-004_ses01-to-ses03 seed=1 acc=0.5000 (ntr=160 nval=40 nte=200)
2026-06-09 05:19:24 | INFO    | train_session_alignment | [align] euclidean_alignment    eegnet      single_sub-004_ses02-to-ses01 seed=1 acc=0.5100 (ntr=160 nval=40 nte=200)
2026-06-09 05:19:30 | INFO    | train_session_alignment | [align] euclidean_alignment    eegnet      single_sub-004_ses02-to-ses03 seed=1 acc=0.5450 (ntr=160 nval=40 nte=200)
2026-06-09 05:19:36 | INFO    | train_session_alignment | [align] euclidean_alignment    eegnet      single_sub-004_ses03-to-ses01 seed=1 acc=0.5400 (ntr=160 nval=40 nte=200)
2026-06-09 05:19:42 | INFO    | train_session_alignment | [align] euclidean_alignment    eegnet      single_sub-004_ses03-to-ses02 seed=1 acc=0.5400 (ntr=160 nval=40 nte=200)
2026-06-09 05:19:55 | INFO    | train_session_alignment | [align] euclidean_alignment    eegnet      single_sub-005_ses01-to-ses02 seed=1 acc=0.8100 (ntr=160 nval=40 nte=200)
2026-06-09 05:20:07 | INFO    | train_session_alignment | [align] euclidean_alignment    eegnet      single_sub-005_ses01-to-ses03 seed=1 acc=0.7250 (ntr=160 nval=40 nte=200)
2026-06-09 05:20:25 | INFO    | train_session_alignment | [align] euclidean_alignment    eegnet      single_sub-005_ses02-to-ses01 seed=1 acc=0.9050 (ntr=160 nval=40 nte=200)
2026-06-09 05:20:44 | INFO    | train_session_alignment | [align] euclidean_alignment    eegnet      single_sub-005_ses02-to-ses03 seed=1 acc=0.7800 (ntr=160 nval=40 nte=200)
2026-06-09 05:20:51 | INFO    | train_session_alignment | [align] euclidean_alignment    eegnet      single_sub-005_ses03-to-ses01 seed=1 acc=0.7750 (ntr=160 nval=40 nte=200)
2026-06-09 05:20:58 | INFO    | train_session_alignment | [align] euclidean_alignment    eegnet      single_sub-005_ses03-to-ses02 seed=1 acc=0.7550 (ntr=160 nval=40 nte=200)
2026-06-09 05:21:13 | INFO    | train_session_alignment | [align] euclidean_alignment    eegnet      single_sub-006_ses01-to-ses02 seed=1 acc=0.8800 (ntr=160 nval=40 nte=200)
2026-06-09 05:21:27 | INFO    | train_session_alignment | [align] euclidean_alignment    eegnet      single_sub-006_ses01-to-ses03 seed=1 acc=0.9400 (ntr=160 nval=40 nte=200)
2026-06-09 05:21:35 | INFO    | train_session_alignment | [align] euclidean_alignment    eegnet      single_sub-006_ses02-to-ses01 seed=1 acc=0.8050 (ntr=160 nval=40 nte=200)
2026-06-09 05:21:42 | INFO    | train_session_alignment | [align] euclidean_alignment    eegnet      single_sub-006_ses02-to-ses03 seed=1 acc=0.8400 (ntr=160 nval=40 nte=200)
2026-06-09 05:22:01 | INFO    | train_session_alignment | [align] euclidean_alignment    eegnet      single_sub-006_ses03-to-ses01 seed=1 acc=0.9000 (ntr=160 nval=40 nte=200)
2026-06-09 05:22:20 | INFO    | train_session_alignment | [align] euclidean_alignment    eegnet      single_sub-006_ses03-to-ses02 seed=1 acc=0.8800 (ntr=160 nval=40 nte=200)
2026-06-09 05:22:27 | INFO    | train_session_alignment | [align] euclidean_alignment    eegnet      single_sub-007_ses01-to-ses02 seed=1 acc=0.7050 (ntr=160 nval=40 nte=200)
2026-06-09 05:22:34 | INFO    | train_session_alignment | [align] euclidean_alignment    eegnet      single_sub-007_ses01-to-ses03 seed=1 acc=0.7450 (ntr=160 nval=40 nte=200)
2026-06-09 05:22:41 | INFO    | train_session_alignment | [align] euclidean_alignment    eegnet      single_sub-007_ses02-to-ses01 seed=1 acc=0.6800 (ntr=160 nval=40 nte=200)
2026-06-09 05:22:47 | INFO    | train_session_alignment | [align] euclidean_alignment    eegnet      single_sub-007_ses02-to-ses03 seed=1 acc=0.8650 (ntr=160 nval=40 nte=200)
2026-06-09 05:22:56 | INFO    | train_session_alignment | [align] euclidean_alignment    eegnet      single_sub-007_ses03-to-ses01 seed=1 acc=0.7300 (ntr=160 nval=40 nte=200)
2026-06-09 05:23:04 | INFO    | train_session_alignment | [align] euclidean_alignment    eegnet      single_sub-007_ses03-to-ses02 seed=1 acc=0.7750 (ntr=160 nval=40 nte=200)
2026-06-09 05:23:14 | INFO    | train_session_alignment | [align] euclidean_alignment    eegnet      single_sub-008_ses01-to-ses02 seed=1 acc=0.6600 (ntr=160 nval=40 nte=200)
2026-06-09 05:23:23 | INFO    | train_session_alignment | [align] euclidean_alignment    eegnet      single_sub-008_ses01-to-ses03 seed=1 acc=0.6900 (ntr=160 nval=40 nte=200)
2026-06-09 05:23:41 | INFO    | train_session_alignment | [align] euclidean_alignment    eegnet      single_sub-008_ses02-to-ses01 seed=1 acc=0.7150 (ntr=160 nval=40 nte=200)
2026-06-09 05:24:00 | INFO    | train_session_alignment | [align] euclidean_alignment    eegnet      single_sub-008_ses02-to-ses03 seed=1 acc=0.9000 (ntr=160 nval=40 nte=200)
2026-06-09 05:24:10 | INFO    | train_session_alignment | [align] euclidean_alignment    eegnet      single_sub-008_ses03-to-ses01 seed=1 acc=0.7000 (ntr=160 nval=40 nte=200)
2026-06-09 05:24:20 | INFO    | train_session_alignment | [align] euclidean_alignment    eegnet      single_sub-008_ses03-to-ses02 seed=1 acc=0.8300 (ntr=160 nval=40 nte=200)
2026-06-09 05:24:26 | INFO    | train_session_alignment | [align] euclidean_alignment    eegnet      single_sub-009_ses01-to-ses02 seed=1 acc=0.4850 (ntr=160 nval=40 nte=200)
2026-06-09 05:24:31 | INFO    | train_session_alignment | [align] euclidean_alignment    eegnet      single_sub-009_ses01-to-ses03 seed=1 acc=0.5400 (ntr=160 nval=40 nte=200)
2026-06-09 05:24:38 | INFO    | train_session_alignment | [align] euclidean_alignment    eegnet      single_sub-009_ses02-to-ses01 seed=1 acc=0.6650 (ntr=160 nval=40 nte=200)
2026-06-09 05:24:45 | INFO    | train_session_alignment | [align] euclidean_alignment    eegnet      single_sub-009_ses02-to-ses03 seed=1 acc=0.6150 (ntr=160 nval=40 nte=200)
2026-06-09 05:24:52 | INFO    | train_session_alignment | [align] euclidean_alignment    eegnet      single_sub-009_ses03-to-ses01 seed=1 acc=0.5600 (ntr=160 nval=40 nte=200)
2026-06-09 05:24:58 | INFO    | train_session_alignment | [align] euclidean_alignment    eegnet      single_sub-009_ses03-to-ses02 seed=1 acc=0.6300 (ntr=160 nval=40 nte=200)
2026-06-09 05:25:04 | INFO    | train_session_alignment | [align] euclidean_alignment    eegnet      single_sub-010_ses01-to-ses02 seed=1 acc=0.7300 (ntr=160 nval=40 nte=200)
2026-06-09 05:25:10 | INFO    | train_session_alignment | [align] euclidean_alignment    eegnet      single_sub-010_ses01-to-ses03 seed=1 acc=0.5700 (ntr=160 nval=40 nte=200)
2026-06-09 05:25:21 | INFO    | train_session_alignment | [align] euclidean_alignment    eegnet      single_sub-010_ses02-to-ses01 seed=1 acc=0.6750 (ntr=160 nval=40 nte=200)
2026-06-09 05:25:32 | INFO    | train_session_alignment | [align] euclidean_alignment    eegnet      single_sub-010_ses02-to-ses03 seed=1 acc=0.5700 (ntr=160 nval=40 nte=200)
2026-06-09 05:25:46 | INFO    | train_session_alignment | [align] euclidean_alignment    eegnet      single_sub-010_ses03-to-ses01 seed=1 acc=0.5850 (ntr=160 nval=40 nte=200)
2026-06-09 05:26:00 | INFO    | train_session_alignment | [align] euclidean_alignment    eegnet      single_sub-010_ses03-to-ses02 seed=1 acc=0.6700 (ntr=160 nval=40 nte=200)
2026-06-09 05:26:07 | INFO    | train_session_alignment | [align] euclidean_alignment    eegnet      single_sub-011_ses01-to-ses02 seed=1 acc=0.7650 (ntr=160 nval=40 nte=200)
2026-06-09 05:26:14 | INFO    | train_session_alignment | [align] euclidean_alignment    eegnet      single_sub-011_ses01-to-ses03 seed=1 acc=0.9400 (ntr=160 nval=40 nte=200)
2026-06-09 05:26:19 | INFO    | train_session_alignment | [align] euclidean_alignment    eegnet      single_sub-011_ses02-to-ses01 seed=1 acc=0.5800 (ntr=160 nval=40 nte=200)
2026-06-09 05:26:24 | INFO    | train_session_alignment | [align] euclidean_alignment    eegnet      single_sub-011_ses02-to-ses03 seed=1 acc=0.5450 (ntr=160 nval=40 nte=200)
2026-06-09 05:26:32 | INFO    | train_session_alignment | [align] euclidean_alignment    eegnet      single_sub-011_ses03-to-ses01 seed=1 acc=0.8500 (ntr=160 nval=40 nte=200)
2026-06-09 05:26:40 | INFO    | train_session_alignment | [align] euclidean_alignment    eegnet      single_sub-011_ses03-to-ses02 seed=1 acc=0.7250 (ntr=160 nval=40 nte=200)
2026-06-09 05:26:46 | INFO    | train_session_alignment | [align] euclidean_alignment    eegnet      single_sub-012_ses01-to-ses02 seed=1 acc=0.5100 (ntr=160 nval=40 nte=200)
2026-06-09 05:26:52 | INFO    | train_session_alignment | [align] euclidean_alignment    eegnet      single_sub-012_ses01-to-ses03 seed=1 acc=0.5450 (ntr=160 nval=40 nte=200)
2026-06-09 05:26:57 | INFO    | train_session_alignment | [align] euclidean_alignment    eegnet      single_sub-012_ses02-to-ses01 seed=1 acc=0.5100 (ntr=160 nval=40 nte=200)
2026-06-09 05:27:02 | INFO    | train_session_alignment | [align] euclidean_alignment    eegnet      single_sub-012_ses02-to-ses03 seed=1 acc=0.5200 (ntr=160 nval=40 nte=200)
2026-06-09 05:27:07 | INFO    | train_session_alignment | [align] euclidean_alignment    eegnet      single_sub-012_ses03-to-ses01 seed=1 acc=0.5100 (ntr=160 nval=40 nte=200)
2026-06-09 05:27:13 | INFO    | train_session_alignment | [align] euclidean_alignment    eegnet      single_sub-012_ses03-to-ses02 seed=1 acc=0.4900 (ntr=160 nval=40 nte=200)
2026-06-09 05:27:22 | INFO    | train_session_alignment | [align] euclidean_alignment    eegnet      single_sub-013_ses01-to-ses02 seed=1 acc=0.7750 (ntr=160 nval=40 nte=200)
2026-06-09 05:27:32 | INFO    | train_session_alignment | [align] euclidean_alignment    eegnet      single_sub-013_ses01-to-ses03 seed=1 acc=0.7950 (ntr=160 nval=40 nte=200)
2026-06-09 05:27:38 | INFO    | train_session_alignment | [align] euclidean_alignment    eegnet      single_sub-013_ses02-to-ses01 seed=1 acc=0.5850 (ntr=160 nval=40 nte=200)
2026-06-09 05:27:44 | INFO    | train_session_alignment | [align] euclidean_alignment    eegnet      single_sub-013_ses02-to-ses03 seed=1 acc=0.6550 (ntr=160 nval=40 nte=200)
2026-06-09 05:27:53 | INFO    | train_session_alignment | [align] euclidean_alignment    eegnet      single_sub-013_ses03-to-ses01 seed=1 acc=0.7650 (ntr=160 nval=40 nte=200)
2026-06-09 05:28:01 | INFO    | train_session_alignment | [align] euclidean_alignment    eegnet      single_sub-013_ses03-to-ses02 seed=1 acc=0.8100 (ntr=160 nval=40 nte=200)
2026-06-09 05:28:06 | INFO    | train_session_alignment | [align] euclidean_alignment    eegnet      single_sub-014_ses01-to-ses02 seed=1 acc=0.4950 (ntr=160 nval=40 nte=200)
2026-06-09 05:28:12 | INFO    | train_session_alignment | [align] euclidean_alignment    eegnet      single_sub-014_ses01-to-ses03 seed=1 acc=0.4350 (ntr=160 nval=40 nte=200)
2026-06-09 05:28:17 | INFO    | train_session_alignment | [align] euclidean_alignment    eegnet      single_sub-014_ses02-to-ses01 seed=1 acc=0.5250 (ntr=160 nval=40 nte=200)
2026-06-09 05:28:22 | INFO    | train_session_alignment | [align] euclidean_alignment    eegnet      single_sub-014_ses02-to-ses03 seed=1 acc=0.4400 (ntr=160 nval=40 nte=200)
2026-06-09 05:28:28 | INFO    | train_session_alignment | [align] euclidean_alignment    eegnet      single_sub-014_ses03-to-ses01 seed=1 acc=0.5000 (ntr=160 nval=40 nte=200)
2026-06-09 05:28:33 | INFO    | train_session_alignment | [align] euclidean_alignment    eegnet      single_sub-014_ses03-to-ses02 seed=1 acc=0.5050 (ntr=160 nval=40 nte=200)
2026-06-09 05:28:47 | INFO    | train_session_alignment | [align] euclidean_alignment    eegnet      single_sub-015_ses01-to-ses02 seed=1 acc=0.6700 (ntr=160 nval=40 nte=200)
2026-06-09 05:29:01 | INFO    | train_session_alignment | [align] euclidean_alignment    eegnet      single_sub-015_ses01-to-ses03 seed=1 acc=0.5450 (ntr=160 nval=40 nte=200)
2026-06-09 05:29:08 | INFO    | train_session_alignment | [align] euclidean_alignment    eegnet      single_sub-015_ses02-to-ses01 seed=1 acc=0.6150 (ntr=160 nval=40 nte=200)
2026-06-09 05:29:15 | INFO    | train_session_alignment | [align] euclidean_alignment    eegnet      single_sub-015_ses02-to-ses03 seed=1 acc=0.5350 (ntr=160 nval=40 nte=200)
2026-06-09 05:29:26 | INFO    | train_session_alignment | [align] euclidean_alignment    eegnet      single_sub-015_ses03-to-ses01 seed=1 acc=0.6600 (ntr=160 nval=40 nte=200)
2026-06-09 05:29:38 | INFO    | train_session_alignment | [align] euclidean_alignment    eegnet      single_sub-015_ses03-to-ses02 seed=1 acc=0.7150 (ntr=160 nval=40 nte=200)
2026-06-09 05:29:43 | INFO    | train_session_alignment | [align] euclidean_alignment    eegnet      single_sub-016_ses01-to-ses02 seed=1 acc=0.5650 (ntr=160 nval=40 nte=200)
2026-06-09 05:29:48 | INFO    | train_session_alignment | [align] euclidean_alignment    eegnet      single_sub-016_ses01-to-ses03 seed=1 acc=0.4800 (ntr=160 nval=40 nte=200)
2026-06-09 05:29:54 | INFO    | train_session_alignment | [align] euclidean_alignment    eegnet      single_sub-016_ses02-to-ses01 seed=1 acc=0.4900 (ntr=160 nval=40 nte=200)
2026-06-09 05:29:59 | INFO    | train_session_alignment | [align] euclidean_alignment    eegnet      single_sub-016_ses02-to-ses03 seed=1 acc=0.4350 (ntr=160 nval=40 nte=200)
2026-06-09 05:30:04 | INFO    | train_session_alignment | [align] euclidean_alignment    eegnet      single_sub-016_ses03-to-ses01 seed=1 acc=0.5050 (ntr=160 nval=40 nte=200)
2026-06-09 05:30:09 | INFO    | train_session_alignment | [align] euclidean_alignment    eegnet      single_sub-016_ses03-to-ses02 seed=1 acc=0.5450 (ntr=160 nval=40 nte=200)
2026-06-09 05:30:18 | INFO    | train_session_alignment | [align] euclidean_alignment    eegnet      single_sub-017_ses01-to-ses02 seed=1 acc=0.7150 (ntr=160 nval=40 nte=200)
2026-06-09 05:30:26 | INFO    | train_session_alignment | [align] euclidean_alignment    eegnet      single_sub-017_ses01-to-ses03 seed=1 acc=0.6450 (ntr=160 nval=40 nte=200)
2026-06-09 05:30:32 | INFO    | train_session_alignment | [align] euclidean_alignment    eegnet      single_sub-017_ses02-to-ses01 seed=1 acc=0.7100 (ntr=160 nval=40 nte=200)
2026-06-09 05:30:38 | INFO    | train_session_alignment | [align] euclidean_alignment    eegnet      single_sub-017_ses02-to-ses03 seed=1 acc=0.7800 (ntr=160 nval=40 nte=200)
2026-06-09 05:30:46 | INFO    | train_session_alignment | [align] euclidean_alignment    eegnet      single_sub-017_ses03-to-ses01 seed=1 acc=0.6200 (ntr=160 nval=40 nte=200)
2026-06-09 05:30:53 | INFO    | train_session_alignment | [align] euclidean_alignment    eegnet      single_sub-017_ses03-to-ses02 seed=1 acc=0.7450 (ntr=160 nval=40 nte=200)
2026-06-09 05:31:01 | INFO    | train_session_alignment | [align] euclidean_alignment    eegnet      single_sub-018_ses01-to-ses02 seed=1 acc=0.7100 (ntr=160 nval=40 nte=200)
2026-06-09 05:31:09 | INFO    | train_session_alignment | [align] euclidean_alignment    eegnet      single_sub-018_ses01-to-ses03 seed=1 acc=0.5850 (ntr=160 nval=40 nte=200)
2026-06-09 05:31:15 | INFO    | train_session_alignment | [align] euclidean_alignment    eegnet      single_sub-018_ses02-to-ses01 seed=1 acc=0.6100 (ntr=160 nval=40 nte=200)
2026-06-09 05:31:22 | INFO    | train_session_alignment | [align] euclidean_alignment    eegnet      single_sub-018_ses02-to-ses03 seed=1 acc=0.5800 (ntr=160 nval=40 nte=200)
2026-06-09 05:31:27 | INFO    | train_session_alignment | [align] euclidean_alignment    eegnet      single_sub-018_ses03-to-ses01 seed=1 acc=0.5350 (ntr=160 nval=40 nte=200)
2026-06-09 05:31:32 | INFO    | train_session_alignment | [align] euclidean_alignment    eegnet      single_sub-018_ses03-to-ses02 seed=1 acc=0.5450 (ntr=160 nval=40 nte=200)
2026-06-09 05:31:38 | INFO    | train_session_alignment | [align] euclidean_alignment    eegnet      single_sub-019_ses01-to-ses02 seed=1 acc=0.5150 (ntr=160 nval=40 nte=200)
2026-06-09 05:31:44 | INFO    | train_session_alignment | [align] euclidean_alignment    eegnet      single_sub-019_ses01-to-ses03 seed=1 acc=0.5400 (ntr=160 nval=40 nte=200)
2026-06-09 05:31:51 | INFO    | train_session_alignment | [align] euclidean_alignment    eegnet      single_sub-019_ses02-to-ses01 seed=1 acc=0.5050 (ntr=160 nval=40 nte=200)
2026-06-09 05:31:58 | INFO    | train_session_alignment | [align] euclidean_alignment    eegnet      single_sub-019_ses02-to-ses03 seed=1 acc=0.8600 (ntr=160 nval=40 nte=200)
2026-06-09 05:32:05 | INFO    | train_session_alignment | [align] euclidean_alignment    eegnet      single_sub-019_ses03-to-ses01 seed=1 acc=0.5650 (ntr=160 nval=40 nte=200)
2026-06-09 05:32:13 | INFO    | train_session_alignment | [align] euclidean_alignment    eegnet      single_sub-019_ses03-to-ses02 seed=1 acc=0.7750 (ntr=160 nval=40 nte=200)
2026-06-09 05:32:23 | INFO    | train_session_alignment | [align] euclidean_alignment    eegnet      single_sub-020_ses01-to-ses02 seed=1 acc=0.8950 (ntr=160 nval=40 nte=200)
2026-06-09 05:32:33 | INFO    | train_session_alignment | [align] euclidean_alignment    eegnet      single_sub-020_ses01-to-ses03 seed=1 acc=0.5200 (ntr=160 nval=40 nte=200)
2026-06-09 05:32:39 | INFO    | train_session_alignment | [align] euclidean_alignment    eegnet      single_sub-020_ses02-to-ses01 seed=1 acc=0.8850 (ntr=160 nval=40 nte=200)
2026-06-09 05:32:45 | INFO    | train_session_alignment | [align] euclidean_alignment    eegnet      single_sub-020_ses02-to-ses03 seed=1 acc=0.4250 (ntr=160 nval=40 nte=200)
2026-06-09 05:33:03 | INFO    | train_session_alignment | [align] euclidean_alignment    eegnet      single_sub-020_ses03-to-ses01 seed=1 acc=0.3800 (ntr=160 nval=40 nte=200)
2026-06-09 05:33:21 | INFO    | train_session_alignment | [align] euclidean_alignment    eegnet      single_sub-020_ses03-to-ses02 seed=1 acc=0.5200 (ntr=160 nval=40 nte=200)
2026-06-09 05:33:30 | INFO    | train_session_alignment | [align] euclidean_alignment    eegnet      single_sub-021_ses01-to-ses02 seed=1 acc=0.8600 (ntr=160 nval=40 nte=200)
2026-06-09 05:33:39 | INFO    | train_session_alignment | [align] euclidean_alignment    eegnet      single_sub-021_ses01-to-ses03 seed=1 acc=0.7700 (ntr=160 nval=40 nte=200)
2026-06-09 05:33:50 | INFO    | train_session_alignment | [align] euclidean_alignment    eegnet      single_sub-021_ses02-to-ses01 seed=1 acc=0.8350 (ntr=160 nval=40 nte=200)
2026-06-09 05:34:00 | INFO    | train_session_alignment | [align] euclidean_alignment    eegnet      single_sub-021_ses02-to-ses03 seed=1 acc=0.8400 (ntr=160 nval=40 nte=200)
2026-06-09 05:34:06 | INFO    | train_session_alignment | [align] euclidean_alignment    eegnet      single_sub-021_ses03-to-ses01 seed=1 acc=0.7250 (ntr=160 nval=40 nte=200)
2026-06-09 05:34:12 | INFO    | train_session_alignment | [align] euclidean_alignment    eegnet      single_sub-021_ses03-to-ses02 seed=1 acc=0.7200 (ntr=160 nval=40 nte=200)
2026-06-09 05:34:21 | INFO    | train_session_alignment | [align] euclidean_alignment    eegnet      single_sub-022_ses01-to-ses02 seed=1 acc=0.7150 (ntr=160 nval=40 nte=200)
2026-06-09 05:34:29 | INFO    | train_session_alignment | [align] euclidean_alignment    eegnet      single_sub-022_ses01-to-ses03 seed=1 acc=0.7000 (ntr=160 nval=40 nte=200)
2026-06-09 05:34:46 | INFO    | train_session_alignment | [align] euclidean_alignment    eegnet      single_sub-022_ses02-to-ses01 seed=1 acc=0.6600 (ntr=160 nval=40 nte=200)
2026-06-09 05:35:04 | INFO    | train_session_alignment | [align] euclidean_alignment    eegnet      single_sub-022_ses02-to-ses03 seed=1 acc=0.7950 (ntr=160 nval=40 nte=200)
2026-06-09 05:35:11 | INFO    | train_session_alignment | [align] euclidean_alignment    eegnet      single_sub-022_ses03-to-ses01 seed=1 acc=0.6550 (ntr=160 nval=40 nte=200)
2026-06-09 05:35:18 | INFO    | train_session_alignment | [align] euclidean_alignment    eegnet      single_sub-022_ses03-to-ses02 seed=1 acc=0.7750 (ntr=160 nval=40 nte=200)
2026-06-09 05:35:33 | INFO    | train_session_alignment | [align] euclidean_alignment    eegnet      single_sub-023_ses02-to-ses03 seed=1 acc=0.9350 (ntr=160 nval=40 nte=200)
2026-06-09 05:35:51 | INFO    | train_session_alignment | [align] euclidean_alignment    eegnet      single_sub-023_ses03-to-ses02 seed=1 acc=0.8350 (ntr=160 nval=40 nte=200)
2026-06-09 05:36:00 | INFO    | train_session_alignment | [align] euclidean_alignment    eegnet      single_sub-025_ses01-to-ses02 seed=1 acc=0.8300 (ntr=160 nval=40 nte=200)
2026-06-09 05:36:09 | INFO    | train_session_alignment | [align] euclidean_alignment    eegnet      single_sub-025_ses01-to-ses03 seed=1 acc=0.8150 (ntr=160 nval=40 nte=200)
2026-06-09 05:36:18 | INFO    | train_session_alignment | [align] euclidean_alignment    eegnet      single_sub-025_ses02-to-ses01 seed=1 acc=0.7650 (ntr=160 nval=40 nte=200)
2026-06-09 05:36:26 | INFO    | train_session_alignment | [align] euclidean_alignment    eegnet      single_sub-025_ses02-to-ses03 seed=1 acc=0.8300 (ntr=160 nval=40 nte=200)
2026-06-09 05:36:33 | INFO    | train_session_alignment | [align] euclidean_alignment    eegnet      single_sub-025_ses03-to-ses01 seed=1 acc=0.8250 (ntr=160 nval=40 nte=200)
2026-06-09 05:36:40 | INFO    | train_session_alignment | [align] euclidean_alignment    eegnet      single_sub-025_ses03-to-ses02 seed=1 acc=0.8750 (ntr=160 nval=40 nte=200)
2026-06-09 05:36:49 | INFO    | train_session_alignment | [align] euclidean_alignment    eegnet      single_sub-026_ses02-to-ses03 seed=1 acc=0.9250 (ntr=160 nval=40 nte=200)
2026-06-09 05:36:55 | INFO    | train_session_alignment | [align] euclidean_alignment    eegnet      single_sub-026_ses03-to-ses02 seed=1 acc=0.8550 (ntr=160 nval=40 nte=200)
2026-06-09 05:37:02 | INFO    | train_session_alignment | [align] euclidean_alignment    eegnet      single_sub-027_ses01-to-ses02 seed=1 acc=0.6000 (ntr=160 nval=40 nte=200)
2026-06-09 05:37:10 | INFO    | train_session_alignment | [align] euclidean_alignment    eegnet      single_sub-027_ses01-to-ses03 seed=1 acc=0.8150 (ntr=160 nval=40 nte=200)
2026-06-09 05:37:16 | INFO    | train_session_alignment | [align] euclidean_alignment    eegnet      single_sub-027_ses02-to-ses01 seed=1 acc=0.7050 (ntr=160 nval=40 nte=200)
2026-06-09 05:37:22 | INFO    | train_session_alignment | [align] euclidean_alignment    eegnet      single_sub-027_ses02-to-ses03 seed=1 acc=0.6650 (ntr=160 nval=40 nte=200)
2026-06-09 05:37:30 | INFO    | train_session_alignment | [align] euclidean_alignment    eegnet      single_sub-027_ses03-to-ses01 seed=1 acc=0.7800 (ntr=160 nval=40 nte=200)
2026-06-09 05:37:37 | INFO    | train_session_alignment | [align] euclidean_alignment    eegnet      single_sub-027_ses03-to-ses02 seed=1 acc=0.5500 (ntr=160 nval=40 nte=200)
2026-06-09 05:37:45 | INFO    | train_session_alignment | [align] euclidean_alignment    eegnet      single_sub-028_ses01-to-ses02 seed=1 acc=0.7600 (ntr=160 nval=40 nte=200)
2026-06-09 05:37:53 | INFO    | train_session_alignment | [align] euclidean_alignment    eegnet      single_sub-028_ses01-to-ses03 seed=1 acc=0.6650 (ntr=160 nval=40 nte=200)
2026-06-09 05:37:59 | INFO    | train_session_alignment | [align] euclidean_alignment    eegnet      single_sub-028_ses02-to-ses01 seed=1 acc=0.8500 (ntr=160 nval=40 nte=200)
2026-06-09 05:38:06 | INFO    | train_session_alignment | [align] euclidean_alignment    eegnet      single_sub-028_ses02-to-ses03 seed=1 acc=0.6400 (ntr=160 nval=40 nte=200)
2026-06-09 05:38:11 | INFO    | train_session_alignment | [align] euclidean_alignment    eegnet      single_sub-028_ses03-to-ses01 seed=1 acc=0.5650 (ntr=160 nval=40 nte=200)
2026-06-09 05:38:16 | INFO    | train_session_alignment | [align] euclidean_alignment    eegnet      single_sub-028_ses03-to-ses02 seed=1 acc=0.4950 (ntr=160 nval=40 nte=200)
2026-06-09 05:38:24 | INFO    | train_session_alignment | [align] euclidean_alignment    eegnet      single_sub-029_ses01-to-ses02 seed=1 acc=0.2350 (ntr=160 nval=40 nte=200)
2026-06-09 05:38:32 | INFO    | train_session_alignment | [align] euclidean_alignment    eegnet      single_sub-029_ses01-to-ses03 seed=1 acc=0.3350 (ntr=160 nval=40 nte=200)
2026-06-09 05:38:50 | INFO    | train_session_alignment | [align] euclidean_alignment    eegnet      single_sub-029_ses02-to-ses01 seed=1 acc=0.3900 (ntr=160 nval=40 nte=200)
2026-06-09 05:39:08 | INFO    | train_session_alignment | [align] euclidean_alignment    eegnet      single_sub-029_ses02-to-ses03 seed=1 acc=0.9750 (ntr=160 nval=40 nte=200)
2026-06-09 05:39:14 | INFO    | train_session_alignment | [align] euclidean_alignment    eegnet      single_sub-029_ses03-to-ses01 seed=1 acc=0.4000 (ntr=160 nval=40 nte=200)
2026-06-09 05:39:19 | INFO    | train_session_alignment | [align] euclidean_alignment    eegnet      single_sub-029_ses03-to-ses02 seed=1 acc=0.8550 (ntr=160 nval=40 nte=200)
2026-06-09 05:39:38 | INFO    | train_session_alignment | [align] euclidean_alignment    eegnet      single_sub-030_ses01-to-ses02 seed=1 acc=0.8100 (ntr=160 nval=40 nte=200)
2026-06-09 05:39:56 | INFO    | train_session_alignment | [align] euclidean_alignment    eegnet      single_sub-030_ses01-to-ses03 seed=1 acc=0.8450 (ntr=160 nval=40 nte=200)
2026-06-09 05:40:02 | INFO    | train_session_alignment | [align] euclidean_alignment    eegnet      single_sub-030_ses02-to-ses01 seed=1 acc=0.8500 (ntr=160 nval=40 nte=200)
2026-06-09 05:40:08 | INFO    | train_session_alignment | [align] euclidean_alignment    eegnet      single_sub-030_ses02-to-ses03 seed=1 acc=0.8250 (ntr=160 nval=40 nte=200)
2026-06-09 05:40:14 | INFO    | train_session_alignment | [align] euclidean_alignment    eegnet      single_sub-030_ses03-to-ses01 seed=1 acc=0.5450 (ntr=160 nval=40 nte=200)
2026-06-09 05:40:19 | INFO    | train_session_alignment | [align] euclidean_alignment    eegnet      single_sub-030_ses03-to-ses02 seed=1 acc=0.7450 (ntr=160 nval=40 nte=200)
2026-06-09 05:40:34 | INFO    | train_session_alignment | [align] euclidean_alignment    eegnet      single_sub-031_ses01-to-ses02 seed=1 acc=0.7050 (ntr=160 nval=40 nte=200)
2026-06-09 05:40:49 | INFO    | train_session_alignment | [align] euclidean_alignment    eegnet      single_sub-031_ses01-to-ses03 seed=1 acc=0.6550 (ntr=160 nval=40 nte=200)
2026-06-09 05:40:55 | INFO    | train_session_alignment | [align] euclidean_alignment    eegnet      single_sub-031_ses02-to-ses01 seed=1 acc=0.7550 (ntr=160 nval=40 nte=200)
2026-06-09 05:41:02 | INFO    | train_session_alignment | [align] euclidean_alignment    eegnet      single_sub-031_ses02-to-ses03 seed=1 acc=0.7600 (ntr=160 nval=40 nte=200)
2026-06-09 05:41:07 | INFO    | train_session_alignment | [align] euclidean_alignment    eegnet      single_sub-031_ses03-to-ses01 seed=1 acc=0.6900 (ntr=160 nval=40 nte=200)
2026-06-09 05:41:13 | INFO    | train_session_alignment | [align] euclidean_alignment    eegnet      single_sub-031_ses03-to-ses02 seed=1 acc=0.7150 (ntr=160 nval=40 nte=200)
2026-06-09 05:41:18 | INFO    | train_session_alignment | [align] euclidean_alignment    eegnet      single_sub-032_ses01-to-ses03 seed=1 acc=0.5150 (ntr=160 nval=40 nte=200)
2026-06-09 05:41:25 | INFO    | train_session_alignment | [align] euclidean_alignment    eegnet      single_sub-032_ses03-to-ses01 seed=1 acc=0.5700 (ntr=160 nval=40 nte=200)
2026-06-09 05:41:32 | INFO    | train_session_alignment | [align] euclidean_alignment    eegnet      single_sub-033_ses01-to-ses02 seed=1 acc=0.8650 (ntr=160 nval=40 nte=200)
2026-06-09 05:41:39 | INFO    | train_session_alignment | [align] euclidean_alignment    eegnet      single_sub-033_ses01-to-ses03 seed=1 acc=0.9000 (ntr=160 nval=40 nte=200)
2026-06-09 05:41:46 | INFO    | train_session_alignment | [align] euclidean_alignment    eegnet      single_sub-033_ses02-to-ses01 seed=1 acc=0.7900 (ntr=160 nval=40 nte=200)
2026-06-09 05:41:54 | INFO    | train_session_alignment | [align] euclidean_alignment    eegnet      single_sub-033_ses02-to-ses03 seed=1 acc=0.8200 (ntr=160 nval=40 nte=200)
2026-06-09 05:42:02 | INFO    | train_session_alignment | [align] euclidean_alignment    eegnet      single_sub-033_ses03-to-ses01 seed=1 acc=0.8450 (ntr=160 nval=40 nte=200)
2026-06-09 05:42:10 | INFO    | train_session_alignment | [align] euclidean_alignment    eegnet      single_sub-033_ses03-to-ses02 seed=1 acc=0.8950 (ntr=160 nval=40 nte=200)
2026-06-09 05:42:16 | INFO    | train_session_alignment | [align] euclidean_alignment    eegnet      single_sub-034_ses01-to-ses02 seed=1 acc=0.6250 (ntr=160 nval=40 nte=200)
2026-06-09 05:42:21 | INFO    | train_session_alignment | [align] euclidean_alignment    eegnet      single_sub-034_ses01-to-ses03 seed=1 acc=0.6500 (ntr=160 nval=40 nte=200)
2026-06-09 05:42:28 | INFO    | train_session_alignment | [align] euclidean_alignment    eegnet      single_sub-034_ses02-to-ses01 seed=1 acc=0.6450 (ntr=160 nval=40 nte=200)
2026-06-09 05:42:35 | INFO    | train_session_alignment | [align] euclidean_alignment    eegnet      single_sub-034_ses02-to-ses03 seed=1 acc=0.7950 (ntr=160 nval=40 nte=200)
2026-06-09 05:42:42 | INFO    | train_session_alignment | [align] euclidean_alignment    eegnet      single_sub-034_ses03-to-ses01 seed=1 acc=0.6900 (ntr=160 nval=40 nte=200)
2026-06-09 05:42:49 | INFO    | train_session_alignment | [align] euclidean_alignment    eegnet      single_sub-034_ses03-to-ses02 seed=1 acc=0.8550 (ntr=160 nval=40 nte=200)
2026-06-09 05:43:02 | INFO    | train_session_alignment | [align] euclidean_alignment    eegnet      single_sub-035_ses01-to-ses02 seed=1 acc=0.9450 (ntr=160 nval=40 nte=200)
2026-06-09 05:43:16 | INFO    | train_session_alignment | [align] euclidean_alignment    eegnet      single_sub-035_ses01-to-ses03 seed=1 acc=0.9050 (ntr=160 nval=40 nte=200)
2026-06-09 05:43:34 | INFO    | train_session_alignment | [align] euclidean_alignment    eegnet      single_sub-035_ses02-to-ses01 seed=1 acc=0.9650 (ntr=160 nval=40 nte=200)
2026-06-09 05:43:52 | INFO    | train_session_alignment | [align] euclidean_alignment    eegnet      single_sub-035_ses02-to-ses03 seed=1 acc=0.9500 (ntr=160 nval=40 nte=200)
2026-06-09 05:44:00 | INFO    | train_session_alignment | [align] euclidean_alignment    eegnet      single_sub-035_ses03-to-ses01 seed=1 acc=0.9550 (ntr=160 nval=40 nte=200)
2026-06-09 05:44:08 | INFO    | train_session_alignment | [align] euclidean_alignment    eegnet      single_sub-035_ses03-to-ses02 seed=1 acc=0.9550 (ntr=160 nval=40 nte=200)
2026-06-09 05:44:17 | INFO    | train_session_alignment | [align] euclidean_alignment    eegnet      single_sub-036_ses01-to-ses02 seed=1 acc=0.9000 (ntr=160 nval=40 nte=200)
2026-06-09 05:44:26 | INFO    | train_session_alignment | [align] euclidean_alignment    eegnet      single_sub-036_ses01-to-ses03 seed=1 acc=0.9600 (ntr=160 nval=40 nte=200)
2026-06-09 05:44:32 | INFO    | train_session_alignment | [align] euclidean_alignment    eegnet      single_sub-036_ses02-to-ses01 seed=1 acc=0.8800 (ntr=160 nval=40 nte=200)
2026-06-09 05:44:39 | INFO    | train_session_alignment | [align] euclidean_alignment    eegnet      single_sub-036_ses02-to-ses03 seed=1 acc=0.9550 (ntr=160 nval=40 nte=200)
2026-06-09 05:44:46 | INFO    | train_session_alignment | [align] euclidean_alignment    eegnet      single_sub-036_ses03-to-ses01 seed=1 acc=0.8200 (ntr=160 nval=40 nte=200)
2026-06-09 05:44:52 | INFO    | train_session_alignment | [align] euclidean_alignment    eegnet      single_sub-036_ses03-to-ses02 seed=1 acc=0.8800 (ntr=160 nval=40 nte=200)
2026-06-09 05:45:03 | INFO    | train_session_alignment | [align] euclidean_alignment    eegnet      single_sub-037_ses01-to-ses02 seed=1 acc=0.7850 (ntr=160 nval=40 nte=200)
2026-06-09 05:45:14 | INFO    | train_session_alignment | [align] euclidean_alignment    eegnet      single_sub-037_ses01-to-ses03 seed=1 acc=0.8100 (ntr=160 nval=40 nte=200)
2026-06-09 05:45:26 | INFO    | train_session_alignment | [align] euclidean_alignment    eegnet      single_sub-037_ses02-to-ses01 seed=1 acc=0.8550 (ntr=160 nval=40 nte=200)
2026-06-09 05:45:38 | INFO    | train_session_alignment | [align] euclidean_alignment    eegnet      single_sub-037_ses02-to-ses03 seed=1 acc=0.8700 (ntr=160 nval=40 nte=200)
2026-06-09 05:45:45 | INFO    | train_session_alignment | [align] euclidean_alignment    eegnet      single_sub-037_ses03-to-ses01 seed=1 acc=0.8550 (ntr=160 nval=40 nte=200)
2026-06-09 05:45:53 | INFO    | train_session_alignment | [align] euclidean_alignment    eegnet      single_sub-037_ses03-to-ses02 seed=1 acc=0.9100 (ntr=160 nval=40 nte=200)
2026-06-09 05:45:58 | INFO    | train_session_alignment | [align] euclidean_alignment    eegnet      single_sub-038_ses01-to-ses02 seed=1 acc=0.6150 (ntr=160 nval=40 nte=200)
2026-06-09 05:46:03 | INFO    | train_session_alignment | [align] euclidean_alignment    eegnet      single_sub-038_ses01-to-ses03 seed=1 acc=0.3950 (ntr=160 nval=40 nte=200)
2026-06-09 05:46:10 | INFO    | train_session_alignment | [align] euclidean_alignment    eegnet      single_sub-038_ses02-to-ses01 seed=1 acc=0.4950 (ntr=160 nval=40 nte=200)
2026-06-09 05:46:16 | INFO    | train_session_alignment | [align] euclidean_alignment    eegnet      single_sub-038_ses02-to-ses03 seed=1 acc=0.3950 (ntr=160 nval=40 nte=200)
2026-06-09 05:46:27 | INFO    | train_session_alignment | [align] euclidean_alignment    eegnet      single_sub-038_ses03-to-ses01 seed=1 acc=0.5150 (ntr=160 nval=40 nte=200)
2026-06-09 05:46:39 | INFO    | train_session_alignment | [align] euclidean_alignment    eegnet      single_sub-038_ses03-to-ses02 seed=1 acc=0.4150 (ntr=160 nval=40 nte=200)
2026-06-09 05:46:46 | INFO    | train_session_alignment | [align] euclidean_alignment    eegnet      single_sub-039_ses01-to-ses02 seed=1 acc=0.4500 (ntr=160 nval=40 nte=200)
2026-06-09 05:46:52 | INFO    | train_session_alignment | [align] euclidean_alignment    eegnet      single_sub-039_ses01-to-ses03 seed=1 acc=0.5050 (ntr=160 nval=40 nte=200)
2026-06-09 05:46:58 | INFO    | train_session_alignment | [align] euclidean_alignment    eegnet      single_sub-039_ses02-to-ses01 seed=1 acc=0.4250 (ntr=160 nval=40 nte=200)
2026-06-09 05:47:04 | INFO    | train_session_alignment | [align] euclidean_alignment    eegnet      single_sub-039_ses02-to-ses03 seed=1 acc=0.5900 (ntr=160 nval=40 nte=200)
2026-06-09 05:47:10 | INFO    | train_session_alignment | [align] euclidean_alignment    eegnet      single_sub-039_ses03-to-ses01 seed=1 acc=0.5000 (ntr=160 nval=40 nte=200)
2026-06-09 05:47:17 | INFO    | train_session_alignment | [align] euclidean_alignment    eegnet      single_sub-039_ses03-to-ses02 seed=1 acc=0.5850 (ntr=160 nval=40 nte=200)
2026-06-09 05:47:23 | INFO    | train_session_alignment | [align] euclidean_alignment    eegnet      single_sub-040_ses01-to-ses02 seed=1 acc=0.6050 (ntr=160 nval=40 nte=200)
2026-06-09 05:47:29 | INFO    | train_session_alignment | [align] euclidean_alignment    eegnet      single_sub-040_ses01-to-ses03 seed=1 acc=0.7150 (ntr=160 nval=40 nte=200)
2026-06-09 05:47:34 | INFO    | train_session_alignment | [align] euclidean_alignment    eegnet      single_sub-040_ses02-to-ses01 seed=1 acc=0.6250 (ntr=160 nval=40 nte=200)
2026-06-09 05:47:39 | INFO    | train_session_alignment | [align] euclidean_alignment    eegnet      single_sub-040_ses02-to-ses03 seed=1 acc=0.6250 (ntr=160 nval=40 nte=200)
2026-06-09 05:47:50 | INFO    | train_session_alignment | [align] euclidean_alignment    eegnet      single_sub-040_ses03-to-ses01 seed=1 acc=0.7900 (ntr=160 nval=40 nte=200)
2026-06-09 05:48:01 | INFO    | train_session_alignment | [align] euclidean_alignment    eegnet      single_sub-040_ses03-to-ses02 seed=1 acc=0.6400 (ntr=160 nval=40 nte=200)
2026-06-09 05:48:08 | INFO    | train_session_alignment | [align] euclidean_alignment    eegnet      single_sub-041_ses01-to-ses02 seed=1 acc=0.7850 (ntr=160 nval=40 nte=200)
2026-06-09 05:48:15 | INFO    | train_session_alignment | [align] euclidean_alignment    eegnet      single_sub-041_ses01-to-ses03 seed=1 acc=0.8300 (ntr=160 nval=40 nte=200)
2026-06-09 05:48:21 | INFO    | train_session_alignment | [align] euclidean_alignment    eegnet      single_sub-041_ses02-to-ses01 seed=1 acc=0.8200 (ntr=160 nval=40 nte=200)
2026-06-09 05:48:28 | INFO    | train_session_alignment | [align] euclidean_alignment    eegnet      single_sub-041_ses02-to-ses03 seed=1 acc=0.8400 (ntr=160 nval=40 nte=200)
2026-06-09 05:48:34 | INFO    | train_session_alignment | [align] euclidean_alignment    eegnet      single_sub-041_ses03-to-ses01 seed=1 acc=0.8500 (ntr=160 nval=40 nte=200)
2026-06-09 05:48:41 | INFO    | train_session_alignment | [align] euclidean_alignment    eegnet      single_sub-041_ses03-to-ses02 seed=1 acc=0.7750 (ntr=160 nval=40 nte=200)
2026-06-09 05:48:48 | INFO    | train_session_alignment | [align] euclidean_alignment    eegnet      single_sub-042_ses01-to-ses02 seed=1 acc=0.6600 (ntr=160 nval=40 nte=200)
2026-06-09 05:48:55 | INFO    | train_session_alignment | [align] euclidean_alignment    eegnet      single_sub-042_ses01-to-ses03 seed=1 acc=0.6650 (ntr=160 nval=40 nte=200)
2026-06-09 05:49:02 | INFO    | train_session_alignment | [align] euclidean_alignment    eegnet      single_sub-042_ses02-to-ses01 seed=1 acc=0.5900 (ntr=160 nval=40 nte=200)
2026-06-09 05:49:08 | INFO    | train_session_alignment | [align] euclidean_alignment    eegnet      single_sub-042_ses02-to-ses03 seed=1 acc=0.5950 (ntr=160 nval=40 nte=200)
2026-06-09 05:49:14 | INFO    | train_session_alignment | [align] euclidean_alignment    eegnet      single_sub-042_ses03-to-ses01 seed=1 acc=0.6150 (ntr=160 nval=40 nte=200)
2026-06-09 05:49:21 | INFO    | train_session_alignment | [align] euclidean_alignment    eegnet      single_sub-042_ses03-to-ses02 seed=1 acc=0.5600 (ntr=160 nval=40 nte=200)
2026-06-09 05:49:32 | INFO    | train_session_alignment | [align] euclidean_alignment    eegnet      single_sub-043_ses01-to-ses02 seed=1 acc=0.9500 (ntr=160 nval=40 nte=200)
2026-06-09 05:49:44 | INFO    | train_session_alignment | [align] euclidean_alignment    eegnet      single_sub-043_ses01-to-ses03 seed=1 acc=0.9650 (ntr=160 nval=40 nte=200)
2026-06-09 05:49:52 | INFO    | train_session_alignment | [align] euclidean_alignment    eegnet      single_sub-043_ses02-to-ses01 seed=1 acc=0.9850 (ntr=160 nval=40 nte=200)
2026-06-09 05:50:02 | INFO    | train_session_alignment | [align] euclidean_alignment    eegnet      single_sub-043_ses02-to-ses03 seed=1 acc=0.9550 (ntr=160 nval=40 nte=200)
2026-06-09 05:50:20 | INFO    | train_session_alignment | [align] euclidean_alignment    eegnet      single_sub-043_ses03-to-ses01 seed=1 acc=0.9950 (ntr=160 nval=40 nte=200)
2026-06-09 05:50:38 | INFO    | train_session_alignment | [align] euclidean_alignment    eegnet      single_sub-043_ses03-to-ses02 seed=1 acc=0.9750 (ntr=160 nval=40 nte=200)
2026-06-09 05:50:44 | INFO    | train_session_alignment | [align] euclidean_alignment    eegnet      single_sub-044_ses01-to-ses02 seed=1 acc=0.5300 (ntr=160 nval=40 nte=200)
2026-06-09 05:50:49 | INFO    | train_session_alignment | [align] euclidean_alignment    eegnet      single_sub-044_ses01-to-ses03 seed=1 acc=0.4900 (ntr=160 nval=40 nte=200)
2026-06-09 05:50:55 | INFO    | train_session_alignment | [align] euclidean_alignment    eegnet      single_sub-044_ses02-to-ses01 seed=1 acc=0.5500 (ntr=160 nval=40 nte=200)
2026-06-09 05:51:01 | INFO    | train_session_alignment | [align] euclidean_alignment    eegnet      single_sub-044_ses02-to-ses03 seed=1 acc=0.5600 (ntr=160 nval=40 nte=200)
2026-06-09 05:51:08 | INFO    | train_session_alignment | [align] euclidean_alignment    eegnet      single_sub-044_ses03-to-ses01 seed=1 acc=0.5500 (ntr=160 nval=40 nte=200)
2026-06-09 05:51:14 | INFO    | train_session_alignment | [align] euclidean_alignment    eegnet      single_sub-044_ses03-to-ses02 seed=1 acc=0.6450 (ntr=160 nval=40 nte=200)
2026-06-09 05:51:20 | INFO    | train_session_alignment | [align] euclidean_alignment    eegnet      single_sub-045_ses01-to-ses02 seed=1 acc=0.7300 (ntr=160 nval=40 nte=200)
2026-06-09 05:51:26 | INFO    | train_session_alignment | [align] euclidean_alignment    eegnet      single_sub-045_ses01-to-ses03 seed=1 acc=0.8250 (ntr=160 nval=40 nte=200)
2026-06-09 05:51:34 | INFO    | train_session_alignment | [align] euclidean_alignment    eegnet      single_sub-045_ses02-to-ses01 seed=1 acc=0.7850 (ntr=160 nval=40 nte=200)
2026-06-09 05:51:42 | INFO    | train_session_alignment | [align] euclidean_alignment    eegnet      single_sub-045_ses02-to-ses03 seed=1 acc=0.8150 (ntr=160 nval=40 nte=200)
2026-06-09 05:51:50 | INFO    | train_session_alignment | [align] euclidean_alignment    eegnet      single_sub-045_ses03-to-ses01 seed=1 acc=0.7800 (ntr=160 nval=40 nte=200)
2026-06-09 05:51:57 | INFO    | train_session_alignment | [align] euclidean_alignment    eegnet      single_sub-045_ses03-to-ses02 seed=1 acc=0.8250 (ntr=160 nval=40 nte=200)
2026-06-09 05:52:16 | INFO    | train_session_alignment | [align] euclidean_alignment    eegnet      single_sub-046_ses01-to-ses02 seed=1 acc=0.9900 (ntr=160 nval=40 nte=200)
2026-06-09 05:52:34 | INFO    | train_session_alignment | [align] euclidean_alignment    eegnet      single_sub-046_ses01-to-ses03 seed=1 acc=0.9750 (ntr=160 nval=40 nte=200)
2026-06-09 05:52:53 | INFO    | train_session_alignment | [align] euclidean_alignment    eegnet      single_sub-046_ses02-to-ses01 seed=1 acc=0.9800 (ntr=160 nval=40 nte=200)
2026-06-09 05:53:11 | INFO    | train_session_alignment | [align] euclidean_alignment    eegnet      single_sub-046_ses02-to-ses03 seed=1 acc=0.9650 (ntr=160 nval=40 nte=200)
2026-06-09 05:53:27 | INFO    | train_session_alignment | [align] euclidean_alignment    eegnet      single_sub-046_ses03-to-ses01 seed=1 acc=0.9950 (ntr=160 nval=40 nte=200)
2026-06-09 05:53:44 | INFO    | train_session_alignment | [align] euclidean_alignment    eegnet      single_sub-046_ses03-to-ses02 seed=1 acc=0.9650 (ntr=160 nval=40 nte=200)
2026-06-09 05:53:51 | INFO    | train_session_alignment | [align] euclidean_alignment    eegnet      single_sub-047_ses01-to-ses02 seed=1 acc=0.8850 (ntr=160 nval=40 nte=200)
2026-06-09 05:53:59 | INFO    | train_session_alignment | [align] euclidean_alignment    eegnet      single_sub-047_ses01-to-ses03 seed=1 acc=0.8700 (ntr=160 nval=40 nte=200)
2026-06-09 05:54:06 | INFO    | train_session_alignment | [align] euclidean_alignment    eegnet      single_sub-047_ses02-to-ses01 seed=1 acc=0.9050 (ntr=160 nval=40 nte=200)
2026-06-09 05:54:14 | INFO    | train_session_alignment | [align] euclidean_alignment    eegnet      single_sub-047_ses02-to-ses03 seed=1 acc=0.8800 (ntr=160 nval=40 nte=200)
2026-06-09 05:54:33 | INFO    | train_session_alignment | [align] euclidean_alignment    eegnet      single_sub-047_ses03-to-ses01 seed=1 acc=0.8650 (ntr=160 nval=40 nte=200)
2026-06-09 05:54:51 | INFO    | train_session_alignment | [align] euclidean_alignment    eegnet      single_sub-047_ses03-to-ses02 seed=1 acc=0.8700 (ntr=160 nval=40 nte=200)
2026-06-09 05:54:57 | INFO    | train_session_alignment | [align] euclidean_alignment    eegnet      single_sub-048_ses01-to-ses02 seed=1 acc=0.7850 (ntr=160 nval=40 nte=200)
2026-06-09 05:55:03 | INFO    | train_session_alignment | [align] euclidean_alignment    eegnet      single_sub-048_ses01-to-ses03 seed=1 acc=0.7550 (ntr=160 nval=40 nte=200)
2026-06-09 05:55:09 | INFO    | train_session_alignment | [align] euclidean_alignment    eegnet      single_sub-048_ses02-to-ses01 seed=1 acc=0.7550 (ntr=160 nval=40 nte=200)
2026-06-09 05:55:15 | INFO    | train_session_alignment | [align] euclidean_alignment    eegnet      single_sub-048_ses02-to-ses03 seed=1 acc=0.7750 (ntr=160 nval=40 nte=200)
2026-06-09 05:55:27 | INFO    | train_session_alignment | [align] euclidean_alignment    eegnet      single_sub-048_ses03-to-ses01 seed=1 acc=0.8600 (ntr=160 nval=40 nte=200)
2026-06-09 05:55:39 | INFO    | train_session_alignment | [align] euclidean_alignment    eegnet      single_sub-048_ses03-to-ses02 seed=1 acc=0.8800 (ntr=160 nval=40 nte=200)
2026-06-09 05:55:45 | INFO    | train_session_alignment | [align] euclidean_alignment    eegnet      single_sub-049_ses01-to-ses02 seed=1 acc=0.5550 (ntr=160 nval=40 nte=200)
2026-06-09 05:55:51 | INFO    | train_session_alignment | [align] euclidean_alignment    eegnet      single_sub-049_ses01-to-ses03 seed=1 acc=0.6200 (ntr=160 nval=40 nte=200)
2026-06-09 05:56:01 | INFO    | train_session_alignment | [align] euclidean_alignment    eegnet      single_sub-049_ses02-to-ses01 seed=1 acc=0.8400 (ntr=160 nval=40 nte=200)
2026-06-09 05:56:12 | INFO    | train_session_alignment | [align] euclidean_alignment    eegnet      single_sub-049_ses02-to-ses03 seed=1 acc=0.7200 (ntr=160 nval=40 nte=200)
2026-06-09 05:56:21 | INFO    | train_session_alignment | [align] euclidean_alignment    eegnet      single_sub-049_ses03-to-ses01 seed=1 acc=0.7150 (ntr=160 nval=40 nte=200)
2026-06-09 05:56:29 | INFO    | train_session_alignment | [align] euclidean_alignment    eegnet      single_sub-049_ses03-to-ses02 seed=1 acc=0.6800 (ntr=160 nval=40 nte=200)
2026-06-09 05:56:47 | INFO    | train_session_alignment | [align] euclidean_alignment    eegnet      single_sub-050_ses01-to-ses02 seed=1 acc=0.9450 (ntr=160 nval=40 nte=200)
2026-06-09 05:57:05 | INFO    | train_session_alignment | [align] euclidean_alignment    eegnet      single_sub-050_ses01-to-ses03 seed=1 acc=0.9650 (ntr=160 nval=40 nte=200)
2026-06-09 05:57:23 | INFO    | train_session_alignment | [align] euclidean_alignment    eegnet      single_sub-050_ses02-to-ses01 seed=1 acc=0.8550 (ntr=160 nval=40 nte=200)
2026-06-09 05:57:41 | INFO    | train_session_alignment | [align] euclidean_alignment    eegnet      single_sub-050_ses02-to-ses03 seed=1 acc=0.9700 (ntr=160 nval=40 nte=200)
2026-06-09 05:57:50 | INFO    | train_session_alignment | [align] euclidean_alignment    eegnet      single_sub-050_ses03-to-ses01 seed=1 acc=0.8800 (ntr=160 nval=40 nte=200)
2026-06-09 05:57:59 | INFO    | train_session_alignment | [align] euclidean_alignment    eegnet      single_sub-050_ses03-to-ses02 seed=1 acc=0.9150 (ntr=160 nval=40 nte=200)
2026-06-09 05:58:06 | INFO    | train_session_alignment | [align] euclidean_alignment    eegnet      single_sub-051_ses01-to-ses02 seed=1 acc=0.6000 (ntr=160 nval=40 nte=200)
2026-06-09 05:58:13 | INFO    | train_session_alignment | [align] euclidean_alignment    eegnet      single_sub-051_ses01-to-ses03 seed=1 acc=0.7300 (ntr=160 nval=40 nte=200)
2026-06-09 05:58:21 | INFO    | train_session_alignment | [align] euclidean_alignment    eegnet      single_sub-051_ses02-to-ses01 seed=1 acc=0.7650 (ntr=160 nval=40 nte=200)
2026-06-09 05:58:29 | INFO    | train_session_alignment | [align] euclidean_alignment    eegnet      single_sub-051_ses02-to-ses03 seed=1 acc=0.8150 (ntr=160 nval=40 nte=200)
2026-06-09 05:58:35 | INFO    | train_session_alignment | [align] euclidean_alignment    eegnet      single_sub-051_ses03-to-ses01 seed=1 acc=0.7750 (ntr=160 nval=40 nte=200)
2026-06-09 05:58:42 | INFO    | train_session_alignment | [align] euclidean_alignment    eegnet      single_sub-051_ses03-to-ses02 seed=1 acc=0.8000 (ntr=160 nval=40 nte=200)
2026-06-09 05:59:05 | INFO    | train_session_alignment | [align] euclidean_alignment    eegnet      multi_sub-001_ses01ses02-to-ses03 seed=1 acc=0.9750 (ntr=320 nval=80 nte=200)
2026-06-09 05:59:12 | INFO    | train_session_alignment | [align] euclidean_alignment    eegnet      multi_sub-002_ses01ses02-to-ses03 seed=1 acc=0.7000 (ntr=320 nval=80 nte=200)
2026-06-09 05:59:26 | INFO    | train_session_alignment | [align] euclidean_alignment    eegnet      multi_sub-003_ses01ses02-to-ses03 seed=1 acc=0.7700 (ntr=320 nval=80 nte=200)
2026-06-09 05:59:33 | INFO    | train_session_alignment | [align] euclidean_alignment    eegnet      multi_sub-004_ses01ses02-to-ses03 seed=1 acc=0.4850 (ntr=320 nval=80 nte=200)
2026-06-09 05:59:42 | INFO    | train_session_alignment | [align] euclidean_alignment    eegnet      multi_sub-005_ses01ses02-to-ses03 seed=1 acc=0.7900 (ntr=320 nval=80 nte=200)
2026-06-09 05:59:50 | INFO    | train_session_alignment | [align] euclidean_alignment    eegnet      multi_sub-006_ses01ses02-to-ses03 seed=1 acc=0.9250 (ntr=320 nval=80 nte=200)
2026-06-09 06:00:00 | INFO    | train_session_alignment | [align] euclidean_alignment    eegnet      multi_sub-007_ses01ses02-to-ses03 seed=1 acc=0.9100 (ntr=320 nval=80 nte=200)
2026-06-09 06:00:08 | INFO    | train_session_alignment | [align] euclidean_alignment    eegnet      multi_sub-008_ses01ses02-to-ses03 seed=1 acc=0.8950 (ntr=320 nval=80 nte=200)
2026-06-09 06:00:16 | INFO    | train_session_alignment | [align] euclidean_alignment    eegnet      multi_sub-009_ses01ses02-to-ses03 seed=1 acc=0.5900 (ntr=320 nval=80 nte=200)
2026-06-09 06:00:24 | INFO    | train_session_alignment | [align] euclidean_alignment    eegnet      multi_sub-010_ses01ses02-to-ses03 seed=1 acc=0.5550 (ntr=320 nval=80 nte=200)
2026-06-09 06:00:32 | INFO    | train_session_alignment | [align] euclidean_alignment    eegnet      multi_sub-011_ses01ses02-to-ses03 seed=1 acc=0.9600 (ntr=320 nval=80 nte=200)
2026-06-09 06:00:39 | INFO    | train_session_alignment | [align] euclidean_alignment    eegnet      multi_sub-012_ses01ses02-to-ses03 seed=1 acc=0.5350 (ntr=320 nval=80 nte=200)
2026-06-09 06:00:47 | INFO    | train_session_alignment | [align] euclidean_alignment    eegnet      multi_sub-013_ses01ses02-to-ses03 seed=1 acc=0.6800 (ntr=320 nval=80 nte=200)
2026-06-09 06:00:54 | INFO    | train_session_alignment | [align] euclidean_alignment    eegnet      multi_sub-014_ses01ses02-to-ses03 seed=1 acc=0.4700 (ntr=320 nval=80 nte=200)
2026-06-09 06:01:04 | INFO    | train_session_alignment | [align] euclidean_alignment    eegnet      multi_sub-015_ses01ses02-to-ses03 seed=1 acc=0.6200 (ntr=320 nval=80 nte=200)
2026-06-09 06:01:11 | INFO    | train_session_alignment | [align] euclidean_alignment    eegnet      multi_sub-016_ses01ses02-to-ses03 seed=1 acc=0.5550 (ntr=320 nval=80 nte=200)
2026-06-09 06:01:20 | INFO    | train_session_alignment | [align] euclidean_alignment    eegnet      multi_sub-017_ses01ses02-to-ses03 seed=1 acc=0.7600 (ntr=320 nval=80 nte=200)
2026-06-09 06:01:28 | INFO    | train_session_alignment | [align] euclidean_alignment    eegnet      multi_sub-018_ses01ses02-to-ses03 seed=1 acc=0.6300 (ntr=320 nval=80 nte=200)
2026-06-09 06:01:36 | INFO    | train_session_alignment | [align] euclidean_alignment    eegnet      multi_sub-019_ses01ses02-to-ses03 seed=1 acc=0.9000 (ntr=320 nval=80 nte=200)
2026-06-09 06:01:44 | INFO    | train_session_alignment | [align] euclidean_alignment    eegnet      multi_sub-020_ses01ses02-to-ses03 seed=1 acc=0.4350 (ntr=320 nval=80 nte=200)
2026-06-09 06:01:53 | INFO    | train_session_alignment | [align] euclidean_alignment    eegnet      multi_sub-021_ses01ses02-to-ses03 seed=1 acc=0.8100 (ntr=320 nval=80 nte=200)
2026-06-09 06:02:02 | INFO    | train_session_alignment | [align] euclidean_alignment    eegnet      multi_sub-022_ses01ses02-to-ses03 seed=1 acc=0.8000 (ntr=320 nval=80 nte=200)
2026-06-09 06:02:10 | INFO    | train_session_alignment | [align] euclidean_alignment    eegnet      multi_sub-025_ses01ses02-to-ses03 seed=1 acc=0.8700 (ntr=320 nval=80 nte=200)
2026-06-09 06:02:18 | INFO    | train_session_alignment | [align] euclidean_alignment    eegnet      multi_sub-027_ses01ses02-to-ses03 seed=1 acc=0.7400 (ntr=320 nval=80 nte=200)
2026-06-09 06:02:26 | INFO    | train_session_alignment | [align] euclidean_alignment    eegnet      multi_sub-028_ses01ses02-to-ses03 seed=1 acc=0.5800 (ntr=320 nval=80 nte=200)
2026-06-09 06:02:48 | INFO    | train_session_alignment | [align] euclidean_alignment    eegnet      multi_sub-029_ses01ses02-to-ses03 seed=1 acc=0.9550 (ntr=320 nval=80 nte=200)
2026-06-09 06:03:11 | INFO    | train_session_alignment | [align] euclidean_alignment    eegnet      multi_sub-030_ses01ses02-to-ses03 seed=1 acc=0.7150 (ntr=320 nval=80 nte=200)
2026-06-09 06:03:18 | INFO    | train_session_alignment | [align] euclidean_alignment    eegnet      multi_sub-031_ses01ses02-to-ses03 seed=1 acc=0.7950 (ntr=320 nval=80 nte=200)
2026-06-09 06:03:40 | INFO    | train_session_alignment | [align] euclidean_alignment    eegnet      multi_sub-033_ses01ses02-to-ses03 seed=1 acc=0.9450 (ntr=320 nval=80 nte=200)
2026-06-09 06:03:48 | INFO    | train_session_alignment | [align] euclidean_alignment    eegnet      multi_sub-034_ses01ses02-to-ses03 seed=1 acc=0.7600 (ntr=320 nval=80 nte=200)
2026-06-09 06:04:03 | INFO    | train_session_alignment | [align] euclidean_alignment    eegnet      multi_sub-035_ses01ses02-to-ses03 seed=1 acc=0.9450 (ntr=320 nval=80 nte=200)
2026-06-09 06:04:11 | INFO    | train_session_alignment | [align] euclidean_alignment    eegnet      multi_sub-036_ses01ses02-to-ses03 seed=1 acc=0.9750 (ntr=320 nval=80 nte=200)
2026-06-09 06:04:21 | INFO    | train_session_alignment | [align] euclidean_alignment    eegnet      multi_sub-037_ses01ses02-to-ses03 seed=1 acc=0.8750 (ntr=320 nval=80 nte=200)
2026-06-09 06:04:30 | INFO    | train_session_alignment | [align] euclidean_alignment    eegnet      multi_sub-038_ses01ses02-to-ses03 seed=1 acc=0.5100 (ntr=320 nval=80 nte=200)
2026-06-09 06:04:38 | INFO    | train_session_alignment | [align] euclidean_alignment    eegnet      multi_sub-039_ses01ses02-to-ses03 seed=1 acc=0.5700 (ntr=320 nval=80 nte=200)
2026-06-09 06:04:46 | INFO    | train_session_alignment | [align] euclidean_alignment    eegnet      multi_sub-040_ses01ses02-to-ses03 seed=1 acc=0.7700 (ntr=320 nval=80 nte=200)
2026-06-09 06:04:59 | INFO    | train_session_alignment | [align] euclidean_alignment    eegnet      multi_sub-041_ses01ses02-to-ses03 seed=1 acc=0.8450 (ntr=320 nval=80 nte=200)
2026-06-09 06:05:07 | INFO    | train_session_alignment | [align] euclidean_alignment    eegnet      multi_sub-042_ses01ses02-to-ses03 seed=1 acc=0.7300 (ntr=320 nval=80 nte=200)
2026-06-09 06:05:29 | INFO    | train_session_alignment | [align] euclidean_alignment    eegnet      multi_sub-043_ses01ses02-to-ses03 seed=1 acc=0.9950 (ntr=320 nval=80 nte=200)
2026-06-09 06:05:36 | INFO    | train_session_alignment | [align] euclidean_alignment    eegnet      multi_sub-044_ses01ses02-to-ses03 seed=1 acc=0.6200 (ntr=320 nval=80 nte=200)
2026-06-09 06:05:45 | INFO    | train_session_alignment | [align] euclidean_alignment    eegnet      multi_sub-045_ses01ses02-to-ses03 seed=1 acc=0.9050 (ntr=320 nval=80 nte=200)
2026-06-09 06:06:08 | INFO    | train_session_alignment | [align] euclidean_alignment    eegnet      multi_sub-046_ses01ses02-to-ses03 seed=1 acc=0.9750 (ntr=320 nval=80 nte=200)
2026-06-09 06:06:18 | INFO    | train_session_alignment | [align] euclidean_alignment    eegnet      multi_sub-047_ses01ses02-to-ses03 seed=1 acc=0.9150 (ntr=320 nval=80 nte=200)
2026-06-09 06:06:25 | INFO    | train_session_alignment | [align] euclidean_alignment    eegnet      multi_sub-048_ses01ses02-to-ses03 seed=1 acc=0.8300 (ntr=320 nval=80 nte=200)
2026-06-09 06:06:34 | INFO    | train_session_alignment | [align] euclidean_alignment    eegnet      multi_sub-049_ses01ses02-to-ses03 seed=1 acc=0.8350 (ntr=320 nval=80 nte=200)
2026-06-09 06:06:54 | INFO    | train_session_alignment | [align] euclidean_alignment    eegnet      multi_sub-050_ses01ses02-to-ses03 seed=1 acc=0.9800 (ntr=320 nval=80 nte=200)
2026-06-09 06:07:04 | INFO    | train_session_alignment | [align] euclidean_alignment    eegnet      multi_sub-051_ses01ses02-to-ses03 seed=1 acc=0.8600 (ntr=320 nval=80 nte=200)
2026-06-09 06:07:05 | INFO    | train_session_alignment | ALL DONE in 3055.1s | rows=335 ok=335 failed=0 | out=/share/home/yuan/SYX/eeg-mi-online/outputs/experiments/alignment_baseline_v1
Done: Tue Jun  9 06:07:05 CST 2026
