Project: /share/home/yuan/SYX/eeg-mi-online
Env    : mi_torch_cu118
Args   : --methods riemannian_alignment --models eegnet --seeds 1 --protocols single,multi --tag-suffix riemannian_alignment_eegnet_s1
Node   : gpu01 | Start: Tue Jun  9 07:52:13 CST 2026
Tue Jun  9 07:52:14 2026       
+-----------------------------------------------------------------------------------------+
| NVIDIA-SMI 570.153.02             Driver Version: 570.153.02     CUDA Version: 12.8     |
|-----------------------------------------+------------------------+----------------------+
| GPU  Name                 Persistence-M | Bus-Id          Disp.A | Volatile Uncorr. ECC |
| Fan  Temp   Perf          Pwr:Usage/Cap |           Memory-Usage | GPU-Util  Compute M. |
|                                         |                        |               MIG M. |
|=========================================+========================+======================|
|   0  NVIDIA GeForce RTX 4090 D      On  |   00000000:61:00.0 Off |                  Off |
| 30%   41C    P0             57W /  425W |       1MiB /  24564MiB |      0%      Default |
|                                         |                        |                  N/A |
+-----------------------------------------+------------------------+----------------------+
                                                                                         
+-----------------------------------------------------------------------------------------+
| Processes:                                                                              |
|  GPU   GI   CI              PID   Type   Process name                        GPU Memory |
|        ID   ID                                                               Usage      |
|=========================================================================================|
|  No running processes found                                                             |
+-----------------------------------------------------------------------------------------+
[cuda-check] torch=2.7.1+cu118 cuda_build=11.8 cuda_avail=True
2026-06-09 07:52:17 | INFO    | train_session_alignment | device=cuda | cuda={'torch': '2.7.1+cu118', 'cuda_build': '11.8', 'cuda_available': True, 'device': 'cuda', 'device_name': 'NVIDIA GeForce RTX 4090 D'}
2026-06-09 07:52:17 | INFO    | train_session_alignment | loaded 148 ok sessions | methods=['riemannian_alignment'] | models=['eegnet'] | seeds=[1] | groups=['single', 'multi'] | tasks=335
2026-06-09 07:52:25 | INFO    | train_session_alignment | [align] riemannian_alignment   eegnet      single_sub-001_ses01-to-ses02 seed=1 acc=0.6300 (ntr=160 nval=40 nte=200)
2026-06-09 07:52:32 | INFO    | train_session_alignment | [align] riemannian_alignment   eegnet      single_sub-001_ses01-to-ses03 seed=1 acc=0.7300 (ntr=160 nval=40 nte=200)
2026-06-09 07:52:42 | INFO    | train_session_alignment | [align] riemannian_alignment   eegnet      single_sub-001_ses02-to-ses01 seed=1 acc=0.6800 (ntr=160 nval=40 nte=200)
2026-06-09 07:52:52 | INFO    | train_session_alignment | [align] riemannian_alignment   eegnet      single_sub-001_ses02-to-ses03 seed=1 acc=0.9800 (ntr=160 nval=40 nte=200)
2026-06-09 07:53:09 | INFO    | train_session_alignment | [align] riemannian_alignment   eegnet      single_sub-001_ses03-to-ses01 seed=1 acc=0.7900 (ntr=160 nval=40 nte=200)
2026-06-09 07:53:26 | INFO    | train_session_alignment | [align] riemannian_alignment   eegnet      single_sub-001_ses03-to-ses02 seed=1 acc=0.9750 (ntr=160 nval=40 nte=200)
2026-06-09 07:53:31 | INFO    | train_session_alignment | [align] riemannian_alignment   eegnet      single_sub-002_ses01-to-ses02 seed=1 acc=0.5500 (ntr=160 nval=40 nte=200)
2026-06-09 07:53:36 | INFO    | train_session_alignment | [align] riemannian_alignment   eegnet      single_sub-002_ses01-to-ses03 seed=1 acc=0.5400 (ntr=160 nval=40 nte=200)
2026-06-09 07:53:41 | INFO    | train_session_alignment | [align] riemannian_alignment   eegnet      single_sub-002_ses02-to-ses01 seed=1 acc=0.5950 (ntr=160 nval=40 nte=200)
2026-06-09 07:53:46 | INFO    | train_session_alignment | [align] riemannian_alignment   eegnet      single_sub-002_ses02-to-ses03 seed=1 acc=0.6050 (ntr=160 nval=40 nte=200)
2026-06-09 07:53:52 | INFO    | train_session_alignment | [align] riemannian_alignment   eegnet      single_sub-002_ses03-to-ses01 seed=1 acc=0.6550 (ntr=160 nval=40 nte=200)
2026-06-09 07:53:57 | INFO    | train_session_alignment | [align] riemannian_alignment   eegnet      single_sub-002_ses03-to-ses02 seed=1 acc=0.5900 (ntr=160 nval=40 nte=200)
2026-06-09 07:54:14 | INFO    | train_session_alignment | [align] riemannian_alignment   eegnet      single_sub-003_ses01-to-ses02 seed=1 acc=0.8400 (ntr=160 nval=40 nte=200)
2026-06-09 07:54:31 | INFO    | train_session_alignment | [align] riemannian_alignment   eegnet      single_sub-003_ses01-to-ses03 seed=1 acc=0.8100 (ntr=160 nval=40 nte=200)
2026-06-09 07:54:42 | INFO    | train_session_alignment | [align] riemannian_alignment   eegnet      single_sub-003_ses02-to-ses01 seed=1 acc=0.8500 (ntr=160 nval=40 nte=200)
2026-06-09 07:54:52 | INFO    | train_session_alignment | [align] riemannian_alignment   eegnet      single_sub-003_ses02-to-ses03 seed=1 acc=0.8400 (ntr=160 nval=40 nte=200)
2026-06-09 07:55:09 | INFO    | train_session_alignment | [align] riemannian_alignment   eegnet      single_sub-003_ses03-to-ses01 seed=1 acc=0.6000 (ntr=160 nval=40 nte=200)
2026-06-09 07:55:26 | INFO    | train_session_alignment | [align] riemannian_alignment   eegnet      single_sub-003_ses03-to-ses02 seed=1 acc=0.6450 (ntr=160 nval=40 nte=200)
2026-06-09 07:55:31 | INFO    | train_session_alignment | [align] riemannian_alignment   eegnet      single_sub-004_ses01-to-ses02 seed=1 acc=0.5100 (ntr=160 nval=40 nte=200)
2026-06-09 07:55:36 | INFO    | train_session_alignment | [align] riemannian_alignment   eegnet      single_sub-004_ses01-to-ses03 seed=1 acc=0.4850 (ntr=160 nval=40 nte=200)
2026-06-09 07:55:41 | INFO    | train_session_alignment | [align] riemannian_alignment   eegnet      single_sub-004_ses02-to-ses01 seed=1 acc=0.5050 (ntr=160 nval=40 nte=200)
2026-06-09 07:55:46 | INFO    | train_session_alignment | [align] riemannian_alignment   eegnet      single_sub-004_ses02-to-ses03 seed=1 acc=0.5350 (ntr=160 nval=40 nte=200)
2026-06-09 07:55:53 | INFO    | train_session_alignment | [align] riemannian_alignment   eegnet      single_sub-004_ses03-to-ses01 seed=1 acc=0.5300 (ntr=160 nval=40 nte=200)
2026-06-09 07:55:59 | INFO    | train_session_alignment | [align] riemannian_alignment   eegnet      single_sub-004_ses03-to-ses02 seed=1 acc=0.5650 (ntr=160 nval=40 nte=200)
2026-06-09 07:56:10 | INFO    | train_session_alignment | [align] riemannian_alignment   eegnet      single_sub-005_ses01-to-ses02 seed=1 acc=0.8450 (ntr=160 nval=40 nte=200)
2026-06-09 07:56:21 | INFO    | train_session_alignment | [align] riemannian_alignment   eegnet      single_sub-005_ses01-to-ses03 seed=1 acc=0.7400 (ntr=160 nval=40 nte=200)
2026-06-09 07:56:38 | INFO    | train_session_alignment | [align] riemannian_alignment   eegnet      single_sub-005_ses02-to-ses01 seed=1 acc=0.8950 (ntr=160 nval=40 nte=200)
2026-06-09 07:56:55 | INFO    | train_session_alignment | [align] riemannian_alignment   eegnet      single_sub-005_ses02-to-ses03 seed=1 acc=0.7600 (ntr=160 nval=40 nte=200)
2026-06-09 07:57:02 | INFO    | train_session_alignment | [align] riemannian_alignment   eegnet      single_sub-005_ses03-to-ses01 seed=1 acc=0.7800 (ntr=160 nval=40 nte=200)
2026-06-09 07:57:09 | INFO    | train_session_alignment | [align] riemannian_alignment   eegnet      single_sub-005_ses03-to-ses02 seed=1 acc=0.7800 (ntr=160 nval=40 nte=200)
2026-06-09 07:57:22 | INFO    | train_session_alignment | [align] riemannian_alignment   eegnet      single_sub-006_ses01-to-ses02 seed=1 acc=0.8600 (ntr=160 nval=40 nte=200)
2026-06-09 07:57:35 | INFO    | train_session_alignment | [align] riemannian_alignment   eegnet      single_sub-006_ses01-to-ses03 seed=1 acc=0.9400 (ntr=160 nval=40 nte=200)
2026-06-09 07:57:42 | INFO    | train_session_alignment | [align] riemannian_alignment   eegnet      single_sub-006_ses02-to-ses01 seed=1 acc=0.7950 (ntr=160 nval=40 nte=200)
2026-06-09 07:57:50 | INFO    | train_session_alignment | [align] riemannian_alignment   eegnet      single_sub-006_ses02-to-ses03 seed=1 acc=0.8300 (ntr=160 nval=40 nte=200)
2026-06-09 07:58:06 | INFO    | train_session_alignment | [align] riemannian_alignment   eegnet      single_sub-006_ses03-to-ses01 seed=1 acc=0.9050 (ntr=160 nval=40 nte=200)
2026-06-09 07:58:23 | INFO    | train_session_alignment | [align] riemannian_alignment   eegnet      single_sub-006_ses03-to-ses02 seed=1 acc=0.8800 (ntr=160 nval=40 nte=200)
2026-06-09 07:58:30 | INFO    | train_session_alignment | [align] riemannian_alignment   eegnet      single_sub-007_ses01-to-ses02 seed=1 acc=0.7200 (ntr=160 nval=40 nte=200)
2026-06-09 07:58:37 | INFO    | train_session_alignment | [align] riemannian_alignment   eegnet      single_sub-007_ses01-to-ses03 seed=1 acc=0.7150 (ntr=160 nval=40 nte=200)
2026-06-09 07:58:43 | INFO    | train_session_alignment | [align] riemannian_alignment   eegnet      single_sub-007_ses02-to-ses01 seed=1 acc=0.6750 (ntr=160 nval=40 nte=200)
2026-06-09 07:58:48 | INFO    | train_session_alignment | [align] riemannian_alignment   eegnet      single_sub-007_ses02-to-ses03 seed=1 acc=0.8400 (ntr=160 nval=40 nte=200)
2026-06-09 07:59:04 | INFO    | train_session_alignment | [align] riemannian_alignment   eegnet      single_sub-007_ses03-to-ses01 seed=1 acc=0.7100 (ntr=160 nval=40 nte=200)
2026-06-09 07:59:20 | INFO    | train_session_alignment | [align] riemannian_alignment   eegnet      single_sub-007_ses03-to-ses02 seed=1 acc=0.8050 (ntr=160 nval=40 nte=200)
2026-06-09 07:59:30 | INFO    | train_session_alignment | [align] riemannian_alignment   eegnet      single_sub-008_ses01-to-ses02 seed=1 acc=0.6650 (ntr=160 nval=40 nte=200)
2026-06-09 07:59:40 | INFO    | train_session_alignment | [align] riemannian_alignment   eegnet      single_sub-008_ses01-to-ses03 seed=1 acc=0.6550 (ntr=160 nval=40 nte=200)
2026-06-09 07:59:56 | INFO    | train_session_alignment | [align] riemannian_alignment   eegnet      single_sub-008_ses02-to-ses01 seed=1 acc=0.7400 (ntr=160 nval=40 nte=200)
2026-06-09 08:00:13 | INFO    | train_session_alignment | [align] riemannian_alignment   eegnet      single_sub-008_ses02-to-ses03 seed=1 acc=0.8800 (ntr=160 nval=40 nte=200)
2026-06-09 08:00:27 | INFO    | train_session_alignment | [align] riemannian_alignment   eegnet      single_sub-008_ses03-to-ses01 seed=1 acc=0.7000 (ntr=160 nval=40 nte=200)
2026-06-09 08:00:41 | INFO    | train_session_alignment | [align] riemannian_alignment   eegnet      single_sub-008_ses03-to-ses02 seed=1 acc=0.8700 (ntr=160 nval=40 nte=200)
2026-06-09 08:00:47 | INFO    | train_session_alignment | [align] riemannian_alignment   eegnet      single_sub-009_ses01-to-ses02 seed=1 acc=0.6200 (ntr=160 nval=40 nte=200)
2026-06-09 08:00:53 | INFO    | train_session_alignment | [align] riemannian_alignment   eegnet      single_sub-009_ses01-to-ses03 seed=1 acc=0.5500 (ntr=160 nval=40 nte=200)
2026-06-09 08:00:59 | INFO    | train_session_alignment | [align] riemannian_alignment   eegnet      single_sub-009_ses02-to-ses01 seed=1 acc=0.6700 (ntr=160 nval=40 nte=200)
2026-06-09 08:01:06 | INFO    | train_session_alignment | [align] riemannian_alignment   eegnet      single_sub-009_ses02-to-ses03 seed=1 acc=0.6100 (ntr=160 nval=40 nte=200)
2026-06-09 08:01:11 | INFO    | train_session_alignment | [align] riemannian_alignment   eegnet      single_sub-009_ses03-to-ses01 seed=1 acc=0.5100 (ntr=160 nval=40 nte=200)
2026-06-09 08:01:16 | INFO    | train_session_alignment | [align] riemannian_alignment   eegnet      single_sub-009_ses03-to-ses02 seed=1 acc=0.5250 (ntr=160 nval=40 nte=200)
2026-06-09 08:01:21 | INFO    | train_session_alignment | [align] riemannian_alignment   eegnet      single_sub-010_ses01-to-ses02 seed=1 acc=0.6100 (ntr=160 nval=40 nte=200)
2026-06-09 08:01:26 | INFO    | train_session_alignment | [align] riemannian_alignment   eegnet      single_sub-010_ses01-to-ses03 seed=1 acc=0.5250 (ntr=160 nval=40 nte=200)
2026-06-09 08:01:36 | INFO    | train_session_alignment | [align] riemannian_alignment   eegnet      single_sub-010_ses02-to-ses01 seed=1 acc=0.6600 (ntr=160 nval=40 nte=200)
2026-06-09 08:01:45 | INFO    | train_session_alignment | [align] riemannian_alignment   eegnet      single_sub-010_ses02-to-ses03 seed=1 acc=0.5850 (ntr=160 nval=40 nte=200)
2026-06-09 08:02:02 | INFO    | train_session_alignment | [align] riemannian_alignment   eegnet      single_sub-010_ses03-to-ses01 seed=1 acc=0.5700 (ntr=160 nval=40 nte=200)
2026-06-09 08:02:20 | INFO    | train_session_alignment | [align] riemannian_alignment   eegnet      single_sub-010_ses03-to-ses02 seed=1 acc=0.6700 (ntr=160 nval=40 nte=200)
2026-06-09 08:02:26 | INFO    | train_session_alignment | [align] riemannian_alignment   eegnet      single_sub-011_ses01-to-ses02 seed=1 acc=0.7200 (ntr=160 nval=40 nte=200)
2026-06-09 08:02:33 | INFO    | train_session_alignment | [align] riemannian_alignment   eegnet      single_sub-011_ses01-to-ses03 seed=1 acc=0.9300 (ntr=160 nval=40 nte=200)
2026-06-09 08:02:38 | INFO    | train_session_alignment | [align] riemannian_alignment   eegnet      single_sub-011_ses02-to-ses01 seed=1 acc=0.5500 (ntr=160 nval=40 nte=200)
2026-06-09 08:02:43 | INFO    | train_session_alignment | [align] riemannian_alignment   eegnet      single_sub-011_ses02-to-ses03 seed=1 acc=0.4800 (ntr=160 nval=40 nte=200)
2026-06-09 08:02:49 | INFO    | train_session_alignment | [align] riemannian_alignment   eegnet      single_sub-011_ses03-to-ses01 seed=1 acc=0.8050 (ntr=160 nval=40 nte=200)
2026-06-09 08:02:55 | INFO    | train_session_alignment | [align] riemannian_alignment   eegnet      single_sub-011_ses03-to-ses02 seed=1 acc=0.7200 (ntr=160 nval=40 nte=200)
2026-06-09 08:03:00 | INFO    | train_session_alignment | [align] riemannian_alignment   eegnet      single_sub-012_ses01-to-ses02 seed=1 acc=0.5250 (ntr=160 nval=40 nte=200)
2026-06-09 08:03:05 | INFO    | train_session_alignment | [align] riemannian_alignment   eegnet      single_sub-012_ses01-to-ses03 seed=1 acc=0.4950 (ntr=160 nval=40 nte=200)
2026-06-09 08:03:10 | INFO    | train_session_alignment | [align] riemannian_alignment   eegnet      single_sub-012_ses02-to-ses01 seed=1 acc=0.5450 (ntr=160 nval=40 nte=200)
2026-06-09 08:03:15 | INFO    | train_session_alignment | [align] riemannian_alignment   eegnet      single_sub-012_ses02-to-ses03 seed=1 acc=0.5050 (ntr=160 nval=40 nte=200)
2026-06-09 08:03:20 | INFO    | train_session_alignment | [align] riemannian_alignment   eegnet      single_sub-012_ses03-to-ses01 seed=1 acc=0.5300 (ntr=160 nval=40 nte=200)
2026-06-09 08:03:25 | INFO    | train_session_alignment | [align] riemannian_alignment   eegnet      single_sub-012_ses03-to-ses02 seed=1 acc=0.4950 (ntr=160 nval=40 nte=200)
2026-06-09 08:03:39 | INFO    | train_session_alignment | [align] riemannian_alignment   eegnet      single_sub-013_ses01-to-ses02 seed=1 acc=0.7400 (ntr=160 nval=40 nte=200)
2026-06-09 08:03:53 | INFO    | train_session_alignment | [align] riemannian_alignment   eegnet      single_sub-013_ses01-to-ses03 seed=1 acc=0.8050 (ntr=160 nval=40 nte=200)
2026-06-09 08:04:04 | INFO    | train_session_alignment | [align] riemannian_alignment   eegnet      single_sub-013_ses02-to-ses01 seed=1 acc=0.6100 (ntr=160 nval=40 nte=200)
2026-06-09 08:04:15 | INFO    | train_session_alignment | [align] riemannian_alignment   eegnet      single_sub-013_ses02-to-ses03 seed=1 acc=0.6050 (ntr=160 nval=40 nte=200)
2026-06-09 08:04:25 | INFO    | train_session_alignment | [align] riemannian_alignment   eegnet      single_sub-013_ses03-to-ses01 seed=1 acc=0.7900 (ntr=160 nval=40 nte=200)
2026-06-09 08:04:34 | INFO    | train_session_alignment | [align] riemannian_alignment   eegnet      single_sub-013_ses03-to-ses02 seed=1 acc=0.8000 (ntr=160 nval=40 nte=200)
2026-06-09 08:04:39 | INFO    | train_session_alignment | [align] riemannian_alignment   eegnet      single_sub-014_ses01-to-ses02 seed=1 acc=0.5050 (ntr=160 nval=40 nte=200)
2026-06-09 08:04:44 | INFO    | train_session_alignment | [align] riemannian_alignment   eegnet      single_sub-014_ses01-to-ses03 seed=1 acc=0.4300 (ntr=160 nval=40 nte=200)
2026-06-09 08:04:49 | INFO    | train_session_alignment | [align] riemannian_alignment   eegnet      single_sub-014_ses02-to-ses01 seed=1 acc=0.5200 (ntr=160 nval=40 nte=200)
2026-06-09 08:04:54 | INFO    | train_session_alignment | [align] riemannian_alignment   eegnet      single_sub-014_ses02-to-ses03 seed=1 acc=0.3850 (ntr=160 nval=40 nte=200)
2026-06-09 08:04:58 | INFO    | train_session_alignment | [align] riemannian_alignment   eegnet      single_sub-014_ses03-to-ses01 seed=1 acc=0.5000 (ntr=160 nval=40 nte=200)
2026-06-09 08:05:03 | INFO    | train_session_alignment | [align] riemannian_alignment   eegnet      single_sub-014_ses03-to-ses02 seed=1 acc=0.4750 (ntr=160 nval=40 nte=200)
2026-06-09 08:05:15 | INFO    | train_session_alignment | [align] riemannian_alignment   eegnet      single_sub-015_ses01-to-ses02 seed=1 acc=0.6500 (ntr=160 nval=40 nte=200)
2026-06-09 08:05:26 | INFO    | train_session_alignment | [align] riemannian_alignment   eegnet      single_sub-015_ses01-to-ses03 seed=1 acc=0.6550 (ntr=160 nval=40 nte=200)
2026-06-09 08:05:33 | INFO    | train_session_alignment | [align] riemannian_alignment   eegnet      single_sub-015_ses02-to-ses01 seed=1 acc=0.5650 (ntr=160 nval=40 nte=200)
2026-06-09 08:05:39 | INFO    | train_session_alignment | [align] riemannian_alignment   eegnet      single_sub-015_ses02-to-ses03 seed=1 acc=0.5300 (ntr=160 nval=40 nte=200)
2026-06-09 08:05:50 | INFO    | train_session_alignment | [align] riemannian_alignment   eegnet      single_sub-015_ses03-to-ses01 seed=1 acc=0.6100 (ntr=160 nval=40 nte=200)
2026-06-09 08:06:00 | INFO    | train_session_alignment | [align] riemannian_alignment   eegnet      single_sub-015_ses03-to-ses02 seed=1 acc=0.7150 (ntr=160 nval=40 nte=200)
2026-06-09 08:06:07 | INFO    | train_session_alignment | [align] riemannian_alignment   eegnet      single_sub-016_ses01-to-ses02 seed=1 acc=0.5150 (ntr=160 nval=40 nte=200)
2026-06-09 08:06:14 | INFO    | train_session_alignment | [align] riemannian_alignment   eegnet      single_sub-016_ses01-to-ses03 seed=1 acc=0.5550 (ntr=160 nval=40 nte=200)
2026-06-09 08:06:18 | INFO    | train_session_alignment | [align] riemannian_alignment   eegnet      single_sub-016_ses02-to-ses01 seed=1 acc=0.4700 (ntr=160 nval=40 nte=200)
2026-06-09 08:06:23 | INFO    | train_session_alignment | [align] riemannian_alignment   eegnet      single_sub-016_ses02-to-ses03 seed=1 acc=0.4400 (ntr=160 nval=40 nte=200)
2026-06-09 08:06:28 | INFO    | train_session_alignment | [align] riemannian_alignment   eegnet      single_sub-016_ses03-to-ses01 seed=1 acc=0.5100 (ntr=160 nval=40 nte=200)
2026-06-09 08:06:33 | INFO    | train_session_alignment | [align] riemannian_alignment   eegnet      single_sub-016_ses03-to-ses02 seed=1 acc=0.5550 (ntr=160 nval=40 nte=200)
2026-06-09 08:06:42 | INFO    | train_session_alignment | [align] riemannian_alignment   eegnet      single_sub-017_ses01-to-ses02 seed=1 acc=0.7550 (ntr=160 nval=40 nte=200)
2026-06-09 08:06:51 | INFO    | train_session_alignment | [align] riemannian_alignment   eegnet      single_sub-017_ses01-to-ses03 seed=1 acc=0.6700 (ntr=160 nval=40 nte=200)
2026-06-09 08:06:56 | INFO    | train_session_alignment | [align] riemannian_alignment   eegnet      single_sub-017_ses02-to-ses01 seed=1 acc=0.6750 (ntr=160 nval=40 nte=200)
2026-06-09 08:07:01 | INFO    | train_session_alignment | [align] riemannian_alignment   eegnet      single_sub-017_ses02-to-ses03 seed=1 acc=0.7900 (ntr=160 nval=40 nte=200)
2026-06-09 08:07:08 | INFO    | train_session_alignment | [align] riemannian_alignment   eegnet      single_sub-017_ses03-to-ses01 seed=1 acc=0.6250 (ntr=160 nval=40 nte=200)
2026-06-09 08:07:15 | INFO    | train_session_alignment | [align] riemannian_alignment   eegnet      single_sub-017_ses03-to-ses02 seed=1 acc=0.7500 (ntr=160 nval=40 nte=200)
2026-06-09 08:07:30 | INFO    | train_session_alignment | [align] riemannian_alignment   eegnet      single_sub-018_ses01-to-ses02 seed=1 acc=0.7200 (ntr=160 nval=40 nte=200)
2026-06-09 08:07:46 | INFO    | train_session_alignment | [align] riemannian_alignment   eegnet      single_sub-018_ses01-to-ses03 seed=1 acc=0.5700 (ntr=160 nval=40 nte=200)
2026-06-09 08:07:53 | INFO    | train_session_alignment | [align] riemannian_alignment   eegnet      single_sub-018_ses02-to-ses01 seed=1 acc=0.5900 (ntr=160 nval=40 nte=200)
2026-06-09 08:08:00 | INFO    | train_session_alignment | [align] riemannian_alignment   eegnet      single_sub-018_ses02-to-ses03 seed=1 acc=0.5950 (ntr=160 nval=40 nte=200)
2026-06-09 08:08:05 | INFO    | train_session_alignment | [align] riemannian_alignment   eegnet      single_sub-018_ses03-to-ses01 seed=1 acc=0.5750 (ntr=160 nval=40 nte=200)
2026-06-09 08:08:10 | INFO    | train_session_alignment | [align] riemannian_alignment   eegnet      single_sub-018_ses03-to-ses02 seed=1 acc=0.5350 (ntr=160 nval=40 nte=200)
2026-06-09 08:08:17 | INFO    | train_session_alignment | [align] riemannian_alignment   eegnet      single_sub-019_ses01-to-ses02 seed=1 acc=0.5050 (ntr=160 nval=40 nte=200)
2026-06-09 08:08:24 | INFO    | train_session_alignment | [align] riemannian_alignment   eegnet      single_sub-019_ses01-to-ses03 seed=1 acc=0.5350 (ntr=160 nval=40 nte=200)
2026-06-09 08:08:31 | INFO    | train_session_alignment | [align] riemannian_alignment   eegnet      single_sub-019_ses02-to-ses01 seed=1 acc=0.4950 (ntr=160 nval=40 nte=200)
2026-06-09 08:08:39 | INFO    | train_session_alignment | [align] riemannian_alignment   eegnet      single_sub-019_ses02-to-ses03 seed=1 acc=0.8650 (ntr=160 nval=40 nte=200)
2026-06-09 08:08:46 | INFO    | train_session_alignment | [align] riemannian_alignment   eegnet      single_sub-019_ses03-to-ses01 seed=1 acc=0.5500 (ntr=160 nval=40 nte=200)
2026-06-09 08:08:52 | INFO    | train_session_alignment | [align] riemannian_alignment   eegnet      single_sub-019_ses03-to-ses02 seed=1 acc=0.7700 (ntr=160 nval=40 nte=200)
2026-06-09 08:09:01 | INFO    | train_session_alignment | [align] riemannian_alignment   eegnet      single_sub-020_ses01-to-ses02 seed=1 acc=0.9000 (ntr=160 nval=40 nte=200)
2026-06-09 08:09:11 | INFO    | train_session_alignment | [align] riemannian_alignment   eegnet      single_sub-020_ses01-to-ses03 seed=1 acc=0.5450 (ntr=160 nval=40 nte=200)
2026-06-09 08:09:16 | INFO    | train_session_alignment | [align] riemannian_alignment   eegnet      single_sub-020_ses02-to-ses01 seed=1 acc=0.8150 (ntr=160 nval=40 nte=200)
2026-06-09 08:09:21 | INFO    | train_session_alignment | [align] riemannian_alignment   eegnet      single_sub-020_ses02-to-ses03 seed=1 acc=0.4600 (ntr=160 nval=40 nte=200)
2026-06-09 08:09:38 | INFO    | train_session_alignment | [align] riemannian_alignment   eegnet      single_sub-020_ses03-to-ses01 seed=1 acc=0.3750 (ntr=160 nval=40 nte=200)
2026-06-09 08:09:54 | INFO    | train_session_alignment | [align] riemannian_alignment   eegnet      single_sub-020_ses03-to-ses02 seed=1 acc=0.5300 (ntr=160 nval=40 nte=200)
2026-06-09 08:10:02 | INFO    | train_session_alignment | [align] riemannian_alignment   eegnet      single_sub-021_ses01-to-ses02 seed=1 acc=0.8350 (ntr=160 nval=40 nte=200)
2026-06-09 08:10:10 | INFO    | train_session_alignment | [align] riemannian_alignment   eegnet      single_sub-021_ses01-to-ses03 seed=1 acc=0.7600 (ntr=160 nval=40 nte=200)
2026-06-09 08:10:20 | INFO    | train_session_alignment | [align] riemannian_alignment   eegnet      single_sub-021_ses02-to-ses01 seed=1 acc=0.8400 (ntr=160 nval=40 nte=200)
2026-06-09 08:10:30 | INFO    | train_session_alignment | [align] riemannian_alignment   eegnet      single_sub-021_ses02-to-ses03 seed=1 acc=0.8150 (ntr=160 nval=40 nte=200)
2026-06-09 08:10:36 | INFO    | train_session_alignment | [align] riemannian_alignment   eegnet      single_sub-021_ses03-to-ses01 seed=1 acc=0.7250 (ntr=160 nval=40 nte=200)
2026-06-09 08:10:41 | INFO    | train_session_alignment | [align] riemannian_alignment   eegnet      single_sub-021_ses03-to-ses02 seed=1 acc=0.7150 (ntr=160 nval=40 nte=200)
2026-06-09 08:10:50 | INFO    | train_session_alignment | [align] riemannian_alignment   eegnet      single_sub-022_ses01-to-ses02 seed=1 acc=0.7100 (ntr=160 nval=40 nte=200)
2026-06-09 08:10:58 | INFO    | train_session_alignment | [align] riemannian_alignment   eegnet      single_sub-022_ses01-to-ses03 seed=1 acc=0.6500 (ntr=160 nval=40 nte=200)
2026-06-09 08:11:15 | INFO    | train_session_alignment | [align] riemannian_alignment   eegnet      single_sub-022_ses02-to-ses01 seed=1 acc=0.6550 (ntr=160 nval=40 nte=200)
2026-06-09 08:11:31 | INFO    | train_session_alignment | [align] riemannian_alignment   eegnet      single_sub-022_ses02-to-ses03 seed=1 acc=0.7600 (ntr=160 nval=40 nte=200)
2026-06-09 08:11:37 | INFO    | train_session_alignment | [align] riemannian_alignment   eegnet      single_sub-022_ses03-to-ses01 seed=1 acc=0.6300 (ntr=160 nval=40 nte=200)
2026-06-09 08:11:44 | INFO    | train_session_alignment | [align] riemannian_alignment   eegnet      single_sub-022_ses03-to-ses02 seed=1 acc=0.7550 (ntr=160 nval=40 nte=200)
2026-06-09 08:11:58 | INFO    | train_session_alignment | [align] riemannian_alignment   eegnet      single_sub-023_ses02-to-ses03 seed=1 acc=0.9350 (ntr=160 nval=40 nte=200)
2026-06-09 08:12:07 | INFO    | train_session_alignment | [align] riemannian_alignment   eegnet      single_sub-023_ses03-to-ses02 seed=1 acc=0.8550 (ntr=160 nval=40 nte=200)
2026-06-09 08:12:15 | INFO    | train_session_alignment | [align] riemannian_alignment   eegnet      single_sub-025_ses01-to-ses02 seed=1 acc=0.8450 (ntr=160 nval=40 nte=200)
2026-06-09 08:12:23 | INFO    | train_session_alignment | [align] riemannian_alignment   eegnet      single_sub-025_ses01-to-ses03 seed=1 acc=0.8250 (ntr=160 nval=40 nte=200)
2026-06-09 08:12:32 | INFO    | train_session_alignment | [align] riemannian_alignment   eegnet      single_sub-025_ses02-to-ses01 seed=1 acc=0.7650 (ntr=160 nval=40 nte=200)
2026-06-09 08:12:41 | INFO    | train_session_alignment | [align] riemannian_alignment   eegnet      single_sub-025_ses02-to-ses03 seed=1 acc=0.8200 (ntr=160 nval=40 nte=200)
2026-06-09 08:12:58 | INFO    | train_session_alignment | [align] riemannian_alignment   eegnet      single_sub-025_ses03-to-ses01 seed=1 acc=0.8000 (ntr=160 nval=40 nte=200)
2026-06-09 08:13:15 | INFO    | train_session_alignment | [align] riemannian_alignment   eegnet      single_sub-025_ses03-to-ses02 seed=1 acc=0.8950 (ntr=160 nval=40 nte=200)
2026-06-09 08:13:20 | INFO    | train_session_alignment | [align] riemannian_alignment   eegnet      single_sub-026_ses02-to-ses03 seed=1 acc=0.8900 (ntr=160 nval=40 nte=200)
2026-06-09 08:13:26 | INFO    | train_session_alignment | [align] riemannian_alignment   eegnet      single_sub-026_ses03-to-ses02 seed=1 acc=0.8450 (ntr=160 nval=40 nte=200)
2026-06-09 08:13:33 | INFO    | train_session_alignment | [align] riemannian_alignment   eegnet      single_sub-027_ses01-to-ses02 seed=1 acc=0.5300 (ntr=160 nval=40 nte=200)
2026-06-09 08:13:39 | INFO    | train_session_alignment | [align] riemannian_alignment   eegnet      single_sub-027_ses01-to-ses03 seed=1 acc=0.7900 (ntr=160 nval=40 nte=200)
2026-06-09 08:13:45 | INFO    | train_session_alignment | [align] riemannian_alignment   eegnet      single_sub-027_ses02-to-ses01 seed=1 acc=0.6300 (ntr=160 nval=40 nte=200)
2026-06-09 08:13:51 | INFO    | train_session_alignment | [align] riemannian_alignment   eegnet      single_sub-027_ses02-to-ses03 seed=1 acc=0.6900 (ntr=160 nval=40 nte=200)
2026-06-09 08:13:58 | INFO    | train_session_alignment | [align] riemannian_alignment   eegnet      single_sub-027_ses03-to-ses01 seed=1 acc=0.6500 (ntr=160 nval=40 nte=200)
2026-06-09 08:14:05 | INFO    | train_session_alignment | [align] riemannian_alignment   eegnet      single_sub-027_ses03-to-ses02 seed=1 acc=0.5550 (ntr=160 nval=40 nte=200)
2026-06-09 08:14:12 | INFO    | train_session_alignment | [align] riemannian_alignment   eegnet      single_sub-028_ses01-to-ses02 seed=1 acc=0.7500 (ntr=160 nval=40 nte=200)
2026-06-09 08:14:19 | INFO    | train_session_alignment | [align] riemannian_alignment   eegnet      single_sub-028_ses01-to-ses03 seed=1 acc=0.6750 (ntr=160 nval=40 nte=200)
2026-06-09 08:14:26 | INFO    | train_session_alignment | [align] riemannian_alignment   eegnet      single_sub-028_ses02-to-ses01 seed=1 acc=0.8450 (ntr=160 nval=40 nte=200)
2026-06-09 08:14:32 | INFO    | train_session_alignment | [align] riemannian_alignment   eegnet      single_sub-028_ses02-to-ses03 seed=1 acc=0.6100 (ntr=160 nval=40 nte=200)
2026-06-09 08:14:37 | INFO    | train_session_alignment | [align] riemannian_alignment   eegnet      single_sub-028_ses03-to-ses01 seed=1 acc=0.5950 (ntr=160 nval=40 nte=200)
2026-06-09 08:14:42 | INFO    | train_session_alignment | [align] riemannian_alignment   eegnet      single_sub-028_ses03-to-ses02 seed=1 acc=0.4950 (ntr=160 nval=40 nte=200)
2026-06-09 08:14:49 | INFO    | train_session_alignment | [align] riemannian_alignment   eegnet      single_sub-029_ses01-to-ses02 seed=1 acc=0.3250 (ntr=160 nval=40 nte=200)
2026-06-09 08:14:56 | INFO    | train_session_alignment | [align] riemannian_alignment   eegnet      single_sub-029_ses01-to-ses03 seed=1 acc=0.3550 (ntr=160 nval=40 nte=200)
2026-06-09 08:15:13 | INFO    | train_session_alignment | [align] riemannian_alignment   eegnet      single_sub-029_ses02-to-ses01 seed=1 acc=0.3650 (ntr=160 nval=40 nte=200)
2026-06-09 08:15:29 | INFO    | train_session_alignment | [align] riemannian_alignment   eegnet      single_sub-029_ses02-to-ses03 seed=1 acc=0.9500 (ntr=160 nval=40 nte=200)
2026-06-09 08:15:39 | INFO    | train_session_alignment | [align] riemannian_alignment   eegnet      single_sub-029_ses03-to-ses01 seed=1 acc=0.4450 (ntr=160 nval=40 nte=200)
2026-06-09 08:15:48 | INFO    | train_session_alignment | [align] riemannian_alignment   eegnet      single_sub-029_ses03-to-ses02 seed=1 acc=0.9650 (ntr=160 nval=40 nte=200)
2026-06-09 08:16:00 | INFO    | train_session_alignment | [align] riemannian_alignment   eegnet      single_sub-030_ses01-to-ses02 seed=1 acc=0.7750 (ntr=160 nval=40 nte=200)
2026-06-09 08:16:12 | INFO    | train_session_alignment | [align] riemannian_alignment   eegnet      single_sub-030_ses01-to-ses03 seed=1 acc=0.7650 (ntr=160 nval=40 nte=200)
2026-06-09 08:16:18 | INFO    | train_session_alignment | [align] riemannian_alignment   eegnet      single_sub-030_ses02-to-ses01 seed=1 acc=0.9650 (ntr=160 nval=40 nte=200)
2026-06-09 08:16:23 | INFO    | train_session_alignment | [align] riemannian_alignment   eegnet      single_sub-030_ses02-to-ses03 seed=1 acc=0.8150 (ntr=160 nval=40 nte=200)
2026-06-09 08:16:28 | INFO    | train_session_alignment | [align] riemannian_alignment   eegnet      single_sub-030_ses03-to-ses01 seed=1 acc=0.8800 (ntr=160 nval=40 nte=200)
2026-06-09 08:16:33 | INFO    | train_session_alignment | [align] riemannian_alignment   eegnet      single_sub-030_ses03-to-ses02 seed=1 acc=0.7100 (ntr=160 nval=40 nte=200)
2026-06-09 08:16:47 | INFO    | train_session_alignment | [align] riemannian_alignment   eegnet      single_sub-031_ses01-to-ses02 seed=1 acc=0.6850 (ntr=160 nval=40 nte=200)
2026-06-09 08:17:00 | INFO    | train_session_alignment | [align] riemannian_alignment   eegnet      single_sub-031_ses01-to-ses03 seed=1 acc=0.6550 (ntr=160 nval=40 nte=200)
2026-06-09 08:17:06 | INFO    | train_session_alignment | [align] riemannian_alignment   eegnet      single_sub-031_ses02-to-ses01 seed=1 acc=0.7400 (ntr=160 nval=40 nte=200)
2026-06-09 08:17:12 | INFO    | train_session_alignment | [align] riemannian_alignment   eegnet      single_sub-031_ses02-to-ses03 seed=1 acc=0.7600 (ntr=160 nval=40 nte=200)
2026-06-09 08:17:17 | INFO    | train_session_alignment | [align] riemannian_alignment   eegnet      single_sub-031_ses03-to-ses01 seed=1 acc=0.6400 (ntr=160 nval=40 nte=200)
2026-06-09 08:17:22 | INFO    | train_session_alignment | [align] riemannian_alignment   eegnet      single_sub-031_ses03-to-ses02 seed=1 acc=0.7000 (ntr=160 nval=40 nte=200)
2026-06-09 08:17:27 | INFO    | train_session_alignment | [align] riemannian_alignment   eegnet      single_sub-032_ses01-to-ses03 seed=1 acc=0.4750 (ntr=160 nval=40 nte=200)
2026-06-09 08:17:33 | INFO    | train_session_alignment | [align] riemannian_alignment   eegnet      single_sub-032_ses03-to-ses01 seed=1 acc=0.6150 (ntr=160 nval=40 nte=200)
2026-06-09 08:17:40 | INFO    | train_session_alignment | [align] riemannian_alignment   eegnet      single_sub-033_ses01-to-ses02 seed=1 acc=0.8600 (ntr=160 nval=40 nte=200)
2026-06-09 08:17:47 | INFO    | train_session_alignment | [align] riemannian_alignment   eegnet      single_sub-033_ses01-to-ses03 seed=1 acc=0.8950 (ntr=160 nval=40 nte=200)
2026-06-09 08:17:53 | INFO    | train_session_alignment | [align] riemannian_alignment   eegnet      single_sub-033_ses02-to-ses01 seed=1 acc=0.7950 (ntr=160 nval=40 nte=200)
2026-06-09 08:18:00 | INFO    | train_session_alignment | [align] riemannian_alignment   eegnet      single_sub-033_ses02-to-ses03 seed=1 acc=0.8200 (ntr=160 nval=40 nte=200)
2026-06-09 08:18:07 | INFO    | train_session_alignment | [align] riemannian_alignment   eegnet      single_sub-033_ses03-to-ses01 seed=1 acc=0.8350 (ntr=160 nval=40 nte=200)
2026-06-09 08:18:14 | INFO    | train_session_alignment | [align] riemannian_alignment   eegnet      single_sub-033_ses03-to-ses02 seed=1 acc=0.8850 (ntr=160 nval=40 nte=200)
2026-06-09 08:18:19 | INFO    | train_session_alignment | [align] riemannian_alignment   eegnet      single_sub-034_ses01-to-ses02 seed=1 acc=0.6600 (ntr=160 nval=40 nte=200)
2026-06-09 08:18:23 | INFO    | train_session_alignment | [align] riemannian_alignment   eegnet      single_sub-034_ses01-to-ses03 seed=1 acc=0.6550 (ntr=160 nval=40 nte=200)
2026-06-09 08:18:30 | INFO    | train_session_alignment | [align] riemannian_alignment   eegnet      single_sub-034_ses02-to-ses01 seed=1 acc=0.6600 (ntr=160 nval=40 nte=200)
2026-06-09 08:18:36 | INFO    | train_session_alignment | [align] riemannian_alignment   eegnet      single_sub-034_ses02-to-ses03 seed=1 acc=0.8000 (ntr=160 nval=40 nte=200)
2026-06-09 08:18:43 | INFO    | train_session_alignment | [align] riemannian_alignment   eegnet      single_sub-034_ses03-to-ses01 seed=1 acc=0.6550 (ntr=160 nval=40 nte=200)
2026-06-09 08:18:50 | INFO    | train_session_alignment | [align] riemannian_alignment   eegnet      single_sub-034_ses03-to-ses02 seed=1 acc=0.8750 (ntr=160 nval=40 nte=200)
2026-06-09 08:19:07 | INFO    | train_session_alignment | [align] riemannian_alignment   eegnet      single_sub-035_ses01-to-ses02 seed=1 acc=0.9500 (ntr=160 nval=40 nte=200)
2026-06-09 08:19:23 | INFO    | train_session_alignment | [align] riemannian_alignment   eegnet      single_sub-035_ses01-to-ses03 seed=1 acc=0.9300 (ntr=160 nval=40 nte=200)
2026-06-09 08:19:40 | INFO    | train_session_alignment | [align] riemannian_alignment   eegnet      single_sub-035_ses02-to-ses01 seed=1 acc=0.9600 (ntr=160 nval=40 nte=200)
2026-06-09 08:19:57 | INFO    | train_session_alignment | [align] riemannian_alignment   eegnet      single_sub-035_ses02-to-ses03 seed=1 acc=0.9400 (ntr=160 nval=40 nte=200)
2026-06-09 08:20:07 | INFO    | train_session_alignment | [align] riemannian_alignment   eegnet      single_sub-035_ses03-to-ses01 seed=1 acc=0.9450 (ntr=160 nval=40 nte=200)
2026-06-09 08:20:17 | INFO    | train_session_alignment | [align] riemannian_alignment   eegnet      single_sub-035_ses03-to-ses02 seed=1 acc=0.9400 (ntr=160 nval=40 nte=200)
2026-06-09 08:20:34 | INFO    | train_session_alignment | [align] riemannian_alignment   eegnet      single_sub-036_ses01-to-ses02 seed=1 acc=0.9300 (ntr=160 nval=40 nte=200)
2026-06-09 08:20:50 | INFO    | train_session_alignment | [align] riemannian_alignment   eegnet      single_sub-036_ses01-to-ses03 seed=1 acc=0.9850 (ntr=160 nval=40 nte=200)
2026-06-09 08:20:57 | INFO    | train_session_alignment | [align] riemannian_alignment   eegnet      single_sub-036_ses02-to-ses01 seed=1 acc=0.8700 (ntr=160 nval=40 nte=200)
2026-06-09 08:21:03 | INFO    | train_session_alignment | [align] riemannian_alignment   eegnet      single_sub-036_ses02-to-ses03 seed=1 acc=0.9550 (ntr=160 nval=40 nte=200)
2026-06-09 08:21:09 | INFO    | train_session_alignment | [align] riemannian_alignment   eegnet      single_sub-036_ses03-to-ses01 seed=1 acc=0.8150 (ntr=160 nval=40 nte=200)
2026-06-09 08:21:15 | INFO    | train_session_alignment | [align] riemannian_alignment   eegnet      single_sub-036_ses03-to-ses02 seed=1 acc=0.8900 (ntr=160 nval=40 nte=200)
2026-06-09 08:21:32 | INFO    | train_session_alignment | [align] riemannian_alignment   eegnet      single_sub-037_ses01-to-ses02 seed=1 acc=0.8350 (ntr=160 nval=40 nte=200)
2026-06-09 08:21:48 | INFO    | train_session_alignment | [align] riemannian_alignment   eegnet      single_sub-037_ses01-to-ses03 seed=1 acc=0.8200 (ntr=160 nval=40 nte=200)
2026-06-09 08:21:56 | INFO    | train_session_alignment | [align] riemannian_alignment   eegnet      single_sub-037_ses02-to-ses01 seed=1 acc=0.8350 (ntr=160 nval=40 nte=200)
2026-06-09 08:22:04 | INFO    | train_session_alignment | [align] riemannian_alignment   eegnet      single_sub-037_ses02-to-ses03 seed=1 acc=0.8550 (ntr=160 nval=40 nte=200)
2026-06-09 08:22:13 | INFO    | train_session_alignment | [align] riemannian_alignment   eegnet      single_sub-037_ses03-to-ses01 seed=1 acc=0.8250 (ntr=160 nval=40 nte=200)
2026-06-09 08:22:23 | INFO    | train_session_alignment | [align] riemannian_alignment   eegnet      single_sub-037_ses03-to-ses02 seed=1 acc=0.9200 (ntr=160 nval=40 nte=200)
2026-06-09 08:22:28 | INFO    | train_session_alignment | [align] riemannian_alignment   eegnet      single_sub-038_ses01-to-ses02 seed=1 acc=0.5850 (ntr=160 nval=40 nte=200)
2026-06-09 08:22:33 | INFO    | train_session_alignment | [align] riemannian_alignment   eegnet      single_sub-038_ses01-to-ses03 seed=1 acc=0.3800 (ntr=160 nval=40 nte=200)
2026-06-09 08:22:39 | INFO    | train_session_alignment | [align] riemannian_alignment   eegnet      single_sub-038_ses02-to-ses01 seed=1 acc=0.5250 (ntr=160 nval=40 nte=200)
2026-06-09 08:22:46 | INFO    | train_session_alignment | [align] riemannian_alignment   eegnet      single_sub-038_ses02-to-ses03 seed=1 acc=0.3600 (ntr=160 nval=40 nte=200)
2026-06-09 08:22:56 | INFO    | train_session_alignment | [align] riemannian_alignment   eegnet      single_sub-038_ses03-to-ses01 seed=1 acc=0.5100 (ntr=160 nval=40 nte=200)
2026-06-09 08:23:07 | INFO    | train_session_alignment | [align] riemannian_alignment   eegnet      single_sub-038_ses03-to-ses02 seed=1 acc=0.4100 (ntr=160 nval=40 nte=200)
2026-06-09 08:23:13 | INFO    | train_session_alignment | [align] riemannian_alignment   eegnet      single_sub-039_ses01-to-ses02 seed=1 acc=0.4500 (ntr=160 nval=40 nte=200)
2026-06-09 08:23:19 | INFO    | train_session_alignment | [align] riemannian_alignment   eegnet      single_sub-039_ses01-to-ses03 seed=1 acc=0.5100 (ntr=160 nval=40 nte=200)
2026-06-09 08:23:25 | INFO    | train_session_alignment | [align] riemannian_alignment   eegnet      single_sub-039_ses02-to-ses01 seed=1 acc=0.4250 (ntr=160 nval=40 nte=200)
2026-06-09 08:23:30 | INFO    | train_session_alignment | [align] riemannian_alignment   eegnet      single_sub-039_ses02-to-ses03 seed=1 acc=0.5850 (ntr=160 nval=40 nte=200)
2026-06-09 08:23:36 | INFO    | train_session_alignment | [align] riemannian_alignment   eegnet      single_sub-039_ses03-to-ses01 seed=1 acc=0.5100 (ntr=160 nval=40 nte=200)
2026-06-09 08:23:42 | INFO    | train_session_alignment | [align] riemannian_alignment   eegnet      single_sub-039_ses03-to-ses02 seed=1 acc=0.6050 (ntr=160 nval=40 nte=200)
2026-06-09 08:23:47 | INFO    | train_session_alignment | [align] riemannian_alignment   eegnet      single_sub-040_ses01-to-ses02 seed=1 acc=0.5800 (ntr=160 nval=40 nte=200)
2026-06-09 08:23:53 | INFO    | train_session_alignment | [align] riemannian_alignment   eegnet      single_sub-040_ses01-to-ses03 seed=1 acc=0.7100 (ntr=160 nval=40 nte=200)
2026-06-09 08:23:57 | INFO    | train_session_alignment | [align] riemannian_alignment   eegnet      single_sub-040_ses02-to-ses01 seed=1 acc=0.6550 (ntr=160 nval=40 nte=200)
2026-06-09 08:24:02 | INFO    | train_session_alignment | [align] riemannian_alignment   eegnet      single_sub-040_ses02-to-ses03 seed=1 acc=0.5850 (ntr=160 nval=40 nte=200)
2026-06-09 08:24:12 | INFO    | train_session_alignment | [align] riemannian_alignment   eegnet      single_sub-040_ses03-to-ses01 seed=1 acc=0.7700 (ntr=160 nval=40 nte=200)
2026-06-09 08:24:22 | INFO    | train_session_alignment | [align] riemannian_alignment   eegnet      single_sub-040_ses03-to-ses02 seed=1 acc=0.6300 (ntr=160 nval=40 nte=200)
2026-06-09 08:24:29 | INFO    | train_session_alignment | [align] riemannian_alignment   eegnet      single_sub-041_ses01-to-ses02 seed=1 acc=0.7900 (ntr=160 nval=40 nte=200)
2026-06-09 08:24:35 | INFO    | train_session_alignment | [align] riemannian_alignment   eegnet      single_sub-041_ses01-to-ses03 seed=1 acc=0.8300 (ntr=160 nval=40 nte=200)
2026-06-09 08:24:41 | INFO    | train_session_alignment | [align] riemannian_alignment   eegnet      single_sub-041_ses02-to-ses01 seed=1 acc=0.7900 (ntr=160 nval=40 nte=200)
2026-06-09 08:24:46 | INFO    | train_session_alignment | [align] riemannian_alignment   eegnet      single_sub-041_ses02-to-ses03 seed=1 acc=0.8550 (ntr=160 nval=40 nte=200)
2026-06-09 08:24:53 | INFO    | train_session_alignment | [align] riemannian_alignment   eegnet      single_sub-041_ses03-to-ses01 seed=1 acc=0.8350 (ntr=160 nval=40 nte=200)
2026-06-09 08:24:59 | INFO    | train_session_alignment | [align] riemannian_alignment   eegnet      single_sub-041_ses03-to-ses02 seed=1 acc=0.7700 (ntr=160 nval=40 nte=200)
2026-06-09 08:25:07 | INFO    | train_session_alignment | [align] riemannian_alignment   eegnet      single_sub-042_ses01-to-ses02 seed=1 acc=0.6850 (ntr=160 nval=40 nte=200)
2026-06-09 08:25:14 | INFO    | train_session_alignment | [align] riemannian_alignment   eegnet      single_sub-042_ses01-to-ses03 seed=1 acc=0.6850 (ntr=160 nval=40 nte=200)
2026-06-09 08:25:20 | INFO    | train_session_alignment | [align] riemannian_alignment   eegnet      single_sub-042_ses02-to-ses01 seed=1 acc=0.5700 (ntr=160 nval=40 nte=200)
2026-06-09 08:25:26 | INFO    | train_session_alignment | [align] riemannian_alignment   eegnet      single_sub-042_ses02-to-ses03 seed=1 acc=0.6050 (ntr=160 nval=40 nte=200)
2026-06-09 08:25:31 | INFO    | train_session_alignment | [align] riemannian_alignment   eegnet      single_sub-042_ses03-to-ses01 seed=1 acc=0.5850 (ntr=160 nval=40 nte=200)
2026-06-09 08:25:37 | INFO    | train_session_alignment | [align] riemannian_alignment   eegnet      single_sub-042_ses03-to-ses02 seed=1 acc=0.5550 (ntr=160 nval=40 nte=200)
2026-06-09 08:25:51 | INFO    | train_session_alignment | [align] riemannian_alignment   eegnet      single_sub-043_ses01-to-ses02 seed=1 acc=0.9500 (ntr=160 nval=40 nte=200)
2026-06-09 08:26:05 | INFO    | train_session_alignment | [align] riemannian_alignment   eegnet      single_sub-043_ses01-to-ses03 seed=1 acc=0.9700 (ntr=160 nval=40 nte=200)
2026-06-09 08:26:12 | INFO    | train_session_alignment | [align] riemannian_alignment   eegnet      single_sub-043_ses02-to-ses01 seed=1 acc=0.9800 (ntr=160 nval=40 nte=200)
2026-06-09 08:26:20 | INFO    | train_session_alignment | [align] riemannian_alignment   eegnet      single_sub-043_ses02-to-ses03 seed=1 acc=0.9500 (ntr=160 nval=40 nte=200)
2026-06-09 08:26:36 | INFO    | train_session_alignment | [align] riemannian_alignment   eegnet      single_sub-043_ses03-to-ses01 seed=1 acc=0.9950 (ntr=160 nval=40 nte=200)
2026-06-09 08:26:53 | INFO    | train_session_alignment | [align] riemannian_alignment   eegnet      single_sub-043_ses03-to-ses02 seed=1 acc=0.9700 (ntr=160 nval=40 nte=200)
2026-06-09 08:26:58 | INFO    | train_session_alignment | [align] riemannian_alignment   eegnet      single_sub-044_ses01-to-ses02 seed=1 acc=0.5450 (ntr=160 nval=40 nte=200)
2026-06-09 08:27:03 | INFO    | train_session_alignment | [align] riemannian_alignment   eegnet      single_sub-044_ses01-to-ses03 seed=1 acc=0.5000 (ntr=160 nval=40 nte=200)
2026-06-09 08:27:08 | INFO    | train_session_alignment | [align] riemannian_alignment   eegnet      single_sub-044_ses02-to-ses01 seed=1 acc=0.5400 (ntr=160 nval=40 nte=200)
2026-06-09 08:27:14 | INFO    | train_session_alignment | [align] riemannian_alignment   eegnet      single_sub-044_ses02-to-ses03 seed=1 acc=0.5550 (ntr=160 nval=40 nte=200)
2026-06-09 08:27:20 | INFO    | train_session_alignment | [align] riemannian_alignment   eegnet      single_sub-044_ses03-to-ses01 seed=1 acc=0.5950 (ntr=160 nval=40 nte=200)
2026-06-09 08:27:26 | INFO    | train_session_alignment | [align] riemannian_alignment   eegnet      single_sub-044_ses03-to-ses02 seed=1 acc=0.6600 (ntr=160 nval=40 nte=200)
2026-06-09 08:27:32 | INFO    | train_session_alignment | [align] riemannian_alignment   eegnet      single_sub-045_ses01-to-ses02 seed=1 acc=0.7700 (ntr=160 nval=40 nte=200)
2026-06-09 08:27:37 | INFO    | train_session_alignment | [align] riemannian_alignment   eegnet      single_sub-045_ses01-to-ses03 seed=1 acc=0.8200 (ntr=160 nval=40 nte=200)
2026-06-09 08:27:48 | INFO    | train_session_alignment | [align] riemannian_alignment   eegnet      single_sub-045_ses02-to-ses01 seed=1 acc=0.7600 (ntr=160 nval=40 nte=200)
2026-06-09 08:27:58 | INFO    | train_session_alignment | [align] riemannian_alignment   eegnet      single_sub-045_ses02-to-ses03 seed=1 acc=0.7450 (ntr=160 nval=40 nte=200)
2026-06-09 08:28:06 | INFO    | train_session_alignment | [align] riemannian_alignment   eegnet      single_sub-045_ses03-to-ses01 seed=1 acc=0.7900 (ntr=160 nval=40 nte=200)
2026-06-09 08:28:14 | INFO    | train_session_alignment | [align] riemannian_alignment   eegnet      single_sub-045_ses03-to-ses02 seed=1 acc=0.7900 (ntr=160 nval=40 nte=200)
2026-06-09 08:28:31 | INFO    | train_session_alignment | [align] riemannian_alignment   eegnet      single_sub-046_ses01-to-ses02 seed=1 acc=0.9900 (ntr=160 nval=40 nte=200)
2026-06-09 08:28:48 | INFO    | train_session_alignment | [align] riemannian_alignment   eegnet      single_sub-046_ses01-to-ses03 seed=1 acc=0.9800 (ntr=160 nval=40 nte=200)
2026-06-09 08:29:05 | INFO    | train_session_alignment | [align] riemannian_alignment   eegnet      single_sub-046_ses02-to-ses01 seed=1 acc=0.9800 (ntr=160 nval=40 nte=200)
2026-06-09 08:29:21 | INFO    | train_session_alignment | [align] riemannian_alignment   eegnet      single_sub-046_ses02-to-ses03 seed=1 acc=0.9650 (ntr=160 nval=40 nte=200)
2026-06-09 08:29:36 | INFO    | train_session_alignment | [align] riemannian_alignment   eegnet      single_sub-046_ses03-to-ses01 seed=1 acc=0.9950 (ntr=160 nval=40 nte=200)
2026-06-09 08:29:51 | INFO    | train_session_alignment | [align] riemannian_alignment   eegnet      single_sub-046_ses03-to-ses02 seed=1 acc=0.9700 (ntr=160 nval=40 nte=200)
2026-06-09 08:29:58 | INFO    | train_session_alignment | [align] riemannian_alignment   eegnet      single_sub-047_ses01-to-ses02 seed=1 acc=0.8400 (ntr=160 nval=40 nte=200)
2026-06-09 08:30:05 | INFO    | train_session_alignment | [align] riemannian_alignment   eegnet      single_sub-047_ses01-to-ses03 seed=1 acc=0.8300 (ntr=160 nval=40 nte=200)
2026-06-09 08:30:14 | INFO    | train_session_alignment | [align] riemannian_alignment   eegnet      single_sub-047_ses02-to-ses01 seed=1 acc=0.9000 (ntr=160 nval=40 nte=200)
2026-06-09 08:30:23 | INFO    | train_session_alignment | [align] riemannian_alignment   eegnet      single_sub-047_ses02-to-ses03 seed=1 acc=0.8600 (ntr=160 nval=40 nte=200)
2026-06-09 08:30:38 | INFO    | train_session_alignment | [align] riemannian_alignment   eegnet      single_sub-047_ses03-to-ses01 seed=1 acc=0.8550 (ntr=160 nval=40 nte=200)
2026-06-09 08:30:53 | INFO    | train_session_alignment | [align] riemannian_alignment   eegnet      single_sub-047_ses03-to-ses02 seed=1 acc=0.8850 (ntr=160 nval=40 nte=200)
2026-06-09 08:30:58 | INFO    | train_session_alignment | [align] riemannian_alignment   eegnet      single_sub-048_ses01-to-ses02 seed=1 acc=0.7800 (ntr=160 nval=40 nte=200)
2026-06-09 08:31:04 | INFO    | train_session_alignment | [align] riemannian_alignment   eegnet      single_sub-048_ses01-to-ses03 seed=1 acc=0.7300 (ntr=160 nval=40 nte=200)
2026-06-09 08:31:10 | INFO    | train_session_alignment | [align] riemannian_alignment   eegnet      single_sub-048_ses02-to-ses01 seed=1 acc=0.7700 (ntr=160 nval=40 nte=200)
2026-06-09 08:31:16 | INFO    | train_session_alignment | [align] riemannian_alignment   eegnet      single_sub-048_ses02-to-ses03 seed=1 acc=0.7750 (ntr=160 nval=40 nte=200)
2026-06-09 08:31:30 | INFO    | train_session_alignment | [align] riemannian_alignment   eegnet      single_sub-048_ses03-to-ses01 seed=1 acc=0.8450 (ntr=160 nval=40 nte=200)
2026-06-09 08:31:45 | INFO    | train_session_alignment | [align] riemannian_alignment   eegnet      single_sub-048_ses03-to-ses02 seed=1 acc=0.8750 (ntr=160 nval=40 nte=200)
2026-06-09 08:31:51 | INFO    | train_session_alignment | [align] riemannian_alignment   eegnet      single_sub-049_ses01-to-ses02 seed=1 acc=0.5700 (ntr=160 nval=40 nte=200)
2026-06-09 08:31:57 | INFO    | train_session_alignment | [align] riemannian_alignment   eegnet      single_sub-049_ses01-to-ses03 seed=1 acc=0.6150 (ntr=160 nval=40 nte=200)
2026-06-09 08:32:06 | INFO    | train_session_alignment | [align] riemannian_alignment   eegnet      single_sub-049_ses02-to-ses01 seed=1 acc=0.8350 (ntr=160 nval=40 nte=200)
2026-06-09 08:32:15 | INFO    | train_session_alignment | [align] riemannian_alignment   eegnet      single_sub-049_ses02-to-ses03 seed=1 acc=0.8300 (ntr=160 nval=40 nte=200)
2026-06-09 08:32:23 | INFO    | train_session_alignment | [align] riemannian_alignment   eegnet      single_sub-049_ses03-to-ses01 seed=1 acc=0.7300 (ntr=160 nval=40 nte=200)
2026-06-09 08:32:32 | INFO    | train_session_alignment | [align] riemannian_alignment   eegnet      single_sub-049_ses03-to-ses02 seed=1 acc=0.7200 (ntr=160 nval=40 nte=200)
2026-06-09 08:32:48 | INFO    | train_session_alignment | [align] riemannian_alignment   eegnet      single_sub-050_ses01-to-ses02 seed=1 acc=0.9500 (ntr=160 nval=40 nte=200)
2026-06-09 08:33:04 | INFO    | train_session_alignment | [align] riemannian_alignment   eegnet      single_sub-050_ses01-to-ses03 seed=1 acc=0.9700 (ntr=160 nval=40 nte=200)
2026-06-09 08:33:21 | INFO    | train_session_alignment | [align] riemannian_alignment   eegnet      single_sub-050_ses02-to-ses01 seed=1 acc=0.8550 (ntr=160 nval=40 nte=200)
2026-06-09 08:33:37 | INFO    | train_session_alignment | [align] riemannian_alignment   eegnet      single_sub-050_ses02-to-ses03 seed=1 acc=0.9650 (ntr=160 nval=40 nte=200)
2026-06-09 08:33:43 | INFO    | train_session_alignment | [align] riemannian_alignment   eegnet      single_sub-050_ses03-to-ses01 seed=1 acc=0.8350 (ntr=160 nval=40 nte=200)
2026-06-09 08:33:49 | INFO    | train_session_alignment | [align] riemannian_alignment   eegnet      single_sub-050_ses03-to-ses02 seed=1 acc=0.9150 (ntr=160 nval=40 nte=200)
2026-06-09 08:34:04 | INFO    | train_session_alignment | [align] riemannian_alignment   eegnet      single_sub-051_ses01-to-ses02 seed=1 acc=0.6600 (ntr=160 nval=40 nte=200)
2026-06-09 08:34:18 | INFO    | train_session_alignment | [align] riemannian_alignment   eegnet      single_sub-051_ses01-to-ses03 seed=1 acc=0.8500 (ntr=160 nval=40 nte=200)
2026-06-09 08:34:26 | INFO    | train_session_alignment | [align] riemannian_alignment   eegnet      single_sub-051_ses02-to-ses01 seed=1 acc=0.7150 (ntr=160 nval=40 nte=200)
2026-06-09 08:34:33 | INFO    | train_session_alignment | [align] riemannian_alignment   eegnet      single_sub-051_ses02-to-ses03 seed=1 acc=0.8450 (ntr=160 nval=40 nte=200)
2026-06-09 08:34:40 | INFO    | train_session_alignment | [align] riemannian_alignment   eegnet      single_sub-051_ses03-to-ses01 seed=1 acc=0.7850 (ntr=160 nval=40 nte=200)
2026-06-09 08:34:47 | INFO    | train_session_alignment | [align] riemannian_alignment   eegnet      single_sub-051_ses03-to-ses02 seed=1 acc=0.7750 (ntr=160 nval=40 nte=200)
2026-06-09 08:35:05 | INFO    | train_session_alignment | [align] riemannian_alignment   eegnet      multi_sub-001_ses01ses02-to-ses03 seed=1 acc=0.9750 (ntr=320 nval=80 nte=200)
2026-06-09 08:35:12 | INFO    | train_session_alignment | [align] riemannian_alignment   eegnet      multi_sub-002_ses01ses02-to-ses03 seed=1 acc=0.7050 (ntr=320 nval=80 nte=200)
2026-06-09 08:35:25 | INFO    | train_session_alignment | [align] riemannian_alignment   eegnet      multi_sub-003_ses01ses02-to-ses03 seed=1 acc=0.8700 (ntr=320 nval=80 nte=200)
2026-06-09 08:35:32 | INFO    | train_session_alignment | [align] riemannian_alignment   eegnet      multi_sub-004_ses01ses02-to-ses03 seed=1 acc=0.4450 (ntr=320 nval=80 nte=200)
2026-06-09 08:35:40 | INFO    | train_session_alignment | [align] riemannian_alignment   eegnet      multi_sub-005_ses01ses02-to-ses03 seed=1 acc=0.8150 (ntr=320 nval=80 nte=200)
2026-06-09 08:35:49 | INFO    | train_session_alignment | [align] riemannian_alignment   eegnet      multi_sub-006_ses01ses02-to-ses03 seed=1 acc=0.9000 (ntr=320 nval=80 nte=200)
2026-06-09 08:35:57 | INFO    | train_session_alignment | [align] riemannian_alignment   eegnet      multi_sub-007_ses01ses02-to-ses03 seed=1 acc=0.8900 (ntr=320 nval=80 nte=200)
2026-06-09 08:36:05 | INFO    | train_session_alignment | [align] riemannian_alignment   eegnet      multi_sub-008_ses01ses02-to-ses03 seed=1 acc=0.8700 (ntr=320 nval=80 nte=200)
2026-06-09 08:36:12 | INFO    | train_session_alignment | [align] riemannian_alignment   eegnet      multi_sub-009_ses01ses02-to-ses03 seed=1 acc=0.6500 (ntr=320 nval=80 nte=200)
2026-06-09 08:36:21 | INFO    | train_session_alignment | [align] riemannian_alignment   eegnet      multi_sub-010_ses01ses02-to-ses03 seed=1 acc=0.5900 (ntr=320 nval=80 nte=200)
2026-06-09 08:36:28 | INFO    | train_session_alignment | [align] riemannian_alignment   eegnet      multi_sub-011_ses01ses02-to-ses03 seed=1 acc=0.9550 (ntr=320 nval=80 nte=200)
2026-06-09 08:36:34 | INFO    | train_session_alignment | [align] riemannian_alignment   eegnet      multi_sub-012_ses01ses02-to-ses03 seed=1 acc=0.5450 (ntr=320 nval=80 nte=200)
2026-06-09 08:36:44 | INFO    | train_session_alignment | [align] riemannian_alignment   eegnet      multi_sub-013_ses01ses02-to-ses03 seed=1 acc=0.7700 (ntr=320 nval=80 nte=200)
2026-06-09 08:36:51 | INFO    | train_session_alignment | [align] riemannian_alignment   eegnet      multi_sub-014_ses01ses02-to-ses03 seed=1 acc=0.4450 (ntr=320 nval=80 nte=200)
2026-06-09 08:37:02 | INFO    | train_session_alignment | [align] riemannian_alignment   eegnet      multi_sub-015_ses01ses02-to-ses03 seed=1 acc=0.6500 (ntr=320 nval=80 nte=200)
2026-06-09 08:37:08 | INFO    | train_session_alignment | [align] riemannian_alignment   eegnet      multi_sub-016_ses01ses02-to-ses03 seed=1 acc=0.5250 (ntr=320 nval=80 nte=200)
2026-06-09 08:37:18 | INFO    | train_session_alignment | [align] riemannian_alignment   eegnet      multi_sub-017_ses01ses02-to-ses03 seed=1 acc=0.7700 (ntr=320 nval=80 nte=200)
2026-06-09 08:37:26 | INFO    | train_session_alignment | [align] riemannian_alignment   eegnet      multi_sub-018_ses01ses02-to-ses03 seed=1 acc=0.5650 (ntr=320 nval=80 nte=200)
2026-06-09 08:37:36 | INFO    | train_session_alignment | [align] riemannian_alignment   eegnet      multi_sub-019_ses01ses02-to-ses03 seed=1 acc=0.9000 (ntr=320 nval=80 nte=200)
2026-06-09 08:37:43 | INFO    | train_session_alignment | [align] riemannian_alignment   eegnet      multi_sub-020_ses01ses02-to-ses03 seed=1 acc=0.5200 (ntr=320 nval=80 nte=200)
2026-06-09 08:37:53 | INFO    | train_session_alignment | [align] riemannian_alignment   eegnet      multi_sub-021_ses01ses02-to-ses03 seed=1 acc=0.8100 (ntr=320 nval=80 nte=200)
2026-06-09 08:38:02 | INFO    | train_session_alignment | [align] riemannian_alignment   eegnet      multi_sub-022_ses01ses02-to-ses03 seed=1 acc=0.7750 (ntr=320 nval=80 nte=200)
2026-06-09 08:38:10 | INFO    | train_session_alignment | [align] riemannian_alignment   eegnet      multi_sub-025_ses01ses02-to-ses03 seed=1 acc=0.8850 (ntr=320 nval=80 nte=200)
2026-06-09 08:38:18 | INFO    | train_session_alignment | [align] riemannian_alignment   eegnet      multi_sub-027_ses01ses02-to-ses03 seed=1 acc=0.7750 (ntr=320 nval=80 nte=200)
2026-06-09 08:38:30 | INFO    | train_session_alignment | [align] riemannian_alignment   eegnet      multi_sub-028_ses01ses02-to-ses03 seed=1 acc=0.5850 (ntr=320 nval=80 nte=200)
2026-06-09 08:38:40 | INFO    | train_session_alignment | [align] riemannian_alignment   eegnet      multi_sub-029_ses01ses02-to-ses03 seed=1 acc=0.7850 (ntr=320 nval=80 nte=200)
2026-06-09 08:39:02 | INFO    | train_session_alignment | [align] riemannian_alignment   eegnet      multi_sub-030_ses01ses02-to-ses03 seed=1 acc=0.6000 (ntr=320 nval=80 nte=200)
2026-06-09 08:39:09 | INFO    | train_session_alignment | [align] riemannian_alignment   eegnet      multi_sub-031_ses01ses02-to-ses03 seed=1 acc=0.7750 (ntr=320 nval=80 nte=200)
2026-06-09 08:39:31 | INFO    | train_session_alignment | [align] riemannian_alignment   eegnet      multi_sub-033_ses01ses02-to-ses03 seed=1 acc=0.9450 (ntr=320 nval=80 nte=200)
2026-06-09 08:39:38 | INFO    | train_session_alignment | [align] riemannian_alignment   eegnet      multi_sub-034_ses01ses02-to-ses03 seed=1 acc=0.7450 (ntr=320 nval=80 nte=200)
2026-06-09 08:39:50 | INFO    | train_session_alignment | [align] riemannian_alignment   eegnet      multi_sub-035_ses01ses02-to-ses03 seed=1 acc=0.9750 (ntr=320 nval=80 nte=200)
2026-06-09 08:40:00 | INFO    | train_session_alignment | [align] riemannian_alignment   eegnet      multi_sub-036_ses01ses02-to-ses03 seed=1 acc=0.9700 (ntr=320 nval=80 nte=200)
2026-06-09 08:40:09 | INFO    | train_session_alignment | [align] riemannian_alignment   eegnet      multi_sub-037_ses01ses02-to-ses03 seed=1 acc=0.8700 (ntr=320 nval=80 nte=200)
2026-06-09 08:40:24 | INFO    | train_session_alignment | [align] riemannian_alignment   eegnet      multi_sub-038_ses01ses02-to-ses03 seed=1 acc=0.5550 (ntr=320 nval=80 nte=200)
2026-06-09 08:40:31 | INFO    | train_session_alignment | [align] riemannian_alignment   eegnet      multi_sub-039_ses01ses02-to-ses03 seed=1 acc=0.5650 (ntr=320 nval=80 nte=200)
2026-06-09 08:40:40 | INFO    | train_session_alignment | [align] riemannian_alignment   eegnet      multi_sub-040_ses01ses02-to-ses03 seed=1 acc=0.7600 (ntr=320 nval=80 nte=200)
2026-06-09 08:40:52 | INFO    | train_session_alignment | [align] riemannian_alignment   eegnet      multi_sub-041_ses01ses02-to-ses03 seed=1 acc=0.8450 (ntr=320 nval=80 nte=200)
2026-06-09 08:40:59 | INFO    | train_session_alignment | [align] riemannian_alignment   eegnet      multi_sub-042_ses01ses02-to-ses03 seed=1 acc=0.6550 (ntr=320 nval=80 nte=200)
2026-06-09 08:41:20 | INFO    | train_session_alignment | [align] riemannian_alignment   eegnet      multi_sub-043_ses01ses02-to-ses03 seed=1 acc=0.9950 (ntr=320 nval=80 nte=200)
2026-06-09 08:41:27 | INFO    | train_session_alignment | [align] riemannian_alignment   eegnet      multi_sub-044_ses01ses02-to-ses03 seed=1 acc=0.5400 (ntr=320 nval=80 nte=200)
2026-06-09 08:41:37 | INFO    | train_session_alignment | [align] riemannian_alignment   eegnet      multi_sub-045_ses01ses02-to-ses03 seed=1 acc=0.8800 (ntr=320 nval=80 nte=200)
2026-06-09 08:41:58 | INFO    | train_session_alignment | [align] riemannian_alignment   eegnet      multi_sub-046_ses01ses02-to-ses03 seed=1 acc=0.9750 (ntr=320 nval=80 nte=200)
2026-06-09 08:42:09 | INFO    | train_session_alignment | [align] riemannian_alignment   eegnet      multi_sub-047_ses01ses02-to-ses03 seed=1 acc=0.8950 (ntr=320 nval=80 nte=200)
2026-06-09 08:42:17 | INFO    | train_session_alignment | [align] riemannian_alignment   eegnet      multi_sub-048_ses01ses02-to-ses03 seed=1 acc=0.8350 (ntr=320 nval=80 nte=200)
2026-06-09 08:42:30 | INFO    | train_session_alignment | [align] riemannian_alignment   eegnet      multi_sub-049_ses01ses02-to-ses03 seed=1 acc=0.8950 (ntr=320 nval=80 nte=200)
2026-06-09 08:42:51 | INFO    | train_session_alignment | [align] riemannian_alignment   eegnet      multi_sub-050_ses01ses02-to-ses03 seed=1 acc=0.9800 (ntr=320 nval=80 nte=200)
2026-06-09 08:43:01 | INFO    | train_session_alignment | [align] riemannian_alignment   eegnet      multi_sub-051_ses01ses02-to-ses03 seed=1 acc=0.8900 (ntr=320 nval=80 nte=200)
2026-06-09 08:43:01 | INFO    | train_session_alignment | ALL DONE in 3044.8s | rows=335 ok=335 failed=0 | out=/share/home/yuan/SYX/eeg-mi-online/outputs/experiments/alignment_baseline_v1
Done: Tue Jun  9 08:43:02 CST 2026
