Project: /share/home/yuan/SYX/eeg-mi-online
Env    : mi_torch_cu118
Args   : --methods filterbank_reweighting --models fbcnet --seeds 1 --protocols single,multi --tag-suffix filterbank_reweighting_fbcnet_s1
Node   : gpu01 | Start: Tue Jun  9 17:23:23 CST 2026
Tue Jun  9 17:23:24 2026       
+-----------------------------------------------------------------------------------------+
| NVIDIA-SMI 570.153.02             Driver Version: 570.153.02     CUDA Version: 12.8     |
|-----------------------------------------+------------------------+----------------------+
| GPU  Name                 Persistence-M | Bus-Id          Disp.A | Volatile Uncorr. ECC |
| Fan  Temp   Perf          Pwr:Usage/Cap |           Memory-Usage | GPU-Util  Compute M. |
|                                         |                        |               MIG M. |
|=========================================+========================+======================|
|   0  NVIDIA GeForce RTX 4090 D      On  |   00000000:41:00.0 Off |                  Off |
| 70%   47C    P0             69W /  425W |       1MiB /  24564MiB |      0%      Default |
|                                         |                        |                  N/A |
+-----------------------------------------+------------------------+----------------------+
                                                                                         
+-----------------------------------------------------------------------------------------+
| Processes:                                                                              |
|  GPU   GI   CI              PID   Type   Process name                        GPU Memory |
|        ID   ID                                                               Usage      |
|=========================================================================================|
|  No running processes found                                                             |
+-----------------------------------------------------------------------------------------+
[cuda-check] torch=2.7.1+cu118 cuda_build=11.8 cuda_avail=True
2026-06-09 17:23:27 | INFO    | train_session_alignment | device=cuda | cuda={'torch': '2.7.1+cu118', 'cuda_build': '11.8', 'cuda_available': True, 'device': 'cuda', 'device_name': 'NVIDIA GeForce RTX 4090 D'}
2026-06-09 17:23:27 | INFO    | train_session_alignment | loaded 148 ok sessions | methods=['filterbank_reweighting'] | models=['fbcnet'] | seeds=[1] | groups=['single', 'multi'] | tasks=335
2026-06-09 17:23:40 | INFO    | train_session_alignment | [align] filterbank_reweighting fbcnet      single_sub-001_ses01-to-ses02 seed=1 acc=0.6550 (ntr=160 nval=40 nte=200)
2026-06-09 17:23:51 | INFO    | train_session_alignment | [align] filterbank_reweighting fbcnet      single_sub-001_ses01-to-ses03 seed=1 acc=0.5750 (ntr=160 nval=40 nte=200)
2026-06-09 17:24:08 | INFO    | train_session_alignment | [align] filterbank_reweighting fbcnet      single_sub-001_ses02-to-ses01 seed=1 acc=0.6200 (ntr=160 nval=40 nte=200)
2026-06-09 17:24:25 | INFO    | train_session_alignment | [align] filterbank_reweighting fbcnet      single_sub-001_ses02-to-ses03 seed=1 acc=0.7900 (ntr=160 nval=40 nte=200)
2026-06-09 17:24:42 | INFO    | train_session_alignment | [align] filterbank_reweighting fbcnet      single_sub-001_ses03-to-ses01 seed=1 acc=0.6650 (ntr=160 nval=40 nte=200)
2026-06-09 17:24:59 | INFO    | train_session_alignment | [align] filterbank_reweighting fbcnet      single_sub-001_ses03-to-ses02 seed=1 acc=0.7400 (ntr=160 nval=40 nte=200)
2026-06-09 17:25:06 | INFO    | train_session_alignment | [align] filterbank_reweighting fbcnet      single_sub-002_ses01-to-ses02 seed=1 acc=0.5200 (ntr=160 nval=40 nte=200)
2026-06-09 17:25:12 | INFO    | train_session_alignment | [align] filterbank_reweighting fbcnet      single_sub-002_ses01-to-ses03 seed=1 acc=0.4700 (ntr=160 nval=40 nte=200)
2026-06-09 17:25:19 | INFO    | train_session_alignment | [align] filterbank_reweighting fbcnet      single_sub-002_ses02-to-ses01 seed=1 acc=0.4950 (ntr=160 nval=40 nte=200)
2026-06-09 17:25:27 | INFO    | train_session_alignment | [align] filterbank_reweighting fbcnet      single_sub-002_ses02-to-ses03 seed=1 acc=0.5450 (ntr=160 nval=40 nte=200)
2026-06-09 17:25:33 | INFO    | train_session_alignment | [align] filterbank_reweighting fbcnet      single_sub-002_ses03-to-ses01 seed=1 acc=0.5000 (ntr=160 nval=40 nte=200)
2026-06-09 17:25:38 | INFO    | train_session_alignment | [align] filterbank_reweighting fbcnet      single_sub-002_ses03-to-ses02 seed=1 acc=0.5000 (ntr=160 nval=40 nte=200)
2026-06-09 17:25:49 | INFO    | train_session_alignment | [align] filterbank_reweighting fbcnet      single_sub-003_ses01-to-ses02 seed=1 acc=0.6950 (ntr=160 nval=40 nte=200)
2026-06-09 17:26:01 | INFO    | train_session_alignment | [align] filterbank_reweighting fbcnet      single_sub-003_ses01-to-ses03 seed=1 acc=0.7600 (ntr=160 nval=40 nte=200)
2026-06-09 17:26:17 | INFO    | train_session_alignment | [align] filterbank_reweighting fbcnet      single_sub-003_ses02-to-ses01 seed=1 acc=0.6150 (ntr=160 nval=40 nte=200)
2026-06-09 17:26:33 | INFO    | train_session_alignment | [align] filterbank_reweighting fbcnet      single_sub-003_ses02-to-ses03 seed=1 acc=0.6000 (ntr=160 nval=40 nte=200)
2026-06-09 17:26:49 | INFO    | train_session_alignment | [align] filterbank_reweighting fbcnet      single_sub-003_ses03-to-ses01 seed=1 acc=0.6350 (ntr=160 nval=40 nte=200)
2026-06-09 17:27:04 | INFO    | train_session_alignment | [align] filterbank_reweighting fbcnet      single_sub-003_ses03-to-ses02 seed=1 acc=0.6850 (ntr=160 nval=40 nte=200)
2026-06-09 17:27:11 | INFO    | train_session_alignment | [align] filterbank_reweighting fbcnet      single_sub-004_ses01-to-ses02 seed=1 acc=0.5100 (ntr=160 nval=40 nte=200)
2026-06-09 17:27:18 | INFO    | train_session_alignment | [align] filterbank_reweighting fbcnet      single_sub-004_ses01-to-ses03 seed=1 acc=0.5150 (ntr=160 nval=40 nte=200)
2026-06-09 17:27:24 | INFO    | train_session_alignment | [align] filterbank_reweighting fbcnet      single_sub-004_ses02-to-ses01 seed=1 acc=0.5050 (ntr=160 nval=40 nte=200)
2026-06-09 17:27:30 | INFO    | train_session_alignment | [align] filterbank_reweighting fbcnet      single_sub-004_ses02-to-ses03 seed=1 acc=0.4800 (ntr=160 nval=40 nte=200)
2026-06-09 17:27:37 | INFO    | train_session_alignment | [align] filterbank_reweighting fbcnet      single_sub-004_ses03-to-ses01 seed=1 acc=0.5400 (ntr=160 nval=40 nte=200)
2026-06-09 17:27:43 | INFO    | train_session_alignment | [align] filterbank_reweighting fbcnet      single_sub-004_ses03-to-ses02 seed=1 acc=0.4700 (ntr=160 nval=40 nte=200)
2026-06-09 17:27:58 | INFO    | train_session_alignment | [align] filterbank_reweighting fbcnet      single_sub-005_ses01-to-ses02 seed=1 acc=0.7600 (ntr=160 nval=40 nte=200)
2026-06-09 17:28:12 | INFO    | train_session_alignment | [align] filterbank_reweighting fbcnet      single_sub-005_ses01-to-ses03 seed=1 acc=0.7700 (ntr=160 nval=40 nte=200)
2026-06-09 17:28:30 | INFO    | train_session_alignment | [align] filterbank_reweighting fbcnet      single_sub-005_ses02-to-ses01 seed=1 acc=0.7650 (ntr=160 nval=40 nte=200)
2026-06-09 17:28:48 | INFO    | train_session_alignment | [align] filterbank_reweighting fbcnet      single_sub-005_ses02-to-ses03 seed=1 acc=0.7450 (ntr=160 nval=40 nte=200)
2026-06-09 17:29:01 | INFO    | train_session_alignment | [align] filterbank_reweighting fbcnet      single_sub-005_ses03-to-ses01 seed=1 acc=0.7850 (ntr=160 nval=40 nte=200)
2026-06-09 17:29:14 | INFO    | train_session_alignment | [align] filterbank_reweighting fbcnet      single_sub-005_ses03-to-ses02 seed=1 acc=0.7450 (ntr=160 nval=40 nte=200)
2026-06-09 17:29:30 | INFO    | train_session_alignment | [align] filterbank_reweighting fbcnet      single_sub-006_ses01-to-ses02 seed=1 acc=0.7900 (ntr=160 nval=40 nte=200)
2026-06-09 17:29:47 | INFO    | train_session_alignment | [align] filterbank_reweighting fbcnet      single_sub-006_ses01-to-ses03 seed=1 acc=0.8300 (ntr=160 nval=40 nte=200)
2026-06-09 17:29:56 | INFO    | train_session_alignment | [align] filterbank_reweighting fbcnet      single_sub-006_ses02-to-ses01 seed=1 acc=0.5400 (ntr=160 nval=40 nte=200)
2026-06-09 17:30:04 | INFO    | train_session_alignment | [align] filterbank_reweighting fbcnet      single_sub-006_ses02-to-ses03 seed=1 acc=0.6800 (ntr=160 nval=40 nte=200)
2026-06-09 17:30:19 | INFO    | train_session_alignment | [align] filterbank_reweighting fbcnet      single_sub-006_ses03-to-ses01 seed=1 acc=0.5450 (ntr=160 nval=40 nte=200)
2026-06-09 17:30:34 | INFO    | train_session_alignment | [align] filterbank_reweighting fbcnet      single_sub-006_ses03-to-ses02 seed=1 acc=0.8250 (ntr=160 nval=40 nte=200)
2026-06-09 17:30:42 | INFO    | train_session_alignment | [align] filterbank_reweighting fbcnet      single_sub-007_ses01-to-ses02 seed=1 acc=0.4950 (ntr=160 nval=40 nte=200)
2026-06-09 17:30:49 | INFO    | train_session_alignment | [align] filterbank_reweighting fbcnet      single_sub-007_ses01-to-ses03 seed=1 acc=0.5300 (ntr=160 nval=40 nte=200)
2026-06-09 17:30:57 | INFO    | train_session_alignment | [align] filterbank_reweighting fbcnet      single_sub-007_ses02-to-ses01 seed=1 acc=0.5050 (ntr=160 nval=40 nte=200)
2026-06-09 17:31:05 | INFO    | train_session_alignment | [align] filterbank_reweighting fbcnet      single_sub-007_ses02-to-ses03 seed=1 acc=0.5800 (ntr=160 nval=40 nte=200)
2026-06-09 17:31:15 | INFO    | train_session_alignment | [align] filterbank_reweighting fbcnet      single_sub-007_ses03-to-ses01 seed=1 acc=0.5200 (ntr=160 nval=40 nte=200)
2026-06-09 17:31:25 | INFO    | train_session_alignment | [align] filterbank_reweighting fbcnet      single_sub-007_ses03-to-ses02 seed=1 acc=0.5300 (ntr=160 nval=40 nte=200)
2026-06-09 17:31:33 | INFO    | train_session_alignment | [align] filterbank_reweighting fbcnet      single_sub-008_ses01-to-ses02 seed=1 acc=0.6000 (ntr=160 nval=40 nte=200)
2026-06-09 17:31:40 | INFO    | train_session_alignment | [align] filterbank_reweighting fbcnet      single_sub-008_ses01-to-ses03 seed=1 acc=0.5450 (ntr=160 nval=40 nte=200)
2026-06-09 17:31:55 | INFO    | train_session_alignment | [align] filterbank_reweighting fbcnet      single_sub-008_ses02-to-ses01 seed=1 acc=0.5550 (ntr=160 nval=40 nte=200)
2026-06-09 17:32:10 | INFO    | train_session_alignment | [align] filterbank_reweighting fbcnet      single_sub-008_ses02-to-ses03 seed=1 acc=0.7050 (ntr=160 nval=40 nte=200)
2026-06-09 17:32:25 | INFO    | train_session_alignment | [align] filterbank_reweighting fbcnet      single_sub-008_ses03-to-ses01 seed=1 acc=0.5750 (ntr=160 nval=40 nte=200)
2026-06-09 17:32:41 | INFO    | train_session_alignment | [align] filterbank_reweighting fbcnet      single_sub-008_ses03-to-ses02 seed=1 acc=0.6550 (ntr=160 nval=40 nte=200)
2026-06-09 17:32:47 | INFO    | train_session_alignment | [align] filterbank_reweighting fbcnet      single_sub-009_ses01-to-ses02 seed=1 acc=0.6400 (ntr=160 nval=40 nte=200)
2026-06-09 17:32:53 | INFO    | train_session_alignment | [align] filterbank_reweighting fbcnet      single_sub-009_ses01-to-ses03 seed=1 acc=0.5150 (ntr=160 nval=40 nte=200)
2026-06-09 17:32:59 | INFO    | train_session_alignment | [align] filterbank_reweighting fbcnet      single_sub-009_ses02-to-ses01 seed=1 acc=0.5850 (ntr=160 nval=40 nte=200)
2026-06-09 17:33:05 | INFO    | train_session_alignment | [align] filterbank_reweighting fbcnet      single_sub-009_ses02-to-ses03 seed=1 acc=0.4600 (ntr=160 nval=40 nte=200)
2026-06-09 17:33:11 | INFO    | train_session_alignment | [align] filterbank_reweighting fbcnet      single_sub-009_ses03-to-ses01 seed=1 acc=0.4850 (ntr=160 nval=40 nte=200)
2026-06-09 17:33:18 | INFO    | train_session_alignment | [align] filterbank_reweighting fbcnet      single_sub-009_ses03-to-ses02 seed=1 acc=0.5000 (ntr=160 nval=40 nte=200)
2026-06-09 17:33:31 | INFO    | train_session_alignment | [align] filterbank_reweighting fbcnet      single_sub-010_ses01-to-ses02 seed=1 acc=0.5800 (ntr=160 nval=40 nte=200)
2026-06-09 17:33:44 | INFO    | train_session_alignment | [align] filterbank_reweighting fbcnet      single_sub-010_ses01-to-ses03 seed=1 acc=0.4650 (ntr=160 nval=40 nte=200)
2026-06-09 17:33:51 | INFO    | train_session_alignment | [align] filterbank_reweighting fbcnet      single_sub-010_ses02-to-ses01 seed=1 acc=0.5400 (ntr=160 nval=40 nte=200)
2026-06-09 17:33:58 | INFO    | train_session_alignment | [align] filterbank_reweighting fbcnet      single_sub-010_ses02-to-ses03 seed=1 acc=0.5050 (ntr=160 nval=40 nte=200)
2026-06-09 17:34:08 | INFO    | train_session_alignment | [align] filterbank_reweighting fbcnet      single_sub-010_ses03-to-ses01 seed=1 acc=0.5750 (ntr=160 nval=40 nte=200)
2026-06-09 17:34:18 | INFO    | train_session_alignment | [align] filterbank_reweighting fbcnet      single_sub-010_ses03-to-ses02 seed=1 acc=0.5400 (ntr=160 nval=40 nte=200)
2026-06-09 17:34:36 | INFO    | train_session_alignment | [align] filterbank_reweighting fbcnet      single_sub-011_ses01-to-ses02 seed=1 acc=0.6450 (ntr=160 nval=40 nte=200)
2026-06-09 17:34:53 | INFO    | train_session_alignment | [align] filterbank_reweighting fbcnet      single_sub-011_ses01-to-ses03 seed=1 acc=0.7150 (ntr=160 nval=40 nte=200)
2026-06-09 17:34:59 | INFO    | train_session_alignment | [align] filterbank_reweighting fbcnet      single_sub-011_ses02-to-ses01 seed=1 acc=0.5600 (ntr=160 nval=40 nte=200)
2026-06-09 17:35:04 | INFO    | train_session_alignment | [align] filterbank_reweighting fbcnet      single_sub-011_ses02-to-ses03 seed=1 acc=0.5500 (ntr=160 nval=40 nte=200)
2026-06-09 17:35:14 | INFO    | train_session_alignment | [align] filterbank_reweighting fbcnet      single_sub-011_ses03-to-ses01 seed=1 acc=0.6100 (ntr=160 nval=40 nte=200)
2026-06-09 17:35:24 | INFO    | train_session_alignment | [align] filterbank_reweighting fbcnet      single_sub-011_ses03-to-ses02 seed=1 acc=0.5650 (ntr=160 nval=40 nte=200)
2026-06-09 17:35:31 | INFO    | train_session_alignment | [align] filterbank_reweighting fbcnet      single_sub-012_ses01-to-ses02 seed=1 acc=0.4850 (ntr=160 nval=40 nte=200)
2026-06-09 17:35:37 | INFO    | train_session_alignment | [align] filterbank_reweighting fbcnet      single_sub-012_ses01-to-ses03 seed=1 acc=0.5600 (ntr=160 nval=40 nte=200)
2026-06-09 17:35:43 | INFO    | train_session_alignment | [align] filterbank_reweighting fbcnet      single_sub-012_ses02-to-ses01 seed=1 acc=0.5150 (ntr=160 nval=40 nte=200)
2026-06-09 17:35:49 | INFO    | train_session_alignment | [align] filterbank_reweighting fbcnet      single_sub-012_ses02-to-ses03 seed=1 acc=0.5000 (ntr=160 nval=40 nte=200)
2026-06-09 17:35:56 | INFO    | train_session_alignment | [align] filterbank_reweighting fbcnet      single_sub-012_ses03-to-ses01 seed=1 acc=0.5250 (ntr=160 nval=40 nte=200)
2026-06-09 17:36:04 | INFO    | train_session_alignment | [align] filterbank_reweighting fbcnet      single_sub-012_ses03-to-ses02 seed=1 acc=0.4850 (ntr=160 nval=40 nte=200)
2026-06-09 17:36:11 | INFO    | train_session_alignment | [align] filterbank_reweighting fbcnet      single_sub-013_ses01-to-ses02 seed=1 acc=0.4900 (ntr=160 nval=40 nte=200)
2026-06-09 17:36:18 | INFO    | train_session_alignment | [align] filterbank_reweighting fbcnet      single_sub-013_ses01-to-ses03 seed=1 acc=0.5650 (ntr=160 nval=40 nte=200)
2026-06-09 17:36:27 | INFO    | train_session_alignment | [align] filterbank_reweighting fbcnet      single_sub-013_ses02-to-ses01 seed=1 acc=0.5950 (ntr=160 nval=40 nte=200)
2026-06-09 17:36:35 | INFO    | train_session_alignment | [align] filterbank_reweighting fbcnet      single_sub-013_ses02-to-ses03 seed=1 acc=0.5150 (ntr=160 nval=40 nte=200)
2026-06-09 17:36:41 | INFO    | train_session_alignment | [align] filterbank_reweighting fbcnet      single_sub-013_ses03-to-ses01 seed=1 acc=0.5200 (ntr=160 nval=40 nte=200)
2026-06-09 17:36:48 | INFO    | train_session_alignment | [align] filterbank_reweighting fbcnet      single_sub-013_ses03-to-ses02 seed=1 acc=0.5000 (ntr=160 nval=40 nte=200)
2026-06-09 17:36:58 | INFO    | train_session_alignment | [align] filterbank_reweighting fbcnet      single_sub-014_ses01-to-ses02 seed=1 acc=0.4350 (ntr=160 nval=40 nte=200)
2026-06-09 17:37:09 | INFO    | train_session_alignment | [align] filterbank_reweighting fbcnet      single_sub-014_ses01-to-ses03 seed=1 acc=0.4600 (ntr=160 nval=40 nte=200)
2026-06-09 17:37:15 | INFO    | train_session_alignment | [align] filterbank_reweighting fbcnet      single_sub-014_ses02-to-ses01 seed=1 acc=0.5150 (ntr=160 nval=40 nte=200)
2026-06-09 17:37:21 | INFO    | train_session_alignment | [align] filterbank_reweighting fbcnet      single_sub-014_ses02-to-ses03 seed=1 acc=0.4900 (ntr=160 nval=40 nte=200)
2026-06-09 17:37:27 | INFO    | train_session_alignment | [align] filterbank_reweighting fbcnet      single_sub-014_ses03-to-ses01 seed=1 acc=0.5100 (ntr=160 nval=40 nte=200)
2026-06-09 17:37:33 | INFO    | train_session_alignment | [align] filterbank_reweighting fbcnet      single_sub-014_ses03-to-ses02 seed=1 acc=0.4650 (ntr=160 nval=40 nte=200)
2026-06-09 17:37:41 | INFO    | train_session_alignment | [align] filterbank_reweighting fbcnet      single_sub-015_ses01-to-ses02 seed=1 acc=0.5750 (ntr=160 nval=40 nte=200)
2026-06-09 17:37:49 | INFO    | train_session_alignment | [align] filterbank_reweighting fbcnet      single_sub-015_ses01-to-ses03 seed=1 acc=0.5100 (ntr=160 nval=40 nte=200)
2026-06-09 17:38:03 | INFO    | train_session_alignment | [align] filterbank_reweighting fbcnet      single_sub-015_ses02-to-ses01 seed=1 acc=0.5550 (ntr=160 nval=40 nte=200)
2026-06-09 17:38:16 | INFO    | train_session_alignment | [align] filterbank_reweighting fbcnet      single_sub-015_ses02-to-ses03 seed=1 acc=0.5100 (ntr=160 nval=40 nte=200)
2026-06-09 17:38:23 | INFO    | train_session_alignment | [align] filterbank_reweighting fbcnet      single_sub-015_ses03-to-ses01 seed=1 acc=0.5050 (ntr=160 nval=40 nte=200)
2026-06-09 17:38:31 | INFO    | train_session_alignment | [align] filterbank_reweighting fbcnet      single_sub-015_ses03-to-ses02 seed=1 acc=0.4950 (ntr=160 nval=40 nte=200)
2026-06-09 17:38:37 | INFO    | train_session_alignment | [align] filterbank_reweighting fbcnet      single_sub-016_ses01-to-ses02 seed=1 acc=0.5350 (ntr=160 nval=40 nte=200)
2026-06-09 17:38:43 | INFO    | train_session_alignment | [align] filterbank_reweighting fbcnet      single_sub-016_ses01-to-ses03 seed=1 acc=0.5350 (ntr=160 nval=40 nte=200)
2026-06-09 17:38:49 | INFO    | train_session_alignment | [align] filterbank_reweighting fbcnet      single_sub-016_ses02-to-ses01 seed=1 acc=0.4900 (ntr=160 nval=40 nte=200)
2026-06-09 17:38:56 | INFO    | train_session_alignment | [align] filterbank_reweighting fbcnet      single_sub-016_ses02-to-ses03 seed=1 acc=0.5200 (ntr=160 nval=40 nte=200)
2026-06-09 17:39:02 | INFO    | train_session_alignment | [align] filterbank_reweighting fbcnet      single_sub-016_ses03-to-ses01 seed=1 acc=0.5200 (ntr=160 nval=40 nte=200)
2026-06-09 17:39:08 | INFO    | train_session_alignment | [align] filterbank_reweighting fbcnet      single_sub-016_ses03-to-ses02 seed=1 acc=0.4800 (ntr=160 nval=40 nte=200)
2026-06-09 17:39:18 | INFO    | train_session_alignment | [align] filterbank_reweighting fbcnet      single_sub-017_ses01-to-ses02 seed=1 acc=0.5800 (ntr=160 nval=40 nte=200)
2026-06-09 17:39:27 | INFO    | train_session_alignment | [align] filterbank_reweighting fbcnet      single_sub-017_ses01-to-ses03 seed=1 acc=0.5400 (ntr=160 nval=40 nte=200)
2026-06-09 17:39:34 | INFO    | train_session_alignment | [align] filterbank_reweighting fbcnet      single_sub-017_ses02-to-ses01 seed=1 acc=0.5450 (ntr=160 nval=40 nte=200)
2026-06-09 17:39:40 | INFO    | train_session_alignment | [align] filterbank_reweighting fbcnet      single_sub-017_ses02-to-ses03 seed=1 acc=0.6700 (ntr=160 nval=40 nte=200)
2026-06-09 17:39:50 | INFO    | train_session_alignment | [align] filterbank_reweighting fbcnet      single_sub-017_ses03-to-ses01 seed=1 acc=0.5550 (ntr=160 nval=40 nte=200)
2026-06-09 17:39:59 | INFO    | train_session_alignment | [align] filterbank_reweighting fbcnet      single_sub-017_ses03-to-ses02 seed=1 acc=0.6250 (ntr=160 nval=40 nte=200)
2026-06-09 17:40:06 | INFO    | train_session_alignment | [align] filterbank_reweighting fbcnet      single_sub-018_ses01-to-ses02 seed=1 acc=0.5100 (ntr=160 nval=40 nte=200)
2026-06-09 17:40:13 | INFO    | train_session_alignment | [align] filterbank_reweighting fbcnet      single_sub-018_ses01-to-ses03 seed=1 acc=0.5400 (ntr=160 nval=40 nte=200)
2026-06-09 17:40:18 | INFO    | train_session_alignment | [align] filterbank_reweighting fbcnet      single_sub-018_ses02-to-ses01 seed=1 acc=0.4850 (ntr=160 nval=40 nte=200)
2026-06-09 17:40:24 | INFO    | train_session_alignment | [align] filterbank_reweighting fbcnet      single_sub-018_ses02-to-ses03 seed=1 acc=0.4700 (ntr=160 nval=40 nte=200)
2026-06-09 17:40:29 | INFO    | train_session_alignment | [align] filterbank_reweighting fbcnet      single_sub-018_ses03-to-ses01 seed=1 acc=0.5300 (ntr=160 nval=40 nte=200)
2026-06-09 17:40:35 | INFO    | train_session_alignment | [align] filterbank_reweighting fbcnet      single_sub-018_ses03-to-ses02 seed=1 acc=0.4700 (ntr=160 nval=40 nte=200)
2026-06-09 17:40:42 | INFO    | train_session_alignment | [align] filterbank_reweighting fbcnet      single_sub-019_ses01-to-ses02 seed=1 acc=0.5400 (ntr=160 nval=40 nte=200)
2026-06-09 17:40:48 | INFO    | train_session_alignment | [align] filterbank_reweighting fbcnet      single_sub-019_ses01-to-ses03 seed=1 acc=0.5600 (ntr=160 nval=40 nte=200)
2026-06-09 17:40:55 | INFO    | train_session_alignment | [align] filterbank_reweighting fbcnet      single_sub-019_ses02-to-ses01 seed=1 acc=0.5450 (ntr=160 nval=40 nte=200)
2026-06-09 17:41:01 | INFO    | train_session_alignment | [align] filterbank_reweighting fbcnet      single_sub-019_ses02-to-ses03 seed=1 acc=0.5250 (ntr=160 nval=40 nte=200)
2026-06-09 17:41:15 | INFO    | train_session_alignment | [align] filterbank_reweighting fbcnet      single_sub-019_ses03-to-ses01 seed=1 acc=0.5450 (ntr=160 nval=40 nte=200)
2026-06-09 17:41:29 | INFO    | train_session_alignment | [align] filterbank_reweighting fbcnet      single_sub-019_ses03-to-ses02 seed=1 acc=0.5550 (ntr=160 nval=40 nte=200)
2026-06-09 17:41:40 | INFO    | train_session_alignment | [align] filterbank_reweighting fbcnet      single_sub-020_ses01-to-ses02 seed=1 acc=0.6150 (ntr=160 nval=40 nte=200)
2026-06-09 17:41:51 | INFO    | train_session_alignment | [align] filterbank_reweighting fbcnet      single_sub-020_ses01-to-ses03 seed=1 acc=0.5000 (ntr=160 nval=40 nte=200)
2026-06-09 17:42:02 | INFO    | train_session_alignment | [align] filterbank_reweighting fbcnet      single_sub-020_ses02-to-ses01 seed=1 acc=0.6700 (ntr=160 nval=40 nte=200)
2026-06-09 17:42:13 | INFO    | train_session_alignment | [align] filterbank_reweighting fbcnet      single_sub-020_ses02-to-ses03 seed=1 acc=0.4900 (ntr=160 nval=40 nte=200)
2026-06-09 17:42:22 | INFO    | train_session_alignment | [align] filterbank_reweighting fbcnet      single_sub-020_ses03-to-ses01 seed=1 acc=0.4300 (ntr=160 nval=40 nte=200)
2026-06-09 17:42:30 | INFO    | train_session_alignment | [align] filterbank_reweighting fbcnet      single_sub-020_ses03-to-ses02 seed=1 acc=0.4950 (ntr=160 nval=40 nte=200)
2026-06-09 17:42:40 | INFO    | train_session_alignment | [align] filterbank_reweighting fbcnet      single_sub-021_ses01-to-ses02 seed=1 acc=0.4900 (ntr=160 nval=40 nte=200)
2026-06-09 17:42:49 | INFO    | train_session_alignment | [align] filterbank_reweighting fbcnet      single_sub-021_ses01-to-ses03 seed=1 acc=0.5450 (ntr=160 nval=40 nte=200)
2026-06-09 17:43:04 | INFO    | train_session_alignment | [align] filterbank_reweighting fbcnet      single_sub-021_ses02-to-ses01 seed=1 acc=0.6050 (ntr=160 nval=40 nte=200)
2026-06-09 17:43:18 | INFO    | train_session_alignment | [align] filterbank_reweighting fbcnet      single_sub-021_ses02-to-ses03 seed=1 acc=0.5650 (ntr=160 nval=40 nte=200)
2026-06-09 17:43:25 | INFO    | train_session_alignment | [align] filterbank_reweighting fbcnet      single_sub-021_ses03-to-ses01 seed=1 acc=0.5700 (ntr=160 nval=40 nte=200)
2026-06-09 17:43:33 | INFO    | train_session_alignment | [align] filterbank_reweighting fbcnet      single_sub-021_ses03-to-ses02 seed=1 acc=0.4850 (ntr=160 nval=40 nte=200)
2026-06-09 17:43:40 | INFO    | train_session_alignment | [align] filterbank_reweighting fbcnet      single_sub-022_ses01-to-ses02 seed=1 acc=0.5250 (ntr=160 nval=40 nte=200)
2026-06-09 17:43:47 | INFO    | train_session_alignment | [align] filterbank_reweighting fbcnet      single_sub-022_ses01-to-ses03 seed=1 acc=0.4900 (ntr=160 nval=40 nte=200)
2026-06-09 17:44:04 | INFO    | train_session_alignment | [align] filterbank_reweighting fbcnet      single_sub-022_ses02-to-ses01 seed=1 acc=0.5050 (ntr=160 nval=40 nte=200)
2026-06-09 17:44:21 | INFO    | train_session_alignment | [align] filterbank_reweighting fbcnet      single_sub-022_ses02-to-ses03 seed=1 acc=0.6550 (ntr=160 nval=40 nte=200)
2026-06-09 17:44:27 | INFO    | train_session_alignment | [align] filterbank_reweighting fbcnet      single_sub-022_ses03-to-ses01 seed=1 acc=0.5000 (ntr=160 nval=40 nte=200)
2026-06-09 17:44:34 | INFO    | train_session_alignment | [align] filterbank_reweighting fbcnet      single_sub-022_ses03-to-ses02 seed=1 acc=0.6000 (ntr=160 nval=40 nte=200)
2026-06-09 17:44:43 | INFO    | train_session_alignment | [align] filterbank_reweighting fbcnet      single_sub-023_ses02-to-ses03 seed=1 acc=0.8300 (ntr=160 nval=40 nte=200)
2026-06-09 17:45:00 | INFO    | train_session_alignment | [align] filterbank_reweighting fbcnet      single_sub-023_ses03-to-ses02 seed=1 acc=0.7950 (ntr=160 nval=40 nte=200)
2026-06-09 17:45:11 | INFO    | train_session_alignment | [align] filterbank_reweighting fbcnet      single_sub-025_ses01-to-ses02 seed=1 acc=0.6400 (ntr=160 nval=40 nte=200)
2026-06-09 17:45:22 | INFO    | train_session_alignment | [align] filterbank_reweighting fbcnet      single_sub-025_ses01-to-ses03 seed=1 acc=0.5300 (ntr=160 nval=40 nte=200)
2026-06-09 17:45:35 | INFO    | train_session_alignment | [align] filterbank_reweighting fbcnet      single_sub-025_ses02-to-ses01 seed=1 acc=0.6700 (ntr=160 nval=40 nte=200)
2026-06-09 17:45:47 | INFO    | train_session_alignment | [align] filterbank_reweighting fbcnet      single_sub-025_ses02-to-ses03 seed=1 acc=0.5200 (ntr=160 nval=40 nte=200)
2026-06-09 17:45:59 | INFO    | train_session_alignment | [align] filterbank_reweighting fbcnet      single_sub-025_ses03-to-ses01 seed=1 acc=0.6500 (ntr=160 nval=40 nte=200)
2026-06-09 17:46:12 | INFO    | train_session_alignment | [align] filterbank_reweighting fbcnet      single_sub-025_ses03-to-ses02 seed=1 acc=0.6950 (ntr=160 nval=40 nte=200)
2026-06-09 17:46:20 | INFO    | train_session_alignment | [align] filterbank_reweighting fbcnet      single_sub-026_ses02-to-ses03 seed=1 acc=0.5800 (ntr=160 nval=40 nte=200)
2026-06-09 17:46:37 | INFO    | train_session_alignment | [align] filterbank_reweighting fbcnet      single_sub-026_ses03-to-ses02 seed=1 acc=0.7550 (ntr=160 nval=40 nte=200)
2026-06-09 17:46:44 | INFO    | train_session_alignment | [align] filterbank_reweighting fbcnet      single_sub-027_ses01-to-ses02 seed=1 acc=0.5000 (ntr=160 nval=40 nte=200)
2026-06-09 17:46:52 | INFO    | train_session_alignment | [align] filterbank_reweighting fbcnet      single_sub-027_ses01-to-ses03 seed=1 acc=0.5000 (ntr=160 nval=40 nte=200)
2026-06-09 17:46:59 | INFO    | train_session_alignment | [align] filterbank_reweighting fbcnet      single_sub-027_ses02-to-ses01 seed=1 acc=0.5900 (ntr=160 nval=40 nte=200)
2026-06-09 17:47:06 | INFO    | train_session_alignment | [align] filterbank_reweighting fbcnet      single_sub-027_ses02-to-ses03 seed=1 acc=0.5750 (ntr=160 nval=40 nte=200)
2026-06-09 17:47:15 | INFO    | train_session_alignment | [align] filterbank_reweighting fbcnet      single_sub-027_ses03-to-ses01 seed=1 acc=0.4950 (ntr=160 nval=40 nte=200)
2026-06-09 17:47:24 | INFO    | train_session_alignment | [align] filterbank_reweighting fbcnet      single_sub-027_ses03-to-ses02 seed=1 acc=0.5500 (ntr=160 nval=40 nte=200)
2026-06-09 17:47:37 | INFO    | train_session_alignment | [align] filterbank_reweighting fbcnet      single_sub-028_ses01-to-ses02 seed=1 acc=0.7600 (ntr=160 nval=40 nte=200)
2026-06-09 17:47:50 | INFO    | train_session_alignment | [align] filterbank_reweighting fbcnet      single_sub-028_ses01-to-ses03 seed=1 acc=0.6450 (ntr=160 nval=40 nte=200)
2026-06-09 17:48:01 | INFO    | train_session_alignment | [align] filterbank_reweighting fbcnet      single_sub-028_ses02-to-ses01 seed=1 acc=0.7100 (ntr=160 nval=40 nte=200)
2026-06-09 17:48:12 | INFO    | train_session_alignment | [align] filterbank_reweighting fbcnet      single_sub-028_ses02-to-ses03 seed=1 acc=0.6650 (ntr=160 nval=40 nte=200)
2026-06-09 17:48:27 | INFO    | train_session_alignment | [align] filterbank_reweighting fbcnet      single_sub-028_ses03-to-ses01 seed=1 acc=0.7250 (ntr=160 nval=40 nte=200)
2026-06-09 17:48:41 | INFO    | train_session_alignment | [align] filterbank_reweighting fbcnet      single_sub-028_ses03-to-ses02 seed=1 acc=0.5750 (ntr=160 nval=40 nte=200)
2026-06-09 17:48:51 | INFO    | train_session_alignment | [align] filterbank_reweighting fbcnet      single_sub-029_ses01-to-ses02 seed=1 acc=0.5850 (ntr=160 nval=40 nte=200)
2026-06-09 17:49:01 | INFO    | train_session_alignment | [align] filterbank_reweighting fbcnet      single_sub-029_ses01-to-ses03 seed=1 acc=0.7000 (ntr=160 nval=40 nte=200)
2026-06-09 17:49:13 | INFO    | train_session_alignment | [align] filterbank_reweighting fbcnet      single_sub-029_ses02-to-ses01 seed=1 acc=0.7950 (ntr=160 nval=40 nte=200)
2026-06-09 17:49:25 | INFO    | train_session_alignment | [align] filterbank_reweighting fbcnet      single_sub-029_ses02-to-ses03 seed=1 acc=0.9650 (ntr=160 nval=40 nte=200)
2026-06-09 17:49:41 | INFO    | train_session_alignment | [align] filterbank_reweighting fbcnet      single_sub-029_ses03-to-ses01 seed=1 acc=0.9000 (ntr=160 nval=40 nte=200)
2026-06-09 17:49:57 | INFO    | train_session_alignment | [align] filterbank_reweighting fbcnet      single_sub-029_ses03-to-ses02 seed=1 acc=0.9500 (ntr=160 nval=40 nte=200)
2026-06-09 17:50:09 | INFO    | train_session_alignment | [align] filterbank_reweighting fbcnet      single_sub-030_ses01-to-ses02 seed=1 acc=0.5050 (ntr=160 nval=40 nte=200)
2026-06-09 17:50:21 | INFO    | train_session_alignment | [align] filterbank_reweighting fbcnet      single_sub-030_ses01-to-ses03 seed=1 acc=0.6100 (ntr=160 nval=40 nte=200)
2026-06-09 17:50:30 | INFO    | train_session_alignment | [align] filterbank_reweighting fbcnet      single_sub-030_ses02-to-ses01 seed=1 acc=0.5250 (ntr=160 nval=40 nte=200)
2026-06-09 17:50:40 | INFO    | train_session_alignment | [align] filterbank_reweighting fbcnet      single_sub-030_ses02-to-ses03 seed=1 acc=0.7050 (ntr=160 nval=40 nte=200)
2026-06-09 17:50:48 | INFO    | train_session_alignment | [align] filterbank_reweighting fbcnet      single_sub-030_ses03-to-ses01 seed=1 acc=0.5600 (ntr=160 nval=40 nte=200)
2026-06-09 17:50:55 | INFO    | train_session_alignment | [align] filterbank_reweighting fbcnet      single_sub-030_ses03-to-ses02 seed=1 acc=0.6650 (ntr=160 nval=40 nte=200)
2026-06-09 17:51:03 | INFO    | train_session_alignment | [align] filterbank_reweighting fbcnet      single_sub-031_ses01-to-ses02 seed=1 acc=0.5300 (ntr=160 nval=40 nte=200)
2026-06-09 17:51:12 | INFO    | train_session_alignment | [align] filterbank_reweighting fbcnet      single_sub-031_ses01-to-ses03 seed=1 acc=0.5150 (ntr=160 nval=40 nte=200)
2026-06-09 17:51:18 | INFO    | train_session_alignment | [align] filterbank_reweighting fbcnet      single_sub-031_ses02-to-ses01 seed=1 acc=0.5000 (ntr=160 nval=40 nte=200)
2026-06-09 17:51:24 | INFO    | train_session_alignment | [align] filterbank_reweighting fbcnet      single_sub-031_ses02-to-ses03 seed=1 acc=0.5250 (ntr=160 nval=40 nte=200)
2026-06-09 17:51:32 | INFO    | train_session_alignment | [align] filterbank_reweighting fbcnet      single_sub-031_ses03-to-ses01 seed=1 acc=0.5550 (ntr=160 nval=40 nte=200)
2026-06-09 17:51:39 | INFO    | train_session_alignment | [align] filterbank_reweighting fbcnet      single_sub-031_ses03-to-ses02 seed=1 acc=0.5500 (ntr=160 nval=40 nte=200)
2026-06-09 17:51:50 | INFO    | train_session_alignment | [align] filterbank_reweighting fbcnet      single_sub-032_ses01-to-ses03 seed=1 acc=0.6300 (ntr=160 nval=40 nte=200)
2026-06-09 17:51:56 | INFO    | train_session_alignment | [align] filterbank_reweighting fbcnet      single_sub-032_ses03-to-ses01 seed=1 acc=0.5100 (ntr=160 nval=40 nte=200)
2026-06-09 17:52:06 | INFO    | train_session_alignment | [align] filterbank_reweighting fbcnet      single_sub-033_ses01-to-ses02 seed=1 acc=0.9150 (ntr=160 nval=40 nte=200)
2026-06-09 17:52:15 | INFO    | train_session_alignment | [align] filterbank_reweighting fbcnet      single_sub-033_ses01-to-ses03 seed=1 acc=0.9300 (ntr=160 nval=40 nte=200)
2026-06-09 17:52:32 | INFO    | train_session_alignment | [align] filterbank_reweighting fbcnet      single_sub-033_ses02-to-ses01 seed=1 acc=0.9700 (ntr=160 nval=40 nte=200)
2026-06-09 17:52:49 | INFO    | train_session_alignment | [align] filterbank_reweighting fbcnet      single_sub-033_ses02-to-ses03 seed=1 acc=0.8800 (ntr=160 nval=40 nte=200)
2026-06-09 17:53:00 | INFO    | train_session_alignment | [align] filterbank_reweighting fbcnet      single_sub-033_ses03-to-ses01 seed=1 acc=0.9350 (ntr=160 nval=40 nte=200)
2026-06-09 17:53:12 | INFO    | train_session_alignment | [align] filterbank_reweighting fbcnet      single_sub-033_ses03-to-ses02 seed=1 acc=0.8700 (ntr=160 nval=40 nte=200)
2026-06-09 17:53:19 | INFO    | train_session_alignment | [align] filterbank_reweighting fbcnet      single_sub-034_ses01-to-ses02 seed=1 acc=0.5550 (ntr=160 nval=40 nte=200)
2026-06-09 17:53:25 | INFO    | train_session_alignment | [align] filterbank_reweighting fbcnet      single_sub-034_ses01-to-ses03 seed=1 acc=0.5000 (ntr=160 nval=40 nte=200)
2026-06-09 17:53:32 | INFO    | train_session_alignment | [align] filterbank_reweighting fbcnet      single_sub-034_ses02-to-ses01 seed=1 acc=0.5300 (ntr=160 nval=40 nte=200)
2026-06-09 17:53:39 | INFO    | train_session_alignment | [align] filterbank_reweighting fbcnet      single_sub-034_ses02-to-ses03 seed=1 acc=0.5350 (ntr=160 nval=40 nte=200)
2026-06-09 17:53:46 | INFO    | train_session_alignment | [align] filterbank_reweighting fbcnet      single_sub-034_ses03-to-ses01 seed=1 acc=0.5450 (ntr=160 nval=40 nte=200)
2026-06-09 17:53:52 | INFO    | train_session_alignment | [align] filterbank_reweighting fbcnet      single_sub-034_ses03-to-ses02 seed=1 acc=0.6000 (ntr=160 nval=40 nte=200)
2026-06-09 17:54:08 | INFO    | train_session_alignment | [align] filterbank_reweighting fbcnet      single_sub-035_ses01-to-ses02 seed=1 acc=0.8600 (ntr=160 nval=40 nte=200)
2026-06-09 17:54:23 | INFO    | train_session_alignment | [align] filterbank_reweighting fbcnet      single_sub-035_ses01-to-ses03 seed=1 acc=0.7950 (ntr=160 nval=40 nte=200)
2026-06-09 17:54:36 | INFO    | train_session_alignment | [align] filterbank_reweighting fbcnet      single_sub-035_ses02-to-ses01 seed=1 acc=0.9250 (ntr=160 nval=40 nte=200)
2026-06-09 17:54:49 | INFO    | train_session_alignment | [align] filterbank_reweighting fbcnet      single_sub-035_ses02-to-ses03 seed=1 acc=0.8550 (ntr=160 nval=40 nte=200)
2026-06-09 17:55:06 | INFO    | train_session_alignment | [align] filterbank_reweighting fbcnet      single_sub-035_ses03-to-ses01 seed=1 acc=0.7450 (ntr=160 nval=40 nte=200)
2026-06-09 17:55:23 | INFO    | train_session_alignment | [align] filterbank_reweighting fbcnet      single_sub-035_ses03-to-ses02 seed=1 acc=0.6950 (ntr=160 nval=40 nte=200)
2026-06-09 17:55:33 | INFO    | train_session_alignment | [align] filterbank_reweighting fbcnet      single_sub-036_ses01-to-ses02 seed=1 acc=0.7550 (ntr=160 nval=40 nte=200)
2026-06-09 17:55:43 | INFO    | train_session_alignment | [align] filterbank_reweighting fbcnet      single_sub-036_ses01-to-ses03 seed=1 acc=0.9100 (ntr=160 nval=40 nte=200)
2026-06-09 17:56:01 | INFO    | train_session_alignment | [align] filterbank_reweighting fbcnet      single_sub-036_ses02-to-ses01 seed=1 acc=0.7350 (ntr=160 nval=40 nte=200)
2026-06-09 17:56:17 | INFO    | train_session_alignment | [align] filterbank_reweighting fbcnet      single_sub-036_ses02-to-ses03 seed=1 acc=0.9200 (ntr=160 nval=40 nte=200)
2026-06-09 17:56:27 | INFO    | train_session_alignment | [align] filterbank_reweighting fbcnet      single_sub-036_ses03-to-ses01 seed=1 acc=0.7450 (ntr=160 nval=40 nte=200)
2026-06-09 17:56:36 | INFO    | train_session_alignment | [align] filterbank_reweighting fbcnet      single_sub-036_ses03-to-ses02 seed=1 acc=0.8550 (ntr=160 nval=40 nte=200)
2026-06-09 17:56:42 | INFO    | train_session_alignment | [align] filterbank_reweighting fbcnet      single_sub-037_ses01-to-ses02 seed=1 acc=0.4900 (ntr=160 nval=40 nte=200)
2026-06-09 17:56:47 | INFO    | train_session_alignment | [align] filterbank_reweighting fbcnet      single_sub-037_ses01-to-ses03 seed=1 acc=0.5050 (ntr=160 nval=40 nte=200)
2026-06-09 17:56:55 | INFO    | train_session_alignment | [align] filterbank_reweighting fbcnet      single_sub-037_ses02-to-ses01 seed=1 acc=0.5150 (ntr=160 nval=40 nte=200)
2026-06-09 17:57:03 | INFO    | train_session_alignment | [align] filterbank_reweighting fbcnet      single_sub-037_ses02-to-ses03 seed=1 acc=0.5850 (ntr=160 nval=40 nte=200)
2026-06-09 17:57:18 | INFO    | train_session_alignment | [align] filterbank_reweighting fbcnet      single_sub-037_ses03-to-ses01 seed=1 acc=0.5350 (ntr=160 nval=40 nte=200)
2026-06-09 17:57:33 | INFO    | train_session_alignment | [align] filterbank_reweighting fbcnet      single_sub-037_ses03-to-ses02 seed=1 acc=0.7550 (ntr=160 nval=40 nte=200)
2026-06-09 17:57:40 | INFO    | train_session_alignment | [align] filterbank_reweighting fbcnet      single_sub-038_ses01-to-ses02 seed=1 acc=0.5000 (ntr=160 nval=40 nte=200)
2026-06-09 17:57:47 | INFO    | train_session_alignment | [align] filterbank_reweighting fbcnet      single_sub-038_ses01-to-ses03 seed=1 acc=0.5000 (ntr=160 nval=40 nte=200)
2026-06-09 17:57:54 | INFO    | train_session_alignment | [align] filterbank_reweighting fbcnet      single_sub-038_ses02-to-ses01 seed=1 acc=0.5150 (ntr=160 nval=40 nte=200)
2026-06-09 17:58:01 | INFO    | train_session_alignment | [align] filterbank_reweighting fbcnet      single_sub-038_ses02-to-ses03 seed=1 acc=0.5150 (ntr=160 nval=40 nte=200)
2026-06-09 17:58:07 | INFO    | train_session_alignment | [align] filterbank_reweighting fbcnet      single_sub-038_ses03-to-ses01 seed=1 acc=0.4850 (ntr=160 nval=40 nte=200)
2026-06-09 17:58:14 | INFO    | train_session_alignment | [align] filterbank_reweighting fbcnet      single_sub-038_ses03-to-ses02 seed=1 acc=0.5250 (ntr=160 nval=40 nte=200)
2026-06-09 17:58:22 | INFO    | train_session_alignment | [align] filterbank_reweighting fbcnet      single_sub-039_ses01-to-ses02 seed=1 acc=0.4900 (ntr=160 nval=40 nte=200)
2026-06-09 17:58:29 | INFO    | train_session_alignment | [align] filterbank_reweighting fbcnet      single_sub-039_ses01-to-ses03 seed=1 acc=0.5500 (ntr=160 nval=40 nte=200)
2026-06-09 17:58:37 | INFO    | train_session_alignment | [align] filterbank_reweighting fbcnet      single_sub-039_ses02-to-ses01 seed=1 acc=0.4850 (ntr=160 nval=40 nte=200)
2026-06-09 17:58:45 | INFO    | train_session_alignment | [align] filterbank_reweighting fbcnet      single_sub-039_ses02-to-ses03 seed=1 acc=0.6950 (ntr=160 nval=40 nte=200)
2026-06-09 17:59:00 | INFO    | train_session_alignment | [align] filterbank_reweighting fbcnet      single_sub-039_ses03-to-ses01 seed=1 acc=0.5300 (ntr=160 nval=40 nte=200)
2026-06-09 17:59:15 | INFO    | train_session_alignment | [align] filterbank_reweighting fbcnet      single_sub-039_ses03-to-ses02 seed=1 acc=0.6050 (ntr=160 nval=40 nte=200)
2026-06-09 17:59:26 | INFO    | train_session_alignment | [align] filterbank_reweighting fbcnet      single_sub-040_ses01-to-ses02 seed=1 acc=0.6700 (ntr=160 nval=40 nte=200)
2026-06-09 17:59:38 | INFO    | train_session_alignment | [align] filterbank_reweighting fbcnet      single_sub-040_ses01-to-ses03 seed=1 acc=0.7300 (ntr=160 nval=40 nte=200)
2026-06-09 17:59:44 | INFO    | train_session_alignment | [align] filterbank_reweighting fbcnet      single_sub-040_ses02-to-ses01 seed=1 acc=0.5350 (ntr=160 nval=40 nte=200)
2026-06-09 17:59:51 | INFO    | train_session_alignment | [align] filterbank_reweighting fbcnet      single_sub-040_ses02-to-ses03 seed=1 acc=0.5300 (ntr=160 nval=40 nte=200)
2026-06-09 18:00:04 | INFO    | train_session_alignment | [align] filterbank_reweighting fbcnet      single_sub-040_ses03-to-ses01 seed=1 acc=0.6600 (ntr=160 nval=40 nte=200)
2026-06-09 18:00:16 | INFO    | train_session_alignment | [align] filterbank_reweighting fbcnet      single_sub-040_ses03-to-ses02 seed=1 acc=0.6900 (ntr=160 nval=40 nte=200)
2026-06-09 18:00:30 | INFO    | train_session_alignment | [align] filterbank_reweighting fbcnet      single_sub-041_ses01-to-ses02 seed=1 acc=0.6850 (ntr=160 nval=40 nte=200)
2026-06-09 18:00:43 | INFO    | train_session_alignment | [align] filterbank_reweighting fbcnet      single_sub-041_ses01-to-ses03 seed=1 acc=0.6750 (ntr=160 nval=40 nte=200)
2026-06-09 18:00:55 | INFO    | train_session_alignment | [align] filterbank_reweighting fbcnet      single_sub-041_ses02-to-ses01 seed=1 acc=0.7700 (ntr=160 nval=40 nte=200)
2026-06-09 18:01:06 | INFO    | train_session_alignment | [align] filterbank_reweighting fbcnet      single_sub-041_ses02-to-ses03 seed=1 acc=0.7900 (ntr=160 nval=40 nte=200)
2026-06-09 18:01:14 | INFO    | train_session_alignment | [align] filterbank_reweighting fbcnet      single_sub-041_ses03-to-ses01 seed=1 acc=0.7150 (ntr=160 nval=40 nte=200)
2026-06-09 18:01:23 | INFO    | train_session_alignment | [align] filterbank_reweighting fbcnet      single_sub-041_ses03-to-ses02 seed=1 acc=0.7700 (ntr=160 nval=40 nte=200)
2026-06-09 18:01:31 | INFO    | train_session_alignment | [align] filterbank_reweighting fbcnet      single_sub-042_ses01-to-ses02 seed=1 acc=0.5850 (ntr=160 nval=40 nte=200)
2026-06-09 18:01:39 | INFO    | train_session_alignment | [align] filterbank_reweighting fbcnet      single_sub-042_ses01-to-ses03 seed=1 acc=0.6200 (ntr=160 nval=40 nte=200)
2026-06-09 18:01:46 | INFO    | train_session_alignment | [align] filterbank_reweighting fbcnet      single_sub-042_ses02-to-ses01 seed=1 acc=0.6100 (ntr=160 nval=40 nte=200)
2026-06-09 18:01:53 | INFO    | train_session_alignment | [align] filterbank_reweighting fbcnet      single_sub-042_ses02-to-ses03 seed=1 acc=0.5450 (ntr=160 nval=40 nte=200)
2026-06-09 18:01:59 | INFO    | train_session_alignment | [align] filterbank_reweighting fbcnet      single_sub-042_ses03-to-ses01 seed=1 acc=0.5750 (ntr=160 nval=40 nte=200)
2026-06-09 18:02:06 | INFO    | train_session_alignment | [align] filterbank_reweighting fbcnet      single_sub-042_ses03-to-ses02 seed=1 acc=0.5100 (ntr=160 nval=40 nte=200)
2026-06-09 18:02:23 | INFO    | train_session_alignment | [align] filterbank_reweighting fbcnet      single_sub-043_ses01-to-ses02 seed=1 acc=0.9450 (ntr=160 nval=40 nte=200)
2026-06-09 18:02:40 | INFO    | train_session_alignment | [align] filterbank_reweighting fbcnet      single_sub-043_ses01-to-ses03 seed=1 acc=0.9800 (ntr=160 nval=40 nte=200)
2026-06-09 18:02:57 | INFO    | train_session_alignment | [align] filterbank_reweighting fbcnet      single_sub-043_ses02-to-ses01 seed=1 acc=0.9550 (ntr=160 nval=40 nte=200)
2026-06-09 18:03:14 | INFO    | train_session_alignment | [align] filterbank_reweighting fbcnet      single_sub-043_ses02-to-ses03 seed=1 acc=0.9200 (ntr=160 nval=40 nte=200)
2026-06-09 18:03:31 | INFO    | train_session_alignment | [align] filterbank_reweighting fbcnet      single_sub-043_ses03-to-ses01 seed=1 acc=0.9650 (ntr=160 nval=40 nte=200)
2026-06-09 18:03:48 | INFO    | train_session_alignment | [align] filterbank_reweighting fbcnet      single_sub-043_ses03-to-ses02 seed=1 acc=0.9250 (ntr=160 nval=40 nte=200)
2026-06-09 18:03:54 | INFO    | train_session_alignment | [align] filterbank_reweighting fbcnet      single_sub-044_ses01-to-ses02 seed=1 acc=0.5250 (ntr=160 nval=40 nte=200)
2026-06-09 18:03:59 | INFO    | train_session_alignment | [align] filterbank_reweighting fbcnet      single_sub-044_ses01-to-ses03 seed=1 acc=0.5400 (ntr=160 nval=40 nte=200)
2026-06-09 18:04:05 | INFO    | train_session_alignment | [align] filterbank_reweighting fbcnet      single_sub-044_ses02-to-ses01 seed=1 acc=0.4750 (ntr=160 nval=40 nte=200)
2026-06-09 18:04:11 | INFO    | train_session_alignment | [align] filterbank_reweighting fbcnet      single_sub-044_ses02-to-ses03 seed=1 acc=0.5650 (ntr=160 nval=40 nte=200)
2026-06-09 18:04:18 | INFO    | train_session_alignment | [align] filterbank_reweighting fbcnet      single_sub-044_ses03-to-ses01 seed=1 acc=0.5250 (ntr=160 nval=40 nte=200)
2026-06-09 18:04:24 | INFO    | train_session_alignment | [align] filterbank_reweighting fbcnet      single_sub-044_ses03-to-ses02 seed=1 acc=0.5300 (ntr=160 nval=40 nte=200)
2026-06-09 18:04:31 | INFO    | train_session_alignment | [align] filterbank_reweighting fbcnet      single_sub-045_ses01-to-ses02 seed=1 acc=0.6800 (ntr=160 nval=40 nte=200)
2026-06-09 18:04:39 | INFO    | train_session_alignment | [align] filterbank_reweighting fbcnet      single_sub-045_ses01-to-ses03 seed=1 acc=0.7000 (ntr=160 nval=40 nte=200)
2026-06-09 18:04:44 | INFO    | train_session_alignment | [align] filterbank_reweighting fbcnet      single_sub-045_ses02-to-ses01 seed=1 acc=0.5350 (ntr=160 nval=40 nte=200)
2026-06-09 18:04:50 | INFO    | train_session_alignment | [align] filterbank_reweighting fbcnet      single_sub-045_ses02-to-ses03 seed=1 acc=0.5800 (ntr=160 nval=40 nte=200)
2026-06-09 18:04:57 | INFO    | train_session_alignment | [align] filterbank_reweighting fbcnet      single_sub-045_ses03-to-ses01 seed=1 acc=0.7300 (ntr=160 nval=40 nte=200)
2026-06-09 18:05:05 | INFO    | train_session_alignment | [align] filterbank_reweighting fbcnet      single_sub-045_ses03-to-ses02 seed=1 acc=0.6300 (ntr=160 nval=40 nte=200)
2026-06-09 18:05:21 | INFO    | train_session_alignment | [align] filterbank_reweighting fbcnet      single_sub-046_ses01-to-ses02 seed=1 acc=0.9200 (ntr=160 nval=40 nte=200)
2026-06-09 18:05:39 | INFO    | train_session_alignment | [align] filterbank_reweighting fbcnet      single_sub-046_ses01-to-ses03 seed=1 acc=0.9200 (ntr=160 nval=40 nte=200)
2026-06-09 18:05:56 | INFO    | train_session_alignment | [align] filterbank_reweighting fbcnet      single_sub-046_ses02-to-ses01 seed=1 acc=0.9100 (ntr=160 nval=40 nte=200)
2026-06-09 18:06:14 | INFO    | train_session_alignment | [align] filterbank_reweighting fbcnet      single_sub-046_ses02-to-ses03 seed=1 acc=0.9200 (ntr=160 nval=40 nte=200)
2026-06-09 18:06:31 | INFO    | train_session_alignment | [align] filterbank_reweighting fbcnet      single_sub-046_ses03-to-ses01 seed=1 acc=0.8900 (ntr=160 nval=40 nte=200)
2026-06-09 18:06:48 | INFO    | train_session_alignment | [align] filterbank_reweighting fbcnet      single_sub-046_ses03-to-ses02 seed=1 acc=0.9300 (ntr=160 nval=40 nte=200)
2026-06-09 18:07:00 | INFO    | train_session_alignment | [align] filterbank_reweighting fbcnet      single_sub-047_ses01-to-ses02 seed=1 acc=0.7800 (ntr=160 nval=40 nte=200)
2026-06-09 18:07:11 | INFO    | train_session_alignment | [align] filterbank_reweighting fbcnet      single_sub-047_ses01-to-ses03 seed=1 acc=0.7200 (ntr=160 nval=40 nte=200)
2026-06-09 18:07:22 | INFO    | train_session_alignment | [align] filterbank_reweighting fbcnet      single_sub-047_ses02-to-ses01 seed=1 acc=0.7350 (ntr=160 nval=40 nte=200)
2026-06-09 18:07:34 | INFO    | train_session_alignment | [align] filterbank_reweighting fbcnet      single_sub-047_ses02-to-ses03 seed=1 acc=0.6900 (ntr=160 nval=40 nte=200)
2026-06-09 18:07:51 | INFO    | train_session_alignment | [align] filterbank_reweighting fbcnet      single_sub-047_ses03-to-ses01 seed=1 acc=0.8250 (ntr=160 nval=40 nte=200)
2026-06-09 18:08:08 | INFO    | train_session_alignment | [align] filterbank_reweighting fbcnet      single_sub-047_ses03-to-ses02 seed=1 acc=0.7950 (ntr=160 nval=40 nte=200)
2026-06-09 18:08:14 | INFO    | train_session_alignment | [align] filterbank_reweighting fbcnet      single_sub-048_ses01-to-ses02 seed=1 acc=0.6050 (ntr=160 nval=40 nte=200)
2026-06-09 18:08:20 | INFO    | train_session_alignment | [align] filterbank_reweighting fbcnet      single_sub-048_ses01-to-ses03 seed=1 acc=0.5350 (ntr=160 nval=40 nte=200)
2026-06-09 18:08:27 | INFO    | train_session_alignment | [align] filterbank_reweighting fbcnet      single_sub-048_ses02-to-ses01 seed=1 acc=0.6250 (ntr=160 nval=40 nte=200)
2026-06-09 18:08:35 | INFO    | train_session_alignment | [align] filterbank_reweighting fbcnet      single_sub-048_ses02-to-ses03 seed=1 acc=0.6050 (ntr=160 nval=40 nte=200)
2026-06-09 18:08:52 | INFO    | train_session_alignment | [align] filterbank_reweighting fbcnet      single_sub-048_ses03-to-ses01 seed=1 acc=0.5200 (ntr=160 nval=40 nte=200)
2026-06-09 18:09:07 | INFO    | train_session_alignment | [align] filterbank_reweighting fbcnet      single_sub-048_ses03-to-ses02 seed=1 acc=0.6300 (ntr=160 nval=40 nte=200)
2026-06-09 18:09:18 | INFO    | train_session_alignment | [align] filterbank_reweighting fbcnet      single_sub-049_ses01-to-ses02 seed=1 acc=0.5400 (ntr=160 nval=40 nte=200)
2026-06-09 18:09:29 | INFO    | train_session_alignment | [align] filterbank_reweighting fbcnet      single_sub-049_ses01-to-ses03 seed=1 acc=0.5050 (ntr=160 nval=40 nte=200)
2026-06-09 18:09:39 | INFO    | train_session_alignment | [align] filterbank_reweighting fbcnet      single_sub-049_ses02-to-ses01 seed=1 acc=0.8400 (ntr=160 nval=40 nte=200)
2026-06-09 18:09:50 | INFO    | train_session_alignment | [align] filterbank_reweighting fbcnet      single_sub-049_ses02-to-ses03 seed=1 acc=0.8150 (ntr=160 nval=40 nte=200)
2026-06-09 18:10:06 | INFO    | train_session_alignment | [align] filterbank_reweighting fbcnet      single_sub-049_ses03-to-ses01 seed=1 acc=0.7350 (ntr=160 nval=40 nte=200)
2026-06-09 18:10:22 | INFO    | train_session_alignment | [align] filterbank_reweighting fbcnet      single_sub-049_ses03-to-ses02 seed=1 acc=0.7400 (ntr=160 nval=40 nte=200)
2026-06-09 18:10:39 | INFO    | train_session_alignment | [align] filterbank_reweighting fbcnet      single_sub-050_ses01-to-ses02 seed=1 acc=0.7700 (ntr=160 nval=40 nte=200)
2026-06-09 18:10:55 | INFO    | train_session_alignment | [align] filterbank_reweighting fbcnet      single_sub-050_ses01-to-ses03 seed=1 acc=0.8150 (ntr=160 nval=40 nte=200)
2026-06-09 18:11:12 | INFO    | train_session_alignment | [align] filterbank_reweighting fbcnet      single_sub-050_ses02-to-ses01 seed=1 acc=0.8200 (ntr=160 nval=40 nte=200)
2026-06-09 18:11:29 | INFO    | train_session_alignment | [align] filterbank_reweighting fbcnet      single_sub-050_ses02-to-ses03 seed=1 acc=0.8350 (ntr=160 nval=40 nte=200)
2026-06-09 18:11:41 | INFO    | train_session_alignment | [align] filterbank_reweighting fbcnet      single_sub-050_ses03-to-ses01 seed=1 acc=0.7500 (ntr=160 nval=40 nte=200)
2026-06-09 18:11:53 | INFO    | train_session_alignment | [align] filterbank_reweighting fbcnet      single_sub-050_ses03-to-ses02 seed=1 acc=0.8800 (ntr=160 nval=40 nte=200)
2026-06-09 18:12:10 | INFO    | train_session_alignment | [align] filterbank_reweighting fbcnet      single_sub-051_ses01-to-ses02 seed=1 acc=0.7500 (ntr=160 nval=40 nte=200)
2026-06-09 18:12:27 | INFO    | train_session_alignment | [align] filterbank_reweighting fbcnet      single_sub-051_ses01-to-ses03 seed=1 acc=0.7300 (ntr=160 nval=40 nte=200)
2026-06-09 18:12:39 | INFO    | train_session_alignment | [align] filterbank_reweighting fbcnet      single_sub-051_ses02-to-ses01 seed=1 acc=0.6950 (ntr=160 nval=40 nte=200)
2026-06-09 18:12:52 | INFO    | train_session_alignment | [align] filterbank_reweighting fbcnet      single_sub-051_ses02-to-ses03 seed=1 acc=0.7900 (ntr=160 nval=40 nte=200)
2026-06-09 18:13:06 | INFO    | train_session_alignment | [align] filterbank_reweighting fbcnet      single_sub-051_ses03-to-ses01 seed=1 acc=0.7250 (ntr=160 nval=40 nte=200)
2026-06-09 18:13:20 | INFO    | train_session_alignment | [align] filterbank_reweighting fbcnet      single_sub-051_ses03-to-ses02 seed=1 acc=0.8500 (ntr=160 nval=40 nte=200)
2026-06-09 18:13:29 | INFO    | train_session_alignment | [align] filterbank_reweighting fbcnet      multi_sub-001_ses01ses02-to-ses03 seed=1 acc=0.6700 (ntr=320 nval=80 nte=200)
2026-06-09 18:13:36 | INFO    | train_session_alignment | [align] filterbank_reweighting fbcnet      multi_sub-002_ses01ses02-to-ses03 seed=1 acc=0.5600 (ntr=320 nval=80 nte=200)
2026-06-09 18:13:48 | INFO    | train_session_alignment | [align] filterbank_reweighting fbcnet      multi_sub-003_ses01ses02-to-ses03 seed=1 acc=0.8150 (ntr=320 nval=80 nte=200)
2026-06-09 18:13:57 | INFO    | train_session_alignment | [align] filterbank_reweighting fbcnet      multi_sub-004_ses01ses02-to-ses03 seed=1 acc=0.5050 (ntr=320 nval=80 nte=200)
2026-06-09 18:14:09 | INFO    | train_session_alignment | [align] filterbank_reweighting fbcnet      multi_sub-005_ses01ses02-to-ses03 seed=1 acc=0.7750 (ntr=320 nval=80 nte=200)
2026-06-09 18:14:25 | INFO    | train_session_alignment | [align] filterbank_reweighting fbcnet      multi_sub-006_ses01ses02-to-ses03 seed=1 acc=0.8950 (ntr=320 nval=80 nte=200)
2026-06-09 18:14:36 | INFO    | train_session_alignment | [align] filterbank_reweighting fbcnet      multi_sub-007_ses01ses02-to-ses03 seed=1 acc=0.6000 (ntr=320 nval=80 nte=200)
2026-06-09 18:14:44 | INFO    | train_session_alignment | [align] filterbank_reweighting fbcnet      multi_sub-008_ses01ses02-to-ses03 seed=1 acc=0.5450 (ntr=320 nval=80 nte=200)
2026-06-09 18:14:53 | INFO    | train_session_alignment | [align] filterbank_reweighting fbcnet      multi_sub-009_ses01ses02-to-ses03 seed=1 acc=0.5300 (ntr=320 nval=80 nte=200)
2026-06-09 18:15:05 | INFO    | train_session_alignment | [align] filterbank_reweighting fbcnet      multi_sub-010_ses01ses02-to-ses03 seed=1 acc=0.5800 (ntr=320 nval=80 nte=200)
2026-06-09 18:15:18 | INFO    | train_session_alignment | [align] filterbank_reweighting fbcnet      multi_sub-011_ses01ses02-to-ses03 seed=1 acc=0.6150 (ntr=320 nval=80 nte=200)
2026-06-09 18:15:26 | INFO    | train_session_alignment | [align] filterbank_reweighting fbcnet      multi_sub-012_ses01ses02-to-ses03 seed=1 acc=0.5550 (ntr=320 nval=80 nte=200)
2026-06-09 18:15:38 | INFO    | train_session_alignment | [align] filterbank_reweighting fbcnet      multi_sub-013_ses01ses02-to-ses03 seed=1 acc=0.5800 (ntr=320 nval=80 nte=200)
2026-06-09 18:15:46 | INFO    | train_session_alignment | [align] filterbank_reweighting fbcnet      multi_sub-014_ses01ses02-to-ses03 seed=1 acc=0.4900 (ntr=320 nval=80 nte=200)
2026-06-09 18:15:55 | INFO    | train_session_alignment | [align] filterbank_reweighting fbcnet      multi_sub-015_ses01ses02-to-ses03 seed=1 acc=0.5200 (ntr=320 nval=80 nte=200)
2026-06-09 18:16:03 | INFO    | train_session_alignment | [align] filterbank_reweighting fbcnet      multi_sub-016_ses01ses02-to-ses03 seed=1 acc=0.5200 (ntr=320 nval=80 nte=200)
2026-06-09 18:16:12 | INFO    | train_session_alignment | [align] filterbank_reweighting fbcnet      multi_sub-017_ses01ses02-to-ses03 seed=1 acc=0.6050 (ntr=320 nval=80 nte=200)
2026-06-09 18:16:23 | INFO    | train_session_alignment | [align] filterbank_reweighting fbcnet      multi_sub-018_ses01ses02-to-ses03 seed=1 acc=0.5200 (ntr=320 nval=80 nte=200)
2026-06-09 18:16:31 | INFO    | train_session_alignment | [align] filterbank_reweighting fbcnet      multi_sub-019_ses01ses02-to-ses03 seed=1 acc=0.5650 (ntr=320 nval=80 nte=200)
2026-06-09 18:16:45 | INFO    | train_session_alignment | [align] filterbank_reweighting fbcnet      multi_sub-020_ses01ses02-to-ses03 seed=1 acc=0.4200 (ntr=320 nval=80 nte=200)
2026-06-09 18:17:01 | INFO    | train_session_alignment | [align] filterbank_reweighting fbcnet      multi_sub-021_ses01ses02-to-ses03 seed=1 acc=0.6300 (ntr=320 nval=80 nte=200)
2026-06-09 18:17:12 | INFO    | train_session_alignment | [align] filterbank_reweighting fbcnet      multi_sub-022_ses01ses02-to-ses03 seed=1 acc=0.5400 (ntr=320 nval=80 nte=200)
2026-06-09 18:17:28 | INFO    | train_session_alignment | [align] filterbank_reweighting fbcnet      multi_sub-025_ses01ses02-to-ses03 seed=1 acc=0.5200 (ntr=320 nval=80 nte=200)
2026-06-09 18:17:41 | INFO    | train_session_alignment | [align] filterbank_reweighting fbcnet      multi_sub-027_ses01ses02-to-ses03 seed=1 acc=0.5800 (ntr=320 nval=80 nte=200)
2026-06-09 18:17:57 | INFO    | train_session_alignment | [align] filterbank_reweighting fbcnet      multi_sub-028_ses01ses02-to-ses03 seed=1 acc=0.7000 (ntr=320 nval=80 nte=200)
2026-06-09 18:18:16 | INFO    | train_session_alignment | [align] filterbank_reweighting fbcnet      multi_sub-029_ses01ses02-to-ses03 seed=1 acc=0.9450 (ntr=320 nval=80 nte=200)
2026-06-09 18:18:28 | INFO    | train_session_alignment | [align] filterbank_reweighting fbcnet      multi_sub-030_ses01ses02-to-ses03 seed=1 acc=0.7050 (ntr=320 nval=80 nte=200)
2026-06-09 18:18:39 | INFO    | train_session_alignment | [align] filterbank_reweighting fbcnet      multi_sub-031_ses01ses02-to-ses03 seed=1 acc=0.6850 (ntr=320 nval=80 nte=200)
2026-06-09 18:18:51 | INFO    | train_session_alignment | [align] filterbank_reweighting fbcnet      multi_sub-033_ses01ses02-to-ses03 seed=1 acc=0.9550 (ntr=320 nval=80 nte=200)
2026-06-09 18:19:02 | INFO    | train_session_alignment | [align] filterbank_reweighting fbcnet      multi_sub-034_ses01ses02-to-ses03 seed=1 acc=0.5400 (ntr=320 nval=80 nte=200)
2026-06-09 18:19:15 | INFO    | train_session_alignment | [align] filterbank_reweighting fbcnet      multi_sub-035_ses01ses02-to-ses03 seed=1 acc=0.8650 (ntr=320 nval=80 nte=200)
2026-06-09 18:19:27 | INFO    | train_session_alignment | [align] filterbank_reweighting fbcnet      multi_sub-036_ses01ses02-to-ses03 seed=1 acc=0.9250 (ntr=320 nval=80 nte=200)
2026-06-09 18:19:38 | INFO    | train_session_alignment | [align] filterbank_reweighting fbcnet      multi_sub-037_ses01ses02-to-ses03 seed=1 acc=0.6900 (ntr=320 nval=80 nte=200)
2026-06-09 18:19:52 | INFO    | train_session_alignment | [align] filterbank_reweighting fbcnet      multi_sub-038_ses01ses02-to-ses03 seed=1 acc=0.5050 (ntr=320 nval=80 nte=200)
2026-06-09 18:20:01 | INFO    | train_session_alignment | [align] filterbank_reweighting fbcnet      multi_sub-039_ses01ses02-to-ses03 seed=1 acc=0.6300 (ntr=320 nval=80 nte=200)
2026-06-09 18:20:11 | INFO    | train_session_alignment | [align] filterbank_reweighting fbcnet      multi_sub-040_ses01ses02-to-ses03 seed=1 acc=0.6900 (ntr=320 nval=80 nte=200)
2026-06-09 18:20:23 | INFO    | train_session_alignment | [align] filterbank_reweighting fbcnet      multi_sub-041_ses01ses02-to-ses03 seed=1 acc=0.8350 (ntr=320 nval=80 nte=200)
2026-06-09 18:20:35 | INFO    | train_session_alignment | [align] filterbank_reweighting fbcnet      multi_sub-042_ses01ses02-to-ses03 seed=1 acc=0.6350 (ntr=320 nval=80 nte=200)
2026-06-09 18:20:56 | INFO    | train_session_alignment | [align] filterbank_reweighting fbcnet      multi_sub-043_ses01ses02-to-ses03 seed=1 acc=1.0000 (ntr=320 nval=80 nte=200)
2026-06-09 18:21:04 | INFO    | train_session_alignment | [align] filterbank_reweighting fbcnet      multi_sub-044_ses01ses02-to-ses03 seed=1 acc=0.5700 (ntr=320 nval=80 nte=200)
2026-06-09 18:21:15 | INFO    | train_session_alignment | [align] filterbank_reweighting fbcnet      multi_sub-045_ses01ses02-to-ses03 seed=1 acc=0.7300 (ntr=320 nval=80 nte=200)
2026-06-09 18:21:36 | INFO    | train_session_alignment | [align] filterbank_reweighting fbcnet      multi_sub-046_ses01ses02-to-ses03 seed=1 acc=0.9500 (ntr=320 nval=80 nte=200)
2026-06-09 18:21:50 | INFO    | train_session_alignment | [align] filterbank_reweighting fbcnet      multi_sub-047_ses01ses02-to-ses03 seed=1 acc=0.8350 (ntr=320 nval=80 nte=200)
2026-06-09 18:22:01 | INFO    | train_session_alignment | [align] filterbank_reweighting fbcnet      multi_sub-048_ses01ses02-to-ses03 seed=1 acc=0.6000 (ntr=320 nval=80 nte=200)
2026-06-09 18:22:19 | INFO    | train_session_alignment | [align] filterbank_reweighting fbcnet      multi_sub-049_ses01ses02-to-ses03 seed=1 acc=0.6900 (ntr=320 nval=80 nte=200)
2026-06-09 18:22:35 | INFO    | train_session_alignment | [align] filterbank_reweighting fbcnet      multi_sub-050_ses01ses02-to-ses03 seed=1 acc=0.8750 (ntr=320 nval=80 nte=200)
2026-06-09 18:22:45 | INFO    | train_session_alignment | [align] filterbank_reweighting fbcnet      multi_sub-051_ses01ses02-to-ses03 seed=1 acc=0.8100 (ntr=320 nval=80 nte=200)
2026-06-09 18:22:46 | INFO    | train_session_alignment | ALL DONE in 3558.8s | rows=335 ok=335 failed=0 | out=/share/home/yuan/SYX/eeg-mi-online/outputs/experiments/alignment_baseline_v1
Done: Tue Jun  9 18:22:47 CST 2026
