Project: /share/home/yuan/SYX/eeg-mi-online
Env    : mi_torch_cu118
Args   : --methods euclidean_alignment --models eegnet --seeds 4 --protocols single,multi --tag-suffix euclidean_alignment_eegnet_s4
Node   : gpu01 | Start: Tue Jun  9 05:24:55 CST 2026
Tue Jun  9 05:24:56 2026       
+-----------------------------------------------------------------------------------------+
| NVIDIA-SMI 570.153.02             Driver Version: 570.153.02     CUDA Version: 12.8     |
|-----------------------------------------+------------------------+----------------------+
| GPU  Name                 Persistence-M | Bus-Id          Disp.A | Volatile Uncorr. ECC |
| Fan  Temp   Perf          Pwr:Usage/Cap |           Memory-Usage | GPU-Util  Compute M. |
|                                         |                        |               MIG M. |
|=========================================+========================+======================|
|   0  NVIDIA GeForce RTX 4090 D      On  |   00000000:61:00.0 Off |                  Off |
| 30%   39C    P0             57W /  425W |       1MiB /  24564MiB |      0%      Default |
|                                         |                        |                  N/A |
+-----------------------------------------+------------------------+----------------------+
                                                                                         
+-----------------------------------------------------------------------------------------+
| Processes:                                                                              |
|  GPU   GI   CI              PID   Type   Process name                        GPU Memory |
|        ID   ID                                                               Usage      |
|=========================================================================================|
|  No running processes found                                                             |
+-----------------------------------------------------------------------------------------+
[cuda-check] torch=2.7.1+cu118 cuda_build=11.8 cuda_avail=True
2026-06-09 05:24:59 | INFO    | train_session_alignment | device=cuda | cuda={'torch': '2.7.1+cu118', 'cuda_build': '11.8', 'cuda_available': True, 'device': 'cuda', 'device_name': 'NVIDIA GeForce RTX 4090 D'}
2026-06-09 05:24:59 | INFO    | train_session_alignment | loaded 148 ok sessions | methods=['euclidean_alignment'] | models=['eegnet'] | seeds=[4] | groups=['single', 'multi'] | tasks=335
2026-06-09 05:25:08 | INFO    | train_session_alignment | [align] euclidean_alignment    eegnet      single_sub-001_ses01-to-ses02 seed=4 acc=0.7900 (ntr=160 nval=40 nte=200)
2026-06-09 05:25:15 | INFO    | train_session_alignment | [align] euclidean_alignment    eegnet      single_sub-001_ses01-to-ses03 seed=4 acc=0.8900 (ntr=160 nval=40 nte=200)
2026-06-09 05:25:32 | INFO    | train_session_alignment | [align] euclidean_alignment    eegnet      single_sub-001_ses02-to-ses01 seed=4 acc=0.7750 (ntr=160 nval=40 nte=200)
2026-06-09 05:25:49 | INFO    | train_session_alignment | [align] euclidean_alignment    eegnet      single_sub-001_ses02-to-ses03 seed=4 acc=0.9850 (ntr=160 nval=40 nte=200)
2026-06-09 05:26:06 | INFO    | train_session_alignment | [align] euclidean_alignment    eegnet      single_sub-001_ses03-to-ses01 seed=4 acc=0.8200 (ntr=160 nval=40 nte=200)
2026-06-09 05:26:23 | INFO    | train_session_alignment | [align] euclidean_alignment    eegnet      single_sub-001_ses03-to-ses02 seed=4 acc=0.9250 (ntr=160 nval=40 nte=200)
2026-06-09 05:26:28 | INFO    | train_session_alignment | [align] euclidean_alignment    eegnet      single_sub-002_ses01-to-ses02 seed=4 acc=0.5600 (ntr=160 nval=40 nte=200)
2026-06-09 05:26:32 | INFO    | train_session_alignment | [align] euclidean_alignment    eegnet      single_sub-002_ses01-to-ses03 seed=4 acc=0.5450 (ntr=160 nval=40 nte=200)
2026-06-09 05:26:37 | INFO    | train_session_alignment | [align] euclidean_alignment    eegnet      single_sub-002_ses02-to-ses01 seed=4 acc=0.5150 (ntr=160 nval=40 nte=200)
2026-06-09 05:26:43 | INFO    | train_session_alignment | [align] euclidean_alignment    eegnet      single_sub-002_ses02-to-ses03 seed=4 acc=0.6000 (ntr=160 nval=40 nte=200)
2026-06-09 05:26:49 | INFO    | train_session_alignment | [align] euclidean_alignment    eegnet      single_sub-002_ses03-to-ses01 seed=4 acc=0.6400 (ntr=160 nval=40 nte=200)
2026-06-09 05:26:55 | INFO    | train_session_alignment | [align] euclidean_alignment    eegnet      single_sub-002_ses03-to-ses02 seed=4 acc=0.6500 (ntr=160 nval=40 nte=200)
2026-06-09 05:27:03 | INFO    | train_session_alignment | [align] euclidean_alignment    eegnet      single_sub-003_ses01-to-ses02 seed=4 acc=0.8000 (ntr=160 nval=40 nte=200)
2026-06-09 05:27:11 | INFO    | train_session_alignment | [align] euclidean_alignment    eegnet      single_sub-003_ses01-to-ses03 seed=4 acc=0.7050 (ntr=160 nval=40 nte=200)
2026-06-09 05:27:26 | INFO    | train_session_alignment | [align] euclidean_alignment    eegnet      single_sub-003_ses02-to-ses01 seed=4 acc=0.7950 (ntr=160 nval=40 nte=200)
2026-06-09 05:27:41 | INFO    | train_session_alignment | [align] euclidean_alignment    eegnet      single_sub-003_ses02-to-ses03 seed=4 acc=0.6950 (ntr=160 nval=40 nte=200)
2026-06-09 05:27:47 | INFO    | train_session_alignment | [align] euclidean_alignment    eegnet      single_sub-003_ses03-to-ses01 seed=4 acc=0.5550 (ntr=160 nval=40 nte=200)
2026-06-09 05:27:53 | INFO    | train_session_alignment | [align] euclidean_alignment    eegnet      single_sub-003_ses03-to-ses02 seed=4 acc=0.5600 (ntr=160 nval=40 nte=200)
2026-06-09 05:27:58 | INFO    | train_session_alignment | [align] euclidean_alignment    eegnet      single_sub-004_ses01-to-ses02 seed=4 acc=0.5250 (ntr=160 nval=40 nte=200)
2026-06-09 05:28:03 | INFO    | train_session_alignment | [align] euclidean_alignment    eegnet      single_sub-004_ses01-to-ses03 seed=4 acc=0.5300 (ntr=160 nval=40 nte=200)
2026-06-09 05:28:08 | INFO    | train_session_alignment | [align] euclidean_alignment    eegnet      single_sub-004_ses02-to-ses01 seed=4 acc=0.4500 (ntr=160 nval=40 nte=200)
2026-06-09 05:28:12 | INFO    | train_session_alignment | [align] euclidean_alignment    eegnet      single_sub-004_ses02-to-ses03 seed=4 acc=0.5050 (ntr=160 nval=40 nte=200)
2026-06-09 05:28:17 | INFO    | train_session_alignment | [align] euclidean_alignment    eegnet      single_sub-004_ses03-to-ses01 seed=4 acc=0.4950 (ntr=160 nval=40 nte=200)
2026-06-09 05:28:22 | INFO    | train_session_alignment | [align] euclidean_alignment    eegnet      single_sub-004_ses03-to-ses02 seed=4 acc=0.5500 (ntr=160 nval=40 nte=200)
2026-06-09 05:28:30 | INFO    | train_session_alignment | [align] euclidean_alignment    eegnet      single_sub-005_ses01-to-ses02 seed=4 acc=0.8900 (ntr=160 nval=40 nte=200)
2026-06-09 05:28:38 | INFO    | train_session_alignment | [align] euclidean_alignment    eegnet      single_sub-005_ses01-to-ses03 seed=4 acc=0.6850 (ntr=160 nval=40 nte=200)
2026-06-09 05:28:45 | INFO    | train_session_alignment | [align] euclidean_alignment    eegnet      single_sub-005_ses02-to-ses01 seed=4 acc=0.8300 (ntr=160 nval=40 nte=200)
2026-06-09 05:28:51 | INFO    | train_session_alignment | [align] euclidean_alignment    eegnet      single_sub-005_ses02-to-ses03 seed=4 acc=0.6600 (ntr=160 nval=40 nte=200)
2026-06-09 05:28:56 | INFO    | train_session_alignment | [align] euclidean_alignment    eegnet      single_sub-005_ses03-to-ses01 seed=4 acc=0.5050 (ntr=160 nval=40 nte=200)
2026-06-09 05:29:01 | INFO    | train_session_alignment | [align] euclidean_alignment    eegnet      single_sub-005_ses03-to-ses02 seed=4 acc=0.5300 (ntr=160 nval=40 nte=200)
2026-06-09 05:29:09 | INFO    | train_session_alignment | [align] euclidean_alignment    eegnet      single_sub-006_ses01-to-ses02 seed=4 acc=0.9500 (ntr=160 nval=40 nte=200)
2026-06-09 05:29:17 | INFO    | train_session_alignment | [align] euclidean_alignment    eegnet      single_sub-006_ses01-to-ses03 seed=4 acc=0.9450 (ntr=160 nval=40 nte=200)
2026-06-09 05:29:29 | INFO    | train_session_alignment | [align] euclidean_alignment    eegnet      single_sub-006_ses02-to-ses01 seed=4 acc=0.8200 (ntr=160 nval=40 nte=200)
2026-06-09 05:29:41 | INFO    | train_session_alignment | [align] euclidean_alignment    eegnet      single_sub-006_ses02-to-ses03 seed=4 acc=0.8150 (ntr=160 nval=40 nte=200)
2026-06-09 05:29:58 | INFO    | train_session_alignment | [align] euclidean_alignment    eegnet      single_sub-006_ses03-to-ses01 seed=4 acc=0.8950 (ntr=160 nval=40 nte=200)
2026-06-09 05:30:15 | INFO    | train_session_alignment | [align] euclidean_alignment    eegnet      single_sub-006_ses03-to-ses02 seed=4 acc=0.9450 (ntr=160 nval=40 nte=200)
2026-06-09 05:30:20 | INFO    | train_session_alignment | [align] euclidean_alignment    eegnet      single_sub-007_ses01-to-ses02 seed=4 acc=0.6150 (ntr=160 nval=40 nte=200)
2026-06-09 05:30:26 | INFO    | train_session_alignment | [align] euclidean_alignment    eegnet      single_sub-007_ses01-to-ses03 seed=4 acc=0.6950 (ntr=160 nval=40 nte=200)
2026-06-09 05:30:32 | INFO    | train_session_alignment | [align] euclidean_alignment    eegnet      single_sub-007_ses02-to-ses01 seed=4 acc=0.6300 (ntr=160 nval=40 nte=200)
2026-06-09 05:30:38 | INFO    | train_session_alignment | [align] euclidean_alignment    eegnet      single_sub-007_ses02-to-ses03 seed=4 acc=0.8250 (ntr=160 nval=40 nte=200)
2026-06-09 05:30:43 | INFO    | train_session_alignment | [align] euclidean_alignment    eegnet      single_sub-007_ses03-to-ses01 seed=4 acc=0.6450 (ntr=160 nval=40 nte=200)
2026-06-09 05:30:48 | INFO    | train_session_alignment | [align] euclidean_alignment    eegnet      single_sub-007_ses03-to-ses02 seed=4 acc=0.7650 (ntr=160 nval=40 nte=200)
2026-06-09 05:31:05 | INFO    | train_session_alignment | [align] euclidean_alignment    eegnet      single_sub-008_ses01-to-ses02 seed=4 acc=0.6500 (ntr=160 nval=40 nte=200)
2026-06-09 05:31:22 | INFO    | train_session_alignment | [align] euclidean_alignment    eegnet      single_sub-008_ses01-to-ses03 seed=4 acc=0.7450 (ntr=160 nval=40 nte=200)
2026-06-09 05:31:33 | INFO    | train_session_alignment | [align] euclidean_alignment    eegnet      single_sub-008_ses02-to-ses01 seed=4 acc=0.6900 (ntr=160 nval=40 nte=200)
2026-06-09 05:31:43 | INFO    | train_session_alignment | [align] euclidean_alignment    eegnet      single_sub-008_ses02-to-ses03 seed=4 acc=0.8350 (ntr=160 nval=40 nte=200)
2026-06-09 05:32:00 | INFO    | train_session_alignment | [align] euclidean_alignment    eegnet      single_sub-008_ses03-to-ses01 seed=4 acc=0.6450 (ntr=160 nval=40 nte=200)
2026-06-09 05:32:17 | INFO    | train_session_alignment | [align] euclidean_alignment    eegnet      single_sub-008_ses03-to-ses02 seed=4 acc=0.7950 (ntr=160 nval=40 nte=200)
2026-06-09 05:32:23 | INFO    | train_session_alignment | [align] euclidean_alignment    eegnet      single_sub-009_ses01-to-ses02 seed=4 acc=0.7150 (ntr=160 nval=40 nte=200)
2026-06-09 05:32:29 | INFO    | train_session_alignment | [align] euclidean_alignment    eegnet      single_sub-009_ses01-to-ses03 seed=4 acc=0.6050 (ntr=160 nval=40 nte=200)
2026-06-09 05:32:36 | INFO    | train_session_alignment | [align] euclidean_alignment    eegnet      single_sub-009_ses02-to-ses01 seed=4 acc=0.6900 (ntr=160 nval=40 nte=200)
2026-06-09 05:32:43 | INFO    | train_session_alignment | [align] euclidean_alignment    eegnet      single_sub-009_ses02-to-ses03 seed=4 acc=0.5750 (ntr=160 nval=40 nte=200)
2026-06-09 05:32:48 | INFO    | train_session_alignment | [align] euclidean_alignment    eegnet      single_sub-009_ses03-to-ses01 seed=4 acc=0.4800 (ntr=160 nval=40 nte=200)
2026-06-09 05:32:53 | INFO    | train_session_alignment | [align] euclidean_alignment    eegnet      single_sub-009_ses03-to-ses02 seed=4 acc=0.5050 (ntr=160 nval=40 nte=200)
2026-06-09 05:32:59 | INFO    | train_session_alignment | [align] euclidean_alignment    eegnet      single_sub-010_ses01-to-ses02 seed=4 acc=0.7600 (ntr=160 nval=40 nte=200)
2026-06-09 05:33:06 | INFO    | train_session_alignment | [align] euclidean_alignment    eegnet      single_sub-010_ses01-to-ses03 seed=4 acc=0.6400 (ntr=160 nval=40 nte=200)
2026-06-09 05:33:12 | INFO    | train_session_alignment | [align] euclidean_alignment    eegnet      single_sub-010_ses02-to-ses01 seed=4 acc=0.7350 (ntr=160 nval=40 nte=200)
2026-06-09 05:33:19 | INFO    | train_session_alignment | [align] euclidean_alignment    eegnet      single_sub-010_ses02-to-ses03 seed=4 acc=0.5600 (ntr=160 nval=40 nte=200)
2026-06-09 05:33:26 | INFO    | train_session_alignment | [align] euclidean_alignment    eegnet      single_sub-010_ses03-to-ses01 seed=4 acc=0.5350 (ntr=160 nval=40 nte=200)
2026-06-09 05:33:33 | INFO    | train_session_alignment | [align] euclidean_alignment    eegnet      single_sub-010_ses03-to-ses02 seed=4 acc=0.5950 (ntr=160 nval=40 nte=200)
2026-06-09 05:33:38 | INFO    | train_session_alignment | [align] euclidean_alignment    eegnet      single_sub-011_ses01-to-ses02 seed=4 acc=0.7100 (ntr=160 nval=40 nte=200)
2026-06-09 05:33:44 | INFO    | train_session_alignment | [align] euclidean_alignment    eegnet      single_sub-011_ses01-to-ses03 seed=4 acc=0.9200 (ntr=160 nval=40 nte=200)
2026-06-09 05:33:54 | INFO    | train_session_alignment | [align] euclidean_alignment    eegnet      single_sub-011_ses02-to-ses01 seed=4 acc=0.8500 (ntr=160 nval=40 nte=200)
2026-06-09 05:34:03 | INFO    | train_session_alignment | [align] euclidean_alignment    eegnet      single_sub-011_ses02-to-ses03 seed=4 acc=0.8750 (ntr=160 nval=40 nte=200)
2026-06-09 05:34:20 | INFO    | train_session_alignment | [align] euclidean_alignment    eegnet      single_sub-011_ses03-to-ses01 seed=4 acc=0.8650 (ntr=160 nval=40 nte=200)
2026-06-09 05:34:37 | INFO    | train_session_alignment | [align] euclidean_alignment    eegnet      single_sub-011_ses03-to-ses02 seed=4 acc=0.7300 (ntr=160 nval=40 nte=200)
2026-06-09 05:34:42 | INFO    | train_session_alignment | [align] euclidean_alignment    eegnet      single_sub-012_ses01-to-ses02 seed=4 acc=0.4850 (ntr=160 nval=40 nte=200)
2026-06-09 05:34:47 | INFO    | train_session_alignment | [align] euclidean_alignment    eegnet      single_sub-012_ses01-to-ses03 seed=4 acc=0.4750 (ntr=160 nval=40 nte=200)
2026-06-09 05:34:52 | INFO    | train_session_alignment | [align] euclidean_alignment    eegnet      single_sub-012_ses02-to-ses01 seed=4 acc=0.4950 (ntr=160 nval=40 nte=200)
2026-06-09 05:34:57 | INFO    | train_session_alignment | [align] euclidean_alignment    eegnet      single_sub-012_ses02-to-ses03 seed=4 acc=0.4500 (ntr=160 nval=40 nte=200)
2026-06-09 05:35:01 | INFO    | train_session_alignment | [align] euclidean_alignment    eegnet      single_sub-012_ses03-to-ses01 seed=4 acc=0.4700 (ntr=160 nval=40 nte=200)
2026-06-09 05:35:06 | INFO    | train_session_alignment | [align] euclidean_alignment    eegnet      single_sub-012_ses03-to-ses02 seed=4 acc=0.4800 (ntr=160 nval=40 nte=200)
2026-06-09 05:35:12 | INFO    | train_session_alignment | [align] euclidean_alignment    eegnet      single_sub-013_ses01-to-ses02 seed=4 acc=0.7750 (ntr=160 nval=40 nte=200)
2026-06-09 05:35:19 | INFO    | train_session_alignment | [align] euclidean_alignment    eegnet      single_sub-013_ses01-to-ses03 seed=4 acc=0.8000 (ntr=160 nval=40 nte=200)
2026-06-09 05:35:25 | INFO    | train_session_alignment | [align] euclidean_alignment    eegnet      single_sub-013_ses02-to-ses01 seed=4 acc=0.5800 (ntr=160 nval=40 nte=200)
2026-06-09 05:35:31 | INFO    | train_session_alignment | [align] euclidean_alignment    eegnet      single_sub-013_ses02-to-ses03 seed=4 acc=0.6550 (ntr=160 nval=40 nte=200)
2026-06-09 05:35:38 | INFO    | train_session_alignment | [align] euclidean_alignment    eegnet      single_sub-013_ses03-to-ses01 seed=4 acc=0.6950 (ntr=160 nval=40 nte=200)
2026-06-09 05:35:45 | INFO    | train_session_alignment | [align] euclidean_alignment    eegnet      single_sub-013_ses03-to-ses02 seed=4 acc=0.8050 (ntr=160 nval=40 nte=200)
2026-06-09 05:35:50 | INFO    | train_session_alignment | [align] euclidean_alignment    eegnet      single_sub-014_ses01-to-ses02 seed=4 acc=0.4750 (ntr=160 nval=40 nte=200)
2026-06-09 05:35:55 | INFO    | train_session_alignment | [align] euclidean_alignment    eegnet      single_sub-014_ses01-to-ses03 seed=4 acc=0.4450 (ntr=160 nval=40 nte=200)
2026-06-09 05:36:00 | INFO    | train_session_alignment | [align] euclidean_alignment    eegnet      single_sub-014_ses02-to-ses01 seed=4 acc=0.5400 (ntr=160 nval=40 nte=200)
2026-06-09 05:36:05 | INFO    | train_session_alignment | [align] euclidean_alignment    eegnet      single_sub-014_ses02-to-ses03 seed=4 acc=0.4450 (ntr=160 nval=40 nte=200)
2026-06-09 05:36:10 | INFO    | train_session_alignment | [align] euclidean_alignment    eegnet      single_sub-014_ses03-to-ses01 seed=4 acc=0.4950 (ntr=160 nval=40 nte=200)
2026-06-09 05:36:15 | INFO    | train_session_alignment | [align] euclidean_alignment    eegnet      single_sub-014_ses03-to-ses02 seed=4 acc=0.4650 (ntr=160 nval=40 nte=200)
2026-06-09 05:36:27 | INFO    | train_session_alignment | [align] euclidean_alignment    eegnet      single_sub-015_ses01-to-ses02 seed=4 acc=0.6500 (ntr=160 nval=40 nte=200)
2026-06-09 05:36:38 | INFO    | train_session_alignment | [align] euclidean_alignment    eegnet      single_sub-015_ses01-to-ses03 seed=4 acc=0.5950 (ntr=160 nval=40 nte=200)
2026-06-09 05:36:43 | INFO    | train_session_alignment | [align] euclidean_alignment    eegnet      single_sub-015_ses02-to-ses01 seed=4 acc=0.4650 (ntr=160 nval=40 nte=200)
2026-06-09 05:36:48 | INFO    | train_session_alignment | [align] euclidean_alignment    eegnet      single_sub-015_ses02-to-ses03 seed=4 acc=0.5350 (ntr=160 nval=40 nte=200)
2026-06-09 05:37:02 | INFO    | train_session_alignment | [align] euclidean_alignment    eegnet      single_sub-015_ses03-to-ses01 seed=4 acc=0.6850 (ntr=160 nval=40 nte=200)
2026-06-09 05:37:17 | INFO    | train_session_alignment | [align] euclidean_alignment    eegnet      single_sub-015_ses03-to-ses02 seed=4 acc=0.7350 (ntr=160 nval=40 nte=200)
2026-06-09 05:37:22 | INFO    | train_session_alignment | [align] euclidean_alignment    eegnet      single_sub-016_ses01-to-ses02 seed=4 acc=0.4850 (ntr=160 nval=40 nte=200)
2026-06-09 05:37:27 | INFO    | train_session_alignment | [align] euclidean_alignment    eegnet      single_sub-016_ses01-to-ses03 seed=4 acc=0.5600 (ntr=160 nval=40 nte=200)
2026-06-09 05:37:32 | INFO    | train_session_alignment | [align] euclidean_alignment    eegnet      single_sub-016_ses02-to-ses01 seed=4 acc=0.4850 (ntr=160 nval=40 nte=200)
2026-06-09 05:37:37 | INFO    | train_session_alignment | [align] euclidean_alignment    eegnet      single_sub-016_ses02-to-ses03 seed=4 acc=0.5500 (ntr=160 nval=40 nte=200)
2026-06-09 05:37:42 | INFO    | train_session_alignment | [align] euclidean_alignment    eegnet      single_sub-016_ses03-to-ses01 seed=4 acc=0.5600 (ntr=160 nval=40 nte=200)
2026-06-09 05:37:47 | INFO    | train_session_alignment | [align] euclidean_alignment    eegnet      single_sub-016_ses03-to-ses02 seed=4 acc=0.5250 (ntr=160 nval=40 nte=200)
2026-06-09 05:37:53 | INFO    | train_session_alignment | [align] euclidean_alignment    eegnet      single_sub-017_ses01-to-ses02 seed=4 acc=0.6850 (ntr=160 nval=40 nte=200)
2026-06-09 05:37:59 | INFO    | train_session_alignment | [align] euclidean_alignment    eegnet      single_sub-017_ses01-to-ses03 seed=4 acc=0.7150 (ntr=160 nval=40 nte=200)
2026-06-09 05:38:05 | INFO    | train_session_alignment | [align] euclidean_alignment    eegnet      single_sub-017_ses02-to-ses01 seed=4 acc=0.7300 (ntr=160 nval=40 nte=200)
2026-06-09 05:38:12 | INFO    | train_session_alignment | [align] euclidean_alignment    eegnet      single_sub-017_ses02-to-ses03 seed=4 acc=0.6950 (ntr=160 nval=40 nte=200)
2026-06-09 05:38:17 | INFO    | train_session_alignment | [align] euclidean_alignment    eegnet      single_sub-017_ses03-to-ses01 seed=4 acc=0.6200 (ntr=160 nval=40 nte=200)
2026-06-09 05:38:22 | INFO    | train_session_alignment | [align] euclidean_alignment    eegnet      single_sub-017_ses03-to-ses02 seed=4 acc=0.6500 (ntr=160 nval=40 nte=200)
2026-06-09 05:38:29 | INFO    | train_session_alignment | [align] euclidean_alignment    eegnet      single_sub-018_ses01-to-ses02 seed=4 acc=0.7000 (ntr=160 nval=40 nte=200)
2026-06-09 05:38:36 | INFO    | train_session_alignment | [align] euclidean_alignment    eegnet      single_sub-018_ses01-to-ses03 seed=4 acc=0.6000 (ntr=160 nval=40 nte=200)
2026-06-09 05:38:42 | INFO    | train_session_alignment | [align] euclidean_alignment    eegnet      single_sub-018_ses02-to-ses01 seed=4 acc=0.7200 (ntr=160 nval=40 nte=200)
2026-06-09 05:38:49 | INFO    | train_session_alignment | [align] euclidean_alignment    eegnet      single_sub-018_ses02-to-ses03 seed=4 acc=0.7200 (ntr=160 nval=40 nte=200)
2026-06-09 05:38:54 | INFO    | train_session_alignment | [align] euclidean_alignment    eegnet      single_sub-018_ses03-to-ses01 seed=4 acc=0.5800 (ntr=160 nval=40 nte=200)
2026-06-09 05:39:00 | INFO    | train_session_alignment | [align] euclidean_alignment    eegnet      single_sub-018_ses03-to-ses02 seed=4 acc=0.6600 (ntr=160 nval=40 nte=200)
2026-06-09 05:39:06 | INFO    | train_session_alignment | [align] euclidean_alignment    eegnet      single_sub-019_ses01-to-ses02 seed=4 acc=0.4600 (ntr=160 nval=40 nte=200)
2026-06-09 05:39:12 | INFO    | train_session_alignment | [align] euclidean_alignment    eegnet      single_sub-019_ses01-to-ses03 seed=4 acc=0.4700 (ntr=160 nval=40 nte=200)
2026-06-09 05:39:22 | INFO    | train_session_alignment | [align] euclidean_alignment    eegnet      single_sub-019_ses02-to-ses01 seed=4 acc=0.5050 (ntr=160 nval=40 nte=200)
2026-06-09 05:39:32 | INFO    | train_session_alignment | [align] euclidean_alignment    eegnet      single_sub-019_ses02-to-ses03 seed=4 acc=0.8350 (ntr=160 nval=40 nte=200)
2026-06-09 05:39:41 | INFO    | train_session_alignment | [align] euclidean_alignment    eegnet      single_sub-019_ses03-to-ses01 seed=4 acc=0.5600 (ntr=160 nval=40 nte=200)
2026-06-09 05:39:51 | INFO    | train_session_alignment | [align] euclidean_alignment    eegnet      single_sub-019_ses03-to-ses02 seed=4 acc=0.7000 (ntr=160 nval=40 nte=200)
2026-06-09 05:40:08 | INFO    | train_session_alignment | [align] euclidean_alignment    eegnet      single_sub-020_ses01-to-ses02 seed=4 acc=0.8500 (ntr=160 nval=40 nte=200)
2026-06-09 05:40:25 | INFO    | train_session_alignment | [align] euclidean_alignment    eegnet      single_sub-020_ses01-to-ses03 seed=4 acc=0.5450 (ntr=160 nval=40 nte=200)
2026-06-09 05:40:42 | INFO    | train_session_alignment | [align] euclidean_alignment    eegnet      single_sub-020_ses02-to-ses01 seed=4 acc=0.9200 (ntr=160 nval=40 nte=200)
2026-06-09 05:40:58 | INFO    | train_session_alignment | [align] euclidean_alignment    eegnet      single_sub-020_ses02-to-ses03 seed=4 acc=0.4500 (ntr=160 nval=40 nte=200)
2026-06-09 05:41:13 | INFO    | train_session_alignment | [align] euclidean_alignment    eegnet      single_sub-020_ses03-to-ses01 seed=4 acc=0.4350 (ntr=160 nval=40 nte=200)
2026-06-09 05:41:28 | INFO    | train_session_alignment | [align] euclidean_alignment    eegnet      single_sub-020_ses03-to-ses02 seed=4 acc=0.4850 (ntr=160 nval=40 nte=200)
2026-06-09 05:41:34 | INFO    | train_session_alignment | [align] euclidean_alignment    eegnet      single_sub-021_ses01-to-ses02 seed=4 acc=0.6600 (ntr=160 nval=40 nte=200)
2026-06-09 05:41:40 | INFO    | train_session_alignment | [align] euclidean_alignment    eegnet      single_sub-021_ses01-to-ses03 seed=4 acc=0.6100 (ntr=160 nval=40 nte=200)
2026-06-09 05:41:47 | INFO    | train_session_alignment | [align] euclidean_alignment    eegnet      single_sub-021_ses02-to-ses01 seed=4 acc=0.7400 (ntr=160 nval=40 nte=200)
2026-06-09 05:41:55 | INFO    | train_session_alignment | [align] euclidean_alignment    eegnet      single_sub-021_ses02-to-ses03 seed=4 acc=0.7100 (ntr=160 nval=40 nte=200)
2026-06-09 05:42:07 | INFO    | train_session_alignment | [align] euclidean_alignment    eegnet      single_sub-021_ses03-to-ses01 seed=4 acc=0.6000 (ntr=160 nval=40 nte=200)
2026-06-09 05:42:20 | INFO    | train_session_alignment | [align] euclidean_alignment    eegnet      single_sub-021_ses03-to-ses02 seed=4 acc=0.5850 (ntr=160 nval=40 nte=200)
2026-06-09 05:42:30 | INFO    | train_session_alignment | [align] euclidean_alignment    eegnet      single_sub-022_ses01-to-ses02 seed=4 acc=0.6500 (ntr=160 nval=40 nte=200)
2026-06-09 05:42:40 | INFO    | train_session_alignment | [align] euclidean_alignment    eegnet      single_sub-022_ses01-to-ses03 seed=4 acc=0.5950 (ntr=160 nval=40 nte=200)
2026-06-09 05:42:45 | INFO    | train_session_alignment | [align] euclidean_alignment    eegnet      single_sub-022_ses02-to-ses01 seed=4 acc=0.5550 (ntr=160 nval=40 nte=200)
2026-06-09 05:42:50 | INFO    | train_session_alignment | [align] euclidean_alignment    eegnet      single_sub-022_ses02-to-ses03 seed=4 acc=0.5900 (ntr=160 nval=40 nte=200)
2026-06-09 05:42:56 | INFO    | train_session_alignment | [align] euclidean_alignment    eegnet      single_sub-022_ses03-to-ses01 seed=4 acc=0.5250 (ntr=160 nval=40 nte=200)
2026-06-09 05:43:02 | INFO    | train_session_alignment | [align] euclidean_alignment    eegnet      single_sub-022_ses03-to-ses02 seed=4 acc=0.6850 (ntr=160 nval=40 nte=200)
2026-06-09 05:43:13 | INFO    | train_session_alignment | [align] euclidean_alignment    eegnet      single_sub-023_ses02-to-ses03 seed=4 acc=0.8600 (ntr=160 nval=40 nte=200)
2026-06-09 05:43:18 | INFO    | train_session_alignment | [align] euclidean_alignment    eegnet      single_sub-023_ses03-to-ses02 seed=4 acc=0.6600 (ntr=160 nval=40 nte=200)
2026-06-09 05:43:24 | INFO    | train_session_alignment | [align] euclidean_alignment    eegnet      single_sub-025_ses01-to-ses02 seed=4 acc=0.8450 (ntr=160 nval=40 nte=200)
2026-06-09 05:43:30 | INFO    | train_session_alignment | [align] euclidean_alignment    eegnet      single_sub-025_ses01-to-ses03 seed=4 acc=0.7650 (ntr=160 nval=40 nte=200)
2026-06-09 05:43:39 | INFO    | train_session_alignment | [align] euclidean_alignment    eegnet      single_sub-025_ses02-to-ses01 seed=4 acc=0.8100 (ntr=160 nval=40 nte=200)
2026-06-09 05:43:49 | INFO    | train_session_alignment | [align] euclidean_alignment    eegnet      single_sub-025_ses02-to-ses03 seed=4 acc=0.8050 (ntr=160 nval=40 nte=200)
2026-06-09 05:43:56 | INFO    | train_session_alignment | [align] euclidean_alignment    eegnet      single_sub-025_ses03-to-ses01 seed=4 acc=0.7650 (ntr=160 nval=40 nte=200)
2026-06-09 05:44:04 | INFO    | train_session_alignment | [align] euclidean_alignment    eegnet      single_sub-025_ses03-to-ses02 seed=4 acc=0.8750 (ntr=160 nval=40 nte=200)
2026-06-09 05:44:10 | INFO    | train_session_alignment | [align] euclidean_alignment    eegnet      single_sub-026_ses02-to-ses03 seed=4 acc=0.9000 (ntr=160 nval=40 nte=200)
2026-06-09 05:44:25 | INFO    | train_session_alignment | [align] euclidean_alignment    eegnet      single_sub-026_ses03-to-ses02 seed=4 acc=0.8750 (ntr=160 nval=40 nte=200)
2026-06-09 05:44:32 | INFO    | train_session_alignment | [align] euclidean_alignment    eegnet      single_sub-027_ses01-to-ses02 seed=4 acc=0.5850 (ntr=160 nval=40 nte=200)
2026-06-09 05:44:39 | INFO    | train_session_alignment | [align] euclidean_alignment    eegnet      single_sub-027_ses01-to-ses03 seed=4 acc=0.8200 (ntr=160 nval=40 nte=200)
2026-06-09 05:44:44 | INFO    | train_session_alignment | [align] euclidean_alignment    eegnet      single_sub-027_ses02-to-ses01 seed=4 acc=0.7000 (ntr=160 nval=40 nte=200)
2026-06-09 05:44:49 | INFO    | train_session_alignment | [align] euclidean_alignment    eegnet      single_sub-027_ses02-to-ses03 seed=4 acc=0.6900 (ntr=160 nval=40 nte=200)
2026-06-09 05:44:57 | INFO    | train_session_alignment | [align] euclidean_alignment    eegnet      single_sub-027_ses03-to-ses01 seed=4 acc=0.7000 (ntr=160 nval=40 nte=200)
2026-06-09 05:45:05 | INFO    | train_session_alignment | [align] euclidean_alignment    eegnet      single_sub-027_ses03-to-ses02 seed=4 acc=0.5900 (ntr=160 nval=40 nte=200)
2026-06-09 05:45:12 | INFO    | train_session_alignment | [align] euclidean_alignment    eegnet      single_sub-028_ses01-to-ses02 seed=4 acc=0.7500 (ntr=160 nval=40 nte=200)
2026-06-09 05:45:19 | INFO    | train_session_alignment | [align] euclidean_alignment    eegnet      single_sub-028_ses01-to-ses03 seed=4 acc=0.5350 (ntr=160 nval=40 nte=200)
2026-06-09 05:45:26 | INFO    | train_session_alignment | [align] euclidean_alignment    eegnet      single_sub-028_ses02-to-ses01 seed=4 acc=0.8350 (ntr=160 nval=40 nte=200)
2026-06-09 05:45:32 | INFO    | train_session_alignment | [align] euclidean_alignment    eegnet      single_sub-028_ses02-to-ses03 seed=4 acc=0.6000 (ntr=160 nval=40 nte=200)
2026-06-09 05:45:40 | INFO    | train_session_alignment | [align] euclidean_alignment    eegnet      single_sub-028_ses03-to-ses01 seed=4 acc=0.5700 (ntr=160 nval=40 nte=200)
2026-06-09 05:45:47 | INFO    | train_session_alignment | [align] euclidean_alignment    eegnet      single_sub-028_ses03-to-ses02 seed=4 acc=0.5400 (ntr=160 nval=40 nte=200)
2026-06-09 05:45:56 | INFO    | train_session_alignment | [align] euclidean_alignment    eegnet      single_sub-029_ses01-to-ses02 seed=4 acc=0.3000 (ntr=160 nval=40 nte=200)
2026-06-09 05:46:05 | INFO    | train_session_alignment | [align] euclidean_alignment    eegnet      single_sub-029_ses01-to-ses03 seed=4 acc=0.3600 (ntr=160 nval=40 nte=200)
2026-06-09 05:46:10 | INFO    | train_session_alignment | [align] euclidean_alignment    eegnet      single_sub-029_ses02-to-ses01 seed=4 acc=0.4200 (ntr=160 nval=40 nte=200)
2026-06-09 05:46:16 | INFO    | train_session_alignment | [align] euclidean_alignment    eegnet      single_sub-029_ses02-to-ses03 seed=4 acc=0.9550 (ntr=160 nval=40 nte=200)
2026-06-09 05:46:25 | INFO    | train_session_alignment | [align] euclidean_alignment    eegnet      single_sub-029_ses03-to-ses01 seed=4 acc=0.4000 (ntr=160 nval=40 nte=200)
2026-06-09 05:46:35 | INFO    | train_session_alignment | [align] euclidean_alignment    eegnet      single_sub-029_ses03-to-ses02 seed=4 acc=0.9500 (ntr=160 nval=40 nte=200)
2026-06-09 05:46:42 | INFO    | train_session_alignment | [align] euclidean_alignment    eegnet      single_sub-030_ses01-to-ses02 seed=4 acc=0.7450 (ntr=160 nval=40 nte=200)
2026-06-09 05:46:49 | INFO    | train_session_alignment | [align] euclidean_alignment    eegnet      single_sub-030_ses01-to-ses03 seed=4 acc=0.8050 (ntr=160 nval=40 nte=200)
2026-06-09 05:46:57 | INFO    | train_session_alignment | [align] euclidean_alignment    eegnet      single_sub-030_ses02-to-ses01 seed=4 acc=0.9250 (ntr=160 nval=40 nte=200)
2026-06-09 05:47:06 | INFO    | train_session_alignment | [align] euclidean_alignment    eegnet      single_sub-030_ses02-to-ses03 seed=4 acc=0.8700 (ntr=160 nval=40 nte=200)
2026-06-09 05:47:19 | INFO    | train_session_alignment | [align] euclidean_alignment    eegnet      single_sub-030_ses03-to-ses01 seed=4 acc=0.5450 (ntr=160 nval=40 nte=200)
2026-06-09 05:47:32 | INFO    | train_session_alignment | [align] euclidean_alignment    eegnet      single_sub-030_ses03-to-ses02 seed=4 acc=0.7650 (ntr=160 nval=40 nte=200)
2026-06-09 05:47:37 | INFO    | train_session_alignment | [align] euclidean_alignment    eegnet      single_sub-031_ses01-to-ses02 seed=4 acc=0.6700 (ntr=160 nval=40 nte=200)
2026-06-09 05:47:43 | INFO    | train_session_alignment | [align] euclidean_alignment    eegnet      single_sub-031_ses01-to-ses03 seed=4 acc=0.7000 (ntr=160 nval=40 nte=200)
2026-06-09 05:47:49 | INFO    | train_session_alignment | [align] euclidean_alignment    eegnet      single_sub-031_ses02-to-ses01 seed=4 acc=0.7100 (ntr=160 nval=40 nte=200)
2026-06-09 05:47:54 | INFO    | train_session_alignment | [align] euclidean_alignment    eegnet      single_sub-031_ses02-to-ses03 seed=4 acc=0.7850 (ntr=160 nval=40 nte=200)
2026-06-09 05:48:02 | INFO    | train_session_alignment | [align] euclidean_alignment    eegnet      single_sub-031_ses03-to-ses01 seed=4 acc=0.6850 (ntr=160 nval=40 nte=200)
2026-06-09 05:48:10 | INFO    | train_session_alignment | [align] euclidean_alignment    eegnet      single_sub-031_ses03-to-ses02 seed=4 acc=0.8000 (ntr=160 nval=40 nte=200)
2026-06-09 05:48:17 | INFO    | train_session_alignment | [align] euclidean_alignment    eegnet      single_sub-032_ses01-to-ses03 seed=4 acc=0.5750 (ntr=160 nval=40 nte=200)
2026-06-09 05:48:22 | INFO    | train_session_alignment | [align] euclidean_alignment    eegnet      single_sub-032_ses03-to-ses01 seed=4 acc=0.4650 (ntr=160 nval=40 nte=200)
2026-06-09 05:48:36 | INFO    | train_session_alignment | [align] euclidean_alignment    eegnet      single_sub-033_ses01-to-ses02 seed=4 acc=0.8700 (ntr=160 nval=40 nte=200)
2026-06-09 05:48:50 | INFO    | train_session_alignment | [align] euclidean_alignment    eegnet      single_sub-033_ses01-to-ses03 seed=4 acc=0.8750 (ntr=160 nval=40 nte=200)
2026-06-09 05:49:05 | INFO    | train_session_alignment | [align] euclidean_alignment    eegnet      single_sub-033_ses02-to-ses01 seed=4 acc=0.8600 (ntr=160 nval=40 nte=200)
2026-06-09 05:49:20 | INFO    | train_session_alignment | [align] euclidean_alignment    eegnet      single_sub-033_ses02-to-ses03 seed=4 acc=0.8550 (ntr=160 nval=40 nte=200)
2026-06-09 05:49:28 | INFO    | train_session_alignment | [align] euclidean_alignment    eegnet      single_sub-033_ses03-to-ses01 seed=4 acc=0.8400 (ntr=160 nval=40 nte=200)
2026-06-09 05:49:35 | INFO    | train_session_alignment | [align] euclidean_alignment    eegnet      single_sub-033_ses03-to-ses02 seed=4 acc=0.9350 (ntr=160 nval=40 nte=200)
2026-06-09 05:49:42 | INFO    | train_session_alignment | [align] euclidean_alignment    eegnet      single_sub-034_ses01-to-ses02 seed=4 acc=0.7750 (ntr=160 nval=40 nte=200)
2026-06-09 05:49:48 | INFO    | train_session_alignment | [align] euclidean_alignment    eegnet      single_sub-034_ses01-to-ses03 seed=4 acc=0.6800 (ntr=160 nval=40 nte=200)
2026-06-09 05:49:55 | INFO    | train_session_alignment | [align] euclidean_alignment    eegnet      single_sub-034_ses02-to-ses01 seed=4 acc=0.6600 (ntr=160 nval=40 nte=200)
2026-06-09 05:50:02 | INFO    | train_session_alignment | [align] euclidean_alignment    eegnet      single_sub-034_ses02-to-ses03 seed=4 acc=0.8550 (ntr=160 nval=40 nte=200)
2026-06-09 05:50:08 | INFO    | train_session_alignment | [align] euclidean_alignment    eegnet      single_sub-034_ses03-to-ses01 seed=4 acc=0.6850 (ntr=160 nval=40 nte=200)
2026-06-09 05:50:14 | INFO    | train_session_alignment | [align] euclidean_alignment    eegnet      single_sub-034_ses03-to-ses02 seed=4 acc=0.8750 (ntr=160 nval=40 nte=200)
2026-06-09 05:50:31 | INFO    | train_session_alignment | [align] euclidean_alignment    eegnet      single_sub-035_ses01-to-ses02 seed=4 acc=0.9250 (ntr=160 nval=40 nte=200)
2026-06-09 05:50:48 | INFO    | train_session_alignment | [align] euclidean_alignment    eegnet      single_sub-035_ses01-to-ses03 seed=4 acc=0.8850 (ntr=160 nval=40 nte=200)
2026-06-09 05:50:56 | INFO    | train_session_alignment | [align] euclidean_alignment    eegnet      single_sub-035_ses02-to-ses01 seed=4 acc=0.9400 (ntr=160 nval=40 nte=200)
2026-06-09 05:51:03 | INFO    | train_session_alignment | [align] euclidean_alignment    eegnet      single_sub-035_ses02-to-ses03 seed=4 acc=0.9100 (ntr=160 nval=40 nte=200)
2026-06-09 05:51:08 | INFO    | train_session_alignment | [align] euclidean_alignment    eegnet      single_sub-035_ses03-to-ses01 seed=4 acc=0.7150 (ntr=160 nval=40 nte=200)
2026-06-09 05:51:13 | INFO    | train_session_alignment | [align] euclidean_alignment    eegnet      single_sub-035_ses03-to-ses02 seed=4 acc=0.6450 (ntr=160 nval=40 nte=200)
2026-06-09 05:51:20 | INFO    | train_session_alignment | [align] euclidean_alignment    eegnet      single_sub-036_ses01-to-ses02 seed=4 acc=0.8900 (ntr=160 nval=40 nte=200)
2026-06-09 05:51:26 | INFO    | train_session_alignment | [align] euclidean_alignment    eegnet      single_sub-036_ses01-to-ses03 seed=4 acc=0.9650 (ntr=160 nval=40 nte=200)
2026-06-09 05:51:34 | INFO    | train_session_alignment | [align] euclidean_alignment    eegnet      single_sub-036_ses02-to-ses01 seed=4 acc=0.8500 (ntr=160 nval=40 nte=200)
2026-06-09 05:51:43 | INFO    | train_session_alignment | [align] euclidean_alignment    eegnet      single_sub-036_ses02-to-ses03 seed=4 acc=0.9700 (ntr=160 nval=40 nte=200)
2026-06-09 05:51:56 | INFO    | train_session_alignment | [align] euclidean_alignment    eegnet      single_sub-036_ses03-to-ses01 seed=4 acc=0.8400 (ntr=160 nval=40 nte=200)
2026-06-09 05:52:09 | INFO    | train_session_alignment | [align] euclidean_alignment    eegnet      single_sub-036_ses03-to-ses02 seed=4 acc=0.8950 (ntr=160 nval=40 nte=200)
2026-06-09 05:52:26 | INFO    | train_session_alignment | [align] euclidean_alignment    eegnet      single_sub-037_ses01-to-ses02 seed=4 acc=0.7950 (ntr=160 nval=40 nte=200)
2026-06-09 05:52:43 | INFO    | train_session_alignment | [align] euclidean_alignment    eegnet      single_sub-037_ses01-to-ses03 seed=4 acc=0.8450 (ntr=160 nval=40 nte=200)
2026-06-09 05:52:52 | INFO    | train_session_alignment | [align] euclidean_alignment    eegnet      single_sub-037_ses02-to-ses01 seed=4 acc=0.8250 (ntr=160 nval=40 nte=200)
2026-06-09 05:53:01 | INFO    | train_session_alignment | [align] euclidean_alignment    eegnet      single_sub-037_ses02-to-ses03 seed=4 acc=0.9050 (ntr=160 nval=40 nte=200)
2026-06-09 05:53:07 | INFO    | train_session_alignment | [align] euclidean_alignment    eegnet      single_sub-037_ses03-to-ses01 seed=4 acc=0.8500 (ntr=160 nval=40 nte=200)
2026-06-09 05:53:13 | INFO    | train_session_alignment | [align] euclidean_alignment    eegnet      single_sub-037_ses03-to-ses02 seed=4 acc=0.8700 (ntr=160 nval=40 nte=200)
2026-06-09 05:53:18 | INFO    | train_session_alignment | [align] euclidean_alignment    eegnet      single_sub-038_ses01-to-ses02 seed=4 acc=0.5400 (ntr=160 nval=40 nte=200)
2026-06-09 05:53:23 | INFO    | train_session_alignment | [align] euclidean_alignment    eegnet      single_sub-038_ses01-to-ses03 seed=4 acc=0.4950 (ntr=160 nval=40 nte=200)
2026-06-09 05:53:35 | INFO    | train_session_alignment | [align] euclidean_alignment    eegnet      single_sub-038_ses02-to-ses01 seed=4 acc=0.5450 (ntr=160 nval=40 nte=200)
2026-06-09 05:53:47 | INFO    | train_session_alignment | [align] euclidean_alignment    eegnet      single_sub-038_ses02-to-ses03 seed=4 acc=0.4850 (ntr=160 nval=40 nte=200)
2026-06-09 05:54:04 | INFO    | train_session_alignment | [align] euclidean_alignment    eegnet      single_sub-038_ses03-to-ses01 seed=4 acc=0.5400 (ntr=160 nval=40 nte=200)
2026-06-09 05:54:21 | INFO    | train_session_alignment | [align] euclidean_alignment    eegnet      single_sub-038_ses03-to-ses02 seed=4 acc=0.4450 (ntr=160 nval=40 nte=200)
2026-06-09 05:54:27 | INFO    | train_session_alignment | [align] euclidean_alignment    eegnet      single_sub-039_ses01-to-ses02 seed=4 acc=0.4400 (ntr=160 nval=40 nte=200)
2026-06-09 05:54:33 | INFO    | train_session_alignment | [align] euclidean_alignment    eegnet      single_sub-039_ses01-to-ses03 seed=4 acc=0.3600 (ntr=160 nval=40 nte=200)
2026-06-09 05:54:39 | INFO    | train_session_alignment | [align] euclidean_alignment    eegnet      single_sub-039_ses02-to-ses01 seed=4 acc=0.4350 (ntr=160 nval=40 nte=200)
2026-06-09 05:54:45 | INFO    | train_session_alignment | [align] euclidean_alignment    eegnet      single_sub-039_ses02-to-ses03 seed=4 acc=0.5050 (ntr=160 nval=40 nte=200)
2026-06-09 05:54:50 | INFO    | train_session_alignment | [align] euclidean_alignment    eegnet      single_sub-039_ses03-to-ses01 seed=4 acc=0.4450 (ntr=160 nval=40 nte=200)
2026-06-09 05:54:55 | INFO    | train_session_alignment | [align] euclidean_alignment    eegnet      single_sub-039_ses03-to-ses02 seed=4 acc=0.5400 (ntr=160 nval=40 nte=200)
2026-06-09 05:55:01 | INFO    | train_session_alignment | [align] euclidean_alignment    eegnet      single_sub-040_ses01-to-ses02 seed=4 acc=0.6250 (ntr=160 nval=40 nte=200)
2026-06-09 05:55:07 | INFO    | train_session_alignment | [align] euclidean_alignment    eegnet      single_sub-040_ses01-to-ses03 seed=4 acc=0.7100 (ntr=160 nval=40 nte=200)
2026-06-09 05:55:13 | INFO    | train_session_alignment | [align] euclidean_alignment    eegnet      single_sub-040_ses02-to-ses01 seed=4 acc=0.5900 (ntr=160 nval=40 nte=200)
2026-06-09 05:55:17 | INFO    | train_session_alignment | [align] euclidean_alignment    eegnet      single_sub-040_ses02-to-ses03 seed=4 acc=0.5250 (ntr=160 nval=40 nte=200)
2026-06-09 05:55:24 | INFO    | train_session_alignment | [align] euclidean_alignment    eegnet      single_sub-040_ses03-to-ses01 seed=4 acc=0.6950 (ntr=160 nval=40 nte=200)
2026-06-09 05:55:32 | INFO    | train_session_alignment | [align] euclidean_alignment    eegnet      single_sub-040_ses03-to-ses02 seed=4 acc=0.6400 (ntr=160 nval=40 nte=200)
2026-06-09 05:55:38 | INFO    | train_session_alignment | [align] euclidean_alignment    eegnet      single_sub-041_ses01-to-ses02 seed=4 acc=0.8050 (ntr=160 nval=40 nte=200)
2026-06-09 05:55:44 | INFO    | train_session_alignment | [align] euclidean_alignment    eegnet      single_sub-041_ses01-to-ses03 seed=4 acc=0.8450 (ntr=160 nval=40 nte=200)
2026-06-09 05:55:52 | INFO    | train_session_alignment | [align] euclidean_alignment    eegnet      single_sub-041_ses02-to-ses01 seed=4 acc=0.8250 (ntr=160 nval=40 nte=200)
2026-06-09 05:55:59 | INFO    | train_session_alignment | [align] euclidean_alignment    eegnet      single_sub-041_ses02-to-ses03 seed=4 acc=0.8800 (ntr=160 nval=40 nte=200)
2026-06-09 05:56:05 | INFO    | train_session_alignment | [align] euclidean_alignment    eegnet      single_sub-041_ses03-to-ses01 seed=4 acc=0.8000 (ntr=160 nval=40 nte=200)
2026-06-09 05:56:11 | INFO    | train_session_alignment | [align] euclidean_alignment    eegnet      single_sub-041_ses03-to-ses02 seed=4 acc=0.7950 (ntr=160 nval=40 nte=200)
2026-06-09 05:56:17 | INFO    | train_session_alignment | [align] euclidean_alignment    eegnet      single_sub-042_ses01-to-ses02 seed=4 acc=0.6000 (ntr=160 nval=40 nte=200)
2026-06-09 05:56:23 | INFO    | train_session_alignment | [align] euclidean_alignment    eegnet      single_sub-042_ses01-to-ses03 seed=4 acc=0.6500 (ntr=160 nval=40 nte=200)
2026-06-09 05:56:29 | INFO    | train_session_alignment | [align] euclidean_alignment    eegnet      single_sub-042_ses02-to-ses01 seed=4 acc=0.6900 (ntr=160 nval=40 nte=200)
2026-06-09 05:56:35 | INFO    | train_session_alignment | [align] euclidean_alignment    eegnet      single_sub-042_ses02-to-ses03 seed=4 acc=0.6550 (ntr=160 nval=40 nte=200)
2026-06-09 05:56:40 | INFO    | train_session_alignment | [align] euclidean_alignment    eegnet      single_sub-042_ses03-to-ses01 seed=4 acc=0.7150 (ntr=160 nval=40 nte=200)
2026-06-09 05:56:46 | INFO    | train_session_alignment | [align] euclidean_alignment    eegnet      single_sub-042_ses03-to-ses02 seed=4 acc=0.5600 (ntr=160 nval=40 nte=200)
2026-06-09 05:57:03 | INFO    | train_session_alignment | [align] euclidean_alignment    eegnet      single_sub-043_ses01-to-ses02 seed=4 acc=0.9300 (ntr=160 nval=40 nte=200)
2026-06-09 05:57:19 | INFO    | train_session_alignment | [align] euclidean_alignment    eegnet      single_sub-043_ses01-to-ses03 seed=4 acc=0.9100 (ntr=160 nval=40 nte=200)
2026-06-09 05:57:36 | INFO    | train_session_alignment | [align] euclidean_alignment    eegnet      single_sub-043_ses02-to-ses01 seed=4 acc=0.9650 (ntr=160 nval=40 nte=200)
2026-06-09 05:57:53 | INFO    | train_session_alignment | [align] euclidean_alignment    eegnet      single_sub-043_ses02-to-ses03 seed=4 acc=0.9050 (ntr=160 nval=40 nte=200)
2026-06-09 05:58:03 | INFO    | train_session_alignment | [align] euclidean_alignment    eegnet      single_sub-043_ses03-to-ses01 seed=4 acc=0.9850 (ntr=160 nval=40 nte=200)
2026-06-09 05:58:12 | INFO    | train_session_alignment | [align] euclidean_alignment    eegnet      single_sub-043_ses03-to-ses02 seed=4 acc=0.9650 (ntr=160 nval=40 nte=200)
2026-06-09 05:58:17 | INFO    | train_session_alignment | [align] euclidean_alignment    eegnet      single_sub-044_ses01-to-ses02 seed=4 acc=0.4950 (ntr=160 nval=40 nte=200)
2026-06-09 05:58:22 | INFO    | train_session_alignment | [align] euclidean_alignment    eegnet      single_sub-044_ses01-to-ses03 seed=4 acc=0.4850 (ntr=160 nval=40 nte=200)
2026-06-09 05:58:29 | INFO    | train_session_alignment | [align] euclidean_alignment    eegnet      single_sub-044_ses02-to-ses01 seed=4 acc=0.5950 (ntr=160 nval=40 nte=200)
2026-06-09 05:58:36 | INFO    | train_session_alignment | [align] euclidean_alignment    eegnet      single_sub-044_ses02-to-ses03 seed=4 acc=0.6450 (ntr=160 nval=40 nte=200)
2026-06-09 05:58:43 | INFO    | train_session_alignment | [align] euclidean_alignment    eegnet      single_sub-044_ses03-to-ses01 seed=4 acc=0.5750 (ntr=160 nval=40 nte=200)
2026-06-09 05:58:49 | INFO    | train_session_alignment | [align] euclidean_alignment    eegnet      single_sub-044_ses03-to-ses02 seed=4 acc=0.6700 (ntr=160 nval=40 nte=200)
2026-06-09 05:58:55 | INFO    | train_session_alignment | [align] euclidean_alignment    eegnet      single_sub-045_ses01-to-ses02 seed=4 acc=0.7000 (ntr=160 nval=40 nte=200)
2026-06-09 05:59:01 | INFO    | train_session_alignment | [align] euclidean_alignment    eegnet      single_sub-045_ses01-to-ses03 seed=4 acc=0.7350 (ntr=160 nval=40 nte=200)
2026-06-09 05:59:07 | INFO    | train_session_alignment | [align] euclidean_alignment    eegnet      single_sub-045_ses02-to-ses01 seed=4 acc=0.7550 (ntr=160 nval=40 nte=200)
2026-06-09 05:59:12 | INFO    | train_session_alignment | [align] euclidean_alignment    eegnet      single_sub-045_ses02-to-ses03 seed=4 acc=0.7850 (ntr=160 nval=40 nte=200)
2026-06-09 05:59:18 | INFO    | train_session_alignment | [align] euclidean_alignment    eegnet      single_sub-045_ses03-to-ses01 seed=4 acc=0.6250 (ntr=160 nval=40 nte=200)
2026-06-09 05:59:23 | INFO    | train_session_alignment | [align] euclidean_alignment    eegnet      single_sub-045_ses03-to-ses02 seed=4 acc=0.6550 (ntr=160 nval=40 nte=200)
2026-06-09 05:59:39 | INFO    | train_session_alignment | [align] euclidean_alignment    eegnet      single_sub-046_ses01-to-ses02 seed=4 acc=0.9950 (ntr=160 nval=40 nte=200)
2026-06-09 05:59:57 | INFO    | train_session_alignment | [align] euclidean_alignment    eegnet      single_sub-046_ses01-to-ses03 seed=4 acc=0.9500 (ntr=160 nval=40 nte=200)
2026-06-09 06:00:08 | INFO    | train_session_alignment | [align] euclidean_alignment    eegnet      single_sub-046_ses02-to-ses01 seed=4 acc=0.9700 (ntr=160 nval=40 nte=200)
2026-06-09 06:00:19 | INFO    | train_session_alignment | [align] euclidean_alignment    eegnet      single_sub-046_ses02-to-ses03 seed=4 acc=0.9150 (ntr=160 nval=40 nte=200)
2026-06-09 06:00:35 | INFO    | train_session_alignment | [align] euclidean_alignment    eegnet      single_sub-046_ses03-to-ses01 seed=4 acc=0.9850 (ntr=160 nval=40 nte=200)
2026-06-09 06:00:52 | INFO    | train_session_alignment | [align] euclidean_alignment    eegnet      single_sub-046_ses03-to-ses02 seed=4 acc=0.9850 (ntr=160 nval=40 nte=200)
2026-06-09 06:01:00 | INFO    | train_session_alignment | [align] euclidean_alignment    eegnet      single_sub-047_ses01-to-ses02 seed=4 acc=0.8450 (ntr=160 nval=40 nte=200)
2026-06-09 06:01:07 | INFO    | train_session_alignment | [align] euclidean_alignment    eegnet      single_sub-047_ses01-to-ses03 seed=4 acc=0.7800 (ntr=160 nval=40 nte=200)
2026-06-09 06:01:14 | INFO    | train_session_alignment | [align] euclidean_alignment    eegnet      single_sub-047_ses02-to-ses01 seed=4 acc=0.8350 (ntr=160 nval=40 nte=200)
2026-06-09 06:01:21 | INFO    | train_session_alignment | [align] euclidean_alignment    eegnet      single_sub-047_ses02-to-ses03 seed=4 acc=0.7600 (ntr=160 nval=40 nte=200)
2026-06-09 06:01:34 | INFO    | train_session_alignment | [align] euclidean_alignment    eegnet      single_sub-047_ses03-to-ses01 seed=4 acc=0.8900 (ntr=160 nval=40 nte=200)
2026-06-09 06:01:46 | INFO    | train_session_alignment | [align] euclidean_alignment    eegnet      single_sub-047_ses03-to-ses02 seed=4 acc=0.8500 (ntr=160 nval=40 nte=200)
2026-06-09 06:01:56 | INFO    | train_session_alignment | [align] euclidean_alignment    eegnet      single_sub-048_ses01-to-ses02 seed=4 acc=0.8300 (ntr=160 nval=40 nte=200)
2026-06-09 06:02:05 | INFO    | train_session_alignment | [align] euclidean_alignment    eegnet      single_sub-048_ses01-to-ses03 seed=4 acc=0.7950 (ntr=160 nval=40 nte=200)
2026-06-09 06:02:10 | INFO    | train_session_alignment | [align] euclidean_alignment    eegnet      single_sub-048_ses02-to-ses01 seed=4 acc=0.7100 (ntr=160 nval=40 nte=200)
2026-06-09 06:02:15 | INFO    | train_session_alignment | [align] euclidean_alignment    eegnet      single_sub-048_ses02-to-ses03 seed=4 acc=0.7050 (ntr=160 nval=40 nte=200)
2026-06-09 06:02:24 | INFO    | train_session_alignment | [align] euclidean_alignment    eegnet      single_sub-048_ses03-to-ses01 seed=4 acc=0.7450 (ntr=160 nval=40 nte=200)
2026-06-09 06:02:33 | INFO    | train_session_alignment | [align] euclidean_alignment    eegnet      single_sub-048_ses03-to-ses02 seed=4 acc=0.7400 (ntr=160 nval=40 nte=200)
2026-06-09 06:02:44 | INFO    | train_session_alignment | [align] euclidean_alignment    eegnet      single_sub-049_ses01-to-ses02 seed=4 acc=0.6050 (ntr=160 nval=40 nte=200)
2026-06-09 06:02:55 | INFO    | train_session_alignment | [align] euclidean_alignment    eegnet      single_sub-049_ses01-to-ses03 seed=4 acc=0.6800 (ntr=160 nval=40 nte=200)
2026-06-09 06:03:06 | INFO    | train_session_alignment | [align] euclidean_alignment    eegnet      single_sub-049_ses02-to-ses01 seed=4 acc=0.8600 (ntr=160 nval=40 nte=200)
2026-06-09 06:03:17 | INFO    | train_session_alignment | [align] euclidean_alignment    eegnet      single_sub-049_ses02-to-ses03 seed=4 acc=0.8050 (ntr=160 nval=40 nte=200)
2026-06-09 06:03:23 | INFO    | train_session_alignment | [align] euclidean_alignment    eegnet      single_sub-049_ses03-to-ses01 seed=4 acc=0.7200 (ntr=160 nval=40 nte=200)
2026-06-09 06:03:30 | INFO    | train_session_alignment | [align] euclidean_alignment    eegnet      single_sub-049_ses03-to-ses02 seed=4 acc=0.6500 (ntr=160 nval=40 nte=200)
2026-06-09 06:03:37 | INFO    | train_session_alignment | [align] euclidean_alignment    eegnet      single_sub-050_ses01-to-ses02 seed=4 acc=0.8450 (ntr=160 nval=40 nte=200)
2026-06-09 06:03:44 | INFO    | train_session_alignment | [align] euclidean_alignment    eegnet      single_sub-050_ses01-to-ses03 seed=4 acc=0.8650 (ntr=160 nval=40 nte=200)
2026-06-09 06:03:52 | INFO    | train_session_alignment | [align] euclidean_alignment    eegnet      single_sub-050_ses02-to-ses01 seed=4 acc=0.8200 (ntr=160 nval=40 nte=200)
2026-06-09 06:04:00 | INFO    | train_session_alignment | [align] euclidean_alignment    eegnet      single_sub-050_ses02-to-ses03 seed=4 acc=0.9100 (ntr=160 nval=40 nte=200)
2026-06-09 06:04:09 | INFO    | train_session_alignment | [align] euclidean_alignment    eegnet      single_sub-050_ses03-to-ses01 seed=4 acc=0.8350 (ntr=160 nval=40 nte=200)
2026-06-09 06:04:19 | INFO    | train_session_alignment | [align] euclidean_alignment    eegnet      single_sub-050_ses03-to-ses02 seed=4 acc=0.8950 (ntr=160 nval=40 nte=200)
2026-06-09 06:04:27 | INFO    | train_session_alignment | [align] euclidean_alignment    eegnet      single_sub-051_ses01-to-ses02 seed=4 acc=0.5950 (ntr=160 nval=40 nte=200)
2026-06-09 06:04:35 | INFO    | train_session_alignment | [align] euclidean_alignment    eegnet      single_sub-051_ses01-to-ses03 seed=4 acc=0.7750 (ntr=160 nval=40 nte=200)
2026-06-09 06:04:40 | INFO    | train_session_alignment | [align] euclidean_alignment    eegnet      single_sub-051_ses02-to-ses01 seed=4 acc=0.5250 (ntr=160 nval=40 nte=200)
2026-06-09 06:04:45 | INFO    | train_session_alignment | [align] euclidean_alignment    eegnet      single_sub-051_ses02-to-ses03 seed=4 acc=0.4750 (ntr=160 nval=40 nte=200)
2026-06-09 06:04:51 | INFO    | train_session_alignment | [align] euclidean_alignment    eegnet      single_sub-051_ses03-to-ses01 seed=4 acc=0.7700 (ntr=160 nval=40 nte=200)
2026-06-09 06:04:56 | INFO    | train_session_alignment | [align] euclidean_alignment    eegnet      single_sub-051_ses03-to-ses02 seed=4 acc=0.6950 (ntr=160 nval=40 nte=200)
2026-06-09 06:05:06 | INFO    | train_session_alignment | [align] euclidean_alignment    eegnet      multi_sub-001_ses01ses02-to-ses03 seed=4 acc=0.9900 (ntr=320 nval=80 nte=200)
2026-06-09 06:05:12 | INFO    | train_session_alignment | [align] euclidean_alignment    eegnet      multi_sub-002_ses01ses02-to-ses03 seed=4 acc=0.6450 (ntr=320 nval=80 nte=200)
2026-06-09 06:05:31 | INFO    | train_session_alignment | [align] euclidean_alignment    eegnet      multi_sub-003_ses01ses02-to-ses03 seed=4 acc=0.7700 (ntr=320 nval=80 nte=200)
2026-06-09 06:05:37 | INFO    | train_session_alignment | [align] euclidean_alignment    eegnet      multi_sub-004_ses01ses02-to-ses03 seed=4 acc=0.4950 (ntr=320 nval=80 nte=200)
2026-06-09 06:05:50 | INFO    | train_session_alignment | [align] euclidean_alignment    eegnet      multi_sub-005_ses01ses02-to-ses03 seed=4 acc=0.7900 (ntr=320 nval=80 nte=200)
2026-06-09 06:06:06 | INFO    | train_session_alignment | [align] euclidean_alignment    eegnet      multi_sub-006_ses01ses02-to-ses03 seed=4 acc=0.9500 (ntr=320 nval=80 nte=200)
2026-06-09 06:06:13 | INFO    | train_session_alignment | [align] euclidean_alignment    eegnet      multi_sub-007_ses01ses02-to-ses03 seed=4 acc=0.8100 (ntr=320 nval=80 nte=200)
2026-06-09 06:06:22 | INFO    | train_session_alignment | [align] euclidean_alignment    eegnet      multi_sub-008_ses01ses02-to-ses03 seed=4 acc=0.8900 (ntr=320 nval=80 nte=200)
2026-06-09 06:06:29 | INFO    | train_session_alignment | [align] euclidean_alignment    eegnet      multi_sub-009_ses01ses02-to-ses03 seed=4 acc=0.6250 (ntr=320 nval=80 nte=200)
2026-06-09 06:06:36 | INFO    | train_session_alignment | [align] euclidean_alignment    eegnet      multi_sub-010_ses01ses02-to-ses03 seed=4 acc=0.5900 (ntr=320 nval=80 nte=200)
2026-06-09 06:06:45 | INFO    | train_session_alignment | [align] euclidean_alignment    eegnet      multi_sub-011_ses01ses02-to-ses03 seed=4 acc=0.9550 (ntr=320 nval=80 nte=200)
2026-06-09 06:06:51 | INFO    | train_session_alignment | [align] euclidean_alignment    eegnet      multi_sub-012_ses01ses02-to-ses03 seed=4 acc=0.5550 (ntr=320 nval=80 nte=200)
2026-06-09 06:07:01 | INFO    | train_session_alignment | [align] euclidean_alignment    eegnet      multi_sub-013_ses01ses02-to-ses03 seed=4 acc=0.7200 (ntr=320 nval=80 nte=200)
2026-06-09 06:07:08 | INFO    | train_session_alignment | [align] euclidean_alignment    eegnet      multi_sub-014_ses01ses02-to-ses03 seed=4 acc=0.4950 (ntr=320 nval=80 nte=200)
2026-06-09 06:07:16 | INFO    | train_session_alignment | [align] euclidean_alignment    eegnet      multi_sub-015_ses01ses02-to-ses03 seed=4 acc=0.6800 (ntr=320 nval=80 nte=200)
2026-06-09 06:07:22 | INFO    | train_session_alignment | [align] euclidean_alignment    eegnet      multi_sub-016_ses01ses02-to-ses03 seed=4 acc=0.4950 (ntr=320 nval=80 nte=200)
2026-06-09 06:07:29 | INFO    | train_session_alignment | [align] euclidean_alignment    eegnet      multi_sub-017_ses01ses02-to-ses03 seed=4 acc=0.7700 (ntr=320 nval=80 nte=200)
2026-06-09 06:07:38 | INFO    | train_session_alignment | [align] euclidean_alignment    eegnet      multi_sub-018_ses01ses02-to-ses03 seed=4 acc=0.6500 (ntr=320 nval=80 nte=200)
2026-06-09 06:07:49 | INFO    | train_session_alignment | [align] euclidean_alignment    eegnet      multi_sub-019_ses01ses02-to-ses03 seed=4 acc=0.8350 (ntr=320 nval=80 nte=200)
2026-06-09 06:08:10 | INFO    | train_session_alignment | [align] euclidean_alignment    eegnet      multi_sub-020_ses01ses02-to-ses03 seed=4 acc=0.4950 (ntr=320 nval=80 nte=200)
2026-06-09 06:08:18 | INFO    | train_session_alignment | [align] euclidean_alignment    eegnet      multi_sub-021_ses01ses02-to-ses03 seed=4 acc=0.7900 (ntr=320 nval=80 nte=200)
2026-06-09 06:08:36 | INFO    | train_session_alignment | [align] euclidean_alignment    eegnet      multi_sub-022_ses01ses02-to-ses03 seed=4 acc=0.7000 (ntr=320 nval=80 nte=200)
2026-06-09 06:08:43 | INFO    | train_session_alignment | [align] euclidean_alignment    eegnet      multi_sub-025_ses01ses02-to-ses03 seed=4 acc=0.8150 (ntr=320 nval=80 nte=200)
2026-06-09 06:08:51 | INFO    | train_session_alignment | [align] euclidean_alignment    eegnet      multi_sub-027_ses01ses02-to-ses03 seed=4 acc=0.8350 (ntr=320 nval=80 nte=200)
2026-06-09 06:08:59 | INFO    | train_session_alignment | [align] euclidean_alignment    eegnet      multi_sub-028_ses01ses02-to-ses03 seed=4 acc=0.5850 (ntr=320 nval=80 nte=200)
2026-06-09 06:09:21 | INFO    | train_session_alignment | [align] euclidean_alignment    eegnet      multi_sub-029_ses01ses02-to-ses03 seed=4 acc=0.7750 (ntr=320 nval=80 nte=200)
2026-06-09 06:09:42 | INFO    | train_session_alignment | [align] euclidean_alignment    eegnet      multi_sub-030_ses01ses02-to-ses03 seed=4 acc=0.7450 (ntr=320 nval=80 nte=200)
2026-06-09 06:09:49 | INFO    | train_session_alignment | [align] euclidean_alignment    eegnet      multi_sub-031_ses01ses02-to-ses03 seed=4 acc=0.7650 (ntr=320 nval=80 nte=200)
2026-06-09 06:10:10 | INFO    | train_session_alignment | [align] euclidean_alignment    eegnet      multi_sub-033_ses01ses02-to-ses03 seed=4 acc=0.9650 (ntr=320 nval=80 nte=200)
2026-06-09 06:10:18 | INFO    | train_session_alignment | [align] euclidean_alignment    eegnet      multi_sub-034_ses01ses02-to-ses03 seed=4 acc=0.8400 (ntr=320 nval=80 nte=200)
2026-06-09 06:10:38 | INFO    | train_session_alignment | [align] euclidean_alignment    eegnet      multi_sub-035_ses01ses02-to-ses03 seed=4 acc=0.9300 (ntr=320 nval=80 nte=200)
2026-06-09 06:10:46 | INFO    | train_session_alignment | [align] euclidean_alignment    eegnet      multi_sub-036_ses01ses02-to-ses03 seed=4 acc=0.9800 (ntr=320 nval=80 nte=200)
2026-06-09 06:10:52 | INFO    | train_session_alignment | [align] euclidean_alignment    eegnet      multi_sub-037_ses01ses02-to-ses03 seed=4 acc=0.7050 (ntr=320 nval=80 nte=200)
2026-06-09 06:10:59 | INFO    | train_session_alignment | [align] euclidean_alignment    eegnet      multi_sub-038_ses01ses02-to-ses03 seed=4 acc=0.5550 (ntr=320 nval=80 nte=200)
2026-06-09 06:11:07 | INFO    | train_session_alignment | [align] euclidean_alignment    eegnet      multi_sub-039_ses01ses02-to-ses03 seed=4 acc=0.4100 (ntr=320 nval=80 nte=200)
2026-06-09 06:11:14 | INFO    | train_session_alignment | [align] euclidean_alignment    eegnet      multi_sub-040_ses01ses02-to-ses03 seed=4 acc=0.6750 (ntr=320 nval=80 nte=200)
2026-06-09 06:11:22 | INFO    | train_session_alignment | [align] euclidean_alignment    eegnet      multi_sub-041_ses01ses02-to-ses03 seed=4 acc=0.8650 (ntr=320 nval=80 nte=200)
2026-06-09 06:11:30 | INFO    | train_session_alignment | [align] euclidean_alignment    eegnet      multi_sub-042_ses01ses02-to-ses03 seed=4 acc=0.6650 (ntr=320 nval=80 nte=200)
2026-06-09 06:11:51 | INFO    | train_session_alignment | [align] euclidean_alignment    eegnet      multi_sub-043_ses01ses02-to-ses03 seed=4 acc=0.9900 (ntr=320 nval=80 nte=200)
2026-06-09 06:11:58 | INFO    | train_session_alignment | [align] euclidean_alignment    eegnet      multi_sub-044_ses01ses02-to-ses03 seed=4 acc=0.6200 (ntr=320 nval=80 nte=200)
2026-06-09 06:12:06 | INFO    | train_session_alignment | [align] euclidean_alignment    eegnet      multi_sub-045_ses01ses02-to-ses03 seed=4 acc=0.8600 (ntr=320 nval=80 nte=200)
2026-06-09 06:12:25 | INFO    | train_session_alignment | [align] euclidean_alignment    eegnet      multi_sub-046_ses01ses02-to-ses03 seed=4 acc=0.9500 (ntr=320 nval=80 nte=200)
2026-06-09 06:12:43 | INFO    | train_session_alignment | [align] euclidean_alignment    eegnet      multi_sub-047_ses01ses02-to-ses03 seed=4 acc=0.9100 (ntr=320 nval=80 nte=200)
2026-06-09 06:12:50 | INFO    | train_session_alignment | [align] euclidean_alignment    eegnet      multi_sub-048_ses01ses02-to-ses03 seed=4 acc=0.8500 (ntr=320 nval=80 nte=200)
2026-06-09 06:13:00 | INFO    | train_session_alignment | [align] euclidean_alignment    eegnet      multi_sub-049_ses01ses02-to-ses03 seed=4 acc=0.8550 (ntr=320 nval=80 nte=200)
2026-06-09 06:13:09 | INFO    | train_session_alignment | [align] euclidean_alignment    eegnet      multi_sub-050_ses01ses02-to-ses03 seed=4 acc=0.8900 (ntr=320 nval=80 nte=200)
2026-06-09 06:13:17 | INFO    | train_session_alignment | [align] euclidean_alignment    eegnet      multi_sub-051_ses01ses02-to-ses03 seed=4 acc=0.8650 (ntr=320 nval=80 nte=200)
2026-06-09 06:13:18 | INFO    | train_session_alignment | ALL DONE in 2899.2s | rows=335 ok=335 failed=0 | out=/share/home/yuan/SYX/eeg-mi-online/outputs/experiments/alignment_baseline_v1
Done: Tue Jun  9 06:13:18 CST 2026
