Project: /share/home/yuan/SYX/eeg-mi-online
Env    : mi_torch_cu118
Args   : --methods riemannian_alignment --models eegnet --seeds 2 --protocols single,multi --tag-suffix riemannian_alignment_eegnet_s2
Node   : gpu01 | Start: Tue Jun  9 08:29:55 CST 2026
Tue Jun  9 08:29:56 2026       
+-----------------------------------------------------------------------------------------+
| NVIDIA-SMI 570.153.02             Driver Version: 570.153.02     CUDA Version: 12.8     |
|-----------------------------------------+------------------------+----------------------+
| GPU  Name                 Persistence-M | Bus-Id          Disp.A | Volatile Uncorr. ECC |
| Fan  Temp   Perf          Pwr:Usage/Cap |           Memory-Usage | GPU-Util  Compute M. |
|                                         |                        |               MIG M. |
|=========================================+========================+======================|
|   0  NVIDIA GeForce RTX 4090 D      On  |   00000000:41:00.0 Off |                  Off |
| 38%   44C    P0             58W /  425W |       1MiB /  24564MiB |     11%      Default |
|                                         |                        |                  N/A |
+-----------------------------------------+------------------------+----------------------+
                                                                                         
+-----------------------------------------------------------------------------------------+
| Processes:                                                                              |
|  GPU   GI   CI              PID   Type   Process name                        GPU Memory |
|        ID   ID                                                               Usage      |
|=========================================================================================|
|  No running processes found                                                             |
+-----------------------------------------------------------------------------------------+
[cuda-check] torch=2.7.1+cu118 cuda_build=11.8 cuda_avail=True
2026-06-09 08:29:59 | INFO    | train_session_alignment | device=cuda | cuda={'torch': '2.7.1+cu118', 'cuda_build': '11.8', 'cuda_available': True, 'device': 'cuda', 'device_name': 'NVIDIA GeForce RTX 4090 D'}
2026-06-09 08:29:59 | INFO    | train_session_alignment | loaded 148 ok sessions | methods=['riemannian_alignment'] | models=['eegnet'] | seeds=[2] | groups=['single', 'multi'] | tasks=335
2026-06-09 08:30:08 | INFO    | train_session_alignment | [align] riemannian_alignment   eegnet      single_sub-001_ses01-to-ses02 seed=2 acc=0.6600 (ntr=160 nval=40 nte=200)
2026-06-09 08:30:15 | INFO    | train_session_alignment | [align] riemannian_alignment   eegnet      single_sub-001_ses01-to-ses03 seed=2 acc=0.7150 (ntr=160 nval=40 nte=200)
2026-06-09 08:30:33 | INFO    | train_session_alignment | [align] riemannian_alignment   eegnet      single_sub-001_ses02-to-ses01 seed=2 acc=0.7250 (ntr=160 nval=40 nte=200)
2026-06-09 08:30:51 | INFO    | train_session_alignment | [align] riemannian_alignment   eegnet      single_sub-001_ses02-to-ses03 seed=2 acc=0.9650 (ntr=160 nval=40 nte=200)
2026-06-09 08:31:04 | INFO    | train_session_alignment | [align] riemannian_alignment   eegnet      single_sub-001_ses03-to-ses01 seed=2 acc=0.7200 (ntr=160 nval=40 nte=200)
2026-06-09 08:31:16 | INFO    | train_session_alignment | [align] riemannian_alignment   eegnet      single_sub-001_ses03-to-ses02 seed=2 acc=0.7650 (ntr=160 nval=40 nte=200)
2026-06-09 08:31:22 | INFO    | train_session_alignment | [align] riemannian_alignment   eegnet      single_sub-002_ses01-to-ses02 seed=2 acc=0.5850 (ntr=160 nval=40 nte=200)
2026-06-09 08:31:29 | INFO    | train_session_alignment | [align] riemannian_alignment   eegnet      single_sub-002_ses01-to-ses03 seed=2 acc=0.6100 (ntr=160 nval=40 nte=200)
2026-06-09 08:31:34 | INFO    | train_session_alignment | [align] riemannian_alignment   eegnet      single_sub-002_ses02-to-ses01 seed=2 acc=0.5400 (ntr=160 nval=40 nte=200)
2026-06-09 08:31:40 | INFO    | train_session_alignment | [align] riemannian_alignment   eegnet      single_sub-002_ses02-to-ses03 seed=2 acc=0.5700 (ntr=160 nval=40 nte=200)
2026-06-09 08:31:46 | INFO    | train_session_alignment | [align] riemannian_alignment   eegnet      single_sub-002_ses03-to-ses01 seed=2 acc=0.6200 (ntr=160 nval=40 nte=200)
2026-06-09 08:31:52 | INFO    | train_session_alignment | [align] riemannian_alignment   eegnet      single_sub-002_ses03-to-ses02 seed=2 acc=0.6050 (ntr=160 nval=40 nte=200)
2026-06-09 08:32:00 | INFO    | train_session_alignment | [align] riemannian_alignment   eegnet      single_sub-003_ses01-to-ses02 seed=2 acc=0.7350 (ntr=160 nval=40 nte=200)
2026-06-09 08:32:08 | INFO    | train_session_alignment | [align] riemannian_alignment   eegnet      single_sub-003_ses01-to-ses03 seed=2 acc=0.7550 (ntr=160 nval=40 nte=200)
2026-06-09 08:32:14 | INFO    | train_session_alignment | [align] riemannian_alignment   eegnet      single_sub-003_ses02-to-ses01 seed=2 acc=0.5050 (ntr=160 nval=40 nte=200)
2026-06-09 08:32:19 | INFO    | train_session_alignment | [align] riemannian_alignment   eegnet      single_sub-003_ses02-to-ses03 seed=2 acc=0.6050 (ntr=160 nval=40 nte=200)
2026-06-09 08:32:37 | INFO    | train_session_alignment | [align] riemannian_alignment   eegnet      single_sub-003_ses03-to-ses01 seed=2 acc=0.5000 (ntr=160 nval=40 nte=200)
2026-06-09 08:32:55 | INFO    | train_session_alignment | [align] riemannian_alignment   eegnet      single_sub-003_ses03-to-ses02 seed=2 acc=0.5300 (ntr=160 nval=40 nte=200)
2026-06-09 08:33:01 | INFO    | train_session_alignment | [align] riemannian_alignment   eegnet      single_sub-004_ses01-to-ses02 seed=2 acc=0.4900 (ntr=160 nval=40 nte=200)
2026-06-09 08:33:06 | INFO    | train_session_alignment | [align] riemannian_alignment   eegnet      single_sub-004_ses01-to-ses03 seed=2 acc=0.5400 (ntr=160 nval=40 nte=200)
2026-06-09 08:33:11 | INFO    | train_session_alignment | [align] riemannian_alignment   eegnet      single_sub-004_ses02-to-ses01 seed=2 acc=0.4900 (ntr=160 nval=40 nte=200)
2026-06-09 08:33:17 | INFO    | train_session_alignment | [align] riemannian_alignment   eegnet      single_sub-004_ses02-to-ses03 seed=2 acc=0.4900 (ntr=160 nval=40 nte=200)
2026-06-09 08:33:22 | INFO    | train_session_alignment | [align] riemannian_alignment   eegnet      single_sub-004_ses03-to-ses01 seed=2 acc=0.5500 (ntr=160 nval=40 nte=200)
2026-06-09 08:33:28 | INFO    | train_session_alignment | [align] riemannian_alignment   eegnet      single_sub-004_ses03-to-ses02 seed=2 acc=0.4900 (ntr=160 nval=40 nte=200)
2026-06-09 08:33:46 | INFO    | train_session_alignment | [align] riemannian_alignment   eegnet      single_sub-005_ses01-to-ses02 seed=2 acc=0.8650 (ntr=160 nval=40 nte=200)
2026-06-09 08:34:05 | INFO    | train_session_alignment | [align] riemannian_alignment   eegnet      single_sub-005_ses01-to-ses03 seed=2 acc=0.6900 (ntr=160 nval=40 nte=200)
2026-06-09 08:34:16 | INFO    | train_session_alignment | [align] riemannian_alignment   eegnet      single_sub-005_ses02-to-ses01 seed=2 acc=0.8350 (ntr=160 nval=40 nte=200)
2026-06-09 08:34:27 | INFO    | train_session_alignment | [align] riemannian_alignment   eegnet      single_sub-005_ses02-to-ses03 seed=2 acc=0.6900 (ntr=160 nval=40 nte=200)
2026-06-09 08:34:33 | INFO    | train_session_alignment | [align] riemannian_alignment   eegnet      single_sub-005_ses03-to-ses01 seed=2 acc=0.5800 (ntr=160 nval=40 nte=200)
2026-06-09 08:34:39 | INFO    | train_session_alignment | [align] riemannian_alignment   eegnet      single_sub-005_ses03-to-ses02 seed=2 acc=0.5700 (ntr=160 nval=40 nte=200)
2026-06-09 08:34:46 | INFO    | train_session_alignment | [align] riemannian_alignment   eegnet      single_sub-006_ses01-to-ses02 seed=2 acc=0.9600 (ntr=160 nval=40 nte=200)
2026-06-09 08:34:54 | INFO    | train_session_alignment | [align] riemannian_alignment   eegnet      single_sub-006_ses01-to-ses03 seed=2 acc=0.9550 (ntr=160 nval=40 nte=200)
2026-06-09 08:35:03 | INFO    | train_session_alignment | [align] riemannian_alignment   eegnet      single_sub-006_ses02-to-ses01 seed=2 acc=0.8050 (ntr=160 nval=40 nte=200)
2026-06-09 08:35:13 | INFO    | train_session_alignment | [align] riemannian_alignment   eegnet      single_sub-006_ses02-to-ses03 seed=2 acc=0.8400 (ntr=160 nval=40 nte=200)
2026-06-09 08:35:24 | INFO    | train_session_alignment | [align] riemannian_alignment   eegnet      single_sub-006_ses03-to-ses01 seed=2 acc=0.9100 (ntr=160 nval=40 nte=200)
2026-06-09 08:35:35 | INFO    | train_session_alignment | [align] riemannian_alignment   eegnet      single_sub-006_ses03-to-ses02 seed=2 acc=0.9100 (ntr=160 nval=40 nte=200)
2026-06-09 08:35:40 | INFO    | train_session_alignment | [align] riemannian_alignment   eegnet      single_sub-007_ses01-to-ses02 seed=2 acc=0.7300 (ntr=160 nval=40 nte=200)
2026-06-09 08:35:46 | INFO    | train_session_alignment | [align] riemannian_alignment   eegnet      single_sub-007_ses01-to-ses03 seed=2 acc=0.7750 (ntr=160 nval=40 nte=200)
2026-06-09 08:35:52 | INFO    | train_session_alignment | [align] riemannian_alignment   eegnet      single_sub-007_ses02-to-ses01 seed=2 acc=0.6400 (ntr=160 nval=40 nte=200)
2026-06-09 08:35:58 | INFO    | train_session_alignment | [align] riemannian_alignment   eegnet      single_sub-007_ses02-to-ses03 seed=2 acc=0.7850 (ntr=160 nval=40 nte=200)
2026-06-09 08:36:08 | INFO    | train_session_alignment | [align] riemannian_alignment   eegnet      single_sub-007_ses03-to-ses01 seed=2 acc=0.7200 (ntr=160 nval=40 nte=200)
2026-06-09 08:36:18 | INFO    | train_session_alignment | [align] riemannian_alignment   eegnet      single_sub-007_ses03-to-ses02 seed=2 acc=0.8450 (ntr=160 nval=40 nte=200)
2026-06-09 08:36:24 | INFO    | train_session_alignment | [align] riemannian_alignment   eegnet      single_sub-008_ses01-to-ses02 seed=2 acc=0.5950 (ntr=160 nval=40 nte=200)
2026-06-09 08:36:31 | INFO    | train_session_alignment | [align] riemannian_alignment   eegnet      single_sub-008_ses01-to-ses03 seed=2 acc=0.5900 (ntr=160 nval=40 nte=200)
2026-06-09 08:36:50 | INFO    | train_session_alignment | [align] riemannian_alignment   eegnet      single_sub-008_ses02-to-ses01 seed=2 acc=0.6800 (ntr=160 nval=40 nte=200)
2026-06-09 08:37:09 | INFO    | train_session_alignment | [align] riemannian_alignment   eegnet      single_sub-008_ses02-to-ses03 seed=2 acc=0.8550 (ntr=160 nval=40 nte=200)
2026-06-09 08:37:15 | INFO    | train_session_alignment | [align] riemannian_alignment   eegnet      single_sub-008_ses03-to-ses01 seed=2 acc=0.5800 (ntr=160 nval=40 nte=200)
2026-06-09 08:37:21 | INFO    | train_session_alignment | [align] riemannian_alignment   eegnet      single_sub-008_ses03-to-ses02 seed=2 acc=0.6650 (ntr=160 nval=40 nte=200)
2026-06-09 08:37:29 | INFO    | train_session_alignment | [align] riemannian_alignment   eegnet      single_sub-009_ses01-to-ses02 seed=2 acc=0.7950 (ntr=160 nval=40 nte=200)
2026-06-09 08:37:37 | INFO    | train_session_alignment | [align] riemannian_alignment   eegnet      single_sub-009_ses01-to-ses03 seed=2 acc=0.5600 (ntr=160 nval=40 nte=200)
2026-06-09 08:37:42 | INFO    | train_session_alignment | [align] riemannian_alignment   eegnet      single_sub-009_ses02-to-ses01 seed=2 acc=0.6300 (ntr=160 nval=40 nte=200)
2026-06-09 08:37:48 | INFO    | train_session_alignment | [align] riemannian_alignment   eegnet      single_sub-009_ses02-to-ses03 seed=2 acc=0.5550 (ntr=160 nval=40 nte=200)
2026-06-09 08:37:54 | INFO    | train_session_alignment | [align] riemannian_alignment   eegnet      single_sub-009_ses03-to-ses01 seed=2 acc=0.5100 (ntr=160 nval=40 nte=200)
2026-06-09 08:38:01 | INFO    | train_session_alignment | [align] riemannian_alignment   eegnet      single_sub-009_ses03-to-ses02 seed=2 acc=0.5300 (ntr=160 nval=40 nte=200)
2026-06-09 08:38:08 | INFO    | train_session_alignment | [align] riemannian_alignment   eegnet      single_sub-010_ses01-to-ses02 seed=2 acc=0.8200 (ntr=160 nval=40 nte=200)
2026-06-09 08:38:15 | INFO    | train_session_alignment | [align] riemannian_alignment   eegnet      single_sub-010_ses01-to-ses03 seed=2 acc=0.5750 (ntr=160 nval=40 nte=200)
2026-06-09 08:38:21 | INFO    | train_session_alignment | [align] riemannian_alignment   eegnet      single_sub-010_ses02-to-ses01 seed=2 acc=0.7250 (ntr=160 nval=40 nte=200)
2026-06-09 08:38:27 | INFO    | train_session_alignment | [align] riemannian_alignment   eegnet      single_sub-010_ses02-to-ses03 seed=2 acc=0.6200 (ntr=160 nval=40 nte=200)
2026-06-09 08:38:36 | INFO    | train_session_alignment | [align] riemannian_alignment   eegnet      single_sub-010_ses03-to-ses01 seed=2 acc=0.5750 (ntr=160 nval=40 nte=200)
2026-06-09 08:38:46 | INFO    | train_session_alignment | [align] riemannian_alignment   eegnet      single_sub-010_ses03-to-ses02 seed=2 acc=0.6200 (ntr=160 nval=40 nte=200)
2026-06-09 08:38:52 | INFO    | train_session_alignment | [align] riemannian_alignment   eegnet      single_sub-011_ses01-to-ses02 seed=2 acc=0.7900 (ntr=160 nval=40 nte=200)
2026-06-09 08:38:58 | INFO    | train_session_alignment | [align] riemannian_alignment   eegnet      single_sub-011_ses01-to-ses03 seed=2 acc=0.9800 (ntr=160 nval=40 nte=200)
2026-06-09 08:39:04 | INFO    | train_session_alignment | [align] riemannian_alignment   eegnet      single_sub-011_ses02-to-ses01 seed=2 acc=0.7750 (ntr=160 nval=40 nte=200)
2026-06-09 08:39:10 | INFO    | train_session_alignment | [align] riemannian_alignment   eegnet      single_sub-011_ses02-to-ses03 seed=2 acc=0.8750 (ntr=160 nval=40 nte=200)
2026-06-09 08:39:29 | INFO    | train_session_alignment | [align] riemannian_alignment   eegnet      single_sub-011_ses03-to-ses01 seed=2 acc=0.8150 (ntr=160 nval=40 nte=200)
2026-06-09 08:39:48 | INFO    | train_session_alignment | [align] riemannian_alignment   eegnet      single_sub-011_ses03-to-ses02 seed=2 acc=0.7800 (ntr=160 nval=40 nte=200)
2026-06-09 08:39:53 | INFO    | train_session_alignment | [align] riemannian_alignment   eegnet      single_sub-012_ses01-to-ses02 seed=2 acc=0.5150 (ntr=160 nval=40 nte=200)
2026-06-09 08:39:59 | INFO    | train_session_alignment | [align] riemannian_alignment   eegnet      single_sub-012_ses01-to-ses03 seed=2 acc=0.5150 (ntr=160 nval=40 nte=200)
2026-06-09 08:40:04 | INFO    | train_session_alignment | [align] riemannian_alignment   eegnet      single_sub-012_ses02-to-ses01 seed=2 acc=0.4550 (ntr=160 nval=40 nte=200)
2026-06-09 08:40:10 | INFO    | train_session_alignment | [align] riemannian_alignment   eegnet      single_sub-012_ses02-to-ses03 seed=2 acc=0.5000 (ntr=160 nval=40 nte=200)
2026-06-09 08:40:16 | INFO    | train_session_alignment | [align] riemannian_alignment   eegnet      single_sub-012_ses03-to-ses01 seed=2 acc=0.5600 (ntr=160 nval=40 nte=200)
2026-06-09 08:40:23 | INFO    | train_session_alignment | [align] riemannian_alignment   eegnet      single_sub-012_ses03-to-ses02 seed=2 acc=0.5250 (ntr=160 nval=40 nte=200)
2026-06-09 08:40:28 | INFO    | train_session_alignment | [align] riemannian_alignment   eegnet      single_sub-013_ses01-to-ses02 seed=2 acc=0.6200 (ntr=160 nval=40 nte=200)
2026-06-09 08:40:34 | INFO    | train_session_alignment | [align] riemannian_alignment   eegnet      single_sub-013_ses01-to-ses03 seed=2 acc=0.5850 (ntr=160 nval=40 nte=200)
2026-06-09 08:40:43 | INFO    | train_session_alignment | [align] riemannian_alignment   eegnet      single_sub-013_ses02-to-ses01 seed=2 acc=0.5850 (ntr=160 nval=40 nte=200)
2026-06-09 08:40:52 | INFO    | train_session_alignment | [align] riemannian_alignment   eegnet      single_sub-013_ses02-to-ses03 seed=2 acc=0.6500 (ntr=160 nval=40 nte=200)
2026-06-09 08:40:59 | INFO    | train_session_alignment | [align] riemannian_alignment   eegnet      single_sub-013_ses03-to-ses01 seed=2 acc=0.6600 (ntr=160 nval=40 nte=200)
2026-06-09 08:41:05 | INFO    | train_session_alignment | [align] riemannian_alignment   eegnet      single_sub-013_ses03-to-ses02 seed=2 acc=0.7800 (ntr=160 nval=40 nte=200)
2026-06-09 08:41:11 | INFO    | train_session_alignment | [align] riemannian_alignment   eegnet      single_sub-014_ses01-to-ses02 seed=2 acc=0.5350 (ntr=160 nval=40 nte=200)
2026-06-09 08:41:16 | INFO    | train_session_alignment | [align] riemannian_alignment   eegnet      single_sub-014_ses01-to-ses03 seed=2 acc=0.5250 (ntr=160 nval=40 nte=200)
2026-06-09 08:41:21 | INFO    | train_session_alignment | [align] riemannian_alignment   eegnet      single_sub-014_ses02-to-ses01 seed=2 acc=0.5100 (ntr=160 nval=40 nte=200)
2026-06-09 08:41:27 | INFO    | train_session_alignment | [align] riemannian_alignment   eegnet      single_sub-014_ses02-to-ses03 seed=2 acc=0.5000 (ntr=160 nval=40 nte=200)
2026-06-09 08:41:32 | INFO    | train_session_alignment | [align] riemannian_alignment   eegnet      single_sub-014_ses03-to-ses01 seed=2 acc=0.5700 (ntr=160 nval=40 nte=200)
2026-06-09 08:41:38 | INFO    | train_session_alignment | [align] riemannian_alignment   eegnet      single_sub-014_ses03-to-ses02 seed=2 acc=0.5500 (ntr=160 nval=40 nte=200)
2026-06-09 08:41:44 | INFO    | train_session_alignment | [align] riemannian_alignment   eegnet      single_sub-015_ses01-to-ses02 seed=2 acc=0.5350 (ntr=160 nval=40 nte=200)
2026-06-09 08:41:51 | INFO    | train_session_alignment | [align] riemannian_alignment   eegnet      single_sub-015_ses01-to-ses03 seed=2 acc=0.5200 (ntr=160 nval=40 nte=200)
2026-06-09 08:41:57 | INFO    | train_session_alignment | [align] riemannian_alignment   eegnet      single_sub-015_ses02-to-ses01 seed=2 acc=0.5700 (ntr=160 nval=40 nte=200)
2026-06-09 08:42:03 | INFO    | train_session_alignment | [align] riemannian_alignment   eegnet      single_sub-015_ses02-to-ses03 seed=2 acc=0.4900 (ntr=160 nval=40 nte=200)
2026-06-09 08:42:09 | INFO    | train_session_alignment | [align] riemannian_alignment   eegnet      single_sub-015_ses03-to-ses01 seed=2 acc=0.5050 (ntr=160 nval=40 nte=200)
2026-06-09 08:42:15 | INFO    | train_session_alignment | [align] riemannian_alignment   eegnet      single_sub-015_ses03-to-ses02 seed=2 acc=0.5000 (ntr=160 nval=40 nte=200)
2026-06-09 08:42:21 | INFO    | train_session_alignment | [align] riemannian_alignment   eegnet      single_sub-016_ses01-to-ses02 seed=2 acc=0.5100 (ntr=160 nval=40 nte=200)
2026-06-09 08:42:27 | INFO    | train_session_alignment | [align] riemannian_alignment   eegnet      single_sub-016_ses01-to-ses03 seed=2 acc=0.5150 (ntr=160 nval=40 nte=200)
2026-06-09 08:42:33 | INFO    | train_session_alignment | [align] riemannian_alignment   eegnet      single_sub-016_ses02-to-ses01 seed=2 acc=0.4250 (ntr=160 nval=40 nte=200)
2026-06-09 08:42:39 | INFO    | train_session_alignment | [align] riemannian_alignment   eegnet      single_sub-016_ses02-to-ses03 seed=2 acc=0.5150 (ntr=160 nval=40 nte=200)
2026-06-09 08:42:44 | INFO    | train_session_alignment | [align] riemannian_alignment   eegnet      single_sub-016_ses03-to-ses01 seed=2 acc=0.4600 (ntr=160 nval=40 nte=200)
2026-06-09 08:42:49 | INFO    | train_session_alignment | [align] riemannian_alignment   eegnet      single_sub-016_ses03-to-ses02 seed=2 acc=0.4850 (ntr=160 nval=40 nte=200)
2026-06-09 08:42:58 | INFO    | train_session_alignment | [align] riemannian_alignment   eegnet      single_sub-017_ses01-to-ses02 seed=2 acc=0.7750 (ntr=160 nval=40 nte=200)
2026-06-09 08:43:07 | INFO    | train_session_alignment | [align] riemannian_alignment   eegnet      single_sub-017_ses01-to-ses03 seed=2 acc=0.6950 (ntr=160 nval=40 nte=200)
2026-06-09 08:43:13 | INFO    | train_session_alignment | [align] riemannian_alignment   eegnet      single_sub-017_ses02-to-ses01 seed=2 acc=0.6900 (ntr=160 nval=40 nte=200)
2026-06-09 08:43:19 | INFO    | train_session_alignment | [align] riemannian_alignment   eegnet      single_sub-017_ses02-to-ses03 seed=2 acc=0.7250 (ntr=160 nval=40 nte=200)
2026-06-09 08:43:28 | INFO    | train_session_alignment | [align] riemannian_alignment   eegnet      single_sub-017_ses03-to-ses01 seed=2 acc=0.6250 (ntr=160 nval=40 nte=200)
2026-06-09 08:43:37 | INFO    | train_session_alignment | [align] riemannian_alignment   eegnet      single_sub-017_ses03-to-ses02 seed=2 acc=0.7500 (ntr=160 nval=40 nte=200)
2026-06-09 08:43:42 | INFO    | train_session_alignment | [align] riemannian_alignment   eegnet      single_sub-018_ses01-to-ses02 seed=2 acc=0.4950 (ntr=160 nval=40 nte=200)
2026-06-09 08:43:48 | INFO    | train_session_alignment | [align] riemannian_alignment   eegnet      single_sub-018_ses01-to-ses03 seed=2 acc=0.5100 (ntr=160 nval=40 nte=200)
2026-06-09 08:43:53 | INFO    | train_session_alignment | [align] riemannian_alignment   eegnet      single_sub-018_ses02-to-ses01 seed=2 acc=0.5850 (ntr=160 nval=40 nte=200)
2026-06-09 08:43:59 | INFO    | train_session_alignment | [align] riemannian_alignment   eegnet      single_sub-018_ses02-to-ses03 seed=2 acc=0.5700 (ntr=160 nval=40 nte=200)
2026-06-09 08:44:04 | INFO    | train_session_alignment | [align] riemannian_alignment   eegnet      single_sub-018_ses03-to-ses01 seed=2 acc=0.4700 (ntr=160 nval=40 nte=200)
2026-06-09 08:44:10 | INFO    | train_session_alignment | [align] riemannian_alignment   eegnet      single_sub-018_ses03-to-ses02 seed=2 acc=0.4950 (ntr=160 nval=40 nte=200)
2026-06-09 08:44:18 | INFO    | train_session_alignment | [align] riemannian_alignment   eegnet      single_sub-019_ses01-to-ses02 seed=2 acc=0.6050 (ntr=160 nval=40 nte=200)
2026-06-09 08:44:26 | INFO    | train_session_alignment | [align] riemannian_alignment   eegnet      single_sub-019_ses01-to-ses03 seed=2 acc=0.5800 (ntr=160 nval=40 nte=200)
2026-06-09 08:44:32 | INFO    | train_session_alignment | [align] riemannian_alignment   eegnet      single_sub-019_ses02-to-ses01 seed=2 acc=0.5150 (ntr=160 nval=40 nte=200)
2026-06-09 08:44:37 | INFO    | train_session_alignment | [align] riemannian_alignment   eegnet      single_sub-019_ses02-to-ses03 seed=2 acc=0.8600 (ntr=160 nval=40 nte=200)
2026-06-09 08:44:43 | INFO    | train_session_alignment | [align] riemannian_alignment   eegnet      single_sub-019_ses03-to-ses01 seed=2 acc=0.5750 (ntr=160 nval=40 nte=200)
2026-06-09 08:44:49 | INFO    | train_session_alignment | [align] riemannian_alignment   eegnet      single_sub-019_ses03-to-ses02 seed=2 acc=0.6850 (ntr=160 nval=40 nte=200)
2026-06-09 08:45:08 | INFO    | train_session_alignment | [align] riemannian_alignment   eegnet      single_sub-020_ses01-to-ses02 seed=2 acc=0.8200 (ntr=160 nval=40 nte=200)
2026-06-09 08:45:27 | INFO    | train_session_alignment | [align] riemannian_alignment   eegnet      single_sub-020_ses01-to-ses03 seed=2 acc=0.5350 (ntr=160 nval=40 nte=200)
2026-06-09 08:45:38 | INFO    | train_session_alignment | [align] riemannian_alignment   eegnet      single_sub-020_ses02-to-ses01 seed=2 acc=0.9300 (ntr=160 nval=40 nte=200)
2026-06-09 08:45:50 | INFO    | train_session_alignment | [align] riemannian_alignment   eegnet      single_sub-020_ses02-to-ses03 seed=2 acc=0.4250 (ntr=160 nval=40 nte=200)
2026-06-09 08:46:05 | INFO    | train_session_alignment | [align] riemannian_alignment   eegnet      single_sub-020_ses03-to-ses01 seed=2 acc=0.3950 (ntr=160 nval=40 nte=200)
2026-06-09 08:46:20 | INFO    | train_session_alignment | [align] riemannian_alignment   eegnet      single_sub-020_ses03-to-ses02 seed=2 acc=0.4750 (ntr=160 nval=40 nte=200)
2026-06-09 08:46:29 | INFO    | train_session_alignment | [align] riemannian_alignment   eegnet      single_sub-021_ses01-to-ses02 seed=2 acc=0.6250 (ntr=160 nval=40 nte=200)
2026-06-09 08:46:39 | INFO    | train_session_alignment | [align] riemannian_alignment   eegnet      single_sub-021_ses01-to-ses03 seed=2 acc=0.5250 (ntr=160 nval=40 nte=200)
2026-06-09 08:46:49 | INFO    | train_session_alignment | [align] riemannian_alignment   eegnet      single_sub-021_ses02-to-ses01 seed=2 acc=0.7450 (ntr=160 nval=40 nte=200)
2026-06-09 08:46:59 | INFO    | train_session_alignment | [align] riemannian_alignment   eegnet      single_sub-021_ses02-to-ses03 seed=2 acc=0.6750 (ntr=160 nval=40 nte=200)
2026-06-09 08:47:05 | INFO    | train_session_alignment | [align] riemannian_alignment   eegnet      single_sub-021_ses03-to-ses01 seed=2 acc=0.4950 (ntr=160 nval=40 nte=200)
2026-06-09 08:47:11 | INFO    | train_session_alignment | [align] riemannian_alignment   eegnet      single_sub-021_ses03-to-ses02 seed=2 acc=0.5000 (ntr=160 nval=40 nte=200)
2026-06-09 08:47:18 | INFO    | train_session_alignment | [align] riemannian_alignment   eegnet      single_sub-022_ses01-to-ses02 seed=2 acc=0.5250 (ntr=160 nval=40 nte=200)
2026-06-09 08:47:25 | INFO    | train_session_alignment | [align] riemannian_alignment   eegnet      single_sub-022_ses01-to-ses03 seed=2 acc=0.5300 (ntr=160 nval=40 nte=200)
2026-06-09 08:47:36 | INFO    | train_session_alignment | [align] riemannian_alignment   eegnet      single_sub-022_ses02-to-ses01 seed=2 acc=0.6000 (ntr=160 nval=40 nte=200)
2026-06-09 08:47:48 | INFO    | train_session_alignment | [align] riemannian_alignment   eegnet      single_sub-022_ses02-to-ses03 seed=2 acc=0.7500 (ntr=160 nval=40 nte=200)
2026-06-09 08:47:57 | INFO    | train_session_alignment | [align] riemannian_alignment   eegnet      single_sub-022_ses03-to-ses01 seed=2 acc=0.6300 (ntr=160 nval=40 nte=200)
2026-06-09 08:48:06 | INFO    | train_session_alignment | [align] riemannian_alignment   eegnet      single_sub-022_ses03-to-ses02 seed=2 acc=0.7650 (ntr=160 nval=40 nte=200)
2026-06-09 08:48:13 | INFO    | train_session_alignment | [align] riemannian_alignment   eegnet      single_sub-023_ses02-to-ses03 seed=2 acc=0.7950 (ntr=160 nval=40 nte=200)
2026-06-09 08:48:19 | INFO    | train_session_alignment | [align] riemannian_alignment   eegnet      single_sub-023_ses03-to-ses02 seed=2 acc=0.6950 (ntr=160 nval=40 nte=200)
2026-06-09 08:48:30 | INFO    | train_session_alignment | [align] riemannian_alignment   eegnet      single_sub-025_ses01-to-ses02 seed=2 acc=0.8200 (ntr=160 nval=40 nte=200)
2026-06-09 08:48:40 | INFO    | train_session_alignment | [align] riemannian_alignment   eegnet      single_sub-025_ses01-to-ses03 seed=2 acc=0.8550 (ntr=160 nval=40 nte=200)
2026-06-09 08:48:46 | INFO    | train_session_alignment | [align] riemannian_alignment   eegnet      single_sub-025_ses02-to-ses01 seed=2 acc=0.8000 (ntr=160 nval=40 nte=200)
2026-06-09 08:48:53 | INFO    | train_session_alignment | [align] riemannian_alignment   eegnet      single_sub-025_ses02-to-ses03 seed=2 acc=0.7550 (ntr=160 nval=40 nte=200)
2026-06-09 08:49:02 | INFO    | train_session_alignment | [align] riemannian_alignment   eegnet      single_sub-025_ses03-to-ses01 seed=2 acc=0.8150 (ntr=160 nval=40 nte=200)
2026-06-09 08:49:11 | INFO    | train_session_alignment | [align] riemannian_alignment   eegnet      single_sub-025_ses03-to-ses02 seed=2 acc=0.8350 (ntr=160 nval=40 nte=200)
2026-06-09 08:49:18 | INFO    | train_session_alignment | [align] riemannian_alignment   eegnet      single_sub-026_ses02-to-ses03 seed=2 acc=0.9200 (ntr=160 nval=40 nte=200)
2026-06-09 08:49:37 | INFO    | train_session_alignment | [align] riemannian_alignment   eegnet      single_sub-026_ses03-to-ses02 seed=2 acc=0.8900 (ntr=160 nval=40 nte=200)
2026-06-09 08:49:46 | INFO    | train_session_alignment | [align] riemannian_alignment   eegnet      single_sub-027_ses01-to-ses02 seed=2 acc=0.5550 (ntr=160 nval=40 nte=200)
2026-06-09 08:49:55 | INFO    | train_session_alignment | [align] riemannian_alignment   eegnet      single_sub-027_ses01-to-ses03 seed=2 acc=0.8450 (ntr=160 nval=40 nte=200)
2026-06-09 08:50:01 | INFO    | train_session_alignment | [align] riemannian_alignment   eegnet      single_sub-027_ses02-to-ses01 seed=2 acc=0.6050 (ntr=160 nval=40 nte=200)
2026-06-09 08:50:08 | INFO    | train_session_alignment | [align] riemannian_alignment   eegnet      single_sub-027_ses02-to-ses03 seed=2 acc=0.7500 (ntr=160 nval=40 nte=200)
2026-06-09 08:50:14 | INFO    | train_session_alignment | [align] riemannian_alignment   eegnet      single_sub-027_ses03-to-ses01 seed=2 acc=0.6800 (ntr=160 nval=40 nte=200)
2026-06-09 08:50:20 | INFO    | train_session_alignment | [align] riemannian_alignment   eegnet      single_sub-027_ses03-to-ses02 seed=2 acc=0.5750 (ntr=160 nval=40 nte=200)
2026-06-09 08:50:26 | INFO    | train_session_alignment | [align] riemannian_alignment   eegnet      single_sub-028_ses01-to-ses02 seed=2 acc=0.7100 (ntr=160 nval=40 nte=200)
2026-06-09 08:50:32 | INFO    | train_session_alignment | [align] riemannian_alignment   eegnet      single_sub-028_ses01-to-ses03 seed=2 acc=0.6200 (ntr=160 nval=40 nte=200)
2026-06-09 08:50:39 | INFO    | train_session_alignment | [align] riemannian_alignment   eegnet      single_sub-028_ses02-to-ses01 seed=2 acc=0.8650 (ntr=160 nval=40 nte=200)
2026-06-09 08:50:46 | INFO    | train_session_alignment | [align] riemannian_alignment   eegnet      single_sub-028_ses02-to-ses03 seed=2 acc=0.5200 (ntr=160 nval=40 nte=200)
2026-06-09 08:50:53 | INFO    | train_session_alignment | [align] riemannian_alignment   eegnet      single_sub-028_ses03-to-ses01 seed=2 acc=0.6100 (ntr=160 nval=40 nte=200)
2026-06-09 08:51:00 | INFO    | train_session_alignment | [align] riemannian_alignment   eegnet      single_sub-028_ses03-to-ses02 seed=2 acc=0.6200 (ntr=160 nval=40 nte=200)
2026-06-09 08:51:13 | INFO    | train_session_alignment | [align] riemannian_alignment   eegnet      single_sub-029_ses01-to-ses02 seed=2 acc=0.5600 (ntr=160 nval=40 nte=200)
2026-06-09 08:51:26 | INFO    | train_session_alignment | [align] riemannian_alignment   eegnet      single_sub-029_ses01-to-ses03 seed=2 acc=0.6200 (ntr=160 nval=40 nte=200)
2026-06-09 08:51:42 | INFO    | train_session_alignment | [align] riemannian_alignment   eegnet      single_sub-029_ses02-to-ses01 seed=2 acc=0.4600 (ntr=160 nval=40 nte=200)
2026-06-09 08:51:59 | INFO    | train_session_alignment | [align] riemannian_alignment   eegnet      single_sub-029_ses02-to-ses03 seed=2 acc=0.9350 (ntr=160 nval=40 nte=200)
2026-06-09 08:52:12 | INFO    | train_session_alignment | [align] riemannian_alignment   eegnet      single_sub-029_ses03-to-ses01 seed=2 acc=0.4700 (ntr=160 nval=40 nte=200)
2026-06-09 08:52:25 | INFO    | train_session_alignment | [align] riemannian_alignment   eegnet      single_sub-029_ses03-to-ses02 seed=2 acc=0.9200 (ntr=160 nval=40 nte=200)
2026-06-09 08:52:37 | INFO    | train_session_alignment | [align] riemannian_alignment   eegnet      single_sub-030_ses01-to-ses02 seed=2 acc=0.5600 (ntr=160 nval=40 nte=200)
2026-06-09 08:52:49 | INFO    | train_session_alignment | [align] riemannian_alignment   eegnet      single_sub-030_ses01-to-ses03 seed=2 acc=0.5000 (ntr=160 nval=40 nte=200)
2026-06-09 08:52:56 | INFO    | train_session_alignment | [align] riemannian_alignment   eegnet      single_sub-030_ses02-to-ses01 seed=2 acc=0.9550 (ntr=160 nval=40 nte=200)
2026-06-09 08:53:03 | INFO    | train_session_alignment | [align] riemannian_alignment   eegnet      single_sub-030_ses02-to-ses03 seed=2 acc=0.8650 (ntr=160 nval=40 nte=200)
2026-06-09 08:53:11 | INFO    | train_session_alignment | [align] riemannian_alignment   eegnet      single_sub-030_ses03-to-ses01 seed=2 acc=0.8850 (ntr=160 nval=40 nte=200)
2026-06-09 08:53:19 | INFO    | train_session_alignment | [align] riemannian_alignment   eegnet      single_sub-030_ses03-to-ses02 seed=2 acc=0.8550 (ntr=160 nval=40 nte=200)
2026-06-09 08:53:26 | INFO    | train_session_alignment | [align] riemannian_alignment   eegnet      single_sub-031_ses01-to-ses02 seed=2 acc=0.7100 (ntr=160 nval=40 nte=200)
2026-06-09 08:53:32 | INFO    | train_session_alignment | [align] riemannian_alignment   eegnet      single_sub-031_ses01-to-ses03 seed=2 acc=0.7200 (ntr=160 nval=40 nte=200)
2026-06-09 08:53:38 | INFO    | train_session_alignment | [align] riemannian_alignment   eegnet      single_sub-031_ses02-to-ses01 seed=2 acc=0.6800 (ntr=160 nval=40 nte=200)
2026-06-09 08:53:44 | INFO    | train_session_alignment | [align] riemannian_alignment   eegnet      single_sub-031_ses02-to-ses03 seed=2 acc=0.8050 (ntr=160 nval=40 nte=200)
2026-06-09 08:53:50 | INFO    | train_session_alignment | [align] riemannian_alignment   eegnet      single_sub-031_ses03-to-ses01 seed=2 acc=0.6850 (ntr=160 nval=40 nte=200)
2026-06-09 08:53:57 | INFO    | train_session_alignment | [align] riemannian_alignment   eegnet      single_sub-031_ses03-to-ses02 seed=2 acc=0.7900 (ntr=160 nval=40 nte=200)
2026-06-09 08:54:03 | INFO    | train_session_alignment | [align] riemannian_alignment   eegnet      single_sub-032_ses01-to-ses03 seed=2 acc=0.5550 (ntr=160 nval=40 nte=200)
2026-06-09 08:54:10 | INFO    | train_session_alignment | [align] riemannian_alignment   eegnet      single_sub-032_ses03-to-ses01 seed=2 acc=0.5150 (ntr=160 nval=40 nte=200)
2026-06-09 08:54:16 | INFO    | train_session_alignment | [align] riemannian_alignment   eegnet      single_sub-033_ses01-to-ses02 seed=2 acc=0.8850 (ntr=160 nval=40 nte=200)
2026-06-09 08:54:23 | INFO    | train_session_alignment | [align] riemannian_alignment   eegnet      single_sub-033_ses01-to-ses03 seed=2 acc=0.8650 (ntr=160 nval=40 nte=200)
2026-06-09 08:54:29 | INFO    | train_session_alignment | [align] riemannian_alignment   eegnet      single_sub-033_ses02-to-ses01 seed=2 acc=0.8700 (ntr=160 nval=40 nte=200)
2026-06-09 08:54:36 | INFO    | train_session_alignment | [align] riemannian_alignment   eegnet      single_sub-033_ses02-to-ses03 seed=2 acc=0.9000 (ntr=160 nval=40 nte=200)
2026-06-09 08:54:42 | INFO    | train_session_alignment | [align] riemannian_alignment   eegnet      single_sub-033_ses03-to-ses01 seed=2 acc=0.8750 (ntr=160 nval=40 nte=200)
2026-06-09 08:54:48 | INFO    | train_session_alignment | [align] riemannian_alignment   eegnet      single_sub-033_ses03-to-ses02 seed=2 acc=0.8800 (ntr=160 nval=40 nte=200)
2026-06-09 08:54:54 | INFO    | train_session_alignment | [align] riemannian_alignment   eegnet      single_sub-034_ses01-to-ses02 seed=2 acc=0.8000 (ntr=160 nval=40 nte=200)
2026-06-09 08:55:01 | INFO    | train_session_alignment | [align] riemannian_alignment   eegnet      single_sub-034_ses01-to-ses03 seed=2 acc=0.7650 (ntr=160 nval=40 nte=200)
2026-06-09 08:55:07 | INFO    | train_session_alignment | [align] riemannian_alignment   eegnet      single_sub-034_ses02-to-ses01 seed=2 acc=0.6450 (ntr=160 nval=40 nte=200)
2026-06-09 08:55:13 | INFO    | train_session_alignment | [align] riemannian_alignment   eegnet      single_sub-034_ses02-to-ses03 seed=2 acc=0.8300 (ntr=160 nval=40 nte=200)
2026-06-09 08:55:20 | INFO    | train_session_alignment | [align] riemannian_alignment   eegnet      single_sub-034_ses03-to-ses01 seed=2 acc=0.7050 (ntr=160 nval=40 nte=200)
2026-06-09 08:55:27 | INFO    | train_session_alignment | [align] riemannian_alignment   eegnet      single_sub-034_ses03-to-ses02 seed=2 acc=0.9000 (ntr=160 nval=40 nte=200)
2026-06-09 08:55:44 | INFO    | train_session_alignment | [align] riemannian_alignment   eegnet      single_sub-035_ses01-to-ses02 seed=2 acc=0.9650 (ntr=160 nval=40 nte=200)
2026-06-09 08:56:01 | INFO    | train_session_alignment | [align] riemannian_alignment   eegnet      single_sub-035_ses01-to-ses03 seed=2 acc=0.9150 (ntr=160 nval=40 nte=200)
2026-06-09 08:56:20 | INFO    | train_session_alignment | [align] riemannian_alignment   eegnet      single_sub-035_ses02-to-ses01 seed=2 acc=0.9150 (ntr=160 nval=40 nte=200)
2026-06-09 08:56:38 | INFO    | train_session_alignment | [align] riemannian_alignment   eegnet      single_sub-035_ses02-to-ses03 seed=2 acc=0.9300 (ntr=160 nval=40 nte=200)
2026-06-09 08:56:44 | INFO    | train_session_alignment | [align] riemannian_alignment   eegnet      single_sub-035_ses03-to-ses01 seed=2 acc=0.6600 (ntr=160 nval=40 nte=200)
2026-06-09 08:56:49 | INFO    | train_session_alignment | [align] riemannian_alignment   eegnet      single_sub-035_ses03-to-ses02 seed=2 acc=0.6400 (ntr=160 nval=40 nte=200)
2026-06-09 08:56:55 | INFO    | train_session_alignment | [align] riemannian_alignment   eegnet      single_sub-036_ses01-to-ses02 seed=2 acc=0.7850 (ntr=160 nval=40 nte=200)
2026-06-09 08:57:02 | INFO    | train_session_alignment | [align] riemannian_alignment   eegnet      single_sub-036_ses01-to-ses03 seed=2 acc=0.8750 (ntr=160 nval=40 nte=200)
2026-06-09 08:57:08 | INFO    | train_session_alignment | [align] riemannian_alignment   eegnet      single_sub-036_ses02-to-ses01 seed=2 acc=0.7400 (ntr=160 nval=40 nte=200)
2026-06-09 08:57:14 | INFO    | train_session_alignment | [align] riemannian_alignment   eegnet      single_sub-036_ses02-to-ses03 seed=2 acc=0.8850 (ntr=160 nval=40 nte=200)
2026-06-09 08:57:21 | INFO    | train_session_alignment | [align] riemannian_alignment   eegnet      single_sub-036_ses03-to-ses01 seed=2 acc=0.7950 (ntr=160 nval=40 nte=200)
2026-06-09 08:57:27 | INFO    | train_session_alignment | [align] riemannian_alignment   eegnet      single_sub-036_ses03-to-ses02 seed=2 acc=0.8050 (ntr=160 nval=40 nte=200)
2026-06-09 08:57:46 | INFO    | train_session_alignment | [align] riemannian_alignment   eegnet      single_sub-037_ses01-to-ses02 seed=2 acc=0.8050 (ntr=160 nval=40 nte=200)
2026-06-09 08:58:05 | INFO    | train_session_alignment | [align] riemannian_alignment   eegnet      single_sub-037_ses01-to-ses03 seed=2 acc=0.7600 (ntr=160 nval=40 nte=200)
2026-06-09 08:58:11 | INFO    | train_session_alignment | [align] riemannian_alignment   eegnet      single_sub-037_ses02-to-ses01 seed=2 acc=0.8250 (ntr=160 nval=40 nte=200)
2026-06-09 08:58:17 | INFO    | train_session_alignment | [align] riemannian_alignment   eegnet      single_sub-037_ses02-to-ses03 seed=2 acc=0.8600 (ntr=160 nval=40 nte=200)
2026-06-09 08:58:23 | INFO    | train_session_alignment | [align] riemannian_alignment   eegnet      single_sub-037_ses03-to-ses01 seed=2 acc=0.8000 (ntr=160 nval=40 nte=200)
2026-06-09 08:58:30 | INFO    | train_session_alignment | [align] riemannian_alignment   eegnet      single_sub-037_ses03-to-ses02 seed=2 acc=0.8950 (ntr=160 nval=40 nte=200)
2026-06-09 08:58:35 | INFO    | train_session_alignment | [align] riemannian_alignment   eegnet      single_sub-038_ses01-to-ses02 seed=2 acc=0.5250 (ntr=160 nval=40 nte=200)
2026-06-09 08:58:40 | INFO    | train_session_alignment | [align] riemannian_alignment   eegnet      single_sub-038_ses01-to-ses03 seed=2 acc=0.5000 (ntr=160 nval=40 nte=200)
2026-06-09 08:58:57 | INFO    | train_session_alignment | [align] riemannian_alignment   eegnet      single_sub-038_ses02-to-ses01 seed=2 acc=0.4800 (ntr=160 nval=40 nte=200)
2026-06-09 08:59:13 | INFO    | train_session_alignment | [align] riemannian_alignment   eegnet      single_sub-038_ses02-to-ses03 seed=2 acc=0.5350 (ntr=160 nval=40 nte=200)
2026-06-09 08:59:24 | INFO    | train_session_alignment | [align] riemannian_alignment   eegnet      single_sub-038_ses03-to-ses01 seed=2 acc=0.4800 (ntr=160 nval=40 nte=200)
2026-06-09 08:59:36 | INFO    | train_session_alignment | [align] riemannian_alignment   eegnet      single_sub-038_ses03-to-ses02 seed=2 acc=0.4850 (ntr=160 nval=40 nte=200)
2026-06-09 08:59:41 | INFO    | train_session_alignment | [align] riemannian_alignment   eegnet      single_sub-039_ses01-to-ses02 seed=2 acc=0.5150 (ntr=160 nval=40 nte=200)
2026-06-09 08:59:46 | INFO    | train_session_alignment | [align] riemannian_alignment   eegnet      single_sub-039_ses01-to-ses03 seed=2 acc=0.4300 (ntr=160 nval=40 nte=200)
2026-06-09 08:59:53 | INFO    | train_session_alignment | [align] riemannian_alignment   eegnet      single_sub-039_ses02-to-ses01 seed=2 acc=0.4400 (ntr=160 nval=40 nte=200)
2026-06-09 08:59:59 | INFO    | train_session_alignment | [align] riemannian_alignment   eegnet      single_sub-039_ses02-to-ses03 seed=2 acc=0.5150 (ntr=160 nval=40 nte=200)
2026-06-09 09:00:05 | INFO    | train_session_alignment | [align] riemannian_alignment   eegnet      single_sub-039_ses03-to-ses01 seed=2 acc=0.4550 (ntr=160 nval=40 nte=200)
2026-06-09 09:00:12 | INFO    | train_session_alignment | [align] riemannian_alignment   eegnet      single_sub-039_ses03-to-ses02 seed=2 acc=0.5100 (ntr=160 nval=40 nte=200)
2026-06-09 09:00:17 | INFO    | train_session_alignment | [align] riemannian_alignment   eegnet      single_sub-040_ses01-to-ses02 seed=2 acc=0.5450 (ntr=160 nval=40 nte=200)
2026-06-09 09:00:23 | INFO    | train_session_alignment | [align] riemannian_alignment   eegnet      single_sub-040_ses01-to-ses03 seed=2 acc=0.6500 (ntr=160 nval=40 nte=200)
2026-06-09 09:00:29 | INFO    | train_session_alignment | [align] riemannian_alignment   eegnet      single_sub-040_ses02-to-ses01 seed=2 acc=0.5750 (ntr=160 nval=40 nte=200)
2026-06-09 09:00:35 | INFO    | train_session_alignment | [align] riemannian_alignment   eegnet      single_sub-040_ses02-to-ses03 seed=2 acc=0.6700 (ntr=160 nval=40 nte=200)
2026-06-09 09:00:41 | INFO    | train_session_alignment | [align] riemannian_alignment   eegnet      single_sub-040_ses03-to-ses01 seed=2 acc=0.5950 (ntr=160 nval=40 nte=200)
2026-06-09 09:00:47 | INFO    | train_session_alignment | [align] riemannian_alignment   eegnet      single_sub-040_ses03-to-ses02 seed=2 acc=0.5450 (ntr=160 nval=40 nte=200)
2026-06-09 09:00:54 | INFO    | train_session_alignment | [align] riemannian_alignment   eegnet      single_sub-041_ses01-to-ses02 seed=2 acc=0.7850 (ntr=160 nval=40 nte=200)
2026-06-09 09:01:01 | INFO    | train_session_alignment | [align] riemannian_alignment   eegnet      single_sub-041_ses01-to-ses03 seed=2 acc=0.8250 (ntr=160 nval=40 nte=200)
2026-06-09 09:01:07 | INFO    | train_session_alignment | [align] riemannian_alignment   eegnet      single_sub-041_ses02-to-ses01 seed=2 acc=0.8500 (ntr=160 nval=40 nte=200)
2026-06-09 09:01:13 | INFO    | train_session_alignment | [align] riemannian_alignment   eegnet      single_sub-041_ses02-to-ses03 seed=2 acc=0.8900 (ntr=160 nval=40 nte=200)
2026-06-09 09:01:21 | INFO    | train_session_alignment | [align] riemannian_alignment   eegnet      single_sub-041_ses03-to-ses01 seed=2 acc=0.8350 (ntr=160 nval=40 nte=200)
2026-06-09 09:01:28 | INFO    | train_session_alignment | [align] riemannian_alignment   eegnet      single_sub-041_ses03-to-ses02 seed=2 acc=0.7800 (ntr=160 nval=40 nte=200)
2026-06-09 09:01:34 | INFO    | train_session_alignment | [align] riemannian_alignment   eegnet      single_sub-042_ses01-to-ses02 seed=2 acc=0.5200 (ntr=160 nval=40 nte=200)
2026-06-09 09:01:39 | INFO    | train_session_alignment | [align] riemannian_alignment   eegnet      single_sub-042_ses01-to-ses03 seed=2 acc=0.6300 (ntr=160 nval=40 nte=200)
2026-06-09 09:01:45 | INFO    | train_session_alignment | [align] riemannian_alignment   eegnet      single_sub-042_ses02-to-ses01 seed=2 acc=0.5300 (ntr=160 nval=40 nte=200)
2026-06-09 09:01:51 | INFO    | train_session_alignment | [align] riemannian_alignment   eegnet      single_sub-042_ses02-to-ses03 seed=2 acc=0.5900 (ntr=160 nval=40 nte=200)
2026-06-09 09:01:57 | INFO    | train_session_alignment | [align] riemannian_alignment   eegnet      single_sub-042_ses03-to-ses01 seed=2 acc=0.6000 (ntr=160 nval=40 nte=200)
2026-06-09 09:02:03 | INFO    | train_session_alignment | [align] riemannian_alignment   eegnet      single_sub-042_ses03-to-ses02 seed=2 acc=0.5800 (ntr=160 nval=40 nte=200)
2026-06-09 09:02:21 | INFO    | train_session_alignment | [align] riemannian_alignment   eegnet      single_sub-043_ses01-to-ses02 seed=2 acc=0.9200 (ntr=160 nval=40 nte=200)
2026-06-09 09:02:40 | INFO    | train_session_alignment | [align] riemannian_alignment   eegnet      single_sub-043_ses01-to-ses03 seed=2 acc=0.8750 (ntr=160 nval=40 nte=200)
2026-06-09 09:02:59 | INFO    | train_session_alignment | [align] riemannian_alignment   eegnet      single_sub-043_ses02-to-ses01 seed=2 acc=0.9100 (ntr=160 nval=40 nte=200)
2026-06-09 09:03:17 | INFO    | train_session_alignment | [align] riemannian_alignment   eegnet      single_sub-043_ses02-to-ses03 seed=2 acc=0.8950 (ntr=160 nval=40 nte=200)
2026-06-09 09:03:24 | INFO    | train_session_alignment | [align] riemannian_alignment   eegnet      single_sub-043_ses03-to-ses01 seed=2 acc=0.8450 (ntr=160 nval=40 nte=200)
2026-06-09 09:03:32 | INFO    | train_session_alignment | [align] riemannian_alignment   eegnet      single_sub-043_ses03-to-ses02 seed=2 acc=0.8850 (ntr=160 nval=40 nte=200)
2026-06-09 09:03:37 | INFO    | train_session_alignment | [align] riemannian_alignment   eegnet      single_sub-044_ses01-to-ses02 seed=2 acc=0.6100 (ntr=160 nval=40 nte=200)
2026-06-09 09:03:43 | INFO    | train_session_alignment | [align] riemannian_alignment   eegnet      single_sub-044_ses01-to-ses03 seed=2 acc=0.5300 (ntr=160 nval=40 nte=200)
2026-06-09 09:03:48 | INFO    | train_session_alignment | [align] riemannian_alignment   eegnet      single_sub-044_ses02-to-ses01 seed=2 acc=0.6200 (ntr=160 nval=40 nte=200)
2026-06-09 09:03:53 | INFO    | train_session_alignment | [align] riemannian_alignment   eegnet      single_sub-044_ses02-to-ses03 seed=2 acc=0.5750 (ntr=160 nval=40 nte=200)
2026-06-09 09:04:00 | INFO    | train_session_alignment | [align] riemannian_alignment   eegnet      single_sub-044_ses03-to-ses01 seed=2 acc=0.6000 (ntr=160 nval=40 nte=200)
2026-06-09 09:04:06 | INFO    | train_session_alignment | [align] riemannian_alignment   eegnet      single_sub-044_ses03-to-ses02 seed=2 acc=0.6300 (ntr=160 nval=40 nte=200)
2026-06-09 09:04:12 | INFO    | train_session_alignment | [align] riemannian_alignment   eegnet      single_sub-045_ses01-to-ses02 seed=2 acc=0.6000 (ntr=160 nval=40 nte=200)
2026-06-09 09:04:19 | INFO    | train_session_alignment | [align] riemannian_alignment   eegnet      single_sub-045_ses01-to-ses03 seed=2 acc=0.5800 (ntr=160 nval=40 nte=200)
2026-06-09 09:04:26 | INFO    | train_session_alignment | [align] riemannian_alignment   eegnet      single_sub-045_ses02-to-ses01 seed=2 acc=0.6500 (ntr=160 nval=40 nte=200)
2026-06-09 09:04:33 | INFO    | train_session_alignment | [align] riemannian_alignment   eegnet      single_sub-045_ses02-to-ses03 seed=2 acc=0.6600 (ntr=160 nval=40 nte=200)
2026-06-09 09:04:46 | INFO    | train_session_alignment | [align] riemannian_alignment   eegnet      single_sub-045_ses03-to-ses01 seed=2 acc=0.7950 (ntr=160 nval=40 nte=200)
2026-06-09 09:04:59 | INFO    | train_session_alignment | [align] riemannian_alignment   eegnet      single_sub-045_ses03-to-ses02 seed=2 acc=0.7250 (ntr=160 nval=40 nte=200)
2026-06-09 09:05:05 | INFO    | train_session_alignment | [align] riemannian_alignment   eegnet      single_sub-046_ses01-to-ses02 seed=2 acc=0.8650 (ntr=160 nval=40 nte=200)
2026-06-09 09:05:11 | INFO    | train_session_alignment | [align] riemannian_alignment   eegnet      single_sub-046_ses01-to-ses03 seed=2 acc=0.7900 (ntr=160 nval=40 nte=200)
2026-06-09 09:05:21 | INFO    | train_session_alignment | [align] riemannian_alignment   eegnet      single_sub-046_ses02-to-ses01 seed=2 acc=0.8650 (ntr=160 nval=40 nte=200)
2026-06-09 09:05:30 | INFO    | train_session_alignment | [align] riemannian_alignment   eegnet      single_sub-046_ses02-to-ses03 seed=2 acc=0.8600 (ntr=160 nval=40 nte=200)
2026-06-09 09:05:36 | INFO    | train_session_alignment | [align] riemannian_alignment   eegnet      single_sub-046_ses03-to-ses01 seed=2 acc=0.8700 (ntr=160 nval=40 nte=200)
2026-06-09 09:05:43 | INFO    | train_session_alignment | [align] riemannian_alignment   eegnet      single_sub-046_ses03-to-ses02 seed=2 acc=0.8350 (ntr=160 nval=40 nte=200)
2026-06-09 09:05:51 | INFO    | train_session_alignment | [align] riemannian_alignment   eegnet      single_sub-047_ses01-to-ses02 seed=2 acc=0.7650 (ntr=160 nval=40 nte=200)
2026-06-09 09:06:00 | INFO    | train_session_alignment | [align] riemannian_alignment   eegnet      single_sub-047_ses01-to-ses03 seed=2 acc=0.8050 (ntr=160 nval=40 nte=200)
2026-06-09 09:06:06 | INFO    | train_session_alignment | [align] riemannian_alignment   eegnet      single_sub-047_ses02-to-ses01 seed=2 acc=0.7700 (ntr=160 nval=40 nte=200)
2026-06-09 09:06:13 | INFO    | train_session_alignment | [align] riemannian_alignment   eegnet      single_sub-047_ses02-to-ses03 seed=2 acc=0.7200 (ntr=160 nval=40 nte=200)
2026-06-09 09:06:31 | INFO    | train_session_alignment | [align] riemannian_alignment   eegnet      single_sub-047_ses03-to-ses01 seed=2 acc=0.8400 (ntr=160 nval=40 nte=200)
2026-06-09 09:06:49 | INFO    | train_session_alignment | [align] riemannian_alignment   eegnet      single_sub-047_ses03-to-ses02 seed=2 acc=0.8800 (ntr=160 nval=40 nte=200)
2026-06-09 09:06:56 | INFO    | train_session_alignment | [align] riemannian_alignment   eegnet      single_sub-048_ses01-to-ses02 seed=2 acc=0.8250 (ntr=160 nval=40 nte=200)
2026-06-09 09:07:03 | INFO    | train_session_alignment | [align] riemannian_alignment   eegnet      single_sub-048_ses01-to-ses03 seed=2 acc=0.8250 (ntr=160 nval=40 nte=200)
2026-06-09 09:07:08 | INFO    | train_session_alignment | [align] riemannian_alignment   eegnet      single_sub-048_ses02-to-ses01 seed=2 acc=0.6800 (ntr=160 nval=40 nte=200)
2026-06-09 09:07:14 | INFO    | train_session_alignment | [align] riemannian_alignment   eegnet      single_sub-048_ses02-to-ses03 seed=2 acc=0.7250 (ntr=160 nval=40 nte=200)
2026-06-09 09:07:21 | INFO    | train_session_alignment | [align] riemannian_alignment   eegnet      single_sub-048_ses03-to-ses01 seed=2 acc=0.6700 (ntr=160 nval=40 nte=200)
2026-06-09 09:07:29 | INFO    | train_session_alignment | [align] riemannian_alignment   eegnet      single_sub-048_ses03-to-ses02 seed=2 acc=0.7300 (ntr=160 nval=40 nte=200)
2026-06-09 09:07:38 | INFO    | train_session_alignment | [align] riemannian_alignment   eegnet      single_sub-049_ses01-to-ses02 seed=2 acc=0.5200 (ntr=160 nval=40 nte=200)
2026-06-09 09:07:47 | INFO    | train_session_alignment | [align] riemannian_alignment   eegnet      single_sub-049_ses01-to-ses03 seed=2 acc=0.5750 (ntr=160 nval=40 nte=200)
2026-06-09 09:08:06 | INFO    | train_session_alignment | [align] riemannian_alignment   eegnet      single_sub-049_ses02-to-ses01 seed=2 acc=0.8650 (ntr=160 nval=40 nte=200)
2026-06-09 09:08:25 | INFO    | train_session_alignment | [align] riemannian_alignment   eegnet      single_sub-049_ses02-to-ses03 seed=2 acc=0.8500 (ntr=160 nval=40 nte=200)
2026-06-09 09:08:34 | INFO    | train_session_alignment | [align] riemannian_alignment   eegnet      single_sub-049_ses03-to-ses01 seed=2 acc=0.7650 (ntr=160 nval=40 nte=200)
2026-06-09 09:08:42 | INFO    | train_session_alignment | [align] riemannian_alignment   eegnet      single_sub-049_ses03-to-ses02 seed=2 acc=0.6600 (ntr=160 nval=40 nte=200)
2026-06-09 09:09:00 | INFO    | train_session_alignment | [align] riemannian_alignment   eegnet      single_sub-050_ses01-to-ses02 seed=2 acc=0.9100 (ntr=160 nval=40 nte=200)
2026-06-09 09:09:17 | INFO    | train_session_alignment | [align] riemannian_alignment   eegnet      single_sub-050_ses01-to-ses03 seed=2 acc=0.9300 (ntr=160 nval=40 nte=200)
2026-06-09 09:09:25 | INFO    | train_session_alignment | [align] riemannian_alignment   eegnet      single_sub-050_ses02-to-ses01 seed=2 acc=0.7900 (ntr=160 nval=40 nte=200)
2026-06-09 09:09:33 | INFO    | train_session_alignment | [align] riemannian_alignment   eegnet      single_sub-050_ses02-to-ses03 seed=2 acc=0.9150 (ntr=160 nval=40 nte=200)
2026-06-09 09:09:40 | INFO    | train_session_alignment | [align] riemannian_alignment   eegnet      single_sub-050_ses03-to-ses01 seed=2 acc=0.7400 (ntr=160 nval=40 nte=200)
2026-06-09 09:09:47 | INFO    | train_session_alignment | [align] riemannian_alignment   eegnet      single_sub-050_ses03-to-ses02 seed=2 acc=0.8650 (ntr=160 nval=40 nte=200)
2026-06-09 09:09:55 | INFO    | train_session_alignment | [align] riemannian_alignment   eegnet      single_sub-051_ses01-to-ses02 seed=2 acc=0.6200 (ntr=160 nval=40 nte=200)
2026-06-09 09:10:04 | INFO    | train_session_alignment | [align] riemannian_alignment   eegnet      single_sub-051_ses01-to-ses03 seed=2 acc=0.8400 (ntr=160 nval=40 nte=200)
2026-06-09 09:10:14 | INFO    | train_session_alignment | [align] riemannian_alignment   eegnet      single_sub-051_ses02-to-ses01 seed=2 acc=0.6900 (ntr=160 nval=40 nte=200)
2026-06-09 09:10:24 | INFO    | train_session_alignment | [align] riemannian_alignment   eegnet      single_sub-051_ses02-to-ses03 seed=2 acc=0.8200 (ntr=160 nval=40 nte=200)
2026-06-09 09:10:31 | INFO    | train_session_alignment | [align] riemannian_alignment   eegnet      single_sub-051_ses03-to-ses01 seed=2 acc=0.7500 (ntr=160 nval=40 nte=200)
2026-06-09 09:10:38 | INFO    | train_session_alignment | [align] riemannian_alignment   eegnet      single_sub-051_ses03-to-ses02 seed=2 acc=0.6800 (ntr=160 nval=40 nte=200)
2026-06-09 09:10:48 | INFO    | train_session_alignment | [align] riemannian_alignment   eegnet      multi_sub-001_ses01ses02-to-ses03 seed=2 acc=0.9350 (ntr=320 nval=80 nte=200)
2026-06-09 09:10:55 | INFO    | train_session_alignment | [align] riemannian_alignment   eegnet      multi_sub-002_ses01ses02-to-ses03 seed=2 acc=0.5550 (ntr=320 nval=80 nte=200)
2026-06-09 09:11:16 | INFO    | train_session_alignment | [align] riemannian_alignment   eegnet      multi_sub-003_ses01ses02-to-ses03 seed=2 acc=0.9150 (ntr=320 nval=80 nte=200)
2026-06-09 09:11:24 | INFO    | train_session_alignment | [align] riemannian_alignment   eegnet      multi_sub-004_ses01ses02-to-ses03 seed=2 acc=0.4250 (ntr=320 nval=80 nte=200)
2026-06-09 09:11:35 | INFO    | train_session_alignment | [align] riemannian_alignment   eegnet      multi_sub-005_ses01ses02-to-ses03 seed=2 acc=0.7350 (ntr=320 nval=80 nte=200)
2026-06-09 09:11:44 | INFO    | train_session_alignment | [align] riemannian_alignment   eegnet      multi_sub-006_ses01ses02-to-ses03 seed=2 acc=0.9250 (ntr=320 nval=80 nte=200)
2026-06-09 09:11:56 | INFO    | train_session_alignment | [align] riemannian_alignment   eegnet      multi_sub-007_ses01ses02-to-ses03 seed=2 acc=0.7750 (ntr=320 nval=80 nte=200)
2026-06-09 09:12:06 | INFO    | train_session_alignment | [align] riemannian_alignment   eegnet      multi_sub-008_ses01ses02-to-ses03 seed=2 acc=0.8900 (ntr=320 nval=80 nte=200)
2026-06-09 09:12:15 | INFO    | train_session_alignment | [align] riemannian_alignment   eegnet      multi_sub-009_ses01ses02-to-ses03 seed=2 acc=0.6000 (ntr=320 nval=80 nte=200)
2026-06-09 09:12:25 | INFO    | train_session_alignment | [align] riemannian_alignment   eegnet      multi_sub-010_ses01ses02-to-ses03 seed=2 acc=0.6050 (ntr=320 nval=80 nte=200)
2026-06-09 09:12:34 | INFO    | train_session_alignment | [align] riemannian_alignment   eegnet      multi_sub-011_ses01ses02-to-ses03 seed=2 acc=0.9550 (ntr=320 nval=80 nte=200)
2026-06-09 09:12:41 | INFO    | train_session_alignment | [align] riemannian_alignment   eegnet      multi_sub-012_ses01ses02-to-ses03 seed=2 acc=0.5150 (ntr=320 nval=80 nte=200)
2026-06-09 09:12:54 | INFO    | train_session_alignment | [align] riemannian_alignment   eegnet      multi_sub-013_ses01ses02-to-ses03 seed=2 acc=0.6850 (ntr=320 nval=80 nte=200)
2026-06-09 09:13:01 | INFO    | train_session_alignment | [align] riemannian_alignment   eegnet      multi_sub-014_ses01ses02-to-ses03 seed=2 acc=0.4900 (ntr=320 nval=80 nte=200)
2026-06-09 09:13:15 | INFO    | train_session_alignment | [align] riemannian_alignment   eegnet      multi_sub-015_ses01ses02-to-ses03 seed=2 acc=0.7100 (ntr=320 nval=80 nte=200)
2026-06-09 09:13:22 | INFO    | train_session_alignment | [align] riemannian_alignment   eegnet      multi_sub-016_ses01ses02-to-ses03 seed=2 acc=0.5400 (ntr=320 nval=80 nte=200)
2026-06-09 09:13:35 | INFO    | train_session_alignment | [align] riemannian_alignment   eegnet      multi_sub-017_ses01ses02-to-ses03 seed=2 acc=0.7700 (ntr=320 nval=80 nte=200)
2026-06-09 09:13:43 | INFO    | train_session_alignment | [align] riemannian_alignment   eegnet      multi_sub-018_ses01ses02-to-ses03 seed=2 acc=0.4900 (ntr=320 nval=80 nte=200)
2026-06-09 09:13:59 | INFO    | train_session_alignment | [align] riemannian_alignment   eegnet      multi_sub-019_ses01ses02-to-ses03 seed=2 acc=0.8300 (ntr=320 nval=80 nte=200)
2026-06-09 09:14:23 | INFO    | train_session_alignment | [align] riemannian_alignment   eegnet      multi_sub-020_ses01ses02-to-ses03 seed=2 acc=0.5150 (ntr=320 nval=80 nte=200)
2026-06-09 09:14:32 | INFO    | train_session_alignment | [align] riemannian_alignment   eegnet      multi_sub-021_ses01ses02-to-ses03 seed=2 acc=0.7600 (ntr=320 nval=80 nte=200)
2026-06-09 09:14:42 | INFO    | train_session_alignment | [align] riemannian_alignment   eegnet      multi_sub-022_ses01ses02-to-ses03 seed=2 acc=0.7450 (ntr=320 nval=80 nte=200)
2026-06-09 09:14:50 | INFO    | train_session_alignment | [align] riemannian_alignment   eegnet      multi_sub-025_ses01ses02-to-ses03 seed=2 acc=0.8200 (ntr=320 nval=80 nte=200)
2026-06-09 09:14:59 | INFO    | train_session_alignment | [align] riemannian_alignment   eegnet      multi_sub-027_ses01ses02-to-ses03 seed=2 acc=0.7950 (ntr=320 nval=80 nte=200)
2026-06-09 09:15:09 | INFO    | train_session_alignment | [align] riemannian_alignment   eegnet      multi_sub-028_ses01ses02-to-ses03 seed=2 acc=0.5350 (ntr=320 nval=80 nte=200)
2026-06-09 09:15:19 | INFO    | train_session_alignment | [align] riemannian_alignment   eegnet      multi_sub-029_ses01ses02-to-ses03 seed=2 acc=0.7200 (ntr=320 nval=80 nte=200)
2026-06-09 09:15:40 | INFO    | train_session_alignment | [align] riemannian_alignment   eegnet      multi_sub-030_ses01ses02-to-ses03 seed=2 acc=0.8750 (ntr=320 nval=80 nte=200)
2026-06-09 09:15:47 | INFO    | train_session_alignment | [align] riemannian_alignment   eegnet      multi_sub-031_ses01ses02-to-ses03 seed=2 acc=0.7950 (ntr=320 nval=80 nte=200)
2026-06-09 09:15:55 | INFO    | train_session_alignment | [align] riemannian_alignment   eegnet      multi_sub-033_ses01ses02-to-ses03 seed=2 acc=0.8950 (ntr=320 nval=80 nte=200)
2026-06-09 09:16:03 | INFO    | train_session_alignment | [align] riemannian_alignment   eegnet      multi_sub-034_ses01ses02-to-ses03 seed=2 acc=0.8250 (ntr=320 nval=80 nte=200)
2026-06-09 09:16:27 | INFO    | train_session_alignment | [align] riemannian_alignment   eegnet      multi_sub-035_ses01ses02-to-ses03 seed=2 acc=0.9700 (ntr=320 nval=80 nte=200)
2026-06-09 09:16:36 | INFO    | train_session_alignment | [align] riemannian_alignment   eegnet      multi_sub-036_ses01ses02-to-ses03 seed=2 acc=0.9800 (ntr=320 nval=80 nte=200)
2026-06-09 09:16:59 | INFO    | train_session_alignment | [align] riemannian_alignment   eegnet      multi_sub-037_ses01ses02-to-ses03 seed=2 acc=0.8200 (ntr=320 nval=80 nte=200)
2026-06-09 09:17:14 | INFO    | train_session_alignment | [align] riemannian_alignment   eegnet      multi_sub-038_ses01ses02-to-ses03 seed=2 acc=0.5500 (ntr=320 nval=80 nte=200)
2026-06-09 09:17:22 | INFO    | train_session_alignment | [align] riemannian_alignment   eegnet      multi_sub-039_ses01ses02-to-ses03 seed=2 acc=0.4550 (ntr=320 nval=80 nte=200)
2026-06-09 09:17:31 | INFO    | train_session_alignment | [align] riemannian_alignment   eegnet      multi_sub-040_ses01ses02-to-ses03 seed=2 acc=0.6650 (ntr=320 nval=80 nte=200)
2026-06-09 09:17:40 | INFO    | train_session_alignment | [align] riemannian_alignment   eegnet      multi_sub-041_ses01ses02-to-ses03 seed=2 acc=0.8600 (ntr=320 nval=80 nte=200)
2026-06-09 09:17:49 | INFO    | train_session_alignment | [align] riemannian_alignment   eegnet      multi_sub-042_ses01ses02-to-ses03 seed=2 acc=0.6750 (ntr=320 nval=80 nte=200)
2026-06-09 09:18:12 | INFO    | train_session_alignment | [align] riemannian_alignment   eegnet      multi_sub-043_ses01ses02-to-ses03 seed=2 acc=0.9450 (ntr=320 nval=80 nte=200)
2026-06-09 09:18:19 | INFO    | train_session_alignment | [align] riemannian_alignment   eegnet      multi_sub-044_ses01ses02-to-ses03 seed=2 acc=0.5750 (ntr=320 nval=80 nte=200)
2026-06-09 09:18:32 | INFO    | train_session_alignment | [align] riemannian_alignment   eegnet      multi_sub-045_ses01ses02-to-ses03 seed=2 acc=0.8050 (ntr=320 nval=80 nte=200)
2026-06-09 09:18:57 | INFO    | train_session_alignment | [align] riemannian_alignment   eegnet      multi_sub-046_ses01ses02-to-ses03 seed=2 acc=0.9450 (ntr=320 nval=80 nte=200)
2026-06-09 09:19:07 | INFO    | train_session_alignment | [align] riemannian_alignment   eegnet      multi_sub-047_ses01ses02-to-ses03 seed=2 acc=0.8450 (ntr=320 nval=80 nte=200)
2026-06-09 09:19:22 | INFO    | train_session_alignment | [align] riemannian_alignment   eegnet      multi_sub-048_ses01ses02-to-ses03 seed=2 acc=0.8950 (ntr=320 nval=80 nte=200)
2026-06-09 09:19:39 | INFO    | train_session_alignment | [align] riemannian_alignment   eegnet      multi_sub-049_ses01ses02-to-ses03 seed=2 acc=0.8400 (ntr=320 nval=80 nte=200)
2026-06-09 09:19:48 | INFO    | train_session_alignment | [align] riemannian_alignment   eegnet      multi_sub-050_ses01ses02-to-ses03 seed=2 acc=0.9300 (ntr=320 nval=80 nte=200)
2026-06-09 09:19:57 | INFO    | train_session_alignment | [align] riemannian_alignment   eegnet      multi_sub-051_ses01ses02-to-ses03 seed=2 acc=0.9000 (ntr=320 nval=80 nte=200)
2026-06-09 09:19:58 | INFO    | train_session_alignment | ALL DONE in 2999.0s | rows=335 ok=335 failed=0 | out=/share/home/yuan/SYX/eeg-mi-online/outputs/experiments/alignment_baseline_v1
Done: Tue Jun  9 09:19:59 CST 2026
