Project: /share/home/yuan/SYX/eeg-mi-online
Env    : mi_torch_cu118
Args   : --methods riemannian_alignment --models deepconvnet --seeds 0 --protocols single,multi --tag-suffix riemannian_alignment_deepconvnet_s0
Node   : gpu01 | Start: Tue Jun  9 08:44:14 CST 2026
Tue Jun  9 08:44:14 2026       
+-----------------------------------------------------------------------------------------+
| NVIDIA-SMI 570.153.02             Driver Version: 570.153.02     CUDA Version: 12.8     |
|-----------------------------------------+------------------------+----------------------+
| GPU  Name                 Persistence-M | Bus-Id          Disp.A | Volatile Uncorr. ECC |
| Fan  Temp   Perf          Pwr:Usage/Cap |           Memory-Usage | GPU-Util  Compute M. |
|                                         |                        |               MIG M. |
|=========================================+========================+======================|
|   0  NVIDIA GeForce RTX 4090 D      On  |   00000000:21:00.0 Off |                  Off |
| 35%   44C    P0             66W /  425W |       1MiB /  24564MiB |      0%      Default |
|                                         |                        |                  N/A |
+-----------------------------------------+------------------------+----------------------+
                                                                                         
+-----------------------------------------------------------------------------------------+
| Processes:                                                                              |
|  GPU   GI   CI              PID   Type   Process name                        GPU Memory |
|        ID   ID                                                               Usage      |
|=========================================================================================|
|  No running processes found                                                             |
+-----------------------------------------------------------------------------------------+
[cuda-check] torch=2.7.1+cu118 cuda_build=11.8 cuda_avail=True
2026-06-09 08:44:17 | INFO    | train_session_alignment | device=cuda | cuda={'torch': '2.7.1+cu118', 'cuda_build': '11.8', 'cuda_available': True, 'device': 'cuda', 'device_name': 'NVIDIA GeForce RTX 4090 D'}
2026-06-09 08:44:17 | INFO    | train_session_alignment | loaded 148 ok sessions | methods=['riemannian_alignment'] | models=['deepconvnet'] | seeds=[0] | groups=['single', 'multi'] | tasks=335
2026-06-09 08:44:26 | INFO    | train_session_alignment | [align] riemannian_alignment   deepconvnet single_sub-001_ses01-to-ses02 seed=0 acc=0.5650 (ntr=160 nval=40 nte=200)
2026-06-09 08:44:32 | INFO    | train_session_alignment | [align] riemannian_alignment   deepconvnet single_sub-001_ses01-to-ses03 seed=0 acc=0.5600 (ntr=160 nval=40 nte=200)
2026-06-09 08:44:39 | INFO    | train_session_alignment | [align] riemannian_alignment   deepconvnet single_sub-001_ses02-to-ses01 seed=0 acc=0.6450 (ntr=160 nval=40 nte=200)
2026-06-09 08:44:46 | INFO    | train_session_alignment | [align] riemannian_alignment   deepconvnet single_sub-001_ses02-to-ses03 seed=0 acc=0.7900 (ntr=160 nval=40 nte=200)
2026-06-09 08:44:53 | INFO    | train_session_alignment | [align] riemannian_alignment   deepconvnet single_sub-001_ses03-to-ses01 seed=0 acc=0.6750 (ntr=160 nval=40 nte=200)
2026-06-09 08:45:00 | INFO    | train_session_alignment | [align] riemannian_alignment   deepconvnet single_sub-001_ses03-to-ses02 seed=0 acc=0.7100 (ntr=160 nval=40 nte=200)
2026-06-09 08:45:06 | INFO    | train_session_alignment | [align] riemannian_alignment   deepconvnet single_sub-002_ses01-to-ses02 seed=0 acc=0.5750 (ntr=160 nval=40 nte=200)
2026-06-09 08:45:11 | INFO    | train_session_alignment | [align] riemannian_alignment   deepconvnet single_sub-002_ses01-to-ses03 seed=0 acc=0.5350 (ntr=160 nval=40 nte=200)
2026-06-09 08:45:18 | INFO    | train_session_alignment | [align] riemannian_alignment   deepconvnet single_sub-002_ses02-to-ses01 seed=0 acc=0.5800 (ntr=160 nval=40 nte=200)
2026-06-09 08:45:25 | INFO    | train_session_alignment | [align] riemannian_alignment   deepconvnet single_sub-002_ses02-to-ses03 seed=0 acc=0.6150 (ntr=160 nval=40 nte=200)
2026-06-09 08:45:31 | INFO    | train_session_alignment | [align] riemannian_alignment   deepconvnet single_sub-002_ses03-to-ses01 seed=0 acc=0.5150 (ntr=160 nval=40 nte=200)
2026-06-09 08:45:37 | INFO    | train_session_alignment | [align] riemannian_alignment   deepconvnet single_sub-002_ses03-to-ses02 seed=0 acc=0.4850 (ntr=160 nval=40 nte=200)
2026-06-09 08:45:43 | INFO    | train_session_alignment | [align] riemannian_alignment   deepconvnet single_sub-003_ses01-to-ses02 seed=0 acc=0.5200 (ntr=160 nval=40 nte=200)
2026-06-09 08:45:49 | INFO    | train_session_alignment | [align] riemannian_alignment   deepconvnet single_sub-003_ses01-to-ses03 seed=0 acc=0.4950 (ntr=160 nval=40 nte=200)
2026-06-09 08:45:55 | INFO    | train_session_alignment | [align] riemannian_alignment   deepconvnet single_sub-003_ses02-to-ses01 seed=0 acc=0.5000 (ntr=160 nval=40 nte=200)
2026-06-09 08:46:02 | INFO    | train_session_alignment | [align] riemannian_alignment   deepconvnet single_sub-003_ses02-to-ses03 seed=0 acc=0.5200 (ntr=160 nval=40 nte=200)
2026-06-09 08:46:08 | INFO    | train_session_alignment | [align] riemannian_alignment   deepconvnet single_sub-003_ses03-to-ses01 seed=0 acc=0.4750 (ntr=160 nval=40 nte=200)
2026-06-09 08:46:14 | INFO    | train_session_alignment | [align] riemannian_alignment   deepconvnet single_sub-003_ses03-to-ses02 seed=0 acc=0.5300 (ntr=160 nval=40 nte=200)
2026-06-09 08:46:20 | INFO    | train_session_alignment | [align] riemannian_alignment   deepconvnet single_sub-004_ses01-to-ses02 seed=0 acc=0.4950 (ntr=160 nval=40 nte=200)
2026-06-09 08:46:26 | INFO    | train_session_alignment | [align] riemannian_alignment   deepconvnet single_sub-004_ses01-to-ses03 seed=0 acc=0.4900 (ntr=160 nval=40 nte=200)
2026-06-09 08:46:32 | INFO    | train_session_alignment | [align] riemannian_alignment   deepconvnet single_sub-004_ses02-to-ses01 seed=0 acc=0.4650 (ntr=160 nval=40 nte=200)
2026-06-09 08:46:38 | INFO    | train_session_alignment | [align] riemannian_alignment   deepconvnet single_sub-004_ses02-to-ses03 seed=0 acc=0.5000 (ntr=160 nval=40 nte=200)
2026-06-09 08:46:44 | INFO    | train_session_alignment | [align] riemannian_alignment   deepconvnet single_sub-004_ses03-to-ses01 seed=0 acc=0.5100 (ntr=160 nval=40 nte=200)
2026-06-09 08:46:50 | INFO    | train_session_alignment | [align] riemannian_alignment   deepconvnet single_sub-004_ses03-to-ses02 seed=0 acc=0.4950 (ntr=160 nval=40 nte=200)
2026-06-09 08:46:58 | INFO    | train_session_alignment | [align] riemannian_alignment   deepconvnet single_sub-005_ses01-to-ses02 seed=0 acc=0.7700 (ntr=160 nval=40 nte=200)
2026-06-09 08:47:05 | INFO    | train_session_alignment | [align] riemannian_alignment   deepconvnet single_sub-005_ses01-to-ses03 seed=0 acc=0.6000 (ntr=160 nval=40 nte=200)
2026-06-09 08:47:12 | INFO    | train_session_alignment | [align] riemannian_alignment   deepconvnet single_sub-005_ses02-to-ses01 seed=0 acc=0.7200 (ntr=160 nval=40 nte=200)
2026-06-09 08:47:19 | INFO    | train_session_alignment | [align] riemannian_alignment   deepconvnet single_sub-005_ses02-to-ses03 seed=0 acc=0.5650 (ntr=160 nval=40 nte=200)
2026-06-09 08:47:25 | INFO    | train_session_alignment | [align] riemannian_alignment   deepconvnet single_sub-005_ses03-to-ses01 seed=0 acc=0.5000 (ntr=160 nval=40 nte=200)
2026-06-09 08:47:31 | INFO    | train_session_alignment | [align] riemannian_alignment   deepconvnet single_sub-005_ses03-to-ses02 seed=0 acc=0.4950 (ntr=160 nval=40 nte=200)
2026-06-09 08:47:42 | INFO    | train_session_alignment | [align] riemannian_alignment   deepconvnet single_sub-006_ses01-to-ses02 seed=0 acc=0.8250 (ntr=160 nval=40 nte=200)
2026-06-09 08:47:53 | INFO    | train_session_alignment | [align] riemannian_alignment   deepconvnet single_sub-006_ses01-to-ses03 seed=0 acc=0.8850 (ntr=160 nval=40 nte=200)
2026-06-09 08:47:59 | INFO    | train_session_alignment | [align] riemannian_alignment   deepconvnet single_sub-006_ses02-to-ses01 seed=0 acc=0.8050 (ntr=160 nval=40 nte=200)
2026-06-09 08:48:05 | INFO    | train_session_alignment | [align] riemannian_alignment   deepconvnet single_sub-006_ses02-to-ses03 seed=0 acc=0.8300 (ntr=160 nval=40 nte=200)
2026-06-09 08:48:13 | INFO    | train_session_alignment | [align] riemannian_alignment   deepconvnet single_sub-006_ses03-to-ses01 seed=0 acc=0.7950 (ntr=160 nval=40 nte=200)
2026-06-09 08:48:21 | INFO    | train_session_alignment | [align] riemannian_alignment   deepconvnet single_sub-006_ses03-to-ses02 seed=0 acc=0.7300 (ntr=160 nval=40 nte=200)
2026-06-09 08:48:30 | INFO    | train_session_alignment | [align] riemannian_alignment   deepconvnet single_sub-007_ses01-to-ses02 seed=0 acc=0.7200 (ntr=160 nval=40 nte=200)
2026-06-09 08:48:40 | INFO    | train_session_alignment | [align] riemannian_alignment   deepconvnet single_sub-007_ses01-to-ses03 seed=0 acc=0.6300 (ntr=160 nval=40 nte=200)
2026-06-09 08:48:46 | INFO    | train_session_alignment | [align] riemannian_alignment   deepconvnet single_sub-007_ses02-to-ses01 seed=0 acc=0.6450 (ntr=160 nval=40 nte=200)
2026-06-09 08:48:52 | INFO    | train_session_alignment | [align] riemannian_alignment   deepconvnet single_sub-007_ses02-to-ses03 seed=0 acc=0.8150 (ntr=160 nval=40 nte=200)
2026-06-09 08:48:59 | INFO    | train_session_alignment | [align] riemannian_alignment   deepconvnet single_sub-007_ses03-to-ses01 seed=0 acc=0.6450 (ntr=160 nval=40 nte=200)
2026-06-09 08:49:05 | INFO    | train_session_alignment | [align] riemannian_alignment   deepconvnet single_sub-007_ses03-to-ses02 seed=0 acc=0.7550 (ntr=160 nval=40 nte=200)
2026-06-09 08:49:11 | INFO    | train_session_alignment | [align] riemannian_alignment   deepconvnet single_sub-008_ses01-to-ses02 seed=0 acc=0.5550 (ntr=160 nval=40 nte=200)
2026-06-09 08:49:17 | INFO    | train_session_alignment | [align] riemannian_alignment   deepconvnet single_sub-008_ses01-to-ses03 seed=0 acc=0.4850 (ntr=160 nval=40 nte=200)
2026-06-09 08:49:26 | INFO    | train_session_alignment | [align] riemannian_alignment   deepconvnet single_sub-008_ses02-to-ses01 seed=0 acc=0.5650 (ntr=160 nval=40 nte=200)
2026-06-09 08:49:35 | INFO    | train_session_alignment | [align] riemannian_alignment   deepconvnet single_sub-008_ses02-to-ses03 seed=0 acc=0.7450 (ntr=160 nval=40 nte=200)
2026-06-09 08:49:43 | INFO    | train_session_alignment | [align] riemannian_alignment   deepconvnet single_sub-008_ses03-to-ses01 seed=0 acc=0.5100 (ntr=160 nval=40 nte=200)
2026-06-09 08:49:51 | INFO    | train_session_alignment | [align] riemannian_alignment   deepconvnet single_sub-008_ses03-to-ses02 seed=0 acc=0.5750 (ntr=160 nval=40 nte=200)
2026-06-09 08:49:57 | INFO    | train_session_alignment | [align] riemannian_alignment   deepconvnet single_sub-009_ses01-to-ses02 seed=0 acc=0.6050 (ntr=160 nval=40 nte=200)
2026-06-09 08:50:03 | INFO    | train_session_alignment | [align] riemannian_alignment   deepconvnet single_sub-009_ses01-to-ses03 seed=0 acc=0.5750 (ntr=160 nval=40 nte=200)
2026-06-09 08:50:10 | INFO    | train_session_alignment | [align] riemannian_alignment   deepconvnet single_sub-009_ses02-to-ses01 seed=0 acc=0.6100 (ntr=160 nval=40 nte=200)
2026-06-09 08:50:16 | INFO    | train_session_alignment | [align] riemannian_alignment   deepconvnet single_sub-009_ses02-to-ses03 seed=0 acc=0.5650 (ntr=160 nval=40 nte=200)
2026-06-09 08:50:22 | INFO    | train_session_alignment | [align] riemannian_alignment   deepconvnet single_sub-009_ses03-to-ses01 seed=0 acc=0.6300 (ntr=160 nval=40 nte=200)
2026-06-09 08:50:28 | INFO    | train_session_alignment | [align] riemannian_alignment   deepconvnet single_sub-009_ses03-to-ses02 seed=0 acc=0.5800 (ntr=160 nval=40 nte=200)
2026-06-09 08:50:34 | INFO    | train_session_alignment | [align] riemannian_alignment   deepconvnet single_sub-010_ses01-to-ses02 seed=0 acc=0.6100 (ntr=160 nval=40 nte=200)
2026-06-09 08:50:41 | INFO    | train_session_alignment | [align] riemannian_alignment   deepconvnet single_sub-010_ses01-to-ses03 seed=0 acc=0.5100 (ntr=160 nval=40 nte=200)
2026-06-09 08:50:48 | INFO    | train_session_alignment | [align] riemannian_alignment   deepconvnet single_sub-010_ses02-to-ses01 seed=0 acc=0.6300 (ntr=160 nval=40 nte=200)
2026-06-09 08:50:56 | INFO    | train_session_alignment | [align] riemannian_alignment   deepconvnet single_sub-010_ses02-to-ses03 seed=0 acc=0.5400 (ntr=160 nval=40 nte=200)
2026-06-09 08:51:02 | INFO    | train_session_alignment | [align] riemannian_alignment   deepconvnet single_sub-010_ses03-to-ses01 seed=0 acc=0.4950 (ntr=160 nval=40 nte=200)
2026-06-09 08:51:08 | INFO    | train_session_alignment | [align] riemannian_alignment   deepconvnet single_sub-010_ses03-to-ses02 seed=0 acc=0.5650 (ntr=160 nval=40 nte=200)
2026-06-09 08:51:14 | INFO    | train_session_alignment | [align] riemannian_alignment   deepconvnet single_sub-011_ses01-to-ses02 seed=0 acc=0.6550 (ntr=160 nval=40 nte=200)
2026-06-09 08:51:20 | INFO    | train_session_alignment | [align] riemannian_alignment   deepconvnet single_sub-011_ses01-to-ses03 seed=0 acc=0.8650 (ntr=160 nval=40 nte=200)
2026-06-09 08:51:27 | INFO    | train_session_alignment | [align] riemannian_alignment   deepconvnet single_sub-011_ses02-to-ses01 seed=0 acc=0.7400 (ntr=160 nval=40 nte=200)
2026-06-09 08:51:34 | INFO    | train_session_alignment | [align] riemannian_alignment   deepconvnet single_sub-011_ses02-to-ses03 seed=0 acc=0.7650 (ntr=160 nval=40 nte=200)
2026-06-09 08:51:53 | INFO    | train_session_alignment | [align] riemannian_alignment   deepconvnet single_sub-011_ses03-to-ses01 seed=0 acc=0.8050 (ntr=160 nval=40 nte=200)
2026-06-09 08:52:13 | INFO    | train_session_alignment | [align] riemannian_alignment   deepconvnet single_sub-011_ses03-to-ses02 seed=0 acc=0.6600 (ntr=160 nval=40 nte=200)
2026-06-09 08:52:19 | INFO    | train_session_alignment | [align] riemannian_alignment   deepconvnet single_sub-012_ses01-to-ses02 seed=0 acc=0.5150 (ntr=160 nval=40 nte=200)
2026-06-09 08:52:26 | INFO    | train_session_alignment | [align] riemannian_alignment   deepconvnet single_sub-012_ses01-to-ses03 seed=0 acc=0.5150 (ntr=160 nval=40 nte=200)
2026-06-09 08:52:32 | INFO    | train_session_alignment | [align] riemannian_alignment   deepconvnet single_sub-012_ses02-to-ses01 seed=0 acc=0.4900 (ntr=160 nval=40 nte=200)
2026-06-09 08:52:38 | INFO    | train_session_alignment | [align] riemannian_alignment   deepconvnet single_sub-012_ses02-to-ses03 seed=0 acc=0.5000 (ntr=160 nval=40 nte=200)
2026-06-09 08:52:44 | INFO    | train_session_alignment | [align] riemannian_alignment   deepconvnet single_sub-012_ses03-to-ses01 seed=0 acc=0.4950 (ntr=160 nval=40 nte=200)
2026-06-09 08:52:50 | INFO    | train_session_alignment | [align] riemannian_alignment   deepconvnet single_sub-012_ses03-to-ses02 seed=0 acc=0.5050 (ntr=160 nval=40 nte=200)
2026-06-09 08:52:56 | INFO    | train_session_alignment | [align] riemannian_alignment   deepconvnet single_sub-013_ses01-to-ses02 seed=0 acc=0.6900 (ntr=160 nval=40 nte=200)
2026-06-09 08:53:02 | INFO    | train_session_alignment | [align] riemannian_alignment   deepconvnet single_sub-013_ses01-to-ses03 seed=0 acc=0.6350 (ntr=160 nval=40 nte=200)
2026-06-09 08:53:13 | INFO    | train_session_alignment | [align] riemannian_alignment   deepconvnet single_sub-013_ses02-to-ses01 seed=0 acc=0.5950 (ntr=160 nval=40 nte=200)
2026-06-09 08:53:24 | INFO    | train_session_alignment | [align] riemannian_alignment   deepconvnet single_sub-013_ses02-to-ses03 seed=0 acc=0.6650 (ntr=160 nval=40 nte=200)
2026-06-09 08:53:31 | INFO    | train_session_alignment | [align] riemannian_alignment   deepconvnet single_sub-013_ses03-to-ses01 seed=0 acc=0.6900 (ntr=160 nval=40 nte=200)
2026-06-09 08:53:37 | INFO    | train_session_alignment | [align] riemannian_alignment   deepconvnet single_sub-013_ses03-to-ses02 seed=0 acc=0.7750 (ntr=160 nval=40 nte=200)
2026-06-09 08:53:43 | INFO    | train_session_alignment | [align] riemannian_alignment   deepconvnet single_sub-014_ses01-to-ses02 seed=0 acc=0.4900 (ntr=160 nval=40 nte=200)
2026-06-09 08:53:49 | INFO    | train_session_alignment | [align] riemannian_alignment   deepconvnet single_sub-014_ses01-to-ses03 seed=0 acc=0.5100 (ntr=160 nval=40 nte=200)
2026-06-09 08:53:57 | INFO    | train_session_alignment | [align] riemannian_alignment   deepconvnet single_sub-014_ses02-to-ses01 seed=0 acc=0.5050 (ntr=160 nval=40 nte=200)
2026-06-09 08:54:04 | INFO    | train_session_alignment | [align] riemannian_alignment   deepconvnet single_sub-014_ses02-to-ses03 seed=0 acc=0.4950 (ntr=160 nval=40 nte=200)
2026-06-09 08:54:10 | INFO    | train_session_alignment | [align] riemannian_alignment   deepconvnet single_sub-014_ses03-to-ses01 seed=0 acc=0.4750 (ntr=160 nval=40 nte=200)
2026-06-09 08:54:16 | INFO    | train_session_alignment | [align] riemannian_alignment   deepconvnet single_sub-014_ses03-to-ses02 seed=0 acc=0.4750 (ntr=160 nval=40 nte=200)
2026-06-09 08:54:23 | INFO    | train_session_alignment | [align] riemannian_alignment   deepconvnet single_sub-015_ses01-to-ses02 seed=0 acc=0.5350 (ntr=160 nval=40 nte=200)
2026-06-09 08:54:29 | INFO    | train_session_alignment | [align] riemannian_alignment   deepconvnet single_sub-015_ses01-to-ses03 seed=0 acc=0.5500 (ntr=160 nval=40 nte=200)
2026-06-09 08:54:36 | INFO    | train_session_alignment | [align] riemannian_alignment   deepconvnet single_sub-015_ses02-to-ses01 seed=0 acc=0.5250 (ntr=160 nval=40 nte=200)
2026-06-09 08:54:42 | INFO    | train_session_alignment | [align] riemannian_alignment   deepconvnet single_sub-015_ses02-to-ses03 seed=0 acc=0.5050 (ntr=160 nval=40 nte=200)
2026-06-09 08:54:50 | INFO    | train_session_alignment | [align] riemannian_alignment   deepconvnet single_sub-015_ses03-to-ses01 seed=0 acc=0.5900 (ntr=160 nval=40 nte=200)
2026-06-09 08:54:59 | INFO    | train_session_alignment | [align] riemannian_alignment   deepconvnet single_sub-015_ses03-to-ses02 seed=0 acc=0.6150 (ntr=160 nval=40 nte=200)
2026-06-09 08:55:09 | INFO    | train_session_alignment | [align] riemannian_alignment   deepconvnet single_sub-016_ses01-to-ses02 seed=0 acc=0.5100 (ntr=160 nval=40 nte=200)
2026-06-09 08:55:19 | INFO    | train_session_alignment | [align] riemannian_alignment   deepconvnet single_sub-016_ses01-to-ses03 seed=0 acc=0.5000 (ntr=160 nval=40 nte=200)
2026-06-09 08:55:25 | INFO    | train_session_alignment | [align] riemannian_alignment   deepconvnet single_sub-016_ses02-to-ses01 seed=0 acc=0.4750 (ntr=160 nval=40 nte=200)
2026-06-09 08:55:31 | INFO    | train_session_alignment | [align] riemannian_alignment   deepconvnet single_sub-016_ses02-to-ses03 seed=0 acc=0.4800 (ntr=160 nval=40 nte=200)
2026-06-09 08:55:37 | INFO    | train_session_alignment | [align] riemannian_alignment   deepconvnet single_sub-016_ses03-to-ses01 seed=0 acc=0.5750 (ntr=160 nval=40 nte=200)
2026-06-09 08:55:43 | INFO    | train_session_alignment | [align] riemannian_alignment   deepconvnet single_sub-016_ses03-to-ses02 seed=0 acc=0.4900 (ntr=160 nval=40 nte=200)
2026-06-09 08:55:51 | INFO    | train_session_alignment | [align] riemannian_alignment   deepconvnet single_sub-017_ses01-to-ses02 seed=0 acc=0.7300 (ntr=160 nval=40 nte=200)
2026-06-09 08:55:59 | INFO    | train_session_alignment | [align] riemannian_alignment   deepconvnet single_sub-017_ses01-to-ses03 seed=0 acc=0.6900 (ntr=160 nval=40 nte=200)
2026-06-09 08:56:06 | INFO    | train_session_alignment | [align] riemannian_alignment   deepconvnet single_sub-017_ses02-to-ses01 seed=0 acc=0.6450 (ntr=160 nval=40 nte=200)
2026-06-09 08:56:13 | INFO    | train_session_alignment | [align] riemannian_alignment   deepconvnet single_sub-017_ses02-to-ses03 seed=0 acc=0.7550 (ntr=160 nval=40 nte=200)
2026-06-09 08:56:19 | INFO    | train_session_alignment | [align] riemannian_alignment   deepconvnet single_sub-017_ses03-to-ses01 seed=0 acc=0.6100 (ntr=160 nval=40 nte=200)
2026-06-09 08:56:25 | INFO    | train_session_alignment | [align] riemannian_alignment   deepconvnet single_sub-017_ses03-to-ses02 seed=0 acc=0.6150 (ntr=160 nval=40 nte=200)
2026-06-09 08:56:35 | INFO    | train_session_alignment | [align] riemannian_alignment   deepconvnet single_sub-018_ses01-to-ses02 seed=0 acc=0.6250 (ntr=160 nval=40 nte=200)
2026-06-09 08:56:45 | INFO    | train_session_alignment | [align] riemannian_alignment   deepconvnet single_sub-018_ses01-to-ses03 seed=0 acc=0.5250 (ntr=160 nval=40 nte=200)
2026-06-09 08:56:53 | INFO    | train_session_alignment | [align] riemannian_alignment   deepconvnet single_sub-018_ses02-to-ses01 seed=0 acc=0.6300 (ntr=160 nval=40 nte=200)
2026-06-09 08:57:00 | INFO    | train_session_alignment | [align] riemannian_alignment   deepconvnet single_sub-018_ses02-to-ses03 seed=0 acc=0.5400 (ntr=160 nval=40 nte=200)
2026-06-09 08:57:06 | INFO    | train_session_alignment | [align] riemannian_alignment   deepconvnet single_sub-018_ses03-to-ses01 seed=0 acc=0.6300 (ntr=160 nval=40 nte=200)
2026-06-09 08:57:12 | INFO    | train_session_alignment | [align] riemannian_alignment   deepconvnet single_sub-018_ses03-to-ses02 seed=0 acc=0.5250 (ntr=160 nval=40 nte=200)
2026-06-09 08:57:18 | INFO    | train_session_alignment | [align] riemannian_alignment   deepconvnet single_sub-019_ses01-to-ses02 seed=0 acc=0.5750 (ntr=160 nval=40 nte=200)
2026-06-09 08:57:24 | INFO    | train_session_alignment | [align] riemannian_alignment   deepconvnet single_sub-019_ses01-to-ses03 seed=0 acc=0.6050 (ntr=160 nval=40 nte=200)
2026-06-09 08:57:31 | INFO    | train_session_alignment | [align] riemannian_alignment   deepconvnet single_sub-019_ses02-to-ses01 seed=0 acc=0.5200 (ntr=160 nval=40 nte=200)
2026-06-09 08:57:38 | INFO    | train_session_alignment | [align] riemannian_alignment   deepconvnet single_sub-019_ses02-to-ses03 seed=0 acc=0.7800 (ntr=160 nval=40 nte=200)
2026-06-09 08:57:46 | INFO    | train_session_alignment | [align] riemannian_alignment   deepconvnet single_sub-019_ses03-to-ses01 seed=0 acc=0.5900 (ntr=160 nval=40 nte=200)
2026-06-09 08:57:53 | INFO    | train_session_alignment | [align] riemannian_alignment   deepconvnet single_sub-019_ses03-to-ses02 seed=0 acc=0.7500 (ntr=160 nval=40 nte=200)
2026-06-09 08:58:04 | INFO    | train_session_alignment | [align] riemannian_alignment   deepconvnet single_sub-020_ses01-to-ses02 seed=0 acc=0.7950 (ntr=160 nval=40 nte=200)
2026-06-09 08:58:15 | INFO    | train_session_alignment | [align] riemannian_alignment   deepconvnet single_sub-020_ses01-to-ses03 seed=0 acc=0.5750 (ntr=160 nval=40 nte=200)
2026-06-09 08:58:32 | INFO    | train_session_alignment | [align] riemannian_alignment   deepconvnet single_sub-020_ses02-to-ses01 seed=0 acc=0.7200 (ntr=160 nval=40 nte=200)
2026-06-09 08:58:50 | INFO    | train_session_alignment | [align] riemannian_alignment   deepconvnet single_sub-020_ses02-to-ses03 seed=0 acc=0.4100 (ntr=160 nval=40 nte=200)
2026-06-09 08:58:57 | INFO    | train_session_alignment | [align] riemannian_alignment   deepconvnet single_sub-020_ses03-to-ses01 seed=0 acc=0.4800 (ntr=160 nval=40 nte=200)
2026-06-09 08:59:05 | INFO    | train_session_alignment | [align] riemannian_alignment   deepconvnet single_sub-020_ses03-to-ses02 seed=0 acc=0.4900 (ntr=160 nval=40 nte=200)
2026-06-09 08:59:11 | INFO    | train_session_alignment | [align] riemannian_alignment   deepconvnet single_sub-021_ses01-to-ses02 seed=0 acc=0.5100 (ntr=160 nval=40 nte=200)
2026-06-09 08:59:17 | INFO    | train_session_alignment | [align] riemannian_alignment   deepconvnet single_sub-021_ses01-to-ses03 seed=0 acc=0.5050 (ntr=160 nval=40 nte=200)
2026-06-09 08:59:23 | INFO    | train_session_alignment | [align] riemannian_alignment   deepconvnet single_sub-021_ses02-to-ses01 seed=0 acc=0.5100 (ntr=160 nval=40 nte=200)
2026-06-09 08:59:29 | INFO    | train_session_alignment | [align] riemannian_alignment   deepconvnet single_sub-021_ses02-to-ses03 seed=0 acc=0.5300 (ntr=160 nval=40 nte=200)
2026-06-09 08:59:35 | INFO    | train_session_alignment | [align] riemannian_alignment   deepconvnet single_sub-021_ses03-to-ses01 seed=0 acc=0.5050 (ntr=160 nval=40 nte=200)
2026-06-09 08:59:41 | INFO    | train_session_alignment | [align] riemannian_alignment   deepconvnet single_sub-021_ses03-to-ses02 seed=0 acc=0.4900 (ntr=160 nval=40 nte=200)
2026-06-09 08:59:47 | INFO    | train_session_alignment | [align] riemannian_alignment   deepconvnet single_sub-022_ses01-to-ses02 seed=0 acc=0.5000 (ntr=160 nval=40 nte=200)
2026-06-09 08:59:54 | INFO    | train_session_alignment | [align] riemannian_alignment   deepconvnet single_sub-022_ses01-to-ses03 seed=0 acc=0.5150 (ntr=160 nval=40 nte=200)
2026-06-09 09:00:01 | INFO    | train_session_alignment | [align] riemannian_alignment   deepconvnet single_sub-022_ses02-to-ses01 seed=0 acc=0.6200 (ntr=160 nval=40 nte=200)
2026-06-09 09:00:09 | INFO    | train_session_alignment | [align] riemannian_alignment   deepconvnet single_sub-022_ses02-to-ses03 seed=0 acc=0.6350 (ntr=160 nval=40 nte=200)
2026-06-09 09:00:15 | INFO    | train_session_alignment | [align] riemannian_alignment   deepconvnet single_sub-022_ses03-to-ses01 seed=0 acc=0.4950 (ntr=160 nval=40 nte=200)
2026-06-09 09:00:21 | INFO    | train_session_alignment | [align] riemannian_alignment   deepconvnet single_sub-022_ses03-to-ses02 seed=0 acc=0.5050 (ntr=160 nval=40 nte=200)
2026-06-09 09:00:27 | INFO    | train_session_alignment | [align] riemannian_alignment   deepconvnet single_sub-023_ses02-to-ses03 seed=0 acc=0.6700 (ntr=160 nval=40 nte=200)
2026-06-09 09:00:34 | INFO    | train_session_alignment | [align] riemannian_alignment   deepconvnet single_sub-023_ses03-to-ses02 seed=0 acc=0.5550 (ntr=160 nval=40 nte=200)
2026-06-09 09:00:41 | INFO    | train_session_alignment | [align] riemannian_alignment   deepconvnet single_sub-025_ses01-to-ses02 seed=0 acc=0.8500 (ntr=160 nval=40 nte=200)
2026-06-09 09:00:47 | INFO    | train_session_alignment | [align] riemannian_alignment   deepconvnet single_sub-025_ses01-to-ses03 seed=0 acc=0.8250 (ntr=160 nval=40 nte=200)
2026-06-09 09:00:53 | INFO    | train_session_alignment | [align] riemannian_alignment   deepconvnet single_sub-025_ses02-to-ses01 seed=0 acc=0.8150 (ntr=160 nval=40 nte=200)
2026-06-09 09:01:00 | INFO    | train_session_alignment | [align] riemannian_alignment   deepconvnet single_sub-025_ses02-to-ses03 seed=0 acc=0.7850 (ntr=160 nval=40 nte=200)
2026-06-09 09:01:08 | INFO    | train_session_alignment | [align] riemannian_alignment   deepconvnet single_sub-025_ses03-to-ses01 seed=0 acc=0.8250 (ntr=160 nval=40 nte=200)
2026-06-09 09:01:17 | INFO    | train_session_alignment | [align] riemannian_alignment   deepconvnet single_sub-025_ses03-to-ses02 seed=0 acc=0.8400 (ntr=160 nval=40 nte=200)
2026-06-09 09:01:25 | INFO    | train_session_alignment | [align] riemannian_alignment   deepconvnet single_sub-026_ses02-to-ses03 seed=0 acc=0.9100 (ntr=160 nval=40 nte=200)
2026-06-09 09:01:31 | INFO    | train_session_alignment | [align] riemannian_alignment   deepconvnet single_sub-026_ses03-to-ses02 seed=0 acc=0.9500 (ntr=160 nval=40 nte=200)
2026-06-09 09:01:45 | INFO    | train_session_alignment | [align] riemannian_alignment   deepconvnet single_sub-027_ses01-to-ses02 seed=0 acc=0.6450 (ntr=160 nval=40 nte=200)
2026-06-09 09:02:00 | INFO    | train_session_alignment | [align] riemannian_alignment   deepconvnet single_sub-027_ses01-to-ses03 seed=0 acc=0.8000 (ntr=160 nval=40 nte=200)
2026-06-09 09:02:06 | INFO    | train_session_alignment | [align] riemannian_alignment   deepconvnet single_sub-027_ses02-to-ses01 seed=0 acc=0.5400 (ntr=160 nval=40 nte=200)
2026-06-09 09:02:12 | INFO    | train_session_alignment | [align] riemannian_alignment   deepconvnet single_sub-027_ses02-to-ses03 seed=0 acc=0.5100 (ntr=160 nval=40 nte=200)
2026-06-09 09:02:23 | INFO    | train_session_alignment | [align] riemannian_alignment   deepconvnet single_sub-027_ses03-to-ses01 seed=0 acc=0.6800 (ntr=160 nval=40 nte=200)
2026-06-09 09:02:34 | INFO    | train_session_alignment | [align] riemannian_alignment   deepconvnet single_sub-027_ses03-to-ses02 seed=0 acc=0.5350 (ntr=160 nval=40 nte=200)
2026-06-09 09:02:43 | INFO    | train_session_alignment | [align] riemannian_alignment   deepconvnet single_sub-028_ses01-to-ses02 seed=0 acc=0.6900 (ntr=160 nval=40 nte=200)
2026-06-09 09:02:51 | INFO    | train_session_alignment | [align] riemannian_alignment   deepconvnet single_sub-028_ses01-to-ses03 seed=0 acc=0.5600 (ntr=160 nval=40 nte=200)
2026-06-09 09:02:58 | INFO    | train_session_alignment | [align] riemannian_alignment   deepconvnet single_sub-028_ses02-to-ses01 seed=0 acc=0.6800 (ntr=160 nval=40 nte=200)
2026-06-09 09:03:05 | INFO    | train_session_alignment | [align] riemannian_alignment   deepconvnet single_sub-028_ses02-to-ses03 seed=0 acc=0.5150 (ntr=160 nval=40 nte=200)
2026-06-09 09:03:12 | INFO    | train_session_alignment | [align] riemannian_alignment   deepconvnet single_sub-028_ses03-to-ses01 seed=0 acc=0.5300 (ntr=160 nval=40 nte=200)
2026-06-09 09:03:18 | INFO    | train_session_alignment | [align] riemannian_alignment   deepconvnet single_sub-028_ses03-to-ses02 seed=0 acc=0.5600 (ntr=160 nval=40 nte=200)
2026-06-09 09:03:27 | INFO    | train_session_alignment | [align] riemannian_alignment   deepconvnet single_sub-029_ses01-to-ses02 seed=0 acc=0.7100 (ntr=160 nval=40 nte=200)
2026-06-09 09:03:37 | INFO    | train_session_alignment | [align] riemannian_alignment   deepconvnet single_sub-029_ses01-to-ses03 seed=0 acc=0.7400 (ntr=160 nval=40 nte=200)
2026-06-09 09:03:49 | INFO    | train_session_alignment | [align] riemannian_alignment   deepconvnet single_sub-029_ses02-to-ses01 seed=0 acc=0.4400 (ntr=160 nval=40 nte=200)
2026-06-09 09:04:01 | INFO    | train_session_alignment | [align] riemannian_alignment   deepconvnet single_sub-029_ses02-to-ses03 seed=0 acc=0.8450 (ntr=160 nval=40 nte=200)
2026-06-09 09:04:22 | INFO    | train_session_alignment | [align] riemannian_alignment   deepconvnet single_sub-029_ses03-to-ses01 seed=0 acc=0.5000 (ntr=160 nval=40 nte=200)
2026-06-09 09:04:43 | INFO    | train_session_alignment | [align] riemannian_alignment   deepconvnet single_sub-029_ses03-to-ses02 seed=0 acc=0.9500 (ntr=160 nval=40 nte=200)
2026-06-09 09:04:52 | INFO    | train_session_alignment | [align] riemannian_alignment   deepconvnet single_sub-030_ses01-to-ses02 seed=0 acc=0.7600 (ntr=160 nval=40 nte=200)
2026-06-09 09:05:01 | INFO    | train_session_alignment | [align] riemannian_alignment   deepconvnet single_sub-030_ses01-to-ses03 seed=0 acc=0.7550 (ntr=160 nval=40 nte=200)
2026-06-09 09:05:07 | INFO    | train_session_alignment | [align] riemannian_alignment   deepconvnet single_sub-030_ses02-to-ses01 seed=0 acc=0.9150 (ntr=160 nval=40 nte=200)
2026-06-09 09:05:14 | INFO    | train_session_alignment | [align] riemannian_alignment   deepconvnet single_sub-030_ses02-to-ses03 seed=0 acc=0.8300 (ntr=160 nval=40 nte=200)
2026-06-09 09:05:20 | INFO    | train_session_alignment | [align] riemannian_alignment   deepconvnet single_sub-030_ses03-to-ses01 seed=0 acc=0.7200 (ntr=160 nval=40 nte=200)
2026-06-09 09:05:26 | INFO    | train_session_alignment | [align] riemannian_alignment   deepconvnet single_sub-030_ses03-to-ses02 seed=0 acc=0.8050 (ntr=160 nval=40 nte=200)
2026-06-09 09:05:32 | INFO    | train_session_alignment | [align] riemannian_alignment   deepconvnet single_sub-031_ses01-to-ses02 seed=0 acc=0.7250 (ntr=160 nval=40 nte=200)
2026-06-09 09:05:38 | INFO    | train_session_alignment | [align] riemannian_alignment   deepconvnet single_sub-031_ses01-to-ses03 seed=0 acc=0.6750 (ntr=160 nval=40 nte=200)
2026-06-09 09:05:48 | INFO    | train_session_alignment | [align] riemannian_alignment   deepconvnet single_sub-031_ses02-to-ses01 seed=0 acc=0.6600 (ntr=160 nval=40 nte=200)
2026-06-09 09:05:56 | INFO    | train_session_alignment | [align] riemannian_alignment   deepconvnet single_sub-031_ses02-to-ses03 seed=0 acc=0.7300 (ntr=160 nval=40 nte=200)
2026-06-09 09:06:03 | INFO    | train_session_alignment | [align] riemannian_alignment   deepconvnet single_sub-031_ses03-to-ses01 seed=0 acc=0.6150 (ntr=160 nval=40 nte=200)
2026-06-09 09:06:09 | INFO    | train_session_alignment | [align] riemannian_alignment   deepconvnet single_sub-031_ses03-to-ses02 seed=0 acc=0.7600 (ntr=160 nval=40 nte=200)
2026-06-09 09:06:16 | INFO    | train_session_alignment | [align] riemannian_alignment   deepconvnet single_sub-032_ses01-to-ses03 seed=0 acc=0.5450 (ntr=160 nval=40 nte=200)
2026-06-09 09:06:22 | INFO    | train_session_alignment | [align] riemannian_alignment   deepconvnet single_sub-032_ses03-to-ses01 seed=0 acc=0.5350 (ntr=160 nval=40 nte=200)
2026-06-09 09:06:30 | INFO    | train_session_alignment | [align] riemannian_alignment   deepconvnet single_sub-033_ses01-to-ses02 seed=0 acc=0.7850 (ntr=160 nval=40 nte=200)
2026-06-09 09:06:37 | INFO    | train_session_alignment | [align] riemannian_alignment   deepconvnet single_sub-033_ses01-to-ses03 seed=0 acc=0.7950 (ntr=160 nval=40 nte=200)
2026-06-09 09:06:43 | INFO    | train_session_alignment | [align] riemannian_alignment   deepconvnet single_sub-033_ses02-to-ses01 seed=0 acc=0.7650 (ntr=160 nval=40 nte=200)
2026-06-09 09:06:50 | INFO    | train_session_alignment | [align] riemannian_alignment   deepconvnet single_sub-033_ses02-to-ses03 seed=0 acc=0.7600 (ntr=160 nval=40 nte=200)
2026-06-09 09:06:56 | INFO    | train_session_alignment | [align] riemannian_alignment   deepconvnet single_sub-033_ses03-to-ses01 seed=0 acc=0.6850 (ntr=160 nval=40 nte=200)
2026-06-09 09:07:03 | INFO    | train_session_alignment | [align] riemannian_alignment   deepconvnet single_sub-033_ses03-to-ses02 seed=0 acc=0.7750 (ntr=160 nval=40 nte=200)
2026-06-09 09:07:10 | INFO    | train_session_alignment | [align] riemannian_alignment   deepconvnet single_sub-034_ses01-to-ses02 seed=0 acc=0.6900 (ntr=160 nval=40 nte=200)
2026-06-09 09:07:17 | INFO    | train_session_alignment | [align] riemannian_alignment   deepconvnet single_sub-034_ses01-to-ses03 seed=0 acc=0.6850 (ntr=160 nval=40 nte=200)
2026-06-09 09:07:23 | INFO    | train_session_alignment | [align] riemannian_alignment   deepconvnet single_sub-034_ses02-to-ses01 seed=0 acc=0.6350 (ntr=160 nval=40 nte=200)
2026-06-09 09:07:29 | INFO    | train_session_alignment | [align] riemannian_alignment   deepconvnet single_sub-034_ses02-to-ses03 seed=0 acc=0.7250 (ntr=160 nval=40 nte=200)
2026-06-09 09:07:37 | INFO    | train_session_alignment | [align] riemannian_alignment   deepconvnet single_sub-034_ses03-to-ses01 seed=0 acc=0.7000 (ntr=160 nval=40 nte=200)
2026-06-09 09:07:45 | INFO    | train_session_alignment | [align] riemannian_alignment   deepconvnet single_sub-034_ses03-to-ses02 seed=0 acc=0.8150 (ntr=160 nval=40 nte=200)
2026-06-09 09:07:55 | INFO    | train_session_alignment | [align] riemannian_alignment   deepconvnet single_sub-035_ses01-to-ses02 seed=0 acc=0.8950 (ntr=160 nval=40 nte=200)
2026-06-09 09:08:04 | INFO    | train_session_alignment | [align] riemannian_alignment   deepconvnet single_sub-035_ses01-to-ses03 seed=0 acc=0.8250 (ntr=160 nval=40 nte=200)
2026-06-09 09:08:17 | INFO    | train_session_alignment | [align] riemannian_alignment   deepconvnet single_sub-035_ses02-to-ses01 seed=0 acc=0.9100 (ntr=160 nval=40 nte=200)
2026-06-09 09:08:30 | INFO    | train_session_alignment | [align] riemannian_alignment   deepconvnet single_sub-035_ses02-to-ses03 seed=0 acc=0.8700 (ntr=160 nval=40 nte=200)
2026-06-09 09:08:36 | INFO    | train_session_alignment | [align] riemannian_alignment   deepconvnet single_sub-035_ses03-to-ses01 seed=0 acc=0.6650 (ntr=160 nval=40 nte=200)
2026-06-09 09:08:41 | INFO    | train_session_alignment | [align] riemannian_alignment   deepconvnet single_sub-035_ses03-to-ses02 seed=0 acc=0.5950 (ntr=160 nval=40 nte=200)
2026-06-09 09:08:48 | INFO    | train_session_alignment | [align] riemannian_alignment   deepconvnet single_sub-036_ses01-to-ses02 seed=0 acc=0.6400 (ntr=160 nval=40 nte=200)
2026-06-09 09:08:54 | INFO    | train_session_alignment | [align] riemannian_alignment   deepconvnet single_sub-036_ses01-to-ses03 seed=0 acc=0.7050 (ntr=160 nval=40 nte=200)
2026-06-09 09:09:01 | INFO    | train_session_alignment | [align] riemannian_alignment   deepconvnet single_sub-036_ses02-to-ses01 seed=0 acc=0.7000 (ntr=160 nval=40 nte=200)
2026-06-09 09:09:09 | INFO    | train_session_alignment | [align] riemannian_alignment   deepconvnet single_sub-036_ses02-to-ses03 seed=0 acc=0.9000 (ntr=160 nval=40 nte=200)
2026-06-09 09:09:16 | INFO    | train_session_alignment | [align] riemannian_alignment   deepconvnet single_sub-036_ses03-to-ses01 seed=0 acc=0.7600 (ntr=160 nval=40 nte=200)
2026-06-09 09:09:23 | INFO    | train_session_alignment | [align] riemannian_alignment   deepconvnet single_sub-036_ses03-to-ses02 seed=0 acc=0.7650 (ntr=160 nval=40 nte=200)
2026-06-09 09:09:30 | INFO    | train_session_alignment | [align] riemannian_alignment   deepconvnet single_sub-037_ses01-to-ses02 seed=0 acc=0.7850 (ntr=160 nval=40 nte=200)
2026-06-09 09:09:37 | INFO    | train_session_alignment | [align] riemannian_alignment   deepconvnet single_sub-037_ses01-to-ses03 seed=0 acc=0.7500 (ntr=160 nval=40 nte=200)
2026-06-09 09:09:43 | INFO    | train_session_alignment | [align] riemannian_alignment   deepconvnet single_sub-037_ses02-to-ses01 seed=0 acc=0.8000 (ntr=160 nval=40 nte=200)
2026-06-09 09:09:50 | INFO    | train_session_alignment | [align] riemannian_alignment   deepconvnet single_sub-037_ses02-to-ses03 seed=0 acc=0.8500 (ntr=160 nval=40 nte=200)
2026-06-09 09:09:56 | INFO    | train_session_alignment | [align] riemannian_alignment   deepconvnet single_sub-037_ses03-to-ses01 seed=0 acc=0.7600 (ntr=160 nval=40 nte=200)
2026-06-09 09:10:03 | INFO    | train_session_alignment | [align] riemannian_alignment   deepconvnet single_sub-037_ses03-to-ses02 seed=0 acc=0.8200 (ntr=160 nval=40 nte=200)
2026-06-09 09:10:09 | INFO    | train_session_alignment | [align] riemannian_alignment   deepconvnet single_sub-038_ses01-to-ses02 seed=0 acc=0.6100 (ntr=160 nval=40 nte=200)
2026-06-09 09:10:15 | INFO    | train_session_alignment | [align] riemannian_alignment   deepconvnet single_sub-038_ses01-to-ses03 seed=0 acc=0.5150 (ntr=160 nval=40 nte=200)
2026-06-09 09:10:22 | INFO    | train_session_alignment | [align] riemannian_alignment   deepconvnet single_sub-038_ses02-to-ses01 seed=0 acc=0.5350 (ntr=160 nval=40 nte=200)
2026-06-09 09:10:28 | INFO    | train_session_alignment | [align] riemannian_alignment   deepconvnet single_sub-038_ses02-to-ses03 seed=0 acc=0.4750 (ntr=160 nval=40 nte=200)
2026-06-09 09:10:34 | INFO    | train_session_alignment | [align] riemannian_alignment   deepconvnet single_sub-038_ses03-to-ses01 seed=0 acc=0.5600 (ntr=160 nval=40 nte=200)
2026-06-09 09:10:41 | INFO    | train_session_alignment | [align] riemannian_alignment   deepconvnet single_sub-038_ses03-to-ses02 seed=0 acc=0.4300 (ntr=160 nval=40 nte=200)
2026-06-09 09:10:47 | INFO    | train_session_alignment | [align] riemannian_alignment   deepconvnet single_sub-039_ses01-to-ses02 seed=0 acc=0.5000 (ntr=160 nval=40 nte=200)
2026-06-09 09:10:53 | INFO    | train_session_alignment | [align] riemannian_alignment   deepconvnet single_sub-039_ses01-to-ses03 seed=0 acc=0.5000 (ntr=160 nval=40 nte=200)
2026-06-09 09:10:59 | INFO    | train_session_alignment | [align] riemannian_alignment   deepconvnet single_sub-039_ses02-to-ses01 seed=0 acc=0.4700 (ntr=160 nval=40 nte=200)
2026-06-09 09:11:05 | INFO    | train_session_alignment | [align] riemannian_alignment   deepconvnet single_sub-039_ses02-to-ses03 seed=0 acc=0.5100 (ntr=160 nval=40 nte=200)
2026-06-09 09:11:11 | INFO    | train_session_alignment | [align] riemannian_alignment   deepconvnet single_sub-039_ses03-to-ses01 seed=0 acc=0.4550 (ntr=160 nval=40 nte=200)
2026-06-09 09:11:17 | INFO    | train_session_alignment | [align] riemannian_alignment   deepconvnet single_sub-039_ses03-to-ses02 seed=0 acc=0.5700 (ntr=160 nval=40 nte=200)
2026-06-09 09:11:24 | INFO    | train_session_alignment | [align] riemannian_alignment   deepconvnet single_sub-040_ses01-to-ses02 seed=0 acc=0.5850 (ntr=160 nval=40 nte=200)
2026-06-09 09:11:30 | INFO    | train_session_alignment | [align] riemannian_alignment   deepconvnet single_sub-040_ses01-to-ses03 seed=0 acc=0.6200 (ntr=160 nval=40 nte=200)
2026-06-09 09:11:36 | INFO    | train_session_alignment | [align] riemannian_alignment   deepconvnet single_sub-040_ses02-to-ses01 seed=0 acc=0.6200 (ntr=160 nval=40 nte=200)
2026-06-09 09:11:42 | INFO    | train_session_alignment | [align] riemannian_alignment   deepconvnet single_sub-040_ses02-to-ses03 seed=0 acc=0.6400 (ntr=160 nval=40 nte=200)
2026-06-09 09:11:49 | INFO    | train_session_alignment | [align] riemannian_alignment   deepconvnet single_sub-040_ses03-to-ses01 seed=0 acc=0.6900 (ntr=160 nval=40 nte=200)
2026-06-09 09:11:55 | INFO    | train_session_alignment | [align] riemannian_alignment   deepconvnet single_sub-040_ses03-to-ses02 seed=0 acc=0.6200 (ntr=160 nval=40 nte=200)
2026-06-09 09:12:01 | INFO    | train_session_alignment | [align] riemannian_alignment   deepconvnet single_sub-041_ses01-to-ses02 seed=0 acc=0.7800 (ntr=160 nval=40 nte=200)
2026-06-09 09:12:08 | INFO    | train_session_alignment | [align] riemannian_alignment   deepconvnet single_sub-041_ses01-to-ses03 seed=0 acc=0.8650 (ntr=160 nval=40 nte=200)
2026-06-09 09:12:14 | INFO    | train_session_alignment | [align] riemannian_alignment   deepconvnet single_sub-041_ses02-to-ses01 seed=0 acc=0.8250 (ntr=160 nval=40 nte=200)
2026-06-09 09:12:20 | INFO    | train_session_alignment | [align] riemannian_alignment   deepconvnet single_sub-041_ses02-to-ses03 seed=0 acc=0.8600 (ntr=160 nval=40 nte=200)
2026-06-09 09:12:26 | INFO    | train_session_alignment | [align] riemannian_alignment   deepconvnet single_sub-041_ses03-to-ses01 seed=0 acc=0.7650 (ntr=160 nval=40 nte=200)
2026-06-09 09:12:33 | INFO    | train_session_alignment | [align] riemannian_alignment   deepconvnet single_sub-041_ses03-to-ses02 seed=0 acc=0.7450 (ntr=160 nval=40 nte=200)
2026-06-09 09:12:43 | INFO    | train_session_alignment | [align] riemannian_alignment   deepconvnet single_sub-042_ses01-to-ses02 seed=0 acc=0.6650 (ntr=160 nval=40 nte=200)
2026-06-09 09:12:53 | INFO    | train_session_alignment | [align] riemannian_alignment   deepconvnet single_sub-042_ses01-to-ses03 seed=0 acc=0.6100 (ntr=160 nval=40 nte=200)
2026-06-09 09:12:59 | INFO    | train_session_alignment | [align] riemannian_alignment   deepconvnet single_sub-042_ses02-to-ses01 seed=0 acc=0.5350 (ntr=160 nval=40 nte=200)
2026-06-09 09:13:06 | INFO    | train_session_alignment | [align] riemannian_alignment   deepconvnet single_sub-042_ses02-to-ses03 seed=0 acc=0.5650 (ntr=160 nval=40 nte=200)
2026-06-09 09:13:12 | INFO    | train_session_alignment | [align] riemannian_alignment   deepconvnet single_sub-042_ses03-to-ses01 seed=0 acc=0.6050 (ntr=160 nval=40 nte=200)
2026-06-09 09:13:18 | INFO    | train_session_alignment | [align] riemannian_alignment   deepconvnet single_sub-042_ses03-to-ses02 seed=0 acc=0.5500 (ntr=160 nval=40 nte=200)
2026-06-09 09:13:29 | INFO    | train_session_alignment | [align] riemannian_alignment   deepconvnet single_sub-043_ses01-to-ses02 seed=0 acc=0.8500 (ntr=160 nval=40 nte=200)
2026-06-09 09:13:39 | INFO    | train_session_alignment | [align] riemannian_alignment   deepconvnet single_sub-043_ses01-to-ses03 seed=0 acc=0.8300 (ntr=160 nval=40 nte=200)
2026-06-09 09:13:48 | INFO    | train_session_alignment | [align] riemannian_alignment   deepconvnet single_sub-043_ses02-to-ses01 seed=0 acc=0.8950 (ntr=160 nval=40 nte=200)
2026-06-09 09:13:59 | INFO    | train_session_alignment | [align] riemannian_alignment   deepconvnet single_sub-043_ses02-to-ses03 seed=0 acc=0.8500 (ntr=160 nval=40 nte=200)
2026-06-09 09:14:06 | INFO    | train_session_alignment | [align] riemannian_alignment   deepconvnet single_sub-043_ses03-to-ses01 seed=0 acc=0.7500 (ntr=160 nval=40 nte=200)
2026-06-09 09:14:12 | INFO    | train_session_alignment | [align] riemannian_alignment   deepconvnet single_sub-043_ses03-to-ses02 seed=0 acc=0.7250 (ntr=160 nval=40 nte=200)
2026-06-09 09:14:18 | INFO    | train_session_alignment | [align] riemannian_alignment   deepconvnet single_sub-044_ses01-to-ses02 seed=0 acc=0.5500 (ntr=160 nval=40 nte=200)
2026-06-09 09:14:24 | INFO    | train_session_alignment | [align] riemannian_alignment   deepconvnet single_sub-044_ses01-to-ses03 seed=0 acc=0.5650 (ntr=160 nval=40 nte=200)
2026-06-09 09:14:30 | INFO    | train_session_alignment | [align] riemannian_alignment   deepconvnet single_sub-044_ses02-to-ses01 seed=0 acc=0.5400 (ntr=160 nval=40 nte=200)
2026-06-09 09:14:36 | INFO    | train_session_alignment | [align] riemannian_alignment   deepconvnet single_sub-044_ses02-to-ses03 seed=0 acc=0.6250 (ntr=160 nval=40 nte=200)
2026-06-09 09:14:42 | INFO    | train_session_alignment | [align] riemannian_alignment   deepconvnet single_sub-044_ses03-to-ses01 seed=0 acc=0.5050 (ntr=160 nval=40 nte=200)
2026-06-09 09:14:48 | INFO    | train_session_alignment | [align] riemannian_alignment   deepconvnet single_sub-044_ses03-to-ses02 seed=0 acc=0.5400 (ntr=160 nval=40 nte=200)
2026-06-09 09:14:54 | INFO    | train_session_alignment | [align] riemannian_alignment   deepconvnet single_sub-045_ses01-to-ses02 seed=0 acc=0.5150 (ntr=160 nval=40 nte=200)
2026-06-09 09:15:00 | INFO    | train_session_alignment | [align] riemannian_alignment   deepconvnet single_sub-045_ses01-to-ses03 seed=0 acc=0.5250 (ntr=160 nval=40 nte=200)
2026-06-09 09:15:06 | INFO    | train_session_alignment | [align] riemannian_alignment   deepconvnet single_sub-045_ses02-to-ses01 seed=0 acc=0.6600 (ntr=160 nval=40 nte=200)
2026-06-09 09:15:12 | INFO    | train_session_alignment | [align] riemannian_alignment   deepconvnet single_sub-045_ses02-to-ses03 seed=0 acc=0.5500 (ntr=160 nval=40 nte=200)
2026-06-09 09:15:18 | INFO    | train_session_alignment | [align] riemannian_alignment   deepconvnet single_sub-045_ses03-to-ses01 seed=0 acc=0.5800 (ntr=160 nval=40 nte=200)
2026-06-09 09:15:24 | INFO    | train_session_alignment | [align] riemannian_alignment   deepconvnet single_sub-045_ses03-to-ses02 seed=0 acc=0.5250 (ntr=160 nval=40 nte=200)
2026-06-09 09:15:35 | INFO    | train_session_alignment | [align] riemannian_alignment   deepconvnet single_sub-046_ses01-to-ses02 seed=0 acc=0.8600 (ntr=160 nval=40 nte=200)
2026-06-09 09:15:46 | INFO    | train_session_alignment | [align] riemannian_alignment   deepconvnet single_sub-046_ses01-to-ses03 seed=0 acc=0.8800 (ntr=160 nval=40 nte=200)
2026-06-09 09:15:53 | INFO    | train_session_alignment | [align] riemannian_alignment   deepconvnet single_sub-046_ses02-to-ses01 seed=0 acc=0.7600 (ntr=160 nval=40 nte=200)
2026-06-09 09:16:01 | INFO    | train_session_alignment | [align] riemannian_alignment   deepconvnet single_sub-046_ses02-to-ses03 seed=0 acc=0.8050 (ntr=160 nval=40 nte=200)
2026-06-09 09:16:13 | INFO    | train_session_alignment | [align] riemannian_alignment   deepconvnet single_sub-046_ses03-to-ses01 seed=0 acc=0.8650 (ntr=160 nval=40 nte=200)
2026-06-09 09:16:25 | INFO    | train_session_alignment | [align] riemannian_alignment   deepconvnet single_sub-046_ses03-to-ses02 seed=0 acc=0.8000 (ntr=160 nval=40 nte=200)
2026-06-09 09:16:31 | INFO    | train_session_alignment | [align] riemannian_alignment   deepconvnet single_sub-047_ses01-to-ses02 seed=0 acc=0.6450 (ntr=160 nval=40 nte=200)
2026-06-09 09:16:38 | INFO    | train_session_alignment | [align] riemannian_alignment   deepconvnet single_sub-047_ses01-to-ses03 seed=0 acc=0.6150 (ntr=160 nval=40 nte=200)
2026-06-09 09:16:44 | INFO    | train_session_alignment | [align] riemannian_alignment   deepconvnet single_sub-047_ses02-to-ses01 seed=0 acc=0.6700 (ntr=160 nval=40 nte=200)
2026-06-09 09:16:50 | INFO    | train_session_alignment | [align] riemannian_alignment   deepconvnet single_sub-047_ses02-to-ses03 seed=0 acc=0.5600 (ntr=160 nval=40 nte=200)
2026-06-09 09:16:56 | INFO    | train_session_alignment | [align] riemannian_alignment   deepconvnet single_sub-047_ses03-to-ses01 seed=0 acc=0.6100 (ntr=160 nval=40 nte=200)
2026-06-09 09:17:03 | INFO    | train_session_alignment | [align] riemannian_alignment   deepconvnet single_sub-047_ses03-to-ses02 seed=0 acc=0.5750 (ntr=160 nval=40 nte=200)
2026-06-09 09:17:08 | INFO    | train_session_alignment | [align] riemannian_alignment   deepconvnet single_sub-048_ses01-to-ses02 seed=0 acc=0.5650 (ntr=160 nval=40 nte=200)
2026-06-09 09:17:14 | INFO    | train_session_alignment | [align] riemannian_alignment   deepconvnet single_sub-048_ses01-to-ses03 seed=0 acc=0.5500 (ntr=160 nval=40 nte=200)
2026-06-09 09:17:21 | INFO    | train_session_alignment | [align] riemannian_alignment   deepconvnet single_sub-048_ses02-to-ses01 seed=0 acc=0.7200 (ntr=160 nval=40 nte=200)
2026-06-09 09:17:27 | INFO    | train_session_alignment | [align] riemannian_alignment   deepconvnet single_sub-048_ses02-to-ses03 seed=0 acc=0.7100 (ntr=160 nval=40 nte=200)
2026-06-09 09:17:34 | INFO    | train_session_alignment | [align] riemannian_alignment   deepconvnet single_sub-048_ses03-to-ses01 seed=0 acc=0.7550 (ntr=160 nval=40 nte=200)
2026-06-09 09:17:40 | INFO    | train_session_alignment | [align] riemannian_alignment   deepconvnet single_sub-048_ses03-to-ses02 seed=0 acc=0.6900 (ntr=160 nval=40 nte=200)
2026-06-09 09:17:49 | INFO    | train_session_alignment | [align] riemannian_alignment   deepconvnet single_sub-049_ses01-to-ses02 seed=0 acc=0.5550 (ntr=160 nval=40 nte=200)
2026-06-09 09:17:58 | INFO    | train_session_alignment | [align] riemannian_alignment   deepconvnet single_sub-049_ses01-to-ses03 seed=0 acc=0.6400 (ntr=160 nval=40 nte=200)
2026-06-09 09:18:04 | INFO    | train_session_alignment | [align] riemannian_alignment   deepconvnet single_sub-049_ses02-to-ses01 seed=0 acc=0.5000 (ntr=160 nval=40 nte=200)
2026-06-09 09:18:10 | INFO    | train_session_alignment | [align] riemannian_alignment   deepconvnet single_sub-049_ses02-to-ses03 seed=0 acc=0.5100 (ntr=160 nval=40 nte=200)
2026-06-09 09:18:17 | INFO    | train_session_alignment | [align] riemannian_alignment   deepconvnet single_sub-049_ses03-to-ses01 seed=0 acc=0.7250 (ntr=160 nval=40 nte=200)
2026-06-09 09:18:25 | INFO    | train_session_alignment | [align] riemannian_alignment   deepconvnet single_sub-049_ses03-to-ses02 seed=0 acc=0.6300 (ntr=160 nval=40 nte=200)
2026-06-09 09:18:34 | INFO    | train_session_alignment | [align] riemannian_alignment   deepconvnet single_sub-050_ses01-to-ses02 seed=0 acc=0.7050 (ntr=160 nval=40 nte=200)
2026-06-09 09:18:43 | INFO    | train_session_alignment | [align] riemannian_alignment   deepconvnet single_sub-050_ses01-to-ses03 seed=0 acc=0.7150 (ntr=160 nval=40 nte=200)
2026-06-09 09:18:51 | INFO    | train_session_alignment | [align] riemannian_alignment   deepconvnet single_sub-050_ses02-to-ses01 seed=0 acc=0.7800 (ntr=160 nval=40 nte=200)
2026-06-09 09:18:59 | INFO    | train_session_alignment | [align] riemannian_alignment   deepconvnet single_sub-050_ses02-to-ses03 seed=0 acc=0.8300 (ntr=160 nval=40 nte=200)
2026-06-09 09:19:06 | INFO    | train_session_alignment | [align] riemannian_alignment   deepconvnet single_sub-050_ses03-to-ses01 seed=0 acc=0.7100 (ntr=160 nval=40 nte=200)
2026-06-09 09:19:14 | INFO    | train_session_alignment | [align] riemannian_alignment   deepconvnet single_sub-050_ses03-to-ses02 seed=0 acc=0.8400 (ntr=160 nval=40 nte=200)
2026-06-09 09:19:22 | INFO    | train_session_alignment | [align] riemannian_alignment   deepconvnet single_sub-051_ses01-to-ses02 seed=0 acc=0.5750 (ntr=160 nval=40 nte=200)
2026-06-09 09:19:30 | INFO    | train_session_alignment | [align] riemannian_alignment   deepconvnet single_sub-051_ses01-to-ses03 seed=0 acc=0.7400 (ntr=160 nval=40 nte=200)
2026-06-09 09:19:36 | INFO    | train_session_alignment | [align] riemannian_alignment   deepconvnet single_sub-051_ses02-to-ses01 seed=0 acc=0.4950 (ntr=160 nval=40 nte=200)
2026-06-09 09:19:42 | INFO    | train_session_alignment | [align] riemannian_alignment   deepconvnet single_sub-051_ses02-to-ses03 seed=0 acc=0.5350 (ntr=160 nval=40 nte=200)
2026-06-09 09:19:49 | INFO    | train_session_alignment | [align] riemannian_alignment   deepconvnet single_sub-051_ses03-to-ses01 seed=0 acc=0.6450 (ntr=160 nval=40 nte=200)
2026-06-09 09:19:56 | INFO    | train_session_alignment | [align] riemannian_alignment   deepconvnet single_sub-051_ses03-to-ses02 seed=0 acc=0.6050 (ntr=160 nval=40 nte=200)
2026-06-09 09:20:06 | INFO    | train_session_alignment | [align] riemannian_alignment   deepconvnet multi_sub-001_ses01ses02-to-ses03 seed=0 acc=0.8900 (ntr=320 nval=80 nte=200)
2026-06-09 09:20:15 | INFO    | train_session_alignment | [align] riemannian_alignment   deepconvnet multi_sub-002_ses01ses02-to-ses03 seed=0 acc=0.6750 (ntr=320 nval=80 nte=200)
2026-06-09 09:20:44 | INFO    | train_session_alignment | [align] riemannian_alignment   deepconvnet multi_sub-003_ses01ses02-to-ses03 seed=0 acc=0.9100 (ntr=320 nval=80 nte=200)
2026-06-09 09:20:53 | INFO    | train_session_alignment | [align] riemannian_alignment   deepconvnet multi_sub-004_ses01ses02-to-ses03 seed=0 acc=0.5100 (ntr=320 nval=80 nte=200)
2026-06-09 09:21:03 | INFO    | train_session_alignment | [align] riemannian_alignment   deepconvnet multi_sub-005_ses01ses02-to-ses03 seed=0 acc=0.5500 (ntr=320 nval=80 nte=200)
2026-06-09 09:21:14 | INFO    | train_session_alignment | [align] riemannian_alignment   deepconvnet multi_sub-006_ses01ses02-to-ses03 seed=0 acc=0.9150 (ntr=320 nval=80 nte=200)
2026-06-09 09:21:22 | INFO    | train_session_alignment | [align] riemannian_alignment   deepconvnet multi_sub-007_ses01ses02-to-ses03 seed=0 acc=0.7550 (ntr=320 nval=80 nte=200)
2026-06-09 09:21:30 | INFO    | train_session_alignment | [align] riemannian_alignment   deepconvnet multi_sub-008_ses01ses02-to-ses03 seed=0 acc=0.6550 (ntr=320 nval=80 nte=200)
2026-06-09 09:21:39 | INFO    | train_session_alignment | [align] riemannian_alignment   deepconvnet multi_sub-009_ses01ses02-to-ses03 seed=0 acc=0.5700 (ntr=320 nval=80 nte=200)
2026-06-09 09:21:48 | INFO    | train_session_alignment | [align] riemannian_alignment   deepconvnet multi_sub-010_ses01ses02-to-ses03 seed=0 acc=0.5200 (ntr=320 nval=80 nte=200)
2026-06-09 09:21:58 | INFO    | train_session_alignment | [align] riemannian_alignment   deepconvnet multi_sub-011_ses01ses02-to-ses03 seed=0 acc=0.9150 (ntr=320 nval=80 nte=200)
2026-06-09 09:22:06 | INFO    | train_session_alignment | [align] riemannian_alignment   deepconvnet multi_sub-012_ses01ses02-to-ses03 seed=0 acc=0.5150 (ntr=320 nval=80 nte=200)
2026-06-09 09:22:15 | INFO    | train_session_alignment | [align] riemannian_alignment   deepconvnet multi_sub-013_ses01ses02-to-ses03 seed=0 acc=0.7000 (ntr=320 nval=80 nte=200)
2026-06-09 09:22:24 | INFO    | train_session_alignment | [align] riemannian_alignment   deepconvnet multi_sub-014_ses01ses02-to-ses03 seed=0 acc=0.4650 (ntr=320 nval=80 nte=200)
2026-06-09 09:22:34 | INFO    | train_session_alignment | [align] riemannian_alignment   deepconvnet multi_sub-015_ses01ses02-to-ses03 seed=0 acc=0.6000 (ntr=320 nval=80 nte=200)
2026-06-09 09:22:43 | INFO    | train_session_alignment | [align] riemannian_alignment   deepconvnet multi_sub-016_ses01ses02-to-ses03 seed=0 acc=0.6000 (ntr=320 nval=80 nte=200)
2026-06-09 09:22:55 | INFO    | train_session_alignment | [align] riemannian_alignment   deepconvnet multi_sub-017_ses01ses02-to-ses03 seed=0 acc=0.6950 (ntr=320 nval=80 nte=200)
2026-06-09 09:23:08 | INFO    | train_session_alignment | [align] riemannian_alignment   deepconvnet multi_sub-018_ses01ses02-to-ses03 seed=0 acc=0.5600 (ntr=320 nval=80 nte=200)
2026-06-09 09:23:18 | INFO    | train_session_alignment | [align] riemannian_alignment   deepconvnet multi_sub-019_ses01ses02-to-ses03 seed=0 acc=0.8500 (ntr=320 nval=80 nte=200)
2026-06-09 09:23:41 | INFO    | train_session_alignment | [align] riemannian_alignment   deepconvnet multi_sub-020_ses01ses02-to-ses03 seed=0 acc=0.5800 (ntr=320 nval=80 nte=200)
2026-06-09 09:24:05 | INFO    | train_session_alignment | [align] riemannian_alignment   deepconvnet multi_sub-021_ses01ses02-to-ses03 seed=0 acc=0.8100 (ntr=320 nval=80 nte=200)
2026-06-09 09:24:16 | INFO    | train_session_alignment | [align] riemannian_alignment   deepconvnet multi_sub-022_ses01ses02-to-ses03 seed=0 acc=0.6100 (ntr=320 nval=80 nte=200)
2026-06-09 09:24:24 | INFO    | train_session_alignment | [align] riemannian_alignment   deepconvnet multi_sub-025_ses01ses02-to-ses03 seed=0 acc=0.8400 (ntr=320 nval=80 nte=200)
2026-06-09 09:24:36 | INFO    | train_session_alignment | [align] riemannian_alignment   deepconvnet multi_sub-027_ses01ses02-to-ses03 seed=0 acc=0.8400 (ntr=320 nval=80 nte=200)
2026-06-09 09:24:52 | INFO    | train_session_alignment | [align] riemannian_alignment   deepconvnet multi_sub-028_ses01ses02-to-ses03 seed=0 acc=0.5250 (ntr=320 nval=80 nte=200)
2026-06-09 09:25:02 | INFO    | train_session_alignment | [align] riemannian_alignment   deepconvnet multi_sub-029_ses01ses02-to-ses03 seed=0 acc=0.9350 (ntr=320 nval=80 nte=200)
2026-06-09 09:25:10 | INFO    | train_session_alignment | [align] riemannian_alignment   deepconvnet multi_sub-030_ses01ses02-to-ses03 seed=0 acc=0.5000 (ntr=320 nval=80 nte=200)
2026-06-09 09:25:19 | INFO    | train_session_alignment | [align] riemannian_alignment   deepconvnet multi_sub-031_ses01ses02-to-ses03 seed=0 acc=0.7500 (ntr=320 nval=80 nte=200)
2026-06-09 09:25:31 | INFO    | train_session_alignment | [align] riemannian_alignment   deepconvnet multi_sub-033_ses01ses02-to-ses03 seed=0 acc=0.8900 (ntr=320 nval=80 nte=200)
2026-06-09 09:25:44 | INFO    | train_session_alignment | [align] riemannian_alignment   deepconvnet multi_sub-034_ses01ses02-to-ses03 seed=0 acc=0.7550 (ntr=320 nval=80 nte=200)
2026-06-09 09:26:02 | INFO    | train_session_alignment | [align] riemannian_alignment   deepconvnet multi_sub-035_ses01ses02-to-ses03 seed=0 acc=0.9400 (ntr=320 nval=80 nte=200)
2026-06-09 09:26:26 | INFO    | train_session_alignment | [align] riemannian_alignment   deepconvnet multi_sub-036_ses01ses02-to-ses03 seed=0 acc=0.9800 (ntr=320 nval=80 nte=200)
2026-06-09 09:26:36 | INFO    | train_session_alignment | [align] riemannian_alignment   deepconvnet multi_sub-037_ses01ses02-to-ses03 seed=0 acc=0.8300 (ntr=320 nval=80 nte=200)
2026-06-09 09:26:54 | INFO    | train_session_alignment | [align] riemannian_alignment   deepconvnet multi_sub-038_ses01ses02-to-ses03 seed=0 acc=0.5450 (ntr=320 nval=80 nte=200)
2026-06-09 09:27:02 | INFO    | train_session_alignment | [align] riemannian_alignment   deepconvnet multi_sub-039_ses01ses02-to-ses03 seed=0 acc=0.5000 (ntr=320 nval=80 nte=200)
2026-06-09 09:27:11 | INFO    | train_session_alignment | [align] riemannian_alignment   deepconvnet multi_sub-040_ses01ses02-to-ses03 seed=0 acc=0.6750 (ntr=320 nval=80 nte=200)
2026-06-09 09:27:23 | INFO    | train_session_alignment | [align] riemannian_alignment   deepconvnet multi_sub-041_ses01ses02-to-ses03 seed=0 acc=0.8400 (ntr=320 nval=80 nte=200)
2026-06-09 09:27:32 | INFO    | train_session_alignment | [align] riemannian_alignment   deepconvnet multi_sub-042_ses01ses02-to-ses03 seed=0 acc=0.6050 (ntr=320 nval=80 nte=200)
2026-06-09 09:27:44 | INFO    | train_session_alignment | [align] riemannian_alignment   deepconvnet multi_sub-043_ses01ses02-to-ses03 seed=0 acc=0.8950 (ntr=320 nval=80 nte=200)
2026-06-09 09:27:53 | INFO    | train_session_alignment | [align] riemannian_alignment   deepconvnet multi_sub-044_ses01ses02-to-ses03 seed=0 acc=0.6400 (ntr=320 nval=80 nte=200)
2026-06-09 09:28:01 | INFO    | train_session_alignment | [align] riemannian_alignment   deepconvnet multi_sub-045_ses01ses02-to-ses03 seed=0 acc=0.6450 (ntr=320 nval=80 nte=200)
2026-06-09 09:28:21 | INFO    | train_session_alignment | [align] riemannian_alignment   deepconvnet multi_sub-046_ses01ses02-to-ses03 seed=0 acc=0.9550 (ntr=320 nval=80 nte=200)
2026-06-09 09:28:33 | INFO    | train_session_alignment | [align] riemannian_alignment   deepconvnet multi_sub-047_ses01ses02-to-ses03 seed=0 acc=0.7750 (ntr=320 nval=80 nte=200)
2026-06-09 09:28:44 | INFO    | train_session_alignment | [align] riemannian_alignment   deepconvnet multi_sub-048_ses01ses02-to-ses03 seed=0 acc=0.8000 (ntr=320 nval=80 nte=200)
2026-06-09 09:29:01 | INFO    | train_session_alignment | [align] riemannian_alignment   deepconvnet multi_sub-049_ses01ses02-to-ses03 seed=0 acc=0.6450 (ntr=320 nval=80 nte=200)
2026-06-09 09:29:16 | INFO    | train_session_alignment | [align] riemannian_alignment   deepconvnet multi_sub-050_ses01ses02-to-ses03 seed=0 acc=0.8550 (ntr=320 nval=80 nte=200)
2026-06-09 09:29:25 | INFO    | train_session_alignment | [align] riemannian_alignment   deepconvnet multi_sub-051_ses01ses02-to-ses03 seed=0 acc=0.8400 (ntr=320 nval=80 nte=200)
2026-06-09 09:29:25 | INFO    | train_session_alignment | ALL DONE in 2708.3s | rows=335 ok=335 failed=0 | out=/share/home/yuan/SYX/eeg-mi-online/outputs/experiments/alignment_baseline_v1
Done: Tue Jun  9 09:29:26 CST 2026
