Project: /share/home/yuan/SYX/eeg-mi-online
Env    : mi_torch_cu118
Args   : --methods bn_statistics_adaptation --models fbcnet --seeds 4 --protocols single,multi --tag-suffix bn_statistics_adaptation_fbcnet_s4
Node   : gpu01 | Start: Tue Jun  9 14:10:41 CST 2026
Tue Jun  9 14:10:42 2026       
+-----------------------------------------------------------------------------------------+
| NVIDIA-SMI 570.153.02             Driver Version: 570.153.02     CUDA Version: 12.8     |
|-----------------------------------------+------------------------+----------------------+
| GPU  Name                 Persistence-M | Bus-Id          Disp.A | Volatile Uncorr. ECC |
| Fan  Temp   Perf          Pwr:Usage/Cap |           Memory-Usage | GPU-Util  Compute M. |
|                                         |                        |               MIG M. |
|=========================================+========================+======================|
|   0  NVIDIA GeForce RTX 4090 D      On  |   00000000:41:00.0 Off |                  Off |
| 78%   47C    P0             69W /  425W |       1MiB /  24564MiB |      0%      Default |
|                                         |                        |                  N/A |
+-----------------------------------------+------------------------+----------------------+
                                                                                         
+-----------------------------------------------------------------------------------------+
| Processes:                                                                              |
|  GPU   GI   CI              PID   Type   Process name                        GPU Memory |
|        ID   ID                                                               Usage      |
|=========================================================================================|
|  No running processes found                                                             |
+-----------------------------------------------------------------------------------------+
[cuda-check] torch=2.7.1+cu118 cuda_build=11.8 cuda_avail=True
2026-06-09 14:10:45 | INFO    | train_session_alignment | device=cuda | cuda={'torch': '2.7.1+cu118', 'cuda_build': '11.8', 'cuda_available': True, 'device': 'cuda', 'device_name': 'NVIDIA GeForce RTX 4090 D'}
2026-06-09 14:10:45 | INFO    | train_session_alignment | loaded 148 ok sessions | methods=['bn_statistics_adaptation'] | models=['fbcnet'] | seeds=[4] | groups=['single', 'multi'] | tasks=335
2026-06-09 14:10:56 | INFO    | train_session_alignment | [align] bn_statistics_adaptation fbcnet      single_sub-001_ses01-to-ses02 seed=4 acc=0.6600 (ntr=160 nval=40 nte=200)
2026-06-09 14:11:05 | INFO    | train_session_alignment | [align] bn_statistics_adaptation fbcnet      single_sub-001_ses01-to-ses03 seed=4 acc=0.6350 (ntr=160 nval=40 nte=200)
2026-06-09 14:11:14 | INFO    | train_session_alignment | [align] bn_statistics_adaptation fbcnet      single_sub-001_ses02-to-ses01 seed=4 acc=0.6150 (ntr=160 nval=40 nte=200)
2026-06-09 14:11:23 | INFO    | train_session_alignment | [align] bn_statistics_adaptation fbcnet      single_sub-001_ses02-to-ses03 seed=4 acc=0.8000 (ntr=160 nval=40 nte=200)
2026-06-09 14:11:31 | INFO    | train_session_alignment | [align] bn_statistics_adaptation fbcnet      single_sub-001_ses03-to-ses01 seed=4 acc=0.6250 (ntr=160 nval=40 nte=200)
2026-06-09 14:11:38 | INFO    | train_session_alignment | [align] bn_statistics_adaptation fbcnet      single_sub-001_ses03-to-ses02 seed=4 acc=0.7400 (ntr=160 nval=40 nte=200)
2026-06-09 14:11:42 | INFO    | train_session_alignment | [align] bn_statistics_adaptation fbcnet      single_sub-002_ses01-to-ses02 seed=4 acc=0.4650 (ntr=160 nval=40 nte=200)
2026-06-09 14:11:47 | INFO    | train_session_alignment | [align] bn_statistics_adaptation fbcnet      single_sub-002_ses01-to-ses03 seed=4 acc=0.5200 (ntr=160 nval=40 nte=200)
2026-06-09 14:11:51 | INFO    | train_session_alignment | [align] bn_statistics_adaptation fbcnet      single_sub-002_ses02-to-ses01 seed=4 acc=0.4850 (ntr=160 nval=40 nte=200)
2026-06-09 14:11:54 | INFO    | train_session_alignment | [align] bn_statistics_adaptation fbcnet      single_sub-002_ses02-to-ses03 seed=4 acc=0.5800 (ntr=160 nval=40 nte=200)
2026-06-09 14:11:59 | INFO    | train_session_alignment | [align] bn_statistics_adaptation fbcnet      single_sub-002_ses03-to-ses01 seed=4 acc=0.5250 (ntr=160 nval=40 nte=200)
2026-06-09 14:12:05 | INFO    | train_session_alignment | [align] bn_statistics_adaptation fbcnet      single_sub-002_ses03-to-ses02 seed=4 acc=0.5750 (ntr=160 nval=40 nte=200)
2026-06-09 14:12:12 | INFO    | train_session_alignment | [align] bn_statistics_adaptation fbcnet      single_sub-003_ses01-to-ses02 seed=4 acc=0.6650 (ntr=160 nval=40 nte=200)
2026-06-09 14:12:19 | INFO    | train_session_alignment | [align] bn_statistics_adaptation fbcnet      single_sub-003_ses01-to-ses03 seed=4 acc=0.5000 (ntr=160 nval=40 nte=200)
2026-06-09 14:12:30 | INFO    | train_session_alignment | [align] bn_statistics_adaptation fbcnet      single_sub-003_ses02-to-ses01 seed=4 acc=0.6450 (ntr=160 nval=40 nte=200)
2026-06-09 14:12:41 | INFO    | train_session_alignment | [align] bn_statistics_adaptation fbcnet      single_sub-003_ses02-to-ses03 seed=4 acc=0.6900 (ntr=160 nval=40 nte=200)
2026-06-09 14:12:48 | INFO    | train_session_alignment | [align] bn_statistics_adaptation fbcnet      single_sub-003_ses03-to-ses01 seed=4 acc=0.6100 (ntr=160 nval=40 nte=200)
2026-06-09 14:12:56 | INFO    | train_session_alignment | [align] bn_statistics_adaptation fbcnet      single_sub-003_ses03-to-ses02 seed=4 acc=0.6350 (ntr=160 nval=40 nte=200)
2026-06-09 14:13:00 | INFO    | train_session_alignment | [align] bn_statistics_adaptation fbcnet      single_sub-004_ses01-to-ses02 seed=4 acc=0.5200 (ntr=160 nval=40 nte=200)
2026-06-09 14:13:04 | INFO    | train_session_alignment | [align] bn_statistics_adaptation fbcnet      single_sub-004_ses01-to-ses03 seed=4 acc=0.5350 (ntr=160 nval=40 nte=200)
2026-06-09 14:13:08 | INFO    | train_session_alignment | [align] bn_statistics_adaptation fbcnet      single_sub-004_ses02-to-ses01 seed=4 acc=0.5950 (ntr=160 nval=40 nte=200)
2026-06-09 14:13:12 | INFO    | train_session_alignment | [align] bn_statistics_adaptation fbcnet      single_sub-004_ses02-to-ses03 seed=4 acc=0.4750 (ntr=160 nval=40 nte=200)
2026-06-09 14:13:16 | INFO    | train_session_alignment | [align] bn_statistics_adaptation fbcnet      single_sub-004_ses03-to-ses01 seed=4 acc=0.5350 (ntr=160 nval=40 nte=200)
2026-06-09 14:13:20 | INFO    | train_session_alignment | [align] bn_statistics_adaptation fbcnet      single_sub-004_ses03-to-ses02 seed=4 acc=0.5400 (ntr=160 nval=40 nte=200)
2026-06-09 14:13:34 | INFO    | train_session_alignment | [align] bn_statistics_adaptation fbcnet      single_sub-005_ses01-to-ses02 seed=4 acc=0.7450 (ntr=160 nval=40 nte=200)
2026-06-09 14:13:48 | INFO    | train_session_alignment | [align] bn_statistics_adaptation fbcnet      single_sub-005_ses01-to-ses03 seed=4 acc=0.8100 (ntr=160 nval=40 nte=200)
2026-06-09 14:13:54 | INFO    | train_session_alignment | [align] bn_statistics_adaptation fbcnet      single_sub-005_ses02-to-ses01 seed=4 acc=0.6650 (ntr=160 nval=40 nte=200)
2026-06-09 14:14:00 | INFO    | train_session_alignment | [align] bn_statistics_adaptation fbcnet      single_sub-005_ses02-to-ses03 seed=4 acc=0.6700 (ntr=160 nval=40 nte=200)
2026-06-09 14:14:14 | INFO    | train_session_alignment | [align] bn_statistics_adaptation fbcnet      single_sub-005_ses03-to-ses01 seed=4 acc=0.7500 (ntr=160 nval=40 nte=200)
2026-06-09 14:14:27 | INFO    | train_session_alignment | [align] bn_statistics_adaptation fbcnet      single_sub-005_ses03-to-ses02 seed=4 acc=0.7600 (ntr=160 nval=40 nte=200)
2026-06-09 14:14:41 | INFO    | train_session_alignment | [align] bn_statistics_adaptation fbcnet      single_sub-006_ses01-to-ses02 seed=4 acc=0.8550 (ntr=160 nval=40 nte=200)
2026-06-09 14:14:55 | INFO    | train_session_alignment | [align] bn_statistics_adaptation fbcnet      single_sub-006_ses01-to-ses03 seed=4 acc=0.8650 (ntr=160 nval=40 nte=200)
2026-06-09 14:15:09 | INFO    | train_session_alignment | [align] bn_statistics_adaptation fbcnet      single_sub-006_ses02-to-ses01 seed=4 acc=0.7250 (ntr=160 nval=40 nte=200)
2026-06-09 14:15:23 | INFO    | train_session_alignment | [align] bn_statistics_adaptation fbcnet      single_sub-006_ses02-to-ses03 seed=4 acc=0.8200 (ntr=160 nval=40 nte=200)
2026-06-09 14:15:37 | INFO    | train_session_alignment | [align] bn_statistics_adaptation fbcnet      single_sub-006_ses03-to-ses01 seed=4 acc=0.6150 (ntr=160 nval=40 nte=200)
2026-06-09 14:15:52 | INFO    | train_session_alignment | [align] bn_statistics_adaptation fbcnet      single_sub-006_ses03-to-ses02 seed=4 acc=0.8550 (ntr=160 nval=40 nte=200)
2026-06-09 14:15:55 | INFO    | train_session_alignment | [align] bn_statistics_adaptation fbcnet      single_sub-007_ses01-to-ses02 seed=4 acc=0.5400 (ntr=160 nval=40 nte=200)
2026-06-09 14:15:59 | INFO    | train_session_alignment | [align] bn_statistics_adaptation fbcnet      single_sub-007_ses01-to-ses03 seed=4 acc=0.5350 (ntr=160 nval=40 nte=200)
2026-06-09 14:16:06 | INFO    | train_session_alignment | [align] bn_statistics_adaptation fbcnet      single_sub-007_ses02-to-ses01 seed=4 acc=0.5900 (ntr=160 nval=40 nte=200)
2026-06-09 14:16:13 | INFO    | train_session_alignment | [align] bn_statistics_adaptation fbcnet      single_sub-007_ses02-to-ses03 seed=4 acc=0.6050 (ntr=160 nval=40 nte=200)
2026-06-09 14:16:17 | INFO    | train_session_alignment | [align] bn_statistics_adaptation fbcnet      single_sub-007_ses03-to-ses01 seed=4 acc=0.5600 (ntr=160 nval=40 nte=200)
2026-06-09 14:16:22 | INFO    | train_session_alignment | [align] bn_statistics_adaptation fbcnet      single_sub-007_ses03-to-ses02 seed=4 acc=0.5750 (ntr=160 nval=40 nte=200)
2026-06-09 14:16:26 | INFO    | train_session_alignment | [align] bn_statistics_adaptation fbcnet      single_sub-008_ses01-to-ses02 seed=4 acc=0.5850 (ntr=160 nval=40 nte=200)
2026-06-09 14:16:30 | INFO    | train_session_alignment | [align] bn_statistics_adaptation fbcnet      single_sub-008_ses01-to-ses03 seed=4 acc=0.5700 (ntr=160 nval=40 nte=200)
2026-06-09 14:16:35 | INFO    | train_session_alignment | [align] bn_statistics_adaptation fbcnet      single_sub-008_ses02-to-ses01 seed=4 acc=0.6400 (ntr=160 nval=40 nte=200)
2026-06-09 14:16:39 | INFO    | train_session_alignment | [align] bn_statistics_adaptation fbcnet      single_sub-008_ses02-to-ses03 seed=4 acc=0.6950 (ntr=160 nval=40 nte=200)
2026-06-09 14:16:47 | INFO    | train_session_alignment | [align] bn_statistics_adaptation fbcnet      single_sub-008_ses03-to-ses01 seed=4 acc=0.5850 (ntr=160 nval=40 nte=200)
2026-06-09 14:16:55 | INFO    | train_session_alignment | [align] bn_statistics_adaptation fbcnet      single_sub-008_ses03-to-ses02 seed=4 acc=0.6700 (ntr=160 nval=40 nte=200)
2026-06-09 14:16:59 | INFO    | train_session_alignment | [align] bn_statistics_adaptation fbcnet      single_sub-009_ses01-to-ses02 seed=4 acc=0.6400 (ntr=160 nval=40 nte=200)
2026-06-09 14:17:03 | INFO    | train_session_alignment | [align] bn_statistics_adaptation fbcnet      single_sub-009_ses01-to-ses03 seed=4 acc=0.4650 (ntr=160 nval=40 nte=200)
2026-06-09 14:17:07 | INFO    | train_session_alignment | [align] bn_statistics_adaptation fbcnet      single_sub-009_ses02-to-ses01 seed=4 acc=0.5650 (ntr=160 nval=40 nte=200)
2026-06-09 14:17:11 | INFO    | train_session_alignment | [align] bn_statistics_adaptation fbcnet      single_sub-009_ses02-to-ses03 seed=4 acc=0.4600 (ntr=160 nval=40 nte=200)
2026-06-09 14:17:15 | INFO    | train_session_alignment | [align] bn_statistics_adaptation fbcnet      single_sub-009_ses03-to-ses01 seed=4 acc=0.5150 (ntr=160 nval=40 nte=200)
2026-06-09 14:17:18 | INFO    | train_session_alignment | [align] bn_statistics_adaptation fbcnet      single_sub-009_ses03-to-ses02 seed=4 acc=0.5600 (ntr=160 nval=40 nte=200)
2026-06-09 14:17:22 | INFO    | train_session_alignment | [align] bn_statistics_adaptation fbcnet      single_sub-010_ses01-to-ses02 seed=4 acc=0.6400 (ntr=160 nval=40 nte=200)
2026-06-09 14:17:26 | INFO    | train_session_alignment | [align] bn_statistics_adaptation fbcnet      single_sub-010_ses01-to-ses03 seed=4 acc=0.5550 (ntr=160 nval=40 nte=200)
2026-06-09 14:17:32 | INFO    | train_session_alignment | [align] bn_statistics_adaptation fbcnet      single_sub-010_ses02-to-ses01 seed=4 acc=0.5950 (ntr=160 nval=40 nte=200)
2026-06-09 14:17:38 | INFO    | train_session_alignment | [align] bn_statistics_adaptation fbcnet      single_sub-010_ses02-to-ses03 seed=4 acc=0.5350 (ntr=160 nval=40 nte=200)
2026-06-09 14:17:47 | INFO    | train_session_alignment | [align] bn_statistics_adaptation fbcnet      single_sub-010_ses03-to-ses01 seed=4 acc=0.5600 (ntr=160 nval=40 nte=200)
2026-06-09 14:17:56 | INFO    | train_session_alignment | [align] bn_statistics_adaptation fbcnet      single_sub-010_ses03-to-ses02 seed=4 acc=0.5250 (ntr=160 nval=40 nte=200)
2026-06-09 14:18:08 | INFO    | train_session_alignment | [align] bn_statistics_adaptation fbcnet      single_sub-011_ses01-to-ses02 seed=4 acc=0.6100 (ntr=160 nval=40 nte=200)
2026-06-09 14:18:20 | INFO    | train_session_alignment | [align] bn_statistics_adaptation fbcnet      single_sub-011_ses01-to-ses03 seed=4 acc=0.6850 (ntr=160 nval=40 nte=200)
2026-06-09 14:18:24 | INFO    | train_session_alignment | [align] bn_statistics_adaptation fbcnet      single_sub-011_ses02-to-ses01 seed=4 acc=0.5900 (ntr=160 nval=40 nte=200)
2026-06-09 14:18:29 | INFO    | train_session_alignment | [align] bn_statistics_adaptation fbcnet      single_sub-011_ses02-to-ses03 seed=4 acc=0.5950 (ntr=160 nval=40 nte=200)
2026-06-09 14:18:35 | INFO    | train_session_alignment | [align] bn_statistics_adaptation fbcnet      single_sub-011_ses03-to-ses01 seed=4 acc=0.7700 (ntr=160 nval=40 nte=200)
2026-06-09 14:18:41 | INFO    | train_session_alignment | [align] bn_statistics_adaptation fbcnet      single_sub-011_ses03-to-ses02 seed=4 acc=0.5700 (ntr=160 nval=40 nte=200)
2026-06-09 14:18:46 | INFO    | train_session_alignment | [align] bn_statistics_adaptation fbcnet      single_sub-012_ses01-to-ses02 seed=4 acc=0.4850 (ntr=160 nval=40 nte=200)
2026-06-09 14:18:51 | INFO    | train_session_alignment | [align] bn_statistics_adaptation fbcnet      single_sub-012_ses01-to-ses03 seed=4 acc=0.4950 (ntr=160 nval=40 nte=200)
2026-06-09 14:18:55 | INFO    | train_session_alignment | [align] bn_statistics_adaptation fbcnet      single_sub-012_ses02-to-ses01 seed=4 acc=0.4200 (ntr=160 nval=40 nte=200)
2026-06-09 14:18:59 | INFO    | train_session_alignment | [align] bn_statistics_adaptation fbcnet      single_sub-012_ses02-to-ses03 seed=4 acc=0.5200 (ntr=160 nval=40 nte=200)
2026-06-09 14:19:03 | INFO    | train_session_alignment | [align] bn_statistics_adaptation fbcnet      single_sub-012_ses03-to-ses01 seed=4 acc=0.4800 (ntr=160 nval=40 nte=200)
2026-06-09 14:19:07 | INFO    | train_session_alignment | [align] bn_statistics_adaptation fbcnet      single_sub-012_ses03-to-ses02 seed=4 acc=0.5450 (ntr=160 nval=40 nte=200)
2026-06-09 14:19:12 | INFO    | train_session_alignment | [align] bn_statistics_adaptation fbcnet      single_sub-013_ses01-to-ses02 seed=4 acc=0.5100 (ntr=160 nval=40 nte=200)
2026-06-09 14:19:17 | INFO    | train_session_alignment | [align] bn_statistics_adaptation fbcnet      single_sub-013_ses01-to-ses03 seed=4 acc=0.5200 (ntr=160 nval=40 nte=200)
2026-06-09 14:19:23 | INFO    | train_session_alignment | [align] bn_statistics_adaptation fbcnet      single_sub-013_ses02-to-ses01 seed=4 acc=0.5550 (ntr=160 nval=40 nte=200)
2026-06-09 14:19:29 | INFO    | train_session_alignment | [align] bn_statistics_adaptation fbcnet      single_sub-013_ses02-to-ses03 seed=4 acc=0.5500 (ntr=160 nval=40 nte=200)
2026-06-09 14:19:32 | INFO    | train_session_alignment | [align] bn_statistics_adaptation fbcnet      single_sub-013_ses03-to-ses01 seed=4 acc=0.5100 (ntr=160 nval=40 nte=200)
2026-06-09 14:19:36 | INFO    | train_session_alignment | [align] bn_statistics_adaptation fbcnet      single_sub-013_ses03-to-ses02 seed=4 acc=0.4400 (ntr=160 nval=40 nte=200)
2026-06-09 14:19:39 | INFO    | train_session_alignment | [align] bn_statistics_adaptation fbcnet      single_sub-014_ses01-to-ses02 seed=4 acc=0.4750 (ntr=160 nval=40 nte=200)
2026-06-09 14:19:43 | INFO    | train_session_alignment | [align] bn_statistics_adaptation fbcnet      single_sub-014_ses01-to-ses03 seed=4 acc=0.4800 (ntr=160 nval=40 nte=200)
2026-06-09 14:19:47 | INFO    | train_session_alignment | [align] bn_statistics_adaptation fbcnet      single_sub-014_ses02-to-ses01 seed=4 acc=0.5200 (ntr=160 nval=40 nte=200)
2026-06-09 14:19:50 | INFO    | train_session_alignment | [align] bn_statistics_adaptation fbcnet      single_sub-014_ses02-to-ses03 seed=4 acc=0.4300 (ntr=160 nval=40 nte=200)
2026-06-09 14:19:55 | INFO    | train_session_alignment | [align] bn_statistics_adaptation fbcnet      single_sub-014_ses03-to-ses01 seed=4 acc=0.4750 (ntr=160 nval=40 nte=200)
2026-06-09 14:19:59 | INFO    | train_session_alignment | [align] bn_statistics_adaptation fbcnet      single_sub-014_ses03-to-ses02 seed=4 acc=0.4850 (ntr=160 nval=40 nte=200)
2026-06-09 14:20:03 | INFO    | train_session_alignment | [align] bn_statistics_adaptation fbcnet      single_sub-015_ses01-to-ses02 seed=4 acc=0.5850 (ntr=160 nval=40 nte=200)
2026-06-09 14:20:07 | INFO    | train_session_alignment | [align] bn_statistics_adaptation fbcnet      single_sub-015_ses01-to-ses03 seed=4 acc=0.4900 (ntr=160 nval=40 nte=200)
2026-06-09 14:20:11 | INFO    | train_session_alignment | [align] bn_statistics_adaptation fbcnet      single_sub-015_ses02-to-ses01 seed=4 acc=0.5650 (ntr=160 nval=40 nte=200)
2026-06-09 14:20:14 | INFO    | train_session_alignment | [align] bn_statistics_adaptation fbcnet      single_sub-015_ses02-to-ses03 seed=4 acc=0.5200 (ntr=160 nval=40 nte=200)
2026-06-09 14:20:19 | INFO    | train_session_alignment | [align] bn_statistics_adaptation fbcnet      single_sub-015_ses03-to-ses01 seed=4 acc=0.4400 (ntr=160 nval=40 nte=200)
2026-06-09 14:20:24 | INFO    | train_session_alignment | [align] bn_statistics_adaptation fbcnet      single_sub-015_ses03-to-ses02 seed=4 acc=0.4900 (ntr=160 nval=40 nte=200)
2026-06-09 14:20:28 | INFO    | train_session_alignment | [align] bn_statistics_adaptation fbcnet      single_sub-016_ses01-to-ses02 seed=4 acc=0.5200 (ntr=160 nval=40 nte=200)
2026-06-09 14:20:32 | INFO    | train_session_alignment | [align] bn_statistics_adaptation fbcnet      single_sub-016_ses01-to-ses03 seed=4 acc=0.5350 (ntr=160 nval=40 nte=200)
2026-06-09 14:20:35 | INFO    | train_session_alignment | [align] bn_statistics_adaptation fbcnet      single_sub-016_ses02-to-ses01 seed=4 acc=0.5450 (ntr=160 nval=40 nte=200)
2026-06-09 14:20:38 | INFO    | train_session_alignment | [align] bn_statistics_adaptation fbcnet      single_sub-016_ses02-to-ses03 seed=4 acc=0.4850 (ntr=160 nval=40 nte=200)
2026-06-09 14:20:42 | INFO    | train_session_alignment | [align] bn_statistics_adaptation fbcnet      single_sub-016_ses03-to-ses01 seed=4 acc=0.5750 (ntr=160 nval=40 nte=200)
2026-06-09 14:20:45 | INFO    | train_session_alignment | [align] bn_statistics_adaptation fbcnet      single_sub-016_ses03-to-ses02 seed=4 acc=0.5250 (ntr=160 nval=40 nte=200)
2026-06-09 14:20:49 | INFO    | train_session_alignment | [align] bn_statistics_adaptation fbcnet      single_sub-017_ses01-to-ses02 seed=4 acc=0.5250 (ntr=160 nval=40 nte=200)
2026-06-09 14:20:52 | INFO    | train_session_alignment | [align] bn_statistics_adaptation fbcnet      single_sub-017_ses01-to-ses03 seed=4 acc=0.5650 (ntr=160 nval=40 nte=200)
2026-06-09 14:20:56 | INFO    | train_session_alignment | [align] bn_statistics_adaptation fbcnet      single_sub-017_ses02-to-ses01 seed=4 acc=0.5000 (ntr=160 nval=40 nte=200)
2026-06-09 14:20:59 | INFO    | train_session_alignment | [align] bn_statistics_adaptation fbcnet      single_sub-017_ses02-to-ses03 seed=4 acc=0.6100 (ntr=160 nval=40 nte=200)
2026-06-09 14:21:04 | INFO    | train_session_alignment | [align] bn_statistics_adaptation fbcnet      single_sub-017_ses03-to-ses01 seed=4 acc=0.5500 (ntr=160 nval=40 nte=200)
2026-06-09 14:21:08 | INFO    | train_session_alignment | [align] bn_statistics_adaptation fbcnet      single_sub-017_ses03-to-ses02 seed=4 acc=0.5800 (ntr=160 nval=40 nte=200)
2026-06-09 14:21:12 | INFO    | train_session_alignment | [align] bn_statistics_adaptation fbcnet      single_sub-018_ses01-to-ses02 seed=4 acc=0.4950 (ntr=160 nval=40 nte=200)
2026-06-09 14:21:16 | INFO    | train_session_alignment | [align] bn_statistics_adaptation fbcnet      single_sub-018_ses01-to-ses03 seed=4 acc=0.5600 (ntr=160 nval=40 nte=200)
2026-06-09 14:21:20 | INFO    | train_session_alignment | [align] bn_statistics_adaptation fbcnet      single_sub-018_ses02-to-ses01 seed=4 acc=0.5100 (ntr=160 nval=40 nte=200)
2026-06-09 14:21:24 | INFO    | train_session_alignment | [align] bn_statistics_adaptation fbcnet      single_sub-018_ses02-to-ses03 seed=4 acc=0.4900 (ntr=160 nval=40 nte=200)
2026-06-09 14:21:27 | INFO    | train_session_alignment | [align] bn_statistics_adaptation fbcnet      single_sub-018_ses03-to-ses01 seed=4 acc=0.5050 (ntr=160 nval=40 nte=200)
2026-06-09 14:21:31 | INFO    | train_session_alignment | [align] bn_statistics_adaptation fbcnet      single_sub-018_ses03-to-ses02 seed=4 acc=0.5100 (ntr=160 nval=40 nte=200)
2026-06-09 14:21:36 | INFO    | train_session_alignment | [align] bn_statistics_adaptation fbcnet      single_sub-019_ses01-to-ses02 seed=4 acc=0.5650 (ntr=160 nval=40 nte=200)
2026-06-09 14:21:42 | INFO    | train_session_alignment | [align] bn_statistics_adaptation fbcnet      single_sub-019_ses01-to-ses03 seed=4 acc=0.5250 (ntr=160 nval=40 nte=200)
2026-06-09 14:21:51 | INFO    | train_session_alignment | [align] bn_statistics_adaptation fbcnet      single_sub-019_ses02-to-ses01 seed=4 acc=0.6050 (ntr=160 nval=40 nte=200)
2026-06-09 14:22:00 | INFO    | train_session_alignment | [align] bn_statistics_adaptation fbcnet      single_sub-019_ses02-to-ses03 seed=4 acc=0.6100 (ntr=160 nval=40 nte=200)
2026-06-09 14:22:11 | INFO    | train_session_alignment | [align] bn_statistics_adaptation fbcnet      single_sub-019_ses03-to-ses01 seed=4 acc=0.5500 (ntr=160 nval=40 nte=200)
2026-06-09 14:22:22 | INFO    | train_session_alignment | [align] bn_statistics_adaptation fbcnet      single_sub-019_ses03-to-ses02 seed=4 acc=0.5650 (ntr=160 nval=40 nte=200)
2026-06-09 14:22:34 | INFO    | train_session_alignment | [align] bn_statistics_adaptation fbcnet      single_sub-020_ses01-to-ses02 seed=4 acc=0.6200 (ntr=160 nval=40 nte=200)
2026-06-09 14:22:46 | INFO    | train_session_alignment | [align] bn_statistics_adaptation fbcnet      single_sub-020_ses01-to-ses03 seed=4 acc=0.4250 (ntr=160 nval=40 nte=200)
2026-06-09 14:22:54 | INFO    | train_session_alignment | [align] bn_statistics_adaptation fbcnet      single_sub-020_ses02-to-ses01 seed=4 acc=0.6400 (ntr=160 nval=40 nte=200)
2026-06-09 14:23:02 | INFO    | train_session_alignment | [align] bn_statistics_adaptation fbcnet      single_sub-020_ses02-to-ses03 seed=4 acc=0.4700 (ntr=160 nval=40 nte=200)
2026-06-09 14:23:08 | INFO    | train_session_alignment | [align] bn_statistics_adaptation fbcnet      single_sub-020_ses03-to-ses01 seed=4 acc=0.4950 (ntr=160 nval=40 nte=200)
2026-06-09 14:23:14 | INFO    | train_session_alignment | [align] bn_statistics_adaptation fbcnet      single_sub-020_ses03-to-ses02 seed=4 acc=0.5050 (ntr=160 nval=40 nte=200)
2026-06-09 14:23:20 | INFO    | train_session_alignment | [align] bn_statistics_adaptation fbcnet      single_sub-021_ses01-to-ses02 seed=4 acc=0.4750 (ntr=160 nval=40 nte=200)
2026-06-09 14:23:25 | INFO    | train_session_alignment | [align] bn_statistics_adaptation fbcnet      single_sub-021_ses01-to-ses03 seed=4 acc=0.5450 (ntr=160 nval=40 nte=200)
2026-06-09 14:23:29 | INFO    | train_session_alignment | [align] bn_statistics_adaptation fbcnet      single_sub-021_ses02-to-ses01 seed=4 acc=0.5250 (ntr=160 nval=40 nte=200)
2026-06-09 14:23:33 | INFO    | train_session_alignment | [align] bn_statistics_adaptation fbcnet      single_sub-021_ses02-to-ses03 seed=4 acc=0.5150 (ntr=160 nval=40 nte=200)
2026-06-09 14:23:37 | INFO    | train_session_alignment | [align] bn_statistics_adaptation fbcnet      single_sub-021_ses03-to-ses01 seed=4 acc=0.5900 (ntr=160 nval=40 nte=200)
2026-06-09 14:23:42 | INFO    | train_session_alignment | [align] bn_statistics_adaptation fbcnet      single_sub-021_ses03-to-ses02 seed=4 acc=0.5500 (ntr=160 nval=40 nte=200)
2026-06-09 14:23:46 | INFO    | train_session_alignment | [align] bn_statistics_adaptation fbcnet      single_sub-022_ses01-to-ses02 seed=4 acc=0.4850 (ntr=160 nval=40 nte=200)
2026-06-09 14:23:51 | INFO    | train_session_alignment | [align] bn_statistics_adaptation fbcnet      single_sub-022_ses01-to-ses03 seed=4 acc=0.4950 (ntr=160 nval=40 nte=200)
2026-06-09 14:23:55 | INFO    | train_session_alignment | [align] bn_statistics_adaptation fbcnet      single_sub-022_ses02-to-ses01 seed=4 acc=0.6000 (ntr=160 nval=40 nte=200)
2026-06-09 14:24:00 | INFO    | train_session_alignment | [align] bn_statistics_adaptation fbcnet      single_sub-022_ses02-to-ses03 seed=4 acc=0.5500 (ntr=160 nval=40 nte=200)
2026-06-09 14:24:07 | INFO    | train_session_alignment | [align] bn_statistics_adaptation fbcnet      single_sub-022_ses03-to-ses01 seed=4 acc=0.5500 (ntr=160 nval=40 nte=200)
2026-06-09 14:24:14 | INFO    | train_session_alignment | [align] bn_statistics_adaptation fbcnet      single_sub-022_ses03-to-ses02 seed=4 acc=0.6200 (ntr=160 nval=40 nte=200)
2026-06-09 14:24:21 | INFO    | train_session_alignment | [align] bn_statistics_adaptation fbcnet      single_sub-023_ses02-to-ses03 seed=4 acc=0.8500 (ntr=160 nval=40 nte=200)
2026-06-09 14:24:31 | INFO    | train_session_alignment | [align] bn_statistics_adaptation fbcnet      single_sub-023_ses03-to-ses02 seed=4 acc=0.8000 (ntr=160 nval=40 nte=200)
2026-06-09 14:24:45 | INFO    | train_session_alignment | [align] bn_statistics_adaptation fbcnet      single_sub-025_ses01-to-ses02 seed=4 acc=0.6850 (ntr=160 nval=40 nte=200)
2026-06-09 14:24:59 | INFO    | train_session_alignment | [align] bn_statistics_adaptation fbcnet      single_sub-025_ses01-to-ses03 seed=4 acc=0.5650 (ntr=160 nval=40 nte=200)
2026-06-09 14:25:10 | INFO    | train_session_alignment | [align] bn_statistics_adaptation fbcnet      single_sub-025_ses02-to-ses01 seed=4 acc=0.6400 (ntr=160 nval=40 nte=200)
2026-06-09 14:25:21 | INFO    | train_session_alignment | [align] bn_statistics_adaptation fbcnet      single_sub-025_ses02-to-ses03 seed=4 acc=0.5850 (ntr=160 nval=40 nte=200)
2026-06-09 14:25:26 | INFO    | train_session_alignment | [align] bn_statistics_adaptation fbcnet      single_sub-025_ses03-to-ses01 seed=4 acc=0.6350 (ntr=160 nval=40 nte=200)
2026-06-09 14:25:32 | INFO    | train_session_alignment | [align] bn_statistics_adaptation fbcnet      single_sub-025_ses03-to-ses02 seed=4 acc=0.6950 (ntr=160 nval=40 nte=200)
2026-06-09 14:25:40 | INFO    | train_session_alignment | [align] bn_statistics_adaptation fbcnet      single_sub-026_ses02-to-ses03 seed=4 acc=0.5350 (ntr=160 nval=40 nte=200)
2026-06-09 14:25:54 | INFO    | train_session_alignment | [align] bn_statistics_adaptation fbcnet      single_sub-026_ses03-to-ses02 seed=4 acc=0.6350 (ntr=160 nval=40 nte=200)
2026-06-09 14:26:03 | INFO    | train_session_alignment | [align] bn_statistics_adaptation fbcnet      single_sub-027_ses01-to-ses02 seed=4 acc=0.4750 (ntr=160 nval=40 nte=200)
2026-06-09 14:26:11 | INFO    | train_session_alignment | [align] bn_statistics_adaptation fbcnet      single_sub-027_ses01-to-ses03 seed=4 acc=0.5800 (ntr=160 nval=40 nte=200)
2026-06-09 14:26:17 | INFO    | train_session_alignment | [align] bn_statistics_adaptation fbcnet      single_sub-027_ses02-to-ses01 seed=4 acc=0.5750 (ntr=160 nval=40 nte=200)
2026-06-09 14:26:24 | INFO    | train_session_alignment | [align] bn_statistics_adaptation fbcnet      single_sub-027_ses02-to-ses03 seed=4 acc=0.6150 (ntr=160 nval=40 nte=200)
2026-06-09 14:26:30 | INFO    | train_session_alignment | [align] bn_statistics_adaptation fbcnet      single_sub-027_ses03-to-ses01 seed=4 acc=0.6250 (ntr=160 nval=40 nte=200)
2026-06-09 14:26:36 | INFO    | train_session_alignment | [align] bn_statistics_adaptation fbcnet      single_sub-027_ses03-to-ses02 seed=4 acc=0.6200 (ntr=160 nval=40 nte=200)
2026-06-09 14:26:46 | INFO    | train_session_alignment | [align] bn_statistics_adaptation fbcnet      single_sub-028_ses01-to-ses02 seed=4 acc=0.7600 (ntr=160 nval=40 nte=200)
2026-06-09 14:26:56 | INFO    | train_session_alignment | [align] bn_statistics_adaptation fbcnet      single_sub-028_ses01-to-ses03 seed=4 acc=0.7100 (ntr=160 nval=40 nte=200)
2026-06-09 14:27:07 | INFO    | train_session_alignment | [align] bn_statistics_adaptation fbcnet      single_sub-028_ses02-to-ses01 seed=4 acc=0.7600 (ntr=160 nval=40 nte=200)
2026-06-09 14:27:18 | INFO    | train_session_alignment | [align] bn_statistics_adaptation fbcnet      single_sub-028_ses02-to-ses03 seed=4 acc=0.7800 (ntr=160 nval=40 nte=200)
2026-06-09 14:27:25 | INFO    | train_session_alignment | [align] bn_statistics_adaptation fbcnet      single_sub-028_ses03-to-ses01 seed=4 acc=0.7300 (ntr=160 nval=40 nte=200)
2026-06-09 14:27:32 | INFO    | train_session_alignment | [align] bn_statistics_adaptation fbcnet      single_sub-028_ses03-to-ses02 seed=4 acc=0.7550 (ntr=160 nval=40 nte=200)
2026-06-09 14:27:38 | INFO    | train_session_alignment | [align] bn_statistics_adaptation fbcnet      single_sub-029_ses01-to-ses02 seed=4 acc=0.6200 (ntr=160 nval=40 nte=200)
2026-06-09 14:27:45 | INFO    | train_session_alignment | [align] bn_statistics_adaptation fbcnet      single_sub-029_ses01-to-ses03 seed=4 acc=0.5050 (ntr=160 nval=40 nte=200)
2026-06-09 14:27:59 | INFO    | train_session_alignment | [align] bn_statistics_adaptation fbcnet      single_sub-029_ses02-to-ses01 seed=4 acc=0.8700 (ntr=160 nval=40 nte=200)
2026-06-09 14:28:12 | INFO    | train_session_alignment | [align] bn_statistics_adaptation fbcnet      single_sub-029_ses02-to-ses03 seed=4 acc=0.8650 (ntr=160 nval=40 nte=200)
2026-06-09 14:28:21 | INFO    | train_session_alignment | [align] bn_statistics_adaptation fbcnet      single_sub-029_ses03-to-ses01 seed=4 acc=0.9050 (ntr=160 nval=40 nte=200)
2026-06-09 14:28:29 | INFO    | train_session_alignment | [align] bn_statistics_adaptation fbcnet      single_sub-029_ses03-to-ses02 seed=4 acc=0.9150 (ntr=160 nval=40 nte=200)
2026-06-09 14:28:36 | INFO    | train_session_alignment | [align] bn_statistics_adaptation fbcnet      single_sub-030_ses01-to-ses02 seed=4 acc=0.6950 (ntr=160 nval=40 nte=200)
2026-06-09 14:28:43 | INFO    | train_session_alignment | [align] bn_statistics_adaptation fbcnet      single_sub-030_ses01-to-ses03 seed=4 acc=0.6350 (ntr=160 nval=40 nte=200)
2026-06-09 14:28:56 | INFO    | train_session_alignment | [align] bn_statistics_adaptation fbcnet      single_sub-030_ses02-to-ses01 seed=4 acc=0.5000 (ntr=160 nval=40 nte=200)
2026-06-09 14:29:09 | INFO    | train_session_alignment | [align] bn_statistics_adaptation fbcnet      single_sub-030_ses02-to-ses03 seed=4 acc=0.8300 (ntr=160 nval=40 nte=200)
2026-06-09 14:29:13 | INFO    | train_session_alignment | [align] bn_statistics_adaptation fbcnet      single_sub-030_ses03-to-ses01 seed=4 acc=0.5050 (ntr=160 nval=40 nte=200)
2026-06-09 14:29:17 | INFO    | train_session_alignment | [align] bn_statistics_adaptation fbcnet      single_sub-030_ses03-to-ses02 seed=4 acc=0.7400 (ntr=160 nval=40 nte=200)
2026-06-09 14:29:28 | INFO    | train_session_alignment | [align] bn_statistics_adaptation fbcnet      single_sub-031_ses01-to-ses02 seed=4 acc=0.5650 (ntr=160 nval=40 nte=200)
2026-06-09 14:29:39 | INFO    | train_session_alignment | [align] bn_statistics_adaptation fbcnet      single_sub-031_ses01-to-ses03 seed=4 acc=0.5600 (ntr=160 nval=40 nte=200)
2026-06-09 14:29:45 | INFO    | train_session_alignment | [align] bn_statistics_adaptation fbcnet      single_sub-031_ses02-to-ses01 seed=4 acc=0.5150 (ntr=160 nval=40 nte=200)
2026-06-09 14:29:51 | INFO    | train_session_alignment | [align] bn_statistics_adaptation fbcnet      single_sub-031_ses02-to-ses03 seed=4 acc=0.6200 (ntr=160 nval=40 nte=200)
2026-06-09 14:29:55 | INFO    | train_session_alignment | [align] bn_statistics_adaptation fbcnet      single_sub-031_ses03-to-ses01 seed=4 acc=0.5950 (ntr=160 nval=40 nte=200)
2026-06-09 14:29:59 | INFO    | train_session_alignment | [align] bn_statistics_adaptation fbcnet      single_sub-031_ses03-to-ses02 seed=4 acc=0.5500 (ntr=160 nval=40 nte=200)
2026-06-09 14:30:03 | INFO    | train_session_alignment | [align] bn_statistics_adaptation fbcnet      single_sub-032_ses01-to-ses03 seed=4 acc=0.6200 (ntr=160 nval=40 nte=200)
2026-06-09 14:30:07 | INFO    | train_session_alignment | [align] bn_statistics_adaptation fbcnet      single_sub-032_ses03-to-ses01 seed=4 acc=0.5200 (ntr=160 nval=40 nte=200)
2026-06-09 14:30:17 | INFO    | train_session_alignment | [align] bn_statistics_adaptation fbcnet      single_sub-033_ses01-to-ses02 seed=4 acc=0.8950 (ntr=160 nval=40 nte=200)
2026-06-09 14:30:27 | INFO    | train_session_alignment | [align] bn_statistics_adaptation fbcnet      single_sub-033_ses01-to-ses03 seed=4 acc=0.9350 (ntr=160 nval=40 nte=200)
2026-06-09 14:30:35 | INFO    | train_session_alignment | [align] bn_statistics_adaptation fbcnet      single_sub-033_ses02-to-ses01 seed=4 acc=0.9400 (ntr=160 nval=40 nte=200)
2026-06-09 14:30:44 | INFO    | train_session_alignment | [align] bn_statistics_adaptation fbcnet      single_sub-033_ses02-to-ses03 seed=4 acc=0.9250 (ntr=160 nval=40 nte=200)
2026-06-09 14:30:51 | INFO    | train_session_alignment | [align] bn_statistics_adaptation fbcnet      single_sub-033_ses03-to-ses01 seed=4 acc=0.9350 (ntr=160 nval=40 nte=200)
2026-06-09 14:30:58 | INFO    | train_session_alignment | [align] bn_statistics_adaptation fbcnet      single_sub-033_ses03-to-ses02 seed=4 acc=0.9000 (ntr=160 nval=40 nte=200)
2026-06-09 14:31:03 | INFO    | train_session_alignment | [align] bn_statistics_adaptation fbcnet      single_sub-034_ses01-to-ses02 seed=4 acc=0.5950 (ntr=160 nval=40 nte=200)
2026-06-09 14:31:08 | INFO    | train_session_alignment | [align] bn_statistics_adaptation fbcnet      single_sub-034_ses01-to-ses03 seed=4 acc=0.5150 (ntr=160 nval=40 nte=200)
2026-06-09 14:31:17 | INFO    | train_session_alignment | [align] bn_statistics_adaptation fbcnet      single_sub-034_ses02-to-ses01 seed=4 acc=0.5100 (ntr=160 nval=40 nte=200)
2026-06-09 14:31:25 | INFO    | train_session_alignment | [align] bn_statistics_adaptation fbcnet      single_sub-034_ses02-to-ses03 seed=4 acc=0.5600 (ntr=160 nval=40 nte=200)
2026-06-09 14:31:29 | INFO    | train_session_alignment | [align] bn_statistics_adaptation fbcnet      single_sub-034_ses03-to-ses01 seed=4 acc=0.4650 (ntr=160 nval=40 nte=200)
2026-06-09 14:31:32 | INFO    | train_session_alignment | [align] bn_statistics_adaptation fbcnet      single_sub-034_ses03-to-ses02 seed=4 acc=0.5050 (ntr=160 nval=40 nte=200)
2026-06-09 14:31:46 | INFO    | train_session_alignment | [align] bn_statistics_adaptation fbcnet      single_sub-035_ses01-to-ses02 seed=4 acc=0.8700 (ntr=160 nval=40 nte=200)
2026-06-09 14:32:01 | INFO    | train_session_alignment | [align] bn_statistics_adaptation fbcnet      single_sub-035_ses01-to-ses03 seed=4 acc=0.8350 (ntr=160 nval=40 nte=200)
2026-06-09 14:32:15 | INFO    | train_session_alignment | [align] bn_statistics_adaptation fbcnet      single_sub-035_ses02-to-ses01 seed=4 acc=0.9400 (ntr=160 nval=40 nte=200)
2026-06-09 14:32:28 | INFO    | train_session_alignment | [align] bn_statistics_adaptation fbcnet      single_sub-035_ses02-to-ses03 seed=4 acc=0.8650 (ntr=160 nval=40 nte=200)
2026-06-09 14:32:39 | INFO    | train_session_alignment | [align] bn_statistics_adaptation fbcnet      single_sub-035_ses03-to-ses01 seed=4 acc=0.8800 (ntr=160 nval=40 nte=200)
2026-06-09 14:32:50 | INFO    | train_session_alignment | [align] bn_statistics_adaptation fbcnet      single_sub-035_ses03-to-ses02 seed=4 acc=0.8550 (ntr=160 nval=40 nte=200)
2026-06-09 14:33:00 | INFO    | train_session_alignment | [align] bn_statistics_adaptation fbcnet      single_sub-036_ses01-to-ses02 seed=4 acc=0.8400 (ntr=160 nval=40 nte=200)
2026-06-09 14:33:10 | INFO    | train_session_alignment | [align] bn_statistics_adaptation fbcnet      single_sub-036_ses01-to-ses03 seed=4 acc=0.8900 (ntr=160 nval=40 nte=200)
2026-06-09 14:33:24 | INFO    | train_session_alignment | [align] bn_statistics_adaptation fbcnet      single_sub-036_ses02-to-ses01 seed=4 acc=0.7650 (ntr=160 nval=40 nte=200)
2026-06-09 14:33:38 | INFO    | train_session_alignment | [align] bn_statistics_adaptation fbcnet      single_sub-036_ses02-to-ses03 seed=4 acc=0.9150 (ntr=160 nval=40 nte=200)
2026-06-09 14:33:52 | INFO    | train_session_alignment | [align] bn_statistics_adaptation fbcnet      single_sub-036_ses03-to-ses01 seed=4 acc=0.7950 (ntr=160 nval=40 nte=200)
2026-06-09 14:34:06 | INFO    | train_session_alignment | [align] bn_statistics_adaptation fbcnet      single_sub-036_ses03-to-ses02 seed=4 acc=0.8250 (ntr=160 nval=40 nte=200)
2026-06-09 14:34:10 | INFO    | train_session_alignment | [align] bn_statistics_adaptation fbcnet      single_sub-037_ses01-to-ses02 seed=4 acc=0.5750 (ntr=160 nval=40 nte=200)
2026-06-09 14:34:14 | INFO    | train_session_alignment | [align] bn_statistics_adaptation fbcnet      single_sub-037_ses01-to-ses03 seed=4 acc=0.5150 (ntr=160 nval=40 nte=200)
2026-06-09 14:34:23 | INFO    | train_session_alignment | [align] bn_statistics_adaptation fbcnet      single_sub-037_ses02-to-ses01 seed=4 acc=0.5000 (ntr=160 nval=40 nte=200)
2026-06-09 14:34:33 | INFO    | train_session_alignment | [align] bn_statistics_adaptation fbcnet      single_sub-037_ses02-to-ses03 seed=4 acc=0.6200 (ntr=160 nval=40 nte=200)
2026-06-09 14:34:45 | INFO    | train_session_alignment | [align] bn_statistics_adaptation fbcnet      single_sub-037_ses03-to-ses01 seed=4 acc=0.5000 (ntr=160 nval=40 nte=200)
2026-06-09 14:34:57 | INFO    | train_session_alignment | [align] bn_statistics_adaptation fbcnet      single_sub-037_ses03-to-ses02 seed=4 acc=0.7600 (ntr=160 nval=40 nte=200)
2026-06-09 14:35:02 | INFO    | train_session_alignment | [align] bn_statistics_adaptation fbcnet      single_sub-038_ses01-to-ses02 seed=4 acc=0.5800 (ntr=160 nval=40 nte=200)
2026-06-09 14:35:07 | INFO    | train_session_alignment | [align] bn_statistics_adaptation fbcnet      single_sub-038_ses01-to-ses03 seed=4 acc=0.5250 (ntr=160 nval=40 nte=200)
2026-06-09 14:35:19 | INFO    | train_session_alignment | [align] bn_statistics_adaptation fbcnet      single_sub-038_ses02-to-ses01 seed=4 acc=0.5600 (ntr=160 nval=40 nte=200)
2026-06-09 14:35:32 | INFO    | train_session_alignment | [align] bn_statistics_adaptation fbcnet      single_sub-038_ses02-to-ses03 seed=4 acc=0.5300 (ntr=160 nval=40 nte=200)
2026-06-09 14:35:36 | INFO    | train_session_alignment | [align] bn_statistics_adaptation fbcnet      single_sub-038_ses03-to-ses01 seed=4 acc=0.4950 (ntr=160 nval=40 nte=200)
2026-06-09 14:35:39 | INFO    | train_session_alignment | [align] bn_statistics_adaptation fbcnet      single_sub-038_ses03-to-ses02 seed=4 acc=0.4600 (ntr=160 nval=40 nte=200)
2026-06-09 14:35:49 | INFO    | train_session_alignment | [align] bn_statistics_adaptation fbcnet      single_sub-039_ses01-to-ses02 seed=4 acc=0.4800 (ntr=160 nval=40 nte=200)
2026-06-09 14:36:00 | INFO    | train_session_alignment | [align] bn_statistics_adaptation fbcnet      single_sub-039_ses01-to-ses03 seed=4 acc=0.5400 (ntr=160 nval=40 nte=200)
2026-06-09 14:36:05 | INFO    | train_session_alignment | [align] bn_statistics_adaptation fbcnet      single_sub-039_ses02-to-ses01 seed=4 acc=0.4750 (ntr=160 nval=40 nte=200)
2026-06-09 14:36:09 | INFO    | train_session_alignment | [align] bn_statistics_adaptation fbcnet      single_sub-039_ses02-to-ses03 seed=4 acc=0.6650 (ntr=160 nval=40 nte=200)
2026-06-09 14:36:15 | INFO    | train_session_alignment | [align] bn_statistics_adaptation fbcnet      single_sub-039_ses03-to-ses01 seed=4 acc=0.5550 (ntr=160 nval=40 nte=200)
2026-06-09 14:36:20 | INFO    | train_session_alignment | [align] bn_statistics_adaptation fbcnet      single_sub-039_ses03-to-ses02 seed=4 acc=0.6350 (ntr=160 nval=40 nte=200)
2026-06-09 14:36:26 | INFO    | train_session_alignment | [align] bn_statistics_adaptation fbcnet      single_sub-040_ses01-to-ses02 seed=4 acc=0.6350 (ntr=160 nval=40 nte=200)
2026-06-09 14:36:32 | INFO    | train_session_alignment | [align] bn_statistics_adaptation fbcnet      single_sub-040_ses01-to-ses03 seed=4 acc=0.6550 (ntr=160 nval=40 nte=200)
2026-06-09 14:36:36 | INFO    | train_session_alignment | [align] bn_statistics_adaptation fbcnet      single_sub-040_ses02-to-ses01 seed=4 acc=0.6000 (ntr=160 nval=40 nte=200)
2026-06-09 14:36:40 | INFO    | train_session_alignment | [align] bn_statistics_adaptation fbcnet      single_sub-040_ses02-to-ses03 seed=4 acc=0.6000 (ntr=160 nval=40 nte=200)
2026-06-09 14:36:51 | INFO    | train_session_alignment | [align] bn_statistics_adaptation fbcnet      single_sub-040_ses03-to-ses01 seed=4 acc=0.7150 (ntr=160 nval=40 nte=200)
2026-06-09 14:37:03 | INFO    | train_session_alignment | [align] bn_statistics_adaptation fbcnet      single_sub-040_ses03-to-ses02 seed=4 acc=0.7350 (ntr=160 nval=40 nte=200)
2026-06-09 14:37:17 | INFO    | train_session_alignment | [align] bn_statistics_adaptation fbcnet      single_sub-041_ses01-to-ses02 seed=4 acc=0.7150 (ntr=160 nval=40 nte=200)
2026-06-09 14:37:31 | INFO    | train_session_alignment | [align] bn_statistics_adaptation fbcnet      single_sub-041_ses01-to-ses03 seed=4 acc=0.7300 (ntr=160 nval=40 nte=200)
2026-06-09 14:37:45 | INFO    | train_session_alignment | [align] bn_statistics_adaptation fbcnet      single_sub-041_ses02-to-ses01 seed=4 acc=0.7850 (ntr=160 nval=40 nte=200)
2026-06-09 14:37:59 | INFO    | train_session_alignment | [align] bn_statistics_adaptation fbcnet      single_sub-041_ses02-to-ses03 seed=4 acc=0.8400 (ntr=160 nval=40 nte=200)
2026-06-09 14:38:11 | INFO    | train_session_alignment | [align] bn_statistics_adaptation fbcnet      single_sub-041_ses03-to-ses01 seed=4 acc=0.7800 (ntr=160 nval=40 nte=200)
2026-06-09 14:38:23 | INFO    | train_session_alignment | [align] bn_statistics_adaptation fbcnet      single_sub-041_ses03-to-ses02 seed=4 acc=0.7950 (ntr=160 nval=40 nte=200)
2026-06-09 14:38:34 | INFO    | train_session_alignment | [align] bn_statistics_adaptation fbcnet      single_sub-042_ses01-to-ses02 seed=4 acc=0.5750 (ntr=160 nval=40 nte=200)
2026-06-09 14:38:44 | INFO    | train_session_alignment | [align] bn_statistics_adaptation fbcnet      single_sub-042_ses01-to-ses03 seed=4 acc=0.6300 (ntr=160 nval=40 nte=200)
2026-06-09 14:38:50 | INFO    | train_session_alignment | [align] bn_statistics_adaptation fbcnet      single_sub-042_ses02-to-ses01 seed=4 acc=0.5300 (ntr=160 nval=40 nte=200)
2026-06-09 14:38:55 | INFO    | train_session_alignment | [align] bn_statistics_adaptation fbcnet      single_sub-042_ses02-to-ses03 seed=4 acc=0.5650 (ntr=160 nval=40 nte=200)
2026-06-09 14:38:59 | INFO    | train_session_alignment | [align] bn_statistics_adaptation fbcnet      single_sub-042_ses03-to-ses01 seed=4 acc=0.5650 (ntr=160 nval=40 nte=200)
2026-06-09 14:39:03 | INFO    | train_session_alignment | [align] bn_statistics_adaptation fbcnet      single_sub-042_ses03-to-ses02 seed=4 acc=0.5600 (ntr=160 nval=40 nte=200)
2026-06-09 14:39:16 | INFO    | train_session_alignment | [align] bn_statistics_adaptation fbcnet      single_sub-043_ses01-to-ses02 seed=4 acc=0.9600 (ntr=160 nval=40 nte=200)
2026-06-09 14:39:31 | INFO    | train_session_alignment | [align] bn_statistics_adaptation fbcnet      single_sub-043_ses01-to-ses03 seed=4 acc=0.9800 (ntr=160 nval=40 nte=200)
2026-06-09 14:39:46 | INFO    | train_session_alignment | [align] bn_statistics_adaptation fbcnet      single_sub-043_ses02-to-ses01 seed=4 acc=0.9700 (ntr=160 nval=40 nte=200)
2026-06-09 14:40:01 | INFO    | train_session_alignment | [align] bn_statistics_adaptation fbcnet      single_sub-043_ses02-to-ses03 seed=4 acc=0.9550 (ntr=160 nval=40 nte=200)
2026-06-09 14:40:11 | INFO    | train_session_alignment | [align] bn_statistics_adaptation fbcnet      single_sub-043_ses03-to-ses01 seed=4 acc=0.9300 (ntr=160 nval=40 nte=200)
2026-06-09 14:40:20 | INFO    | train_session_alignment | [align] bn_statistics_adaptation fbcnet      single_sub-043_ses03-to-ses02 seed=4 acc=0.9250 (ntr=160 nval=40 nte=200)
2026-06-09 14:40:24 | INFO    | train_session_alignment | [align] bn_statistics_adaptation fbcnet      single_sub-044_ses01-to-ses02 seed=4 acc=0.5550 (ntr=160 nval=40 nte=200)
2026-06-09 14:40:28 | INFO    | train_session_alignment | [align] bn_statistics_adaptation fbcnet      single_sub-044_ses01-to-ses03 seed=4 acc=0.5850 (ntr=160 nval=40 nte=200)
2026-06-09 14:40:33 | INFO    | train_session_alignment | [align] bn_statistics_adaptation fbcnet      single_sub-044_ses02-to-ses01 seed=4 acc=0.4800 (ntr=160 nval=40 nte=200)
2026-06-09 14:40:38 | INFO    | train_session_alignment | [align] bn_statistics_adaptation fbcnet      single_sub-044_ses02-to-ses03 seed=4 acc=0.5150 (ntr=160 nval=40 nte=200)
2026-06-09 14:40:45 | INFO    | train_session_alignment | [align] bn_statistics_adaptation fbcnet      single_sub-044_ses03-to-ses01 seed=4 acc=0.5450 (ntr=160 nval=40 nte=200)
2026-06-09 14:40:51 | INFO    | train_session_alignment | [align] bn_statistics_adaptation fbcnet      single_sub-044_ses03-to-ses02 seed=4 acc=0.6000 (ntr=160 nval=40 nte=200)
2026-06-09 14:40:56 | INFO    | train_session_alignment | [align] bn_statistics_adaptation fbcnet      single_sub-045_ses01-to-ses02 seed=4 acc=0.6650 (ntr=160 nval=40 nte=200)
2026-06-09 14:41:02 | INFO    | train_session_alignment | [align] bn_statistics_adaptation fbcnet      single_sub-045_ses01-to-ses03 seed=4 acc=0.7550 (ntr=160 nval=40 nte=200)
2026-06-09 14:41:16 | INFO    | train_session_alignment | [align] bn_statistics_adaptation fbcnet      single_sub-045_ses02-to-ses01 seed=4 acc=0.6850 (ntr=160 nval=40 nte=200)
2026-06-09 14:41:30 | INFO    | train_session_alignment | [align] bn_statistics_adaptation fbcnet      single_sub-045_ses02-to-ses03 seed=4 acc=0.6650 (ntr=160 nval=40 nte=200)
2026-06-09 14:41:35 | INFO    | train_session_alignment | [align] bn_statistics_adaptation fbcnet      single_sub-045_ses03-to-ses01 seed=4 acc=0.7000 (ntr=160 nval=40 nte=200)
2026-06-09 14:41:41 | INFO    | train_session_alignment | [align] bn_statistics_adaptation fbcnet      single_sub-045_ses03-to-ses02 seed=4 acc=0.6000 (ntr=160 nval=40 nte=200)
2026-06-09 14:41:54 | INFO    | train_session_alignment | [align] bn_statistics_adaptation fbcnet      single_sub-046_ses01-to-ses02 seed=4 acc=0.9550 (ntr=160 nval=40 nte=200)
2026-06-09 14:42:08 | INFO    | train_session_alignment | [align] bn_statistics_adaptation fbcnet      single_sub-046_ses01-to-ses03 seed=4 acc=0.9450 (ntr=160 nval=40 nte=200)
2026-06-09 14:42:22 | INFO    | train_session_alignment | [align] bn_statistics_adaptation fbcnet      single_sub-046_ses02-to-ses01 seed=4 acc=0.9050 (ntr=160 nval=40 nte=200)
2026-06-09 14:42:35 | INFO    | train_session_alignment | [align] bn_statistics_adaptation fbcnet      single_sub-046_ses02-to-ses03 seed=4 acc=0.8950 (ntr=160 nval=40 nte=200)
2026-06-09 14:42:47 | INFO    | train_session_alignment | [align] bn_statistics_adaptation fbcnet      single_sub-046_ses03-to-ses01 seed=4 acc=0.8850 (ntr=160 nval=40 nte=200)
2026-06-09 14:42:59 | INFO    | train_session_alignment | [align] bn_statistics_adaptation fbcnet      single_sub-046_ses03-to-ses02 seed=4 acc=0.9300 (ntr=160 nval=40 nte=200)
2026-06-09 14:43:10 | INFO    | train_session_alignment | [align] bn_statistics_adaptation fbcnet      single_sub-047_ses01-to-ses02 seed=4 acc=0.7750 (ntr=160 nval=40 nte=200)
2026-06-09 14:43:21 | INFO    | train_session_alignment | [align] bn_statistics_adaptation fbcnet      single_sub-047_ses01-to-ses03 seed=4 acc=0.7800 (ntr=160 nval=40 nte=200)
2026-06-09 14:43:30 | INFO    | train_session_alignment | [align] bn_statistics_adaptation fbcnet      single_sub-047_ses02-to-ses01 seed=4 acc=0.7800 (ntr=160 nval=40 nte=200)
2026-06-09 14:43:39 | INFO    | train_session_alignment | [align] bn_statistics_adaptation fbcnet      single_sub-047_ses02-to-ses03 seed=4 acc=0.7650 (ntr=160 nval=40 nte=200)
2026-06-09 14:43:53 | INFO    | train_session_alignment | [align] bn_statistics_adaptation fbcnet      single_sub-047_ses03-to-ses01 seed=4 acc=0.7900 (ntr=160 nval=40 nte=200)
2026-06-09 14:44:07 | INFO    | train_session_alignment | [align] bn_statistics_adaptation fbcnet      single_sub-047_ses03-to-ses02 seed=4 acc=0.7550 (ntr=160 nval=40 nte=200)
2026-06-09 14:44:12 | INFO    | train_session_alignment | [align] bn_statistics_adaptation fbcnet      single_sub-048_ses01-to-ses02 seed=4 acc=0.6450 (ntr=160 nval=40 nte=200)
2026-06-09 14:44:17 | INFO    | train_session_alignment | [align] bn_statistics_adaptation fbcnet      single_sub-048_ses01-to-ses03 seed=4 acc=0.6000 (ntr=160 nval=40 nte=200)
2026-06-09 14:44:22 | INFO    | train_session_alignment | [align] bn_statistics_adaptation fbcnet      single_sub-048_ses02-to-ses01 seed=4 acc=0.5800 (ntr=160 nval=40 nte=200)
2026-06-09 14:44:27 | INFO    | train_session_alignment | [align] bn_statistics_adaptation fbcnet      single_sub-048_ses02-to-ses03 seed=4 acc=0.5800 (ntr=160 nval=40 nte=200)
2026-06-09 14:44:36 | INFO    | train_session_alignment | [align] bn_statistics_adaptation fbcnet      single_sub-048_ses03-to-ses01 seed=4 acc=0.5600 (ntr=160 nval=40 nte=200)
2026-06-09 14:44:45 | INFO    | train_session_alignment | [align] bn_statistics_adaptation fbcnet      single_sub-048_ses03-to-ses02 seed=4 acc=0.5900 (ntr=160 nval=40 nte=200)
2026-06-09 14:44:59 | INFO    | train_session_alignment | [align] bn_statistics_adaptation fbcnet      single_sub-049_ses01-to-ses02 seed=4 acc=0.6700 (ntr=160 nval=40 nte=200)
2026-06-09 14:45:12 | INFO    | train_session_alignment | [align] bn_statistics_adaptation fbcnet      single_sub-049_ses01-to-ses03 seed=4 acc=0.5450 (ntr=160 nval=40 nte=200)
2026-06-09 14:45:23 | INFO    | train_session_alignment | [align] bn_statistics_adaptation fbcnet      single_sub-049_ses02-to-ses01 seed=4 acc=0.8550 (ntr=160 nval=40 nte=200)
2026-06-09 14:45:34 | INFO    | train_session_alignment | [align] bn_statistics_adaptation fbcnet      single_sub-049_ses02-to-ses03 seed=4 acc=0.8050 (ntr=160 nval=40 nte=200)
2026-06-09 14:45:43 | INFO    | train_session_alignment | [align] bn_statistics_adaptation fbcnet      single_sub-049_ses03-to-ses01 seed=4 acc=0.8000 (ntr=160 nval=40 nte=200)
2026-06-09 14:45:52 | INFO    | train_session_alignment | [align] bn_statistics_adaptation fbcnet      single_sub-049_ses03-to-ses02 seed=4 acc=0.8300 (ntr=160 nval=40 nte=200)
2026-06-09 14:46:02 | INFO    | train_session_alignment | [align] bn_statistics_adaptation fbcnet      single_sub-050_ses01-to-ses02 seed=4 acc=0.8250 (ntr=160 nval=40 nte=200)
2026-06-09 14:46:12 | INFO    | train_session_alignment | [align] bn_statistics_adaptation fbcnet      single_sub-050_ses01-to-ses03 seed=4 acc=0.8050 (ntr=160 nval=40 nte=200)
2026-06-09 14:46:25 | INFO    | train_session_alignment | [align] bn_statistics_adaptation fbcnet      single_sub-050_ses02-to-ses01 seed=4 acc=0.8200 (ntr=160 nval=40 nte=200)
2026-06-09 14:46:38 | INFO    | train_session_alignment | [align] bn_statistics_adaptation fbcnet      single_sub-050_ses02-to-ses03 seed=4 acc=0.8350 (ntr=160 nval=40 nte=200)
2026-06-09 14:46:48 | INFO    | train_session_alignment | [align] bn_statistics_adaptation fbcnet      single_sub-050_ses03-to-ses01 seed=4 acc=0.7850 (ntr=160 nval=40 nte=200)
2026-06-09 14:46:59 | INFO    | train_session_alignment | [align] bn_statistics_adaptation fbcnet      single_sub-050_ses03-to-ses02 seed=4 acc=0.8800 (ntr=160 nval=40 nte=200)
2026-06-09 14:47:05 | INFO    | train_session_alignment | [align] bn_statistics_adaptation fbcnet      single_sub-051_ses01-to-ses02 seed=4 acc=0.7300 (ntr=160 nval=40 nte=200)
2026-06-09 14:47:11 | INFO    | train_session_alignment | [align] bn_statistics_adaptation fbcnet      single_sub-051_ses01-to-ses03 seed=4 acc=0.6850 (ntr=160 nval=40 nte=200)
2026-06-09 14:47:17 | INFO    | train_session_alignment | [align] bn_statistics_adaptation fbcnet      single_sub-051_ses02-to-ses01 seed=4 acc=0.7350 (ntr=160 nval=40 nte=200)
2026-06-09 14:47:24 | INFO    | train_session_alignment | [align] bn_statistics_adaptation fbcnet      single_sub-051_ses02-to-ses03 seed=4 acc=0.7600 (ntr=160 nval=40 nte=200)
2026-06-09 14:47:32 | INFO    | train_session_alignment | [align] bn_statistics_adaptation fbcnet      single_sub-051_ses03-to-ses01 seed=4 acc=0.7050 (ntr=160 nval=40 nte=200)
2026-06-09 14:47:39 | INFO    | train_session_alignment | [align] bn_statistics_adaptation fbcnet      single_sub-051_ses03-to-ses02 seed=4 acc=0.8250 (ntr=160 nval=40 nte=200)
2026-06-09 14:47:46 | INFO    | train_session_alignment | [align] bn_statistics_adaptation fbcnet      multi_sub-001_ses01ses02-to-ses03 seed=4 acc=0.7650 (ntr=320 nval=80 nte=200)
2026-06-09 14:47:50 | INFO    | train_session_alignment | [align] bn_statistics_adaptation fbcnet      multi_sub-002_ses01ses02-to-ses03 seed=4 acc=0.5200 (ntr=320 nval=80 nte=200)
2026-06-09 14:48:04 | INFO    | train_session_alignment | [align] bn_statistics_adaptation fbcnet      multi_sub-003_ses01ses02-to-ses03 seed=4 acc=0.7350 (ntr=320 nval=80 nte=200)
2026-06-09 14:48:08 | INFO    | train_session_alignment | [align] bn_statistics_adaptation fbcnet      multi_sub-004_ses01ses02-to-ses03 seed=4 acc=0.5150 (ntr=320 nval=80 nte=200)
2026-06-09 14:48:19 | INFO    | train_session_alignment | [align] bn_statistics_adaptation fbcnet      multi_sub-005_ses01ses02-to-ses03 seed=4 acc=0.8350 (ntr=320 nval=80 nte=200)
2026-06-09 14:48:37 | INFO    | train_session_alignment | [align] bn_statistics_adaptation fbcnet      multi_sub-006_ses01ses02-to-ses03 seed=4 acc=0.9250 (ntr=320 nval=80 nte=200)
2026-06-09 14:48:42 | INFO    | train_session_alignment | [align] bn_statistics_adaptation fbcnet      multi_sub-007_ses01ses02-to-ses03 seed=4 acc=0.5550 (ntr=320 nval=80 nte=200)
2026-06-09 14:48:48 | INFO    | train_session_alignment | [align] bn_statistics_adaptation fbcnet      multi_sub-008_ses01ses02-to-ses03 seed=4 acc=0.7250 (ntr=320 nval=80 nte=200)
2026-06-09 14:48:54 | INFO    | train_session_alignment | [align] bn_statistics_adaptation fbcnet      multi_sub-009_ses01ses02-to-ses03 seed=4 acc=0.4750 (ntr=320 nval=80 nte=200)
2026-06-09 14:49:01 | INFO    | train_session_alignment | [align] bn_statistics_adaptation fbcnet      multi_sub-010_ses01ses02-to-ses03 seed=4 acc=0.5750 (ntr=320 nval=80 nte=200)
2026-06-09 14:49:08 | INFO    | train_session_alignment | [align] bn_statistics_adaptation fbcnet      multi_sub-011_ses01ses02-to-ses03 seed=4 acc=0.7100 (ntr=320 nval=80 nte=200)
2026-06-09 14:49:13 | INFO    | train_session_alignment | [align] bn_statistics_adaptation fbcnet      multi_sub-012_ses01ses02-to-ses03 seed=4 acc=0.5050 (ntr=320 nval=80 nte=200)
2026-06-09 14:49:19 | INFO    | train_session_alignment | [align] bn_statistics_adaptation fbcnet      multi_sub-013_ses01ses02-to-ses03 seed=4 acc=0.6200 (ntr=320 nval=80 nte=200)
2026-06-09 14:49:25 | INFO    | train_session_alignment | [align] bn_statistics_adaptation fbcnet      multi_sub-014_ses01ses02-to-ses03 seed=4 acc=0.4850 (ntr=320 nval=80 nte=200)
2026-06-09 14:49:29 | INFO    | train_session_alignment | [align] bn_statistics_adaptation fbcnet      multi_sub-015_ses01ses02-to-ses03 seed=4 acc=0.5150 (ntr=320 nval=80 nte=200)
2026-06-09 14:49:34 | INFO    | train_session_alignment | [align] bn_statistics_adaptation fbcnet      multi_sub-016_ses01ses02-to-ses03 seed=4 acc=0.5250 (ntr=320 nval=80 nte=200)
2026-06-09 14:49:39 | INFO    | train_session_alignment | [align] bn_statistics_adaptation fbcnet      multi_sub-017_ses01ses02-to-ses03 seed=4 acc=0.5900 (ntr=320 nval=80 nte=200)
2026-06-09 14:49:45 | INFO    | train_session_alignment | [align] bn_statistics_adaptation fbcnet      multi_sub-018_ses01ses02-to-ses03 seed=4 acc=0.4950 (ntr=320 nval=80 nte=200)
2026-06-09 14:49:51 | INFO    | train_session_alignment | [align] bn_statistics_adaptation fbcnet      multi_sub-019_ses01ses02-to-ses03 seed=4 acc=0.5400 (ntr=320 nval=80 nte=200)
2026-06-09 14:50:01 | INFO    | train_session_alignment | [align] bn_statistics_adaptation fbcnet      multi_sub-020_ses01ses02-to-ses03 seed=4 acc=0.4600 (ntr=320 nval=80 nte=200)
2026-06-09 14:50:13 | INFO    | train_session_alignment | [align] bn_statistics_adaptation fbcnet      multi_sub-021_ses01ses02-to-ses03 seed=4 acc=0.6250 (ntr=320 nval=80 nte=200)
2026-06-09 14:50:23 | INFO    | train_session_alignment | [align] bn_statistics_adaptation fbcnet      multi_sub-022_ses01ses02-to-ses03 seed=4 acc=0.5500 (ntr=320 nval=80 nte=200)
2026-06-09 14:50:35 | INFO    | train_session_alignment | [align] bn_statistics_adaptation fbcnet      multi_sub-025_ses01ses02-to-ses03 seed=4 acc=0.6000 (ntr=320 nval=80 nte=200)
2026-06-09 14:50:45 | INFO    | train_session_alignment | [align] bn_statistics_adaptation fbcnet      multi_sub-027_ses01ses02-to-ses03 seed=4 acc=0.6400 (ntr=320 nval=80 nte=200)
2026-06-09 14:50:58 | INFO    | train_session_alignment | [align] bn_statistics_adaptation fbcnet      multi_sub-028_ses01ses02-to-ses03 seed=4 acc=0.8250 (ntr=320 nval=80 nte=200)
2026-06-09 14:51:14 | INFO    | train_session_alignment | [align] bn_statistics_adaptation fbcnet      multi_sub-029_ses01ses02-to-ses03 seed=4 acc=0.8000 (ntr=320 nval=80 nte=200)
2026-06-09 14:51:22 | INFO    | train_session_alignment | [align] bn_statistics_adaptation fbcnet      multi_sub-030_ses01ses02-to-ses03 seed=4 acc=0.8100 (ntr=320 nval=80 nte=200)
2026-06-09 14:51:29 | INFO    | train_session_alignment | [align] bn_statistics_adaptation fbcnet      multi_sub-031_ses01ses02-to-ses03 seed=4 acc=0.7000 (ntr=320 nval=80 nte=200)
2026-06-09 14:51:37 | INFO    | train_session_alignment | [align] bn_statistics_adaptation fbcnet      multi_sub-033_ses01ses02-to-ses03 seed=4 acc=0.9650 (ntr=320 nval=80 nte=200)
2026-06-09 14:51:43 | INFO    | train_session_alignment | [align] bn_statistics_adaptation fbcnet      multi_sub-034_ses01ses02-to-ses03 seed=4 acc=0.5750 (ntr=320 nval=80 nte=200)
2026-06-09 14:51:55 | INFO    | train_session_alignment | [align] bn_statistics_adaptation fbcnet      multi_sub-035_ses01ses02-to-ses03 seed=4 acc=0.8800 (ntr=320 nval=80 nte=200)
2026-06-09 14:52:00 | INFO    | train_session_alignment | [align] bn_statistics_adaptation fbcnet      multi_sub-036_ses01ses02-to-ses03 seed=4 acc=0.9150 (ntr=320 nval=80 nte=200)
2026-06-09 14:52:15 | INFO    | train_session_alignment | [align] bn_statistics_adaptation fbcnet      multi_sub-037_ses01ses02-to-ses03 seed=4 acc=0.7650 (ntr=320 nval=80 nte=200)
2026-06-09 14:52:24 | INFO    | train_session_alignment | [align] bn_statistics_adaptation fbcnet      multi_sub-038_ses01ses02-to-ses03 seed=4 acc=0.5100 (ntr=320 nval=80 nte=200)
2026-06-09 14:52:29 | INFO    | train_session_alignment | [align] bn_statistics_adaptation fbcnet      multi_sub-039_ses01ses02-to-ses03 seed=4 acc=0.6500 (ntr=320 nval=80 nte=200)
2026-06-09 14:52:34 | INFO    | train_session_alignment | [align] bn_statistics_adaptation fbcnet      multi_sub-040_ses01ses02-to-ses03 seed=4 acc=0.6550 (ntr=320 nval=80 nte=200)
2026-06-09 14:52:45 | INFO    | train_session_alignment | [align] bn_statistics_adaptation fbcnet      multi_sub-041_ses01ses02-to-ses03 seed=4 acc=0.8650 (ntr=320 nval=80 nte=200)
2026-06-09 14:52:51 | INFO    | train_session_alignment | [align] bn_statistics_adaptation fbcnet      multi_sub-042_ses01ses02-to-ses03 seed=4 acc=0.6200 (ntr=320 nval=80 nte=200)
2026-06-09 14:53:03 | INFO    | train_session_alignment | [align] bn_statistics_adaptation fbcnet      multi_sub-043_ses01ses02-to-ses03 seed=4 acc=0.9900 (ntr=320 nval=80 nte=200)
2026-06-09 14:53:07 | INFO    | train_session_alignment | [align] bn_statistics_adaptation fbcnet      multi_sub-044_ses01ses02-to-ses03 seed=4 acc=0.5500 (ntr=320 nval=80 nte=200)
2026-06-09 14:53:16 | INFO    | train_session_alignment | [align] bn_statistics_adaptation fbcnet      multi_sub-045_ses01ses02-to-ses03 seed=4 acc=0.7700 (ntr=320 nval=80 nte=200)
2026-06-09 14:53:33 | INFO    | train_session_alignment | [align] bn_statistics_adaptation fbcnet      multi_sub-046_ses01ses02-to-ses03 seed=4 acc=0.9550 (ntr=320 nval=80 nte=200)
2026-06-09 14:53:40 | INFO    | train_session_alignment | [align] bn_statistics_adaptation fbcnet      multi_sub-047_ses01ses02-to-ses03 seed=4 acc=0.8250 (ntr=320 nval=80 nte=200)
2026-06-09 14:53:47 | INFO    | train_session_alignment | [align] bn_statistics_adaptation fbcnet      multi_sub-048_ses01ses02-to-ses03 seed=4 acc=0.6500 (ntr=320 nval=80 nte=200)
2026-06-09 14:54:00 | INFO    | train_session_alignment | [align] bn_statistics_adaptation fbcnet      multi_sub-049_ses01ses02-to-ses03 seed=4 acc=0.8050 (ntr=320 nval=80 nte=200)
2026-06-09 14:54:18 | INFO    | train_session_alignment | [align] bn_statistics_adaptation fbcnet      multi_sub-050_ses01ses02-to-ses03 seed=4 acc=0.8850 (ntr=320 nval=80 nte=200)
2026-06-09 14:54:32 | INFO    | train_session_alignment | [align] bn_statistics_adaptation fbcnet      multi_sub-051_ses01ses02-to-ses03 seed=4 acc=0.7750 (ntr=320 nval=80 nte=200)
2026-06-09 14:54:32 | INFO    | train_session_alignment | ALL DONE in 2627.3s | rows=335 ok=335 failed=0 | out=/share/home/yuan/SYX/eeg-mi-online/outputs/experiments/alignment_baseline_v1
Done: Tue Jun  9 14:54:33 CST 2026
