Project: /share/home/yuan/SYX/eeg-mi-online
Env    : mi_torch_cu118
Args   : --methods riemannian_alignment --models deepconvnet --seeds 3 --protocols single,multi --tag-suffix riemannian_alignment_deepconvnet_s3
Node   : gpu01 | Start: Tue Jun  9 09:29:26 CST 2026
Tue Jun  9 09:29:27 2026       
+-----------------------------------------------------------------------------------------+
| NVIDIA-SMI 570.153.02             Driver Version: 570.153.02     CUDA Version: 12.8     |
|-----------------------------------------+------------------------+----------------------+
| GPU  Name                 Persistence-M | Bus-Id          Disp.A | Volatile Uncorr. ECC |
| Fan  Temp   Perf          Pwr:Usage/Cap |           Memory-Usage | GPU-Util  Compute M. |
|                                         |                        |               MIG M. |
|=========================================+========================+======================|
|   0  NVIDIA GeForce RTX 4090 D      On  |   00000000:21:00.0 Off |                  Off |
| 77%   47C    P0             78W /  425W |       1MiB /  24564MiB |      0%      Default |
|                                         |                        |                  N/A |
+-----------------------------------------+------------------------+----------------------+
                                                                                         
+-----------------------------------------------------------------------------------------+
| Processes:                                                                              |
|  GPU   GI   CI              PID   Type   Process name                        GPU Memory |
|        ID   ID                                                               Usage      |
|=========================================================================================|
|  No running processes found                                                             |
+-----------------------------------------------------------------------------------------+
[cuda-check] torch=2.7.1+cu118 cuda_build=11.8 cuda_avail=True
2026-06-09 09:29:30 | INFO    | train_session_alignment | device=cuda | cuda={'torch': '2.7.1+cu118', 'cuda_build': '11.8', 'cuda_available': True, 'device': 'cuda', 'device_name': 'NVIDIA GeForce RTX 4090 D'}
2026-06-09 09:29:30 | INFO    | train_session_alignment | loaded 148 ok sessions | methods=['riemannian_alignment'] | models=['deepconvnet'] | seeds=[3] | groups=['single', 'multi'] | tasks=335
2026-06-09 09:29:38 | INFO    | train_session_alignment | [align] riemannian_alignment   deepconvnet single_sub-001_ses01-to-ses02 seed=3 acc=0.5800 (ntr=160 nval=40 nte=200)
2026-06-09 09:29:44 | INFO    | train_session_alignment | [align] riemannian_alignment   deepconvnet single_sub-001_ses01-to-ses03 seed=3 acc=0.6400 (ntr=160 nval=40 nte=200)
2026-06-09 09:29:52 | INFO    | train_session_alignment | [align] riemannian_alignment   deepconvnet single_sub-001_ses02-to-ses01 seed=3 acc=0.6000 (ntr=160 nval=40 nte=200)
2026-06-09 09:29:59 | INFO    | train_session_alignment | [align] riemannian_alignment   deepconvnet single_sub-001_ses02-to-ses03 seed=3 acc=0.7800 (ntr=160 nval=40 nte=200)
2026-06-09 09:30:06 | INFO    | train_session_alignment | [align] riemannian_alignment   deepconvnet single_sub-001_ses03-to-ses01 seed=3 acc=0.6700 (ntr=160 nval=40 nte=200)
2026-06-09 09:30:13 | INFO    | train_session_alignment | [align] riemannian_alignment   deepconvnet single_sub-001_ses03-to-ses02 seed=3 acc=0.7650 (ntr=160 nval=40 nte=200)
2026-06-09 09:30:19 | INFO    | train_session_alignment | [align] riemannian_alignment   deepconvnet single_sub-002_ses01-to-ses02 seed=3 acc=0.5650 (ntr=160 nval=40 nte=200)
2026-06-09 09:30:25 | INFO    | train_session_alignment | [align] riemannian_alignment   deepconvnet single_sub-002_ses01-to-ses03 seed=3 acc=0.6150 (ntr=160 nval=40 nte=200)
2026-06-09 09:30:31 | INFO    | train_session_alignment | [align] riemannian_alignment   deepconvnet single_sub-002_ses02-to-ses01 seed=3 acc=0.5600 (ntr=160 nval=40 nte=200)
2026-06-09 09:30:37 | INFO    | train_session_alignment | [align] riemannian_alignment   deepconvnet single_sub-002_ses02-to-ses03 seed=3 acc=0.5850 (ntr=160 nval=40 nte=200)
2026-06-09 09:30:44 | INFO    | train_session_alignment | [align] riemannian_alignment   deepconvnet single_sub-002_ses03-to-ses01 seed=3 acc=0.6300 (ntr=160 nval=40 nte=200)
2026-06-09 09:30:51 | INFO    | train_session_alignment | [align] riemannian_alignment   deepconvnet single_sub-002_ses03-to-ses02 seed=3 acc=0.6150 (ntr=160 nval=40 nte=200)
2026-06-09 09:30:58 | INFO    | train_session_alignment | [align] riemannian_alignment   deepconvnet single_sub-003_ses01-to-ses02 seed=3 acc=0.5850 (ntr=160 nval=40 nte=200)
2026-06-09 09:31:04 | INFO    | train_session_alignment | [align] riemannian_alignment   deepconvnet single_sub-003_ses01-to-ses03 seed=3 acc=0.5050 (ntr=160 nval=40 nte=200)
2026-06-09 09:31:11 | INFO    | train_session_alignment | [align] riemannian_alignment   deepconvnet single_sub-003_ses02-to-ses01 seed=3 acc=0.5400 (ntr=160 nval=40 nte=200)
2026-06-09 09:31:18 | INFO    | train_session_alignment | [align] riemannian_alignment   deepconvnet single_sub-003_ses02-to-ses03 seed=3 acc=0.5600 (ntr=160 nval=40 nte=200)
2026-06-09 09:31:24 | INFO    | train_session_alignment | [align] riemannian_alignment   deepconvnet single_sub-003_ses03-to-ses01 seed=3 acc=0.5600 (ntr=160 nval=40 nte=200)
2026-06-09 09:31:31 | INFO    | train_session_alignment | [align] riemannian_alignment   deepconvnet single_sub-003_ses03-to-ses02 seed=3 acc=0.5950 (ntr=160 nval=40 nte=200)
2026-06-09 09:31:37 | INFO    | train_session_alignment | [align] riemannian_alignment   deepconvnet single_sub-004_ses01-to-ses02 seed=3 acc=0.5150 (ntr=160 nval=40 nte=200)
2026-06-09 09:31:43 | INFO    | train_session_alignment | [align] riemannian_alignment   deepconvnet single_sub-004_ses01-to-ses03 seed=3 acc=0.4650 (ntr=160 nval=40 nte=200)
2026-06-09 09:31:50 | INFO    | train_session_alignment | [align] riemannian_alignment   deepconvnet single_sub-004_ses02-to-ses01 seed=3 acc=0.5200 (ntr=160 nval=40 nte=200)
2026-06-09 09:31:57 | INFO    | train_session_alignment | [align] riemannian_alignment   deepconvnet single_sub-004_ses02-to-ses03 seed=3 acc=0.5050 (ntr=160 nval=40 nte=200)
2026-06-09 09:32:03 | INFO    | train_session_alignment | [align] riemannian_alignment   deepconvnet single_sub-004_ses03-to-ses01 seed=3 acc=0.5000 (ntr=160 nval=40 nte=200)
2026-06-09 09:32:09 | INFO    | train_session_alignment | [align] riemannian_alignment   deepconvnet single_sub-004_ses03-to-ses02 seed=3 acc=0.4850 (ntr=160 nval=40 nte=200)
2026-06-09 09:32:28 | INFO    | train_session_alignment | [align] riemannian_alignment   deepconvnet single_sub-005_ses01-to-ses02 seed=3 acc=0.7150 (ntr=160 nval=40 nte=200)
2026-06-09 09:32:46 | INFO    | train_session_alignment | [align] riemannian_alignment   deepconvnet single_sub-005_ses01-to-ses03 seed=3 acc=0.6500 (ntr=160 nval=40 nte=200)
2026-06-09 09:32:52 | INFO    | train_session_alignment | [align] riemannian_alignment   deepconvnet single_sub-005_ses02-to-ses01 seed=3 acc=0.5550 (ntr=160 nval=40 nte=200)
2026-06-09 09:32:58 | INFO    | train_session_alignment | [align] riemannian_alignment   deepconvnet single_sub-005_ses02-to-ses03 seed=3 acc=0.4900 (ntr=160 nval=40 nte=200)
2026-06-09 09:33:04 | INFO    | train_session_alignment | [align] riemannian_alignment   deepconvnet single_sub-005_ses03-to-ses01 seed=3 acc=0.5300 (ntr=160 nval=40 nte=200)
2026-06-09 09:33:10 | INFO    | train_session_alignment | [align] riemannian_alignment   deepconvnet single_sub-005_ses03-to-ses02 seed=3 acc=0.5000 (ntr=160 nval=40 nte=200)
2026-06-09 09:33:18 | INFO    | train_session_alignment | [align] riemannian_alignment   deepconvnet single_sub-006_ses01-to-ses02 seed=3 acc=0.8900 (ntr=160 nval=40 nte=200)
2026-06-09 09:33:26 | INFO    | train_session_alignment | [align] riemannian_alignment   deepconvnet single_sub-006_ses01-to-ses03 seed=3 acc=0.9050 (ntr=160 nval=40 nte=200)
2026-06-09 09:33:38 | INFO    | train_session_alignment | [align] riemannian_alignment   deepconvnet single_sub-006_ses02-to-ses01 seed=3 acc=0.6850 (ntr=160 nval=40 nte=200)
2026-06-09 09:33:49 | INFO    | train_session_alignment | [align] riemannian_alignment   deepconvnet single_sub-006_ses02-to-ses03 seed=3 acc=0.7300 (ntr=160 nval=40 nte=200)
2026-06-09 09:33:56 | INFO    | train_session_alignment | [align] riemannian_alignment   deepconvnet single_sub-006_ses03-to-ses01 seed=3 acc=0.8400 (ntr=160 nval=40 nte=200)
2026-06-09 09:34:03 | INFO    | train_session_alignment | [align] riemannian_alignment   deepconvnet single_sub-006_ses03-to-ses02 seed=3 acc=0.7400 (ntr=160 nval=40 nte=200)
2026-06-09 09:34:09 | INFO    | train_session_alignment | [align] riemannian_alignment   deepconvnet single_sub-007_ses01-to-ses02 seed=3 acc=0.6650 (ntr=160 nval=40 nte=200)
2026-06-09 09:34:16 | INFO    | train_session_alignment | [align] riemannian_alignment   deepconvnet single_sub-007_ses01-to-ses03 seed=3 acc=0.7600 (ntr=160 nval=40 nte=200)
2026-06-09 09:34:23 | INFO    | train_session_alignment | [align] riemannian_alignment   deepconvnet single_sub-007_ses02-to-ses01 seed=3 acc=0.6750 (ntr=160 nval=40 nte=200)
2026-06-09 09:34:29 | INFO    | train_session_alignment | [align] riemannian_alignment   deepconvnet single_sub-007_ses02-to-ses03 seed=3 acc=0.7800 (ntr=160 nval=40 nte=200)
2026-06-09 09:34:39 | INFO    | train_session_alignment | [align] riemannian_alignment   deepconvnet single_sub-007_ses03-to-ses01 seed=3 acc=0.6350 (ntr=160 nval=40 nte=200)
2026-06-09 09:34:49 | INFO    | train_session_alignment | [align] riemannian_alignment   deepconvnet single_sub-007_ses03-to-ses02 seed=3 acc=0.7200 (ntr=160 nval=40 nte=200)
2026-06-09 09:34:56 | INFO    | train_session_alignment | [align] riemannian_alignment   deepconvnet single_sub-008_ses01-to-ses02 seed=3 acc=0.5600 (ntr=160 nval=40 nte=200)
2026-06-09 09:35:03 | INFO    | train_session_alignment | [align] riemannian_alignment   deepconvnet single_sub-008_ses01-to-ses03 seed=3 acc=0.6250 (ntr=160 nval=40 nte=200)
2026-06-09 09:35:11 | INFO    | train_session_alignment | [align] riemannian_alignment   deepconvnet single_sub-008_ses02-to-ses01 seed=3 acc=0.5950 (ntr=160 nval=40 nte=200)
2026-06-09 09:35:18 | INFO    | train_session_alignment | [align] riemannian_alignment   deepconvnet single_sub-008_ses02-to-ses03 seed=3 acc=0.7650 (ntr=160 nval=40 nte=200)
2026-06-09 09:35:26 | INFO    | train_session_alignment | [align] riemannian_alignment   deepconvnet single_sub-008_ses03-to-ses01 seed=3 acc=0.5300 (ntr=160 nval=40 nte=200)
2026-06-09 09:35:33 | INFO    | train_session_alignment | [align] riemannian_alignment   deepconvnet single_sub-008_ses03-to-ses02 seed=3 acc=0.5850 (ntr=160 nval=40 nte=200)
2026-06-09 09:35:40 | INFO    | train_session_alignment | [align] riemannian_alignment   deepconvnet single_sub-009_ses01-to-ses02 seed=3 acc=0.6100 (ntr=160 nval=40 nte=200)
2026-06-09 09:35:47 | INFO    | train_session_alignment | [align] riemannian_alignment   deepconvnet single_sub-009_ses01-to-ses03 seed=3 acc=0.5800 (ntr=160 nval=40 nte=200)
2026-06-09 09:35:53 | INFO    | train_session_alignment | [align] riemannian_alignment   deepconvnet single_sub-009_ses02-to-ses01 seed=3 acc=0.5950 (ntr=160 nval=40 nte=200)
2026-06-09 09:35:59 | INFO    | train_session_alignment | [align] riemannian_alignment   deepconvnet single_sub-009_ses02-to-ses03 seed=3 acc=0.5200 (ntr=160 nval=40 nte=200)
2026-06-09 09:36:05 | INFO    | train_session_alignment | [align] riemannian_alignment   deepconvnet single_sub-009_ses03-to-ses01 seed=3 acc=0.4850 (ntr=160 nval=40 nte=200)
2026-06-09 09:36:11 | INFO    | train_session_alignment | [align] riemannian_alignment   deepconvnet single_sub-009_ses03-to-ses02 seed=3 acc=0.4650 (ntr=160 nval=40 nte=200)
2026-06-09 09:36:18 | INFO    | train_session_alignment | [align] riemannian_alignment   deepconvnet single_sub-010_ses01-to-ses02 seed=3 acc=0.6050 (ntr=160 nval=40 nte=200)
2026-06-09 09:36:25 | INFO    | train_session_alignment | [align] riemannian_alignment   deepconvnet single_sub-010_ses01-to-ses03 seed=3 acc=0.4750 (ntr=160 nval=40 nte=200)
2026-06-09 09:36:35 | INFO    | train_session_alignment | [align] riemannian_alignment   deepconvnet single_sub-010_ses02-to-ses01 seed=3 acc=0.7050 (ntr=160 nval=40 nte=200)
2026-06-09 09:36:46 | INFO    | train_session_alignment | [align] riemannian_alignment   deepconvnet single_sub-010_ses02-to-ses03 seed=3 acc=0.5250 (ntr=160 nval=40 nte=200)
2026-06-09 09:36:53 | INFO    | train_session_alignment | [align] riemannian_alignment   deepconvnet single_sub-010_ses03-to-ses01 seed=3 acc=0.5000 (ntr=160 nval=40 nte=200)
2026-06-09 09:36:59 | INFO    | train_session_alignment | [align] riemannian_alignment   deepconvnet single_sub-010_ses03-to-ses02 seed=3 acc=0.5300 (ntr=160 nval=40 nte=200)
2026-06-09 09:37:05 | INFO    | train_session_alignment | [align] riemannian_alignment   deepconvnet single_sub-011_ses01-to-ses02 seed=3 acc=0.6800 (ntr=160 nval=40 nte=200)
2026-06-09 09:37:11 | INFO    | train_session_alignment | [align] riemannian_alignment   deepconvnet single_sub-011_ses01-to-ses03 seed=3 acc=0.8350 (ntr=160 nval=40 nte=200)
2026-06-09 09:37:18 | INFO    | train_session_alignment | [align] riemannian_alignment   deepconvnet single_sub-011_ses02-to-ses01 seed=3 acc=0.7600 (ntr=160 nval=40 nte=200)
2026-06-09 09:37:25 | INFO    | train_session_alignment | [align] riemannian_alignment   deepconvnet single_sub-011_ses02-to-ses03 seed=3 acc=0.8100 (ntr=160 nval=40 nte=200)
2026-06-09 09:37:32 | INFO    | train_session_alignment | [align] riemannian_alignment   deepconvnet single_sub-011_ses03-to-ses01 seed=3 acc=0.8700 (ntr=160 nval=40 nte=200)
2026-06-09 09:37:38 | INFO    | train_session_alignment | [align] riemannian_alignment   deepconvnet single_sub-011_ses03-to-ses02 seed=3 acc=0.7400 (ntr=160 nval=40 nte=200)
2026-06-09 09:37:44 | INFO    | train_session_alignment | [align] riemannian_alignment   deepconvnet single_sub-012_ses01-to-ses02 seed=3 acc=0.4700 (ntr=160 nval=40 nte=200)
2026-06-09 09:37:50 | INFO    | train_session_alignment | [align] riemannian_alignment   deepconvnet single_sub-012_ses01-to-ses03 seed=3 acc=0.5050 (ntr=160 nval=40 nte=200)
2026-06-09 09:37:56 | INFO    | train_session_alignment | [align] riemannian_alignment   deepconvnet single_sub-012_ses02-to-ses01 seed=3 acc=0.4600 (ntr=160 nval=40 nte=200)
2026-06-09 09:38:02 | INFO    | train_session_alignment | [align] riemannian_alignment   deepconvnet single_sub-012_ses02-to-ses03 seed=3 acc=0.5000 (ntr=160 nval=40 nte=200)
2026-06-09 09:38:08 | INFO    | train_session_alignment | [align] riemannian_alignment   deepconvnet single_sub-012_ses03-to-ses01 seed=3 acc=0.4850 (ntr=160 nval=40 nte=200)
2026-06-09 09:38:14 | INFO    | train_session_alignment | [align] riemannian_alignment   deepconvnet single_sub-012_ses03-to-ses02 seed=3 acc=0.5100 (ntr=160 nval=40 nte=200)
2026-06-09 09:38:21 | INFO    | train_session_alignment | [align] riemannian_alignment   deepconvnet single_sub-013_ses01-to-ses02 seed=3 acc=0.7100 (ntr=160 nval=40 nte=200)
2026-06-09 09:38:27 | INFO    | train_session_alignment | [align] riemannian_alignment   deepconvnet single_sub-013_ses01-to-ses03 seed=3 acc=0.6450 (ntr=160 nval=40 nte=200)
2026-06-09 09:38:39 | INFO    | train_session_alignment | [align] riemannian_alignment   deepconvnet single_sub-013_ses02-to-ses01 seed=3 acc=0.6100 (ntr=160 nval=40 nte=200)
2026-06-09 09:38:51 | INFO    | train_session_alignment | [align] riemannian_alignment   deepconvnet single_sub-013_ses02-to-ses03 seed=3 acc=0.6400 (ntr=160 nval=40 nte=200)
2026-06-09 09:38:57 | INFO    | train_session_alignment | [align] riemannian_alignment   deepconvnet single_sub-013_ses03-to-ses01 seed=3 acc=0.5800 (ntr=160 nval=40 nte=200)
2026-06-09 09:39:03 | INFO    | train_session_alignment | [align] riemannian_alignment   deepconvnet single_sub-013_ses03-to-ses02 seed=3 acc=0.7050 (ntr=160 nval=40 nte=200)
2026-06-09 09:39:09 | INFO    | train_session_alignment | [align] riemannian_alignment   deepconvnet single_sub-014_ses01-to-ses02 seed=3 acc=0.5300 (ntr=160 nval=40 nte=200)
2026-06-09 09:39:15 | INFO    | train_session_alignment | [align] riemannian_alignment   deepconvnet single_sub-014_ses01-to-ses03 seed=3 acc=0.5200 (ntr=160 nval=40 nte=200)
2026-06-09 09:39:21 | INFO    | train_session_alignment | [align] riemannian_alignment   deepconvnet single_sub-014_ses02-to-ses01 seed=3 acc=0.4850 (ntr=160 nval=40 nte=200)
2026-06-09 09:39:27 | INFO    | train_session_alignment | [align] riemannian_alignment   deepconvnet single_sub-014_ses02-to-ses03 seed=3 acc=0.5400 (ntr=160 nval=40 nte=200)
2026-06-09 09:39:33 | INFO    | train_session_alignment | [align] riemannian_alignment   deepconvnet single_sub-014_ses03-to-ses01 seed=3 acc=0.4850 (ntr=160 nval=40 nte=200)
2026-06-09 09:39:40 | INFO    | train_session_alignment | [align] riemannian_alignment   deepconvnet single_sub-014_ses03-to-ses02 seed=3 acc=0.4800 (ntr=160 nval=40 nte=200)
2026-06-09 09:39:46 | INFO    | train_session_alignment | [align] riemannian_alignment   deepconvnet single_sub-015_ses01-to-ses02 seed=3 acc=0.5200 (ntr=160 nval=40 nte=200)
2026-06-09 09:39:52 | INFO    | train_session_alignment | [align] riemannian_alignment   deepconvnet single_sub-015_ses01-to-ses03 seed=3 acc=0.4850 (ntr=160 nval=40 nte=200)
2026-06-09 09:39:58 | INFO    | train_session_alignment | [align] riemannian_alignment   deepconvnet single_sub-015_ses02-to-ses01 seed=3 acc=0.6100 (ntr=160 nval=40 nte=200)
2026-06-09 09:40:05 | INFO    | train_session_alignment | [align] riemannian_alignment   deepconvnet single_sub-015_ses02-to-ses03 seed=3 acc=0.5100 (ntr=160 nval=40 nte=200)
2026-06-09 09:40:17 | INFO    | train_session_alignment | [align] riemannian_alignment   deepconvnet single_sub-015_ses03-to-ses01 seed=3 acc=0.6600 (ntr=160 nval=40 nte=200)
2026-06-09 09:40:29 | INFO    | train_session_alignment | [align] riemannian_alignment   deepconvnet single_sub-015_ses03-to-ses02 seed=3 acc=0.6200 (ntr=160 nval=40 nte=200)
2026-06-09 09:40:35 | INFO    | train_session_alignment | [align] riemannian_alignment   deepconvnet single_sub-016_ses01-to-ses02 seed=3 acc=0.5050 (ntr=160 nval=40 nte=200)
2026-06-09 09:40:42 | INFO    | train_session_alignment | [align] riemannian_alignment   deepconvnet single_sub-016_ses01-to-ses03 seed=3 acc=0.5100 (ntr=160 nval=40 nte=200)
2026-06-09 09:40:48 | INFO    | train_session_alignment | [align] riemannian_alignment   deepconvnet single_sub-016_ses02-to-ses01 seed=3 acc=0.4700 (ntr=160 nval=40 nte=200)
2026-06-09 09:40:54 | INFO    | train_session_alignment | [align] riemannian_alignment   deepconvnet single_sub-016_ses02-to-ses03 seed=3 acc=0.5000 (ntr=160 nval=40 nte=200)
2026-06-09 09:41:00 | INFO    | train_session_alignment | [align] riemannian_alignment   deepconvnet single_sub-016_ses03-to-ses01 seed=3 acc=0.4950 (ntr=160 nval=40 nte=200)
2026-06-09 09:41:06 | INFO    | train_session_alignment | [align] riemannian_alignment   deepconvnet single_sub-016_ses03-to-ses02 seed=3 acc=0.4950 (ntr=160 nval=40 nte=200)
2026-06-09 09:41:13 | INFO    | train_session_alignment | [align] riemannian_alignment   deepconvnet single_sub-017_ses01-to-ses02 seed=3 acc=0.7150 (ntr=160 nval=40 nte=200)
2026-06-09 09:41:19 | INFO    | train_session_alignment | [align] riemannian_alignment   deepconvnet single_sub-017_ses01-to-ses03 seed=3 acc=0.7000 (ntr=160 nval=40 nte=200)
2026-06-09 09:41:25 | INFO    | train_session_alignment | [align] riemannian_alignment   deepconvnet single_sub-017_ses02-to-ses01 seed=3 acc=0.6100 (ntr=160 nval=40 nte=200)
2026-06-09 09:41:31 | INFO    | train_session_alignment | [align] riemannian_alignment   deepconvnet single_sub-017_ses02-to-ses03 seed=3 acc=0.6850 (ntr=160 nval=40 nte=200)
2026-06-09 09:41:38 | INFO    | train_session_alignment | [align] riemannian_alignment   deepconvnet single_sub-017_ses03-to-ses01 seed=3 acc=0.6200 (ntr=160 nval=40 nte=200)
2026-06-09 09:41:44 | INFO    | train_session_alignment | [align] riemannian_alignment   deepconvnet single_sub-017_ses03-to-ses02 seed=3 acc=0.6800 (ntr=160 nval=40 nte=200)
2026-06-09 09:41:54 | INFO    | train_session_alignment | [align] riemannian_alignment   deepconvnet single_sub-018_ses01-to-ses02 seed=3 acc=0.6300 (ntr=160 nval=40 nte=200)
2026-06-09 09:42:04 | INFO    | train_session_alignment | [align] riemannian_alignment   deepconvnet single_sub-018_ses01-to-ses03 seed=3 acc=0.5450 (ntr=160 nval=40 nte=200)
2026-06-09 09:42:10 | INFO    | train_session_alignment | [align] riemannian_alignment   deepconvnet single_sub-018_ses02-to-ses01 seed=3 acc=0.6000 (ntr=160 nval=40 nte=200)
2026-06-09 09:42:16 | INFO    | train_session_alignment | [align] riemannian_alignment   deepconvnet single_sub-018_ses02-to-ses03 seed=3 acc=0.5800 (ntr=160 nval=40 nte=200)
2026-06-09 09:42:22 | INFO    | train_session_alignment | [align] riemannian_alignment   deepconvnet single_sub-018_ses03-to-ses01 seed=3 acc=0.5200 (ntr=160 nval=40 nte=200)
2026-06-09 09:42:28 | INFO    | train_session_alignment | [align] riemannian_alignment   deepconvnet single_sub-018_ses03-to-ses02 seed=3 acc=0.5150 (ntr=160 nval=40 nte=200)
2026-06-09 09:42:35 | INFO    | train_session_alignment | [align] riemannian_alignment   deepconvnet single_sub-019_ses01-to-ses02 seed=3 acc=0.5150 (ntr=160 nval=40 nte=200)
2026-06-09 09:42:42 | INFO    | train_session_alignment | [align] riemannian_alignment   deepconvnet single_sub-019_ses01-to-ses03 seed=3 acc=0.5350 (ntr=160 nval=40 nte=200)
2026-06-09 09:42:49 | INFO    | train_session_alignment | [align] riemannian_alignment   deepconvnet single_sub-019_ses02-to-ses01 seed=3 acc=0.4850 (ntr=160 nval=40 nte=200)
2026-06-09 09:42:56 | INFO    | train_session_alignment | [align] riemannian_alignment   deepconvnet single_sub-019_ses02-to-ses03 seed=3 acc=0.7550 (ntr=160 nval=40 nte=200)
2026-06-09 09:43:03 | INFO    | train_session_alignment | [align] riemannian_alignment   deepconvnet single_sub-019_ses03-to-ses01 seed=3 acc=0.5250 (ntr=160 nval=40 nte=200)
2026-06-09 09:43:10 | INFO    | train_session_alignment | [align] riemannian_alignment   deepconvnet single_sub-019_ses03-to-ses02 seed=3 acc=0.7450 (ntr=160 nval=40 nte=200)
2026-06-09 09:43:20 | INFO    | train_session_alignment | [align] riemannian_alignment   deepconvnet single_sub-020_ses01-to-ses02 seed=3 acc=0.8450 (ntr=160 nval=40 nte=200)
2026-06-09 09:43:31 | INFO    | train_session_alignment | [align] riemannian_alignment   deepconvnet single_sub-020_ses01-to-ses03 seed=3 acc=0.5650 (ntr=160 nval=40 nte=200)
2026-06-09 09:43:49 | INFO    | train_session_alignment | [align] riemannian_alignment   deepconvnet single_sub-020_ses02-to-ses01 seed=3 acc=0.8750 (ntr=160 nval=40 nte=200)
2026-06-09 09:44:07 | INFO    | train_session_alignment | [align] riemannian_alignment   deepconvnet single_sub-020_ses02-to-ses03 seed=3 acc=0.5000 (ntr=160 nval=40 nte=200)
2026-06-09 09:44:27 | INFO    | train_session_alignment | [align] riemannian_alignment   deepconvnet single_sub-020_ses03-to-ses01 seed=3 acc=0.4700 (ntr=160 nval=40 nte=200)
2026-06-09 09:44:47 | INFO    | train_session_alignment | [align] riemannian_alignment   deepconvnet single_sub-020_ses03-to-ses02 seed=3 acc=0.4500 (ntr=160 nval=40 nte=200)
2026-06-09 09:44:57 | INFO    | train_session_alignment | [align] riemannian_alignment   deepconvnet single_sub-021_ses01-to-ses02 seed=3 acc=0.6450 (ntr=160 nval=40 nte=200)
2026-06-09 09:45:07 | INFO    | train_session_alignment | [align] riemannian_alignment   deepconvnet single_sub-021_ses01-to-ses03 seed=3 acc=0.6700 (ntr=160 nval=40 nte=200)
2026-06-09 09:45:21 | INFO    | train_session_alignment | [align] riemannian_alignment   deepconvnet single_sub-021_ses02-to-ses01 seed=3 acc=0.6800 (ntr=160 nval=40 nte=200)
2026-06-09 09:45:34 | INFO    | train_session_alignment | [align] riemannian_alignment   deepconvnet single_sub-021_ses02-to-ses03 seed=3 acc=0.6250 (ntr=160 nval=40 nte=200)
2026-06-09 09:45:40 | INFO    | train_session_alignment | [align] riemannian_alignment   deepconvnet single_sub-021_ses03-to-ses01 seed=3 acc=0.5000 (ntr=160 nval=40 nte=200)
2026-06-09 09:45:46 | INFO    | train_session_alignment | [align] riemannian_alignment   deepconvnet single_sub-021_ses03-to-ses02 seed=3 acc=0.4850 (ntr=160 nval=40 nte=200)
2026-06-09 09:45:53 | INFO    | train_session_alignment | [align] riemannian_alignment   deepconvnet single_sub-022_ses01-to-ses02 seed=3 acc=0.5600 (ntr=160 nval=40 nte=200)
2026-06-09 09:46:00 | INFO    | train_session_alignment | [align] riemannian_alignment   deepconvnet single_sub-022_ses01-to-ses03 seed=3 acc=0.5750 (ntr=160 nval=40 nte=200)
2026-06-09 09:46:06 | INFO    | train_session_alignment | [align] riemannian_alignment   deepconvnet single_sub-022_ses02-to-ses01 seed=3 acc=0.5550 (ntr=160 nval=40 nte=200)
2026-06-09 09:46:12 | INFO    | train_session_alignment | [align] riemannian_alignment   deepconvnet single_sub-022_ses02-to-ses03 seed=3 acc=0.5450 (ntr=160 nval=40 nte=200)
2026-06-09 09:46:18 | INFO    | train_session_alignment | [align] riemannian_alignment   deepconvnet single_sub-022_ses03-to-ses01 seed=3 acc=0.4850 (ntr=160 nval=40 nte=200)
2026-06-09 09:46:24 | INFO    | train_session_alignment | [align] riemannian_alignment   deepconvnet single_sub-022_ses03-to-ses02 seed=3 acc=0.4800 (ntr=160 nval=40 nte=200)
2026-06-09 09:46:31 | INFO    | train_session_alignment | [align] riemannian_alignment   deepconvnet single_sub-023_ses02-to-ses03 seed=3 acc=0.7300 (ntr=160 nval=40 nte=200)
2026-06-09 09:46:37 | INFO    | train_session_alignment | [align] riemannian_alignment   deepconvnet single_sub-023_ses03-to-ses02 seed=3 acc=0.5150 (ntr=160 nval=40 nte=200)
2026-06-09 09:46:44 | INFO    | train_session_alignment | [align] riemannian_alignment   deepconvnet single_sub-025_ses01-to-ses02 seed=3 acc=0.8300 (ntr=160 nval=40 nte=200)
2026-06-09 09:46:51 | INFO    | train_session_alignment | [align] riemannian_alignment   deepconvnet single_sub-025_ses01-to-ses03 seed=3 acc=0.8450 (ntr=160 nval=40 nte=200)
2026-06-09 09:46:57 | INFO    | train_session_alignment | [align] riemannian_alignment   deepconvnet single_sub-025_ses02-to-ses01 seed=3 acc=0.7700 (ntr=160 nval=40 nte=200)
2026-06-09 09:47:04 | INFO    | train_session_alignment | [align] riemannian_alignment   deepconvnet single_sub-025_ses02-to-ses03 seed=3 acc=0.7650 (ntr=160 nval=40 nte=200)
2026-06-09 09:47:10 | INFO    | train_session_alignment | [align] riemannian_alignment   deepconvnet single_sub-025_ses03-to-ses01 seed=3 acc=0.8700 (ntr=160 nval=40 nte=200)
2026-06-09 09:47:17 | INFO    | train_session_alignment | [align] riemannian_alignment   deepconvnet single_sub-025_ses03-to-ses02 seed=3 acc=0.8750 (ntr=160 nval=40 nte=200)
2026-06-09 09:47:23 | INFO    | train_session_alignment | [align] riemannian_alignment   deepconvnet single_sub-026_ses02-to-ses03 seed=3 acc=0.8550 (ntr=160 nval=40 nte=200)
2026-06-09 09:47:30 | INFO    | train_session_alignment | [align] riemannian_alignment   deepconvnet single_sub-026_ses03-to-ses02 seed=3 acc=0.8600 (ntr=160 nval=40 nte=200)
2026-06-09 09:47:40 | INFO    | train_session_alignment | [align] riemannian_alignment   deepconvnet single_sub-027_ses01-to-ses02 seed=3 acc=0.5850 (ntr=160 nval=40 nte=200)
2026-06-09 09:47:49 | INFO    | train_session_alignment | [align] riemannian_alignment   deepconvnet single_sub-027_ses01-to-ses03 seed=3 acc=0.8300 (ntr=160 nval=40 nte=200)
2026-06-09 09:48:01 | INFO    | train_session_alignment | [align] riemannian_alignment   deepconvnet single_sub-027_ses02-to-ses01 seed=3 acc=0.6500 (ntr=160 nval=40 nte=200)
2026-06-09 09:48:12 | INFO    | train_session_alignment | [align] riemannian_alignment   deepconvnet single_sub-027_ses02-to-ses03 seed=3 acc=0.6500 (ntr=160 nval=40 nte=200)
2026-06-09 09:48:22 | INFO    | train_session_alignment | [align] riemannian_alignment   deepconvnet single_sub-027_ses03-to-ses01 seed=3 acc=0.6700 (ntr=160 nval=40 nte=200)
2026-06-09 09:48:32 | INFO    | train_session_alignment | [align] riemannian_alignment   deepconvnet single_sub-027_ses03-to-ses02 seed=3 acc=0.6250 (ntr=160 nval=40 nte=200)
2026-06-09 09:48:40 | INFO    | train_session_alignment | [align] riemannian_alignment   deepconvnet single_sub-028_ses01-to-ses02 seed=3 acc=0.6800 (ntr=160 nval=40 nte=200)
2026-06-09 09:48:48 | INFO    | train_session_alignment | [align] riemannian_alignment   deepconvnet single_sub-028_ses01-to-ses03 seed=3 acc=0.5500 (ntr=160 nval=40 nte=200)
2026-06-09 09:48:55 | INFO    | train_session_alignment | [align] riemannian_alignment   deepconvnet single_sub-028_ses02-to-ses01 seed=3 acc=0.5850 (ntr=160 nval=40 nte=200)
2026-06-09 09:49:03 | INFO    | train_session_alignment | [align] riemannian_alignment   deepconvnet single_sub-028_ses02-to-ses03 seed=3 acc=0.5400 (ntr=160 nval=40 nte=200)
2026-06-09 09:49:10 | INFO    | train_session_alignment | [align] riemannian_alignment   deepconvnet single_sub-028_ses03-to-ses01 seed=3 acc=0.5600 (ntr=160 nval=40 nte=200)
2026-06-09 09:49:17 | INFO    | train_session_alignment | [align] riemannian_alignment   deepconvnet single_sub-028_ses03-to-ses02 seed=3 acc=0.6350 (ntr=160 nval=40 nte=200)
2026-06-09 09:49:27 | INFO    | train_session_alignment | [align] riemannian_alignment   deepconvnet single_sub-029_ses01-to-ses02 seed=3 acc=0.5250 (ntr=160 nval=40 nte=200)
2026-06-09 09:49:36 | INFO    | train_session_alignment | [align] riemannian_alignment   deepconvnet single_sub-029_ses01-to-ses03 seed=3 acc=0.6700 (ntr=160 nval=40 nte=200)
2026-06-09 09:49:42 | INFO    | train_session_alignment | [align] riemannian_alignment   deepconvnet single_sub-029_ses02-to-ses01 seed=3 acc=0.3850 (ntr=160 nval=40 nte=200)
2026-06-09 09:49:49 | INFO    | train_session_alignment | [align] riemannian_alignment   deepconvnet single_sub-029_ses02-to-ses03 seed=3 acc=0.9000 (ntr=160 nval=40 nte=200)
2026-06-09 09:50:00 | INFO    | train_session_alignment | [align] riemannian_alignment   deepconvnet single_sub-029_ses03-to-ses01 seed=3 acc=0.4200 (ntr=160 nval=40 nte=200)
2026-06-09 09:50:12 | INFO    | train_session_alignment | [align] riemannian_alignment   deepconvnet single_sub-029_ses03-to-ses02 seed=3 acc=0.9000 (ntr=160 nval=40 nte=200)
2026-06-09 09:50:24 | INFO    | train_session_alignment | [align] riemannian_alignment   deepconvnet single_sub-030_ses01-to-ses02 seed=3 acc=0.8250 (ntr=160 nval=40 nte=200)
2026-06-09 09:50:36 | INFO    | train_session_alignment | [align] riemannian_alignment   deepconvnet single_sub-030_ses01-to-ses03 seed=3 acc=0.8050 (ntr=160 nval=40 nte=200)
2026-06-09 09:50:43 | INFO    | train_session_alignment | [align] riemannian_alignment   deepconvnet single_sub-030_ses02-to-ses01 seed=3 acc=0.9500 (ntr=160 nval=40 nte=200)
2026-06-09 09:50:50 | INFO    | train_session_alignment | [align] riemannian_alignment   deepconvnet single_sub-030_ses02-to-ses03 seed=3 acc=0.8500 (ntr=160 nval=40 nte=200)
2026-06-09 09:50:57 | INFO    | train_session_alignment | [align] riemannian_alignment   deepconvnet single_sub-030_ses03-to-ses01 seed=3 acc=0.8850 (ntr=160 nval=40 nte=200)
2026-06-09 09:51:03 | INFO    | train_session_alignment | [align] riemannian_alignment   deepconvnet single_sub-030_ses03-to-ses02 seed=3 acc=0.8350 (ntr=160 nval=40 nte=200)
2026-06-09 09:51:09 | INFO    | train_session_alignment | [align] riemannian_alignment   deepconvnet single_sub-031_ses01-to-ses02 seed=3 acc=0.6900 (ntr=160 nval=40 nte=200)
2026-06-09 09:51:16 | INFO    | train_session_alignment | [align] riemannian_alignment   deepconvnet single_sub-031_ses01-to-ses03 seed=3 acc=0.6700 (ntr=160 nval=40 nte=200)
2026-06-09 09:51:22 | INFO    | train_session_alignment | [align] riemannian_alignment   deepconvnet single_sub-031_ses02-to-ses01 seed=3 acc=0.5450 (ntr=160 nval=40 nte=200)
2026-06-09 09:51:28 | INFO    | train_session_alignment | [align] riemannian_alignment   deepconvnet single_sub-031_ses02-to-ses03 seed=3 acc=0.6100 (ntr=160 nval=40 nte=200)
2026-06-09 09:51:36 | INFO    | train_session_alignment | [align] riemannian_alignment   deepconvnet single_sub-031_ses03-to-ses01 seed=3 acc=0.6500 (ntr=160 nval=40 nte=200)
2026-06-09 09:51:43 | INFO    | train_session_alignment | [align] riemannian_alignment   deepconvnet single_sub-031_ses03-to-ses02 seed=3 acc=0.7650 (ntr=160 nval=40 nte=200)
2026-06-09 09:51:50 | INFO    | train_session_alignment | [align] riemannian_alignment   deepconvnet single_sub-032_ses01-to-ses03 seed=3 acc=0.5050 (ntr=160 nval=40 nte=200)
2026-06-09 09:52:00 | INFO    | train_session_alignment | [align] riemannian_alignment   deepconvnet single_sub-032_ses03-to-ses01 seed=3 acc=0.5750 (ntr=160 nval=40 nte=200)
2026-06-09 09:52:07 | INFO    | train_session_alignment | [align] riemannian_alignment   deepconvnet single_sub-033_ses01-to-ses02 seed=3 acc=0.5600 (ntr=160 nval=40 nte=200)
2026-06-09 09:52:13 | INFO    | train_session_alignment | [align] riemannian_alignment   deepconvnet single_sub-033_ses01-to-ses03 seed=3 acc=0.6100 (ntr=160 nval=40 nte=200)
2026-06-09 09:52:20 | INFO    | train_session_alignment | [align] riemannian_alignment   deepconvnet single_sub-033_ses02-to-ses01 seed=3 acc=0.7650 (ntr=160 nval=40 nte=200)
2026-06-09 09:52:27 | INFO    | train_session_alignment | [align] riemannian_alignment   deepconvnet single_sub-033_ses02-to-ses03 seed=3 acc=0.7300 (ntr=160 nval=40 nte=200)
2026-06-09 09:52:36 | INFO    | train_session_alignment | [align] riemannian_alignment   deepconvnet single_sub-033_ses03-to-ses01 seed=3 acc=0.7600 (ntr=160 nval=40 nte=200)
2026-06-09 09:52:44 | INFO    | train_session_alignment | [align] riemannian_alignment   deepconvnet single_sub-033_ses03-to-ses02 seed=3 acc=0.7650 (ntr=160 nval=40 nte=200)
2026-06-09 09:52:51 | INFO    | train_session_alignment | [align] riemannian_alignment   deepconvnet single_sub-034_ses01-to-ses02 seed=3 acc=0.7050 (ntr=160 nval=40 nte=200)
2026-06-09 09:52:58 | INFO    | train_session_alignment | [align] riemannian_alignment   deepconvnet single_sub-034_ses01-to-ses03 seed=3 acc=0.6900 (ntr=160 nval=40 nte=200)
2026-06-09 09:53:05 | INFO    | train_session_alignment | [align] riemannian_alignment   deepconvnet single_sub-034_ses02-to-ses01 seed=3 acc=0.6200 (ntr=160 nval=40 nte=200)
2026-06-09 09:53:12 | INFO    | train_session_alignment | [align] riemannian_alignment   deepconvnet single_sub-034_ses02-to-ses03 seed=3 acc=0.8450 (ntr=160 nval=40 nte=200)
2026-06-09 09:53:19 | INFO    | train_session_alignment | [align] riemannian_alignment   deepconvnet single_sub-034_ses03-to-ses01 seed=3 acc=0.6950 (ntr=160 nval=40 nte=200)
2026-06-09 09:53:26 | INFO    | train_session_alignment | [align] riemannian_alignment   deepconvnet single_sub-034_ses03-to-ses02 seed=3 acc=0.8450 (ntr=160 nval=40 nte=200)
2026-06-09 09:53:38 | INFO    | train_session_alignment | [align] riemannian_alignment   deepconvnet single_sub-035_ses01-to-ses02 seed=3 acc=0.9600 (ntr=160 nval=40 nte=200)
2026-06-09 09:53:49 | INFO    | train_session_alignment | [align] riemannian_alignment   deepconvnet single_sub-035_ses01-to-ses03 seed=3 acc=0.8950 (ntr=160 nval=40 nte=200)
2026-06-09 09:53:57 | INFO    | train_session_alignment | [align] riemannian_alignment   deepconvnet single_sub-035_ses02-to-ses01 seed=3 acc=0.8650 (ntr=160 nval=40 nte=200)
2026-06-09 09:54:05 | INFO    | train_session_alignment | [align] riemannian_alignment   deepconvnet single_sub-035_ses02-to-ses03 seed=3 acc=0.8250 (ntr=160 nval=40 nte=200)
2026-06-09 09:54:15 | INFO    | train_session_alignment | [align] riemannian_alignment   deepconvnet single_sub-035_ses03-to-ses01 seed=3 acc=0.8850 (ntr=160 nval=40 nte=200)
2026-06-09 09:54:26 | INFO    | train_session_alignment | [align] riemannian_alignment   deepconvnet single_sub-035_ses03-to-ses02 seed=3 acc=0.8650 (ntr=160 nval=40 nte=200)
2026-06-09 09:54:32 | INFO    | train_session_alignment | [align] riemannian_alignment   deepconvnet single_sub-036_ses01-to-ses02 seed=3 acc=0.5100 (ntr=160 nval=40 nte=200)
2026-06-09 09:54:38 | INFO    | train_session_alignment | [align] riemannian_alignment   deepconvnet single_sub-036_ses01-to-ses03 seed=3 acc=0.5400 (ntr=160 nval=40 nte=200)
2026-06-09 09:54:50 | INFO    | train_session_alignment | [align] riemannian_alignment   deepconvnet single_sub-036_ses02-to-ses01 seed=3 acc=0.7500 (ntr=160 nval=40 nte=200)
2026-06-09 09:55:01 | INFO    | train_session_alignment | [align] riemannian_alignment   deepconvnet single_sub-036_ses02-to-ses03 seed=3 acc=0.8650 (ntr=160 nval=40 nte=200)
2026-06-09 09:55:16 | INFO    | train_session_alignment | [align] riemannian_alignment   deepconvnet single_sub-036_ses03-to-ses01 seed=3 acc=0.8000 (ntr=160 nval=40 nte=200)
2026-06-09 09:55:30 | INFO    | train_session_alignment | [align] riemannian_alignment   deepconvnet single_sub-036_ses03-to-ses02 seed=3 acc=0.8250 (ntr=160 nval=40 nte=200)
2026-06-09 09:55:39 | INFO    | train_session_alignment | [align] riemannian_alignment   deepconvnet single_sub-037_ses01-to-ses02 seed=3 acc=0.6700 (ntr=160 nval=40 nte=200)
2026-06-09 09:55:48 | INFO    | train_session_alignment | [align] riemannian_alignment   deepconvnet single_sub-037_ses01-to-ses03 seed=3 acc=0.6400 (ntr=160 nval=40 nte=200)
2026-06-09 09:55:56 | INFO    | train_session_alignment | [align] riemannian_alignment   deepconvnet single_sub-037_ses02-to-ses01 seed=3 acc=0.7900 (ntr=160 nval=40 nte=200)
2026-06-09 09:56:04 | INFO    | train_session_alignment | [align] riemannian_alignment   deepconvnet single_sub-037_ses02-to-ses03 seed=3 acc=0.7900 (ntr=160 nval=40 nte=200)
2026-06-09 09:56:11 | INFO    | train_session_alignment | [align] riemannian_alignment   deepconvnet single_sub-037_ses03-to-ses01 seed=3 acc=0.7450 (ntr=160 nval=40 nte=200)
2026-06-09 09:56:19 | INFO    | train_session_alignment | [align] riemannian_alignment   deepconvnet single_sub-037_ses03-to-ses02 seed=3 acc=0.8150 (ntr=160 nval=40 nte=200)
2026-06-09 09:56:27 | INFO    | train_session_alignment | [align] riemannian_alignment   deepconvnet single_sub-038_ses01-to-ses02 seed=3 acc=0.5350 (ntr=160 nval=40 nte=200)
2026-06-09 09:56:36 | INFO    | train_session_alignment | [align] riemannian_alignment   deepconvnet single_sub-038_ses01-to-ses03 seed=3 acc=0.5100 (ntr=160 nval=40 nte=200)
2026-06-09 09:56:42 | INFO    | train_session_alignment | [align] riemannian_alignment   deepconvnet single_sub-038_ses02-to-ses01 seed=3 acc=0.4850 (ntr=160 nval=40 nte=200)
2026-06-09 09:56:48 | INFO    | train_session_alignment | [align] riemannian_alignment   deepconvnet single_sub-038_ses02-to-ses03 seed=3 acc=0.5050 (ntr=160 nval=40 nte=200)
2026-06-09 09:57:01 | INFO    | train_session_alignment | [align] riemannian_alignment   deepconvnet single_sub-038_ses03-to-ses01 seed=3 acc=0.5450 (ntr=160 nval=40 nte=200)
2026-06-09 09:57:13 | INFO    | train_session_alignment | [align] riemannian_alignment   deepconvnet single_sub-038_ses03-to-ses02 seed=3 acc=0.4400 (ntr=160 nval=40 nte=200)
2026-06-09 09:57:19 | INFO    | train_session_alignment | [align] riemannian_alignment   deepconvnet single_sub-039_ses01-to-ses02 seed=3 acc=0.5400 (ntr=160 nval=40 nte=200)
2026-06-09 09:57:26 | INFO    | train_session_alignment | [align] riemannian_alignment   deepconvnet single_sub-039_ses01-to-ses03 seed=3 acc=0.4500 (ntr=160 nval=40 nte=200)
2026-06-09 09:57:32 | INFO    | train_session_alignment | [align] riemannian_alignment   deepconvnet single_sub-039_ses02-to-ses01 seed=3 acc=0.5100 (ntr=160 nval=40 nte=200)
2026-06-09 09:57:38 | INFO    | train_session_alignment | [align] riemannian_alignment   deepconvnet single_sub-039_ses02-to-ses03 seed=3 acc=0.5300 (ntr=160 nval=40 nte=200)
2026-06-09 09:57:45 | INFO    | train_session_alignment | [align] riemannian_alignment   deepconvnet single_sub-039_ses03-to-ses01 seed=3 acc=0.4800 (ntr=160 nval=40 nte=200)
2026-06-09 09:57:52 | INFO    | train_session_alignment | [align] riemannian_alignment   deepconvnet single_sub-039_ses03-to-ses02 seed=3 acc=0.5400 (ntr=160 nval=40 nte=200)
2026-06-09 09:57:59 | INFO    | train_session_alignment | [align] riemannian_alignment   deepconvnet single_sub-040_ses01-to-ses02 seed=3 acc=0.6300 (ntr=160 nval=40 nte=200)
2026-06-09 09:58:06 | INFO    | train_session_alignment | [align] riemannian_alignment   deepconvnet single_sub-040_ses01-to-ses03 seed=3 acc=0.7250 (ntr=160 nval=40 nte=200)
2026-06-09 09:58:12 | INFO    | train_session_alignment | [align] riemannian_alignment   deepconvnet single_sub-040_ses02-to-ses01 seed=3 acc=0.6200 (ntr=160 nval=40 nte=200)
2026-06-09 09:58:18 | INFO    | train_session_alignment | [align] riemannian_alignment   deepconvnet single_sub-040_ses02-to-ses03 seed=3 acc=0.6500 (ntr=160 nval=40 nte=200)
2026-06-09 09:58:25 | INFO    | train_session_alignment | [align] riemannian_alignment   deepconvnet single_sub-040_ses03-to-ses01 seed=3 acc=0.6650 (ntr=160 nval=40 nte=200)
2026-06-09 09:58:31 | INFO    | train_session_alignment | [align] riemannian_alignment   deepconvnet single_sub-040_ses03-to-ses02 seed=3 acc=0.5800 (ntr=160 nval=40 nte=200)
2026-06-09 09:58:40 | INFO    | train_session_alignment | [align] riemannian_alignment   deepconvnet single_sub-041_ses01-to-ses02 seed=3 acc=0.7150 (ntr=160 nval=40 nte=200)
2026-06-09 09:58:48 | INFO    | train_session_alignment | [align] riemannian_alignment   deepconvnet single_sub-041_ses01-to-ses03 seed=3 acc=0.8200 (ntr=160 nval=40 nte=200)
2026-06-09 09:58:54 | INFO    | train_session_alignment | [align] riemannian_alignment   deepconvnet single_sub-041_ses02-to-ses01 seed=3 acc=0.6450 (ntr=160 nval=40 nte=200)
2026-06-09 09:59:00 | INFO    | train_session_alignment | [align] riemannian_alignment   deepconvnet single_sub-041_ses02-to-ses03 seed=3 acc=0.6550 (ntr=160 nval=40 nte=200)
2026-06-09 09:59:07 | INFO    | train_session_alignment | [align] riemannian_alignment   deepconvnet single_sub-041_ses03-to-ses01 seed=3 acc=0.7850 (ntr=160 nval=40 nte=200)
2026-06-09 09:59:13 | INFO    | train_session_alignment | [align] riemannian_alignment   deepconvnet single_sub-041_ses03-to-ses02 seed=3 acc=0.8000 (ntr=160 nval=40 nte=200)
2026-06-09 09:59:20 | INFO    | train_session_alignment | [align] riemannian_alignment   deepconvnet single_sub-042_ses01-to-ses02 seed=3 acc=0.5300 (ntr=160 nval=40 nte=200)
2026-06-09 09:59:26 | INFO    | train_session_alignment | [align] riemannian_alignment   deepconvnet single_sub-042_ses01-to-ses03 seed=3 acc=0.5200 (ntr=160 nval=40 nte=200)
2026-06-09 09:59:32 | INFO    | train_session_alignment | [align] riemannian_alignment   deepconvnet single_sub-042_ses02-to-ses01 seed=3 acc=0.5250 (ntr=160 nval=40 nte=200)
2026-06-09 09:59:39 | INFO    | train_session_alignment | [align] riemannian_alignment   deepconvnet single_sub-042_ses02-to-ses03 seed=3 acc=0.5500 (ntr=160 nval=40 nte=200)
2026-06-09 09:59:45 | INFO    | train_session_alignment | [align] riemannian_alignment   deepconvnet single_sub-042_ses03-to-ses01 seed=3 acc=0.5300 (ntr=160 nval=40 nte=200)
2026-06-09 09:59:52 | INFO    | train_session_alignment | [align] riemannian_alignment   deepconvnet single_sub-042_ses03-to-ses02 seed=3 acc=0.5200 (ntr=160 nval=40 nte=200)
2026-06-09 10:00:01 | INFO    | train_session_alignment | [align] riemannian_alignment   deepconvnet single_sub-043_ses01-to-ses02 seed=3 acc=0.8250 (ntr=160 nval=40 nte=200)
2026-06-09 10:00:11 | INFO    | train_session_alignment | [align] riemannian_alignment   deepconvnet single_sub-043_ses01-to-ses03 seed=3 acc=0.8050 (ntr=160 nval=40 nte=200)
2026-06-09 10:00:22 | INFO    | train_session_alignment | [align] riemannian_alignment   deepconvnet single_sub-043_ses02-to-ses01 seed=3 acc=0.8950 (ntr=160 nval=40 nte=200)
2026-06-09 10:00:32 | INFO    | train_session_alignment | [align] riemannian_alignment   deepconvnet single_sub-043_ses02-to-ses03 seed=3 acc=0.8050 (ntr=160 nval=40 nte=200)
2026-06-09 10:00:41 | INFO    | train_session_alignment | [align] riemannian_alignment   deepconvnet single_sub-043_ses03-to-ses01 seed=3 acc=0.7950 (ntr=160 nval=40 nte=200)
2026-06-09 10:00:51 | INFO    | train_session_alignment | [align] riemannian_alignment   deepconvnet single_sub-043_ses03-to-ses02 seed=3 acc=0.7600 (ntr=160 nval=40 nte=200)
2026-06-09 10:00:57 | INFO    | train_session_alignment | [align] riemannian_alignment   deepconvnet single_sub-044_ses01-to-ses02 seed=3 acc=0.5000 (ntr=160 nval=40 nte=200)
2026-06-09 10:01:04 | INFO    | train_session_alignment | [align] riemannian_alignment   deepconvnet single_sub-044_ses01-to-ses03 seed=3 acc=0.5000 (ntr=160 nval=40 nte=200)
2026-06-09 10:01:10 | INFO    | train_session_alignment | [align] riemannian_alignment   deepconvnet single_sub-044_ses02-to-ses01 seed=3 acc=0.5550 (ntr=160 nval=40 nte=200)
2026-06-09 10:01:17 | INFO    | train_session_alignment | [align] riemannian_alignment   deepconvnet single_sub-044_ses02-to-ses03 seed=3 acc=0.5950 (ntr=160 nval=40 nte=200)
2026-06-09 10:01:24 | INFO    | train_session_alignment | [align] riemannian_alignment   deepconvnet single_sub-044_ses03-to-ses01 seed=3 acc=0.6250 (ntr=160 nval=40 nte=200)
2026-06-09 10:01:31 | INFO    | train_session_alignment | [align] riemannian_alignment   deepconvnet single_sub-044_ses03-to-ses02 seed=3 acc=0.6400 (ntr=160 nval=40 nte=200)
2026-06-09 10:01:37 | INFO    | train_session_alignment | [align] riemannian_alignment   deepconvnet single_sub-045_ses01-to-ses02 seed=3 acc=0.5050 (ntr=160 nval=40 nte=200)
2026-06-09 10:01:43 | INFO    | train_session_alignment | [align] riemannian_alignment   deepconvnet single_sub-045_ses01-to-ses03 seed=3 acc=0.5300 (ntr=160 nval=40 nte=200)
2026-06-09 10:01:50 | INFO    | train_session_alignment | [align] riemannian_alignment   deepconvnet single_sub-045_ses02-to-ses01 seed=3 acc=0.5700 (ntr=160 nval=40 nte=200)
2026-06-09 10:01:57 | INFO    | train_session_alignment | [align] riemannian_alignment   deepconvnet single_sub-045_ses02-to-ses03 seed=3 acc=0.5600 (ntr=160 nval=40 nte=200)
2026-06-09 10:02:04 | INFO    | train_session_alignment | [align] riemannian_alignment   deepconvnet single_sub-045_ses03-to-ses01 seed=3 acc=0.6100 (ntr=160 nval=40 nte=200)
2026-06-09 10:02:11 | INFO    | train_session_alignment | [align] riemannian_alignment   deepconvnet single_sub-045_ses03-to-ses02 seed=3 acc=0.5950 (ntr=160 nval=40 nte=200)
2026-06-09 10:02:21 | INFO    | train_session_alignment | [align] riemannian_alignment   deepconvnet single_sub-046_ses01-to-ses02 seed=3 acc=0.8550 (ntr=160 nval=40 nte=200)
2026-06-09 10:02:31 | INFO    | train_session_alignment | [align] riemannian_alignment   deepconvnet single_sub-046_ses01-to-ses03 seed=3 acc=0.8750 (ntr=160 nval=40 nte=200)
2026-06-09 10:02:38 | INFO    | train_session_alignment | [align] riemannian_alignment   deepconvnet single_sub-046_ses02-to-ses01 seed=3 acc=0.8350 (ntr=160 nval=40 nte=200)
2026-06-09 10:02:45 | INFO    | train_session_alignment | [align] riemannian_alignment   deepconvnet single_sub-046_ses02-to-ses03 seed=3 acc=0.8300 (ntr=160 nval=40 nte=200)
2026-06-09 10:02:58 | INFO    | train_session_alignment | [align] riemannian_alignment   deepconvnet single_sub-046_ses03-to-ses01 seed=3 acc=0.9200 (ntr=160 nval=40 nte=200)
2026-06-09 10:03:10 | INFO    | train_session_alignment | [align] riemannian_alignment   deepconvnet single_sub-046_ses03-to-ses02 seed=3 acc=0.8600 (ntr=160 nval=40 nte=200)
2026-06-09 10:03:16 | INFO    | train_session_alignment | [align] riemannian_alignment   deepconvnet single_sub-047_ses01-to-ses02 seed=3 acc=0.5700 (ntr=160 nval=40 nte=200)
2026-06-09 10:03:23 | INFO    | train_session_alignment | [align] riemannian_alignment   deepconvnet single_sub-047_ses01-to-ses03 seed=3 acc=0.5250 (ntr=160 nval=40 nte=200)
2026-06-09 10:03:33 | INFO    | train_session_alignment | [align] riemannian_alignment   deepconvnet single_sub-047_ses02-to-ses01 seed=3 acc=0.6850 (ntr=160 nval=40 nte=200)
2026-06-09 10:03:44 | INFO    | train_session_alignment | [align] riemannian_alignment   deepconvnet single_sub-047_ses02-to-ses03 seed=3 acc=0.6600 (ntr=160 nval=40 nte=200)
2026-06-09 10:03:51 | INFO    | train_session_alignment | [align] riemannian_alignment   deepconvnet single_sub-047_ses03-to-ses01 seed=3 acc=0.5700 (ntr=160 nval=40 nte=200)
2026-06-09 10:03:58 | INFO    | train_session_alignment | [align] riemannian_alignment   deepconvnet single_sub-047_ses03-to-ses02 seed=3 acc=0.6400 (ntr=160 nval=40 nte=200)
2026-06-09 10:04:04 | INFO    | train_session_alignment | [align] riemannian_alignment   deepconvnet single_sub-048_ses01-to-ses02 seed=3 acc=0.8050 (ntr=160 nval=40 nte=200)
2026-06-09 10:04:11 | INFO    | train_session_alignment | [align] riemannian_alignment   deepconvnet single_sub-048_ses01-to-ses03 seed=3 acc=0.7750 (ntr=160 nval=40 nte=200)
2026-06-09 10:04:18 | INFO    | train_session_alignment | [align] riemannian_alignment   deepconvnet single_sub-048_ses02-to-ses01 seed=3 acc=0.7400 (ntr=160 nval=40 nte=200)
2026-06-09 10:04:25 | INFO    | train_session_alignment | [align] riemannian_alignment   deepconvnet single_sub-048_ses02-to-ses03 seed=3 acc=0.7500 (ntr=160 nval=40 nte=200)
2026-06-09 10:04:32 | INFO    | train_session_alignment | [align] riemannian_alignment   deepconvnet single_sub-048_ses03-to-ses01 seed=3 acc=0.6900 (ntr=160 nval=40 nte=200)
2026-06-09 10:04:39 | INFO    | train_session_alignment | [align] riemannian_alignment   deepconvnet single_sub-048_ses03-to-ses02 seed=3 acc=0.6600 (ntr=160 nval=40 nte=200)
2026-06-09 10:04:46 | INFO    | train_session_alignment | [align] riemannian_alignment   deepconvnet single_sub-049_ses01-to-ses02 seed=3 acc=0.4950 (ntr=160 nval=40 nte=200)
2026-06-09 10:04:52 | INFO    | train_session_alignment | [align] riemannian_alignment   deepconvnet single_sub-049_ses01-to-ses03 seed=3 acc=0.5750 (ntr=160 nval=40 nte=200)
2026-06-09 10:04:58 | INFO    | train_session_alignment | [align] riemannian_alignment   deepconvnet single_sub-049_ses02-to-ses01 seed=3 acc=0.5050 (ntr=160 nval=40 nte=200)
2026-06-09 10:05:05 | INFO    | train_session_alignment | [align] riemannian_alignment   deepconvnet single_sub-049_ses02-to-ses03 seed=3 acc=0.4950 (ntr=160 nval=40 nte=200)
2026-06-09 10:05:18 | INFO    | train_session_alignment | [align] riemannian_alignment   deepconvnet single_sub-049_ses03-to-ses01 seed=3 acc=0.6750 (ntr=160 nval=40 nte=200)
2026-06-09 10:05:31 | INFO    | train_session_alignment | [align] riemannian_alignment   deepconvnet single_sub-049_ses03-to-ses02 seed=3 acc=0.6200 (ntr=160 nval=40 nte=200)
2026-06-09 10:05:39 | INFO    | train_session_alignment | [align] riemannian_alignment   deepconvnet single_sub-050_ses01-to-ses02 seed=3 acc=0.7900 (ntr=160 nval=40 nte=200)
2026-06-09 10:05:47 | INFO    | train_session_alignment | [align] riemannian_alignment   deepconvnet single_sub-050_ses01-to-ses03 seed=3 acc=0.7700 (ntr=160 nval=40 nte=200)
2026-06-09 10:05:53 | INFO    | train_session_alignment | [align] riemannian_alignment   deepconvnet single_sub-050_ses02-to-ses01 seed=3 acc=0.5600 (ntr=160 nval=40 nte=200)
2026-06-09 10:05:59 | INFO    | train_session_alignment | [align] riemannian_alignment   deepconvnet single_sub-050_ses02-to-ses03 seed=3 acc=0.5300 (ntr=160 nval=40 nte=200)
2026-06-09 10:06:06 | INFO    | train_session_alignment | [align] riemannian_alignment   deepconvnet single_sub-050_ses03-to-ses01 seed=3 acc=0.7000 (ntr=160 nval=40 nte=200)
2026-06-09 10:06:13 | INFO    | train_session_alignment | [align] riemannian_alignment   deepconvnet single_sub-050_ses03-to-ses02 seed=3 acc=0.8350 (ntr=160 nval=40 nte=200)
2026-06-09 10:06:22 | INFO    | train_session_alignment | [align] riemannian_alignment   deepconvnet single_sub-051_ses01-to-ses02 seed=3 acc=0.5700 (ntr=160 nval=40 nte=200)
2026-06-09 10:06:30 | INFO    | train_session_alignment | [align] riemannian_alignment   deepconvnet single_sub-051_ses01-to-ses03 seed=3 acc=0.8000 (ntr=160 nval=40 nte=200)
2026-06-09 10:06:37 | INFO    | train_session_alignment | [align] riemannian_alignment   deepconvnet single_sub-051_ses02-to-ses01 seed=3 acc=0.5650 (ntr=160 nval=40 nte=200)
2026-06-09 10:06:43 | INFO    | train_session_alignment | [align] riemannian_alignment   deepconvnet single_sub-051_ses02-to-ses03 seed=3 acc=0.5350 (ntr=160 nval=40 nte=200)
2026-06-09 10:06:52 | INFO    | train_session_alignment | [align] riemannian_alignment   deepconvnet single_sub-051_ses03-to-ses01 seed=3 acc=0.6300 (ntr=160 nval=40 nte=200)
2026-06-09 10:07:01 | INFO    | train_session_alignment | [align] riemannian_alignment   deepconvnet single_sub-051_ses03-to-ses02 seed=3 acc=0.6000 (ntr=160 nval=40 nte=200)
2026-06-09 10:07:11 | INFO    | train_session_alignment | [align] riemannian_alignment   deepconvnet multi_sub-001_ses01ses02-to-ses03 seed=3 acc=0.7850 (ntr=320 nval=80 nte=200)
2026-06-09 10:07:20 | INFO    | train_session_alignment | [align] riemannian_alignment   deepconvnet multi_sub-002_ses01ses02-to-ses03 seed=3 acc=0.5950 (ntr=320 nval=80 nte=200)
2026-06-09 10:07:50 | INFO    | train_session_alignment | [align] riemannian_alignment   deepconvnet multi_sub-003_ses01ses02-to-ses03 seed=3 acc=0.9150 (ntr=320 nval=80 nte=200)
2026-06-09 10:07:59 | INFO    | train_session_alignment | [align] riemannian_alignment   deepconvnet multi_sub-004_ses01ses02-to-ses03 seed=3 acc=0.4550 (ntr=320 nval=80 nte=200)
2026-06-09 10:08:19 | INFO    | train_session_alignment | [align] riemannian_alignment   deepconvnet multi_sub-005_ses01ses02-to-ses03 seed=3 acc=0.6450 (ntr=320 nval=80 nte=200)
2026-06-09 10:08:28 | INFO    | train_session_alignment | [align] riemannian_alignment   deepconvnet multi_sub-006_ses01ses02-to-ses03 seed=3 acc=0.8400 (ntr=320 nval=80 nte=200)
2026-06-09 10:08:38 | INFO    | train_session_alignment | [align] riemannian_alignment   deepconvnet multi_sub-007_ses01ses02-to-ses03 seed=3 acc=0.7650 (ntr=320 nval=80 nte=200)
2026-06-09 10:08:48 | INFO    | train_session_alignment | [align] riemannian_alignment   deepconvnet multi_sub-008_ses01ses02-to-ses03 seed=3 acc=0.5850 (ntr=320 nval=80 nte=200)
2026-06-09 10:08:58 | INFO    | train_session_alignment | [align] riemannian_alignment   deepconvnet multi_sub-009_ses01ses02-to-ses03 seed=3 acc=0.5900 (ntr=320 nval=80 nte=200)
2026-06-09 10:09:08 | INFO    | train_session_alignment | [align] riemannian_alignment   deepconvnet multi_sub-010_ses01ses02-to-ses03 seed=3 acc=0.5350 (ntr=320 nval=80 nte=200)
2026-06-09 10:09:18 | INFO    | train_session_alignment | [align] riemannian_alignment   deepconvnet multi_sub-011_ses01ses02-to-ses03 seed=3 acc=0.9200 (ntr=320 nval=80 nte=200)
2026-06-09 10:09:27 | INFO    | train_session_alignment | [align] riemannian_alignment   deepconvnet multi_sub-012_ses01ses02-to-ses03 seed=3 acc=0.5250 (ntr=320 nval=80 nte=200)
2026-06-09 10:09:37 | INFO    | train_session_alignment | [align] riemannian_alignment   deepconvnet multi_sub-013_ses01ses02-to-ses03 seed=3 acc=0.7750 (ntr=320 nval=80 nte=200)
2026-06-09 10:09:46 | INFO    | train_session_alignment | [align] riemannian_alignment   deepconvnet multi_sub-014_ses01ses02-to-ses03 seed=3 acc=0.5400 (ntr=320 nval=80 nte=200)
2026-06-09 10:09:56 | INFO    | train_session_alignment | [align] riemannian_alignment   deepconvnet multi_sub-015_ses01ses02-to-ses03 seed=3 acc=0.4950 (ntr=320 nval=80 nte=200)
2026-06-09 10:10:06 | INFO    | train_session_alignment | [align] riemannian_alignment   deepconvnet multi_sub-016_ses01ses02-to-ses03 seed=3 acc=0.5550 (ntr=320 nval=80 nte=200)
2026-06-09 10:10:16 | INFO    | train_session_alignment | [align] riemannian_alignment   deepconvnet multi_sub-017_ses01ses02-to-ses03 seed=3 acc=0.7250 (ntr=320 nval=80 nte=200)
2026-06-09 10:10:32 | INFO    | train_session_alignment | [align] riemannian_alignment   deepconvnet multi_sub-018_ses01ses02-to-ses03 seed=3 acc=0.6100 (ntr=320 nval=80 nte=200)
2026-06-09 10:10:45 | INFO    | train_session_alignment | [align] riemannian_alignment   deepconvnet multi_sub-019_ses01ses02-to-ses03 seed=3 acc=0.7900 (ntr=320 nval=80 nte=200)
2026-06-09 10:11:03 | INFO    | train_session_alignment | [align] riemannian_alignment   deepconvnet multi_sub-020_ses01ses02-to-ses03 seed=3 acc=0.4300 (ntr=320 nval=80 nte=200)
2026-06-09 10:11:15 | INFO    | train_session_alignment | [align] riemannian_alignment   deepconvnet multi_sub-021_ses01ses02-to-ses03 seed=3 acc=0.6400 (ntr=320 nval=80 nte=200)
2026-06-09 10:11:25 | INFO    | train_session_alignment | [align] riemannian_alignment   deepconvnet multi_sub-022_ses01ses02-to-ses03 seed=3 acc=0.6300 (ntr=320 nval=80 nte=200)
2026-06-09 10:11:34 | INFO    | train_session_alignment | [align] riemannian_alignment   deepconvnet multi_sub-025_ses01ses02-to-ses03 seed=3 acc=0.8550 (ntr=320 nval=80 nte=200)
2026-06-09 10:11:47 | INFO    | train_session_alignment | [align] riemannian_alignment   deepconvnet multi_sub-027_ses01ses02-to-ses03 seed=3 acc=0.8100 (ntr=320 nval=80 nte=200)
2026-06-09 10:12:02 | INFO    | train_session_alignment | [align] riemannian_alignment   deepconvnet multi_sub-028_ses01ses02-to-ses03 seed=3 acc=0.5450 (ntr=320 nval=80 nte=200)
2026-06-09 10:12:19 | INFO    | train_session_alignment | [align] riemannian_alignment   deepconvnet multi_sub-029_ses01ses02-to-ses03 seed=3 acc=0.9400 (ntr=320 nval=80 nte=200)
2026-06-09 10:12:34 | INFO    | train_session_alignment | [align] riemannian_alignment   deepconvnet multi_sub-030_ses01ses02-to-ses03 seed=3 acc=0.6250 (ntr=320 nval=80 nte=200)
2026-06-09 10:12:44 | INFO    | train_session_alignment | [align] riemannian_alignment   deepconvnet multi_sub-031_ses01ses02-to-ses03 seed=3 acc=0.7650 (ntr=320 nval=80 nte=200)
2026-06-09 10:12:58 | INFO    | train_session_alignment | [align] riemannian_alignment   deepconvnet multi_sub-033_ses01ses02-to-ses03 seed=3 acc=0.8600 (ntr=320 nval=80 nte=200)
2026-06-09 10:13:08 | INFO    | train_session_alignment | [align] riemannian_alignment   deepconvnet multi_sub-034_ses01ses02-to-ses03 seed=3 acc=0.8350 (ntr=320 nval=80 nte=200)
2026-06-09 10:13:30 | INFO    | train_session_alignment | [align] riemannian_alignment   deepconvnet multi_sub-035_ses01ses02-to-ses03 seed=3 acc=0.9400 (ntr=320 nval=80 nte=200)
2026-06-09 10:13:49 | INFO    | train_session_alignment | [align] riemannian_alignment   deepconvnet multi_sub-036_ses01ses02-to-ses03 seed=3 acc=0.9500 (ntr=320 nval=80 nte=200)
2026-06-09 10:14:00 | INFO    | train_session_alignment | [align] riemannian_alignment   deepconvnet multi_sub-037_ses01ses02-to-ses03 seed=3 acc=0.8550 (ntr=320 nval=80 nte=200)
2026-06-09 10:14:14 | INFO    | train_session_alignment | [align] riemannian_alignment   deepconvnet multi_sub-038_ses01ses02-to-ses03 seed=3 acc=0.5000 (ntr=320 nval=80 nte=200)
2026-06-09 10:14:23 | INFO    | train_session_alignment | [align] riemannian_alignment   deepconvnet multi_sub-039_ses01ses02-to-ses03 seed=3 acc=0.4950 (ntr=320 nval=80 nte=200)
2026-06-09 10:14:32 | INFO    | train_session_alignment | [align] riemannian_alignment   deepconvnet multi_sub-040_ses01ses02-to-ses03 seed=3 acc=0.6300 (ntr=320 nval=80 nte=200)
2026-06-09 10:14:42 | INFO    | train_session_alignment | [align] riemannian_alignment   deepconvnet multi_sub-041_ses01ses02-to-ses03 seed=3 acc=0.8150 (ntr=320 nval=80 nte=200)
2026-06-09 10:14:51 | INFO    | train_session_alignment | [align] riemannian_alignment   deepconvnet multi_sub-042_ses01ses02-to-ses03 seed=3 acc=0.6050 (ntr=320 nval=80 nte=200)
2026-06-09 10:15:02 | INFO    | train_session_alignment | [align] riemannian_alignment   deepconvnet multi_sub-043_ses01ses02-to-ses03 seed=3 acc=0.8600 (ntr=320 nval=80 nte=200)
2026-06-09 10:15:11 | INFO    | train_session_alignment | [align] riemannian_alignment   deepconvnet multi_sub-044_ses01ses02-to-ses03 seed=3 acc=0.5000 (ntr=320 nval=80 nte=200)
2026-06-09 10:15:21 | INFO    | train_session_alignment | [align] riemannian_alignment   deepconvnet multi_sub-045_ses01ses02-to-ses03 seed=3 acc=0.6700 (ntr=320 nval=80 nte=200)
2026-06-09 10:15:44 | INFO    | train_session_alignment | [align] riemannian_alignment   deepconvnet multi_sub-046_ses01ses02-to-ses03 seed=3 acc=0.9400 (ntr=320 nval=80 nte=200)
2026-06-09 10:15:56 | INFO    | train_session_alignment | [align] riemannian_alignment   deepconvnet multi_sub-047_ses01ses02-to-ses03 seed=3 acc=0.7400 (ntr=320 nval=80 nte=200)
2026-06-09 10:16:11 | INFO    | train_session_alignment | [align] riemannian_alignment   deepconvnet multi_sub-048_ses01ses02-to-ses03 seed=3 acc=0.7850 (ntr=320 nval=80 nte=200)
2026-06-09 10:16:23 | INFO    | train_session_alignment | [align] riemannian_alignment   deepconvnet multi_sub-049_ses01ses02-to-ses03 seed=3 acc=0.7350 (ntr=320 nval=80 nte=200)
2026-06-09 10:16:34 | INFO    | train_session_alignment | [align] riemannian_alignment   deepconvnet multi_sub-050_ses01ses02-to-ses03 seed=3 acc=0.8300 (ntr=320 nval=80 nte=200)
2026-06-09 10:16:43 | INFO    | train_session_alignment | [align] riemannian_alignment   deepconvnet multi_sub-051_ses01ses02-to-ses03 seed=3 acc=0.7100 (ntr=320 nval=80 nte=200)
2026-06-09 10:16:43 | INFO    | train_session_alignment | ALL DONE in 2833.4s | rows=335 ok=335 failed=0 | out=/share/home/yuan/SYX/eeg-mi-online/outputs/experiments/alignment_baseline_v1
Done: Tue Jun  9 10:16:44 CST 2026
