Project: /share/home/yuan/SYX/eeg-mi-online
Env    : mi_torch_cu118
Args   : --methods session_zscore --models deepconvnet --seeds 1 --protocols single,multi --tag-suffix session_zscore_deepconvnet_s1
Node   : gpu01 | Start: Tue Jun  9 02:54:07 CST 2026
Tue Jun  9 02:54:07 2026       
+-----------------------------------------------------------------------------------------+
| NVIDIA-SMI 570.153.02             Driver Version: 570.153.02     CUDA Version: 12.8     |
|-----------------------------------------+------------------------+----------------------+
| GPU  Name                 Persistence-M | Bus-Id          Disp.A | Volatile Uncorr. ECC |
| Fan  Temp   Perf          Pwr:Usage/Cap |           Memory-Usage | GPU-Util  Compute M. |
|                                         |                        |               MIG M. |
|=========================================+========================+======================|
|   0  NVIDIA GeForce RTX 4090 D      On  |   00000000:61:00.0 Off |                  Off |
| 30%   35C    P8             19W /  425W |       1MiB /  24564MiB |      0%      Default |
|                                         |                        |                  N/A |
+-----------------------------------------+------------------------+----------------------+
                                                                                         
+-----------------------------------------------------------------------------------------+
| Processes:                                                                              |
|  GPU   GI   CI              PID   Type   Process name                        GPU Memory |
|        ID   ID                                                               Usage      |
|=========================================================================================|
|  No running processes found                                                             |
+-----------------------------------------------------------------------------------------+
[cuda-check] torch=2.7.1+cu118 cuda_build=11.8 cuda_avail=True
2026-06-09 02:54:10 | INFO    | train_session_alignment | device=cuda | cuda={'torch': '2.7.1+cu118', 'cuda_build': '11.8', 'cuda_available': True, 'device': 'cuda', 'device_name': 'NVIDIA GeForce RTX 4090 D'}
2026-06-09 02:54:10 | INFO    | train_session_alignment | loaded 148 ok sessions | methods=['session_zscore'] | models=['deepconvnet'] | seeds=[1] | groups=['single', 'multi'] | tasks=335
2026-06-09 02:54:18 | INFO    | train_session_alignment | [align] session_zscore         deepconvnet single_sub-001_ses01-to-ses02 seed=1 acc=0.5000 (ntr=160 nval=40 nte=200)
2026-06-09 02:54:25 | INFO    | train_session_alignment | [align] session_zscore         deepconvnet single_sub-001_ses01-to-ses03 seed=1 acc=0.6200 (ntr=160 nval=40 nte=200)
2026-06-09 02:54:44 | INFO    | train_session_alignment | [align] session_zscore         deepconvnet single_sub-001_ses02-to-ses01 seed=1 acc=0.6050 (ntr=160 nval=40 nte=200)
2026-06-09 02:55:04 | INFO    | train_session_alignment | [align] session_zscore         deepconvnet single_sub-001_ses02-to-ses03 seed=1 acc=0.9700 (ntr=160 nval=40 nte=200)
2026-06-09 02:55:11 | INFO    | train_session_alignment | [align] session_zscore         deepconvnet single_sub-001_ses03-to-ses01 seed=1 acc=0.6000 (ntr=160 nval=40 nte=200)
2026-06-09 02:55:18 | INFO    | train_session_alignment | [align] session_zscore         deepconvnet single_sub-001_ses03-to-ses02 seed=1 acc=0.8000 (ntr=160 nval=40 nte=200)
2026-06-09 02:55:23 | INFO    | train_session_alignment | [align] session_zscore         deepconvnet single_sub-002_ses01-to-ses02 seed=1 acc=0.5250 (ntr=160 nval=40 nte=200)
2026-06-09 02:55:28 | INFO    | train_session_alignment | [align] session_zscore         deepconvnet single_sub-002_ses01-to-ses03 seed=1 acc=0.5600 (ntr=160 nval=40 nte=200)
2026-06-09 02:55:34 | INFO    | train_session_alignment | [align] session_zscore         deepconvnet single_sub-002_ses02-to-ses01 seed=1 acc=0.5600 (ntr=160 nval=40 nte=200)
2026-06-09 02:55:39 | INFO    | train_session_alignment | [align] session_zscore         deepconvnet single_sub-002_ses02-to-ses03 seed=1 acc=0.6050 (ntr=160 nval=40 nte=200)
2026-06-09 02:55:45 | INFO    | train_session_alignment | [align] session_zscore         deepconvnet single_sub-002_ses03-to-ses01 seed=1 acc=0.6300 (ntr=160 nval=40 nte=200)
2026-06-09 02:55:50 | INFO    | train_session_alignment | [align] session_zscore         deepconvnet single_sub-002_ses03-to-ses02 seed=1 acc=0.5600 (ntr=160 nval=40 nte=200)
2026-06-09 02:56:09 | INFO    | train_session_alignment | [align] session_zscore         deepconvnet single_sub-003_ses01-to-ses02 seed=1 acc=0.8950 (ntr=160 nval=40 nte=200)
2026-06-09 02:56:29 | INFO    | train_session_alignment | [align] session_zscore         deepconvnet single_sub-003_ses01-to-ses03 seed=1 acc=0.9150 (ntr=160 nval=40 nte=200)
2026-06-09 02:56:42 | INFO    | train_session_alignment | [align] session_zscore         deepconvnet single_sub-003_ses02-to-ses01 seed=1 acc=0.8150 (ntr=160 nval=40 nte=200)
2026-06-09 02:56:55 | INFO    | train_session_alignment | [align] session_zscore         deepconvnet single_sub-003_ses02-to-ses03 seed=1 acc=0.8150 (ntr=160 nval=40 nte=200)
2026-06-09 02:57:01 | INFO    | train_session_alignment | [align] session_zscore         deepconvnet single_sub-003_ses03-to-ses01 seed=1 acc=0.5050 (ntr=160 nval=40 nte=200)
2026-06-09 02:57:06 | INFO    | train_session_alignment | [align] session_zscore         deepconvnet single_sub-003_ses03-to-ses02 seed=1 acc=0.5150 (ntr=160 nval=40 nte=200)
2026-06-09 02:57:11 | INFO    | train_session_alignment | [align] session_zscore         deepconvnet single_sub-004_ses01-to-ses02 seed=1 acc=0.5000 (ntr=160 nval=40 nte=200)
2026-06-09 02:57:16 | INFO    | train_session_alignment | [align] session_zscore         deepconvnet single_sub-004_ses01-to-ses03 seed=1 acc=0.5250 (ntr=160 nval=40 nte=200)
2026-06-09 02:57:23 | INFO    | train_session_alignment | [align] session_zscore         deepconvnet single_sub-004_ses02-to-ses01 seed=1 acc=0.4950 (ntr=160 nval=40 nte=200)
2026-06-09 02:57:29 | INFO    | train_session_alignment | [align] session_zscore         deepconvnet single_sub-004_ses02-to-ses03 seed=1 acc=0.4750 (ntr=160 nval=40 nte=200)
2026-06-09 02:57:35 | INFO    | train_session_alignment | [align] session_zscore         deepconvnet single_sub-004_ses03-to-ses01 seed=1 acc=0.5650 (ntr=160 nval=40 nte=200)
2026-06-09 02:57:41 | INFO    | train_session_alignment | [align] session_zscore         deepconvnet single_sub-004_ses03-to-ses02 seed=1 acc=0.5050 (ntr=160 nval=40 nte=200)
2026-06-09 02:58:00 | INFO    | train_session_alignment | [align] session_zscore         deepconvnet single_sub-005_ses01-to-ses02 seed=1 acc=0.8200 (ntr=160 nval=40 nte=200)
2026-06-09 02:58:19 | INFO    | train_session_alignment | [align] session_zscore         deepconvnet single_sub-005_ses01-to-ses03 seed=1 acc=0.6150 (ntr=160 nval=40 nte=200)
2026-06-09 02:58:30 | INFO    | train_session_alignment | [align] session_zscore         deepconvnet single_sub-005_ses02-to-ses01 seed=1 acc=0.7150 (ntr=160 nval=40 nte=200)
2026-06-09 02:58:40 | INFO    | train_session_alignment | [align] session_zscore         deepconvnet single_sub-005_ses02-to-ses03 seed=1 acc=0.5050 (ntr=160 nval=40 nte=200)
2026-06-09 02:58:45 | INFO    | train_session_alignment | [align] session_zscore         deepconvnet single_sub-005_ses03-to-ses01 seed=1 acc=0.5250 (ntr=160 nval=40 nte=200)
2026-06-09 02:58:50 | INFO    | train_session_alignment | [align] session_zscore         deepconvnet single_sub-005_ses03-to-ses02 seed=1 acc=0.5800 (ntr=160 nval=40 nte=200)
2026-06-09 02:58:55 | INFO    | train_session_alignment | [align] session_zscore         deepconvnet single_sub-006_ses01-to-ses02 seed=1 acc=0.7850 (ntr=160 nval=40 nte=200)
2026-06-09 02:59:00 | INFO    | train_session_alignment | [align] session_zscore         deepconvnet single_sub-006_ses01-to-ses03 seed=1 acc=0.8900 (ntr=160 nval=40 nte=200)
2026-06-09 02:59:11 | INFO    | train_session_alignment | [align] session_zscore         deepconvnet single_sub-006_ses02-to-ses01 seed=1 acc=0.7900 (ntr=160 nval=40 nte=200)
2026-06-09 02:59:23 | INFO    | train_session_alignment | [align] session_zscore         deepconvnet single_sub-006_ses02-to-ses03 seed=1 acc=0.8750 (ntr=160 nval=40 nte=200)
2026-06-09 02:59:33 | INFO    | train_session_alignment | [align] session_zscore         deepconvnet single_sub-006_ses03-to-ses01 seed=1 acc=0.8100 (ntr=160 nval=40 nte=200)
2026-06-09 02:59:42 | INFO    | train_session_alignment | [align] session_zscore         deepconvnet single_sub-006_ses03-to-ses02 seed=1 acc=0.7650 (ntr=160 nval=40 nte=200)
2026-06-09 02:59:47 | INFO    | train_session_alignment | [align] session_zscore         deepconvnet single_sub-007_ses01-to-ses02 seed=1 acc=0.6150 (ntr=160 nval=40 nte=200)
2026-06-09 02:59:53 | INFO    | train_session_alignment | [align] session_zscore         deepconvnet single_sub-007_ses01-to-ses03 seed=1 acc=0.8300 (ntr=160 nval=40 nte=200)
2026-06-09 02:59:58 | INFO    | train_session_alignment | [align] session_zscore         deepconvnet single_sub-007_ses02-to-ses01 seed=1 acc=0.6400 (ntr=160 nval=40 nte=200)
2026-06-09 03:00:03 | INFO    | train_session_alignment | [align] session_zscore         deepconvnet single_sub-007_ses02-to-ses03 seed=1 acc=0.8550 (ntr=160 nval=40 nte=200)
2026-06-09 03:00:13 | INFO    | train_session_alignment | [align] session_zscore         deepconvnet single_sub-007_ses03-to-ses01 seed=1 acc=0.5700 (ntr=160 nval=40 nte=200)
2026-06-09 03:00:22 | INFO    | train_session_alignment | [align] session_zscore         deepconvnet single_sub-007_ses03-to-ses02 seed=1 acc=0.6950 (ntr=160 nval=40 nte=200)
2026-06-09 03:00:29 | INFO    | train_session_alignment | [align] session_zscore         deepconvnet single_sub-008_ses01-to-ses02 seed=1 acc=0.6250 (ntr=160 nval=40 nte=200)
2026-06-09 03:00:36 | INFO    | train_session_alignment | [align] session_zscore         deepconvnet single_sub-008_ses01-to-ses03 seed=1 acc=0.5550 (ntr=160 nval=40 nte=200)
2026-06-09 03:00:46 | INFO    | train_session_alignment | [align] session_zscore         deepconvnet single_sub-008_ses02-to-ses01 seed=1 acc=0.6850 (ntr=160 nval=40 nte=200)
2026-06-09 03:00:56 | INFO    | train_session_alignment | [align] session_zscore         deepconvnet single_sub-008_ses02-to-ses03 seed=1 acc=0.8250 (ntr=160 nval=40 nte=200)
2026-06-09 03:01:05 | INFO    | train_session_alignment | [align] session_zscore         deepconvnet single_sub-008_ses03-to-ses01 seed=1 acc=0.5800 (ntr=160 nval=40 nte=200)
2026-06-09 03:01:13 | INFO    | train_session_alignment | [align] session_zscore         deepconvnet single_sub-008_ses03-to-ses02 seed=1 acc=0.6300 (ntr=160 nval=40 nte=200)
2026-06-09 03:01:18 | INFO    | train_session_alignment | [align] session_zscore         deepconvnet single_sub-009_ses01-to-ses02 seed=1 acc=0.5650 (ntr=160 nval=40 nte=200)
2026-06-09 03:01:23 | INFO    | train_session_alignment | [align] session_zscore         deepconvnet single_sub-009_ses01-to-ses03 seed=1 acc=0.5050 (ntr=160 nval=40 nte=200)
2026-06-09 03:01:28 | INFO    | train_session_alignment | [align] session_zscore         deepconvnet single_sub-009_ses02-to-ses01 seed=1 acc=0.7100 (ntr=160 nval=40 nte=200)
2026-06-09 03:01:34 | INFO    | train_session_alignment | [align] session_zscore         deepconvnet single_sub-009_ses02-to-ses03 seed=1 acc=0.5850 (ntr=160 nval=40 nte=200)
2026-06-09 03:01:40 | INFO    | train_session_alignment | [align] session_zscore         deepconvnet single_sub-009_ses03-to-ses01 seed=1 acc=0.5900 (ntr=160 nval=40 nte=200)
2026-06-09 03:01:46 | INFO    | train_session_alignment | [align] session_zscore         deepconvnet single_sub-009_ses03-to-ses02 seed=1 acc=0.6200 (ntr=160 nval=40 nte=200)
2026-06-09 03:01:51 | INFO    | train_session_alignment | [align] session_zscore         deepconvnet single_sub-010_ses01-to-ses02 seed=1 acc=0.5950 (ntr=160 nval=40 nte=200)
2026-06-09 03:01:56 | INFO    | train_session_alignment | [align] session_zscore         deepconvnet single_sub-010_ses01-to-ses03 seed=1 acc=0.5900 (ntr=160 nval=40 nte=200)
2026-06-09 03:02:04 | INFO    | train_session_alignment | [align] session_zscore         deepconvnet single_sub-010_ses02-to-ses01 seed=1 acc=0.7200 (ntr=160 nval=40 nte=200)
2026-06-09 03:02:11 | INFO    | train_session_alignment | [align] session_zscore         deepconvnet single_sub-010_ses02-to-ses03 seed=1 acc=0.5450 (ntr=160 nval=40 nte=200)
2026-06-09 03:02:18 | INFO    | train_session_alignment | [align] session_zscore         deepconvnet single_sub-010_ses03-to-ses01 seed=1 acc=0.5050 (ntr=160 nval=40 nte=200)
2026-06-09 03:02:25 | INFO    | train_session_alignment | [align] session_zscore         deepconvnet single_sub-010_ses03-to-ses02 seed=1 acc=0.5050 (ntr=160 nval=40 nte=200)
2026-06-09 03:02:30 | INFO    | train_session_alignment | [align] session_zscore         deepconvnet single_sub-011_ses01-to-ses02 seed=1 acc=0.5200 (ntr=160 nval=40 nte=200)
2026-06-09 03:02:35 | INFO    | train_session_alignment | [align] session_zscore         deepconvnet single_sub-011_ses01-to-ses03 seed=1 acc=0.8800 (ntr=160 nval=40 nte=200)
2026-06-09 03:02:47 | INFO    | train_session_alignment | [align] session_zscore         deepconvnet single_sub-011_ses02-to-ses01 seed=1 acc=0.7500 (ntr=160 nval=40 nte=200)
2026-06-09 03:02:59 | INFO    | train_session_alignment | [align] session_zscore         deepconvnet single_sub-011_ses02-to-ses03 seed=1 acc=0.6100 (ntr=160 nval=40 nte=200)
2026-06-09 03:03:05 | INFO    | train_session_alignment | [align] session_zscore         deepconvnet single_sub-011_ses03-to-ses01 seed=1 acc=0.9200 (ntr=160 nval=40 nte=200)
2026-06-09 03:03:11 | INFO    | train_session_alignment | [align] session_zscore         deepconvnet single_sub-011_ses03-to-ses02 seed=1 acc=0.5650 (ntr=160 nval=40 nte=200)
2026-06-09 03:03:16 | INFO    | train_session_alignment | [align] session_zscore         deepconvnet single_sub-012_ses01-to-ses02 seed=1 acc=0.5400 (ntr=160 nval=40 nte=200)
2026-06-09 03:03:21 | INFO    | train_session_alignment | [align] session_zscore         deepconvnet single_sub-012_ses01-to-ses03 seed=1 acc=0.5000 (ntr=160 nval=40 nte=200)
2026-06-09 03:03:26 | INFO    | train_session_alignment | [align] session_zscore         deepconvnet single_sub-012_ses02-to-ses01 seed=1 acc=0.5100 (ntr=160 nval=40 nte=200)
2026-06-09 03:03:31 | INFO    | train_session_alignment | [align] session_zscore         deepconvnet single_sub-012_ses02-to-ses03 seed=1 acc=0.5150 (ntr=160 nval=40 nte=200)
2026-06-09 03:03:36 | INFO    | train_session_alignment | [align] session_zscore         deepconvnet single_sub-012_ses03-to-ses01 seed=1 acc=0.6000 (ntr=160 nval=40 nte=200)
2026-06-09 03:03:41 | INFO    | train_session_alignment | [align] session_zscore         deepconvnet single_sub-012_ses03-to-ses02 seed=1 acc=0.4850 (ntr=160 nval=40 nte=200)
2026-06-09 03:03:46 | INFO    | train_session_alignment | [align] session_zscore         deepconvnet single_sub-013_ses01-to-ses02 seed=1 acc=0.6600 (ntr=160 nval=40 nte=200)
2026-06-09 03:03:51 | INFO    | train_session_alignment | [align] session_zscore         deepconvnet single_sub-013_ses01-to-ses03 seed=1 acc=0.7300 (ntr=160 nval=40 nte=200)
2026-06-09 03:03:58 | INFO    | train_session_alignment | [align] session_zscore         deepconvnet single_sub-013_ses02-to-ses01 seed=1 acc=0.5450 (ntr=160 nval=40 nte=200)
2026-06-09 03:04:05 | INFO    | train_session_alignment | [align] session_zscore         deepconvnet single_sub-013_ses02-to-ses03 seed=1 acc=0.7400 (ntr=160 nval=40 nte=200)
2026-06-09 03:04:11 | INFO    | train_session_alignment | [align] session_zscore         deepconvnet single_sub-013_ses03-to-ses01 seed=1 acc=0.6300 (ntr=160 nval=40 nte=200)
2026-06-09 03:04:16 | INFO    | train_session_alignment | [align] session_zscore         deepconvnet single_sub-013_ses03-to-ses02 seed=1 acc=0.7100 (ntr=160 nval=40 nte=200)
2026-06-09 03:04:22 | INFO    | train_session_alignment | [align] session_zscore         deepconvnet single_sub-014_ses01-to-ses02 seed=1 acc=0.4650 (ntr=160 nval=40 nte=200)
2026-06-09 03:04:28 | INFO    | train_session_alignment | [align] session_zscore         deepconvnet single_sub-014_ses01-to-ses03 seed=1 acc=0.5400 (ntr=160 nval=40 nte=200)
2026-06-09 03:04:33 | INFO    | train_session_alignment | [align] session_zscore         deepconvnet single_sub-014_ses02-to-ses01 seed=1 acc=0.4700 (ntr=160 nval=40 nte=200)
2026-06-09 03:04:38 | INFO    | train_session_alignment | [align] session_zscore         deepconvnet single_sub-014_ses02-to-ses03 seed=1 acc=0.4850 (ntr=160 nval=40 nte=200)
2026-06-09 03:04:43 | INFO    | train_session_alignment | [align] session_zscore         deepconvnet single_sub-014_ses03-to-ses01 seed=1 acc=0.5100 (ntr=160 nval=40 nte=200)
2026-06-09 03:04:48 | INFO    | train_session_alignment | [align] session_zscore         deepconvnet single_sub-014_ses03-to-ses02 seed=1 acc=0.4900 (ntr=160 nval=40 nte=200)
2026-06-09 03:04:54 | INFO    | train_session_alignment | [align] session_zscore         deepconvnet single_sub-015_ses01-to-ses02 seed=1 acc=0.6350 (ntr=160 nval=40 nte=200)
2026-06-09 03:04:59 | INFO    | train_session_alignment | [align] session_zscore         deepconvnet single_sub-015_ses01-to-ses03 seed=1 acc=0.5950 (ntr=160 nval=40 nte=200)
2026-06-09 03:05:06 | INFO    | train_session_alignment | [align] session_zscore         deepconvnet single_sub-015_ses02-to-ses01 seed=1 acc=0.6400 (ntr=160 nval=40 nte=200)
2026-06-09 03:05:12 | INFO    | train_session_alignment | [align] session_zscore         deepconvnet single_sub-015_ses02-to-ses03 seed=1 acc=0.6600 (ntr=160 nval=40 nte=200)
2026-06-09 03:05:22 | INFO    | train_session_alignment | [align] session_zscore         deepconvnet single_sub-015_ses03-to-ses01 seed=1 acc=0.6150 (ntr=160 nval=40 nte=200)
2026-06-09 03:05:32 | INFO    | train_session_alignment | [align] session_zscore         deepconvnet single_sub-015_ses03-to-ses02 seed=1 acc=0.6850 (ntr=160 nval=40 nte=200)
2026-06-09 03:05:38 | INFO    | train_session_alignment | [align] session_zscore         deepconvnet single_sub-016_ses01-to-ses02 seed=1 acc=0.5400 (ntr=160 nval=40 nte=200)
2026-06-09 03:05:44 | INFO    | train_session_alignment | [align] session_zscore         deepconvnet single_sub-016_ses01-to-ses03 seed=1 acc=0.5150 (ntr=160 nval=40 nte=200)
2026-06-09 03:05:48 | INFO    | train_session_alignment | [align] session_zscore         deepconvnet single_sub-016_ses02-to-ses01 seed=1 acc=0.5350 (ntr=160 nval=40 nte=200)
2026-06-09 03:05:53 | INFO    | train_session_alignment | [align] session_zscore         deepconvnet single_sub-016_ses02-to-ses03 seed=1 acc=0.5600 (ntr=160 nval=40 nte=200)
2026-06-09 03:05:58 | INFO    | train_session_alignment | [align] session_zscore         deepconvnet single_sub-016_ses03-to-ses01 seed=1 acc=0.5200 (ntr=160 nval=40 nte=200)
2026-06-09 03:06:03 | INFO    | train_session_alignment | [align] session_zscore         deepconvnet single_sub-016_ses03-to-ses02 seed=1 acc=0.5150 (ntr=160 nval=40 nte=200)
2026-06-09 03:06:09 | INFO    | train_session_alignment | [align] session_zscore         deepconvnet single_sub-017_ses01-to-ses02 seed=1 acc=0.7450 (ntr=160 nval=40 nte=200)
2026-06-09 03:06:14 | INFO    | train_session_alignment | [align] session_zscore         deepconvnet single_sub-017_ses01-to-ses03 seed=1 acc=0.7000 (ntr=160 nval=40 nte=200)
2026-06-09 03:06:21 | INFO    | train_session_alignment | [align] session_zscore         deepconvnet single_sub-017_ses02-to-ses01 seed=1 acc=0.5700 (ntr=160 nval=40 nte=200)
2026-06-09 03:06:27 | INFO    | train_session_alignment | [align] session_zscore         deepconvnet single_sub-017_ses02-to-ses03 seed=1 acc=0.7000 (ntr=160 nval=40 nte=200)
2026-06-09 03:06:35 | INFO    | train_session_alignment | [align] session_zscore         deepconvnet single_sub-017_ses03-to-ses01 seed=1 acc=0.5700 (ntr=160 nval=40 nte=200)
2026-06-09 03:06:44 | INFO    | train_session_alignment | [align] session_zscore         deepconvnet single_sub-017_ses03-to-ses02 seed=1 acc=0.6750 (ntr=160 nval=40 nte=200)
2026-06-09 03:06:51 | INFO    | train_session_alignment | [align] session_zscore         deepconvnet single_sub-018_ses01-to-ses02 seed=1 acc=0.6950 (ntr=160 nval=40 nte=200)
2026-06-09 03:06:59 | INFO    | train_session_alignment | [align] session_zscore         deepconvnet single_sub-018_ses01-to-ses03 seed=1 acc=0.6150 (ntr=160 nval=40 nte=200)
2026-06-09 03:07:06 | INFO    | train_session_alignment | [align] session_zscore         deepconvnet single_sub-018_ses02-to-ses01 seed=1 acc=0.5150 (ntr=160 nval=40 nte=200)
2026-06-09 03:07:12 | INFO    | train_session_alignment | [align] session_zscore         deepconvnet single_sub-018_ses02-to-ses03 seed=1 acc=0.5050 (ntr=160 nval=40 nte=200)
2026-06-09 03:07:19 | INFO    | train_session_alignment | [align] session_zscore         deepconvnet single_sub-018_ses03-to-ses01 seed=1 acc=0.5150 (ntr=160 nval=40 nte=200)
2026-06-09 03:07:26 | INFO    | train_session_alignment | [align] session_zscore         deepconvnet single_sub-018_ses03-to-ses02 seed=1 acc=0.6150 (ntr=160 nval=40 nte=200)
2026-06-09 03:07:31 | INFO    | train_session_alignment | [align] session_zscore         deepconvnet single_sub-019_ses01-to-ses02 seed=1 acc=0.5350 (ntr=160 nval=40 nte=200)
2026-06-09 03:07:37 | INFO    | train_session_alignment | [align] session_zscore         deepconvnet single_sub-019_ses01-to-ses03 seed=1 acc=0.6450 (ntr=160 nval=40 nte=200)
2026-06-09 03:07:42 | INFO    | train_session_alignment | [align] session_zscore         deepconvnet single_sub-019_ses02-to-ses01 seed=1 acc=0.5700 (ntr=160 nval=40 nte=200)
2026-06-09 03:07:47 | INFO    | train_session_alignment | [align] session_zscore         deepconvnet single_sub-019_ses02-to-ses03 seed=1 acc=0.6250 (ntr=160 nval=40 nte=200)
2026-06-09 03:07:56 | INFO    | train_session_alignment | [align] session_zscore         deepconvnet single_sub-019_ses03-to-ses01 seed=1 acc=0.5450 (ntr=160 nval=40 nte=200)
2026-06-09 03:08:06 | INFO    | train_session_alignment | [align] session_zscore         deepconvnet single_sub-019_ses03-to-ses02 seed=1 acc=0.7450 (ntr=160 nval=40 nte=200)
2026-06-09 03:08:23 | INFO    | train_session_alignment | [align] session_zscore         deepconvnet single_sub-020_ses01-to-ses02 seed=1 acc=0.8150 (ntr=160 nval=40 nte=200)
2026-06-09 03:08:40 | INFO    | train_session_alignment | [align] session_zscore         deepconvnet single_sub-020_ses01-to-ses03 seed=1 acc=0.5600 (ntr=160 nval=40 nte=200)
2026-06-09 03:08:48 | INFO    | train_session_alignment | [align] session_zscore         deepconvnet single_sub-020_ses02-to-ses01 seed=1 acc=0.6150 (ntr=160 nval=40 nte=200)
2026-06-09 03:08:57 | INFO    | train_session_alignment | [align] session_zscore         deepconvnet single_sub-020_ses02-to-ses03 seed=1 acc=0.5750 (ntr=160 nval=40 nte=200)
2026-06-09 03:09:04 | INFO    | train_session_alignment | [align] session_zscore         deepconvnet single_sub-020_ses03-to-ses01 seed=1 acc=0.4800 (ntr=160 nval=40 nte=200)
2026-06-09 03:09:11 | INFO    | train_session_alignment | [align] session_zscore         deepconvnet single_sub-020_ses03-to-ses02 seed=1 acc=0.4950 (ntr=160 nval=40 nte=200)
2026-06-09 03:09:16 | INFO    | train_session_alignment | [align] session_zscore         deepconvnet single_sub-021_ses01-to-ses02 seed=1 acc=0.5600 (ntr=160 nval=40 nte=200)
2026-06-09 03:09:21 | INFO    | train_session_alignment | [align] session_zscore         deepconvnet single_sub-021_ses01-to-ses03 seed=1 acc=0.5450 (ntr=160 nval=40 nte=200)
2026-06-09 03:09:26 | INFO    | train_session_alignment | [align] session_zscore         deepconvnet single_sub-021_ses02-to-ses01 seed=1 acc=0.5450 (ntr=160 nval=40 nte=200)
2026-06-09 03:09:31 | INFO    | train_session_alignment | [align] session_zscore         deepconvnet single_sub-021_ses02-to-ses03 seed=1 acc=0.5550 (ntr=160 nval=40 nte=200)
2026-06-09 03:09:36 | INFO    | train_session_alignment | [align] session_zscore         deepconvnet single_sub-021_ses03-to-ses01 seed=1 acc=0.5300 (ntr=160 nval=40 nte=200)
2026-06-09 03:09:41 | INFO    | train_session_alignment | [align] session_zscore         deepconvnet single_sub-021_ses03-to-ses02 seed=1 acc=0.4950 (ntr=160 nval=40 nte=200)
2026-06-09 03:09:49 | INFO    | train_session_alignment | [align] session_zscore         deepconvnet single_sub-022_ses01-to-ses02 seed=1 acc=0.6050 (ntr=160 nval=40 nte=200)
2026-06-09 03:09:58 | INFO    | train_session_alignment | [align] session_zscore         deepconvnet single_sub-022_ses01-to-ses03 seed=1 acc=0.5500 (ntr=160 nval=40 nte=200)
2026-06-09 03:10:12 | INFO    | train_session_alignment | [align] session_zscore         deepconvnet single_sub-022_ses02-to-ses01 seed=1 acc=0.4900 (ntr=160 nval=40 nte=200)
2026-06-09 03:10:27 | INFO    | train_session_alignment | [align] session_zscore         deepconvnet single_sub-022_ses02-to-ses03 seed=1 acc=0.7150 (ntr=160 nval=40 nte=200)
2026-06-09 03:10:38 | INFO    | train_session_alignment | [align] session_zscore         deepconvnet single_sub-022_ses03-to-ses01 seed=1 acc=0.5850 (ntr=160 nval=40 nte=200)
2026-06-09 03:10:50 | INFO    | train_session_alignment | [align] session_zscore         deepconvnet single_sub-022_ses03-to-ses02 seed=1 acc=0.6350 (ntr=160 nval=40 nte=200)
2026-06-09 03:10:58 | INFO    | train_session_alignment | [align] session_zscore         deepconvnet single_sub-023_ses02-to-ses03 seed=1 acc=0.7000 (ntr=160 nval=40 nte=200)
2026-06-09 03:11:12 | INFO    | train_session_alignment | [align] session_zscore         deepconvnet single_sub-023_ses03-to-ses02 seed=1 acc=0.7400 (ntr=160 nval=40 nte=200)
2026-06-09 03:11:18 | INFO    | train_session_alignment | [align] session_zscore         deepconvnet single_sub-025_ses01-to-ses02 seed=1 acc=0.8650 (ntr=160 nval=40 nte=200)
2026-06-09 03:11:24 | INFO    | train_session_alignment | [align] session_zscore         deepconvnet single_sub-025_ses01-to-ses03 seed=1 acc=0.8450 (ntr=160 nval=40 nte=200)
2026-06-09 03:11:29 | INFO    | train_session_alignment | [align] session_zscore         deepconvnet single_sub-025_ses02-to-ses01 seed=1 acc=0.7900 (ntr=160 nval=40 nte=200)
2026-06-09 03:11:34 | INFO    | train_session_alignment | [align] session_zscore         deepconvnet single_sub-025_ses02-to-ses03 seed=1 acc=0.8050 (ntr=160 nval=40 nte=200)
2026-06-09 03:11:44 | INFO    | train_session_alignment | [align] session_zscore         deepconvnet single_sub-025_ses03-to-ses01 seed=1 acc=0.7800 (ntr=160 nval=40 nte=200)
2026-06-09 03:11:54 | INFO    | train_session_alignment | [align] session_zscore         deepconvnet single_sub-025_ses03-to-ses02 seed=1 acc=0.8800 (ntr=160 nval=40 nte=200)
2026-06-09 03:12:00 | INFO    | train_session_alignment | [align] session_zscore         deepconvnet single_sub-026_ses02-to-ses03 seed=1 acc=0.8100 (ntr=160 nval=40 nte=200)
2026-06-09 03:12:05 | INFO    | train_session_alignment | [align] session_zscore         deepconvnet single_sub-026_ses03-to-ses02 seed=1 acc=0.9150 (ntr=160 nval=40 nte=200)
2026-06-09 03:12:13 | INFO    | train_session_alignment | [align] session_zscore         deepconvnet single_sub-027_ses01-to-ses02 seed=1 acc=0.5800 (ntr=160 nval=40 nte=200)
2026-06-09 03:12:21 | INFO    | train_session_alignment | [align] session_zscore         deepconvnet single_sub-027_ses01-to-ses03 seed=1 acc=0.7600 (ntr=160 nval=40 nte=200)
2026-06-09 03:12:27 | INFO    | train_session_alignment | [align] session_zscore         deepconvnet single_sub-027_ses02-to-ses01 seed=1 acc=0.5700 (ntr=160 nval=40 nte=200)
2026-06-09 03:12:33 | INFO    | train_session_alignment | [align] session_zscore         deepconvnet single_sub-027_ses02-to-ses03 seed=1 acc=0.6850 (ntr=160 nval=40 nte=200)
2026-06-09 03:12:39 | INFO    | train_session_alignment | [align] session_zscore         deepconvnet single_sub-027_ses03-to-ses01 seed=1 acc=0.6650 (ntr=160 nval=40 nte=200)
2026-06-09 03:12:45 | INFO    | train_session_alignment | [align] session_zscore         deepconvnet single_sub-027_ses03-to-ses02 seed=1 acc=0.5400 (ntr=160 nval=40 nte=200)
2026-06-09 03:12:56 | INFO    | train_session_alignment | [align] session_zscore         deepconvnet single_sub-028_ses01-to-ses02 seed=1 acc=0.7250 (ntr=160 nval=40 nte=200)
2026-06-09 03:13:07 | INFO    | train_session_alignment | [align] session_zscore         deepconvnet single_sub-028_ses01-to-ses03 seed=1 acc=0.4850 (ntr=160 nval=40 nte=200)
2026-06-09 03:13:15 | INFO    | train_session_alignment | [align] session_zscore         deepconvnet single_sub-028_ses02-to-ses01 seed=1 acc=0.6800 (ntr=160 nval=40 nte=200)
2026-06-09 03:13:23 | INFO    | train_session_alignment | [align] session_zscore         deepconvnet single_sub-028_ses02-to-ses03 seed=1 acc=0.6000 (ntr=160 nval=40 nte=200)
2026-06-09 03:13:28 | INFO    | train_session_alignment | [align] session_zscore         deepconvnet single_sub-028_ses03-to-ses01 seed=1 acc=0.5400 (ntr=160 nval=40 nte=200)
2026-06-09 03:13:34 | INFO    | train_session_alignment | [align] session_zscore         deepconvnet single_sub-028_ses03-to-ses02 seed=1 acc=0.5600 (ntr=160 nval=40 nte=200)
2026-06-09 03:13:46 | INFO    | train_session_alignment | [align] session_zscore         deepconvnet single_sub-029_ses01-to-ses02 seed=1 acc=0.4300 (ntr=160 nval=40 nte=200)
2026-06-09 03:13:57 | INFO    | train_session_alignment | [align] session_zscore         deepconvnet single_sub-029_ses01-to-ses03 seed=1 acc=0.4650 (ntr=160 nval=40 nte=200)
2026-06-09 03:14:05 | INFO    | train_session_alignment | [align] session_zscore         deepconvnet single_sub-029_ses02-to-ses01 seed=1 acc=0.3900 (ntr=160 nval=40 nte=200)
2026-06-09 03:14:13 | INFO    | train_session_alignment | [align] session_zscore         deepconvnet single_sub-029_ses02-to-ses03 seed=1 acc=0.9500 (ntr=160 nval=40 nte=200)
2026-06-09 03:14:24 | INFO    | train_session_alignment | [align] session_zscore         deepconvnet single_sub-029_ses03-to-ses01 seed=1 acc=0.3900 (ntr=160 nval=40 nte=200)
2026-06-09 03:14:35 | INFO    | train_session_alignment | [align] session_zscore         deepconvnet single_sub-029_ses03-to-ses02 seed=1 acc=0.8450 (ntr=160 nval=40 nte=200)
2026-06-09 03:14:44 | INFO    | train_session_alignment | [align] session_zscore         deepconvnet single_sub-030_ses01-to-ses02 seed=1 acc=0.8650 (ntr=160 nval=40 nte=200)
2026-06-09 03:14:53 | INFO    | train_session_alignment | [align] session_zscore         deepconvnet single_sub-030_ses01-to-ses03 seed=1 acc=0.8400 (ntr=160 nval=40 nte=200)
2026-06-09 03:14:59 | INFO    | train_session_alignment | [align] session_zscore         deepconvnet single_sub-030_ses02-to-ses01 seed=1 acc=0.4950 (ntr=160 nval=40 nte=200)
2026-06-09 03:15:05 | INFO    | train_session_alignment | [align] session_zscore         deepconvnet single_sub-030_ses02-to-ses03 seed=1 acc=0.8650 (ntr=160 nval=40 nte=200)
2026-06-09 03:15:10 | INFO    | train_session_alignment | [align] session_zscore         deepconvnet single_sub-030_ses03-to-ses01 seed=1 acc=0.5050 (ntr=160 nval=40 nte=200)
2026-06-09 03:15:15 | INFO    | train_session_alignment | [align] session_zscore         deepconvnet single_sub-030_ses03-to-ses02 seed=1 acc=0.7500 (ntr=160 nval=40 nte=200)
2026-06-09 03:15:20 | INFO    | train_session_alignment | [align] session_zscore         deepconvnet single_sub-031_ses01-to-ses02 seed=1 acc=0.6250 (ntr=160 nval=40 nte=200)
2026-06-09 03:15:25 | INFO    | train_session_alignment | [align] session_zscore         deepconvnet single_sub-031_ses01-to-ses03 seed=1 acc=0.5850 (ntr=160 nval=40 nte=200)
2026-06-09 03:15:32 | INFO    | train_session_alignment | [align] session_zscore         deepconvnet single_sub-031_ses02-to-ses01 seed=1 acc=0.6900 (ntr=160 nval=40 nte=200)
2026-06-09 03:15:39 | INFO    | train_session_alignment | [align] session_zscore         deepconvnet single_sub-031_ses02-to-ses03 seed=1 acc=0.5700 (ntr=160 nval=40 nte=200)
2026-06-09 03:15:44 | INFO    | train_session_alignment | [align] session_zscore         deepconvnet single_sub-031_ses03-to-ses01 seed=1 acc=0.6700 (ntr=160 nval=40 nte=200)
2026-06-09 03:15:50 | INFO    | train_session_alignment | [align] session_zscore         deepconvnet single_sub-031_ses03-to-ses02 seed=1 acc=0.7850 (ntr=160 nval=40 nte=200)
2026-06-09 03:15:55 | INFO    | train_session_alignment | [align] session_zscore         deepconvnet single_sub-032_ses01-to-ses03 seed=1 acc=0.5350 (ntr=160 nval=40 nte=200)
2026-06-09 03:16:00 | INFO    | train_session_alignment | [align] session_zscore         deepconvnet single_sub-032_ses03-to-ses01 seed=1 acc=0.5550 (ntr=160 nval=40 nte=200)
2026-06-09 03:16:05 | INFO    | train_session_alignment | [align] session_zscore         deepconvnet single_sub-033_ses01-to-ses02 seed=1 acc=0.7250 (ntr=160 nval=40 nte=200)
2026-06-09 03:16:11 | INFO    | train_session_alignment | [align] session_zscore         deepconvnet single_sub-033_ses01-to-ses03 seed=1 acc=0.6700 (ntr=160 nval=40 nte=200)
2026-06-09 03:16:18 | INFO    | train_session_alignment | [align] session_zscore         deepconvnet single_sub-033_ses02-to-ses01 seed=1 acc=0.8200 (ntr=160 nval=40 nte=200)
2026-06-09 03:16:25 | INFO    | train_session_alignment | [align] session_zscore         deepconvnet single_sub-033_ses02-to-ses03 seed=1 acc=0.7800 (ntr=160 nval=40 nte=200)
2026-06-09 03:16:35 | INFO    | train_session_alignment | [align] session_zscore         deepconvnet single_sub-033_ses03-to-ses01 seed=1 acc=0.8450 (ntr=160 nval=40 nte=200)
2026-06-09 03:16:44 | INFO    | train_session_alignment | [align] session_zscore         deepconvnet single_sub-033_ses03-to-ses02 seed=1 acc=0.8100 (ntr=160 nval=40 nte=200)
2026-06-09 03:16:49 | INFO    | train_session_alignment | [align] session_zscore         deepconvnet single_sub-034_ses01-to-ses02 seed=1 acc=0.5750 (ntr=160 nval=40 nte=200)
2026-06-09 03:16:54 | INFO    | train_session_alignment | [align] session_zscore         deepconvnet single_sub-034_ses01-to-ses03 seed=1 acc=0.5200 (ntr=160 nval=40 nte=200)
2026-06-09 03:17:01 | INFO    | train_session_alignment | [align] session_zscore         deepconvnet single_sub-034_ses02-to-ses01 seed=1 acc=0.6400 (ntr=160 nval=40 nte=200)
2026-06-09 03:17:08 | INFO    | train_session_alignment | [align] session_zscore         deepconvnet single_sub-034_ses02-to-ses03 seed=1 acc=0.8500 (ntr=160 nval=40 nte=200)
2026-06-09 03:17:14 | INFO    | train_session_alignment | [align] session_zscore         deepconvnet single_sub-034_ses03-to-ses01 seed=1 acc=0.7000 (ntr=160 nval=40 nte=200)
2026-06-09 03:17:21 | INFO    | train_session_alignment | [align] session_zscore         deepconvnet single_sub-034_ses03-to-ses02 seed=1 acc=0.9300 (ntr=160 nval=40 nte=200)
2026-06-09 03:17:39 | INFO    | train_session_alignment | [align] session_zscore         deepconvnet single_sub-035_ses01-to-ses02 seed=1 acc=0.9650 (ntr=160 nval=40 nte=200)
2026-06-09 03:17:58 | INFO    | train_session_alignment | [align] session_zscore         deepconvnet single_sub-035_ses01-to-ses03 seed=1 acc=0.9300 (ntr=160 nval=40 nte=200)
2026-06-09 03:18:07 | INFO    | train_session_alignment | [align] session_zscore         deepconvnet single_sub-035_ses02-to-ses01 seed=1 acc=0.9500 (ntr=160 nval=40 nte=200)
2026-06-09 03:18:17 | INFO    | train_session_alignment | [align] session_zscore         deepconvnet single_sub-035_ses02-to-ses03 seed=1 acc=0.8750 (ntr=160 nval=40 nte=200)
2026-06-09 03:18:32 | INFO    | train_session_alignment | [align] session_zscore         deepconvnet single_sub-035_ses03-to-ses01 seed=1 acc=0.9700 (ntr=160 nval=40 nte=200)
2026-06-09 03:18:48 | INFO    | train_session_alignment | [align] session_zscore         deepconvnet single_sub-035_ses03-to-ses02 seed=1 acc=0.9400 (ntr=160 nval=40 nte=200)
2026-06-09 03:18:55 | INFO    | train_session_alignment | [align] session_zscore         deepconvnet single_sub-036_ses01-to-ses02 seed=1 acc=0.9200 (ntr=160 nval=40 nte=200)
2026-06-09 03:19:03 | INFO    | train_session_alignment | [align] session_zscore         deepconvnet single_sub-036_ses01-to-ses03 seed=1 acc=0.9750 (ntr=160 nval=40 nte=200)
2026-06-09 03:19:14 | INFO    | train_session_alignment | [align] session_zscore         deepconvnet single_sub-036_ses02-to-ses01 seed=1 acc=0.9000 (ntr=160 nval=40 nte=200)
2026-06-09 03:19:25 | INFO    | train_session_alignment | [align] session_zscore         deepconvnet single_sub-036_ses02-to-ses03 seed=1 acc=0.9900 (ntr=160 nval=40 nte=200)
2026-06-09 03:19:35 | INFO    | train_session_alignment | [align] session_zscore         deepconvnet single_sub-036_ses03-to-ses01 seed=1 acc=0.7550 (ntr=160 nval=40 nte=200)
2026-06-09 03:19:46 | INFO    | train_session_alignment | [align] session_zscore         deepconvnet single_sub-036_ses03-to-ses02 seed=1 acc=0.8850 (ntr=160 nval=40 nte=200)
2026-06-09 03:19:52 | INFO    | train_session_alignment | [align] session_zscore         deepconvnet single_sub-037_ses01-to-ses02 seed=1 acc=0.8750 (ntr=160 nval=40 nte=200)
2026-06-09 03:19:58 | INFO    | train_session_alignment | [align] session_zscore         deepconvnet single_sub-037_ses01-to-ses03 seed=1 acc=0.8650 (ntr=160 nval=40 nte=200)
2026-06-09 03:20:03 | INFO    | train_session_alignment | [align] session_zscore         deepconvnet single_sub-037_ses02-to-ses01 seed=1 acc=0.7700 (ntr=160 nval=40 nte=200)
2026-06-09 03:20:08 | INFO    | train_session_alignment | [align] session_zscore         deepconvnet single_sub-037_ses02-to-ses03 seed=1 acc=0.8800 (ntr=160 nval=40 nte=200)
2026-06-09 03:20:15 | INFO    | train_session_alignment | [align] session_zscore         deepconvnet single_sub-037_ses03-to-ses01 seed=1 acc=0.8050 (ntr=160 nval=40 nte=200)
2026-06-09 03:20:21 | INFO    | train_session_alignment | [align] session_zscore         deepconvnet single_sub-037_ses03-to-ses02 seed=1 acc=0.8950 (ntr=160 nval=40 nte=200)
2026-06-09 03:20:26 | INFO    | train_session_alignment | [align] session_zscore         deepconvnet single_sub-038_ses01-to-ses02 seed=1 acc=0.4900 (ntr=160 nval=40 nte=200)
2026-06-09 03:20:31 | INFO    | train_session_alignment | [align] session_zscore         deepconvnet single_sub-038_ses01-to-ses03 seed=1 acc=0.4900 (ntr=160 nval=40 nte=200)
2026-06-09 03:20:40 | INFO    | train_session_alignment | [align] session_zscore         deepconvnet single_sub-038_ses02-to-ses01 seed=1 acc=0.4250 (ntr=160 nval=40 nte=200)
2026-06-09 03:20:48 | INFO    | train_session_alignment | [align] session_zscore         deepconvnet single_sub-038_ses02-to-ses03 seed=1 acc=0.4950 (ntr=160 nval=40 nte=200)
2026-06-09 03:21:01 | INFO    | train_session_alignment | [align] session_zscore         deepconvnet single_sub-038_ses03-to-ses01 seed=1 acc=0.5000 (ntr=160 nval=40 nte=200)
2026-06-09 03:21:13 | INFO    | train_session_alignment | [align] session_zscore         deepconvnet single_sub-038_ses03-to-ses02 seed=1 acc=0.5050 (ntr=160 nval=40 nte=200)
2026-06-09 03:21:20 | INFO    | train_session_alignment | [align] session_zscore         deepconvnet single_sub-039_ses01-to-ses02 seed=1 acc=0.4550 (ntr=160 nval=40 nte=200)
2026-06-09 03:21:28 | INFO    | train_session_alignment | [align] session_zscore         deepconvnet single_sub-039_ses01-to-ses03 seed=1 acc=0.3900 (ntr=160 nval=40 nte=200)
2026-06-09 03:21:34 | INFO    | train_session_alignment | [align] session_zscore         deepconvnet single_sub-039_ses02-to-ses01 seed=1 acc=0.4050 (ntr=160 nval=40 nte=200)
2026-06-09 03:21:40 | INFO    | train_session_alignment | [align] session_zscore         deepconvnet single_sub-039_ses02-to-ses03 seed=1 acc=0.5950 (ntr=160 nval=40 nte=200)
2026-06-09 03:21:44 | INFO    | train_session_alignment | [align] session_zscore         deepconvnet single_sub-039_ses03-to-ses01 seed=1 acc=0.3900 (ntr=160 nval=40 nte=200)
2026-06-09 03:21:49 | INFO    | train_session_alignment | [align] session_zscore         deepconvnet single_sub-039_ses03-to-ses02 seed=1 acc=0.6000 (ntr=160 nval=40 nte=200)
2026-06-09 03:21:57 | INFO    | train_session_alignment | [align] session_zscore         deepconvnet single_sub-040_ses01-to-ses02 seed=1 acc=0.6250 (ntr=160 nval=40 nte=200)
2026-06-09 03:22:04 | INFO    | train_session_alignment | [align] session_zscore         deepconvnet single_sub-040_ses01-to-ses03 seed=1 acc=0.7350 (ntr=160 nval=40 nte=200)
2026-06-09 03:22:11 | INFO    | train_session_alignment | [align] session_zscore         deepconvnet single_sub-040_ses02-to-ses01 seed=1 acc=0.6000 (ntr=160 nval=40 nte=200)
2026-06-09 03:22:18 | INFO    | train_session_alignment | [align] session_zscore         deepconvnet single_sub-040_ses02-to-ses03 seed=1 acc=0.7450 (ntr=160 nval=40 nte=200)
2026-06-09 03:22:24 | INFO    | train_session_alignment | [align] session_zscore         deepconvnet single_sub-040_ses03-to-ses01 seed=1 acc=0.6400 (ntr=160 nval=40 nte=200)
2026-06-09 03:22:31 | INFO    | train_session_alignment | [align] session_zscore         deepconvnet single_sub-040_ses03-to-ses02 seed=1 acc=0.6450 (ntr=160 nval=40 nte=200)
2026-06-09 03:22:37 | INFO    | train_session_alignment | [align] session_zscore         deepconvnet single_sub-041_ses01-to-ses02 seed=1 acc=0.7650 (ntr=160 nval=40 nte=200)
2026-06-09 03:22:43 | INFO    | train_session_alignment | [align] session_zscore         deepconvnet single_sub-041_ses01-to-ses03 seed=1 acc=0.8350 (ntr=160 nval=40 nte=200)
2026-06-09 03:22:49 | INFO    | train_session_alignment | [align] session_zscore         deepconvnet single_sub-041_ses02-to-ses01 seed=1 acc=0.7950 (ntr=160 nval=40 nte=200)
2026-06-09 03:22:55 | INFO    | train_session_alignment | [align] session_zscore         deepconvnet single_sub-041_ses02-to-ses03 seed=1 acc=0.7900 (ntr=160 nval=40 nte=200)
2026-06-09 03:23:04 | INFO    | train_session_alignment | [align] session_zscore         deepconvnet single_sub-041_ses03-to-ses01 seed=1 acc=0.8300 (ntr=160 nval=40 nte=200)
2026-06-09 03:23:12 | INFO    | train_session_alignment | [align] session_zscore         deepconvnet single_sub-041_ses03-to-ses02 seed=1 acc=0.8250 (ntr=160 nval=40 nte=200)
2026-06-09 03:23:20 | INFO    | train_session_alignment | [align] session_zscore         deepconvnet single_sub-042_ses01-to-ses02 seed=1 acc=0.6300 (ntr=160 nval=40 nte=200)
2026-06-09 03:23:27 | INFO    | train_session_alignment | [align] session_zscore         deepconvnet single_sub-042_ses01-to-ses03 seed=1 acc=0.6100 (ntr=160 nval=40 nte=200)
2026-06-09 03:23:37 | INFO    | train_session_alignment | [align] session_zscore         deepconvnet single_sub-042_ses02-to-ses01 seed=1 acc=0.6950 (ntr=160 nval=40 nte=200)
2026-06-09 03:23:47 | INFO    | train_session_alignment | [align] session_zscore         deepconvnet single_sub-042_ses02-to-ses03 seed=1 acc=0.7250 (ntr=160 nval=40 nte=200)
2026-06-09 03:23:55 | INFO    | train_session_alignment | [align] session_zscore         deepconvnet single_sub-042_ses03-to-ses01 seed=1 acc=0.6350 (ntr=160 nval=40 nte=200)
2026-06-09 03:24:03 | INFO    | train_session_alignment | [align] session_zscore         deepconvnet single_sub-042_ses03-to-ses02 seed=1 acc=0.5250 (ntr=160 nval=40 nte=200)
2026-06-09 03:24:08 | INFO    | train_session_alignment | [align] session_zscore         deepconvnet single_sub-043_ses01-to-ses02 seed=1 acc=0.8500 (ntr=160 nval=40 nte=200)
2026-06-09 03:24:14 | INFO    | train_session_alignment | [align] session_zscore         deepconvnet single_sub-043_ses01-to-ses03 seed=1 acc=0.7600 (ntr=160 nval=40 nte=200)
2026-06-09 03:24:24 | INFO    | train_session_alignment | [align] session_zscore         deepconvnet single_sub-043_ses02-to-ses01 seed=1 acc=0.9700 (ntr=160 nval=40 nte=200)
2026-06-09 03:24:35 | INFO    | train_session_alignment | [align] session_zscore         deepconvnet single_sub-043_ses02-to-ses03 seed=1 acc=0.9000 (ntr=160 nval=40 nte=200)
2026-06-09 03:24:49 | INFO    | train_session_alignment | [align] session_zscore         deepconvnet single_sub-043_ses03-to-ses01 seed=1 acc=0.9600 (ntr=160 nval=40 nte=200)
2026-06-09 03:25:03 | INFO    | train_session_alignment | [align] session_zscore         deepconvnet single_sub-043_ses03-to-ses02 seed=1 acc=0.9250 (ntr=160 nval=40 nte=200)
2026-06-09 03:25:10 | INFO    | train_session_alignment | [align] session_zscore         deepconvnet single_sub-044_ses01-to-ses02 seed=1 acc=0.6350 (ntr=160 nval=40 nte=200)
2026-06-09 03:25:17 | INFO    | train_session_alignment | [align] session_zscore         deepconvnet single_sub-044_ses01-to-ses03 seed=1 acc=0.6650 (ntr=160 nval=40 nte=200)
2026-06-09 03:25:23 | INFO    | train_session_alignment | [align] session_zscore         deepconvnet single_sub-044_ses02-to-ses01 seed=1 acc=0.5800 (ntr=160 nval=40 nte=200)
2026-06-09 03:25:28 | INFO    | train_session_alignment | [align] session_zscore         deepconvnet single_sub-044_ses02-to-ses03 seed=1 acc=0.7650 (ntr=160 nval=40 nte=200)
2026-06-09 03:25:34 | INFO    | train_session_alignment | [align] session_zscore         deepconvnet single_sub-044_ses03-to-ses01 seed=1 acc=0.6200 (ntr=160 nval=40 nte=200)
2026-06-09 03:25:40 | INFO    | train_session_alignment | [align] session_zscore         deepconvnet single_sub-044_ses03-to-ses02 seed=1 acc=0.6600 (ntr=160 nval=40 nte=200)
2026-06-09 03:25:45 | INFO    | train_session_alignment | [align] session_zscore         deepconvnet single_sub-045_ses01-to-ses02 seed=1 acc=0.6700 (ntr=160 nval=40 nte=200)
2026-06-09 03:25:50 | INFO    | train_session_alignment | [align] session_zscore         deepconvnet single_sub-045_ses01-to-ses03 seed=1 acc=0.5950 (ntr=160 nval=40 nte=200)
2026-06-09 03:25:56 | INFO    | train_session_alignment | [align] session_zscore         deepconvnet single_sub-045_ses02-to-ses01 seed=1 acc=0.7000 (ntr=160 nval=40 nte=200)
2026-06-09 03:26:02 | INFO    | train_session_alignment | [align] session_zscore         deepconvnet single_sub-045_ses02-to-ses03 seed=1 acc=0.6900 (ntr=160 nval=40 nte=200)
2026-06-09 03:26:22 | INFO    | train_session_alignment | [align] session_zscore         deepconvnet single_sub-045_ses03-to-ses01 seed=1 acc=0.8350 (ntr=160 nval=40 nte=200)
2026-06-09 03:26:42 | INFO    | train_session_alignment | [align] session_zscore         deepconvnet single_sub-045_ses03-to-ses02 seed=1 acc=0.7800 (ntr=160 nval=40 nte=200)
2026-06-09 03:27:03 | INFO    | train_session_alignment | [align] session_zscore         deepconvnet single_sub-046_ses01-to-ses02 seed=1 acc=0.9750 (ntr=160 nval=40 nte=200)
2026-06-09 03:27:22 | INFO    | train_session_alignment | [align] session_zscore         deepconvnet single_sub-046_ses01-to-ses03 seed=1 acc=0.9500 (ntr=160 nval=40 nte=200)
2026-06-09 03:27:36 | INFO    | train_session_alignment | [align] session_zscore         deepconvnet single_sub-046_ses02-to-ses01 seed=1 acc=0.9800 (ntr=160 nval=40 nte=200)
2026-06-09 03:27:49 | INFO    | train_session_alignment | [align] session_zscore         deepconvnet single_sub-046_ses02-to-ses03 seed=1 acc=0.9250 (ntr=160 nval=40 nte=200)
2026-06-09 03:28:06 | INFO    | train_session_alignment | [align] session_zscore         deepconvnet single_sub-046_ses03-to-ses01 seed=1 acc=0.9950 (ntr=160 nval=40 nte=200)
2026-06-09 03:28:23 | INFO    | train_session_alignment | [align] session_zscore         deepconvnet single_sub-046_ses03-to-ses02 seed=1 acc=0.9700 (ntr=160 nval=40 nte=200)
2026-06-09 03:28:32 | INFO    | train_session_alignment | [align] session_zscore         deepconvnet single_sub-047_ses01-to-ses02 seed=1 acc=0.7300 (ntr=160 nval=40 nte=200)
2026-06-09 03:28:41 | INFO    | train_session_alignment | [align] session_zscore         deepconvnet single_sub-047_ses01-to-ses03 seed=1 acc=0.6900 (ntr=160 nval=40 nte=200)
2026-06-09 03:28:49 | INFO    | train_session_alignment | [align] session_zscore         deepconvnet single_sub-047_ses02-to-ses01 seed=1 acc=0.7900 (ntr=160 nval=40 nte=200)
2026-06-09 03:28:57 | INFO    | train_session_alignment | [align] session_zscore         deepconvnet single_sub-047_ses02-to-ses03 seed=1 acc=0.6550 (ntr=160 nval=40 nte=200)
2026-06-09 03:29:05 | INFO    | train_session_alignment | [align] session_zscore         deepconvnet single_sub-047_ses03-to-ses01 seed=1 acc=0.6900 (ntr=160 nval=40 nte=200)
2026-06-09 03:29:14 | INFO    | train_session_alignment | [align] session_zscore         deepconvnet single_sub-047_ses03-to-ses02 seed=1 acc=0.7200 (ntr=160 nval=40 nte=200)
2026-06-09 03:29:23 | INFO    | train_session_alignment | [align] session_zscore         deepconvnet single_sub-048_ses01-to-ses02 seed=1 acc=0.8500 (ntr=160 nval=40 nte=200)
2026-06-09 03:29:31 | INFO    | train_session_alignment | [align] session_zscore         deepconvnet single_sub-048_ses01-to-ses03 seed=1 acc=0.8550 (ntr=160 nval=40 nte=200)
2026-06-09 03:29:37 | INFO    | train_session_alignment | [align] session_zscore         deepconvnet single_sub-048_ses02-to-ses01 seed=1 acc=0.8200 (ntr=160 nval=40 nte=200)
2026-06-09 03:29:42 | INFO    | train_session_alignment | [align] session_zscore         deepconvnet single_sub-048_ses02-to-ses03 seed=1 acc=0.7800 (ntr=160 nval=40 nte=200)
2026-06-09 03:29:48 | INFO    | train_session_alignment | [align] session_zscore         deepconvnet single_sub-048_ses03-to-ses01 seed=1 acc=0.5650 (ntr=160 nval=40 nte=200)
2026-06-09 03:29:53 | INFO    | train_session_alignment | [align] session_zscore         deepconvnet single_sub-048_ses03-to-ses02 seed=1 acc=0.5800 (ntr=160 nval=40 nte=200)
2026-06-09 03:30:03 | INFO    | train_session_alignment | [align] session_zscore         deepconvnet single_sub-049_ses01-to-ses02 seed=1 acc=0.5600 (ntr=160 nval=40 nte=200)
2026-06-09 03:30:14 | INFO    | train_session_alignment | [align] session_zscore         deepconvnet single_sub-049_ses01-to-ses03 seed=1 acc=0.6350 (ntr=160 nval=40 nte=200)
2026-06-09 03:30:33 | INFO    | train_session_alignment | [align] session_zscore         deepconvnet single_sub-049_ses02-to-ses01 seed=1 acc=0.8500 (ntr=160 nval=40 nte=200)
2026-06-09 03:30:51 | INFO    | train_session_alignment | [align] session_zscore         deepconvnet single_sub-049_ses02-to-ses03 seed=1 acc=0.7950 (ntr=160 nval=40 nte=200)
2026-06-09 03:30:59 | INFO    | train_session_alignment | [align] session_zscore         deepconvnet single_sub-049_ses03-to-ses01 seed=1 acc=0.7200 (ntr=160 nval=40 nte=200)
2026-06-09 03:31:07 | INFO    | train_session_alignment | [align] session_zscore         deepconvnet single_sub-049_ses03-to-ses02 seed=1 acc=0.6100 (ntr=160 nval=40 nte=200)
2026-06-09 03:31:15 | INFO    | train_session_alignment | [align] session_zscore         deepconvnet single_sub-050_ses01-to-ses02 seed=1 acc=0.8700 (ntr=160 nval=40 nte=200)
2026-06-09 03:31:24 | INFO    | train_session_alignment | [align] session_zscore         deepconvnet single_sub-050_ses01-to-ses03 seed=1 acc=0.8350 (ntr=160 nval=40 nte=200)
2026-06-09 03:31:35 | INFO    | train_session_alignment | [align] session_zscore         deepconvnet single_sub-050_ses02-to-ses01 seed=1 acc=0.6800 (ntr=160 nval=40 nte=200)
2026-06-09 03:31:47 | INFO    | train_session_alignment | [align] session_zscore         deepconvnet single_sub-050_ses02-to-ses03 seed=1 acc=0.8250 (ntr=160 nval=40 nte=200)
2026-06-09 03:31:56 | INFO    | train_session_alignment | [align] session_zscore         deepconvnet single_sub-050_ses03-to-ses01 seed=1 acc=0.6700 (ntr=160 nval=40 nte=200)
2026-06-09 03:32:05 | INFO    | train_session_alignment | [align] session_zscore         deepconvnet single_sub-050_ses03-to-ses02 seed=1 acc=0.8750 (ntr=160 nval=40 nte=200)
2026-06-09 03:32:15 | INFO    | train_session_alignment | [align] session_zscore         deepconvnet single_sub-051_ses01-to-ses02 seed=1 acc=0.6350 (ntr=160 nval=40 nte=200)
2026-06-09 03:32:24 | INFO    | train_session_alignment | [align] session_zscore         deepconvnet single_sub-051_ses01-to-ses03 seed=1 acc=0.8100 (ntr=160 nval=40 nte=200)
2026-06-09 03:32:30 | INFO    | train_session_alignment | [align] session_zscore         deepconvnet single_sub-051_ses02-to-ses01 seed=1 acc=0.5450 (ntr=160 nval=40 nte=200)
2026-06-09 03:32:36 | INFO    | train_session_alignment | [align] session_zscore         deepconvnet single_sub-051_ses02-to-ses03 seed=1 acc=0.7050 (ntr=160 nval=40 nte=200)
2026-06-09 03:32:42 | INFO    | train_session_alignment | [align] session_zscore         deepconvnet single_sub-051_ses03-to-ses01 seed=1 acc=0.5550 (ntr=160 nval=40 nte=200)
2026-06-09 03:32:48 | INFO    | train_session_alignment | [align] session_zscore         deepconvnet single_sub-051_ses03-to-ses02 seed=1 acc=0.6200 (ntr=160 nval=40 nte=200)
2026-06-09 03:32:57 | INFO    | train_session_alignment | [align] session_zscore         deepconvnet multi_sub-001_ses01ses02-to-ses03 seed=1 acc=0.9000 (ntr=320 nval=80 nte=200)
2026-06-09 03:33:05 | INFO    | train_session_alignment | [align] session_zscore         deepconvnet multi_sub-002_ses01ses02-to-ses03 seed=1 acc=0.6600 (ntr=320 nval=80 nte=200)
2026-06-09 03:33:30 | INFO    | train_session_alignment | [align] session_zscore         deepconvnet multi_sub-003_ses01ses02-to-ses03 seed=1 acc=0.9050 (ntr=320 nval=80 nte=200)
2026-06-09 03:33:37 | INFO    | train_session_alignment | [align] session_zscore         deepconvnet multi_sub-004_ses01ses02-to-ses03 seed=1 acc=0.5300 (ntr=320 nval=80 nte=200)
2026-06-09 03:33:49 | INFO    | train_session_alignment | [align] session_zscore         deepconvnet multi_sub-005_ses01ses02-to-ses03 seed=1 acc=0.7100 (ntr=320 nval=80 nte=200)
2026-06-09 03:34:06 | INFO    | train_session_alignment | [align] session_zscore         deepconvnet multi_sub-006_ses01ses02-to-ses03 seed=1 acc=0.9400 (ntr=320 nval=80 nte=200)
2026-06-09 03:34:24 | INFO    | train_session_alignment | [align] session_zscore         deepconvnet multi_sub-007_ses01ses02-to-ses03 seed=1 acc=0.8750 (ntr=320 nval=80 nte=200)
2026-06-09 03:34:37 | INFO    | train_session_alignment | [align] session_zscore         deepconvnet multi_sub-008_ses01ses02-to-ses03 seed=1 acc=0.8600 (ntr=320 nval=80 nte=200)
2026-06-09 03:34:44 | INFO    | train_session_alignment | [align] session_zscore         deepconvnet multi_sub-009_ses01ses02-to-ses03 seed=1 acc=0.5900 (ntr=320 nval=80 nte=200)
2026-06-09 03:34:55 | INFO    | train_session_alignment | [align] session_zscore         deepconvnet multi_sub-010_ses01ses02-to-ses03 seed=1 acc=0.5450 (ntr=320 nval=80 nte=200)
2026-06-09 03:35:06 | INFO    | train_session_alignment | [align] session_zscore         deepconvnet multi_sub-011_ses01ses02-to-ses03 seed=1 acc=0.9250 (ntr=320 nval=80 nte=200)
2026-06-09 03:35:13 | INFO    | train_session_alignment | [align] session_zscore         deepconvnet multi_sub-012_ses01ses02-to-ses03 seed=1 acc=0.5050 (ntr=320 nval=80 nte=200)
2026-06-09 03:35:21 | INFO    | train_session_alignment | [align] session_zscore         deepconvnet multi_sub-013_ses01ses02-to-ses03 seed=1 acc=0.7600 (ntr=320 nval=80 nte=200)
2026-06-09 03:35:29 | INFO    | train_session_alignment | [align] session_zscore         deepconvnet multi_sub-014_ses01ses02-to-ses03 seed=1 acc=0.4600 (ntr=320 nval=80 nte=200)
2026-06-09 03:35:45 | INFO    | train_session_alignment | [align] session_zscore         deepconvnet multi_sub-015_ses01ses02-to-ses03 seed=1 acc=0.7000 (ntr=320 nval=80 nte=200)
2026-06-09 03:35:53 | INFO    | train_session_alignment | [align] session_zscore         deepconvnet multi_sub-016_ses01ses02-to-ses03 seed=1 acc=0.5500 (ntr=320 nval=80 nte=200)
2026-06-09 03:36:01 | INFO    | train_session_alignment | [align] session_zscore         deepconvnet multi_sub-017_ses01ses02-to-ses03 seed=1 acc=0.6150 (ntr=320 nval=80 nte=200)
2026-06-09 03:36:14 | INFO    | train_session_alignment | [align] session_zscore         deepconvnet multi_sub-018_ses01ses02-to-ses03 seed=1 acc=0.6150 (ntr=320 nval=80 nte=200)
2026-06-09 03:36:24 | INFO    | train_session_alignment | [align] session_zscore         deepconvnet multi_sub-019_ses01ses02-to-ses03 seed=1 acc=0.8700 (ntr=320 nval=80 nte=200)
2026-06-09 03:36:39 | INFO    | train_session_alignment | [align] session_zscore         deepconvnet multi_sub-020_ses01ses02-to-ses03 seed=1 acc=0.5700 (ntr=320 nval=80 nte=200)
2026-06-09 03:36:50 | INFO    | train_session_alignment | [align] session_zscore         deepconvnet multi_sub-021_ses01ses02-to-ses03 seed=1 acc=0.6650 (ntr=320 nval=80 nte=200)
2026-06-09 03:37:09 | INFO    | train_session_alignment | [align] session_zscore         deepconvnet multi_sub-022_ses01ses02-to-ses03 seed=1 acc=0.7850 (ntr=320 nval=80 nte=200)
2026-06-09 03:37:19 | INFO    | train_session_alignment | [align] session_zscore         deepconvnet multi_sub-025_ses01ses02-to-ses03 seed=1 acc=0.8400 (ntr=320 nval=80 nte=200)
2026-06-09 03:37:31 | INFO    | train_session_alignment | [align] session_zscore         deepconvnet multi_sub-027_ses01ses02-to-ses03 seed=1 acc=0.8200 (ntr=320 nval=80 nte=200)
2026-06-09 03:37:42 | INFO    | train_session_alignment | [align] session_zscore         deepconvnet multi_sub-028_ses01ses02-to-ses03 seed=1 acc=0.5050 (ntr=320 nval=80 nte=200)
2026-06-09 03:37:58 | INFO    | train_session_alignment | [align] session_zscore         deepconvnet multi_sub-029_ses01ses02-to-ses03 seed=1 acc=0.9150 (ntr=320 nval=80 nte=200)
2026-06-09 03:38:22 | INFO    | train_session_alignment | [align] session_zscore         deepconvnet multi_sub-030_ses01ses02-to-ses03 seed=1 acc=0.7400 (ntr=320 nval=80 nte=200)
2026-06-09 03:38:31 | INFO    | train_session_alignment | [align] session_zscore         deepconvnet multi_sub-031_ses01ses02-to-ses03 seed=1 acc=0.7700 (ntr=320 nval=80 nte=200)
2026-06-09 03:38:45 | INFO    | train_session_alignment | [align] session_zscore         deepconvnet multi_sub-033_ses01ses02-to-ses03 seed=1 acc=0.8650 (ntr=320 nval=80 nte=200)
2026-06-09 03:38:53 | INFO    | train_session_alignment | [align] session_zscore         deepconvnet multi_sub-034_ses01ses02-to-ses03 seed=1 acc=0.8750 (ntr=320 nval=80 nte=200)
2026-06-09 03:39:14 | INFO    | train_session_alignment | [align] session_zscore         deepconvnet multi_sub-035_ses01ses02-to-ses03 seed=1 acc=0.9200 (ntr=320 nval=80 nte=200)
2026-06-09 03:39:27 | INFO    | train_session_alignment | [align] session_zscore         deepconvnet multi_sub-036_ses01ses02-to-ses03 seed=1 acc=0.9850 (ntr=320 nval=80 nte=200)
2026-06-09 03:39:33 | INFO    | train_session_alignment | [align] session_zscore         deepconvnet multi_sub-037_ses01ses02-to-ses03 seed=1 acc=0.8100 (ntr=320 nval=80 nte=200)
2026-06-09 03:39:46 | INFO    | train_session_alignment | [align] session_zscore         deepconvnet multi_sub-038_ses01ses02-to-ses03 seed=1 acc=0.5350 (ntr=320 nval=80 nte=200)
2026-06-09 03:39:56 | INFO    | train_session_alignment | [align] session_zscore         deepconvnet multi_sub-039_ses01ses02-to-ses03 seed=1 acc=0.4400 (ntr=320 nval=80 nte=200)
2026-06-09 03:40:05 | INFO    | train_session_alignment | [align] session_zscore         deepconvnet multi_sub-040_ses01ses02-to-ses03 seed=1 acc=0.7200 (ntr=320 nval=80 nte=200)
2026-06-09 03:40:14 | INFO    | train_session_alignment | [align] session_zscore         deepconvnet multi_sub-041_ses01ses02-to-ses03 seed=1 acc=0.8700 (ntr=320 nval=80 nte=200)
2026-06-09 03:40:24 | INFO    | train_session_alignment | [align] session_zscore         deepconvnet multi_sub-042_ses01ses02-to-ses03 seed=1 acc=0.6700 (ntr=320 nval=80 nte=200)
2026-06-09 03:40:46 | INFO    | train_session_alignment | [align] session_zscore         deepconvnet multi_sub-043_ses01ses02-to-ses03 seed=1 acc=0.9900 (ntr=320 nval=80 nte=200)
2026-06-09 03:40:55 | INFO    | train_session_alignment | [align] session_zscore         deepconvnet multi_sub-044_ses01ses02-to-ses03 seed=1 acc=0.7150 (ntr=320 nval=80 nte=200)
2026-06-09 03:41:05 | INFO    | train_session_alignment | [align] session_zscore         deepconvnet multi_sub-045_ses01ses02-to-ses03 seed=1 acc=0.8350 (ntr=320 nval=80 nte=200)
2026-06-09 03:41:27 | INFO    | train_session_alignment | [align] session_zscore         deepconvnet multi_sub-046_ses01ses02-to-ses03 seed=1 acc=0.9850 (ntr=320 nval=80 nte=200)
2026-06-09 03:41:48 | INFO    | train_session_alignment | [align] session_zscore         deepconvnet multi_sub-047_ses01ses02-to-ses03 seed=1 acc=0.8450 (ntr=320 nval=80 nte=200)
2026-06-09 03:41:58 | INFO    | train_session_alignment | [align] session_zscore         deepconvnet multi_sub-048_ses01ses02-to-ses03 seed=1 acc=0.8000 (ntr=320 nval=80 nte=200)
2026-06-09 03:42:20 | INFO    | train_session_alignment | [align] session_zscore         deepconvnet multi_sub-049_ses01ses02-to-ses03 seed=1 acc=0.8100 (ntr=320 nval=80 nte=200)
2026-06-09 03:42:34 | INFO    | train_session_alignment | [align] session_zscore         deepconvnet multi_sub-050_ses01ses02-to-ses03 seed=1 acc=0.8800 (ntr=320 nval=80 nte=200)
2026-06-09 03:42:42 | INFO    | train_session_alignment | [align] session_zscore         deepconvnet multi_sub-051_ses01ses02-to-ses03 seed=1 acc=0.8000 (ntr=320 nval=80 nte=200)
2026-06-09 03:42:42 | INFO    | train_session_alignment | ALL DONE in 2912.3s | rows=335 ok=335 failed=0 | out=/share/home/yuan/SYX/eeg-mi-online/outputs/experiments/alignment_baseline_v1
Done: Tue Jun  9 03:42:43 CST 2026
