Project: /share/home/yuan/SYX/eeg-mi-online
Env    : mi_torch_cu118
Args   : --methods session_zscore --models fbcnet --seeds 2 --protocols single,multi --tag-suffix session_zscore_fbcnet_s2
Node   : gpu01 | Start: Tue Jun  9 04:28:33 CST 2026
Tue Jun  9 04:28:33 2026       
+-----------------------------------------------------------------------------------------+
| NVIDIA-SMI 570.153.02             Driver Version: 570.153.02     CUDA Version: 12.8     |
|-----------------------------------------+------------------------+----------------------+
| GPU  Name                 Persistence-M | Bus-Id          Disp.A | Volatile Uncorr. ECC |
| Fan  Temp   Perf          Pwr:Usage/Cap |           Memory-Usage | GPU-Util  Compute M. |
|                                         |                        |               MIG M. |
|=========================================+========================+======================|
|   0  NVIDIA GeForce RTX 4090 D      On  |   00000000:21:00.0 Off |                  Off |
| 46%   45C    P0             67W /  425W |       1MiB /  24564MiB |      0%      Default |
|                                         |                        |                  N/A |
+-----------------------------------------+------------------------+----------------------+
                                                                                         
+-----------------------------------------------------------------------------------------+
| Processes:                                                                              |
|  GPU   GI   CI              PID   Type   Process name                        GPU Memory |
|        ID   ID                                                               Usage      |
|=========================================================================================|
|  No running processes found                                                             |
+-----------------------------------------------------------------------------------------+
[cuda-check] torch=2.7.1+cu118 cuda_build=11.8 cuda_avail=True
2026-06-09 04:28:36 | INFO    | train_session_alignment | device=cuda | cuda={'torch': '2.7.1+cu118', 'cuda_build': '11.8', 'cuda_available': True, 'device': 'cuda', 'device_name': 'NVIDIA GeForce RTX 4090 D'}
2026-06-09 04:28:36 | INFO    | train_session_alignment | loaded 148 ok sessions | methods=['session_zscore'] | models=['fbcnet'] | seeds=[2] | groups=['single', 'multi'] | tasks=335
2026-06-09 04:28:46 | INFO    | train_session_alignment | [align] session_zscore         fbcnet      single_sub-001_ses01-to-ses02 seed=2 acc=0.6250 (ntr=160 nval=40 nte=200)
2026-06-09 04:28:53 | INFO    | train_session_alignment | [align] session_zscore         fbcnet      single_sub-001_ses01-to-ses03 seed=2 acc=0.6250 (ntr=160 nval=40 nte=200)
2026-06-09 04:29:08 | INFO    | train_session_alignment | [align] session_zscore         fbcnet      single_sub-001_ses02-to-ses01 seed=2 acc=0.6350 (ntr=160 nval=40 nte=200)
2026-06-09 04:29:24 | INFO    | train_session_alignment | [align] session_zscore         fbcnet      single_sub-001_ses02-to-ses03 seed=2 acc=0.8400 (ntr=160 nval=40 nte=200)
2026-06-09 04:29:35 | INFO    | train_session_alignment | [align] session_zscore         fbcnet      single_sub-001_ses03-to-ses01 seed=2 acc=0.6550 (ntr=160 nval=40 nte=200)
2026-06-09 04:29:47 | INFO    | train_session_alignment | [align] session_zscore         fbcnet      single_sub-001_ses03-to-ses02 seed=2 acc=0.7450 (ntr=160 nval=40 nte=200)
2026-06-09 04:29:51 | INFO    | train_session_alignment | [align] session_zscore         fbcnet      single_sub-002_ses01-to-ses02 seed=2 acc=0.5200 (ntr=160 nval=40 nte=200)
2026-06-09 04:29:55 | INFO    | train_session_alignment | [align] session_zscore         fbcnet      single_sub-002_ses01-to-ses03 seed=2 acc=0.4950 (ntr=160 nval=40 nte=200)
2026-06-09 04:30:02 | INFO    | train_session_alignment | [align] session_zscore         fbcnet      single_sub-002_ses02-to-ses01 seed=2 acc=0.5350 (ntr=160 nval=40 nte=200)
2026-06-09 04:30:10 | INFO    | train_session_alignment | [align] session_zscore         fbcnet      single_sub-002_ses02-to-ses03 seed=2 acc=0.6200 (ntr=160 nval=40 nte=200)
2026-06-09 04:30:21 | INFO    | train_session_alignment | [align] session_zscore         fbcnet      single_sub-002_ses03-to-ses01 seed=2 acc=0.6100 (ntr=160 nval=40 nte=200)
2026-06-09 04:30:33 | INFO    | train_session_alignment | [align] session_zscore         fbcnet      single_sub-002_ses03-to-ses02 seed=2 acc=0.5950 (ntr=160 nval=40 nte=200)
2026-06-09 04:30:42 | INFO    | train_session_alignment | [align] session_zscore         fbcnet      single_sub-003_ses01-to-ses02 seed=2 acc=0.7700 (ntr=160 nval=40 nte=200)
2026-06-09 04:30:51 | INFO    | train_session_alignment | [align] session_zscore         fbcnet      single_sub-003_ses01-to-ses03 seed=2 acc=0.8150 (ntr=160 nval=40 nte=200)
2026-06-09 04:31:03 | INFO    | train_session_alignment | [align] session_zscore         fbcnet      single_sub-003_ses02-to-ses01 seed=2 acc=0.6900 (ntr=160 nval=40 nte=200)
2026-06-09 04:31:14 | INFO    | train_session_alignment | [align] session_zscore         fbcnet      single_sub-003_ses02-to-ses03 seed=2 acc=0.7300 (ntr=160 nval=40 nte=200)
2026-06-09 04:31:30 | INFO    | train_session_alignment | [align] session_zscore         fbcnet      single_sub-003_ses03-to-ses01 seed=2 acc=0.7450 (ntr=160 nval=40 nte=200)
2026-06-09 04:31:45 | INFO    | train_session_alignment | [align] session_zscore         fbcnet      single_sub-003_ses03-to-ses02 seed=2 acc=0.6250 (ntr=160 nval=40 nte=200)
2026-06-09 04:31:49 | INFO    | train_session_alignment | [align] session_zscore         fbcnet      single_sub-004_ses01-to-ses02 seed=2 acc=0.4700 (ntr=160 nval=40 nte=200)
2026-06-09 04:31:54 | INFO    | train_session_alignment | [align] session_zscore         fbcnet      single_sub-004_ses01-to-ses03 seed=2 acc=0.5300 (ntr=160 nval=40 nte=200)
2026-06-09 04:31:57 | INFO    | train_session_alignment | [align] session_zscore         fbcnet      single_sub-004_ses02-to-ses01 seed=2 acc=0.5050 (ntr=160 nval=40 nte=200)
2026-06-09 04:32:01 | INFO    | train_session_alignment | [align] session_zscore         fbcnet      single_sub-004_ses02-to-ses03 seed=2 acc=0.5000 (ntr=160 nval=40 nte=200)
2026-06-09 04:32:05 | INFO    | train_session_alignment | [align] session_zscore         fbcnet      single_sub-004_ses03-to-ses01 seed=2 acc=0.5000 (ntr=160 nval=40 nte=200)
2026-06-09 04:32:10 | INFO    | train_session_alignment | [align] session_zscore         fbcnet      single_sub-004_ses03-to-ses02 seed=2 acc=0.5000 (ntr=160 nval=40 nte=200)
2026-06-09 04:32:23 | INFO    | train_session_alignment | [align] session_zscore         fbcnet      single_sub-005_ses01-to-ses02 seed=2 acc=0.8150 (ntr=160 nval=40 nte=200)
2026-06-09 04:32:36 | INFO    | train_session_alignment | [align] session_zscore         fbcnet      single_sub-005_ses01-to-ses03 seed=2 acc=0.6350 (ntr=160 nval=40 nte=200)
2026-06-09 04:32:52 | INFO    | train_session_alignment | [align] session_zscore         fbcnet      single_sub-005_ses02-to-ses01 seed=2 acc=0.7500 (ntr=160 nval=40 nte=200)
2026-06-09 04:33:07 | INFO    | train_session_alignment | [align] session_zscore         fbcnet      single_sub-005_ses02-to-ses03 seed=2 acc=0.7450 (ntr=160 nval=40 nte=200)
2026-06-09 04:33:20 | INFO    | train_session_alignment | [align] session_zscore         fbcnet      single_sub-005_ses03-to-ses01 seed=2 acc=0.7700 (ntr=160 nval=40 nte=200)
2026-06-09 04:33:33 | INFO    | train_session_alignment | [align] session_zscore         fbcnet      single_sub-005_ses03-to-ses02 seed=2 acc=0.7950 (ntr=160 nval=40 nte=200)
2026-06-09 04:33:48 | INFO    | train_session_alignment | [align] session_zscore         fbcnet      single_sub-006_ses01-to-ses02 seed=2 acc=0.8050 (ntr=160 nval=40 nte=200)
2026-06-09 04:34:03 | INFO    | train_session_alignment | [align] session_zscore         fbcnet      single_sub-006_ses01-to-ses03 seed=2 acc=0.8950 (ntr=160 nval=40 nte=200)
2026-06-09 04:34:18 | INFO    | train_session_alignment | [align] session_zscore         fbcnet      single_sub-006_ses02-to-ses01 seed=2 acc=0.8600 (ntr=160 nval=40 nte=200)
2026-06-09 04:34:32 | INFO    | train_session_alignment | [align] session_zscore         fbcnet      single_sub-006_ses02-to-ses03 seed=2 acc=0.9350 (ntr=160 nval=40 nte=200)
2026-06-09 04:34:44 | INFO    | train_session_alignment | [align] session_zscore         fbcnet      single_sub-006_ses03-to-ses01 seed=2 acc=0.8250 (ntr=160 nval=40 nte=200)
2026-06-09 04:34:56 | INFO    | train_session_alignment | [align] session_zscore         fbcnet      single_sub-006_ses03-to-ses02 seed=2 acc=0.8150 (ntr=160 nval=40 nte=200)
2026-06-09 04:35:01 | INFO    | train_session_alignment | [align] session_zscore         fbcnet      single_sub-007_ses01-to-ses02 seed=2 acc=0.5500 (ntr=160 nval=40 nte=200)
2026-06-09 04:35:05 | INFO    | train_session_alignment | [align] session_zscore         fbcnet      single_sub-007_ses01-to-ses03 seed=2 acc=0.5150 (ntr=160 nval=40 nte=200)
2026-06-09 04:35:13 | INFO    | train_session_alignment | [align] session_zscore         fbcnet      single_sub-007_ses02-to-ses01 seed=2 acc=0.5450 (ntr=160 nval=40 nte=200)
2026-06-09 04:35:21 | INFO    | train_session_alignment | [align] session_zscore         fbcnet      single_sub-007_ses02-to-ses03 seed=2 acc=0.6250 (ntr=160 nval=40 nte=200)
2026-06-09 04:35:31 | INFO    | train_session_alignment | [align] session_zscore         fbcnet      single_sub-007_ses03-to-ses01 seed=2 acc=0.5050 (ntr=160 nval=40 nte=200)
2026-06-09 04:35:40 | INFO    | train_session_alignment | [align] session_zscore         fbcnet      single_sub-007_ses03-to-ses02 seed=2 acc=0.6200 (ntr=160 nval=40 nte=200)
2026-06-09 04:35:46 | INFO    | train_session_alignment | [align] session_zscore         fbcnet      single_sub-008_ses01-to-ses02 seed=2 acc=0.5750 (ntr=160 nval=40 nte=200)
2026-06-09 04:35:53 | INFO    | train_session_alignment | [align] session_zscore         fbcnet      single_sub-008_ses01-to-ses03 seed=2 acc=0.4900 (ntr=160 nval=40 nte=200)
2026-06-09 04:36:02 | INFO    | train_session_alignment | [align] session_zscore         fbcnet      single_sub-008_ses02-to-ses01 seed=2 acc=0.5100 (ntr=160 nval=40 nte=200)
2026-06-09 04:36:12 | INFO    | train_session_alignment | [align] session_zscore         fbcnet      single_sub-008_ses02-to-ses03 seed=2 acc=0.5250 (ntr=160 nval=40 nte=200)
2026-06-09 04:36:21 | INFO    | train_session_alignment | [align] session_zscore         fbcnet      single_sub-008_ses03-to-ses01 seed=2 acc=0.5600 (ntr=160 nval=40 nte=200)
2026-06-09 04:36:29 | INFO    | train_session_alignment | [align] session_zscore         fbcnet      single_sub-008_ses03-to-ses02 seed=2 acc=0.6750 (ntr=160 nval=40 nte=200)
2026-06-09 04:36:34 | INFO    | train_session_alignment | [align] session_zscore         fbcnet      single_sub-009_ses01-to-ses02 seed=2 acc=0.5700 (ntr=160 nval=40 nte=200)
2026-06-09 04:36:38 | INFO    | train_session_alignment | [align] session_zscore         fbcnet      single_sub-009_ses01-to-ses03 seed=2 acc=0.4750 (ntr=160 nval=40 nte=200)
2026-06-09 04:36:43 | INFO    | train_session_alignment | [align] session_zscore         fbcnet      single_sub-009_ses02-to-ses01 seed=2 acc=0.5300 (ntr=160 nval=40 nte=200)
2026-06-09 04:36:47 | INFO    | train_session_alignment | [align] session_zscore         fbcnet      single_sub-009_ses02-to-ses03 seed=2 acc=0.4950 (ntr=160 nval=40 nte=200)
2026-06-09 04:36:52 | INFO    | train_session_alignment | [align] session_zscore         fbcnet      single_sub-009_ses03-to-ses01 seed=2 acc=0.5350 (ntr=160 nval=40 nte=200)
2026-06-09 04:36:56 | INFO    | train_session_alignment | [align] session_zscore         fbcnet      single_sub-009_ses03-to-ses02 seed=2 acc=0.5400 (ntr=160 nval=40 nte=200)
2026-06-09 04:37:03 | INFO    | train_session_alignment | [align] session_zscore         fbcnet      single_sub-010_ses01-to-ses02 seed=2 acc=0.5150 (ntr=160 nval=40 nte=200)
2026-06-09 04:37:11 | INFO    | train_session_alignment | [align] session_zscore         fbcnet      single_sub-010_ses01-to-ses03 seed=2 acc=0.5600 (ntr=160 nval=40 nte=200)
2026-06-09 04:37:18 | INFO    | train_session_alignment | [align] session_zscore         fbcnet      single_sub-010_ses02-to-ses01 seed=2 acc=0.5950 (ntr=160 nval=40 nte=200)
2026-06-09 04:37:25 | INFO    | train_session_alignment | [align] session_zscore         fbcnet      single_sub-010_ses02-to-ses03 seed=2 acc=0.6150 (ntr=160 nval=40 nte=200)
2026-06-09 04:37:34 | INFO    | train_session_alignment | [align] session_zscore         fbcnet      single_sub-010_ses03-to-ses01 seed=2 acc=0.5350 (ntr=160 nval=40 nte=200)
2026-06-09 04:37:43 | INFO    | train_session_alignment | [align] session_zscore         fbcnet      single_sub-010_ses03-to-ses02 seed=2 acc=0.5750 (ntr=160 nval=40 nte=200)
2026-06-09 04:37:55 | INFO    | train_session_alignment | [align] session_zscore         fbcnet      single_sub-011_ses01-to-ses02 seed=2 acc=0.5250 (ntr=160 nval=40 nte=200)
2026-06-09 04:38:07 | INFO    | train_session_alignment | [align] session_zscore         fbcnet      single_sub-011_ses01-to-ses03 seed=2 acc=0.5400 (ntr=160 nval=40 nte=200)
2026-06-09 04:38:15 | INFO    | train_session_alignment | [align] session_zscore         fbcnet      single_sub-011_ses02-to-ses01 seed=2 acc=0.6900 (ntr=160 nval=40 nte=200)
2026-06-09 04:38:23 | INFO    | train_session_alignment | [align] session_zscore         fbcnet      single_sub-011_ses02-to-ses03 seed=2 acc=0.5450 (ntr=160 nval=40 nte=200)
2026-06-09 04:38:31 | INFO    | train_session_alignment | [align] session_zscore         fbcnet      single_sub-011_ses03-to-ses01 seed=2 acc=0.6350 (ntr=160 nval=40 nte=200)
2026-06-09 04:38:39 | INFO    | train_session_alignment | [align] session_zscore         fbcnet      single_sub-011_ses03-to-ses02 seed=2 acc=0.5400 (ntr=160 nval=40 nte=200)
2026-06-09 04:38:44 | INFO    | train_session_alignment | [align] session_zscore         fbcnet      single_sub-012_ses01-to-ses02 seed=2 acc=0.5200 (ntr=160 nval=40 nte=200)
2026-06-09 04:38:48 | INFO    | train_session_alignment | [align] session_zscore         fbcnet      single_sub-012_ses01-to-ses03 seed=2 acc=0.4950 (ntr=160 nval=40 nte=200)
2026-06-09 04:38:53 | INFO    | train_session_alignment | [align] session_zscore         fbcnet      single_sub-012_ses02-to-ses01 seed=2 acc=0.4550 (ntr=160 nval=40 nte=200)
2026-06-09 04:38:57 | INFO    | train_session_alignment | [align] session_zscore         fbcnet      single_sub-012_ses02-to-ses03 seed=2 acc=0.5000 (ntr=160 nval=40 nte=200)
2026-06-09 04:39:02 | INFO    | train_session_alignment | [align] session_zscore         fbcnet      single_sub-012_ses03-to-ses01 seed=2 acc=0.4850 (ntr=160 nval=40 nte=200)
2026-06-09 04:39:06 | INFO    | train_session_alignment | [align] session_zscore         fbcnet      single_sub-012_ses03-to-ses02 seed=2 acc=0.5150 (ntr=160 nval=40 nte=200)
2026-06-09 04:39:10 | INFO    | train_session_alignment | [align] session_zscore         fbcnet      single_sub-013_ses01-to-ses02 seed=2 acc=0.5200 (ntr=160 nval=40 nte=200)
2026-06-09 04:39:14 | INFO    | train_session_alignment | [align] session_zscore         fbcnet      single_sub-013_ses01-to-ses03 seed=2 acc=0.5000 (ntr=160 nval=40 nte=200)
2026-06-09 04:39:26 | INFO    | train_session_alignment | [align] session_zscore         fbcnet      single_sub-013_ses02-to-ses01 seed=2 acc=0.5450 (ntr=160 nval=40 nte=200)
2026-06-09 04:39:37 | INFO    | train_session_alignment | [align] session_zscore         fbcnet      single_sub-013_ses02-to-ses03 seed=2 acc=0.5150 (ntr=160 nval=40 nte=200)
2026-06-09 04:39:42 | INFO    | train_session_alignment | [align] session_zscore         fbcnet      single_sub-013_ses03-to-ses01 seed=2 acc=0.5350 (ntr=160 nval=40 nte=200)
2026-06-09 04:39:47 | INFO    | train_session_alignment | [align] session_zscore         fbcnet      single_sub-013_ses03-to-ses02 seed=2 acc=0.5400 (ntr=160 nval=40 nte=200)
2026-06-09 04:39:51 | INFO    | train_session_alignment | [align] session_zscore         fbcnet      single_sub-014_ses01-to-ses02 seed=2 acc=0.5100 (ntr=160 nval=40 nte=200)
2026-06-09 04:39:55 | INFO    | train_session_alignment | [align] session_zscore         fbcnet      single_sub-014_ses01-to-ses03 seed=2 acc=0.5000 (ntr=160 nval=40 nte=200)
2026-06-09 04:40:00 | INFO    | train_session_alignment | [align] session_zscore         fbcnet      single_sub-014_ses02-to-ses01 seed=2 acc=0.5350 (ntr=160 nval=40 nte=200)
2026-06-09 04:40:04 | INFO    | train_session_alignment | [align] session_zscore         fbcnet      single_sub-014_ses02-to-ses03 seed=2 acc=0.4800 (ntr=160 nval=40 nte=200)
2026-06-09 04:40:09 | INFO    | train_session_alignment | [align] session_zscore         fbcnet      single_sub-014_ses03-to-ses01 seed=2 acc=0.5250 (ntr=160 nval=40 nte=200)
2026-06-09 04:40:14 | INFO    | train_session_alignment | [align] session_zscore         fbcnet      single_sub-014_ses03-to-ses02 seed=2 acc=0.4550 (ntr=160 nval=40 nte=200)
2026-06-09 04:40:18 | INFO    | train_session_alignment | [align] session_zscore         fbcnet      single_sub-015_ses01-to-ses02 seed=2 acc=0.5950 (ntr=160 nval=40 nte=200)
2026-06-09 04:40:23 | INFO    | train_session_alignment | [align] session_zscore         fbcnet      single_sub-015_ses01-to-ses03 seed=2 acc=0.4800 (ntr=160 nval=40 nte=200)
2026-06-09 04:40:28 | INFO    | train_session_alignment | [align] session_zscore         fbcnet      single_sub-015_ses02-to-ses01 seed=2 acc=0.5250 (ntr=160 nval=40 nte=200)
2026-06-09 04:40:33 | INFO    | train_session_alignment | [align] session_zscore         fbcnet      single_sub-015_ses02-to-ses03 seed=2 acc=0.5100 (ntr=160 nval=40 nte=200)
2026-06-09 04:40:38 | INFO    | train_session_alignment | [align] session_zscore         fbcnet      single_sub-015_ses03-to-ses01 seed=2 acc=0.4900 (ntr=160 nval=40 nte=200)
2026-06-09 04:40:43 | INFO    | train_session_alignment | [align] session_zscore         fbcnet      single_sub-015_ses03-to-ses02 seed=2 acc=0.5450 (ntr=160 nval=40 nte=200)
2026-06-09 04:40:47 | INFO    | train_session_alignment | [align] session_zscore         fbcnet      single_sub-016_ses01-to-ses02 seed=2 acc=0.5050 (ntr=160 nval=40 nte=200)
2026-06-09 04:40:52 | INFO    | train_session_alignment | [align] session_zscore         fbcnet      single_sub-016_ses01-to-ses03 seed=2 acc=0.5500 (ntr=160 nval=40 nte=200)
2026-06-09 04:40:57 | INFO    | train_session_alignment | [align] session_zscore         fbcnet      single_sub-016_ses02-to-ses01 seed=2 acc=0.5150 (ntr=160 nval=40 nte=200)
2026-06-09 04:41:01 | INFO    | train_session_alignment | [align] session_zscore         fbcnet      single_sub-016_ses02-to-ses03 seed=2 acc=0.4850 (ntr=160 nval=40 nte=200)
2026-06-09 04:41:07 | INFO    | train_session_alignment | [align] session_zscore         fbcnet      single_sub-016_ses03-to-ses01 seed=2 acc=0.5400 (ntr=160 nval=40 nte=200)
2026-06-09 04:41:12 | INFO    | train_session_alignment | [align] session_zscore         fbcnet      single_sub-016_ses03-to-ses02 seed=2 acc=0.5300 (ntr=160 nval=40 nte=200)
2026-06-09 04:41:16 | INFO    | train_session_alignment | [align] session_zscore         fbcnet      single_sub-017_ses01-to-ses02 seed=2 acc=0.5200 (ntr=160 nval=40 nte=200)
2026-06-09 04:41:20 | INFO    | train_session_alignment | [align] session_zscore         fbcnet      single_sub-017_ses01-to-ses03 seed=2 acc=0.4550 (ntr=160 nval=40 nte=200)
2026-06-09 04:41:27 | INFO    | train_session_alignment | [align] session_zscore         fbcnet      single_sub-017_ses02-to-ses01 seed=2 acc=0.5100 (ntr=160 nval=40 nte=200)
2026-06-09 04:41:33 | INFO    | train_session_alignment | [align] session_zscore         fbcnet      single_sub-017_ses02-to-ses03 seed=2 acc=0.7250 (ntr=160 nval=40 nte=200)
2026-06-09 04:41:37 | INFO    | train_session_alignment | [align] session_zscore         fbcnet      single_sub-017_ses03-to-ses01 seed=2 acc=0.6050 (ntr=160 nval=40 nte=200)
2026-06-09 04:41:42 | INFO    | train_session_alignment | [align] session_zscore         fbcnet      single_sub-017_ses03-to-ses02 seed=2 acc=0.6000 (ntr=160 nval=40 nte=200)
2026-06-09 04:41:47 | INFO    | train_session_alignment | [align] session_zscore         fbcnet      single_sub-018_ses01-to-ses02 seed=2 acc=0.4950 (ntr=160 nval=40 nte=200)
2026-06-09 04:41:51 | INFO    | train_session_alignment | [align] session_zscore         fbcnet      single_sub-018_ses01-to-ses03 seed=2 acc=0.5200 (ntr=160 nval=40 nte=200)
2026-06-09 04:41:56 | INFO    | train_session_alignment | [align] session_zscore         fbcnet      single_sub-018_ses02-to-ses01 seed=2 acc=0.5050 (ntr=160 nval=40 nte=200)
2026-06-09 04:42:01 | INFO    | train_session_alignment | [align] session_zscore         fbcnet      single_sub-018_ses02-to-ses03 seed=2 acc=0.5000 (ntr=160 nval=40 nte=200)
2026-06-09 04:42:05 | INFO    | train_session_alignment | [align] session_zscore         fbcnet      single_sub-018_ses03-to-ses01 seed=2 acc=0.4650 (ntr=160 nval=40 nte=200)
2026-06-09 04:42:09 | INFO    | train_session_alignment | [align] session_zscore         fbcnet      single_sub-018_ses03-to-ses02 seed=2 acc=0.4750 (ntr=160 nval=40 nte=200)
2026-06-09 04:42:16 | INFO    | train_session_alignment | [align] session_zscore         fbcnet      single_sub-019_ses01-to-ses02 seed=2 acc=0.5000 (ntr=160 nval=40 nte=200)
2026-06-09 04:42:23 | INFO    | train_session_alignment | [align] session_zscore         fbcnet      single_sub-019_ses01-to-ses03 seed=2 acc=0.5000 (ntr=160 nval=40 nte=200)
2026-06-09 04:42:29 | INFO    | train_session_alignment | [align] session_zscore         fbcnet      single_sub-019_ses02-to-ses01 seed=2 acc=0.5100 (ntr=160 nval=40 nte=200)
2026-06-09 04:42:35 | INFO    | train_session_alignment | [align] session_zscore         fbcnet      single_sub-019_ses02-to-ses03 seed=2 acc=0.5300 (ntr=160 nval=40 nte=200)
2026-06-09 04:42:50 | INFO    | train_session_alignment | [align] session_zscore         fbcnet      single_sub-019_ses03-to-ses01 seed=2 acc=0.5500 (ntr=160 nval=40 nte=200)
2026-06-09 04:43:05 | INFO    | train_session_alignment | [align] session_zscore         fbcnet      single_sub-019_ses03-to-ses02 seed=2 acc=0.6400 (ntr=160 nval=40 nte=200)
2026-06-09 04:43:13 | INFO    | train_session_alignment | [align] session_zscore         fbcnet      single_sub-020_ses01-to-ses02 seed=2 acc=0.6650 (ntr=160 nval=40 nte=200)
2026-06-09 04:43:20 | INFO    | train_session_alignment | [align] session_zscore         fbcnet      single_sub-020_ses01-to-ses03 seed=2 acc=0.4650 (ntr=160 nval=40 nte=200)
2026-06-09 04:43:26 | INFO    | train_session_alignment | [align] session_zscore         fbcnet      single_sub-020_ses02-to-ses01 seed=2 acc=0.6200 (ntr=160 nval=40 nte=200)
2026-06-09 04:43:32 | INFO    | train_session_alignment | [align] session_zscore         fbcnet      single_sub-020_ses02-to-ses03 seed=2 acc=0.4250 (ntr=160 nval=40 nte=200)
2026-06-09 04:43:38 | INFO    | train_session_alignment | [align] session_zscore         fbcnet      single_sub-020_ses03-to-ses01 seed=2 acc=0.4550 (ntr=160 nval=40 nte=200)
2026-06-09 04:43:44 | INFO    | train_session_alignment | [align] session_zscore         fbcnet      single_sub-020_ses03-to-ses02 seed=2 acc=0.4550 (ntr=160 nval=40 nte=200)
2026-06-09 04:43:50 | INFO    | train_session_alignment | [align] session_zscore         fbcnet      single_sub-021_ses01-to-ses02 seed=2 acc=0.6400 (ntr=160 nval=40 nte=200)
2026-06-09 04:43:57 | INFO    | train_session_alignment | [align] session_zscore         fbcnet      single_sub-021_ses01-to-ses03 seed=2 acc=0.5650 (ntr=160 nval=40 nte=200)
2026-06-09 04:44:02 | INFO    | train_session_alignment | [align] session_zscore         fbcnet      single_sub-021_ses02-to-ses01 seed=2 acc=0.5750 (ntr=160 nval=40 nte=200)
2026-06-09 04:44:06 | INFO    | train_session_alignment | [align] session_zscore         fbcnet      single_sub-021_ses02-to-ses03 seed=2 acc=0.6600 (ntr=160 nval=40 nte=200)
2026-06-09 04:44:10 | INFO    | train_session_alignment | [align] session_zscore         fbcnet      single_sub-021_ses03-to-ses01 seed=2 acc=0.5500 (ntr=160 nval=40 nte=200)
2026-06-09 04:44:14 | INFO    | train_session_alignment | [align] session_zscore         fbcnet      single_sub-021_ses03-to-ses02 seed=2 acc=0.5300 (ntr=160 nval=40 nte=200)
2026-06-09 04:44:19 | INFO    | train_session_alignment | [align] session_zscore         fbcnet      single_sub-022_ses01-to-ses02 seed=2 acc=0.5700 (ntr=160 nval=40 nte=200)
2026-06-09 04:44:24 | INFO    | train_session_alignment | [align] session_zscore         fbcnet      single_sub-022_ses01-to-ses03 seed=2 acc=0.4650 (ntr=160 nval=40 nte=200)
2026-06-09 04:44:33 | INFO    | train_session_alignment | [align] session_zscore         fbcnet      single_sub-022_ses02-to-ses01 seed=2 acc=0.5550 (ntr=160 nval=40 nte=200)
2026-06-09 04:44:41 | INFO    | train_session_alignment | [align] session_zscore         fbcnet      single_sub-022_ses02-to-ses03 seed=2 acc=0.6300 (ntr=160 nval=40 nte=200)
2026-06-09 04:44:47 | INFO    | train_session_alignment | [align] session_zscore         fbcnet      single_sub-022_ses03-to-ses01 seed=2 acc=0.5000 (ntr=160 nval=40 nte=200)
2026-06-09 04:44:52 | INFO    | train_session_alignment | [align] session_zscore         fbcnet      single_sub-022_ses03-to-ses02 seed=2 acc=0.5150 (ntr=160 nval=40 nte=200)
2026-06-09 04:44:58 | INFO    | train_session_alignment | [align] session_zscore         fbcnet      single_sub-023_ses02-to-ses03 seed=2 acc=0.8050 (ntr=160 nval=40 nte=200)
2026-06-09 04:45:13 | INFO    | train_session_alignment | [align] session_zscore         fbcnet      single_sub-023_ses03-to-ses02 seed=2 acc=0.5900 (ntr=160 nval=40 nte=200)
2026-06-09 04:45:29 | INFO    | train_session_alignment | [align] session_zscore         fbcnet      single_sub-025_ses01-to-ses02 seed=2 acc=0.5950 (ntr=160 nval=40 nte=200)
2026-06-09 04:45:44 | INFO    | train_session_alignment | [align] session_zscore         fbcnet      single_sub-025_ses01-to-ses03 seed=2 acc=0.5900 (ntr=160 nval=40 nte=200)
2026-06-09 04:45:54 | INFO    | train_session_alignment | [align] session_zscore         fbcnet      single_sub-025_ses02-to-ses01 seed=2 acc=0.5550 (ntr=160 nval=40 nte=200)
2026-06-09 04:46:04 | INFO    | train_session_alignment | [align] session_zscore         fbcnet      single_sub-025_ses02-to-ses03 seed=2 acc=0.5400 (ntr=160 nval=40 nte=200)
2026-06-09 04:46:11 | INFO    | train_session_alignment | [align] session_zscore         fbcnet      single_sub-025_ses03-to-ses01 seed=2 acc=0.5400 (ntr=160 nval=40 nte=200)
2026-06-09 04:46:18 | INFO    | train_session_alignment | [align] session_zscore         fbcnet      single_sub-025_ses03-to-ses02 seed=2 acc=0.6300 (ntr=160 nval=40 nte=200)
2026-06-09 04:46:29 | INFO    | train_session_alignment | [align] session_zscore         fbcnet      single_sub-026_ses02-to-ses03 seed=2 acc=0.6400 (ntr=160 nval=40 nte=200)
2026-06-09 04:46:42 | INFO    | train_session_alignment | [align] session_zscore         fbcnet      single_sub-026_ses03-to-ses02 seed=2 acc=0.7000 (ntr=160 nval=40 nte=200)
2026-06-09 04:46:50 | INFO    | train_session_alignment | [align] session_zscore         fbcnet      single_sub-027_ses01-to-ses02 seed=2 acc=0.5000 (ntr=160 nval=40 nte=200)
2026-06-09 04:46:58 | INFO    | train_session_alignment | [align] session_zscore         fbcnet      single_sub-027_ses01-to-ses03 seed=2 acc=0.5000 (ntr=160 nval=40 nte=200)
2026-06-09 04:47:04 | INFO    | train_session_alignment | [align] session_zscore         fbcnet      single_sub-027_ses02-to-ses01 seed=2 acc=0.5450 (ntr=160 nval=40 nte=200)
2026-06-09 04:47:09 | INFO    | train_session_alignment | [align] session_zscore         fbcnet      single_sub-027_ses02-to-ses03 seed=2 acc=0.5850 (ntr=160 nval=40 nte=200)
2026-06-09 04:47:16 | INFO    | train_session_alignment | [align] session_zscore         fbcnet      single_sub-027_ses03-to-ses01 seed=2 acc=0.5000 (ntr=160 nval=40 nte=200)
2026-06-09 04:47:23 | INFO    | train_session_alignment | [align] session_zscore         fbcnet      single_sub-027_ses03-to-ses02 seed=2 acc=0.5000 (ntr=160 nval=40 nte=200)
2026-06-09 04:47:31 | INFO    | train_session_alignment | [align] session_zscore         fbcnet      single_sub-028_ses01-to-ses02 seed=2 acc=0.5800 (ntr=160 nval=40 nte=200)
2026-06-09 04:47:39 | INFO    | train_session_alignment | [align] session_zscore         fbcnet      single_sub-028_ses01-to-ses03 seed=2 acc=0.5550 (ntr=160 nval=40 nte=200)
2026-06-09 04:47:52 | INFO    | train_session_alignment | [align] session_zscore         fbcnet      single_sub-028_ses02-to-ses01 seed=2 acc=0.5050 (ntr=160 nval=40 nte=200)
2026-06-09 04:48:05 | INFO    | train_session_alignment | [align] session_zscore         fbcnet      single_sub-028_ses02-to-ses03 seed=2 acc=0.7350 (ntr=160 nval=40 nte=200)
2026-06-09 04:48:14 | INFO    | train_session_alignment | [align] session_zscore         fbcnet      single_sub-028_ses03-to-ses01 seed=2 acc=0.6700 (ntr=160 nval=40 nte=200)
2026-06-09 04:48:23 | INFO    | train_session_alignment | [align] session_zscore         fbcnet      single_sub-028_ses03-to-ses02 seed=2 acc=0.5000 (ntr=160 nval=40 nte=200)
2026-06-09 04:48:37 | INFO    | train_session_alignment | [align] session_zscore         fbcnet      single_sub-029_ses01-to-ses02 seed=2 acc=0.6100 (ntr=160 nval=40 nte=200)
2026-06-09 04:48:52 | INFO    | train_session_alignment | [align] session_zscore         fbcnet      single_sub-029_ses01-to-ses03 seed=2 acc=0.7050 (ntr=160 nval=40 nte=200)
2026-06-09 04:49:07 | INFO    | train_session_alignment | [align] session_zscore         fbcnet      single_sub-029_ses02-to-ses01 seed=2 acc=0.8100 (ntr=160 nval=40 nte=200)
2026-06-09 04:49:23 | INFO    | train_session_alignment | [align] session_zscore         fbcnet      single_sub-029_ses02-to-ses03 seed=2 acc=0.9650 (ntr=160 nval=40 nte=200)
2026-06-09 04:49:36 | INFO    | train_session_alignment | [align] session_zscore         fbcnet      single_sub-029_ses03-to-ses01 seed=2 acc=0.7350 (ntr=160 nval=40 nte=200)
2026-06-09 04:49:49 | INFO    | train_session_alignment | [align] session_zscore         fbcnet      single_sub-029_ses03-to-ses02 seed=2 acc=0.9600 (ntr=160 nval=40 nte=200)
2026-06-09 04:50:01 | INFO    | train_session_alignment | [align] session_zscore         fbcnet      single_sub-030_ses01-to-ses02 seed=2 acc=0.6450 (ntr=160 nval=40 nte=200)
2026-06-09 04:50:13 | INFO    | train_session_alignment | [align] session_zscore         fbcnet      single_sub-030_ses01-to-ses03 seed=2 acc=0.5550 (ntr=160 nval=40 nte=200)
2026-06-09 04:50:21 | INFO    | train_session_alignment | [align] session_zscore         fbcnet      single_sub-030_ses02-to-ses01 seed=2 acc=0.5000 (ntr=160 nval=40 nte=200)
2026-06-09 04:50:29 | INFO    | train_session_alignment | [align] session_zscore         fbcnet      single_sub-030_ses02-to-ses03 seed=2 acc=0.5950 (ntr=160 nval=40 nte=200)
2026-06-09 04:50:44 | INFO    | train_session_alignment | [align] session_zscore         fbcnet      single_sub-030_ses03-to-ses01 seed=2 acc=0.5000 (ntr=160 nval=40 nte=200)
2026-06-09 04:50:59 | INFO    | train_session_alignment | [align] session_zscore         fbcnet      single_sub-030_ses03-to-ses02 seed=2 acc=0.6250 (ntr=160 nval=40 nte=200)
2026-06-09 04:51:05 | INFO    | train_session_alignment | [align] session_zscore         fbcnet      single_sub-031_ses01-to-ses02 seed=2 acc=0.5500 (ntr=160 nval=40 nte=200)
2026-06-09 04:51:10 | INFO    | train_session_alignment | [align] session_zscore         fbcnet      single_sub-031_ses01-to-ses03 seed=2 acc=0.5300 (ntr=160 nval=40 nte=200)
2026-06-09 04:51:15 | INFO    | train_session_alignment | [align] session_zscore         fbcnet      single_sub-031_ses02-to-ses01 seed=2 acc=0.5250 (ntr=160 nval=40 nte=200)
2026-06-09 04:51:20 | INFO    | train_session_alignment | [align] session_zscore         fbcnet      single_sub-031_ses02-to-ses03 seed=2 acc=0.5250 (ntr=160 nval=40 nte=200)
2026-06-09 04:51:24 | INFO    | train_session_alignment | [align] session_zscore         fbcnet      single_sub-031_ses03-to-ses01 seed=2 acc=0.5450 (ntr=160 nval=40 nte=200)
2026-06-09 04:51:28 | INFO    | train_session_alignment | [align] session_zscore         fbcnet      single_sub-031_ses03-to-ses02 seed=2 acc=0.4950 (ntr=160 nval=40 nte=200)
2026-06-09 04:51:32 | INFO    | train_session_alignment | [align] session_zscore         fbcnet      single_sub-032_ses01-to-ses03 seed=2 acc=0.5400 (ntr=160 nval=40 nte=200)
2026-06-09 04:51:37 | INFO    | train_session_alignment | [align] session_zscore         fbcnet      single_sub-032_ses03-to-ses01 seed=2 acc=0.5300 (ntr=160 nval=40 nte=200)
2026-06-09 04:51:46 | INFO    | train_session_alignment | [align] session_zscore         fbcnet      single_sub-033_ses01-to-ses02 seed=2 acc=0.7400 (ntr=160 nval=40 nte=200)
2026-06-09 04:51:55 | INFO    | train_session_alignment | [align] session_zscore         fbcnet      single_sub-033_ses01-to-ses03 seed=2 acc=0.9400 (ntr=160 nval=40 nte=200)
2026-06-09 04:52:10 | INFO    | train_session_alignment | [align] session_zscore         fbcnet      single_sub-033_ses02-to-ses01 seed=2 acc=0.9300 (ntr=160 nval=40 nte=200)
2026-06-09 04:52:26 | INFO    | train_session_alignment | [align] session_zscore         fbcnet      single_sub-033_ses02-to-ses03 seed=2 acc=0.7800 (ntr=160 nval=40 nte=200)
2026-06-09 04:52:37 | INFO    | train_session_alignment | [align] session_zscore         fbcnet      single_sub-033_ses03-to-ses01 seed=2 acc=0.9200 (ntr=160 nval=40 nte=200)
2026-06-09 04:52:47 | INFO    | train_session_alignment | [align] session_zscore         fbcnet      single_sub-033_ses03-to-ses02 seed=2 acc=0.8450 (ntr=160 nval=40 nte=200)
2026-06-09 04:52:53 | INFO    | train_session_alignment | [align] session_zscore         fbcnet      single_sub-034_ses01-to-ses02 seed=2 acc=0.5900 (ntr=160 nval=40 nte=200)
2026-06-09 04:52:58 | INFO    | train_session_alignment | [align] session_zscore         fbcnet      single_sub-034_ses01-to-ses03 seed=2 acc=0.4800 (ntr=160 nval=40 nte=200)
2026-06-09 04:53:13 | INFO    | train_session_alignment | [align] session_zscore         fbcnet      single_sub-034_ses02-to-ses01 seed=2 acc=0.5350 (ntr=160 nval=40 nte=200)
2026-06-09 04:53:29 | INFO    | train_session_alignment | [align] session_zscore         fbcnet      single_sub-034_ses02-to-ses03 seed=2 acc=0.5000 (ntr=160 nval=40 nte=200)
2026-06-09 04:53:33 | INFO    | train_session_alignment | [align] session_zscore         fbcnet      single_sub-034_ses03-to-ses01 seed=2 acc=0.5000 (ntr=160 nval=40 nte=200)
2026-06-09 04:53:37 | INFO    | train_session_alignment | [align] session_zscore         fbcnet      single_sub-034_ses03-to-ses02 seed=2 acc=0.5250 (ntr=160 nval=40 nte=200)
2026-06-09 04:53:46 | INFO    | train_session_alignment | [align] session_zscore         fbcnet      single_sub-035_ses01-to-ses02 seed=2 acc=0.9150 (ntr=160 nval=40 nte=200)
2026-06-09 04:53:54 | INFO    | train_session_alignment | [align] session_zscore         fbcnet      single_sub-035_ses01-to-ses03 seed=2 acc=0.7600 (ntr=160 nval=40 nte=200)
2026-06-09 04:54:04 | INFO    | train_session_alignment | [align] session_zscore         fbcnet      single_sub-035_ses02-to-ses01 seed=2 acc=0.8950 (ntr=160 nval=40 nte=200)
2026-06-09 04:54:14 | INFO    | train_session_alignment | [align] session_zscore         fbcnet      single_sub-035_ses02-to-ses03 seed=2 acc=0.8350 (ntr=160 nval=40 nte=200)
2026-06-09 04:54:21 | INFO    | train_session_alignment | [align] session_zscore         fbcnet      single_sub-035_ses03-to-ses01 seed=2 acc=0.8500 (ntr=160 nval=40 nte=200)
2026-06-09 04:54:28 | INFO    | train_session_alignment | [align] session_zscore         fbcnet      single_sub-035_ses03-to-ses02 seed=2 acc=0.8350 (ntr=160 nval=40 nte=200)
2026-06-09 04:54:37 | INFO    | train_session_alignment | [align] session_zscore         fbcnet      single_sub-036_ses01-to-ses02 seed=2 acc=0.7900 (ntr=160 nval=40 nte=200)
2026-06-09 04:54:46 | INFO    | train_session_alignment | [align] session_zscore         fbcnet      single_sub-036_ses01-to-ses03 seed=2 acc=0.8000 (ntr=160 nval=40 nte=200)
2026-06-09 04:55:02 | INFO    | train_session_alignment | [align] session_zscore         fbcnet      single_sub-036_ses02-to-ses01 seed=2 acc=0.7650 (ntr=160 nval=40 nte=200)
2026-06-09 04:55:17 | INFO    | train_session_alignment | [align] session_zscore         fbcnet      single_sub-036_ses02-to-ses03 seed=2 acc=0.9200 (ntr=160 nval=40 nte=200)
2026-06-09 04:55:33 | INFO    | train_session_alignment | [align] session_zscore         fbcnet      single_sub-036_ses03-to-ses01 seed=2 acc=0.5450 (ntr=160 nval=40 nte=200)
2026-06-09 04:55:48 | INFO    | train_session_alignment | [align] session_zscore         fbcnet      single_sub-036_ses03-to-ses02 seed=2 acc=0.7300 (ntr=160 nval=40 nte=200)
2026-06-09 04:55:55 | INFO    | train_session_alignment | [align] session_zscore         fbcnet      single_sub-037_ses01-to-ses02 seed=2 acc=0.6450 (ntr=160 nval=40 nte=200)
2026-06-09 04:56:03 | INFO    | train_session_alignment | [align] session_zscore         fbcnet      single_sub-037_ses01-to-ses03 seed=2 acc=0.6800 (ntr=160 nval=40 nte=200)
2026-06-09 04:56:08 | INFO    | train_session_alignment | [align] session_zscore         fbcnet      single_sub-037_ses02-to-ses01 seed=2 acc=0.5250 (ntr=160 nval=40 nte=200)
2026-06-09 04:56:12 | INFO    | train_session_alignment | [align] session_zscore         fbcnet      single_sub-037_ses02-to-ses03 seed=2 acc=0.5950 (ntr=160 nval=40 nte=200)
2026-06-09 04:56:17 | INFO    | train_session_alignment | [align] session_zscore         fbcnet      single_sub-037_ses03-to-ses01 seed=2 acc=0.6050 (ntr=160 nval=40 nte=200)
2026-06-09 04:56:23 | INFO    | train_session_alignment | [align] session_zscore         fbcnet      single_sub-037_ses03-to-ses02 seed=2 acc=0.6600 (ntr=160 nval=40 nte=200)
2026-06-09 04:56:28 | INFO    | train_session_alignment | [align] session_zscore         fbcnet      single_sub-038_ses01-to-ses02 seed=2 acc=0.4950 (ntr=160 nval=40 nte=200)
2026-06-09 04:56:32 | INFO    | train_session_alignment | [align] session_zscore         fbcnet      single_sub-038_ses01-to-ses03 seed=2 acc=0.4900 (ntr=160 nval=40 nte=200)
2026-06-09 04:56:43 | INFO    | train_session_alignment | [align] session_zscore         fbcnet      single_sub-038_ses02-to-ses01 seed=2 acc=0.5000 (ntr=160 nval=40 nte=200)
2026-06-09 04:56:55 | INFO    | train_session_alignment | [align] session_zscore         fbcnet      single_sub-038_ses02-to-ses03 seed=2 acc=0.5200 (ntr=160 nval=40 nte=200)
2026-06-09 04:56:59 | INFO    | train_session_alignment | [align] session_zscore         fbcnet      single_sub-038_ses03-to-ses01 seed=2 acc=0.4750 (ntr=160 nval=40 nte=200)
2026-06-09 04:57:04 | INFO    | train_session_alignment | [align] session_zscore         fbcnet      single_sub-038_ses03-to-ses02 seed=2 acc=0.5450 (ntr=160 nval=40 nte=200)
2026-06-09 04:57:17 | INFO    | train_session_alignment | [align] session_zscore         fbcnet      single_sub-039_ses01-to-ses02 seed=2 acc=0.5000 (ntr=160 nval=40 nte=200)
2026-06-09 04:57:30 | INFO    | train_session_alignment | [align] session_zscore         fbcnet      single_sub-039_ses01-to-ses03 seed=2 acc=0.5500 (ntr=160 nval=40 nte=200)
2026-06-09 04:57:34 | INFO    | train_session_alignment | [align] session_zscore         fbcnet      single_sub-039_ses02-to-ses01 seed=2 acc=0.4850 (ntr=160 nval=40 nte=200)
2026-06-09 04:57:38 | INFO    | train_session_alignment | [align] session_zscore         fbcnet      single_sub-039_ses02-to-ses03 seed=2 acc=0.6250 (ntr=160 nval=40 nte=200)
2026-06-09 04:57:48 | INFO    | train_session_alignment | [align] session_zscore         fbcnet      single_sub-039_ses03-to-ses01 seed=2 acc=0.4950 (ntr=160 nval=40 nte=200)
2026-06-09 04:57:57 | INFO    | train_session_alignment | [align] session_zscore         fbcnet      single_sub-039_ses03-to-ses02 seed=2 acc=0.5700 (ntr=160 nval=40 nte=200)
2026-06-09 04:58:11 | INFO    | train_session_alignment | [align] session_zscore         fbcnet      single_sub-040_ses01-to-ses02 seed=2 acc=0.5800 (ntr=160 nval=40 nte=200)
2026-06-09 04:58:25 | INFO    | train_session_alignment | [align] session_zscore         fbcnet      single_sub-040_ses01-to-ses03 seed=2 acc=0.6950 (ntr=160 nval=40 nte=200)
2026-06-09 04:58:29 | INFO    | train_session_alignment | [align] session_zscore         fbcnet      single_sub-040_ses02-to-ses01 seed=2 acc=0.5650 (ntr=160 nval=40 nte=200)
2026-06-09 04:58:34 | INFO    | train_session_alignment | [align] session_zscore         fbcnet      single_sub-040_ses02-to-ses03 seed=2 acc=0.5450 (ntr=160 nval=40 nte=200)
2026-06-09 04:58:45 | INFO    | train_session_alignment | [align] session_zscore         fbcnet      single_sub-040_ses03-to-ses01 seed=2 acc=0.7550 (ntr=160 nval=40 nte=200)
2026-06-09 04:58:57 | INFO    | train_session_alignment | [align] session_zscore         fbcnet      single_sub-040_ses03-to-ses02 seed=2 acc=0.6900 (ntr=160 nval=40 nte=200)
2026-06-09 04:59:05 | INFO    | train_session_alignment | [align] session_zscore         fbcnet      single_sub-041_ses01-to-ses02 seed=2 acc=0.6700 (ntr=160 nval=40 nte=200)
2026-06-09 04:59:13 | INFO    | train_session_alignment | [align] session_zscore         fbcnet      single_sub-041_ses01-to-ses03 seed=2 acc=0.6850 (ntr=160 nval=40 nte=200)
2026-06-09 04:59:24 | INFO    | train_session_alignment | [align] session_zscore         fbcnet      single_sub-041_ses02-to-ses01 seed=2 acc=0.7150 (ntr=160 nval=40 nte=200)
2026-06-09 04:59:36 | INFO    | train_session_alignment | [align] session_zscore         fbcnet      single_sub-041_ses02-to-ses03 seed=2 acc=0.8900 (ntr=160 nval=40 nte=200)
2026-06-09 04:59:40 | INFO    | train_session_alignment | [align] session_zscore         fbcnet      single_sub-041_ses03-to-ses01 seed=2 acc=0.6650 (ntr=160 nval=40 nte=200)
2026-06-09 04:59:45 | INFO    | train_session_alignment | [align] session_zscore         fbcnet      single_sub-041_ses03-to-ses02 seed=2 acc=0.7350 (ntr=160 nval=40 nte=200)
2026-06-09 04:59:52 | INFO    | train_session_alignment | [align] session_zscore         fbcnet      single_sub-042_ses01-to-ses02 seed=2 acc=0.6450 (ntr=160 nval=40 nte=200)
2026-06-09 04:59:59 | INFO    | train_session_alignment | [align] session_zscore         fbcnet      single_sub-042_ses01-to-ses03 seed=2 acc=0.5250 (ntr=160 nval=40 nte=200)
2026-06-09 05:00:03 | INFO    | train_session_alignment | [align] session_zscore         fbcnet      single_sub-042_ses02-to-ses01 seed=2 acc=0.5650 (ntr=160 nval=40 nte=200)
2026-06-09 05:00:07 | INFO    | train_session_alignment | [align] session_zscore         fbcnet      single_sub-042_ses02-to-ses03 seed=2 acc=0.6050 (ntr=160 nval=40 nte=200)
2026-06-09 05:00:12 | INFO    | train_session_alignment | [align] session_zscore         fbcnet      single_sub-042_ses03-to-ses01 seed=2 acc=0.5450 (ntr=160 nval=40 nte=200)
2026-06-09 05:00:16 | INFO    | train_session_alignment | [align] session_zscore         fbcnet      single_sub-042_ses03-to-ses02 seed=2 acc=0.5550 (ntr=160 nval=40 nte=200)
2026-06-09 05:00:26 | INFO    | train_session_alignment | [align] session_zscore         fbcnet      single_sub-043_ses01-to-ses02 seed=2 acc=0.8650 (ntr=160 nval=40 nte=200)
2026-06-09 05:00:36 | INFO    | train_session_alignment | [align] session_zscore         fbcnet      single_sub-043_ses01-to-ses03 seed=2 acc=0.9800 (ntr=160 nval=40 nte=200)
2026-06-09 05:00:51 | INFO    | train_session_alignment | [align] session_zscore         fbcnet      single_sub-043_ses02-to-ses01 seed=2 acc=0.9500 (ntr=160 nval=40 nte=200)
2026-06-09 05:01:07 | INFO    | train_session_alignment | [align] session_zscore         fbcnet      single_sub-043_ses02-to-ses03 seed=2 acc=0.9650 (ntr=160 nval=40 nte=200)
2026-06-09 05:01:22 | INFO    | train_session_alignment | [align] session_zscore         fbcnet      single_sub-043_ses03-to-ses01 seed=2 acc=0.9750 (ntr=160 nval=40 nte=200)
2026-06-09 05:01:37 | INFO    | train_session_alignment | [align] session_zscore         fbcnet      single_sub-043_ses03-to-ses02 seed=2 acc=0.8900 (ntr=160 nval=40 nte=200)
2026-06-09 05:01:42 | INFO    | train_session_alignment | [align] session_zscore         fbcnet      single_sub-044_ses01-to-ses02 seed=2 acc=0.5550 (ntr=160 nval=40 nte=200)
2026-06-09 05:01:46 | INFO    | train_session_alignment | [align] session_zscore         fbcnet      single_sub-044_ses01-to-ses03 seed=2 acc=0.5550 (ntr=160 nval=40 nte=200)
2026-06-09 05:01:51 | INFO    | train_session_alignment | [align] session_zscore         fbcnet      single_sub-044_ses02-to-ses01 seed=2 acc=0.4950 (ntr=160 nval=40 nte=200)
2026-06-09 05:01:56 | INFO    | train_session_alignment | [align] session_zscore         fbcnet      single_sub-044_ses02-to-ses03 seed=2 acc=0.5300 (ntr=160 nval=40 nte=200)
2026-06-09 05:02:03 | INFO    | train_session_alignment | [align] session_zscore         fbcnet      single_sub-044_ses03-to-ses01 seed=2 acc=0.5750 (ntr=160 nval=40 nte=200)
2026-06-09 05:02:09 | INFO    | train_session_alignment | [align] session_zscore         fbcnet      single_sub-044_ses03-to-ses02 seed=2 acc=0.5600 (ntr=160 nval=40 nte=200)
2026-06-09 05:02:17 | INFO    | train_session_alignment | [align] session_zscore         fbcnet      single_sub-045_ses01-to-ses02 seed=2 acc=0.6850 (ntr=160 nval=40 nte=200)
2026-06-09 05:02:24 | INFO    | train_session_alignment | [align] session_zscore         fbcnet      single_sub-045_ses01-to-ses03 seed=2 acc=0.7850 (ntr=160 nval=40 nte=200)
2026-06-09 05:02:30 | INFO    | train_session_alignment | [align] session_zscore         fbcnet      single_sub-045_ses02-to-ses01 seed=2 acc=0.7250 (ntr=160 nval=40 nte=200)
2026-06-09 05:02:35 | INFO    | train_session_alignment | [align] session_zscore         fbcnet      single_sub-045_ses02-to-ses03 seed=2 acc=0.6900 (ntr=160 nval=40 nte=200)
2026-06-09 05:02:44 | INFO    | train_session_alignment | [align] session_zscore         fbcnet      single_sub-045_ses03-to-ses01 seed=2 acc=0.7150 (ntr=160 nval=40 nte=200)
2026-06-09 05:02:52 | INFO    | train_session_alignment | [align] session_zscore         fbcnet      single_sub-045_ses03-to-ses02 seed=2 acc=0.5150 (ntr=160 nval=40 nte=200)
2026-06-09 05:03:07 | INFO    | train_session_alignment | [align] session_zscore         fbcnet      single_sub-046_ses01-to-ses02 seed=2 acc=0.9500 (ntr=160 nval=40 nte=200)
2026-06-09 05:03:22 | INFO    | train_session_alignment | [align] session_zscore         fbcnet      single_sub-046_ses01-to-ses03 seed=2 acc=0.9650 (ntr=160 nval=40 nte=200)
2026-06-09 05:03:38 | INFO    | train_session_alignment | [align] session_zscore         fbcnet      single_sub-046_ses02-to-ses01 seed=2 acc=0.9550 (ntr=160 nval=40 nte=200)
2026-06-09 05:03:53 | INFO    | train_session_alignment | [align] session_zscore         fbcnet      single_sub-046_ses02-to-ses03 seed=2 acc=0.9250 (ntr=160 nval=40 nte=200)
2026-06-09 05:04:09 | INFO    | train_session_alignment | [align] session_zscore         fbcnet      single_sub-046_ses03-to-ses01 seed=2 acc=0.7800 (ntr=160 nval=40 nte=200)
2026-06-09 05:04:24 | INFO    | train_session_alignment | [align] session_zscore         fbcnet      single_sub-046_ses03-to-ses02 seed=2 acc=0.9550 (ntr=160 nval=40 nte=200)
2026-06-09 05:04:29 | INFO    | train_session_alignment | [align] session_zscore         fbcnet      single_sub-047_ses01-to-ses02 seed=2 acc=0.7050 (ntr=160 nval=40 nte=200)
2026-06-09 05:04:34 | INFO    | train_session_alignment | [align] session_zscore         fbcnet      single_sub-047_ses01-to-ses03 seed=2 acc=0.6900 (ntr=160 nval=40 nte=200)
2026-06-09 05:04:46 | INFO    | train_session_alignment | [align] session_zscore         fbcnet      single_sub-047_ses02-to-ses01 seed=2 acc=0.6900 (ntr=160 nval=40 nte=200)
2026-06-09 05:05:00 | INFO    | train_session_alignment | [align] session_zscore         fbcnet      single_sub-047_ses02-to-ses03 seed=2 acc=0.7800 (ntr=160 nval=40 nte=200)
2026-06-09 05:05:13 | INFO    | train_session_alignment | [align] session_zscore         fbcnet      single_sub-047_ses03-to-ses01 seed=2 acc=0.7950 (ntr=160 nval=40 nte=200)
2026-06-09 05:05:27 | INFO    | train_session_alignment | [align] session_zscore         fbcnet      single_sub-047_ses03-to-ses02 seed=2 acc=0.6500 (ntr=160 nval=40 nte=200)
2026-06-09 05:05:31 | INFO    | train_session_alignment | [align] session_zscore         fbcnet      single_sub-048_ses01-to-ses02 seed=2 acc=0.5800 (ntr=160 nval=40 nte=200)
2026-06-09 05:05:36 | INFO    | train_session_alignment | [align] session_zscore         fbcnet      single_sub-048_ses01-to-ses03 seed=2 acc=0.5450 (ntr=160 nval=40 nte=200)
2026-06-09 05:05:43 | INFO    | train_session_alignment | [align] session_zscore         fbcnet      single_sub-048_ses02-to-ses01 seed=2 acc=0.5400 (ntr=160 nval=40 nte=200)
2026-06-09 05:05:51 | INFO    | train_session_alignment | [align] session_zscore         fbcnet      single_sub-048_ses02-to-ses03 seed=2 acc=0.5450 (ntr=160 nval=40 nte=200)
2026-06-09 05:06:02 | INFO    | train_session_alignment | [align] session_zscore         fbcnet      single_sub-048_ses03-to-ses01 seed=2 acc=0.5050 (ntr=160 nval=40 nte=200)
2026-06-09 05:06:14 | INFO    | train_session_alignment | [align] session_zscore         fbcnet      single_sub-048_ses03-to-ses02 seed=2 acc=0.5500 (ntr=160 nval=40 nte=200)
2026-06-09 05:06:23 | INFO    | train_session_alignment | [align] session_zscore         fbcnet      single_sub-049_ses01-to-ses02 seed=2 acc=0.5850 (ntr=160 nval=40 nte=200)
2026-06-09 05:06:33 | INFO    | train_session_alignment | [align] session_zscore         fbcnet      single_sub-049_ses01-to-ses03 seed=2 acc=0.5650 (ntr=160 nval=40 nte=200)
2026-06-09 05:06:42 | INFO    | train_session_alignment | [align] session_zscore         fbcnet      single_sub-049_ses02-to-ses01 seed=2 acc=0.7550 (ntr=160 nval=40 nte=200)
2026-06-09 05:06:51 | INFO    | train_session_alignment | [align] session_zscore         fbcnet      single_sub-049_ses02-to-ses03 seed=2 acc=0.8100 (ntr=160 nval=40 nte=200)
2026-06-09 05:07:00 | INFO    | train_session_alignment | [align] session_zscore         fbcnet      single_sub-049_ses03-to-ses01 seed=2 acc=0.7200 (ntr=160 nval=40 nte=200)
2026-06-09 05:07:09 | INFO    | train_session_alignment | [align] session_zscore         fbcnet      single_sub-049_ses03-to-ses02 seed=2 acc=0.5000 (ntr=160 nval=40 nte=200)
2026-06-09 05:07:16 | INFO    | train_session_alignment | [align] session_zscore         fbcnet      single_sub-050_ses01-to-ses02 seed=2 acc=0.7900 (ntr=160 nval=40 nte=200)
2026-06-09 05:07:22 | INFO    | train_session_alignment | [align] session_zscore         fbcnet      single_sub-050_ses01-to-ses03 seed=2 acc=0.7400 (ntr=160 nval=40 nte=200)
2026-06-09 05:07:37 | INFO    | train_session_alignment | [align] session_zscore         fbcnet      single_sub-050_ses02-to-ses01 seed=2 acc=0.7050 (ntr=160 nval=40 nte=200)
2026-06-09 05:07:53 | INFO    | train_session_alignment | [align] session_zscore         fbcnet      single_sub-050_ses02-to-ses03 seed=2 acc=0.8700 (ntr=160 nval=40 nte=200)
2026-06-09 05:08:00 | INFO    | train_session_alignment | [align] session_zscore         fbcnet      single_sub-050_ses03-to-ses01 seed=2 acc=0.7650 (ntr=160 nval=40 nte=200)
2026-06-09 05:08:06 | INFO    | train_session_alignment | [align] session_zscore         fbcnet      single_sub-050_ses03-to-ses02 seed=2 acc=0.8600 (ntr=160 nval=40 nte=200)
2026-06-09 05:08:18 | INFO    | train_session_alignment | [align] session_zscore         fbcnet      single_sub-051_ses01-to-ses02 seed=2 acc=0.6800 (ntr=160 nval=40 nte=200)
2026-06-09 05:08:29 | INFO    | train_session_alignment | [align] session_zscore         fbcnet      single_sub-051_ses01-to-ses03 seed=2 acc=0.5800 (ntr=160 nval=40 nte=200)
2026-06-09 05:08:41 | INFO    | train_session_alignment | [align] session_zscore         fbcnet      single_sub-051_ses02-to-ses01 seed=2 acc=0.5000 (ntr=160 nval=40 nte=200)
2026-06-09 05:08:53 | INFO    | train_session_alignment | [align] session_zscore         fbcnet      single_sub-051_ses02-to-ses03 seed=2 acc=0.8200 (ntr=160 nval=40 nte=200)
2026-06-09 05:09:00 | INFO    | train_session_alignment | [align] session_zscore         fbcnet      single_sub-051_ses03-to-ses01 seed=2 acc=0.6050 (ntr=160 nval=40 nte=200)
2026-06-09 05:09:08 | INFO    | train_session_alignment | [align] session_zscore         fbcnet      single_sub-051_ses03-to-ses02 seed=2 acc=0.8600 (ntr=160 nval=40 nte=200)
2026-06-09 05:09:19 | INFO    | train_session_alignment | [align] session_zscore         fbcnet      multi_sub-001_ses01ses02-to-ses03 seed=2 acc=0.8550 (ntr=320 nval=80 nte=200)
2026-06-09 05:09:23 | INFO    | train_session_alignment | [align] session_zscore         fbcnet      multi_sub-002_ses01ses02-to-ses03 seed=2 acc=0.5700 (ntr=320 nval=80 nte=200)
2026-06-09 05:09:37 | INFO    | train_session_alignment | [align] session_zscore         fbcnet      multi_sub-003_ses01ses02-to-ses03 seed=2 acc=0.8550 (ntr=320 nval=80 nte=200)
2026-06-09 05:09:43 | INFO    | train_session_alignment | [align] session_zscore         fbcnet      multi_sub-004_ses01ses02-to-ses03 seed=2 acc=0.5800 (ntr=320 nval=80 nte=200)
2026-06-09 05:09:50 | INFO    | train_session_alignment | [align] session_zscore         fbcnet      multi_sub-005_ses01ses02-to-ses03 seed=2 acc=0.6700 (ntr=320 nval=80 nte=200)
2026-06-09 05:10:01 | INFO    | train_session_alignment | [align] session_zscore         fbcnet      multi_sub-006_ses01ses02-to-ses03 seed=2 acc=0.9400 (ntr=320 nval=80 nte=200)
2026-06-09 05:10:15 | INFO    | train_session_alignment | [align] session_zscore         fbcnet      multi_sub-007_ses01ses02-to-ses03 seed=2 acc=0.6150 (ntr=320 nval=80 nte=200)
2026-06-09 05:10:26 | INFO    | train_session_alignment | [align] session_zscore         fbcnet      multi_sub-008_ses01ses02-to-ses03 seed=2 acc=0.5850 (ntr=320 nval=80 nte=200)
2026-06-09 05:10:31 | INFO    | train_session_alignment | [align] session_zscore         fbcnet      multi_sub-009_ses01ses02-to-ses03 seed=2 acc=0.5250 (ntr=320 nval=80 nte=200)
2026-06-09 05:10:39 | INFO    | train_session_alignment | [align] session_zscore         fbcnet      multi_sub-010_ses01ses02-to-ses03 seed=2 acc=0.6150 (ntr=320 nval=80 nte=200)
2026-06-09 05:10:52 | INFO    | train_session_alignment | [align] session_zscore         fbcnet      multi_sub-011_ses01ses02-to-ses03 seed=2 acc=0.6300 (ntr=320 nval=80 nte=200)
2026-06-09 05:10:58 | INFO    | train_session_alignment | [align] session_zscore         fbcnet      multi_sub-012_ses01ses02-to-ses03 seed=2 acc=0.4900 (ntr=320 nval=80 nte=200)
2026-06-09 05:11:06 | INFO    | train_session_alignment | [align] session_zscore         fbcnet      multi_sub-013_ses01ses02-to-ses03 seed=2 acc=0.5450 (ntr=320 nval=80 nte=200)
2026-06-09 05:11:11 | INFO    | train_session_alignment | [align] session_zscore         fbcnet      multi_sub-014_ses01ses02-to-ses03 seed=2 acc=0.5250 (ntr=320 nval=80 nte=200)
2026-06-09 05:11:18 | INFO    | train_session_alignment | [align] session_zscore         fbcnet      multi_sub-015_ses01ses02-to-ses03 seed=2 acc=0.5350 (ntr=320 nval=80 nte=200)
2026-06-09 05:11:23 | INFO    | train_session_alignment | [align] session_zscore         fbcnet      multi_sub-016_ses01ses02-to-ses03 seed=2 acc=0.5050 (ntr=320 nval=80 nte=200)
2026-06-09 05:11:31 | INFO    | train_session_alignment | [align] session_zscore         fbcnet      multi_sub-017_ses01ses02-to-ses03 seed=2 acc=0.6250 (ntr=320 nval=80 nte=200)
2026-06-09 05:11:37 | INFO    | train_session_alignment | [align] session_zscore         fbcnet      multi_sub-018_ses01ses02-to-ses03 seed=2 acc=0.6000 (ntr=320 nval=80 nte=200)
2026-06-09 05:11:45 | INFO    | train_session_alignment | [align] session_zscore         fbcnet      multi_sub-019_ses01ses02-to-ses03 seed=2 acc=0.5050 (ntr=320 nval=80 nte=200)
2026-06-09 05:12:03 | INFO    | train_session_alignment | [align] session_zscore         fbcnet      multi_sub-020_ses01ses02-to-ses03 seed=2 acc=0.4350 (ntr=320 nval=80 nte=200)
2026-06-09 05:12:10 | INFO    | train_session_alignment | [align] session_zscore         fbcnet      multi_sub-021_ses01ses02-to-ses03 seed=2 acc=0.5600 (ntr=320 nval=80 nte=200)
2026-06-09 05:12:16 | INFO    | train_session_alignment | [align] session_zscore         fbcnet      multi_sub-022_ses01ses02-to-ses03 seed=2 acc=0.5350 (ntr=320 nval=80 nte=200)
2026-06-09 05:12:27 | INFO    | train_session_alignment | [align] session_zscore         fbcnet      multi_sub-025_ses01ses02-to-ses03 seed=2 acc=0.5900 (ntr=320 nval=80 nte=200)
2026-06-09 05:12:33 | INFO    | train_session_alignment | [align] session_zscore         fbcnet      multi_sub-027_ses01ses02-to-ses03 seed=2 acc=0.5650 (ntr=320 nval=80 nte=200)
2026-06-09 05:12:43 | INFO    | train_session_alignment | [align] session_zscore         fbcnet      multi_sub-028_ses01ses02-to-ses03 seed=2 acc=0.5300 (ntr=320 nval=80 nte=200)
2026-06-09 05:12:56 | INFO    | train_session_alignment | [align] session_zscore         fbcnet      multi_sub-029_ses01ses02-to-ses03 seed=2 acc=0.8550 (ntr=320 nval=80 nte=200)
2026-06-09 05:13:07 | INFO    | train_session_alignment | [align] session_zscore         fbcnet      multi_sub-030_ses01ses02-to-ses03 seed=2 acc=0.5000 (ntr=320 nval=80 nte=200)
2026-06-09 05:13:16 | INFO    | train_session_alignment | [align] session_zscore         fbcnet      multi_sub-031_ses01ses02-to-ses03 seed=2 acc=0.5950 (ntr=320 nval=80 nte=200)
2026-06-09 05:13:27 | INFO    | train_session_alignment | [align] session_zscore         fbcnet      multi_sub-033_ses01ses02-to-ses03 seed=2 acc=0.8650 (ntr=320 nval=80 nte=200)
2026-06-09 05:13:35 | INFO    | train_session_alignment | [align] session_zscore         fbcnet      multi_sub-034_ses01ses02-to-ses03 seed=2 acc=0.5200 (ntr=320 nval=80 nte=200)
2026-06-09 05:13:49 | INFO    | train_session_alignment | [align] session_zscore         fbcnet      multi_sub-035_ses01ses02-to-ses03 seed=2 acc=0.9100 (ntr=320 nval=80 nte=200)
2026-06-09 05:13:58 | INFO    | train_session_alignment | [align] session_zscore         fbcnet      multi_sub-036_ses01ses02-to-ses03 seed=2 acc=0.9400 (ntr=320 nval=80 nte=200)
2026-06-09 05:14:09 | INFO    | train_session_alignment | [align] session_zscore         fbcnet      multi_sub-037_ses01ses02-to-ses03 seed=2 acc=0.7150 (ntr=320 nval=80 nte=200)
2026-06-09 05:14:13 | INFO    | train_session_alignment | [align] session_zscore         fbcnet      multi_sub-038_ses01ses02-to-ses03 seed=2 acc=0.5000 (ntr=320 nval=80 nte=200)
2026-06-09 05:14:19 | INFO    | train_session_alignment | [align] session_zscore         fbcnet      multi_sub-039_ses01ses02-to-ses03 seed=2 acc=0.6450 (ntr=320 nval=80 nte=200)
2026-06-09 05:14:29 | INFO    | train_session_alignment | [align] session_zscore         fbcnet      multi_sub-040_ses01ses02-to-ses03 seed=2 acc=0.7000 (ntr=320 nval=80 nte=200)
2026-06-09 05:14:38 | INFO    | train_session_alignment | [align] session_zscore         fbcnet      multi_sub-041_ses01ses02-to-ses03 seed=2 acc=0.8850 (ntr=320 nval=80 nte=200)
2026-06-09 05:14:48 | INFO    | train_session_alignment | [align] session_zscore         fbcnet      multi_sub-042_ses01ses02-to-ses03 seed=2 acc=0.5350 (ntr=320 nval=80 nte=200)
2026-06-09 05:14:58 | INFO    | train_session_alignment | [align] session_zscore         fbcnet      multi_sub-043_ses01ses02-to-ses03 seed=2 acc=0.9950 (ntr=320 nval=80 nte=200)
2026-06-09 05:15:03 | INFO    | train_session_alignment | [align] session_zscore         fbcnet      multi_sub-044_ses01ses02-to-ses03 seed=2 acc=0.5600 (ntr=320 nval=80 nte=200)
2026-06-09 05:15:09 | INFO    | train_session_alignment | [align] session_zscore         fbcnet      multi_sub-045_ses01ses02-to-ses03 seed=2 acc=0.6950 (ntr=320 nval=80 nte=200)
2026-06-09 05:15:19 | INFO    | train_session_alignment | [align] session_zscore         fbcnet      multi_sub-046_ses01ses02-to-ses03 seed=2 acc=0.9550 (ntr=320 nval=80 nte=200)
2026-06-09 05:15:27 | INFO    | train_session_alignment | [align] session_zscore         fbcnet      multi_sub-047_ses01ses02-to-ses03 seed=2 acc=0.7400 (ntr=320 nval=80 nte=200)
2026-06-09 05:15:34 | INFO    | train_session_alignment | [align] session_zscore         fbcnet      multi_sub-048_ses01ses02-to-ses03 seed=2 acc=0.6250 (ntr=320 nval=80 nte=200)
2026-06-09 05:15:43 | INFO    | train_session_alignment | [align] session_zscore         fbcnet      multi_sub-049_ses01ses02-to-ses03 seed=2 acc=0.7700 (ntr=320 nval=80 nte=200)
2026-06-09 05:15:54 | INFO    | train_session_alignment | [align] session_zscore         fbcnet      multi_sub-050_ses01ses02-to-ses03 seed=2 acc=0.8700 (ntr=320 nval=80 nte=200)
2026-06-09 05:16:05 | INFO    | train_session_alignment | [align] session_zscore         fbcnet      multi_sub-051_ses01ses02-to-ses03 seed=2 acc=0.7500 (ntr=320 nval=80 nte=200)
2026-06-09 05:16:05 | INFO    | train_session_alignment | ALL DONE in 2848.9s | rows=335 ok=335 failed=0 | out=/share/home/yuan/SYX/eeg-mi-online/outputs/experiments/alignment_baseline_v1
Done: Tue Jun  9 05:16:06 CST 2026
