Project: /share/home/yuan/SYX/eeg-mi-online
Env    : mi_torch_cu118
Args   : --methods riemannian_alignment --models eegnet --seeds 0 --protocols single,multi --tag-suffix riemannian_alignment_eegnet_s0
Node   : gpu01 | Start: Tue Jun  9 07:45:18 CST 2026
Tue Jun  9 07:45:18 2026       
+-----------------------------------------------------------------------------------------+
| NVIDIA-SMI 570.153.02             Driver Version: 570.153.02     CUDA Version: 12.8     |
|-----------------------------------------+------------------------+----------------------+
| GPU  Name                 Persistence-M | Bus-Id          Disp.A | Volatile Uncorr. ECC |
| Fan  Temp   Perf          Pwr:Usage/Cap |           Memory-Usage | GPU-Util  Compute M. |
|                                         |                        |               MIG M. |
|=========================================+========================+======================|
|   0  NVIDIA GeForce RTX 4090 D      On  |   00000000:01:00.0 Off |                  Off |
| 39%   45C    P0             50W /  425W |       1MiB /  24564MiB |      0%      Default |
|                                         |                        |                  N/A |
+-----------------------------------------+------------------------+----------------------+
                                                                                         
+-----------------------------------------------------------------------------------------+
| Processes:                                                                              |
|  GPU   GI   CI              PID   Type   Process name                        GPU Memory |
|        ID   ID                                                               Usage      |
|=========================================================================================|
|  No running processes found                                                             |
+-----------------------------------------------------------------------------------------+
[cuda-check] torch=2.7.1+cu118 cuda_build=11.8 cuda_avail=True
2026-06-09 07:45:21 | INFO    | train_session_alignment | device=cuda | cuda={'torch': '2.7.1+cu118', 'cuda_build': '11.8', 'cuda_available': True, 'device': 'cuda', 'device_name': 'NVIDIA GeForce RTX 4090 D'}
2026-06-09 07:45:21 | INFO    | train_session_alignment | loaded 148 ok sessions | methods=['riemannian_alignment'] | models=['eegnet'] | seeds=[0] | groups=['single', 'multi'] | tasks=335
2026-06-09 07:45:28 | INFO    | train_session_alignment | [align] riemannian_alignment   eegnet      single_sub-001_ses01-to-ses02 seed=0 acc=0.6400 (ntr=160 nval=40 nte=200)
2026-06-09 07:45:33 | INFO    | train_session_alignment | [align] riemannian_alignment   eegnet      single_sub-001_ses01-to-ses03 seed=0 acc=0.6900 (ntr=160 nval=40 nte=200)
2026-06-09 07:45:50 | INFO    | train_session_alignment | [align] riemannian_alignment   eegnet      single_sub-001_ses02-to-ses01 seed=0 acc=0.7250 (ntr=160 nval=40 nte=200)
2026-06-09 07:46:08 | INFO    | train_session_alignment | [align] riemannian_alignment   eegnet      single_sub-001_ses02-to-ses03 seed=0 acc=0.9850 (ntr=160 nval=40 nte=200)
2026-06-09 07:46:22 | INFO    | train_session_alignment | [align] riemannian_alignment   eegnet      single_sub-001_ses03-to-ses01 seed=0 acc=0.7700 (ntr=160 nval=40 nte=200)
2026-06-09 07:46:36 | INFO    | train_session_alignment | [align] riemannian_alignment   eegnet      single_sub-001_ses03-to-ses02 seed=0 acc=0.9600 (ntr=160 nval=40 nte=200)
2026-06-09 07:46:41 | INFO    | train_session_alignment | [align] riemannian_alignment   eegnet      single_sub-002_ses01-to-ses02 seed=0 acc=0.5850 (ntr=160 nval=40 nte=200)
2026-06-09 07:46:47 | INFO    | train_session_alignment | [align] riemannian_alignment   eegnet      single_sub-002_ses01-to-ses03 seed=0 acc=0.6300 (ntr=160 nval=40 nte=200)
2026-06-09 07:46:52 | INFO    | train_session_alignment | [align] riemannian_alignment   eegnet      single_sub-002_ses02-to-ses01 seed=0 acc=0.6100 (ntr=160 nval=40 nte=200)
2026-06-09 07:46:58 | INFO    | train_session_alignment | [align] riemannian_alignment   eegnet      single_sub-002_ses02-to-ses03 seed=0 acc=0.6450 (ntr=160 nval=40 nte=200)
2026-06-09 07:47:03 | INFO    | train_session_alignment | [align] riemannian_alignment   eegnet      single_sub-002_ses03-to-ses01 seed=0 acc=0.6050 (ntr=160 nval=40 nte=200)
2026-06-09 07:47:09 | INFO    | train_session_alignment | [align] riemannian_alignment   eegnet      single_sub-002_ses03-to-ses02 seed=0 acc=0.5450 (ntr=160 nval=40 nte=200)
2026-06-09 07:47:22 | INFO    | train_session_alignment | [align] riemannian_alignment   eegnet      single_sub-003_ses01-to-ses02 seed=0 acc=0.7300 (ntr=160 nval=40 nte=200)
2026-06-09 07:47:36 | INFO    | train_session_alignment | [align] riemannian_alignment   eegnet      single_sub-003_ses01-to-ses03 seed=0 acc=0.8500 (ntr=160 nval=40 nte=200)
2026-06-09 07:47:52 | INFO    | train_session_alignment | [align] riemannian_alignment   eegnet      single_sub-003_ses02-to-ses01 seed=0 acc=0.8600 (ntr=160 nval=40 nte=200)
2026-06-09 07:48:09 | INFO    | train_session_alignment | [align] riemannian_alignment   eegnet      single_sub-003_ses02-to-ses03 seed=0 acc=0.8500 (ntr=160 nval=40 nte=200)
2026-06-09 07:48:17 | INFO    | train_session_alignment | [align] riemannian_alignment   eegnet      single_sub-003_ses03-to-ses01 seed=0 acc=0.6150 (ntr=160 nval=40 nte=200)
2026-06-09 07:48:25 | INFO    | train_session_alignment | [align] riemannian_alignment   eegnet      single_sub-003_ses03-to-ses02 seed=0 acc=0.5950 (ntr=160 nval=40 nte=200)
2026-06-09 07:48:31 | INFO    | train_session_alignment | [align] riemannian_alignment   eegnet      single_sub-004_ses01-to-ses02 seed=0 acc=0.5050 (ntr=160 nval=40 nte=200)
2026-06-09 07:48:37 | INFO    | train_session_alignment | [align] riemannian_alignment   eegnet      single_sub-004_ses01-to-ses03 seed=0 acc=0.5150 (ntr=160 nval=40 nte=200)
2026-06-09 07:48:42 | INFO    | train_session_alignment | [align] riemannian_alignment   eegnet      single_sub-004_ses02-to-ses01 seed=0 acc=0.4400 (ntr=160 nval=40 nte=200)
2026-06-09 07:48:47 | INFO    | train_session_alignment | [align] riemannian_alignment   eegnet      single_sub-004_ses02-to-ses03 seed=0 acc=0.4050 (ntr=160 nval=40 nte=200)
2026-06-09 07:48:53 | INFO    | train_session_alignment | [align] riemannian_alignment   eegnet      single_sub-004_ses03-to-ses01 seed=0 acc=0.4500 (ntr=160 nval=40 nte=200)
2026-06-09 07:48:59 | INFO    | train_session_alignment | [align] riemannian_alignment   eegnet      single_sub-004_ses03-to-ses02 seed=0 acc=0.5550 (ntr=160 nval=40 nte=200)
2026-06-09 07:49:09 | INFO    | train_session_alignment | [align] riemannian_alignment   eegnet      single_sub-005_ses01-to-ses02 seed=0 acc=0.8600 (ntr=160 nval=40 nte=200)
2026-06-09 07:49:19 | INFO    | train_session_alignment | [align] riemannian_alignment   eegnet      single_sub-005_ses01-to-ses03 seed=0 acc=0.7850 (ntr=160 nval=40 nte=200)
2026-06-09 07:49:26 | INFO    | train_session_alignment | [align] riemannian_alignment   eegnet      single_sub-005_ses02-to-ses01 seed=0 acc=0.8350 (ntr=160 nval=40 nte=200)
2026-06-09 07:49:32 | INFO    | train_session_alignment | [align] riemannian_alignment   eegnet      single_sub-005_ses02-to-ses03 seed=0 acc=0.6950 (ntr=160 nval=40 nte=200)
2026-06-09 07:49:39 | INFO    | train_session_alignment | [align] riemannian_alignment   eegnet      single_sub-005_ses03-to-ses01 seed=0 acc=0.8250 (ntr=160 nval=40 nte=200)
2026-06-09 07:49:46 | INFO    | train_session_alignment | [align] riemannian_alignment   eegnet      single_sub-005_ses03-to-ses02 seed=0 acc=0.7900 (ntr=160 nval=40 nte=200)
2026-06-09 07:50:03 | INFO    | train_session_alignment | [align] riemannian_alignment   eegnet      single_sub-006_ses01-to-ses02 seed=0 acc=0.8800 (ntr=160 nval=40 nte=200)
2026-06-09 07:50:21 | INFO    | train_session_alignment | [align] riemannian_alignment   eegnet      single_sub-006_ses01-to-ses03 seed=0 acc=0.9700 (ntr=160 nval=40 nte=200)
2026-06-09 07:50:28 | INFO    | train_session_alignment | [align] riemannian_alignment   eegnet      single_sub-006_ses02-to-ses01 seed=0 acc=0.8450 (ntr=160 nval=40 nte=200)
2026-06-09 07:50:35 | INFO    | train_session_alignment | [align] riemannian_alignment   eegnet      single_sub-006_ses02-to-ses03 seed=0 acc=0.9000 (ntr=160 nval=40 nte=200)
2026-06-09 07:50:43 | INFO    | train_session_alignment | [align] riemannian_alignment   eegnet      single_sub-006_ses03-to-ses01 seed=0 acc=0.8750 (ntr=160 nval=40 nte=200)
2026-06-09 07:50:52 | INFO    | train_session_alignment | [align] riemannian_alignment   eegnet      single_sub-006_ses03-to-ses02 seed=0 acc=0.8550 (ntr=160 nval=40 nte=200)
2026-06-09 07:50:57 | INFO    | train_session_alignment | [align] riemannian_alignment   eegnet      single_sub-007_ses01-to-ses02 seed=0 acc=0.7900 (ntr=160 nval=40 nte=200)
2026-06-09 07:51:03 | INFO    | train_session_alignment | [align] riemannian_alignment   eegnet      single_sub-007_ses01-to-ses03 seed=0 acc=0.7750 (ntr=160 nval=40 nte=200)
2026-06-09 07:51:09 | INFO    | train_session_alignment | [align] riemannian_alignment   eegnet      single_sub-007_ses02-to-ses01 seed=0 acc=0.6800 (ntr=160 nval=40 nte=200)
2026-06-09 07:51:14 | INFO    | train_session_alignment | [align] riemannian_alignment   eegnet      single_sub-007_ses02-to-ses03 seed=0 acc=0.8100 (ntr=160 nval=40 nte=200)
2026-06-09 07:51:29 | INFO    | train_session_alignment | [align] riemannian_alignment   eegnet      single_sub-007_ses03-to-ses01 seed=0 acc=0.7050 (ntr=160 nval=40 nte=200)
2026-06-09 07:51:44 | INFO    | train_session_alignment | [align] riemannian_alignment   eegnet      single_sub-007_ses03-to-ses02 seed=0 acc=0.8050 (ntr=160 nval=40 nte=200)
2026-06-09 07:51:52 | INFO    | train_session_alignment | [align] riemannian_alignment   eegnet      single_sub-008_ses01-to-ses02 seed=0 acc=0.7500 (ntr=160 nval=40 nte=200)
2026-06-09 07:52:01 | INFO    | train_session_alignment | [align] riemannian_alignment   eegnet      single_sub-008_ses01-to-ses03 seed=0 acc=0.6650 (ntr=160 nval=40 nte=200)
2026-06-09 07:52:18 | INFO    | train_session_alignment | [align] riemannian_alignment   eegnet      single_sub-008_ses02-to-ses01 seed=0 acc=0.7550 (ntr=160 nval=40 nte=200)
2026-06-09 07:52:36 | INFO    | train_session_alignment | [align] riemannian_alignment   eegnet      single_sub-008_ses02-to-ses03 seed=0 acc=0.8150 (ntr=160 nval=40 nte=200)
2026-06-09 07:52:47 | INFO    | train_session_alignment | [align] riemannian_alignment   eegnet      single_sub-008_ses03-to-ses01 seed=0 acc=0.6250 (ntr=160 nval=40 nte=200)
2026-06-09 07:52:59 | INFO    | train_session_alignment | [align] riemannian_alignment   eegnet      single_sub-008_ses03-to-ses02 seed=0 acc=0.8350 (ntr=160 nval=40 nte=200)
2026-06-09 07:53:06 | INFO    | train_session_alignment | [align] riemannian_alignment   eegnet      single_sub-009_ses01-to-ses02 seed=0 acc=0.7550 (ntr=160 nval=40 nte=200)
2026-06-09 07:53:12 | INFO    | train_session_alignment | [align] riemannian_alignment   eegnet      single_sub-009_ses01-to-ses03 seed=0 acc=0.5800 (ntr=160 nval=40 nte=200)
2026-06-09 07:53:18 | INFO    | train_session_alignment | [align] riemannian_alignment   eegnet      single_sub-009_ses02-to-ses01 seed=0 acc=0.6900 (ntr=160 nval=40 nte=200)
2026-06-09 07:53:24 | INFO    | train_session_alignment | [align] riemannian_alignment   eegnet      single_sub-009_ses02-to-ses03 seed=0 acc=0.5700 (ntr=160 nval=40 nte=200)
2026-06-09 07:53:29 | INFO    | train_session_alignment | [align] riemannian_alignment   eegnet      single_sub-009_ses03-to-ses01 seed=0 acc=0.5650 (ntr=160 nval=40 nte=200)
2026-06-09 07:53:34 | INFO    | train_session_alignment | [align] riemannian_alignment   eegnet      single_sub-009_ses03-to-ses02 seed=0 acc=0.5300 (ntr=160 nval=40 nte=200)
2026-06-09 07:53:39 | INFO    | train_session_alignment | [align] riemannian_alignment   eegnet      single_sub-010_ses01-to-ses02 seed=0 acc=0.7450 (ntr=160 nval=40 nte=200)
2026-06-09 07:53:45 | INFO    | train_session_alignment | [align] riemannian_alignment   eegnet      single_sub-010_ses01-to-ses03 seed=0 acc=0.5100 (ntr=160 nval=40 nte=200)
2026-06-09 07:53:52 | INFO    | train_session_alignment | [align] riemannian_alignment   eegnet      single_sub-010_ses02-to-ses01 seed=0 acc=0.6950 (ntr=160 nval=40 nte=200)
2026-06-09 07:53:59 | INFO    | train_session_alignment | [align] riemannian_alignment   eegnet      single_sub-010_ses02-to-ses03 seed=0 acc=0.5300 (ntr=160 nval=40 nte=200)
2026-06-09 07:54:07 | INFO    | train_session_alignment | [align] riemannian_alignment   eegnet      single_sub-010_ses03-to-ses01 seed=0 acc=0.6100 (ntr=160 nval=40 nte=200)
2026-06-09 07:54:15 | INFO    | train_session_alignment | [align] riemannian_alignment   eegnet      single_sub-010_ses03-to-ses02 seed=0 acc=0.6950 (ntr=160 nval=40 nte=200)
2026-06-09 07:54:21 | INFO    | train_session_alignment | [align] riemannian_alignment   eegnet      single_sub-011_ses01-to-ses02 seed=0 acc=0.6500 (ntr=160 nval=40 nte=200)
2026-06-09 07:54:27 | INFO    | train_session_alignment | [align] riemannian_alignment   eegnet      single_sub-011_ses01-to-ses03 seed=0 acc=0.9500 (ntr=160 nval=40 nte=200)
2026-06-09 07:54:42 | INFO    | train_session_alignment | [align] riemannian_alignment   eegnet      single_sub-011_ses02-to-ses01 seed=0 acc=0.8400 (ntr=160 nval=40 nte=200)
2026-06-09 07:54:58 | INFO    | train_session_alignment | [align] riemannian_alignment   eegnet      single_sub-011_ses02-to-ses03 seed=0 acc=0.8650 (ntr=160 nval=40 nte=200)
2026-06-09 07:55:15 | INFO    | train_session_alignment | [align] riemannian_alignment   eegnet      single_sub-011_ses03-to-ses01 seed=0 acc=0.8350 (ntr=160 nval=40 nte=200)
2026-06-09 07:55:32 | INFO    | train_session_alignment | [align] riemannian_alignment   eegnet      single_sub-011_ses03-to-ses02 seed=0 acc=0.6800 (ntr=160 nval=40 nte=200)
2026-06-09 07:55:37 | INFO    | train_session_alignment | [align] riemannian_alignment   eegnet      single_sub-012_ses01-to-ses02 seed=0 acc=0.5400 (ntr=160 nval=40 nte=200)
2026-06-09 07:55:42 | INFO    | train_session_alignment | [align] riemannian_alignment   eegnet      single_sub-012_ses01-to-ses03 seed=0 acc=0.5150 (ntr=160 nval=40 nte=200)
2026-06-09 07:55:47 | INFO    | train_session_alignment | [align] riemannian_alignment   eegnet      single_sub-012_ses02-to-ses01 seed=0 acc=0.5150 (ntr=160 nval=40 nte=200)
2026-06-09 07:55:52 | INFO    | train_session_alignment | [align] riemannian_alignment   eegnet      single_sub-012_ses02-to-ses03 seed=0 acc=0.6050 (ntr=160 nval=40 nte=200)
2026-06-09 07:55:57 | INFO    | train_session_alignment | [align] riemannian_alignment   eegnet      single_sub-012_ses03-to-ses01 seed=0 acc=0.5200 (ntr=160 nval=40 nte=200)
2026-06-09 07:56:02 | INFO    | train_session_alignment | [align] riemannian_alignment   eegnet      single_sub-012_ses03-to-ses02 seed=0 acc=0.5050 (ntr=160 nval=40 nte=200)
2026-06-09 07:56:09 | INFO    | train_session_alignment | [align] riemannian_alignment   eegnet      single_sub-013_ses01-to-ses02 seed=0 acc=0.7050 (ntr=160 nval=40 nte=200)
2026-06-09 07:56:15 | INFO    | train_session_alignment | [align] riemannian_alignment   eegnet      single_sub-013_ses01-to-ses03 seed=0 acc=0.8050 (ntr=160 nval=40 nte=200)
2026-06-09 07:56:21 | INFO    | train_session_alignment | [align] riemannian_alignment   eegnet      single_sub-013_ses02-to-ses01 seed=0 acc=0.5750 (ntr=160 nval=40 nte=200)
2026-06-09 07:56:27 | INFO    | train_session_alignment | [align] riemannian_alignment   eegnet      single_sub-013_ses02-to-ses03 seed=0 acc=0.7150 (ntr=160 nval=40 nte=200)
2026-06-09 07:56:35 | INFO    | train_session_alignment | [align] riemannian_alignment   eegnet      single_sub-013_ses03-to-ses01 seed=0 acc=0.7150 (ntr=160 nval=40 nte=200)
2026-06-09 07:56:43 | INFO    | train_session_alignment | [align] riemannian_alignment   eegnet      single_sub-013_ses03-to-ses02 seed=0 acc=0.7900 (ntr=160 nval=40 nte=200)
2026-06-09 07:56:48 | INFO    | train_session_alignment | [align] riemannian_alignment   eegnet      single_sub-014_ses01-to-ses02 seed=0 acc=0.5350 (ntr=160 nval=40 nte=200)
2026-06-09 07:56:53 | INFO    | train_session_alignment | [align] riemannian_alignment   eegnet      single_sub-014_ses01-to-ses03 seed=0 acc=0.5350 (ntr=160 nval=40 nte=200)
2026-06-09 07:57:00 | INFO    | train_session_alignment | [align] riemannian_alignment   eegnet      single_sub-014_ses02-to-ses01 seed=0 acc=0.5450 (ntr=160 nval=40 nte=200)
2026-06-09 07:57:07 | INFO    | train_session_alignment | [align] riemannian_alignment   eegnet      single_sub-014_ses02-to-ses03 seed=0 acc=0.4850 (ntr=160 nval=40 nte=200)
2026-06-09 07:57:12 | INFO    | train_session_alignment | [align] riemannian_alignment   eegnet      single_sub-014_ses03-to-ses01 seed=0 acc=0.5500 (ntr=160 nval=40 nte=200)
2026-06-09 07:57:17 | INFO    | train_session_alignment | [align] riemannian_alignment   eegnet      single_sub-014_ses03-to-ses02 seed=0 acc=0.5300 (ntr=160 nval=40 nte=200)
2026-06-09 07:57:32 | INFO    | train_session_alignment | [align] riemannian_alignment   eegnet      single_sub-015_ses01-to-ses02 seed=0 acc=0.7100 (ntr=160 nval=40 nte=200)
2026-06-09 07:57:48 | INFO    | train_session_alignment | [align] riemannian_alignment   eegnet      single_sub-015_ses01-to-ses03 seed=0 acc=0.6650 (ntr=160 nval=40 nte=200)
2026-06-09 07:57:53 | INFO    | train_session_alignment | [align] riemannian_alignment   eegnet      single_sub-015_ses02-to-ses01 seed=0 acc=0.5050 (ntr=160 nval=40 nte=200)
2026-06-09 07:57:59 | INFO    | train_session_alignment | [align] riemannian_alignment   eegnet      single_sub-015_ses02-to-ses03 seed=0 acc=0.5550 (ntr=160 nval=40 nte=200)
2026-06-09 07:58:16 | INFO    | train_session_alignment | [align] riemannian_alignment   eegnet      single_sub-015_ses03-to-ses01 seed=0 acc=0.7200 (ntr=160 nval=40 nte=200)
2026-06-09 07:58:33 | INFO    | train_session_alignment | [align] riemannian_alignment   eegnet      single_sub-015_ses03-to-ses02 seed=0 acc=0.7700 (ntr=160 nval=40 nte=200)
2026-06-09 07:58:39 | INFO    | train_session_alignment | [align] riemannian_alignment   eegnet      single_sub-016_ses01-to-ses02 seed=0 acc=0.5400 (ntr=160 nval=40 nte=200)
2026-06-09 07:58:45 | INFO    | train_session_alignment | [align] riemannian_alignment   eegnet      single_sub-016_ses01-to-ses03 seed=0 acc=0.5750 (ntr=160 nval=40 nte=200)
2026-06-09 07:58:50 | INFO    | train_session_alignment | [align] riemannian_alignment   eegnet      single_sub-016_ses02-to-ses01 seed=0 acc=0.5350 (ntr=160 nval=40 nte=200)
2026-06-09 07:58:56 | INFO    | train_session_alignment | [align] riemannian_alignment   eegnet      single_sub-016_ses02-to-ses03 seed=0 acc=0.5250 (ntr=160 nval=40 nte=200)
2026-06-09 07:59:00 | INFO    | train_session_alignment | [align] riemannian_alignment   eegnet      single_sub-016_ses03-to-ses01 seed=0 acc=0.4700 (ntr=160 nval=40 nte=200)
2026-06-09 07:59:05 | INFO    | train_session_alignment | [align] riemannian_alignment   eegnet      single_sub-016_ses03-to-ses02 seed=0 acc=0.4850 (ntr=160 nval=40 nte=200)
2026-06-09 07:59:12 | INFO    | train_session_alignment | [align] riemannian_alignment   eegnet      single_sub-017_ses01-to-ses02 seed=0 acc=0.7400 (ntr=160 nval=40 nte=200)
2026-06-09 07:59:18 | INFO    | train_session_alignment | [align] riemannian_alignment   eegnet      single_sub-017_ses01-to-ses03 seed=0 acc=0.7050 (ntr=160 nval=40 nte=200)
2026-06-09 07:59:24 | INFO    | train_session_alignment | [align] riemannian_alignment   eegnet      single_sub-017_ses02-to-ses01 seed=0 acc=0.7250 (ntr=160 nval=40 nte=200)
2026-06-09 07:59:31 | INFO    | train_session_alignment | [align] riemannian_alignment   eegnet      single_sub-017_ses02-to-ses03 seed=0 acc=0.7200 (ntr=160 nval=40 nte=200)
2026-06-09 07:59:38 | INFO    | train_session_alignment | [align] riemannian_alignment   eegnet      single_sub-017_ses03-to-ses01 seed=0 acc=0.6200 (ntr=160 nval=40 nte=200)
2026-06-09 07:59:45 | INFO    | train_session_alignment | [align] riemannian_alignment   eegnet      single_sub-017_ses03-to-ses02 seed=0 acc=0.7700 (ntr=160 nval=40 nte=200)
2026-06-09 07:59:53 | INFO    | train_session_alignment | [align] riemannian_alignment   eegnet      single_sub-018_ses01-to-ses02 seed=0 acc=0.6750 (ntr=160 nval=40 nte=200)
2026-06-09 08:00:00 | INFO    | train_session_alignment | [align] riemannian_alignment   eegnet      single_sub-018_ses01-to-ses03 seed=0 acc=0.5900 (ntr=160 nval=40 nte=200)
2026-06-09 08:00:06 | INFO    | train_session_alignment | [align] riemannian_alignment   eegnet      single_sub-018_ses02-to-ses01 seed=0 acc=0.6700 (ntr=160 nval=40 nte=200)
2026-06-09 08:00:12 | INFO    | train_session_alignment | [align] riemannian_alignment   eegnet      single_sub-018_ses02-to-ses03 seed=0 acc=0.5950 (ntr=160 nval=40 nte=200)
2026-06-09 08:00:19 | INFO    | train_session_alignment | [align] riemannian_alignment   eegnet      single_sub-018_ses03-to-ses01 seed=0 acc=0.6950 (ntr=160 nval=40 nte=200)
2026-06-09 08:00:25 | INFO    | train_session_alignment | [align] riemannian_alignment   eegnet      single_sub-018_ses03-to-ses02 seed=0 acc=0.7100 (ntr=160 nval=40 nte=200)
2026-06-09 08:00:30 | INFO    | train_session_alignment | [align] riemannian_alignment   eegnet      single_sub-019_ses01-to-ses02 seed=0 acc=0.4700 (ntr=160 nval=40 nte=200)
2026-06-09 08:00:36 | INFO    | train_session_alignment | [align] riemannian_alignment   eegnet      single_sub-019_ses01-to-ses03 seed=0 acc=0.4750 (ntr=160 nval=40 nte=200)
2026-06-09 08:00:41 | INFO    | train_session_alignment | [align] riemannian_alignment   eegnet      single_sub-019_ses02-to-ses01 seed=0 acc=0.5550 (ntr=160 nval=40 nte=200)
2026-06-09 08:00:47 | INFO    | train_session_alignment | [align] riemannian_alignment   eegnet      single_sub-019_ses02-to-ses03 seed=0 acc=0.8150 (ntr=160 nval=40 nte=200)
2026-06-09 08:00:53 | INFO    | train_session_alignment | [align] riemannian_alignment   eegnet      single_sub-019_ses03-to-ses01 seed=0 acc=0.5150 (ntr=160 nval=40 nte=200)
2026-06-09 08:00:59 | INFO    | train_session_alignment | [align] riemannian_alignment   eegnet      single_sub-019_ses03-to-ses02 seed=0 acc=0.6800 (ntr=160 nval=40 nte=200)
2026-06-09 08:01:11 | INFO    | train_session_alignment | [align] riemannian_alignment   eegnet      single_sub-020_ses01-to-ses02 seed=0 acc=0.9100 (ntr=160 nval=40 nte=200)
2026-06-09 08:01:22 | INFO    | train_session_alignment | [align] riemannian_alignment   eegnet      single_sub-020_ses01-to-ses03 seed=0 acc=0.4700 (ntr=160 nval=40 nte=200)
2026-06-09 08:01:35 | INFO    | train_session_alignment | [align] riemannian_alignment   eegnet      single_sub-020_ses02-to-ses01 seed=0 acc=0.9350 (ntr=160 nval=40 nte=200)
2026-06-09 08:01:48 | INFO    | train_session_alignment | [align] riemannian_alignment   eegnet      single_sub-020_ses02-to-ses03 seed=0 acc=0.4250 (ntr=160 nval=40 nte=200)
2026-06-09 08:01:56 | INFO    | train_session_alignment | [align] riemannian_alignment   eegnet      single_sub-020_ses03-to-ses01 seed=0 acc=0.4200 (ntr=160 nval=40 nte=200)
2026-06-09 08:02:04 | INFO    | train_session_alignment | [align] riemannian_alignment   eegnet      single_sub-020_ses03-to-ses02 seed=0 acc=0.4400 (ntr=160 nval=40 nte=200)
2026-06-09 08:02:11 | INFO    | train_session_alignment | [align] riemannian_alignment   eegnet      single_sub-021_ses01-to-ses02 seed=0 acc=0.7100 (ntr=160 nval=40 nte=200)
2026-06-09 08:02:18 | INFO    | train_session_alignment | [align] riemannian_alignment   eegnet      single_sub-021_ses01-to-ses03 seed=0 acc=0.6450 (ntr=160 nval=40 nte=200)
2026-06-09 08:02:25 | INFO    | train_session_alignment | [align] riemannian_alignment   eegnet      single_sub-021_ses02-to-ses01 seed=0 acc=0.7900 (ntr=160 nval=40 nte=200)
2026-06-09 08:02:32 | INFO    | train_session_alignment | [align] riemannian_alignment   eegnet      single_sub-021_ses02-to-ses03 seed=0 acc=0.7700 (ntr=160 nval=40 nte=200)
2026-06-09 08:02:40 | INFO    | train_session_alignment | [align] riemannian_alignment   eegnet      single_sub-021_ses03-to-ses01 seed=0 acc=0.6500 (ntr=160 nval=40 nte=200)
2026-06-09 08:02:47 | INFO    | train_session_alignment | [align] riemannian_alignment   eegnet      single_sub-021_ses03-to-ses02 seed=0 acc=0.7450 (ntr=160 nval=40 nte=200)
2026-06-09 08:02:58 | INFO    | train_session_alignment | [align] riemannian_alignment   eegnet      single_sub-022_ses01-to-ses02 seed=0 acc=0.6200 (ntr=160 nval=40 nte=200)
2026-06-09 08:03:10 | INFO    | train_session_alignment | [align] riemannian_alignment   eegnet      single_sub-022_ses01-to-ses03 seed=0 acc=0.6200 (ntr=160 nval=40 nte=200)
2026-06-09 08:03:16 | INFO    | train_session_alignment | [align] riemannian_alignment   eegnet      single_sub-022_ses02-to-ses01 seed=0 acc=0.6050 (ntr=160 nval=40 nte=200)
2026-06-09 08:03:22 | INFO    | train_session_alignment | [align] riemannian_alignment   eegnet      single_sub-022_ses02-to-ses03 seed=0 acc=0.7300 (ntr=160 nval=40 nte=200)
2026-06-09 08:03:30 | INFO    | train_session_alignment | [align] riemannian_alignment   eegnet      single_sub-022_ses03-to-ses01 seed=0 acc=0.5650 (ntr=160 nval=40 nte=200)
2026-06-09 08:03:37 | INFO    | train_session_alignment | [align] riemannian_alignment   eegnet      single_sub-022_ses03-to-ses02 seed=0 acc=0.7200 (ntr=160 nval=40 nte=200)
2026-06-09 08:03:47 | INFO    | train_session_alignment | [align] riemannian_alignment   eegnet      single_sub-023_ses02-to-ses03 seed=0 acc=0.8850 (ntr=160 nval=40 nte=200)
2026-06-09 08:04:04 | INFO    | train_session_alignment | [align] riemannian_alignment   eegnet      single_sub-023_ses03-to-ses02 seed=0 acc=0.8650 (ntr=160 nval=40 nte=200)
2026-06-09 08:04:12 | INFO    | train_session_alignment | [align] riemannian_alignment   eegnet      single_sub-025_ses01-to-ses02 seed=0 acc=0.8200 (ntr=160 nval=40 nte=200)
2026-06-09 08:04:21 | INFO    | train_session_alignment | [align] riemannian_alignment   eegnet      single_sub-025_ses01-to-ses03 seed=0 acc=0.7800 (ntr=160 nval=40 nte=200)
2026-06-09 08:04:30 | INFO    | train_session_alignment | [align] riemannian_alignment   eegnet      single_sub-025_ses02-to-ses01 seed=0 acc=0.8300 (ntr=160 nval=40 nte=200)
2026-06-09 08:04:40 | INFO    | train_session_alignment | [align] riemannian_alignment   eegnet      single_sub-025_ses02-to-ses03 seed=0 acc=0.8050 (ntr=160 nval=40 nte=200)
2026-06-09 08:04:50 | INFO    | train_session_alignment | [align] riemannian_alignment   eegnet      single_sub-025_ses03-to-ses01 seed=0 acc=0.8250 (ntr=160 nval=40 nte=200)
2026-06-09 08:05:00 | INFO    | train_session_alignment | [align] riemannian_alignment   eegnet      single_sub-025_ses03-to-ses02 seed=0 acc=0.9150 (ntr=160 nval=40 nte=200)
2026-06-09 08:05:07 | INFO    | train_session_alignment | [align] riemannian_alignment   eegnet      single_sub-026_ses02-to-ses03 seed=0 acc=0.8950 (ntr=160 nval=40 nte=200)
2026-06-09 08:05:23 | INFO    | train_session_alignment | [align] riemannian_alignment   eegnet      single_sub-026_ses03-to-ses02 seed=0 acc=0.8950 (ntr=160 nval=40 nte=200)
2026-06-09 08:05:33 | INFO    | train_session_alignment | [align] riemannian_alignment   eegnet      single_sub-027_ses01-to-ses02 seed=0 acc=0.6350 (ntr=160 nval=40 nte=200)
2026-06-09 08:05:42 | INFO    | train_session_alignment | [align] riemannian_alignment   eegnet      single_sub-027_ses01-to-ses03 seed=0 acc=0.7850 (ntr=160 nval=40 nte=200)
2026-06-09 08:05:47 | INFO    | train_session_alignment | [align] riemannian_alignment   eegnet      single_sub-027_ses02-to-ses01 seed=0 acc=0.4950 (ntr=160 nval=40 nte=200)
2026-06-09 08:05:52 | INFO    | train_session_alignment | [align] riemannian_alignment   eegnet      single_sub-027_ses02-to-ses03 seed=0 acc=0.5350 (ntr=160 nval=40 nte=200)
2026-06-09 08:06:01 | INFO    | train_session_alignment | [align] riemannian_alignment   eegnet      single_sub-027_ses03-to-ses01 seed=0 acc=0.7850 (ntr=160 nval=40 nte=200)
2026-06-09 08:06:10 | INFO    | train_session_alignment | [align] riemannian_alignment   eegnet      single_sub-027_ses03-to-ses02 seed=0 acc=0.5800 (ntr=160 nval=40 nte=200)
2026-06-09 08:06:17 | INFO    | train_session_alignment | [align] riemannian_alignment   eegnet      single_sub-028_ses01-to-ses02 seed=0 acc=0.7800 (ntr=160 nval=40 nte=200)
2026-06-09 08:06:24 | INFO    | train_session_alignment | [align] riemannian_alignment   eegnet      single_sub-028_ses01-to-ses03 seed=0 acc=0.5200 (ntr=160 nval=40 nte=200)
2026-06-09 08:06:31 | INFO    | train_session_alignment | [align] riemannian_alignment   eegnet      single_sub-028_ses02-to-ses01 seed=0 acc=0.8600 (ntr=160 nval=40 nte=200)
2026-06-09 08:06:39 | INFO    | train_session_alignment | [align] riemannian_alignment   eegnet      single_sub-028_ses02-to-ses03 seed=0 acc=0.5100 (ntr=160 nval=40 nte=200)
2026-06-09 08:06:46 | INFO    | train_session_alignment | [align] riemannian_alignment   eegnet      single_sub-028_ses03-to-ses01 seed=0 acc=0.6450 (ntr=160 nval=40 nte=200)
2026-06-09 08:06:52 | INFO    | train_session_alignment | [align] riemannian_alignment   eegnet      single_sub-028_ses03-to-ses02 seed=0 acc=0.5700 (ntr=160 nval=40 nte=200)
2026-06-09 08:06:59 | INFO    | train_session_alignment | [align] riemannian_alignment   eegnet      single_sub-029_ses01-to-ses02 seed=0 acc=0.1750 (ntr=160 nval=40 nte=200)
2026-06-09 08:07:06 | INFO    | train_session_alignment | [align] riemannian_alignment   eegnet      single_sub-029_ses01-to-ses03 seed=0 acc=0.2850 (ntr=160 nval=40 nte=200)
2026-06-09 08:07:16 | INFO    | train_session_alignment | [align] riemannian_alignment   eegnet      single_sub-029_ses02-to-ses01 seed=0 acc=0.4600 (ntr=160 nval=40 nte=200)
2026-06-09 08:07:27 | INFO    | train_session_alignment | [align] riemannian_alignment   eegnet      single_sub-029_ses02-to-ses03 seed=0 acc=0.8600 (ntr=160 nval=40 nte=200)
2026-06-09 08:07:44 | INFO    | train_session_alignment | [align] riemannian_alignment   eegnet      single_sub-029_ses03-to-ses01 seed=0 acc=0.3650 (ntr=160 nval=40 nte=200)
2026-06-09 08:08:01 | INFO    | train_session_alignment | [align] riemannian_alignment   eegnet      single_sub-029_ses03-to-ses02 seed=0 acc=0.9050 (ntr=160 nval=40 nte=200)
2026-06-09 08:08:19 | INFO    | train_session_alignment | [align] riemannian_alignment   eegnet      single_sub-030_ses01-to-ses02 seed=0 acc=0.7300 (ntr=160 nval=40 nte=200)
2026-06-09 08:08:36 | INFO    | train_session_alignment | [align] riemannian_alignment   eegnet      single_sub-030_ses01-to-ses03 seed=0 acc=0.6650 (ntr=160 nval=40 nte=200)
2026-06-09 08:08:41 | INFO    | train_session_alignment | [align] riemannian_alignment   eegnet      single_sub-030_ses02-to-ses01 seed=0 acc=0.9250 (ntr=160 nval=40 nte=200)
2026-06-09 08:08:47 | INFO    | train_session_alignment | [align] riemannian_alignment   eegnet      single_sub-030_ses02-to-ses03 seed=0 acc=0.8250 (ntr=160 nval=40 nte=200)
2026-06-09 08:08:53 | INFO    | train_session_alignment | [align] riemannian_alignment   eegnet      single_sub-030_ses03-to-ses01 seed=0 acc=0.8850 (ntr=160 nval=40 nte=200)
2026-06-09 08:08:59 | INFO    | train_session_alignment | [align] riemannian_alignment   eegnet      single_sub-030_ses03-to-ses02 seed=0 acc=0.8000 (ntr=160 nval=40 nte=200)
2026-06-09 08:09:07 | INFO    | train_session_alignment | [align] riemannian_alignment   eegnet      single_sub-031_ses01-to-ses02 seed=0 acc=0.7300 (ntr=160 nval=40 nte=200)
2026-06-09 08:09:14 | INFO    | train_session_alignment | [align] riemannian_alignment   eegnet      single_sub-031_ses01-to-ses03 seed=0 acc=0.7500 (ntr=160 nval=40 nte=200)
2026-06-09 08:09:20 | INFO    | train_session_alignment | [align] riemannian_alignment   eegnet      single_sub-031_ses02-to-ses01 seed=0 acc=0.7100 (ntr=160 nval=40 nte=200)
2026-06-09 08:09:26 | INFO    | train_session_alignment | [align] riemannian_alignment   eegnet      single_sub-031_ses02-to-ses03 seed=0 acc=0.7550 (ntr=160 nval=40 nte=200)
2026-06-09 08:09:33 | INFO    | train_session_alignment | [align] riemannian_alignment   eegnet      single_sub-031_ses03-to-ses01 seed=0 acc=0.6800 (ntr=160 nval=40 nte=200)
2026-06-09 08:09:40 | INFO    | train_session_alignment | [align] riemannian_alignment   eegnet      single_sub-031_ses03-to-ses02 seed=0 acc=0.7850 (ntr=160 nval=40 nte=200)
2026-06-09 08:09:46 | INFO    | train_session_alignment | [align] riemannian_alignment   eegnet      single_sub-032_ses01-to-ses03 seed=0 acc=0.5550 (ntr=160 nval=40 nte=200)
2026-06-09 08:09:51 | INFO    | train_session_alignment | [align] riemannian_alignment   eegnet      single_sub-032_ses03-to-ses01 seed=0 acc=0.5150 (ntr=160 nval=40 nte=200)
2026-06-09 08:09:56 | INFO    | train_session_alignment | [align] riemannian_alignment   eegnet      single_sub-033_ses01-to-ses02 seed=0 acc=0.7350 (ntr=160 nval=40 nte=200)
2026-06-09 08:10:02 | INFO    | train_session_alignment | [align] riemannian_alignment   eegnet      single_sub-033_ses01-to-ses03 seed=0 acc=0.6750 (ntr=160 nval=40 nte=200)
2026-06-09 08:10:08 | INFO    | train_session_alignment | [align] riemannian_alignment   eegnet      single_sub-033_ses02-to-ses01 seed=0 acc=0.8850 (ntr=160 nval=40 nte=200)
2026-06-09 08:10:14 | INFO    | train_session_alignment | [align] riemannian_alignment   eegnet      single_sub-033_ses02-to-ses03 seed=0 acc=0.8750 (ntr=160 nval=40 nte=200)
2026-06-09 08:10:28 | INFO    | train_session_alignment | [align] riemannian_alignment   eegnet      single_sub-033_ses03-to-ses01 seed=0 acc=0.8750 (ntr=160 nval=40 nte=200)
2026-06-09 08:10:42 | INFO    | train_session_alignment | [align] riemannian_alignment   eegnet      single_sub-033_ses03-to-ses02 seed=0 acc=0.9050 (ntr=160 nval=40 nte=200)
2026-06-09 08:10:50 | INFO    | train_session_alignment | [align] riemannian_alignment   eegnet      single_sub-034_ses01-to-ses02 seed=0 acc=0.8450 (ntr=160 nval=40 nte=200)
2026-06-09 08:10:56 | INFO    | train_session_alignment | [align] riemannian_alignment   eegnet      single_sub-034_ses01-to-ses03 seed=0 acc=0.7100 (ntr=160 nval=40 nte=200)
2026-06-09 08:11:02 | INFO    | train_session_alignment | [align] riemannian_alignment   eegnet      single_sub-034_ses02-to-ses01 seed=0 acc=0.6900 (ntr=160 nval=40 nte=200)
2026-06-09 08:11:08 | INFO    | train_session_alignment | [align] riemannian_alignment   eegnet      single_sub-034_ses02-to-ses03 seed=0 acc=0.8900 (ntr=160 nval=40 nte=200)
2026-06-09 08:11:19 | INFO    | train_session_alignment | [align] riemannian_alignment   eegnet      single_sub-034_ses03-to-ses01 seed=0 acc=0.6750 (ntr=160 nval=40 nte=200)
2026-06-09 08:11:31 | INFO    | train_session_alignment | [align] riemannian_alignment   eegnet      single_sub-034_ses03-to-ses02 seed=0 acc=0.8750 (ntr=160 nval=40 nte=200)
2026-06-09 08:11:40 | INFO    | train_session_alignment | [align] riemannian_alignment   eegnet      single_sub-035_ses01-to-ses02 seed=0 acc=0.9500 (ntr=160 nval=40 nte=200)
2026-06-09 08:11:48 | INFO    | train_session_alignment | [align] riemannian_alignment   eegnet      single_sub-035_ses01-to-ses03 seed=0 acc=0.9000 (ntr=160 nval=40 nte=200)
2026-06-09 08:12:00 | INFO    | train_session_alignment | [align] riemannian_alignment   eegnet      single_sub-035_ses02-to-ses01 seed=0 acc=0.9550 (ntr=160 nval=40 nte=200)
2026-06-09 08:12:11 | INFO    | train_session_alignment | [align] riemannian_alignment   eegnet      single_sub-035_ses02-to-ses03 seed=0 acc=0.9400 (ntr=160 nval=40 nte=200)
2026-06-09 08:12:16 | INFO    | train_session_alignment | [align] riemannian_alignment   eegnet      single_sub-035_ses03-to-ses01 seed=0 acc=0.7900 (ntr=160 nval=40 nte=200)
2026-06-09 08:12:21 | INFO    | train_session_alignment | [align] riemannian_alignment   eegnet      single_sub-035_ses03-to-ses02 seed=0 acc=0.6750 (ntr=160 nval=40 nte=200)
2026-06-09 08:12:28 | INFO    | train_session_alignment | [align] riemannian_alignment   eegnet      single_sub-036_ses01-to-ses02 seed=0 acc=0.8650 (ntr=160 nval=40 nte=200)
2026-06-09 08:12:36 | INFO    | train_session_alignment | [align] riemannian_alignment   eegnet      single_sub-036_ses01-to-ses03 seed=0 acc=0.9650 (ntr=160 nval=40 nte=200)
2026-06-09 08:12:47 | INFO    | train_session_alignment | [align] riemannian_alignment   eegnet      single_sub-036_ses02-to-ses01 seed=0 acc=0.8250 (ntr=160 nval=40 nte=200)
2026-06-09 08:12:59 | INFO    | train_session_alignment | [align] riemannian_alignment   eegnet      single_sub-036_ses02-to-ses03 seed=0 acc=0.9700 (ntr=160 nval=40 nte=200)
2026-06-09 08:13:17 | INFO    | train_session_alignment | [align] riemannian_alignment   eegnet      single_sub-036_ses03-to-ses01 seed=0 acc=0.8350 (ntr=160 nval=40 nte=200)
2026-06-09 08:13:34 | INFO    | train_session_alignment | [align] riemannian_alignment   eegnet      single_sub-036_ses03-to-ses02 seed=0 acc=0.8550 (ntr=160 nval=40 nte=200)
2026-06-09 08:13:48 | INFO    | train_session_alignment | [align] riemannian_alignment   eegnet      single_sub-037_ses01-to-ses02 seed=0 acc=0.7850 (ntr=160 nval=40 nte=200)
2026-06-09 08:14:01 | INFO    | train_session_alignment | [align] riemannian_alignment   eegnet      single_sub-037_ses01-to-ses03 seed=0 acc=0.8250 (ntr=160 nval=40 nte=200)
2026-06-09 08:14:07 | INFO    | train_session_alignment | [align] riemannian_alignment   eegnet      single_sub-037_ses02-to-ses01 seed=0 acc=0.8200 (ntr=160 nval=40 nte=200)
2026-06-09 08:14:13 | INFO    | train_session_alignment | [align] riemannian_alignment   eegnet      single_sub-037_ses02-to-ses03 seed=0 acc=0.8750 (ntr=160 nval=40 nte=200)
2026-06-09 08:14:22 | INFO    | train_session_alignment | [align] riemannian_alignment   eegnet      single_sub-037_ses03-to-ses01 seed=0 acc=0.8300 (ntr=160 nval=40 nte=200)
2026-06-09 08:14:31 | INFO    | train_session_alignment | [align] riemannian_alignment   eegnet      single_sub-037_ses03-to-ses02 seed=0 acc=0.9050 (ntr=160 nval=40 nte=200)
2026-06-09 08:14:36 | INFO    | train_session_alignment | [align] riemannian_alignment   eegnet      single_sub-038_ses01-to-ses02 seed=0 acc=0.5100 (ntr=160 nval=40 nte=200)
2026-06-09 08:14:41 | INFO    | train_session_alignment | [align] riemannian_alignment   eegnet      single_sub-038_ses01-to-ses03 seed=0 acc=0.5000 (ntr=160 nval=40 nte=200)
2026-06-09 08:14:48 | INFO    | train_session_alignment | [align] riemannian_alignment   eegnet      single_sub-038_ses02-to-ses01 seed=0 acc=0.6050 (ntr=160 nval=40 nte=200)
2026-06-09 08:14:55 | INFO    | train_session_alignment | [align] riemannian_alignment   eegnet      single_sub-038_ses02-to-ses03 seed=0 acc=0.5350 (ntr=160 nval=40 nte=200)
2026-06-09 08:15:10 | INFO    | train_session_alignment | [align] riemannian_alignment   eegnet      single_sub-038_ses03-to-ses01 seed=0 acc=0.5150 (ntr=160 nval=40 nte=200)
2026-06-09 08:15:25 | INFO    | train_session_alignment | [align] riemannian_alignment   eegnet      single_sub-038_ses03-to-ses02 seed=0 acc=0.4750 (ntr=160 nval=40 nte=200)
2026-06-09 08:15:32 | INFO    | train_session_alignment | [align] riemannian_alignment   eegnet      single_sub-039_ses01-to-ses02 seed=0 acc=0.4450 (ntr=160 nval=40 nte=200)
2026-06-09 08:15:39 | INFO    | train_session_alignment | [align] riemannian_alignment   eegnet      single_sub-039_ses01-to-ses03 seed=0 acc=0.4950 (ntr=160 nval=40 nte=200)
2026-06-09 08:15:46 | INFO    | train_session_alignment | [align] riemannian_alignment   eegnet      single_sub-039_ses02-to-ses01 seed=0 acc=0.4200 (ntr=160 nval=40 nte=200)
2026-06-09 08:15:52 | INFO    | train_session_alignment | [align] riemannian_alignment   eegnet      single_sub-039_ses02-to-ses03 seed=0 acc=0.4850 (ntr=160 nval=40 nte=200)
2026-06-09 08:15:59 | INFO    | train_session_alignment | [align] riemannian_alignment   eegnet      single_sub-039_ses03-to-ses01 seed=0 acc=0.4900 (ntr=160 nval=40 nte=200)
2026-06-09 08:16:06 | INFO    | train_session_alignment | [align] riemannian_alignment   eegnet      single_sub-039_ses03-to-ses02 seed=0 acc=0.5300 (ntr=160 nval=40 nte=200)
2026-06-09 08:16:11 | INFO    | train_session_alignment | [align] riemannian_alignment   eegnet      single_sub-040_ses01-to-ses02 seed=0 acc=0.4900 (ntr=160 nval=40 nte=200)
2026-06-09 08:16:16 | INFO    | train_session_alignment | [align] riemannian_alignment   eegnet      single_sub-040_ses01-to-ses03 seed=0 acc=0.6000 (ntr=160 nval=40 nte=200)
2026-06-09 08:16:21 | INFO    | train_session_alignment | [align] riemannian_alignment   eegnet      single_sub-040_ses02-to-ses01 seed=0 acc=0.4800 (ntr=160 nval=40 nte=200)
2026-06-09 08:16:26 | INFO    | train_session_alignment | [align] riemannian_alignment   eegnet      single_sub-040_ses02-to-ses03 seed=0 acc=0.5350 (ntr=160 nval=40 nte=200)
2026-06-09 08:16:34 | INFO    | train_session_alignment | [align] riemannian_alignment   eegnet      single_sub-040_ses03-to-ses01 seed=0 acc=0.6800 (ntr=160 nval=40 nte=200)
2026-06-09 08:16:42 | INFO    | train_session_alignment | [align] riemannian_alignment   eegnet      single_sub-040_ses03-to-ses02 seed=0 acc=0.5800 (ntr=160 nval=40 nte=200)
2026-06-09 08:16:48 | INFO    | train_session_alignment | [align] riemannian_alignment   eegnet      single_sub-041_ses01-to-ses02 seed=0 acc=0.7950 (ntr=160 nval=40 nte=200)
2026-06-09 08:16:55 | INFO    | train_session_alignment | [align] riemannian_alignment   eegnet      single_sub-041_ses01-to-ses03 seed=0 acc=0.8500 (ntr=160 nval=40 nte=200)
2026-06-09 08:17:00 | INFO    | train_session_alignment | [align] riemannian_alignment   eegnet      single_sub-041_ses02-to-ses01 seed=0 acc=0.8250 (ntr=160 nval=40 nte=200)
2026-06-09 08:17:06 | INFO    | train_session_alignment | [align] riemannian_alignment   eegnet      single_sub-041_ses02-to-ses03 seed=0 acc=0.8500 (ntr=160 nval=40 nte=200)
2026-06-09 08:17:12 | INFO    | train_session_alignment | [align] riemannian_alignment   eegnet      single_sub-041_ses03-to-ses01 seed=0 acc=0.8350 (ntr=160 nval=40 nte=200)
2026-06-09 08:17:18 | INFO    | train_session_alignment | [align] riemannian_alignment   eegnet      single_sub-041_ses03-to-ses02 seed=0 acc=0.8300 (ntr=160 nval=40 nte=200)
2026-06-09 08:17:26 | INFO    | train_session_alignment | [align] riemannian_alignment   eegnet      single_sub-042_ses01-to-ses02 seed=0 acc=0.7400 (ntr=160 nval=40 nte=200)
2026-06-09 08:17:34 | INFO    | train_session_alignment | [align] riemannian_alignment   eegnet      single_sub-042_ses01-to-ses03 seed=0 acc=0.6300 (ntr=160 nval=40 nte=200)
2026-06-09 08:17:40 | INFO    | train_session_alignment | [align] riemannian_alignment   eegnet      single_sub-042_ses02-to-ses01 seed=0 acc=0.6150 (ntr=160 nval=40 nte=200)
2026-06-09 08:17:46 | INFO    | train_session_alignment | [align] riemannian_alignment   eegnet      single_sub-042_ses02-to-ses03 seed=0 acc=0.5700 (ntr=160 nval=40 nte=200)
2026-06-09 08:17:51 | INFO    | train_session_alignment | [align] riemannian_alignment   eegnet      single_sub-042_ses03-to-ses01 seed=0 acc=0.5400 (ntr=160 nval=40 nte=200)
2026-06-09 08:17:56 | INFO    | train_session_alignment | [align] riemannian_alignment   eegnet      single_sub-042_ses03-to-ses02 seed=0 acc=0.4950 (ntr=160 nval=40 nte=200)
2026-06-09 08:18:06 | INFO    | train_session_alignment | [align] riemannian_alignment   eegnet      single_sub-043_ses01-to-ses02 seed=0 acc=0.9450 (ntr=160 nval=40 nte=200)
2026-06-09 08:18:15 | INFO    | train_session_alignment | [align] riemannian_alignment   eegnet      single_sub-043_ses01-to-ses03 seed=0 acc=0.8950 (ntr=160 nval=40 nte=200)
2026-06-09 08:18:32 | INFO    | train_session_alignment | [align] riemannian_alignment   eegnet      single_sub-043_ses02-to-ses01 seed=0 acc=0.9500 (ntr=160 nval=40 nte=200)
2026-06-09 08:18:49 | INFO    | train_session_alignment | [align] riemannian_alignment   eegnet      single_sub-043_ses02-to-ses03 seed=0 acc=0.9100 (ntr=160 nval=40 nte=200)
2026-06-09 08:18:58 | INFO    | train_session_alignment | [align] riemannian_alignment   eegnet      single_sub-043_ses03-to-ses01 seed=0 acc=0.8950 (ntr=160 nval=40 nte=200)
2026-06-09 08:19:06 | INFO    | train_session_alignment | [align] riemannian_alignment   eegnet      single_sub-043_ses03-to-ses02 seed=0 acc=0.9300 (ntr=160 nval=40 nte=200)
2026-06-09 08:19:11 | INFO    | train_session_alignment | [align] riemannian_alignment   eegnet      single_sub-044_ses01-to-ses02 seed=0 acc=0.5550 (ntr=160 nval=40 nte=200)
2026-06-09 08:19:16 | INFO    | train_session_alignment | [align] riemannian_alignment   eegnet      single_sub-044_ses01-to-ses03 seed=0 acc=0.6250 (ntr=160 nval=40 nte=200)
2026-06-09 08:19:22 | INFO    | train_session_alignment | [align] riemannian_alignment   eegnet      single_sub-044_ses02-to-ses01 seed=0 acc=0.6050 (ntr=160 nval=40 nte=200)
2026-06-09 08:19:28 | INFO    | train_session_alignment | [align] riemannian_alignment   eegnet      single_sub-044_ses02-to-ses03 seed=0 acc=0.6750 (ntr=160 nval=40 nte=200)
2026-06-09 08:19:34 | INFO    | train_session_alignment | [align] riemannian_alignment   eegnet      single_sub-044_ses03-to-ses01 seed=0 acc=0.6100 (ntr=160 nval=40 nte=200)
2026-06-09 08:19:40 | INFO    | train_session_alignment | [align] riemannian_alignment   eegnet      single_sub-044_ses03-to-ses02 seed=0 acc=0.7400 (ntr=160 nval=40 nte=200)
2026-06-09 08:19:45 | INFO    | train_session_alignment | [align] riemannian_alignment   eegnet      single_sub-045_ses01-to-ses02 seed=0 acc=0.6450 (ntr=160 nval=40 nte=200)
2026-06-09 08:19:50 | INFO    | train_session_alignment | [align] riemannian_alignment   eegnet      single_sub-045_ses01-to-ses03 seed=0 acc=0.5550 (ntr=160 nval=40 nte=200)
2026-06-09 08:19:56 | INFO    | train_session_alignment | [align] riemannian_alignment   eegnet      single_sub-045_ses02-to-ses01 seed=0 acc=0.6700 (ntr=160 nval=40 nte=200)
2026-06-09 08:20:01 | INFO    | train_session_alignment | [align] riemannian_alignment   eegnet      single_sub-045_ses02-to-ses03 seed=0 acc=0.6200 (ntr=160 nval=40 nte=200)
2026-06-09 08:20:07 | INFO    | train_session_alignment | [align] riemannian_alignment   eegnet      single_sub-045_ses03-to-ses01 seed=0 acc=0.7300 (ntr=160 nval=40 nte=200)
2026-06-09 08:20:14 | INFO    | train_session_alignment | [align] riemannian_alignment   eegnet      single_sub-045_ses03-to-ses02 seed=0 acc=0.7400 (ntr=160 nval=40 nte=200)
2026-06-09 08:20:31 | INFO    | train_session_alignment | [align] riemannian_alignment   eegnet      single_sub-046_ses01-to-ses02 seed=0 acc=0.9750 (ntr=160 nval=40 nte=200)
2026-06-09 08:20:49 | INFO    | train_session_alignment | [align] riemannian_alignment   eegnet      single_sub-046_ses01-to-ses03 seed=0 acc=0.9350 (ntr=160 nval=40 nte=200)
2026-06-09 08:20:55 | INFO    | train_session_alignment | [align] riemannian_alignment   eegnet      single_sub-046_ses02-to-ses01 seed=0 acc=0.8950 (ntr=160 nval=40 nte=200)
2026-06-09 08:21:02 | INFO    | train_session_alignment | [align] riemannian_alignment   eegnet      single_sub-046_ses02-to-ses03 seed=0 acc=0.8800 (ntr=160 nval=40 nte=200)
2026-06-09 08:21:19 | INFO    | train_session_alignment | [align] riemannian_alignment   eegnet      single_sub-046_ses03-to-ses01 seed=0 acc=0.9900 (ntr=160 nval=40 nte=200)
2026-06-09 08:21:37 | INFO    | train_session_alignment | [align] riemannian_alignment   eegnet      single_sub-046_ses03-to-ses02 seed=0 acc=0.9800 (ntr=160 nval=40 nte=200)
2026-06-09 08:21:47 | INFO    | train_session_alignment | [align] riemannian_alignment   eegnet      single_sub-047_ses01-to-ses02 seed=0 acc=0.8950 (ntr=160 nval=40 nte=200)
2026-06-09 08:21:58 | INFO    | train_session_alignment | [align] riemannian_alignment   eegnet      single_sub-047_ses01-to-ses03 seed=0 acc=0.8800 (ntr=160 nval=40 nte=200)
2026-06-09 08:22:05 | INFO    | train_session_alignment | [align] riemannian_alignment   eegnet      single_sub-047_ses02-to-ses01 seed=0 acc=0.7950 (ntr=160 nval=40 nte=200)
2026-06-09 08:22:13 | INFO    | train_session_alignment | [align] riemannian_alignment   eegnet      single_sub-047_ses02-to-ses03 seed=0 acc=0.8150 (ntr=160 nval=40 nte=200)
2026-06-09 08:22:28 | INFO    | train_session_alignment | [align] riemannian_alignment   eegnet      single_sub-047_ses03-to-ses01 seed=0 acc=0.8350 (ntr=160 nval=40 nte=200)
2026-06-09 08:22:43 | INFO    | train_session_alignment | [align] riemannian_alignment   eegnet      single_sub-047_ses03-to-ses02 seed=0 acc=0.8400 (ntr=160 nval=40 nte=200)
2026-06-09 08:22:48 | INFO    | train_session_alignment | [align] riemannian_alignment   eegnet      single_sub-048_ses01-to-ses02 seed=0 acc=0.6950 (ntr=160 nval=40 nte=200)
2026-06-09 08:22:53 | INFO    | train_session_alignment | [align] riemannian_alignment   eegnet      single_sub-048_ses01-to-ses03 seed=0 acc=0.6850 (ntr=160 nval=40 nte=200)
2026-06-09 08:22:59 | INFO    | train_session_alignment | [align] riemannian_alignment   eegnet      single_sub-048_ses02-to-ses01 seed=0 acc=0.7950 (ntr=160 nval=40 nte=200)
2026-06-09 08:23:05 | INFO    | train_session_alignment | [align] riemannian_alignment   eegnet      single_sub-048_ses02-to-ses03 seed=0 acc=0.7850 (ntr=160 nval=40 nte=200)
2026-06-09 08:23:12 | INFO    | train_session_alignment | [align] riemannian_alignment   eegnet      single_sub-048_ses03-to-ses01 seed=0 acc=0.8250 (ntr=160 nval=40 nte=200)
2026-06-09 08:23:18 | INFO    | train_session_alignment | [align] riemannian_alignment   eegnet      single_sub-048_ses03-to-ses02 seed=0 acc=0.7300 (ntr=160 nval=40 nte=200)
2026-06-09 08:23:28 | INFO    | train_session_alignment | [align] riemannian_alignment   eegnet      single_sub-049_ses01-to-ses02 seed=0 acc=0.6800 (ntr=160 nval=40 nte=200)
2026-06-09 08:23:37 | INFO    | train_session_alignment | [align] riemannian_alignment   eegnet      single_sub-049_ses01-to-ses03 seed=0 acc=0.6400 (ntr=160 nval=40 nte=200)
2026-06-09 08:23:47 | INFO    | train_session_alignment | [align] riemannian_alignment   eegnet      single_sub-049_ses02-to-ses01 seed=0 acc=0.8950 (ntr=160 nval=40 nte=200)
2026-06-09 08:23:56 | INFO    | train_session_alignment | [align] riemannian_alignment   eegnet      single_sub-049_ses02-to-ses03 seed=0 acc=0.8300 (ntr=160 nval=40 nte=200)
2026-06-09 08:24:05 | INFO    | train_session_alignment | [align] riemannian_alignment   eegnet      single_sub-049_ses03-to-ses01 seed=0 acc=0.7950 (ntr=160 nval=40 nte=200)
2026-06-09 08:24:14 | INFO    | train_session_alignment | [align] riemannian_alignment   eegnet      single_sub-049_ses03-to-ses02 seed=0 acc=0.7250 (ntr=160 nval=40 nte=200)
2026-06-09 08:24:28 | INFO    | train_session_alignment | [align] riemannian_alignment   eegnet      single_sub-050_ses01-to-ses02 seed=0 acc=0.9450 (ntr=160 nval=40 nte=200)
2026-06-09 08:24:42 | INFO    | train_session_alignment | [align] riemannian_alignment   eegnet      single_sub-050_ses01-to-ses03 seed=0 acc=0.9300 (ntr=160 nval=40 nte=200)
2026-06-09 08:24:51 | INFO    | train_session_alignment | [align] riemannian_alignment   eegnet      single_sub-050_ses02-to-ses01 seed=0 acc=0.8100 (ntr=160 nval=40 nte=200)
2026-06-09 08:25:01 | INFO    | train_session_alignment | [align] riemannian_alignment   eegnet      single_sub-050_ses02-to-ses03 seed=0 acc=0.9450 (ntr=160 nval=40 nte=200)
2026-06-09 08:25:18 | INFO    | train_session_alignment | [align] riemannian_alignment   eegnet      single_sub-050_ses03-to-ses01 seed=0 acc=0.7750 (ntr=160 nval=40 nte=200)
2026-06-09 08:25:36 | INFO    | train_session_alignment | [align] riemannian_alignment   eegnet      single_sub-050_ses03-to-ses02 seed=0 acc=0.9350 (ntr=160 nval=40 nte=200)
2026-06-09 08:25:44 | INFO    | train_session_alignment | [align] riemannian_alignment   eegnet      single_sub-051_ses01-to-ses02 seed=0 acc=0.6100 (ntr=160 nval=40 nte=200)
2026-06-09 08:25:53 | INFO    | train_session_alignment | [align] riemannian_alignment   eegnet      single_sub-051_ses01-to-ses03 seed=0 acc=0.8250 (ntr=160 nval=40 nte=200)
2026-06-09 08:25:58 | INFO    | train_session_alignment | [align] riemannian_alignment   eegnet      single_sub-051_ses02-to-ses01 seed=0 acc=0.6700 (ntr=160 nval=40 nte=200)
2026-06-09 08:26:03 | INFO    | train_session_alignment | [align] riemannian_alignment   eegnet      single_sub-051_ses02-to-ses03 seed=0 acc=0.7000 (ntr=160 nval=40 nte=200)
2026-06-09 08:26:13 | INFO    | train_session_alignment | [align] riemannian_alignment   eegnet      single_sub-051_ses03-to-ses01 seed=0 acc=0.8100 (ntr=160 nval=40 nte=200)
2026-06-09 08:26:23 | INFO    | train_session_alignment | [align] riemannian_alignment   eegnet      single_sub-051_ses03-to-ses02 seed=0 acc=0.7600 (ntr=160 nval=40 nte=200)
2026-06-09 08:26:43 | INFO    | train_session_alignment | [align] riemannian_alignment   eegnet      multi_sub-001_ses01ses02-to-ses03 seed=0 acc=0.9800 (ntr=320 nval=80 nte=200)
2026-06-09 08:26:49 | INFO    | train_session_alignment | [align] riemannian_alignment   eegnet      multi_sub-002_ses01ses02-to-ses03 seed=0 acc=0.5750 (ntr=320 nval=80 nte=200)
2026-06-09 08:27:03 | INFO    | train_session_alignment | [align] riemannian_alignment   eegnet      multi_sub-003_ses01ses02-to-ses03 seed=0 acc=0.9000 (ntr=320 nval=80 nte=200)
2026-06-09 08:27:09 | INFO    | train_session_alignment | [align] riemannian_alignment   eegnet      multi_sub-004_ses01ses02-to-ses03 seed=0 acc=0.4500 (ntr=320 nval=80 nte=200)
2026-06-09 08:27:22 | INFO    | train_session_alignment | [align] riemannian_alignment   eegnet      multi_sub-005_ses01ses02-to-ses03 seed=0 acc=0.7850 (ntr=320 nval=80 nte=200)
2026-06-09 08:27:43 | INFO    | train_session_alignment | [align] riemannian_alignment   eegnet      multi_sub-006_ses01ses02-to-ses03 seed=0 acc=0.9550 (ntr=320 nval=80 nte=200)
2026-06-09 08:27:53 | INFO    | train_session_alignment | [align] riemannian_alignment   eegnet      multi_sub-007_ses01ses02-to-ses03 seed=0 acc=0.8450 (ntr=320 nval=80 nte=200)
2026-06-09 08:28:03 | INFO    | train_session_alignment | [align] riemannian_alignment   eegnet      multi_sub-008_ses01ses02-to-ses03 seed=0 acc=0.8500 (ntr=320 nval=80 nte=200)
2026-06-09 08:28:11 | INFO    | train_session_alignment | [align] riemannian_alignment   eegnet      multi_sub-009_ses01ses02-to-ses03 seed=0 acc=0.6300 (ntr=320 nval=80 nte=200)
2026-06-09 08:28:19 | INFO    | train_session_alignment | [align] riemannian_alignment   eegnet      multi_sub-010_ses01ses02-to-ses03 seed=0 acc=0.5550 (ntr=320 nval=80 nte=200)
2026-06-09 08:28:29 | INFO    | train_session_alignment | [align] riemannian_alignment   eegnet      multi_sub-011_ses01ses02-to-ses03 seed=0 acc=0.9500 (ntr=320 nval=80 nte=200)
2026-06-09 08:28:36 | INFO    | train_session_alignment | [align] riemannian_alignment   eegnet      multi_sub-012_ses01ses02-to-ses03 seed=0 acc=0.5300 (ntr=320 nval=80 nte=200)
2026-06-09 08:28:47 | INFO    | train_session_alignment | [align] riemannian_alignment   eegnet      multi_sub-013_ses01ses02-to-ses03 seed=0 acc=0.7900 (ntr=320 nval=80 nte=200)
2026-06-09 08:28:54 | INFO    | train_session_alignment | [align] riemannian_alignment   eegnet      multi_sub-014_ses01ses02-to-ses03 seed=0 acc=0.6250 (ntr=320 nval=80 nte=200)
2026-06-09 08:29:03 | INFO    | train_session_alignment | [align] riemannian_alignment   eegnet      multi_sub-015_ses01ses02-to-ses03 seed=0 acc=0.7300 (ntr=320 nval=80 nte=200)
2026-06-09 08:29:10 | INFO    | train_session_alignment | [align] riemannian_alignment   eegnet      multi_sub-016_ses01ses02-to-ses03 seed=0 acc=0.5150 (ntr=320 nval=80 nte=200)
2026-06-09 08:29:19 | INFO    | train_session_alignment | [align] riemannian_alignment   eegnet      multi_sub-017_ses01ses02-to-ses03 seed=0 acc=0.6800 (ntr=320 nval=80 nte=200)
2026-06-09 08:29:31 | INFO    | train_session_alignment | [align] riemannian_alignment   eegnet      multi_sub-018_ses01ses02-to-ses03 seed=0 acc=0.6600 (ntr=320 nval=80 nte=200)
2026-06-09 08:29:41 | INFO    | train_session_alignment | [align] riemannian_alignment   eegnet      multi_sub-019_ses01ses02-to-ses03 seed=0 acc=0.7900 (ntr=320 nval=80 nte=200)
2026-06-09 08:29:56 | INFO    | train_session_alignment | [align] riemannian_alignment   eegnet      multi_sub-020_ses01ses02-to-ses03 seed=0 acc=0.4650 (ntr=320 nval=80 nte=200)
2026-06-09 08:30:05 | INFO    | train_session_alignment | [align] riemannian_alignment   eegnet      multi_sub-021_ses01ses02-to-ses03 seed=0 acc=0.7750 (ntr=320 nval=80 nte=200)
2026-06-09 08:30:16 | INFO    | train_session_alignment | [align] riemannian_alignment   eegnet      multi_sub-022_ses01ses02-to-ses03 seed=0 acc=0.7700 (ntr=320 nval=80 nte=200)
2026-06-09 08:30:23 | INFO    | train_session_alignment | [align] riemannian_alignment   eegnet      multi_sub-025_ses01ses02-to-ses03 seed=0 acc=0.8050 (ntr=320 nval=80 nte=200)
2026-06-09 08:30:33 | INFO    | train_session_alignment | [align] riemannian_alignment   eegnet      multi_sub-027_ses01ses02-to-ses03 seed=0 acc=0.8050 (ntr=320 nval=80 nte=200)
2026-06-09 08:30:41 | INFO    | train_session_alignment | [align] riemannian_alignment   eegnet      multi_sub-028_ses01ses02-to-ses03 seed=0 acc=0.5450 (ntr=320 nval=80 nte=200)
2026-06-09 08:30:51 | INFO    | train_session_alignment | [align] riemannian_alignment   eegnet      multi_sub-029_ses01ses02-to-ses03 seed=0 acc=0.6400 (ntr=320 nval=80 nte=200)
2026-06-09 08:31:04 | INFO    | train_session_alignment | [align] riemannian_alignment   eegnet      multi_sub-030_ses01ses02-to-ses03 seed=0 acc=0.8700 (ntr=320 nval=80 nte=200)
2026-06-09 08:31:11 | INFO    | train_session_alignment | [align] riemannian_alignment   eegnet      multi_sub-031_ses01ses02-to-ses03 seed=0 acc=0.7700 (ntr=320 nval=80 nte=200)
2026-06-09 08:31:25 | INFO    | train_session_alignment | [align] riemannian_alignment   eegnet      multi_sub-033_ses01ses02-to-ses03 seed=0 acc=0.9550 (ntr=320 nval=80 nte=200)
2026-06-09 08:31:33 | INFO    | train_session_alignment | [align] riemannian_alignment   eegnet      multi_sub-034_ses01ses02-to-ses03 seed=0 acc=0.8250 (ntr=320 nval=80 nte=200)
2026-06-09 08:31:50 | INFO    | train_session_alignment | [align] riemannian_alignment   eegnet      multi_sub-035_ses01ses02-to-ses03 seed=0 acc=0.9450 (ntr=320 nval=80 nte=200)
2026-06-09 08:32:07 | INFO    | train_session_alignment | [align] riemannian_alignment   eegnet      multi_sub-036_ses01ses02-to-ses03 seed=0 acc=0.9900 (ntr=320 nval=80 nte=200)
2026-06-09 08:32:15 | INFO    | train_session_alignment | [align] riemannian_alignment   eegnet      multi_sub-037_ses01ses02-to-ses03 seed=0 acc=0.9100 (ntr=320 nval=80 nte=200)
2026-06-09 08:32:34 | INFO    | train_session_alignment | [align] riemannian_alignment   eegnet      multi_sub-038_ses01ses02-to-ses03 seed=0 acc=0.6100 (ntr=320 nval=80 nte=200)
2026-06-09 08:32:41 | INFO    | train_session_alignment | [align] riemannian_alignment   eegnet      multi_sub-039_ses01ses02-to-ses03 seed=0 acc=0.4900 (ntr=320 nval=80 nte=200)
2026-06-09 08:32:50 | INFO    | train_session_alignment | [align] riemannian_alignment   eegnet      multi_sub-040_ses01ses02-to-ses03 seed=0 acc=0.7900 (ntr=320 nval=80 nte=200)
2026-06-09 08:32:58 | INFO    | train_session_alignment | [align] riemannian_alignment   eegnet      multi_sub-041_ses01ses02-to-ses03 seed=0 acc=0.8650 (ntr=320 nval=80 nte=200)
2026-06-09 08:33:06 | INFO    | train_session_alignment | [align] riemannian_alignment   eegnet      multi_sub-042_ses01ses02-to-ses03 seed=0 acc=0.6850 (ntr=320 nval=80 nte=200)
2026-06-09 08:33:28 | INFO    | train_session_alignment | [align] riemannian_alignment   eegnet      multi_sub-043_ses01ses02-to-ses03 seed=0 acc=0.9700 (ntr=320 nval=80 nte=200)
2026-06-09 08:33:36 | INFO    | train_session_alignment | [align] riemannian_alignment   eegnet      multi_sub-044_ses01ses02-to-ses03 seed=0 acc=0.7150 (ntr=320 nval=80 nte=200)
2026-06-09 08:33:45 | INFO    | train_session_alignment | [align] riemannian_alignment   eegnet      multi_sub-045_ses01ses02-to-ses03 seed=0 acc=0.8150 (ntr=320 nval=80 nte=200)
2026-06-09 08:34:06 | INFO    | train_session_alignment | [align] riemannian_alignment   eegnet      multi_sub-046_ses01ses02-to-ses03 seed=0 acc=0.9600 (ntr=320 nval=80 nte=200)
2026-06-09 08:34:16 | INFO    | train_session_alignment | [align] riemannian_alignment   eegnet      multi_sub-047_ses01ses02-to-ses03 seed=0 acc=0.9000 (ntr=320 nval=80 nte=200)
2026-06-09 08:34:25 | INFO    | train_session_alignment | [align] riemannian_alignment   eegnet      multi_sub-048_ses01ses02-to-ses03 seed=0 acc=0.8500 (ntr=320 nval=80 nte=200)
2026-06-09 08:34:35 | INFO    | train_session_alignment | [align] riemannian_alignment   eegnet      multi_sub-049_ses01ses02-to-ses03 seed=0 acc=0.8550 (ntr=320 nval=80 nte=200)
2026-06-09 08:34:51 | INFO    | train_session_alignment | [align] riemannian_alignment   eegnet      multi_sub-050_ses01ses02-to-ses03 seed=0 acc=0.9700 (ntr=320 nval=80 nte=200)
2026-06-09 08:35:01 | INFO    | train_session_alignment | [align] riemannian_alignment   eegnet      multi_sub-051_ses01ses02-to-ses03 seed=0 acc=0.8800 (ntr=320 nval=80 nte=200)
2026-06-09 08:35:01 | INFO    | train_session_alignment | ALL DONE in 2980.0s | rows=335 ok=335 failed=0 | out=/share/home/yuan/SYX/eeg-mi-online/outputs/experiments/alignment_baseline_v1
Done: Tue Jun  9 08:35:02 CST 2026
