Project: /share/home/yuan/SYX/eeg-mi-online
Env    : mi_torch_cu118
Args   : --methods filterbank_reweighting --models eegnet --seeds 2 --protocols single,multi --tag-suffix filterbank_reweighting_eegnet_s2
Node   : gpu01 | Start: Tue Jun  9 14:54:09 CST 2026
Tue Jun  9 14:54:10 2026       
+-----------------------------------------------------------------------------------------+
| NVIDIA-SMI 570.153.02             Driver Version: 570.153.02     CUDA Version: 12.8     |
|-----------------------------------------+------------------------+----------------------+
| GPU  Name                 Persistence-M | Bus-Id          Disp.A | Volatile Uncorr. ECC |
| Fan  Temp   Perf          Pwr:Usage/Cap |           Memory-Usage | GPU-Util  Compute M. |
|                                         |                        |               MIG M. |
|=========================================+========================+======================|
|   0  NVIDIA GeForce RTX 4090 D      On  |   00000000:61:00.0 Off |                  Off |
| 38%   44C    P0             59W /  425W |       1MiB /  24564MiB |      0%      Default |
|                                         |                        |                  N/A |
+-----------------------------------------+------------------------+----------------------+
                                                                                         
+-----------------------------------------------------------------------------------------+
| Processes:                                                                              |
|  GPU   GI   CI              PID   Type   Process name                        GPU Memory |
|        ID   ID                                                               Usage      |
|=========================================================================================|
|  No running processes found                                                             |
+-----------------------------------------------------------------------------------------+
[cuda-check] torch=2.7.1+cu118 cuda_build=11.8 cuda_avail=True
2026-06-09 14:54:13 | INFO    | train_session_alignment | device=cuda | cuda={'torch': '2.7.1+cu118', 'cuda_build': '11.8', 'cuda_available': True, 'device': 'cuda', 'device_name': 'NVIDIA GeForce RTX 4090 D'}
2026-06-09 14:54:13 | INFO    | train_session_alignment | loaded 148 ok sessions | methods=['filterbank_reweighting'] | models=['eegnet'] | seeds=[2] | groups=['single', 'multi'] | tasks=335
2026-06-09 14:54:26 | INFO    | train_session_alignment | [align] filterbank_reweighting eegnet      single_sub-001_ses01-to-ses02 seed=2 acc=0.8100 (ntr=160 nval=40 nte=200)
2026-06-09 14:54:38 | INFO    | train_session_alignment | [align] filterbank_reweighting eegnet      single_sub-001_ses01-to-ses03 seed=2 acc=0.8050 (ntr=160 nval=40 nte=200)
2026-06-09 14:54:46 | INFO    | train_session_alignment | [align] filterbank_reweighting eegnet      single_sub-001_ses02-to-ses01 seed=2 acc=0.6300 (ntr=160 nval=40 nte=200)
2026-06-09 14:54:55 | INFO    | train_session_alignment | [align] filterbank_reweighting eegnet      single_sub-001_ses02-to-ses03 seed=2 acc=0.9700 (ntr=160 nval=40 nte=200)
2026-06-09 14:55:14 | INFO    | train_session_alignment | [align] filterbank_reweighting eegnet      single_sub-001_ses03-to-ses01 seed=2 acc=0.7350 (ntr=160 nval=40 nte=200)
2026-06-09 14:55:33 | INFO    | train_session_alignment | [align] filterbank_reweighting eegnet      single_sub-001_ses03-to-ses02 seed=2 acc=0.9550 (ntr=160 nval=40 nte=200)
2026-06-09 14:55:40 | INFO    | train_session_alignment | [align] filterbank_reweighting eegnet      single_sub-002_ses01-to-ses02 seed=2 acc=0.5200 (ntr=160 nval=40 nte=200)
2026-06-09 14:55:47 | INFO    | train_session_alignment | [align] filterbank_reweighting eegnet      single_sub-002_ses01-to-ses03 seed=2 acc=0.5750 (ntr=160 nval=40 nte=200)
2026-06-09 14:55:53 | INFO    | train_session_alignment | [align] filterbank_reweighting eegnet      single_sub-002_ses02-to-ses01 seed=2 acc=0.4550 (ntr=160 nval=40 nte=200)
2026-06-09 14:55:59 | INFO    | train_session_alignment | [align] filterbank_reweighting eegnet      single_sub-002_ses02-to-ses03 seed=2 acc=0.5250 (ntr=160 nval=40 nte=200)
2026-06-09 14:56:09 | INFO    | train_session_alignment | [align] filterbank_reweighting eegnet      single_sub-002_ses03-to-ses01 seed=2 acc=0.5850 (ntr=160 nval=40 nte=200)
2026-06-09 14:56:19 | INFO    | train_session_alignment | [align] filterbank_reweighting eegnet      single_sub-002_ses03-to-ses02 seed=2 acc=0.5500 (ntr=160 nval=40 nte=200)
2026-06-09 14:56:30 | INFO    | train_session_alignment | [align] filterbank_reweighting eegnet      single_sub-003_ses01-to-ses02 seed=2 acc=0.9450 (ntr=160 nval=40 nte=200)
2026-06-09 14:56:41 | INFO    | train_session_alignment | [align] filterbank_reweighting eegnet      single_sub-003_ses01-to-ses03 seed=2 acc=0.9150 (ntr=160 nval=40 nte=200)
2026-06-09 14:56:59 | INFO    | train_session_alignment | [align] filterbank_reweighting eegnet      single_sub-003_ses02-to-ses01 seed=2 acc=0.8500 (ntr=160 nval=40 nte=200)
2026-06-09 14:57:18 | INFO    | train_session_alignment | [align] filterbank_reweighting eegnet      single_sub-003_ses02-to-ses03 seed=2 acc=0.7800 (ntr=160 nval=40 nte=200)
2026-06-09 14:57:28 | INFO    | train_session_alignment | [align] filterbank_reweighting eegnet      single_sub-003_ses03-to-ses01 seed=2 acc=0.5000 (ntr=160 nval=40 nte=200)
2026-06-09 14:57:37 | INFO    | train_session_alignment | [align] filterbank_reweighting eegnet      single_sub-003_ses03-to-ses02 seed=2 acc=0.5000 (ntr=160 nval=40 nte=200)
2026-06-09 14:57:43 | INFO    | train_session_alignment | [align] filterbank_reweighting eegnet      single_sub-004_ses01-to-ses02 seed=2 acc=0.4800 (ntr=160 nval=40 nte=200)
2026-06-09 14:57:49 | INFO    | train_session_alignment | [align] filterbank_reweighting eegnet      single_sub-004_ses01-to-ses03 seed=2 acc=0.5050 (ntr=160 nval=40 nte=200)
2026-06-09 14:57:55 | INFO    | train_session_alignment | [align] filterbank_reweighting eegnet      single_sub-004_ses02-to-ses01 seed=2 acc=0.5100 (ntr=160 nval=40 nte=200)
2026-06-09 14:58:01 | INFO    | train_session_alignment | [align] filterbank_reweighting eegnet      single_sub-004_ses02-to-ses03 seed=2 acc=0.4750 (ntr=160 nval=40 nte=200)
2026-06-09 14:58:13 | INFO    | train_session_alignment | [align] filterbank_reweighting eegnet      single_sub-004_ses03-to-ses01 seed=2 acc=0.5400 (ntr=160 nval=40 nte=200)
2026-06-09 14:58:24 | INFO    | train_session_alignment | [align] filterbank_reweighting eegnet      single_sub-004_ses03-to-ses02 seed=2 acc=0.5100 (ntr=160 nval=40 nte=200)
2026-06-09 14:58:39 | INFO    | train_session_alignment | [align] filterbank_reweighting eegnet      single_sub-005_ses01-to-ses02 seed=2 acc=0.8750 (ntr=160 nval=40 nte=200)
2026-06-09 14:58:53 | INFO    | train_session_alignment | [align] filterbank_reweighting eegnet      single_sub-005_ses01-to-ses03 seed=2 acc=0.7550 (ntr=160 nval=40 nte=200)
2026-06-09 14:59:06 | INFO    | train_session_alignment | [align] filterbank_reweighting eegnet      single_sub-005_ses02-to-ses01 seed=2 acc=0.8750 (ntr=160 nval=40 nte=200)
2026-06-09 14:59:18 | INFO    | train_session_alignment | [align] filterbank_reweighting eegnet      single_sub-005_ses02-to-ses03 seed=2 acc=0.7750 (ntr=160 nval=40 nte=200)
2026-06-09 14:59:25 | INFO    | train_session_alignment | [align] filterbank_reweighting eegnet      single_sub-005_ses03-to-ses01 seed=2 acc=0.8400 (ntr=160 nval=40 nte=200)
2026-06-09 14:59:33 | INFO    | train_session_alignment | [align] filterbank_reweighting eegnet      single_sub-005_ses03-to-ses02 seed=2 acc=0.8250 (ntr=160 nval=40 nte=200)
2026-06-09 14:59:41 | INFO    | train_session_alignment | [align] filterbank_reweighting eegnet      single_sub-006_ses01-to-ses02 seed=2 acc=0.8500 (ntr=160 nval=40 nte=200)
2026-06-09 14:59:48 | INFO    | train_session_alignment | [align] filterbank_reweighting eegnet      single_sub-006_ses01-to-ses03 seed=2 acc=0.9100 (ntr=160 nval=40 nte=200)
2026-06-09 15:00:06 | INFO    | train_session_alignment | [align] filterbank_reweighting eegnet      single_sub-006_ses02-to-ses01 seed=2 acc=0.6950 (ntr=160 nval=40 nte=200)
2026-06-09 15:00:24 | INFO    | train_session_alignment | [align] filterbank_reweighting eegnet      single_sub-006_ses02-to-ses03 seed=2 acc=0.9350 (ntr=160 nval=40 nte=200)
2026-06-09 15:00:33 | INFO    | train_session_alignment | [align] filterbank_reweighting eegnet      single_sub-006_ses03-to-ses01 seed=2 acc=0.7650 (ntr=160 nval=40 nte=200)
2026-06-09 15:00:43 | INFO    | train_session_alignment | [align] filterbank_reweighting eegnet      single_sub-006_ses03-to-ses02 seed=2 acc=0.9100 (ntr=160 nval=40 nte=200)
2026-06-09 15:00:51 | INFO    | train_session_alignment | [align] filterbank_reweighting eegnet      single_sub-007_ses01-to-ses02 seed=2 acc=0.7250 (ntr=160 nval=40 nte=200)
2026-06-09 15:00:59 | INFO    | train_session_alignment | [align] filterbank_reweighting eegnet      single_sub-007_ses01-to-ses03 seed=2 acc=0.8450 (ntr=160 nval=40 nte=200)
2026-06-09 15:01:09 | INFO    | train_session_alignment | [align] filterbank_reweighting eegnet      single_sub-007_ses02-to-ses01 seed=2 acc=0.6100 (ntr=160 nval=40 nte=200)
2026-06-09 15:01:18 | INFO    | train_session_alignment | [align] filterbank_reweighting eegnet      single_sub-007_ses02-to-ses03 seed=2 acc=0.8500 (ntr=160 nval=40 nte=200)
2026-06-09 15:01:26 | INFO    | train_session_alignment | [align] filterbank_reweighting eegnet      single_sub-007_ses03-to-ses01 seed=2 acc=0.6350 (ntr=160 nval=40 nte=200)
2026-06-09 15:01:34 | INFO    | train_session_alignment | [align] filterbank_reweighting eegnet      single_sub-007_ses03-to-ses02 seed=2 acc=0.6050 (ntr=160 nval=40 nte=200)
2026-06-09 15:01:52 | INFO    | train_session_alignment | [align] filterbank_reweighting eegnet      single_sub-008_ses01-to-ses02 seed=2 acc=0.7200 (ntr=160 nval=40 nte=200)
2026-06-09 15:02:10 | INFO    | train_session_alignment | [align] filterbank_reweighting eegnet      single_sub-008_ses01-to-ses03 seed=2 acc=0.7800 (ntr=160 nval=40 nte=200)
2026-06-09 15:02:22 | INFO    | train_session_alignment | [align] filterbank_reweighting eegnet      single_sub-008_ses02-to-ses01 seed=2 acc=0.6150 (ntr=160 nval=40 nte=200)
2026-06-09 15:02:34 | INFO    | train_session_alignment | [align] filterbank_reweighting eegnet      single_sub-008_ses02-to-ses03 seed=2 acc=0.7550 (ntr=160 nval=40 nte=200)
2026-06-09 15:02:43 | INFO    | train_session_alignment | [align] filterbank_reweighting eegnet      single_sub-008_ses03-to-ses01 seed=2 acc=0.6250 (ntr=160 nval=40 nte=200)
2026-06-09 15:02:51 | INFO    | train_session_alignment | [align] filterbank_reweighting eegnet      single_sub-008_ses03-to-ses02 seed=2 acc=0.8050 (ntr=160 nval=40 nte=200)
2026-06-09 15:03:02 | INFO    | train_session_alignment | [align] filterbank_reweighting eegnet      single_sub-009_ses01-to-ses02 seed=2 acc=0.6800 (ntr=160 nval=40 nte=200)
2026-06-09 15:03:12 | INFO    | train_session_alignment | [align] filterbank_reweighting eegnet      single_sub-009_ses01-to-ses03 seed=2 acc=0.6200 (ntr=160 nval=40 nte=200)
2026-06-09 15:03:18 | INFO    | train_session_alignment | [align] filterbank_reweighting eegnet      single_sub-009_ses02-to-ses01 seed=2 acc=0.6500 (ntr=160 nval=40 nte=200)
2026-06-09 15:03:25 | INFO    | train_session_alignment | [align] filterbank_reweighting eegnet      single_sub-009_ses02-to-ses03 seed=2 acc=0.6300 (ntr=160 nval=40 nte=200)
2026-06-09 15:03:32 | INFO    | train_session_alignment | [align] filterbank_reweighting eegnet      single_sub-009_ses03-to-ses01 seed=2 acc=0.5200 (ntr=160 nval=40 nte=200)
2026-06-09 15:03:39 | INFO    | train_session_alignment | [align] filterbank_reweighting eegnet      single_sub-009_ses03-to-ses02 seed=2 acc=0.5450 (ntr=160 nval=40 nte=200)
2026-06-09 15:03:47 | INFO    | train_session_alignment | [align] filterbank_reweighting eegnet      single_sub-010_ses01-to-ses02 seed=2 acc=0.7250 (ntr=160 nval=40 nte=200)
2026-06-09 15:03:55 | INFO    | train_session_alignment | [align] filterbank_reweighting eegnet      single_sub-010_ses01-to-ses03 seed=2 acc=0.6600 (ntr=160 nval=40 nte=200)
2026-06-09 15:04:09 | INFO    | train_session_alignment | [align] filterbank_reweighting eegnet      single_sub-010_ses02-to-ses01 seed=2 acc=0.7200 (ntr=160 nval=40 nte=200)
2026-06-09 15:04:22 | INFO    | train_session_alignment | [align] filterbank_reweighting eegnet      single_sub-010_ses02-to-ses03 seed=2 acc=0.7250 (ntr=160 nval=40 nte=200)
2026-06-09 15:04:30 | INFO    | train_session_alignment | [align] filterbank_reweighting eegnet      single_sub-010_ses03-to-ses01 seed=2 acc=0.5800 (ntr=160 nval=40 nte=200)
2026-06-09 15:04:39 | INFO    | train_session_alignment | [align] filterbank_reweighting eegnet      single_sub-010_ses03-to-ses02 seed=2 acc=0.6100 (ntr=160 nval=40 nte=200)
2026-06-09 15:04:50 | INFO    | train_session_alignment | [align] filterbank_reweighting eegnet      single_sub-011_ses01-to-ses02 seed=2 acc=0.7100 (ntr=160 nval=40 nte=200)
2026-06-09 15:05:01 | INFO    | train_session_alignment | [align] filterbank_reweighting eegnet      single_sub-011_ses01-to-ses03 seed=2 acc=0.8750 (ntr=160 nval=40 nte=200)
2026-06-09 15:05:10 | INFO    | train_session_alignment | [align] filterbank_reweighting eegnet      single_sub-011_ses02-to-ses01 seed=2 acc=0.7600 (ntr=160 nval=40 nte=200)
2026-06-09 15:05:18 | INFO    | train_session_alignment | [align] filterbank_reweighting eegnet      single_sub-011_ses02-to-ses03 seed=2 acc=0.6400 (ntr=160 nval=40 nte=200)
2026-06-09 15:05:36 | INFO    | train_session_alignment | [align] filterbank_reweighting eegnet      single_sub-011_ses03-to-ses01 seed=2 acc=0.8750 (ntr=160 nval=40 nte=200)
2026-06-09 15:05:54 | INFO    | train_session_alignment | [align] filterbank_reweighting eegnet      single_sub-011_ses03-to-ses02 seed=2 acc=0.7000 (ntr=160 nval=40 nte=200)
2026-06-09 15:06:01 | INFO    | train_session_alignment | [align] filterbank_reweighting eegnet      single_sub-012_ses01-to-ses02 seed=2 acc=0.4650 (ntr=160 nval=40 nte=200)
2026-06-09 15:06:09 | INFO    | train_session_alignment | [align] filterbank_reweighting eegnet      single_sub-012_ses01-to-ses03 seed=2 acc=0.5450 (ntr=160 nval=40 nte=200)
2026-06-09 15:06:15 | INFO    | train_session_alignment | [align] filterbank_reweighting eegnet      single_sub-012_ses02-to-ses01 seed=2 acc=0.5450 (ntr=160 nval=40 nte=200)
2026-06-09 15:06:22 | INFO    | train_session_alignment | [align] filterbank_reweighting eegnet      single_sub-012_ses02-to-ses03 seed=2 acc=0.5300 (ntr=160 nval=40 nte=200)
2026-06-09 15:06:28 | INFO    | train_session_alignment | [align] filterbank_reweighting eegnet      single_sub-012_ses03-to-ses01 seed=2 acc=0.5150 (ntr=160 nval=40 nte=200)
2026-06-09 15:06:34 | INFO    | train_session_alignment | [align] filterbank_reweighting eegnet      single_sub-012_ses03-to-ses02 seed=2 acc=0.4900 (ntr=160 nval=40 nte=200)
2026-06-09 15:06:43 | INFO    | train_session_alignment | [align] filterbank_reweighting eegnet      single_sub-013_ses01-to-ses02 seed=2 acc=0.5500 (ntr=160 nval=40 nte=200)
2026-06-09 15:06:52 | INFO    | train_session_alignment | [align] filterbank_reweighting eegnet      single_sub-013_ses01-to-ses03 seed=2 acc=0.8750 (ntr=160 nval=40 nte=200)
2026-06-09 15:06:59 | INFO    | train_session_alignment | [align] filterbank_reweighting eegnet      single_sub-013_ses02-to-ses01 seed=2 acc=0.6400 (ntr=160 nval=40 nte=200)
2026-06-09 15:07:07 | INFO    | train_session_alignment | [align] filterbank_reweighting eegnet      single_sub-013_ses02-to-ses03 seed=2 acc=0.6550 (ntr=160 nval=40 nte=200)
2026-06-09 15:07:13 | INFO    | train_session_alignment | [align] filterbank_reweighting eegnet      single_sub-013_ses03-to-ses01 seed=2 acc=0.7800 (ntr=160 nval=40 nte=200)
2026-06-09 15:07:20 | INFO    | train_session_alignment | [align] filterbank_reweighting eegnet      single_sub-013_ses03-to-ses02 seed=2 acc=0.5350 (ntr=160 nval=40 nte=200)
2026-06-09 15:07:26 | INFO    | train_session_alignment | [align] filterbank_reweighting eegnet      single_sub-014_ses01-to-ses02 seed=2 acc=0.4650 (ntr=160 nval=40 nte=200)
2026-06-09 15:07:32 | INFO    | train_session_alignment | [align] filterbank_reweighting eegnet      single_sub-014_ses01-to-ses03 seed=2 acc=0.4550 (ntr=160 nval=40 nte=200)
2026-06-09 15:07:39 | INFO    | train_session_alignment | [align] filterbank_reweighting eegnet      single_sub-014_ses02-to-ses01 seed=2 acc=0.4850 (ntr=160 nval=40 nte=200)
2026-06-09 15:07:47 | INFO    | train_session_alignment | [align] filterbank_reweighting eegnet      single_sub-014_ses02-to-ses03 seed=2 acc=0.4850 (ntr=160 nval=40 nte=200)
2026-06-09 15:07:53 | INFO    | train_session_alignment | [align] filterbank_reweighting eegnet      single_sub-014_ses03-to-ses01 seed=2 acc=0.5050 (ntr=160 nval=40 nte=200)
2026-06-09 15:07:59 | INFO    | train_session_alignment | [align] filterbank_reweighting eegnet      single_sub-014_ses03-to-ses02 seed=2 acc=0.4650 (ntr=160 nval=40 nte=200)
2026-06-09 15:08:08 | INFO    | train_session_alignment | [align] filterbank_reweighting eegnet      single_sub-015_ses01-to-ses02 seed=2 acc=0.6950 (ntr=160 nval=40 nte=200)
2026-06-09 15:08:17 | INFO    | train_session_alignment | [align] filterbank_reweighting eegnet      single_sub-015_ses01-to-ses03 seed=2 acc=0.5250 (ntr=160 nval=40 nte=200)
2026-06-09 15:08:26 | INFO    | train_session_alignment | [align] filterbank_reweighting eegnet      single_sub-015_ses02-to-ses01 seed=2 acc=0.7150 (ntr=160 nval=40 nte=200)
2026-06-09 15:08:36 | INFO    | train_session_alignment | [align] filterbank_reweighting eegnet      single_sub-015_ses02-to-ses03 seed=2 acc=0.5400 (ntr=160 nval=40 nte=200)
2026-06-09 15:08:52 | INFO    | train_session_alignment | [align] filterbank_reweighting eegnet      single_sub-015_ses03-to-ses01 seed=2 acc=0.6300 (ntr=160 nval=40 nte=200)
2026-06-09 15:09:07 | INFO    | train_session_alignment | [align] filterbank_reweighting eegnet      single_sub-015_ses03-to-ses02 seed=2 acc=0.6250 (ntr=160 nval=40 nte=200)
2026-06-09 15:09:13 | INFO    | train_session_alignment | [align] filterbank_reweighting eegnet      single_sub-016_ses01-to-ses02 seed=2 acc=0.5150 (ntr=160 nval=40 nte=200)
2026-06-09 15:09:19 | INFO    | train_session_alignment | [align] filterbank_reweighting eegnet      single_sub-016_ses01-to-ses03 seed=2 acc=0.5350 (ntr=160 nval=40 nte=200)
2026-06-09 15:09:26 | INFO    | train_session_alignment | [align] filterbank_reweighting eegnet      single_sub-016_ses02-to-ses01 seed=2 acc=0.5300 (ntr=160 nval=40 nte=200)
2026-06-09 15:09:32 | INFO    | train_session_alignment | [align] filterbank_reweighting eegnet      single_sub-016_ses02-to-ses03 seed=2 acc=0.4400 (ntr=160 nval=40 nte=200)
2026-06-09 15:09:39 | INFO    | train_session_alignment | [align] filterbank_reweighting eegnet      single_sub-016_ses03-to-ses01 seed=2 acc=0.5400 (ntr=160 nval=40 nte=200)
2026-06-09 15:09:45 | INFO    | train_session_alignment | [align] filterbank_reweighting eegnet      single_sub-016_ses03-to-ses02 seed=2 acc=0.5100 (ntr=160 nval=40 nte=200)
2026-06-09 15:09:57 | INFO    | train_session_alignment | [align] filterbank_reweighting eegnet      single_sub-017_ses01-to-ses02 seed=2 acc=0.6400 (ntr=160 nval=40 nte=200)
2026-06-09 15:10:09 | INFO    | train_session_alignment | [align] filterbank_reweighting eegnet      single_sub-017_ses01-to-ses03 seed=2 acc=0.5450 (ntr=160 nval=40 nte=200)
2026-06-09 15:10:18 | INFO    | train_session_alignment | [align] filterbank_reweighting eegnet      single_sub-017_ses02-to-ses01 seed=2 acc=0.7050 (ntr=160 nval=40 nte=200)
2026-06-09 15:10:26 | INFO    | train_session_alignment | [align] filterbank_reweighting eegnet      single_sub-017_ses02-to-ses03 seed=2 acc=0.8450 (ntr=160 nval=40 nte=200)
2026-06-09 15:10:38 | INFO    | train_session_alignment | [align] filterbank_reweighting eegnet      single_sub-017_ses03-to-ses01 seed=2 acc=0.6300 (ntr=160 nval=40 nte=200)
2026-06-09 15:10:50 | INFO    | train_session_alignment | [align] filterbank_reweighting eegnet      single_sub-017_ses03-to-ses02 seed=2 acc=0.7450 (ntr=160 nval=40 nte=200)
2026-06-09 15:10:58 | INFO    | train_session_alignment | [align] filterbank_reweighting eegnet      single_sub-018_ses01-to-ses02 seed=2 acc=0.5100 (ntr=160 nval=40 nte=200)
2026-06-09 15:11:05 | INFO    | train_session_alignment | [align] filterbank_reweighting eegnet      single_sub-018_ses01-to-ses03 seed=2 acc=0.5250 (ntr=160 nval=40 nte=200)
2026-06-09 15:11:15 | INFO    | train_session_alignment | [align] filterbank_reweighting eegnet      single_sub-018_ses02-to-ses01 seed=2 acc=0.5850 (ntr=160 nval=40 nte=200)
2026-06-09 15:11:25 | INFO    | train_session_alignment | [align] filterbank_reweighting eegnet      single_sub-018_ses02-to-ses03 seed=2 acc=0.6500 (ntr=160 nval=40 nte=200)
2026-06-09 15:11:31 | INFO    | train_session_alignment | [align] filterbank_reweighting eegnet      single_sub-018_ses03-to-ses01 seed=2 acc=0.5400 (ntr=160 nval=40 nte=200)
2026-06-09 15:11:37 | INFO    | train_session_alignment | [align] filterbank_reweighting eegnet      single_sub-018_ses03-to-ses02 seed=2 acc=0.4850 (ntr=160 nval=40 nte=200)
2026-06-09 15:11:45 | INFO    | train_session_alignment | [align] filterbank_reweighting eegnet      single_sub-019_ses01-to-ses02 seed=2 acc=0.5150 (ntr=160 nval=40 nte=200)
2026-06-09 15:11:54 | INFO    | train_session_alignment | [align] filterbank_reweighting eegnet      single_sub-019_ses01-to-ses03 seed=2 acc=0.6500 (ntr=160 nval=40 nte=200)
2026-06-09 15:12:04 | INFO    | train_session_alignment | [align] filterbank_reweighting eegnet      single_sub-019_ses02-to-ses01 seed=2 acc=0.5550 (ntr=160 nval=40 nte=200)
2026-06-09 15:12:14 | INFO    | train_session_alignment | [align] filterbank_reweighting eegnet      single_sub-019_ses02-to-ses03 seed=2 acc=0.7700 (ntr=160 nval=40 nte=200)
2026-06-09 15:12:22 | INFO    | train_session_alignment | [align] filterbank_reweighting eegnet      single_sub-019_ses03-to-ses01 seed=2 acc=0.5500 (ntr=160 nval=40 nte=200)
2026-06-09 15:12:31 | INFO    | train_session_alignment | [align] filterbank_reweighting eegnet      single_sub-019_ses03-to-ses02 seed=2 acc=0.8400 (ntr=160 nval=40 nte=200)
2026-06-09 15:12:45 | INFO    | train_session_alignment | [align] filterbank_reweighting eegnet      single_sub-020_ses01-to-ses02 seed=2 acc=0.8700 (ntr=160 nval=40 nte=200)
2026-06-09 15:12:59 | INFO    | train_session_alignment | [align] filterbank_reweighting eegnet      single_sub-020_ses01-to-ses03 seed=2 acc=0.4500 (ntr=160 nval=40 nte=200)
2026-06-09 15:13:10 | INFO    | train_session_alignment | [align] filterbank_reweighting eegnet      single_sub-020_ses02-to-ses01 seed=2 acc=0.7500 (ntr=160 nval=40 nte=200)
2026-06-09 15:13:20 | INFO    | train_session_alignment | [align] filterbank_reweighting eegnet      single_sub-020_ses02-to-ses03 seed=2 acc=0.4800 (ntr=160 nval=40 nte=200)
2026-06-09 15:13:37 | INFO    | train_session_alignment | [align] filterbank_reweighting eegnet      single_sub-020_ses03-to-ses01 seed=2 acc=0.5400 (ntr=160 nval=40 nte=200)
2026-06-09 15:13:55 | INFO    | train_session_alignment | [align] filterbank_reweighting eegnet      single_sub-020_ses03-to-ses02 seed=2 acc=0.5850 (ntr=160 nval=40 nte=200)
2026-06-09 15:14:08 | INFO    | train_session_alignment | [align] filterbank_reweighting eegnet      single_sub-021_ses01-to-ses02 seed=2 acc=0.7150 (ntr=160 nval=40 nte=200)
2026-06-09 15:14:22 | INFO    | train_session_alignment | [align] filterbank_reweighting eegnet      single_sub-021_ses01-to-ses03 seed=2 acc=0.7150 (ntr=160 nval=40 nte=200)
2026-06-09 15:14:33 | INFO    | train_session_alignment | [align] filterbank_reweighting eegnet      single_sub-021_ses02-to-ses01 seed=2 acc=0.7950 (ntr=160 nval=40 nte=200)
2026-06-09 15:14:45 | INFO    | train_session_alignment | [align] filterbank_reweighting eegnet      single_sub-021_ses02-to-ses03 seed=2 acc=0.6500 (ntr=160 nval=40 nte=200)
2026-06-09 15:14:52 | INFO    | train_session_alignment | [align] filterbank_reweighting eegnet      single_sub-021_ses03-to-ses01 seed=2 acc=0.7000 (ntr=160 nval=40 nte=200)
2026-06-09 15:15:00 | INFO    | train_session_alignment | [align] filterbank_reweighting eegnet      single_sub-021_ses03-to-ses02 seed=2 acc=0.5700 (ntr=160 nval=40 nte=200)
2026-06-09 15:15:08 | INFO    | train_session_alignment | [align] filterbank_reweighting eegnet      single_sub-022_ses01-to-ses02 seed=2 acc=0.5350 (ntr=160 nval=40 nte=200)
2026-06-09 15:15:15 | INFO    | train_session_alignment | [align] filterbank_reweighting eegnet      single_sub-022_ses01-to-ses03 seed=2 acc=0.5300 (ntr=160 nval=40 nte=200)
2026-06-09 15:15:23 | INFO    | train_session_alignment | [align] filterbank_reweighting eegnet      single_sub-022_ses02-to-ses01 seed=2 acc=0.5800 (ntr=160 nval=40 nte=200)
2026-06-09 15:15:30 | INFO    | train_session_alignment | [align] filterbank_reweighting eegnet      single_sub-022_ses02-to-ses03 seed=2 acc=0.7850 (ntr=160 nval=40 nte=200)
2026-06-09 15:15:39 | INFO    | train_session_alignment | [align] filterbank_reweighting eegnet      single_sub-022_ses03-to-ses01 seed=2 acc=0.5950 (ntr=160 nval=40 nte=200)
2026-06-09 15:15:47 | INFO    | train_session_alignment | [align] filterbank_reweighting eegnet      single_sub-022_ses03-to-ses02 seed=2 acc=0.7200 (ntr=160 nval=40 nte=200)
2026-06-09 15:15:58 | INFO    | train_session_alignment | [align] filterbank_reweighting eegnet      single_sub-023_ses02-to-ses03 seed=2 acc=0.9050 (ntr=160 nval=40 nte=200)
2026-06-09 15:16:09 | INFO    | train_session_alignment | [align] filterbank_reweighting eegnet      single_sub-023_ses03-to-ses02 seed=2 acc=0.8350 (ntr=160 nval=40 nte=200)
2026-06-09 15:16:20 | INFO    | train_session_alignment | [align] filterbank_reweighting eegnet      single_sub-025_ses01-to-ses02 seed=2 acc=0.6900 (ntr=160 nval=40 nte=200)
2026-06-09 15:16:30 | INFO    | train_session_alignment | [align] filterbank_reweighting eegnet      single_sub-025_ses01-to-ses03 seed=2 acc=0.7500 (ntr=160 nval=40 nte=200)
2026-06-09 15:16:42 | INFO    | train_session_alignment | [align] filterbank_reweighting eegnet      single_sub-025_ses02-to-ses01 seed=2 acc=0.6600 (ntr=160 nval=40 nte=200)
2026-06-09 15:16:54 | INFO    | train_session_alignment | [align] filterbank_reweighting eegnet      single_sub-025_ses02-to-ses03 seed=2 acc=0.8100 (ntr=160 nval=40 nte=200)
2026-06-09 15:17:05 | INFO    | train_session_alignment | [align] filterbank_reweighting eegnet      single_sub-025_ses03-to-ses01 seed=2 acc=0.7250 (ntr=160 nval=40 nte=200)
2026-06-09 15:17:15 | INFO    | train_session_alignment | [align] filterbank_reweighting eegnet      single_sub-025_ses03-to-ses02 seed=2 acc=0.8500 (ntr=160 nval=40 nte=200)
2026-06-09 15:17:26 | INFO    | train_session_alignment | [align] filterbank_reweighting eegnet      single_sub-026_ses02-to-ses03 seed=2 acc=0.8200 (ntr=160 nval=40 nte=200)
2026-06-09 15:17:34 | INFO    | train_session_alignment | [align] filterbank_reweighting eegnet      single_sub-026_ses03-to-ses02 seed=2 acc=0.6500 (ntr=160 nval=40 nte=200)
2026-06-09 15:17:40 | INFO    | train_session_alignment | [align] filterbank_reweighting eegnet      single_sub-027_ses01-to-ses02 seed=2 acc=0.4350 (ntr=160 nval=40 nte=200)
2026-06-09 15:17:46 | INFO    | train_session_alignment | [align] filterbank_reweighting eegnet      single_sub-027_ses01-to-ses03 seed=2 acc=0.5200 (ntr=160 nval=40 nte=200)
2026-06-09 15:17:52 | INFO    | train_session_alignment | [align] filterbank_reweighting eegnet      single_sub-027_ses02-to-ses01 seed=2 acc=0.5300 (ntr=160 nval=40 nte=200)
2026-06-09 15:17:58 | INFO    | train_session_alignment | [align] filterbank_reweighting eegnet      single_sub-027_ses02-to-ses03 seed=2 acc=0.4700 (ntr=160 nval=40 nte=200)
2026-06-09 15:18:16 | INFO    | train_session_alignment | [align] filterbank_reweighting eegnet      single_sub-027_ses03-to-ses01 seed=2 acc=0.6650 (ntr=160 nval=40 nte=200)
2026-06-09 15:18:32 | INFO    | train_session_alignment | [align] filterbank_reweighting eegnet      single_sub-027_ses03-to-ses02 seed=2 acc=0.6800 (ntr=160 nval=40 nte=200)
2026-06-09 15:18:41 | INFO    | train_session_alignment | [align] filterbank_reweighting eegnet      single_sub-028_ses01-to-ses02 seed=2 acc=0.7850 (ntr=160 nval=40 nte=200)
2026-06-09 15:18:50 | INFO    | train_session_alignment | [align] filterbank_reweighting eegnet      single_sub-028_ses01-to-ses03 seed=2 acc=0.5900 (ntr=160 nval=40 nte=200)
2026-06-09 15:19:00 | INFO    | train_session_alignment | [align] filterbank_reweighting eegnet      single_sub-028_ses02-to-ses01 seed=2 acc=0.8000 (ntr=160 nval=40 nte=200)
2026-06-09 15:19:09 | INFO    | train_session_alignment | [align] filterbank_reweighting eegnet      single_sub-028_ses02-to-ses03 seed=2 acc=0.5900 (ntr=160 nval=40 nte=200)
2026-06-09 15:19:19 | INFO    | train_session_alignment | [align] filterbank_reweighting eegnet      single_sub-028_ses03-to-ses01 seed=2 acc=0.6600 (ntr=160 nval=40 nte=200)
2026-06-09 15:19:29 | INFO    | train_session_alignment | [align] filterbank_reweighting eegnet      single_sub-028_ses03-to-ses02 seed=2 acc=0.6900 (ntr=160 nval=40 nte=200)
2026-06-09 15:19:47 | INFO    | train_session_alignment | [align] filterbank_reweighting eegnet      single_sub-029_ses01-to-ses02 seed=2 acc=0.6600 (ntr=160 nval=40 nte=200)
2026-06-09 15:20:05 | INFO    | train_session_alignment | [align] filterbank_reweighting eegnet      single_sub-029_ses01-to-ses03 seed=2 acc=0.7800 (ntr=160 nval=40 nte=200)
2026-06-09 15:20:17 | INFO    | train_session_alignment | [align] filterbank_reweighting eegnet      single_sub-029_ses02-to-ses01 seed=2 acc=0.7650 (ntr=160 nval=40 nte=200)
2026-06-09 15:20:28 | INFO    | train_session_alignment | [align] filterbank_reweighting eegnet      single_sub-029_ses02-to-ses03 seed=2 acc=0.9400 (ntr=160 nval=40 nte=200)
2026-06-09 15:20:46 | INFO    | train_session_alignment | [align] filterbank_reweighting eegnet      single_sub-029_ses03-to-ses01 seed=2 acc=0.6400 (ntr=160 nval=40 nte=200)
2026-06-09 15:21:03 | INFO    | train_session_alignment | [align] filterbank_reweighting eegnet      single_sub-029_ses03-to-ses02 seed=2 acc=0.8000 (ntr=160 nval=40 nte=200)
2026-06-09 15:21:09 | INFO    | train_session_alignment | [align] filterbank_reweighting eegnet      single_sub-030_ses01-to-ses02 seed=2 acc=0.5000 (ntr=160 nval=40 nte=200)
2026-06-09 15:21:15 | INFO    | train_session_alignment | [align] filterbank_reweighting eegnet      single_sub-030_ses01-to-ses03 seed=2 acc=0.5000 (ntr=160 nval=40 nte=200)
2026-06-09 15:21:24 | INFO    | train_session_alignment | [align] filterbank_reweighting eegnet      single_sub-030_ses02-to-ses01 seed=2 acc=0.8850 (ntr=160 nval=40 nte=200)
2026-06-09 15:21:34 | INFO    | train_session_alignment | [align] filterbank_reweighting eegnet      single_sub-030_ses02-to-ses03 seed=2 acc=0.9000 (ntr=160 nval=40 nte=200)
2026-06-09 15:21:50 | INFO    | train_session_alignment | [align] filterbank_reweighting eegnet      single_sub-030_ses03-to-ses01 seed=2 acc=0.6200 (ntr=160 nval=40 nte=200)
2026-06-09 15:22:06 | INFO    | train_session_alignment | [align] filterbank_reweighting eegnet      single_sub-030_ses03-to-ses02 seed=2 acc=0.7650 (ntr=160 nval=40 nte=200)
2026-06-09 15:22:24 | INFO    | train_session_alignment | [align] filterbank_reweighting eegnet      single_sub-031_ses01-to-ses02 seed=2 acc=0.6050 (ntr=160 nval=40 nte=200)
2026-06-09 15:22:42 | INFO    | train_session_alignment | [align] filterbank_reweighting eegnet      single_sub-031_ses01-to-ses03 seed=2 acc=0.6250 (ntr=160 nval=40 nte=200)
2026-06-09 15:22:53 | INFO    | train_session_alignment | [align] filterbank_reweighting eegnet      single_sub-031_ses02-to-ses01 seed=2 acc=0.6100 (ntr=160 nval=40 nte=200)
2026-06-09 15:23:04 | INFO    | train_session_alignment | [align] filterbank_reweighting eegnet      single_sub-031_ses02-to-ses03 seed=2 acc=0.7500 (ntr=160 nval=40 nte=200)
2026-06-09 15:23:11 | INFO    | train_session_alignment | [align] filterbank_reweighting eegnet      single_sub-031_ses03-to-ses01 seed=2 acc=0.6650 (ntr=160 nval=40 nte=200)
2026-06-09 15:23:43 | INFO    | train_session_alignment | [align] filterbank_reweighting eegnet      single_sub-031_ses03-to-ses02 seed=2 acc=0.7650 (ntr=160 nval=40 nte=200)
2026-06-09 15:23:50 | INFO    | train_session_alignment | [align] filterbank_reweighting eegnet      single_sub-032_ses01-to-ses03 seed=2 acc=0.5400 (ntr=160 nval=40 nte=200)
2026-06-09 15:23:57 | INFO    | train_session_alignment | [align] filterbank_reweighting eegnet      single_sub-032_ses03-to-ses01 seed=2 acc=0.5450 (ntr=160 nval=40 nte=200)
2026-06-09 15:24:04 | INFO    | train_session_alignment | [align] filterbank_reweighting eegnet      single_sub-033_ses01-to-ses02 seed=2 acc=0.9200 (ntr=160 nval=40 nte=200)
2026-06-09 15:24:11 | INFO    | train_session_alignment | [align] filterbank_reweighting eegnet      single_sub-033_ses01-to-ses03 seed=2 acc=0.9000 (ntr=160 nval=40 nte=200)
2026-06-09 15:24:20 | INFO    | train_session_alignment | [align] filterbank_reweighting eegnet      single_sub-033_ses02-to-ses01 seed=2 acc=0.9050 (ntr=160 nval=40 nte=200)
2026-06-09 15:24:30 | INFO    | train_session_alignment | [align] filterbank_reweighting eegnet      single_sub-033_ses02-to-ses03 seed=2 acc=0.9150 (ntr=160 nval=40 nte=200)
2026-06-09 15:24:40 | INFO    | train_session_alignment | [align] filterbank_reweighting eegnet      single_sub-033_ses03-to-ses01 seed=2 acc=0.9450 (ntr=160 nval=40 nte=200)
2026-06-09 15:24:50 | INFO    | train_session_alignment | [align] filterbank_reweighting eegnet      single_sub-033_ses03-to-ses02 seed=2 acc=0.9400 (ntr=160 nval=40 nte=200)
2026-06-09 15:24:56 | INFO    | train_session_alignment | [align] filterbank_reweighting eegnet      single_sub-034_ses01-to-ses02 seed=2 acc=0.4850 (ntr=160 nval=40 nte=200)
2026-06-09 15:25:05 | INFO    | train_session_alignment | [align] filterbank_reweighting eegnet      single_sub-034_ses01-to-ses03 seed=2 acc=0.5000 (ntr=160 nval=40 nte=200)
2026-06-09 15:25:15 | INFO    | train_session_alignment | [align] filterbank_reweighting eegnet      single_sub-034_ses02-to-ses01 seed=2 acc=0.5550 (ntr=160 nval=40 nte=200)
2026-06-09 15:25:30 | INFO    | train_session_alignment | [align] filterbank_reweighting eegnet      single_sub-034_ses02-to-ses03 seed=2 acc=0.7950 (ntr=160 nval=40 nte=200)
2026-06-09 15:25:41 | INFO    | train_session_alignment | [align] filterbank_reweighting eegnet      single_sub-034_ses03-to-ses01 seed=2 acc=0.5650 (ntr=160 nval=40 nte=200)
2026-06-09 15:25:55 | INFO    | train_session_alignment | [align] filterbank_reweighting eegnet      single_sub-034_ses03-to-ses02 seed=2 acc=0.8150 (ntr=160 nval=40 nte=200)
2026-06-09 15:26:13 | INFO    | train_session_alignment | [align] filterbank_reweighting eegnet      single_sub-035_ses01-to-ses02 seed=2 acc=0.9500 (ntr=160 nval=40 nte=200)
2026-06-09 15:26:35 | INFO    | train_session_alignment | [align] filterbank_reweighting eegnet      single_sub-035_ses01-to-ses03 seed=2 acc=0.9550 (ntr=160 nval=40 nte=200)
2026-06-09 15:26:46 | INFO    | train_session_alignment | [align] filterbank_reweighting eegnet      single_sub-035_ses02-to-ses01 seed=2 acc=0.9400 (ntr=160 nval=40 nte=200)
2026-06-09 15:27:01 | INFO    | train_session_alignment | [align] filterbank_reweighting eegnet      single_sub-035_ses02-to-ses03 seed=2 acc=0.9100 (ntr=160 nval=40 nte=200)
2026-06-09 15:27:20 | INFO    | train_session_alignment | [align] filterbank_reweighting eegnet      single_sub-035_ses03-to-ses01 seed=2 acc=0.9800 (ntr=160 nval=40 nte=200)
2026-06-09 15:28:04 | INFO    | train_session_alignment | [align] filterbank_reweighting eegnet      single_sub-035_ses03-to-ses02 seed=2 acc=0.9800 (ntr=160 nval=40 nte=200)
2026-06-09 15:28:14 | INFO    | train_session_alignment | [align] filterbank_reweighting eegnet      single_sub-036_ses01-to-ses02 seed=2 acc=0.9400 (ntr=160 nval=40 nte=200)
2026-06-09 15:28:32 | INFO    | train_session_alignment | [align] filterbank_reweighting eegnet      single_sub-036_ses01-to-ses03 seed=2 acc=0.9350 (ntr=160 nval=40 nte=200)
2026-06-09 15:28:58 | INFO    | train_session_alignment | [align] filterbank_reweighting eegnet      single_sub-036_ses02-to-ses01 seed=2 acc=0.8800 (ntr=160 nval=40 nte=200)
2026-06-09 15:29:13 | INFO    | train_session_alignment | [align] filterbank_reweighting eegnet      single_sub-036_ses02-to-ses03 seed=2 acc=0.9550 (ntr=160 nval=40 nte=200)
2026-06-09 15:29:29 | INFO    | train_session_alignment | [align] filterbank_reweighting eegnet      single_sub-036_ses03-to-ses01 seed=2 acc=0.8650 (ntr=160 nval=40 nte=200)
2026-06-09 15:29:52 | INFO    | train_session_alignment | [align] filterbank_reweighting eegnet      single_sub-036_ses03-to-ses02 seed=2 acc=0.9450 (ntr=160 nval=40 nte=200)
2026-06-09 15:30:30 | INFO    | train_session_alignment | [align] filterbank_reweighting eegnet      single_sub-037_ses01-to-ses02 seed=2 acc=0.9150 (ntr=160 nval=40 nte=200)
2026-06-09 15:31:05 | INFO    | train_session_alignment | [align] filterbank_reweighting eegnet      single_sub-037_ses01-to-ses03 seed=2 acc=0.9050 (ntr=160 nval=40 nte=200)
2026-06-09 15:31:55 | INFO    | train_session_alignment | [align] filterbank_reweighting eegnet      single_sub-037_ses02-to-ses01 seed=2 acc=0.8600 (ntr=160 nval=40 nte=200)
2026-06-09 15:32:10 | INFO    | train_session_alignment | [align] filterbank_reweighting eegnet      single_sub-037_ses02-to-ses03 seed=2 acc=0.9000 (ntr=160 nval=40 nte=200)
2026-06-09 15:32:27 | INFO    | train_session_alignment | [align] filterbank_reweighting eegnet      single_sub-037_ses03-to-ses01 seed=2 acc=0.7250 (ntr=160 nval=40 nte=200)
2026-06-09 15:32:43 | INFO    | train_session_alignment | [align] filterbank_reweighting eegnet      single_sub-037_ses03-to-ses02 seed=2 acc=0.9000 (ntr=160 nval=40 nte=200)
2026-06-09 15:32:50 | INFO    | train_session_alignment | [align] filterbank_reweighting eegnet      single_sub-038_ses01-to-ses02 seed=2 acc=0.5150 (ntr=160 nval=40 nte=200)
2026-06-09 15:32:56 | INFO    | train_session_alignment | [align] filterbank_reweighting eegnet      single_sub-038_ses01-to-ses03 seed=2 acc=0.4350 (ntr=160 nval=40 nte=200)
2026-06-09 15:33:19 | INFO    | train_session_alignment | [align] filterbank_reweighting eegnet      single_sub-038_ses02-to-ses01 seed=2 acc=0.4450 (ntr=160 nval=40 nte=200)
2026-06-09 15:33:41 | INFO    | train_session_alignment | [align] filterbank_reweighting eegnet      single_sub-038_ses02-to-ses03 seed=2 acc=0.5550 (ntr=160 nval=40 nte=200)
2026-06-09 15:33:55 | INFO    | train_session_alignment | [align] filterbank_reweighting eegnet      single_sub-038_ses03-to-ses01 seed=2 acc=0.5200 (ntr=160 nval=40 nte=200)
2026-06-09 15:34:09 | INFO    | train_session_alignment | [align] filterbank_reweighting eegnet      single_sub-038_ses03-to-ses02 seed=2 acc=0.4400 (ntr=160 nval=40 nte=200)
2026-06-09 15:34:18 | INFO    | train_session_alignment | [align] filterbank_reweighting eegnet      single_sub-039_ses01-to-ses02 seed=2 acc=0.4400 (ntr=160 nval=40 nte=200)
2026-06-09 15:34:26 | INFO    | train_session_alignment | [align] filterbank_reweighting eegnet      single_sub-039_ses01-to-ses03 seed=2 acc=0.4350 (ntr=160 nval=40 nte=200)
2026-06-09 15:34:37 | INFO    | train_session_alignment | [align] filterbank_reweighting eegnet      single_sub-039_ses02-to-ses01 seed=2 acc=0.4150 (ntr=160 nval=40 nte=200)
2026-06-09 15:35:12 | INFO    | train_session_alignment | [align] filterbank_reweighting eegnet      single_sub-039_ses02-to-ses03 seed=2 acc=0.6750 (ntr=160 nval=40 nte=200)
2026-06-09 15:35:26 | INFO    | train_session_alignment | [align] filterbank_reweighting eegnet      single_sub-039_ses03-to-ses01 seed=2 acc=0.4800 (ntr=160 nval=40 nte=200)
2026-06-09 15:35:51 | INFO    | train_session_alignment | [align] filterbank_reweighting eegnet      single_sub-039_ses03-to-ses02 seed=2 acc=0.6450 (ntr=160 nval=40 nte=200)
2026-06-09 15:36:00 | INFO    | train_session_alignment | [align] filterbank_reweighting eegnet      single_sub-040_ses01-to-ses02 seed=2 acc=0.7100 (ntr=160 nval=40 nte=200)
2026-06-09 15:36:07 | INFO    | train_session_alignment | [align] filterbank_reweighting eegnet      single_sub-040_ses01-to-ses03 seed=2 acc=0.8650 (ntr=160 nval=40 nte=200)
2026-06-09 15:36:24 | INFO    | train_session_alignment | [align] filterbank_reweighting eegnet      single_sub-040_ses02-to-ses01 seed=2 acc=0.7650 (ntr=160 nval=40 nte=200)
2026-06-09 15:36:32 | INFO    | train_session_alignment | [align] filterbank_reweighting eegnet      single_sub-040_ses02-to-ses03 seed=2 acc=0.7750 (ntr=160 nval=40 nte=200)
2026-06-09 15:36:44 | INFO    | train_session_alignment | [align] filterbank_reweighting eegnet      single_sub-040_ses03-to-ses01 seed=2 acc=0.8600 (ntr=160 nval=40 nte=200)
2026-06-09 15:37:05 | INFO    | train_session_alignment | [align] filterbank_reweighting eegnet      single_sub-040_ses03-to-ses02 seed=2 acc=0.7450 (ntr=160 nval=40 nte=200)
2026-06-09 15:37:37 | INFO    | train_session_alignment | [align] filterbank_reweighting eegnet      single_sub-041_ses01-to-ses02 seed=2 acc=0.7950 (ntr=160 nval=40 nte=200)
2026-06-09 15:38:06 | INFO    | train_session_alignment | [align] filterbank_reweighting eegnet      single_sub-041_ses01-to-ses03 seed=2 acc=0.8900 (ntr=160 nval=40 nte=200)
2026-06-09 15:38:20 | INFO    | train_session_alignment | [align] filterbank_reweighting eegnet      single_sub-041_ses02-to-ses01 seed=2 acc=0.8550 (ntr=160 nval=40 nte=200)
2026-06-09 15:38:29 | INFO    | train_session_alignment | [align] filterbank_reweighting eegnet      single_sub-041_ses02-to-ses03 seed=2 acc=0.8550 (ntr=160 nval=40 nte=200)
2026-06-09 15:38:38 | INFO    | train_session_alignment | [align] filterbank_reweighting eegnet      single_sub-041_ses03-to-ses01 seed=2 acc=0.8800 (ntr=160 nval=40 nte=200)
2026-06-09 15:38:46 | INFO    | train_session_alignment | [align] filterbank_reweighting eegnet      single_sub-041_ses03-to-ses02 seed=2 acc=0.8600 (ntr=160 nval=40 nte=200)
2026-06-09 15:39:00 | INFO    | train_session_alignment | [align] filterbank_reweighting eegnet      single_sub-042_ses01-to-ses02 seed=2 acc=0.7800 (ntr=160 nval=40 nte=200)
2026-06-09 15:39:13 | INFO    | train_session_alignment | [align] filterbank_reweighting eegnet      single_sub-042_ses01-to-ses03 seed=2 acc=0.7250 (ntr=160 nval=40 nte=200)
2026-06-09 15:39:24 | INFO    | train_session_alignment | [align] filterbank_reweighting eegnet      single_sub-042_ses02-to-ses01 seed=2 acc=0.7100 (ntr=160 nval=40 nte=200)
2026-06-09 15:39:35 | INFO    | train_session_alignment | [align] filterbank_reweighting eegnet      single_sub-042_ses02-to-ses03 seed=2 acc=0.6650 (ntr=160 nval=40 nte=200)
2026-06-09 15:39:45 | INFO    | train_session_alignment | [align] filterbank_reweighting eegnet      single_sub-042_ses03-to-ses01 seed=2 acc=0.7050 (ntr=160 nval=40 nte=200)
2026-06-09 15:39:55 | INFO    | train_session_alignment | [align] filterbank_reweighting eegnet      single_sub-042_ses03-to-ses02 seed=2 acc=0.7250 (ntr=160 nval=40 nte=200)
2026-06-09 15:40:14 | INFO    | train_session_alignment | [align] filterbank_reweighting eegnet      single_sub-043_ses01-to-ses02 seed=2 acc=0.9900 (ntr=160 nval=40 nte=200)
2026-06-09 15:40:33 | INFO    | train_session_alignment | [align] filterbank_reweighting eegnet      single_sub-043_ses01-to-ses03 seed=2 acc=0.9900 (ntr=160 nval=40 nte=200)
2026-06-09 15:40:51 | INFO    | train_session_alignment | [align] filterbank_reweighting eegnet      single_sub-043_ses02-to-ses01 seed=2 acc=0.9650 (ntr=160 nval=40 nte=200)
2026-06-09 15:41:10 | INFO    | train_session_alignment | [align] filterbank_reweighting eegnet      single_sub-043_ses02-to-ses03 seed=2 acc=0.9800 (ntr=160 nval=40 nte=200)
2026-06-09 15:41:28 | INFO    | train_session_alignment | [align] filterbank_reweighting eegnet      single_sub-043_ses03-to-ses01 seed=2 acc=0.9850 (ntr=160 nval=40 nte=200)
2026-06-09 15:41:47 | INFO    | train_session_alignment | [align] filterbank_reweighting eegnet      single_sub-043_ses03-to-ses02 seed=2 acc=0.9900 (ntr=160 nval=40 nte=200)
2026-06-09 15:41:52 | INFO    | train_session_alignment | [align] filterbank_reweighting eegnet      single_sub-044_ses01-to-ses02 seed=2 acc=0.4950 (ntr=160 nval=40 nte=200)
2026-06-09 15:41:58 | INFO    | train_session_alignment | [align] filterbank_reweighting eegnet      single_sub-044_ses01-to-ses03 seed=2 acc=0.4800 (ntr=160 nval=40 nte=200)
2026-06-09 15:42:07 | INFO    | train_session_alignment | [align] filterbank_reweighting eegnet      single_sub-044_ses02-to-ses01 seed=2 acc=0.5950 (ntr=160 nval=40 nte=200)
2026-06-09 15:42:16 | INFO    | train_session_alignment | [align] filterbank_reweighting eegnet      single_sub-044_ses02-to-ses03 seed=2 acc=0.7300 (ntr=160 nval=40 nte=200)
2026-06-09 15:42:33 | INFO    | train_session_alignment | [align] filterbank_reweighting eegnet      single_sub-044_ses03-to-ses01 seed=2 acc=0.5900 (ntr=160 nval=40 nte=200)
2026-06-09 15:42:52 | INFO    | train_session_alignment | [align] filterbank_reweighting eegnet      single_sub-044_ses03-to-ses02 seed=2 acc=0.6950 (ntr=160 nval=40 nte=200)
2026-06-09 15:43:01 | INFO    | train_session_alignment | [align] filterbank_reweighting eegnet      single_sub-045_ses01-to-ses02 seed=2 acc=0.7350 (ntr=160 nval=40 nte=200)
2026-06-09 15:43:10 | INFO    | train_session_alignment | [align] filterbank_reweighting eegnet      single_sub-045_ses01-to-ses03 seed=2 acc=0.8800 (ntr=160 nval=40 nte=200)
2026-06-09 15:43:21 | INFO    | train_session_alignment | [align] filterbank_reweighting eegnet      single_sub-045_ses02-to-ses01 seed=2 acc=0.7800 (ntr=160 nval=40 nte=200)
2026-06-09 15:43:32 | INFO    | train_session_alignment | [align] filterbank_reweighting eegnet      single_sub-045_ses02-to-ses03 seed=2 acc=0.8750 (ntr=160 nval=40 nte=200)
2026-06-09 15:43:43 | INFO    | train_session_alignment | [align] filterbank_reweighting eegnet      single_sub-045_ses03-to-ses01 seed=2 acc=0.8450 (ntr=160 nval=40 nte=200)
2026-06-09 15:43:55 | INFO    | train_session_alignment | [align] filterbank_reweighting eegnet      single_sub-045_ses03-to-ses02 seed=2 acc=0.6900 (ntr=160 nval=40 nte=200)
2026-06-09 15:44:10 | INFO    | train_session_alignment | [align] filterbank_reweighting eegnet      single_sub-046_ses01-to-ses02 seed=2 acc=0.9750 (ntr=160 nval=40 nte=200)
2026-06-09 15:44:25 | INFO    | train_session_alignment | [align] filterbank_reweighting eegnet      single_sub-046_ses01-to-ses03 seed=2 acc=0.9750 (ntr=160 nval=40 nte=200)
2026-06-09 15:44:43 | INFO    | train_session_alignment | [align] filterbank_reweighting eegnet      single_sub-046_ses02-to-ses01 seed=2 acc=0.9900 (ntr=160 nval=40 nte=200)
2026-06-09 15:45:01 | INFO    | train_session_alignment | [align] filterbank_reweighting eegnet      single_sub-046_ses02-to-ses03 seed=2 acc=0.9900 (ntr=160 nval=40 nte=200)
2026-06-09 15:45:14 | INFO    | train_session_alignment | [align] filterbank_reweighting eegnet      single_sub-046_ses03-to-ses01 seed=2 acc=0.9850 (ntr=160 nval=40 nte=200)
2026-06-09 15:45:28 | INFO    | train_session_alignment | [align] filterbank_reweighting eegnet      single_sub-046_ses03-to-ses02 seed=2 acc=0.9900 (ntr=160 nval=40 nte=200)
2026-06-09 15:45:39 | INFO    | train_session_alignment | [align] filterbank_reweighting eegnet      single_sub-047_ses01-to-ses02 seed=2 acc=0.8800 (ntr=160 nval=40 nte=200)
2026-06-09 15:45:50 | INFO    | train_session_alignment | [align] filterbank_reweighting eegnet      single_sub-047_ses01-to-ses03 seed=2 acc=0.8450 (ntr=160 nval=40 nte=200)
2026-06-09 15:46:02 | INFO    | train_session_alignment | [align] filterbank_reweighting eegnet      single_sub-047_ses02-to-ses01 seed=2 acc=0.8800 (ntr=160 nval=40 nte=200)
2026-06-09 15:46:15 | INFO    | train_session_alignment | [align] filterbank_reweighting eegnet      single_sub-047_ses02-to-ses03 seed=2 acc=0.8500 (ntr=160 nval=40 nte=200)
2026-06-09 15:46:29 | INFO    | train_session_alignment | [align] filterbank_reweighting eegnet      single_sub-047_ses03-to-ses01 seed=2 acc=0.9100 (ntr=160 nval=40 nte=200)
2026-06-09 15:46:43 | INFO    | train_session_alignment | [align] filterbank_reweighting eegnet      single_sub-047_ses03-to-ses02 seed=2 acc=0.9000 (ntr=160 nval=40 nte=200)
2026-06-09 15:46:52 | INFO    | train_session_alignment | [align] filterbank_reweighting eegnet      single_sub-048_ses01-to-ses02 seed=2 acc=0.8250 (ntr=160 nval=40 nte=200)
2026-06-09 15:47:01 | INFO    | train_session_alignment | [align] filterbank_reweighting eegnet      single_sub-048_ses01-to-ses03 seed=2 acc=0.6300 (ntr=160 nval=40 nte=200)
2026-06-09 15:47:09 | INFO    | train_session_alignment | [align] filterbank_reweighting eegnet      single_sub-048_ses02-to-ses01 seed=2 acc=0.8000 (ntr=160 nval=40 nte=200)
2026-06-09 15:47:17 | INFO    | train_session_alignment | [align] filterbank_reweighting eegnet      single_sub-048_ses02-to-ses03 seed=2 acc=0.7350 (ntr=160 nval=40 nte=200)
2026-06-09 15:47:36 | INFO    | train_session_alignment | [align] filterbank_reweighting eegnet      single_sub-048_ses03-to-ses01 seed=2 acc=0.7750 (ntr=160 nval=40 nte=200)
2026-06-09 15:47:55 | INFO    | train_session_alignment | [align] filterbank_reweighting eegnet      single_sub-048_ses03-to-ses02 seed=2 acc=0.7900 (ntr=160 nval=40 nte=200)
2026-06-09 15:48:05 | INFO    | train_session_alignment | [align] filterbank_reweighting eegnet      single_sub-049_ses01-to-ses02 seed=2 acc=0.8900 (ntr=160 nval=40 nte=200)
2026-06-09 15:48:14 | INFO    | train_session_alignment | [align] filterbank_reweighting eegnet      single_sub-049_ses01-to-ses03 seed=2 acc=0.9000 (ntr=160 nval=40 nte=200)
2026-06-09 15:48:22 | INFO    | train_session_alignment | [align] filterbank_reweighting eegnet      single_sub-049_ses02-to-ses01 seed=2 acc=0.8850 (ntr=160 nval=40 nte=200)
2026-06-09 15:48:30 | INFO    | train_session_alignment | [align] filterbank_reweighting eegnet      single_sub-049_ses02-to-ses03 seed=2 acc=0.8600 (ntr=160 nval=40 nte=200)
2026-06-09 15:48:39 | INFO    | train_session_alignment | [align] filterbank_reweighting eegnet      single_sub-049_ses03-to-ses01 seed=2 acc=0.7450 (ntr=160 nval=40 nte=200)
2026-06-09 15:48:49 | INFO    | train_session_alignment | [align] filterbank_reweighting eegnet      single_sub-049_ses03-to-ses02 seed=2 acc=0.8450 (ntr=160 nval=40 nte=200)
2026-06-09 15:49:02 | INFO    | train_session_alignment | [align] filterbank_reweighting eegnet      single_sub-050_ses01-to-ses02 seed=2 acc=0.9100 (ntr=160 nval=40 nte=200)
2026-06-09 15:49:16 | INFO    | train_session_alignment | [align] filterbank_reweighting eegnet      single_sub-050_ses01-to-ses03 seed=2 acc=0.9350 (ntr=160 nval=40 nte=200)
2026-06-09 15:49:24 | INFO    | train_session_alignment | [align] filterbank_reweighting eegnet      single_sub-050_ses02-to-ses01 seed=2 acc=0.8400 (ntr=160 nval=40 nte=200)
2026-06-09 15:49:32 | INFO    | train_session_alignment | [align] filterbank_reweighting eegnet      single_sub-050_ses02-to-ses03 seed=2 acc=0.9600 (ntr=160 nval=40 nte=200)
2026-06-09 15:49:42 | INFO    | train_session_alignment | [align] filterbank_reweighting eegnet      single_sub-050_ses03-to-ses01 seed=2 acc=0.8550 (ntr=160 nval=40 nte=200)
2026-06-09 15:49:52 | INFO    | train_session_alignment | [align] filterbank_reweighting eegnet      single_sub-050_ses03-to-ses02 seed=2 acc=0.9350 (ntr=160 nval=40 nte=200)
2026-06-09 15:50:01 | INFO    | train_session_alignment | [align] filterbank_reweighting eegnet      single_sub-051_ses01-to-ses02 seed=2 acc=0.8350 (ntr=160 nval=40 nte=200)
2026-06-09 15:50:11 | INFO    | train_session_alignment | [align] filterbank_reweighting eegnet      single_sub-051_ses01-to-ses03 seed=2 acc=0.8600 (ntr=160 nval=40 nte=200)
2026-06-09 15:50:17 | INFO    | train_session_alignment | [align] filterbank_reweighting eegnet      single_sub-051_ses02-to-ses01 seed=2 acc=0.7300 (ntr=160 nval=40 nte=200)
2026-06-09 15:50:24 | INFO    | train_session_alignment | [align] filterbank_reweighting eegnet      single_sub-051_ses02-to-ses03 seed=2 acc=0.8100 (ntr=160 nval=40 nte=200)
2026-06-09 15:50:33 | INFO    | train_session_alignment | [align] filterbank_reweighting eegnet      single_sub-051_ses03-to-ses01 seed=2 acc=0.8350 (ntr=160 nval=40 nte=200)
2026-06-09 15:50:41 | INFO    | train_session_alignment | [align] filterbank_reweighting eegnet      single_sub-051_ses03-to-ses02 seed=2 acc=0.8650 (ntr=160 nval=40 nte=200)
2026-06-09 15:50:58 | INFO    | train_session_alignment | [align] filterbank_reweighting eegnet      multi_sub-001_ses01ses02-to-ses03 seed=2 acc=0.9650 (ntr=320 nval=80 nte=200)
2026-06-09 15:51:07 | INFO    | train_session_alignment | [align] filterbank_reweighting eegnet      multi_sub-002_ses01ses02-to-ses03 seed=2 acc=0.5300 (ntr=320 nval=80 nte=200)
2026-06-09 15:51:31 | INFO    | train_session_alignment | [align] filterbank_reweighting eegnet      multi_sub-003_ses01ses02-to-ses03 seed=2 acc=0.9250 (ntr=320 nval=80 nte=200)
2026-06-09 15:51:40 | INFO    | train_session_alignment | [align] filterbank_reweighting eegnet      multi_sub-004_ses01ses02-to-ses03 seed=2 acc=0.5050 (ntr=320 nval=80 nte=200)
2026-06-09 15:51:57 | INFO    | train_session_alignment | [align] filterbank_reweighting eegnet      multi_sub-005_ses01ses02-to-ses03 seed=2 acc=0.7850 (ntr=320 nval=80 nte=200)
2026-06-09 15:52:13 | INFO    | train_session_alignment | [align] filterbank_reweighting eegnet      multi_sub-006_ses01ses02-to-ses03 seed=2 acc=0.9500 (ntr=320 nval=80 nte=200)
2026-06-09 15:52:24 | INFO    | train_session_alignment | [align] filterbank_reweighting eegnet      multi_sub-007_ses01ses02-to-ses03 seed=2 acc=0.8800 (ntr=320 nval=80 nte=200)
2026-06-09 15:52:38 | INFO    | train_session_alignment | [align] filterbank_reweighting eegnet      multi_sub-008_ses01ses02-to-ses03 seed=2 acc=0.8150 (ntr=320 nval=80 nte=200)
2026-06-09 15:52:49 | INFO    | train_session_alignment | [align] filterbank_reweighting eegnet      multi_sub-009_ses01ses02-to-ses03 seed=2 acc=0.6050 (ntr=320 nval=80 nte=200)
2026-06-09 15:53:01 | INFO    | train_session_alignment | [align] filterbank_reweighting eegnet      multi_sub-010_ses01ses02-to-ses03 seed=2 acc=0.7400 (ntr=320 nval=80 nte=200)
2026-06-09 15:53:10 | INFO    | train_session_alignment | [align] filterbank_reweighting eegnet      multi_sub-011_ses01ses02-to-ses03 seed=2 acc=0.8350 (ntr=320 nval=80 nte=200)
2026-06-09 15:53:19 | INFO    | train_session_alignment | [align] filterbank_reweighting eegnet      multi_sub-012_ses01ses02-to-ses03 seed=2 acc=0.4900 (ntr=320 nval=80 nte=200)
2026-06-09 15:53:31 | INFO    | train_session_alignment | [align] filterbank_reweighting eegnet      multi_sub-013_ses01ses02-to-ses03 seed=2 acc=0.8250 (ntr=320 nval=80 nte=200)
2026-06-09 15:53:40 | INFO    | train_session_alignment | [align] filterbank_reweighting eegnet      multi_sub-014_ses01ses02-to-ses03 seed=2 acc=0.4650 (ntr=320 nval=80 nte=200)
2026-06-09 15:53:52 | INFO    | train_session_alignment | [align] filterbank_reweighting eegnet      multi_sub-015_ses01ses02-to-ses03 seed=2 acc=0.5400 (ntr=320 nval=80 nte=200)
2026-06-09 15:54:01 | INFO    | train_session_alignment | [align] filterbank_reweighting eegnet      multi_sub-016_ses01ses02-to-ses03 seed=2 acc=0.5350 (ntr=320 nval=80 nte=200)
2026-06-09 15:54:17 | INFO    | train_session_alignment | [align] filterbank_reweighting eegnet      multi_sub-017_ses01ses02-to-ses03 seed=2 acc=0.8600 (ntr=320 nval=80 nte=200)
2026-06-09 15:54:29 | INFO    | train_session_alignment | [align] filterbank_reweighting eegnet      multi_sub-018_ses01ses02-to-ses03 seed=2 acc=0.6600 (ntr=320 nval=80 nte=200)
2026-06-09 15:54:40 | INFO    | train_session_alignment | [align] filterbank_reweighting eegnet      multi_sub-019_ses01ses02-to-ses03 seed=2 acc=0.8100 (ntr=320 nval=80 nte=200)
2026-06-09 15:54:54 | INFO    | train_session_alignment | [align] filterbank_reweighting eegnet      multi_sub-020_ses01ses02-to-ses03 seed=2 acc=0.4350 (ntr=320 nval=80 nte=200)
2026-06-09 15:55:08 | INFO    | train_session_alignment | [align] filterbank_reweighting eegnet      multi_sub-021_ses01ses02-to-ses03 seed=2 acc=0.8000 (ntr=320 nval=80 nte=200)
2026-06-09 15:55:21 | INFO    | train_session_alignment | [align] filterbank_reweighting eegnet      multi_sub-022_ses01ses02-to-ses03 seed=2 acc=0.8150 (ntr=320 nval=80 nte=200)
2026-06-09 15:55:34 | INFO    | train_session_alignment | [align] filterbank_reweighting eegnet      multi_sub-025_ses01ses02-to-ses03 seed=2 acc=0.8700 (ntr=320 nval=80 nte=200)
2026-06-09 15:55:46 | INFO    | train_session_alignment | [align] filterbank_reweighting eegnet      multi_sub-027_ses01ses02-to-ses03 seed=2 acc=0.6850 (ntr=320 nval=80 nte=200)
2026-06-09 15:56:01 | INFO    | train_session_alignment | [align] filterbank_reweighting eegnet      multi_sub-028_ses01ses02-to-ses03 seed=2 acc=0.6400 (ntr=320 nval=80 nte=200)
2026-06-09 15:56:20 | INFO    | train_session_alignment | [align] filterbank_reweighting eegnet      multi_sub-029_ses01ses02-to-ses03 seed=2 acc=0.9900 (ntr=320 nval=80 nte=200)
2026-06-09 15:56:28 | INFO    | train_session_alignment | [align] filterbank_reweighting eegnet      multi_sub-030_ses01ses02-to-ses03 seed=2 acc=0.5000 (ntr=320 nval=80 nte=200)
2026-06-09 15:56:42 | INFO    | train_session_alignment | [align] filterbank_reweighting eegnet      multi_sub-031_ses01ses02-to-ses03 seed=2 acc=0.7700 (ntr=320 nval=80 nte=200)
2026-06-09 15:56:53 | INFO    | train_session_alignment | [align] filterbank_reweighting eegnet      multi_sub-033_ses01ses02-to-ses03 seed=2 acc=0.9350 (ntr=320 nval=80 nte=200)
2026-06-09 15:57:03 | INFO    | train_session_alignment | [align] filterbank_reweighting eegnet      multi_sub-034_ses01ses02-to-ses03 seed=2 acc=0.7950 (ntr=320 nval=80 nte=200)
2026-06-09 15:57:13 | INFO    | train_session_alignment | [align] filterbank_reweighting eegnet      multi_sub-035_ses01ses02-to-ses03 seed=2 acc=0.9450 (ntr=320 nval=80 nte=200)
2026-06-09 15:57:26 | INFO    | train_session_alignment | [align] filterbank_reweighting eegnet      multi_sub-036_ses01ses02-to-ses03 seed=2 acc=0.9650 (ntr=320 nval=80 nte=200)
2026-06-09 15:57:50 | INFO    | train_session_alignment | [align] filterbank_reweighting eegnet      multi_sub-037_ses01ses02-to-ses03 seed=2 acc=0.9400 (ntr=320 nval=80 nte=200)
2026-06-09 15:58:01 | INFO    | train_session_alignment | [align] filterbank_reweighting eegnet      multi_sub-038_ses01ses02-to-ses03 seed=2 acc=0.6050 (ntr=320 nval=80 nte=200)
2026-06-09 15:58:12 | INFO    | train_session_alignment | [align] filterbank_reweighting eegnet      multi_sub-039_ses01ses02-to-ses03 seed=2 acc=0.6000 (ntr=320 nval=80 nte=200)
2026-06-09 15:58:26 | INFO    | train_session_alignment | [align] filterbank_reweighting eegnet      multi_sub-040_ses01ses02-to-ses03 seed=2 acc=0.8750 (ntr=320 nval=80 nte=200)
2026-06-09 15:58:38 | INFO    | train_session_alignment | [align] filterbank_reweighting eegnet      multi_sub-041_ses01ses02-to-ses03 seed=2 acc=0.8800 (ntr=320 nval=80 nte=200)
2026-06-09 15:58:52 | INFO    | train_session_alignment | [align] filterbank_reweighting eegnet      multi_sub-042_ses01ses02-to-ses03 seed=2 acc=0.7550 (ntr=320 nval=80 nte=200)
2026-06-09 15:59:16 | INFO    | train_session_alignment | [align] filterbank_reweighting eegnet      multi_sub-043_ses01ses02-to-ses03 seed=2 acc=1.0000 (ntr=320 nval=80 nte=200)
2026-06-09 15:59:26 | INFO    | train_session_alignment | [align] filterbank_reweighting eegnet      multi_sub-044_ses01ses02-to-ses03 seed=2 acc=0.7000 (ntr=320 nval=80 nte=200)
2026-06-09 15:59:37 | INFO    | train_session_alignment | [align] filterbank_reweighting eegnet      multi_sub-045_ses01ses02-to-ses03 seed=2 acc=0.8950 (ntr=320 nval=80 nte=200)
2026-06-09 15:59:48 | INFO    | train_session_alignment | [align] filterbank_reweighting eegnet      multi_sub-046_ses01ses02-to-ses03 seed=2 acc=0.9800 (ntr=320 nval=80 nte=200)
2026-06-09 15:59:58 | INFO    | train_session_alignment | [align] filterbank_reweighting eegnet      multi_sub-047_ses01ses02-to-ses03 seed=2 acc=0.8850 (ntr=320 nval=80 nte=200)
2026-06-09 16:00:12 | INFO    | train_session_alignment | [align] filterbank_reweighting eegnet      multi_sub-048_ses01ses02-to-ses03 seed=2 acc=0.7150 (ntr=320 nval=80 nte=200)
2026-06-09 16:00:24 | INFO    | train_session_alignment | [align] filterbank_reweighting eegnet      multi_sub-049_ses01ses02-to-ses03 seed=2 acc=0.9050 (ntr=320 nval=80 nte=200)
2026-06-09 16:00:36 | INFO    | train_session_alignment | [align] filterbank_reweighting eegnet      multi_sub-050_ses01ses02-to-ses03 seed=2 acc=0.9650 (ntr=320 nval=80 nte=200)
2026-06-09 16:00:59 | INFO    | train_session_alignment | [align] filterbank_reweighting eegnet      multi_sub-051_ses01ses02-to-ses03 seed=2 acc=0.9150 (ntr=320 nval=80 nte=200)
2026-06-09 16:01:00 | INFO    | train_session_alignment | ALL DONE in 4006.9s | rows=335 ok=335 failed=0 | out=/share/home/yuan/SYX/eeg-mi-online/outputs/experiments/alignment_baseline_v1
Done: Tue Jun  9 16:01:00 CST 2026
