Project: /share/home/yuan/SYX/eeg-mi-online
Env    : mi_torch_cu118
Args   : --methods filterbank_reweighting --models eegnet --seeds 0 --protocols single,multi --tag-suffix filterbank_reweighting_eegnet_s0
Node   : gpu01 | Start: Tue Jun  9 14:35:38 CST 2026
Tue Jun  9 14:35:39 2026       
+-----------------------------------------------------------------------------------------+
| NVIDIA-SMI 570.153.02             Driver Version: 570.153.02     CUDA Version: 12.8     |
|-----------------------------------------+------------------------+----------------------+
| GPU  Name                 Persistence-M | Bus-Id          Disp.A | Volatile Uncorr. ECC |
| Fan  Temp   Perf          Pwr:Usage/Cap |           Memory-Usage | GPU-Util  Compute M. |
|                                         |                        |               MIG M. |
|=========================================+========================+======================|
|   0  NVIDIA GeForce RTX 4090 D      On  |   00000000:01:00.0 Off |                  Off |
| 42%   45C    P0             51W /  425W |       1MiB /  24564MiB |      0%      Default |
|                                         |                        |                  N/A |
+-----------------------------------------+------------------------+----------------------+
                                                                                         
+-----------------------------------------------------------------------------------------+
| Processes:                                                                              |
|  GPU   GI   CI              PID   Type   Process name                        GPU Memory |
|        ID   ID                                                               Usage      |
|=========================================================================================|
|  No running processes found                                                             |
+-----------------------------------------------------------------------------------------+
[cuda-check] torch=2.7.1+cu118 cuda_build=11.8 cuda_avail=True
2026-06-09 14:35:42 | INFO    | train_session_alignment | device=cuda | cuda={'torch': '2.7.1+cu118', 'cuda_build': '11.8', 'cuda_available': True, 'device': 'cuda', 'device_name': 'NVIDIA GeForce RTX 4090 D'}
2026-06-09 14:35:42 | INFO    | train_session_alignment | loaded 148 ok sessions | methods=['filterbank_reweighting'] | models=['eegnet'] | seeds=[0] | groups=['single', 'multi'] | tasks=335
2026-06-09 14:36:02 | INFO    | train_session_alignment | [align] filterbank_reweighting eegnet      single_sub-001_ses01-to-ses02 seed=0 acc=0.7500 (ntr=160 nval=40 nte=200)
2026-06-09 14:36:20 | INFO    | train_session_alignment | [align] filterbank_reweighting eegnet      single_sub-001_ses01-to-ses03 seed=0 acc=0.7100 (ntr=160 nval=40 nte=200)
2026-06-09 14:36:29 | INFO    | train_session_alignment | [align] filterbank_reweighting eegnet      single_sub-001_ses02-to-ses01 seed=0 acc=0.6450 (ntr=160 nval=40 nte=200)
2026-06-09 14:36:37 | INFO    | train_session_alignment | [align] filterbank_reweighting eegnet      single_sub-001_ses02-to-ses03 seed=0 acc=0.9600 (ntr=160 nval=40 nte=200)
2026-06-09 14:36:46 | INFO    | train_session_alignment | [align] filterbank_reweighting eegnet      single_sub-001_ses03-to-ses01 seed=0 acc=0.7200 (ntr=160 nval=40 nte=200)
2026-06-09 14:36:55 | INFO    | train_session_alignment | [align] filterbank_reweighting eegnet      single_sub-001_ses03-to-ses02 seed=0 acc=0.9600 (ntr=160 nval=40 nte=200)
2026-06-09 14:37:05 | INFO    | train_session_alignment | [align] filterbank_reweighting eegnet      single_sub-002_ses01-to-ses02 seed=0 acc=0.5700 (ntr=160 nval=40 nte=200)
2026-06-09 14:37:15 | INFO    | train_session_alignment | [align] filterbank_reweighting eegnet      single_sub-002_ses01-to-ses03 seed=0 acc=0.6350 (ntr=160 nval=40 nte=200)
2026-06-09 14:37:22 | INFO    | train_session_alignment | [align] filterbank_reweighting eegnet      single_sub-002_ses02-to-ses01 seed=0 acc=0.5100 (ntr=160 nval=40 nte=200)
2026-06-09 14:37:28 | INFO    | train_session_alignment | [align] filterbank_reweighting eegnet      single_sub-002_ses02-to-ses03 seed=0 acc=0.5300 (ntr=160 nval=40 nte=200)
2026-06-09 14:37:36 | INFO    | train_session_alignment | [align] filterbank_reweighting eegnet      single_sub-002_ses03-to-ses01 seed=0 acc=0.5900 (ntr=160 nval=40 nte=200)
2026-06-09 14:37:43 | INFO    | train_session_alignment | [align] filterbank_reweighting eegnet      single_sub-002_ses03-to-ses02 seed=0 acc=0.5550 (ntr=160 nval=40 nte=200)
2026-06-09 14:37:52 | INFO    | train_session_alignment | [align] filterbank_reweighting eegnet      single_sub-003_ses01-to-ses02 seed=0 acc=0.8950 (ntr=160 nval=40 nte=200)
2026-06-09 14:38:02 | INFO    | train_session_alignment | [align] filterbank_reweighting eegnet      single_sub-003_ses01-to-ses03 seed=0 acc=0.9300 (ntr=160 nval=40 nte=200)
2026-06-09 14:38:21 | INFO    | train_session_alignment | [align] filterbank_reweighting eegnet      single_sub-003_ses02-to-ses01 seed=0 acc=0.8250 (ntr=160 nval=40 nte=200)
2026-06-09 14:38:41 | INFO    | train_session_alignment | [align] filterbank_reweighting eegnet      single_sub-003_ses02-to-ses03 seed=0 acc=0.7950 (ntr=160 nval=40 nte=200)
2026-06-09 14:38:49 | INFO    | train_session_alignment | [align] filterbank_reweighting eegnet      single_sub-003_ses03-to-ses01 seed=0 acc=0.8600 (ntr=160 nval=40 nte=200)
2026-06-09 14:38:56 | INFO    | train_session_alignment | [align] filterbank_reweighting eegnet      single_sub-003_ses03-to-ses02 seed=0 acc=0.8400 (ntr=160 nval=40 nte=200)
2026-06-09 14:39:03 | INFO    | train_session_alignment | [align] filterbank_reweighting eegnet      single_sub-004_ses01-to-ses02 seed=0 acc=0.5000 (ntr=160 nval=40 nte=200)
2026-06-09 14:39:10 | INFO    | train_session_alignment | [align] filterbank_reweighting eegnet      single_sub-004_ses01-to-ses03 seed=0 acc=0.5500 (ntr=160 nval=40 nte=200)
2026-06-09 14:39:16 | INFO    | train_session_alignment | [align] filterbank_reweighting eegnet      single_sub-004_ses02-to-ses01 seed=0 acc=0.5150 (ntr=160 nval=40 nte=200)
2026-06-09 14:39:22 | INFO    | train_session_alignment | [align] filterbank_reweighting eegnet      single_sub-004_ses02-to-ses03 seed=0 acc=0.4800 (ntr=160 nval=40 nte=200)
2026-06-09 14:39:30 | INFO    | train_session_alignment | [align] filterbank_reweighting eegnet      single_sub-004_ses03-to-ses01 seed=0 acc=0.5250 (ntr=160 nval=40 nte=200)
2026-06-09 14:39:37 | INFO    | train_session_alignment | [align] filterbank_reweighting eegnet      single_sub-004_ses03-to-ses02 seed=0 acc=0.5200 (ntr=160 nval=40 nte=200)
2026-06-09 14:39:45 | INFO    | train_session_alignment | [align] filterbank_reweighting eegnet      single_sub-005_ses01-to-ses02 seed=0 acc=0.8200 (ntr=160 nval=40 nte=200)
2026-06-09 14:39:54 | INFO    | train_session_alignment | [align] filterbank_reweighting eegnet      single_sub-005_ses01-to-ses03 seed=0 acc=0.7400 (ntr=160 nval=40 nte=200)
2026-06-09 14:40:03 | INFO    | train_session_alignment | [align] filterbank_reweighting eegnet      single_sub-005_ses02-to-ses01 seed=0 acc=0.8600 (ntr=160 nval=40 nte=200)
2026-06-09 14:40:12 | INFO    | train_session_alignment | [align] filterbank_reweighting eegnet      single_sub-005_ses02-to-ses03 seed=0 acc=0.7550 (ntr=160 nval=40 nte=200)
2026-06-09 14:40:21 | INFO    | train_session_alignment | [align] filterbank_reweighting eegnet      single_sub-005_ses03-to-ses01 seed=0 acc=0.8450 (ntr=160 nval=40 nte=200)
2026-06-09 14:40:31 | INFO    | train_session_alignment | [align] filterbank_reweighting eegnet      single_sub-005_ses03-to-ses02 seed=0 acc=0.7950 (ntr=160 nval=40 nte=200)
2026-06-09 14:40:40 | INFO    | train_session_alignment | [align] filterbank_reweighting eegnet      single_sub-006_ses01-to-ses02 seed=0 acc=0.8700 (ntr=160 nval=40 nte=200)
2026-06-09 14:40:49 | INFO    | train_session_alignment | [align] filterbank_reweighting eegnet      single_sub-006_ses01-to-ses03 seed=0 acc=0.9450 (ntr=160 nval=40 nte=200)
2026-06-09 14:41:06 | INFO    | train_session_alignment | [align] filterbank_reweighting eegnet      single_sub-006_ses02-to-ses01 seed=0 acc=0.7100 (ntr=160 nval=40 nte=200)
2026-06-09 14:41:22 | INFO    | train_session_alignment | [align] filterbank_reweighting eegnet      single_sub-006_ses02-to-ses03 seed=0 acc=0.9700 (ntr=160 nval=40 nte=200)
2026-06-09 14:41:42 | INFO    | train_session_alignment | [align] filterbank_reweighting eegnet      single_sub-006_ses03-to-ses01 seed=0 acc=0.6850 (ntr=160 nval=40 nte=200)
2026-06-09 14:42:03 | INFO    | train_session_alignment | [align] filterbank_reweighting eegnet      single_sub-006_ses03-to-ses02 seed=0 acc=0.9050 (ntr=160 nval=40 nte=200)
2026-06-09 14:42:12 | INFO    | train_session_alignment | [align] filterbank_reweighting eegnet      single_sub-007_ses01-to-ses02 seed=0 acc=0.6700 (ntr=160 nval=40 nte=200)
2026-06-09 14:42:22 | INFO    | train_session_alignment | [align] filterbank_reweighting eegnet      single_sub-007_ses01-to-ses03 seed=0 acc=0.8850 (ntr=160 nval=40 nte=200)
2026-06-09 14:42:29 | INFO    | train_session_alignment | [align] filterbank_reweighting eegnet      single_sub-007_ses02-to-ses01 seed=0 acc=0.5850 (ntr=160 nval=40 nte=200)
2026-06-09 14:42:37 | INFO    | train_session_alignment | [align] filterbank_reweighting eegnet      single_sub-007_ses02-to-ses03 seed=0 acc=0.7550 (ntr=160 nval=40 nte=200)
2026-06-09 14:42:49 | INFO    | train_session_alignment | [align] filterbank_reweighting eegnet      single_sub-007_ses03-to-ses01 seed=0 acc=0.6200 (ntr=160 nval=40 nte=200)
2026-06-09 14:43:01 | INFO    | train_session_alignment | [align] filterbank_reweighting eegnet      single_sub-007_ses03-to-ses02 seed=0 acc=0.6300 (ntr=160 nval=40 nte=200)
2026-06-09 14:43:12 | INFO    | train_session_alignment | [align] filterbank_reweighting eegnet      single_sub-008_ses01-to-ses02 seed=0 acc=0.6850 (ntr=160 nval=40 nte=200)
2026-06-09 14:43:24 | INFO    | train_session_alignment | [align] filterbank_reweighting eegnet      single_sub-008_ses01-to-ses03 seed=0 acc=0.7050 (ntr=160 nval=40 nte=200)
2026-06-09 14:43:41 | INFO    | train_session_alignment | [align] filterbank_reweighting eegnet      single_sub-008_ses02-to-ses01 seed=0 acc=0.6850 (ntr=160 nval=40 nte=200)
2026-06-09 14:43:58 | INFO    | train_session_alignment | [align] filterbank_reweighting eegnet      single_sub-008_ses02-to-ses03 seed=0 acc=0.8500 (ntr=160 nval=40 nte=200)
2026-06-09 14:44:06 | INFO    | train_session_alignment | [align] filterbank_reweighting eegnet      single_sub-008_ses03-to-ses01 seed=0 acc=0.6550 (ntr=160 nval=40 nte=200)
2026-06-09 14:44:14 | INFO    | train_session_alignment | [align] filterbank_reweighting eegnet      single_sub-008_ses03-to-ses02 seed=0 acc=0.8150 (ntr=160 nval=40 nte=200)
2026-06-09 14:44:25 | INFO    | train_session_alignment | [align] filterbank_reweighting eegnet      single_sub-009_ses01-to-ses02 seed=0 acc=0.6550 (ntr=160 nval=40 nte=200)
2026-06-09 14:44:37 | INFO    | train_session_alignment | [align] filterbank_reweighting eegnet      single_sub-009_ses01-to-ses03 seed=0 acc=0.5400 (ntr=160 nval=40 nte=200)
2026-06-09 14:44:45 | INFO    | train_session_alignment | [align] filterbank_reweighting eegnet      single_sub-009_ses02-to-ses01 seed=0 acc=0.6950 (ntr=160 nval=40 nte=200)
2026-06-09 14:44:54 | INFO    | train_session_alignment | [align] filterbank_reweighting eegnet      single_sub-009_ses02-to-ses03 seed=0 acc=0.5900 (ntr=160 nval=40 nte=200)
2026-06-09 14:45:04 | INFO    | train_session_alignment | [align] filterbank_reweighting eegnet      single_sub-009_ses03-to-ses01 seed=0 acc=0.5450 (ntr=160 nval=40 nte=200)
2026-06-09 14:45:14 | INFO    | train_session_alignment | [align] filterbank_reweighting eegnet      single_sub-009_ses03-to-ses02 seed=0 acc=0.5850 (ntr=160 nval=40 nte=200)
2026-06-09 14:45:22 | INFO    | train_session_alignment | [align] filterbank_reweighting eegnet      single_sub-010_ses01-to-ses02 seed=0 acc=0.7900 (ntr=160 nval=40 nte=200)
2026-06-09 14:45:31 | INFO    | train_session_alignment | [align] filterbank_reweighting eegnet      single_sub-010_ses01-to-ses03 seed=0 acc=0.5600 (ntr=160 nval=40 nte=200)
2026-06-09 14:45:41 | INFO    | train_session_alignment | [align] filterbank_reweighting eegnet      single_sub-010_ses02-to-ses01 seed=0 acc=0.7000 (ntr=160 nval=40 nte=200)
2026-06-09 14:45:53 | INFO    | train_session_alignment | [align] filterbank_reweighting eegnet      single_sub-010_ses02-to-ses03 seed=0 acc=0.6900 (ntr=160 nval=40 nte=200)
2026-06-09 14:46:04 | INFO    | train_session_alignment | [align] filterbank_reweighting eegnet      single_sub-010_ses03-to-ses01 seed=0 acc=0.5550 (ntr=160 nval=40 nte=200)
2026-06-09 14:46:15 | INFO    | train_session_alignment | [align] filterbank_reweighting eegnet      single_sub-010_ses03-to-ses02 seed=0 acc=0.6250 (ntr=160 nval=40 nte=200)
2026-06-09 14:46:32 | INFO    | train_session_alignment | [align] filterbank_reweighting eegnet      single_sub-011_ses01-to-ses02 seed=0 acc=0.7000 (ntr=160 nval=40 nte=200)
2026-06-09 14:46:48 | INFO    | train_session_alignment | [align] filterbank_reweighting eegnet      single_sub-011_ses01-to-ses03 seed=0 acc=0.7600 (ntr=160 nval=40 nte=200)
2026-06-09 14:46:58 | INFO    | train_session_alignment | [align] filterbank_reweighting eegnet      single_sub-011_ses02-to-ses01 seed=0 acc=0.6850 (ntr=160 nval=40 nte=200)
2026-06-09 14:47:07 | INFO    | train_session_alignment | [align] filterbank_reweighting eegnet      single_sub-011_ses02-to-ses03 seed=0 acc=0.5850 (ntr=160 nval=40 nte=200)
2026-06-09 14:47:27 | INFO    | train_session_alignment | [align] filterbank_reweighting eegnet      single_sub-011_ses03-to-ses01 seed=0 acc=0.8500 (ntr=160 nval=40 nte=200)
2026-06-09 14:47:47 | INFO    | train_session_alignment | [align] filterbank_reweighting eegnet      single_sub-011_ses03-to-ses02 seed=0 acc=0.6400 (ntr=160 nval=40 nte=200)
2026-06-09 14:47:53 | INFO    | train_session_alignment | [align] filterbank_reweighting eegnet      single_sub-012_ses01-to-ses02 seed=0 acc=0.5550 (ntr=160 nval=40 nte=200)
2026-06-09 14:48:00 | INFO    | train_session_alignment | [align] filterbank_reweighting eegnet      single_sub-012_ses01-to-ses03 seed=0 acc=0.5600 (ntr=160 nval=40 nte=200)
2026-06-09 14:48:09 | INFO    | train_session_alignment | [align] filterbank_reweighting eegnet      single_sub-012_ses02-to-ses01 seed=0 acc=0.4800 (ntr=160 nval=40 nte=200)
2026-06-09 14:48:17 | INFO    | train_session_alignment | [align] filterbank_reweighting eegnet      single_sub-012_ses02-to-ses03 seed=0 acc=0.5150 (ntr=160 nval=40 nte=200)
2026-06-09 14:48:24 | INFO    | train_session_alignment | [align] filterbank_reweighting eegnet      single_sub-012_ses03-to-ses01 seed=0 acc=0.4700 (ntr=160 nval=40 nte=200)
2026-06-09 14:48:30 | INFO    | train_session_alignment | [align] filterbank_reweighting eegnet      single_sub-012_ses03-to-ses02 seed=0 acc=0.6000 (ntr=160 nval=40 nte=200)
2026-06-09 14:48:42 | INFO    | train_session_alignment | [align] filterbank_reweighting eegnet      single_sub-013_ses01-to-ses02 seed=0 acc=0.5700 (ntr=160 nval=40 nte=200)
2026-06-09 14:48:53 | INFO    | train_session_alignment | [align] filterbank_reweighting eegnet      single_sub-013_ses01-to-ses03 seed=0 acc=0.8450 (ntr=160 nval=40 nte=200)
2026-06-09 14:49:08 | INFO    | train_session_alignment | [align] filterbank_reweighting eegnet      single_sub-013_ses02-to-ses01 seed=0 acc=0.6650 (ntr=160 nval=40 nte=200)
2026-06-09 14:49:23 | INFO    | train_session_alignment | [align] filterbank_reweighting eegnet      single_sub-013_ses02-to-ses03 seed=0 acc=0.7300 (ntr=160 nval=40 nte=200)
2026-06-09 14:49:30 | INFO    | train_session_alignment | [align] filterbank_reweighting eegnet      single_sub-013_ses03-to-ses01 seed=0 acc=0.8250 (ntr=160 nval=40 nte=200)
2026-06-09 14:49:37 | INFO    | train_session_alignment | [align] filterbank_reweighting eegnet      single_sub-013_ses03-to-ses02 seed=0 acc=0.5800 (ntr=160 nval=40 nte=200)
2026-06-09 14:49:45 | INFO    | train_session_alignment | [align] filterbank_reweighting eegnet      single_sub-014_ses01-to-ses02 seed=0 acc=0.5050 (ntr=160 nval=40 nte=200)
2026-06-09 14:49:53 | INFO    | train_session_alignment | [align] filterbank_reweighting eegnet      single_sub-014_ses01-to-ses03 seed=0 acc=0.4950 (ntr=160 nval=40 nte=200)
2026-06-09 14:50:00 | INFO    | train_session_alignment | [align] filterbank_reweighting eegnet      single_sub-014_ses02-to-ses01 seed=0 acc=0.4650 (ntr=160 nval=40 nte=200)
2026-06-09 14:50:07 | INFO    | train_session_alignment | [align] filterbank_reweighting eegnet      single_sub-014_ses02-to-ses03 seed=0 acc=0.5050 (ntr=160 nval=40 nte=200)
2026-06-09 14:50:16 | INFO    | train_session_alignment | [align] filterbank_reweighting eegnet      single_sub-014_ses03-to-ses01 seed=0 acc=0.4850 (ntr=160 nval=40 nte=200)
2026-06-09 14:50:26 | INFO    | train_session_alignment | [align] filterbank_reweighting eegnet      single_sub-014_ses03-to-ses02 seed=0 acc=0.5050 (ntr=160 nval=40 nte=200)
2026-06-09 14:50:35 | INFO    | train_session_alignment | [align] filterbank_reweighting eegnet      single_sub-015_ses01-to-ses02 seed=0 acc=0.6900 (ntr=160 nval=40 nte=200)
2026-06-09 14:50:44 | INFO    | train_session_alignment | [align] filterbank_reweighting eegnet      single_sub-015_ses01-to-ses03 seed=0 acc=0.5200 (ntr=160 nval=40 nte=200)
2026-06-09 14:50:55 | INFO    | train_session_alignment | [align] filterbank_reweighting eegnet      single_sub-015_ses02-to-ses01 seed=0 acc=0.7400 (ntr=160 nval=40 nte=200)
2026-06-09 14:51:05 | INFO    | train_session_alignment | [align] filterbank_reweighting eegnet      single_sub-015_ses02-to-ses03 seed=0 acc=0.6050 (ntr=160 nval=40 nte=200)
2026-06-09 14:51:12 | INFO    | train_session_alignment | [align] filterbank_reweighting eegnet      single_sub-015_ses03-to-ses01 seed=0 acc=0.5050 (ntr=160 nval=40 nte=200)
2026-06-09 14:51:19 | INFO    | train_session_alignment | [align] filterbank_reweighting eegnet      single_sub-015_ses03-to-ses02 seed=0 acc=0.5200 (ntr=160 nval=40 nte=200)
2026-06-09 14:51:28 | INFO    | train_session_alignment | [align] filterbank_reweighting eegnet      single_sub-016_ses01-to-ses02 seed=0 acc=0.5100 (ntr=160 nval=40 nte=200)
2026-06-09 14:51:36 | INFO    | train_session_alignment | [align] filterbank_reweighting eegnet      single_sub-016_ses01-to-ses03 seed=0 acc=0.5750 (ntr=160 nval=40 nte=200)
2026-06-09 14:51:43 | INFO    | train_session_alignment | [align] filterbank_reweighting eegnet      single_sub-016_ses02-to-ses01 seed=0 acc=0.4900 (ntr=160 nval=40 nte=200)
2026-06-09 14:51:50 | INFO    | train_session_alignment | [align] filterbank_reweighting eegnet      single_sub-016_ses02-to-ses03 seed=0 acc=0.5200 (ntr=160 nval=40 nte=200)
2026-06-09 14:51:56 | INFO    | train_session_alignment | [align] filterbank_reweighting eegnet      single_sub-016_ses03-to-ses01 seed=0 acc=0.4750 (ntr=160 nval=40 nte=200)
2026-06-09 14:52:02 | INFO    | train_session_alignment | [align] filterbank_reweighting eegnet      single_sub-016_ses03-to-ses02 seed=0 acc=0.4650 (ntr=160 nval=40 nte=200)
2026-06-09 14:52:10 | INFO    | train_session_alignment | [align] filterbank_reweighting eegnet      single_sub-017_ses01-to-ses02 seed=0 acc=0.7000 (ntr=160 nval=40 nte=200)
2026-06-09 14:52:18 | INFO    | train_session_alignment | [align] filterbank_reweighting eegnet      single_sub-017_ses01-to-ses03 seed=0 acc=0.6050 (ntr=160 nval=40 nte=200)
2026-06-09 14:52:32 | INFO    | train_session_alignment | [align] filterbank_reweighting eegnet      single_sub-017_ses02-to-ses01 seed=0 acc=0.6800 (ntr=160 nval=40 nte=200)
2026-06-09 14:52:46 | INFO    | train_session_alignment | [align] filterbank_reweighting eegnet      single_sub-017_ses02-to-ses03 seed=0 acc=0.7800 (ntr=160 nval=40 nte=200)
2026-06-09 14:52:55 | INFO    | train_session_alignment | [align] filterbank_reweighting eegnet      single_sub-017_ses03-to-ses01 seed=0 acc=0.5600 (ntr=160 nval=40 nte=200)
2026-06-09 14:53:04 | INFO    | train_session_alignment | [align] filterbank_reweighting eegnet      single_sub-017_ses03-to-ses02 seed=0 acc=0.7550 (ntr=160 nval=40 nte=200)
2026-06-09 14:53:15 | INFO    | train_session_alignment | [align] filterbank_reweighting eegnet      single_sub-018_ses01-to-ses02 seed=0 acc=0.6100 (ntr=160 nval=40 nte=200)
2026-06-09 14:53:26 | INFO    | train_session_alignment | [align] filterbank_reweighting eegnet      single_sub-018_ses01-to-ses03 seed=0 acc=0.5350 (ntr=160 nval=40 nte=200)
2026-06-09 14:53:39 | INFO    | train_session_alignment | [align] filterbank_reweighting eegnet      single_sub-018_ses02-to-ses01 seed=0 acc=0.6600 (ntr=160 nval=40 nte=200)
2026-06-09 14:53:51 | INFO    | train_session_alignment | [align] filterbank_reweighting eegnet      single_sub-018_ses02-to-ses03 seed=0 acc=0.6400 (ntr=160 nval=40 nte=200)
2026-06-09 14:54:00 | INFO    | train_session_alignment | [align] filterbank_reweighting eegnet      single_sub-018_ses03-to-ses01 seed=0 acc=0.5400 (ntr=160 nval=40 nte=200)
2026-06-09 14:54:09 | INFO    | train_session_alignment | [align] filterbank_reweighting eegnet      single_sub-018_ses03-to-ses02 seed=0 acc=0.5800 (ntr=160 nval=40 nte=200)
2026-06-09 14:54:20 | INFO    | train_session_alignment | [align] filterbank_reweighting eegnet      single_sub-019_ses01-to-ses02 seed=0 acc=0.4700 (ntr=160 nval=40 nte=200)
2026-06-09 14:54:31 | INFO    | train_session_alignment | [align] filterbank_reweighting eegnet      single_sub-019_ses01-to-ses03 seed=0 acc=0.5700 (ntr=160 nval=40 nte=200)
2026-06-09 14:54:43 | INFO    | train_session_alignment | [align] filterbank_reweighting eegnet      single_sub-019_ses02-to-ses01 seed=0 acc=0.6450 (ntr=160 nval=40 nte=200)
2026-06-09 14:54:55 | INFO    | train_session_alignment | [align] filterbank_reweighting eegnet      single_sub-019_ses02-to-ses03 seed=0 acc=0.9300 (ntr=160 nval=40 nte=200)
2026-06-09 14:55:11 | INFO    | train_session_alignment | [align] filterbank_reweighting eegnet      single_sub-019_ses03-to-ses01 seed=0 acc=0.5400 (ntr=160 nval=40 nte=200)
2026-06-09 14:55:27 | INFO    | train_session_alignment | [align] filterbank_reweighting eegnet      single_sub-019_ses03-to-ses02 seed=0 acc=0.8700 (ntr=160 nval=40 nte=200)
2026-06-09 14:55:37 | INFO    | train_session_alignment | [align] filterbank_reweighting eegnet      single_sub-020_ses01-to-ses02 seed=0 acc=0.8500 (ntr=160 nval=40 nte=200)
2026-06-09 14:55:47 | INFO    | train_session_alignment | [align] filterbank_reweighting eegnet      single_sub-020_ses01-to-ses03 seed=0 acc=0.4500 (ntr=160 nval=40 nte=200)
2026-06-09 14:55:56 | INFO    | train_session_alignment | [align] filterbank_reweighting eegnet      single_sub-020_ses02-to-ses01 seed=0 acc=0.7300 (ntr=160 nval=40 nte=200)
2026-06-09 14:56:05 | INFO    | train_session_alignment | [align] filterbank_reweighting eegnet      single_sub-020_ses02-to-ses03 seed=0 acc=0.4550 (ntr=160 nval=40 nte=200)
2026-06-09 14:56:25 | INFO    | train_session_alignment | [align] filterbank_reweighting eegnet      single_sub-020_ses03-to-ses01 seed=0 acc=0.4700 (ntr=160 nval=40 nte=200)
2026-06-09 14:56:45 | INFO    | train_session_alignment | [align] filterbank_reweighting eegnet      single_sub-020_ses03-to-ses02 seed=0 acc=0.5550 (ntr=160 nval=40 nte=200)
2026-06-09 14:56:57 | INFO    | train_session_alignment | [align] filterbank_reweighting eegnet      single_sub-021_ses01-to-ses02 seed=0 acc=0.7550 (ntr=160 nval=40 nte=200)
2026-06-09 14:57:08 | INFO    | train_session_alignment | [align] filterbank_reweighting eegnet      single_sub-021_ses01-to-ses03 seed=0 acc=0.7850 (ntr=160 nval=40 nte=200)
2026-06-09 14:57:16 | INFO    | train_session_alignment | [align] filterbank_reweighting eegnet      single_sub-021_ses02-to-ses01 seed=0 acc=0.7850 (ntr=160 nval=40 nte=200)
2026-06-09 14:57:23 | INFO    | train_session_alignment | [align] filterbank_reweighting eegnet      single_sub-021_ses02-to-ses03 seed=0 acc=0.7950 (ntr=160 nval=40 nte=200)
2026-06-09 14:57:31 | INFO    | train_session_alignment | [align] filterbank_reweighting eegnet      single_sub-021_ses03-to-ses01 seed=0 acc=0.7400 (ntr=160 nval=40 nte=200)
2026-06-09 14:57:39 | INFO    | train_session_alignment | [align] filterbank_reweighting eegnet      single_sub-021_ses03-to-ses02 seed=0 acc=0.6550 (ntr=160 nval=40 nte=200)
2026-06-09 14:57:49 | INFO    | train_session_alignment | [align] filterbank_reweighting eegnet      single_sub-022_ses01-to-ses02 seed=0 acc=0.5550 (ntr=160 nval=40 nte=200)
2026-06-09 14:58:00 | INFO    | train_session_alignment | [align] filterbank_reweighting eegnet      single_sub-022_ses01-to-ses03 seed=0 acc=0.5400 (ntr=160 nval=40 nte=200)
2026-06-09 14:58:09 | INFO    | train_session_alignment | [align] filterbank_reweighting eegnet      single_sub-022_ses02-to-ses01 seed=0 acc=0.6100 (ntr=160 nval=40 nte=200)
2026-06-09 14:58:18 | INFO    | train_session_alignment | [align] filterbank_reweighting eegnet      single_sub-022_ses02-to-ses03 seed=0 acc=0.8150 (ntr=160 nval=40 nte=200)
2026-06-09 14:58:29 | INFO    | train_session_alignment | [align] filterbank_reweighting eegnet      single_sub-022_ses03-to-ses01 seed=0 acc=0.5250 (ntr=160 nval=40 nte=200)
2026-06-09 14:58:40 | INFO    | train_session_alignment | [align] filterbank_reweighting eegnet      single_sub-022_ses03-to-ses02 seed=0 acc=0.7100 (ntr=160 nval=40 nte=200)
2026-06-09 14:58:57 | INFO    | train_session_alignment | [align] filterbank_reweighting eegnet      single_sub-023_ses02-to-ses03 seed=0 acc=0.9350 (ntr=160 nval=40 nte=200)
2026-06-09 14:59:04 | INFO    | train_session_alignment | [align] filterbank_reweighting eegnet      single_sub-023_ses03-to-ses02 seed=0 acc=0.8750 (ntr=160 nval=40 nte=200)
2026-06-09 14:59:14 | INFO    | train_session_alignment | [align] filterbank_reweighting eegnet      single_sub-025_ses01-to-ses02 seed=0 acc=0.7500 (ntr=160 nval=40 nte=200)
2026-06-09 14:59:25 | INFO    | train_session_alignment | [align] filterbank_reweighting eegnet      single_sub-025_ses01-to-ses03 seed=0 acc=0.7150 (ntr=160 nval=40 nte=200)
2026-06-09 14:59:34 | INFO    | train_session_alignment | [align] filterbank_reweighting eegnet      single_sub-025_ses02-to-ses01 seed=0 acc=0.4950 (ntr=160 nval=40 nte=200)
2026-06-09 14:59:44 | INFO    | train_session_alignment | [align] filterbank_reweighting eegnet      single_sub-025_ses02-to-ses03 seed=0 acc=0.7850 (ntr=160 nval=40 nte=200)
2026-06-09 14:59:55 | INFO    | train_session_alignment | [align] filterbank_reweighting eegnet      single_sub-025_ses03-to-ses01 seed=0 acc=0.5000 (ntr=160 nval=40 nte=200)
2026-06-09 15:00:06 | INFO    | train_session_alignment | [align] filterbank_reweighting eegnet      single_sub-025_ses03-to-ses02 seed=0 acc=0.8300 (ntr=160 nval=40 nte=200)
2026-06-09 15:00:18 | INFO    | train_session_alignment | [align] filterbank_reweighting eegnet      single_sub-026_ses02-to-ses03 seed=0 acc=0.8750 (ntr=160 nval=40 nte=200)
2026-06-09 15:00:27 | INFO    | train_session_alignment | [align] filterbank_reweighting eegnet      single_sub-026_ses03-to-ses02 seed=0 acc=0.6450 (ntr=160 nval=40 nte=200)
2026-06-09 15:00:46 | INFO    | train_session_alignment | [align] filterbank_reweighting eegnet      single_sub-027_ses01-to-ses02 seed=0 acc=0.5350 (ntr=160 nval=40 nte=200)
2026-06-09 15:01:05 | INFO    | train_session_alignment | [align] filterbank_reweighting eegnet      single_sub-027_ses01-to-ses03 seed=0 acc=0.5200 (ntr=160 nval=40 nte=200)
2026-06-09 15:01:12 | INFO    | train_session_alignment | [align] filterbank_reweighting eegnet      single_sub-027_ses02-to-ses01 seed=0 acc=0.4950 (ntr=160 nval=40 nte=200)
2026-06-09 15:01:18 | INFO    | train_session_alignment | [align] filterbank_reweighting eegnet      single_sub-027_ses02-to-ses03 seed=0 acc=0.5350 (ntr=160 nval=40 nte=200)
2026-06-09 15:01:30 | INFO    | train_session_alignment | [align] filterbank_reweighting eegnet      single_sub-027_ses03-to-ses01 seed=0 acc=0.5600 (ntr=160 nval=40 nte=200)
2026-06-09 15:01:42 | INFO    | train_session_alignment | [align] filterbank_reweighting eegnet      single_sub-027_ses03-to-ses02 seed=0 acc=0.5750 (ntr=160 nval=40 nte=200)
2026-06-09 15:01:55 | INFO    | train_session_alignment | [align] filterbank_reweighting eegnet      single_sub-028_ses01-to-ses02 seed=0 acc=0.8250 (ntr=160 nval=40 nte=200)
2026-06-09 15:02:08 | INFO    | train_session_alignment | [align] filterbank_reweighting eegnet      single_sub-028_ses01-to-ses03 seed=0 acc=0.6000 (ntr=160 nval=40 nte=200)
2026-06-09 15:02:21 | INFO    | train_session_alignment | [align] filterbank_reweighting eegnet      single_sub-028_ses02-to-ses01 seed=0 acc=0.8850 (ntr=160 nval=40 nte=200)
2026-06-09 15:02:33 | INFO    | train_session_alignment | [align] filterbank_reweighting eegnet      single_sub-028_ses02-to-ses03 seed=0 acc=0.6400 (ntr=160 nval=40 nte=200)
2026-06-09 15:02:41 | INFO    | train_session_alignment | [align] filterbank_reweighting eegnet      single_sub-028_ses03-to-ses01 seed=0 acc=0.7200 (ntr=160 nval=40 nte=200)
2026-06-09 15:02:49 | INFO    | train_session_alignment | [align] filterbank_reweighting eegnet      single_sub-028_ses03-to-ses02 seed=0 acc=0.6650 (ntr=160 nval=40 nte=200)
2026-06-09 15:03:06 | INFO    | train_session_alignment | [align] filterbank_reweighting eegnet      single_sub-029_ses01-to-ses02 seed=0 acc=0.5350 (ntr=160 nval=40 nte=200)
2026-06-09 15:03:23 | INFO    | train_session_alignment | [align] filterbank_reweighting eegnet      single_sub-029_ses01-to-ses03 seed=0 acc=0.5650 (ntr=160 nval=40 nte=200)
2026-06-09 15:03:35 | INFO    | train_session_alignment | [align] filterbank_reweighting eegnet      single_sub-029_ses02-to-ses01 seed=0 acc=0.6550 (ntr=160 nval=40 nte=200)
2026-06-09 15:03:47 | INFO    | train_session_alignment | [align] filterbank_reweighting eegnet      single_sub-029_ses02-to-ses03 seed=0 acc=0.9500 (ntr=160 nval=40 nte=200)
2026-06-09 15:04:02 | INFO    | train_session_alignment | [align] filterbank_reweighting eegnet      single_sub-029_ses03-to-ses01 seed=0 acc=0.8700 (ntr=160 nval=40 nte=200)
2026-06-09 15:04:18 | INFO    | train_session_alignment | [align] filterbank_reweighting eegnet      single_sub-029_ses03-to-ses02 seed=0 acc=0.9800 (ntr=160 nval=40 nte=200)
2026-06-09 15:04:25 | INFO    | train_session_alignment | [align] filterbank_reweighting eegnet      single_sub-030_ses01-to-ses02 seed=0 acc=0.5000 (ntr=160 nval=40 nte=200)
2026-06-09 15:04:31 | INFO    | train_session_alignment | [align] filterbank_reweighting eegnet      single_sub-030_ses01-to-ses03 seed=0 acc=0.5000 (ntr=160 nval=40 nte=200)
2026-06-09 15:04:45 | INFO    | train_session_alignment | [align] filterbank_reweighting eegnet      single_sub-030_ses02-to-ses01 seed=0 acc=0.9000 (ntr=160 nval=40 nte=200)
2026-06-09 15:04:58 | INFO    | train_session_alignment | [align] filterbank_reweighting eegnet      single_sub-030_ses02-to-ses03 seed=0 acc=0.8650 (ntr=160 nval=40 nte=200)
2026-06-09 15:05:13 | INFO    | train_session_alignment | [align] filterbank_reweighting eegnet      single_sub-030_ses03-to-ses01 seed=0 acc=0.3800 (ntr=160 nval=40 nte=200)
2026-06-09 15:05:28 | INFO    | train_session_alignment | [align] filterbank_reweighting eegnet      single_sub-030_ses03-to-ses02 seed=0 acc=0.7200 (ntr=160 nval=40 nte=200)
2026-06-09 15:05:44 | INFO    | train_session_alignment | [align] filterbank_reweighting eegnet      single_sub-031_ses01-to-ses02 seed=0 acc=0.6250 (ntr=160 nval=40 nte=200)
2026-06-09 15:06:01 | INFO    | train_session_alignment | [align] filterbank_reweighting eegnet      single_sub-031_ses01-to-ses03 seed=0 acc=0.5850 (ntr=160 nval=40 nte=200)
2026-06-09 15:06:13 | INFO    | train_session_alignment | [align] filterbank_reweighting eegnet      single_sub-031_ses02-to-ses01 seed=0 acc=0.6550 (ntr=160 nval=40 nte=200)
2026-06-09 15:06:24 | INFO    | train_session_alignment | [align] filterbank_reweighting eegnet      single_sub-031_ses02-to-ses03 seed=0 acc=0.7900 (ntr=160 nval=40 nte=200)
2026-06-09 15:06:35 | INFO    | train_session_alignment | [align] filterbank_reweighting eegnet      single_sub-031_ses03-to-ses01 seed=0 acc=0.6700 (ntr=160 nval=40 nte=200)
2026-06-09 15:06:45 | INFO    | train_session_alignment | [align] filterbank_reweighting eegnet      single_sub-031_ses03-to-ses02 seed=0 acc=0.7450 (ntr=160 nval=40 nte=200)
2026-06-09 15:06:52 | INFO    | train_session_alignment | [align] filterbank_reweighting eegnet      single_sub-032_ses01-to-ses03 seed=0 acc=0.5550 (ntr=160 nval=40 nte=200)
2026-06-09 15:07:01 | INFO    | train_session_alignment | [align] filterbank_reweighting eegnet      single_sub-032_ses03-to-ses01 seed=0 acc=0.5850 (ntr=160 nval=40 nte=200)
2026-06-09 15:07:16 | INFO    | train_session_alignment | [align] filterbank_reweighting eegnet      single_sub-033_ses01-to-ses02 seed=0 acc=0.9800 (ntr=160 nval=40 nte=200)
2026-06-09 15:07:31 | INFO    | train_session_alignment | [align] filterbank_reweighting eegnet      single_sub-033_ses01-to-ses03 seed=0 acc=0.9450 (ntr=160 nval=40 nte=200)
2026-06-09 15:07:40 | INFO    | train_session_alignment | [align] filterbank_reweighting eegnet      single_sub-033_ses02-to-ses01 seed=0 acc=0.8300 (ntr=160 nval=40 nte=200)
2026-06-09 15:07:49 | INFO    | train_session_alignment | [align] filterbank_reweighting eegnet      single_sub-033_ses02-to-ses03 seed=0 acc=0.8650 (ntr=160 nval=40 nte=200)
2026-06-09 15:08:08 | INFO    | train_session_alignment | [align] filterbank_reweighting eegnet      single_sub-033_ses03-to-ses01 seed=0 acc=0.9600 (ntr=160 nval=40 nte=200)
2026-06-09 15:08:28 | INFO    | train_session_alignment | [align] filterbank_reweighting eegnet      single_sub-033_ses03-to-ses02 seed=0 acc=0.9500 (ntr=160 nval=40 nte=200)
2026-06-09 15:08:35 | INFO    | train_session_alignment | [align] filterbank_reweighting eegnet      single_sub-034_ses01-to-ses02 seed=0 acc=0.6200 (ntr=160 nval=40 nte=200)
2026-06-09 15:08:41 | INFO    | train_session_alignment | [align] filterbank_reweighting eegnet      single_sub-034_ses01-to-ses03 seed=0 acc=0.5100 (ntr=160 nval=40 nte=200)
2026-06-09 15:08:52 | INFO    | train_session_alignment | [align] filterbank_reweighting eegnet      single_sub-034_ses02-to-ses01 seed=0 acc=0.5900 (ntr=160 nval=40 nte=200)
2026-06-09 15:09:03 | INFO    | train_session_alignment | [align] filterbank_reweighting eegnet      single_sub-034_ses02-to-ses03 seed=0 acc=0.7500 (ntr=160 nval=40 nte=200)
2026-06-09 15:09:13 | INFO    | train_session_alignment | [align] filterbank_reweighting eegnet      single_sub-034_ses03-to-ses01 seed=0 acc=0.6200 (ntr=160 nval=40 nte=200)
2026-06-09 15:09:22 | INFO    | train_session_alignment | [align] filterbank_reweighting eegnet      single_sub-034_ses03-to-ses02 seed=0 acc=0.7600 (ntr=160 nval=40 nte=200)
2026-06-09 15:09:39 | INFO    | train_session_alignment | [align] filterbank_reweighting eegnet      single_sub-035_ses01-to-ses02 seed=0 acc=0.9500 (ntr=160 nval=40 nte=200)
2026-06-09 15:09:55 | INFO    | train_session_alignment | [align] filterbank_reweighting eegnet      single_sub-035_ses01-to-ses03 seed=0 acc=0.9100 (ntr=160 nval=40 nte=200)
2026-06-09 15:10:08 | INFO    | train_session_alignment | [align] filterbank_reweighting eegnet      single_sub-035_ses02-to-ses01 seed=0 acc=0.9150 (ntr=160 nval=40 nte=200)
2026-06-09 15:10:20 | INFO    | train_session_alignment | [align] filterbank_reweighting eegnet      single_sub-035_ses02-to-ses03 seed=0 acc=0.9050 (ntr=160 nval=40 nte=200)
2026-06-09 15:10:30 | INFO    | train_session_alignment | [align] filterbank_reweighting eegnet      single_sub-035_ses03-to-ses01 seed=0 acc=0.9350 (ntr=160 nval=40 nte=200)
2026-06-09 15:10:39 | INFO    | train_session_alignment | [align] filterbank_reweighting eegnet      single_sub-035_ses03-to-ses02 seed=0 acc=0.9600 (ntr=160 nval=40 nte=200)
2026-06-09 15:10:47 | INFO    | train_session_alignment | [align] filterbank_reweighting eegnet      single_sub-036_ses01-to-ses02 seed=0 acc=0.9100 (ntr=160 nval=40 nte=200)
2026-06-09 15:10:55 | INFO    | train_session_alignment | [align] filterbank_reweighting eegnet      single_sub-036_ses01-to-ses03 seed=0 acc=0.9550 (ntr=160 nval=40 nte=200)
2026-06-09 15:11:14 | INFO    | train_session_alignment | [align] filterbank_reweighting eegnet      single_sub-036_ses02-to-ses01 seed=0 acc=0.8950 (ntr=160 nval=40 nte=200)
2026-06-09 15:11:34 | INFO    | train_session_alignment | [align] filterbank_reweighting eegnet      single_sub-036_ses02-to-ses03 seed=0 acc=0.9550 (ntr=160 nval=40 nte=200)
2026-06-09 15:11:43 | INFO    | train_session_alignment | [align] filterbank_reweighting eegnet      single_sub-036_ses03-to-ses01 seed=0 acc=0.8600 (ntr=160 nval=40 nte=200)
2026-06-09 15:11:53 | INFO    | train_session_alignment | [align] filterbank_reweighting eegnet      single_sub-036_ses03-to-ses02 seed=0 acc=0.9300 (ntr=160 nval=40 nte=200)
2026-06-09 15:12:13 | INFO    | train_session_alignment | [align] filterbank_reweighting eegnet      single_sub-037_ses01-to-ses02 seed=0 acc=0.8650 (ntr=160 nval=40 nte=200)
2026-06-09 15:12:33 | INFO    | train_session_alignment | [align] filterbank_reweighting eegnet      single_sub-037_ses01-to-ses03 seed=0 acc=0.8400 (ntr=160 nval=40 nte=200)
2026-06-09 15:12:53 | INFO    | train_session_alignment | [align] filterbank_reweighting eegnet      single_sub-037_ses02-to-ses01 seed=0 acc=0.8050 (ntr=160 nval=40 nte=200)
2026-06-09 15:13:12 | INFO    | train_session_alignment | [align] filterbank_reweighting eegnet      single_sub-037_ses02-to-ses03 seed=0 acc=0.9300 (ntr=160 nval=40 nte=200)
2026-06-09 15:13:23 | INFO    | train_session_alignment | [align] filterbank_reweighting eegnet      single_sub-037_ses03-to-ses01 seed=0 acc=0.7100 (ntr=160 nval=40 nte=200)
2026-06-09 15:13:34 | INFO    | train_session_alignment | [align] filterbank_reweighting eegnet      single_sub-037_ses03-to-ses02 seed=0 acc=0.9150 (ntr=160 nval=40 nte=200)
2026-06-09 15:13:42 | INFO    | train_session_alignment | [align] filterbank_reweighting eegnet      single_sub-038_ses01-to-ses02 seed=0 acc=0.6950 (ntr=160 nval=40 nte=200)
2026-06-09 15:13:50 | INFO    | train_session_alignment | [align] filterbank_reweighting eegnet      single_sub-038_ses01-to-ses03 seed=0 acc=0.6100 (ntr=160 nval=40 nte=200)
2026-06-09 15:13:58 | INFO    | train_session_alignment | [align] filterbank_reweighting eegnet      single_sub-038_ses02-to-ses01 seed=0 acc=0.5150 (ntr=160 nval=40 nte=200)
2026-06-09 15:14:06 | INFO    | train_session_alignment | [align] filterbank_reweighting eegnet      single_sub-038_ses02-to-ses03 seed=0 acc=0.5750 (ntr=160 nval=40 nte=200)
2026-06-09 15:14:18 | INFO    | train_session_alignment | [align] filterbank_reweighting eegnet      single_sub-038_ses03-to-ses01 seed=0 acc=0.5250 (ntr=160 nval=40 nte=200)
2026-06-09 15:14:31 | INFO    | train_session_alignment | [align] filterbank_reweighting eegnet      single_sub-038_ses03-to-ses02 seed=0 acc=0.5500 (ntr=160 nval=40 nte=200)
2026-06-09 15:14:44 | INFO    | train_session_alignment | [align] filterbank_reweighting eegnet      single_sub-039_ses01-to-ses02 seed=0 acc=0.4600 (ntr=160 nval=40 nte=200)
2026-06-09 15:14:56 | INFO    | train_session_alignment | [align] filterbank_reweighting eegnet      single_sub-039_ses01-to-ses03 seed=0 acc=0.4700 (ntr=160 nval=40 nte=200)
2026-06-09 15:15:07 | INFO    | train_session_alignment | [align] filterbank_reweighting eegnet      single_sub-039_ses02-to-ses01 seed=0 acc=0.4200 (ntr=160 nval=40 nte=200)
2026-06-09 15:15:18 | INFO    | train_session_alignment | [align] filterbank_reweighting eegnet      single_sub-039_ses02-to-ses03 seed=0 acc=0.6200 (ntr=160 nval=40 nte=200)
2026-06-09 15:15:29 | INFO    | train_session_alignment | [align] filterbank_reweighting eegnet      single_sub-039_ses03-to-ses01 seed=0 acc=0.4350 (ntr=160 nval=40 nte=200)
2026-06-09 15:15:41 | INFO    | train_session_alignment | [align] filterbank_reweighting eegnet      single_sub-039_ses03-to-ses02 seed=0 acc=0.6450 (ntr=160 nval=40 nte=200)
2026-06-09 15:15:48 | INFO    | train_session_alignment | [align] filterbank_reweighting eegnet      single_sub-040_ses01-to-ses02 seed=0 acc=0.7150 (ntr=160 nval=40 nte=200)
2026-06-09 15:15:56 | INFO    | train_session_alignment | [align] filterbank_reweighting eegnet      single_sub-040_ses01-to-ses03 seed=0 acc=0.8200 (ntr=160 nval=40 nte=200)
2026-06-09 15:16:06 | INFO    | train_session_alignment | [align] filterbank_reweighting eegnet      single_sub-040_ses02-to-ses01 seed=0 acc=0.7800 (ntr=160 nval=40 nte=200)
2026-06-09 15:16:16 | INFO    | train_session_alignment | [align] filterbank_reweighting eegnet      single_sub-040_ses02-to-ses03 seed=0 acc=0.7600 (ntr=160 nval=40 nte=200)
2026-06-09 15:16:25 | INFO    | train_session_alignment | [align] filterbank_reweighting eegnet      single_sub-040_ses03-to-ses01 seed=0 acc=0.8100 (ntr=160 nval=40 nte=200)
2026-06-09 15:16:33 | INFO    | train_session_alignment | [align] filterbank_reweighting eegnet      single_sub-040_ses03-to-ses02 seed=0 acc=0.7750 (ntr=160 nval=40 nte=200)
2026-06-09 15:16:53 | INFO    | train_session_alignment | [align] filterbank_reweighting eegnet      single_sub-041_ses01-to-ses02 seed=0 acc=0.8500 (ntr=160 nval=40 nte=200)
2026-06-09 15:17:13 | INFO    | train_session_alignment | [align] filterbank_reweighting eegnet      single_sub-041_ses01-to-ses03 seed=0 acc=0.8650 (ntr=160 nval=40 nte=200)
2026-06-09 15:17:31 | INFO    | train_session_alignment | [align] filterbank_reweighting eegnet      single_sub-041_ses02-to-ses01 seed=0 acc=0.8400 (ntr=160 nval=40 nte=200)
2026-06-09 15:17:50 | INFO    | train_session_alignment | [align] filterbank_reweighting eegnet      single_sub-041_ses02-to-ses03 seed=0 acc=0.8500 (ntr=160 nval=40 nte=200)
2026-06-09 15:17:59 | INFO    | train_session_alignment | [align] filterbank_reweighting eegnet      single_sub-041_ses03-to-ses01 seed=0 acc=0.8200 (ntr=160 nval=40 nte=200)
2026-06-09 15:18:11 | INFO    | train_session_alignment | [align] filterbank_reweighting eegnet      single_sub-041_ses03-to-ses02 seed=0 acc=0.8550 (ntr=160 nval=40 nte=200)
2026-06-09 15:18:25 | INFO    | train_session_alignment | [align] filterbank_reweighting eegnet      single_sub-042_ses01-to-ses02 seed=0 acc=0.7850 (ntr=160 nval=40 nte=200)
2026-06-09 15:18:34 | INFO    | train_session_alignment | [align] filterbank_reweighting eegnet      single_sub-042_ses01-to-ses03 seed=0 acc=0.7400 (ntr=160 nval=40 nte=200)
2026-06-09 15:18:41 | INFO    | train_session_alignment | [align] filterbank_reweighting eegnet      single_sub-042_ses02-to-ses01 seed=0 acc=0.7150 (ntr=160 nval=40 nte=200)
2026-06-09 15:18:49 | INFO    | train_session_alignment | [align] filterbank_reweighting eegnet      single_sub-042_ses02-to-ses03 seed=0 acc=0.6900 (ntr=160 nval=40 nte=200)
2026-06-09 15:18:57 | INFO    | train_session_alignment | [align] filterbank_reweighting eegnet      single_sub-042_ses03-to-ses01 seed=0 acc=0.7700 (ntr=160 nval=40 nte=200)
2026-06-09 15:19:05 | INFO    | train_session_alignment | [align] filterbank_reweighting eegnet      single_sub-042_ses03-to-ses02 seed=0 acc=0.7750 (ntr=160 nval=40 nte=200)
2026-06-09 15:19:17 | INFO    | train_session_alignment | [align] filterbank_reweighting eegnet      single_sub-043_ses01-to-ses02 seed=0 acc=0.9750 (ntr=160 nval=40 nte=200)
2026-06-09 15:19:29 | INFO    | train_session_alignment | [align] filterbank_reweighting eegnet      single_sub-043_ses01-to-ses03 seed=0 acc=0.9900 (ntr=160 nval=40 nte=200)
2026-06-09 15:19:49 | INFO    | train_session_alignment | [align] filterbank_reweighting eegnet      single_sub-043_ses02-to-ses01 seed=0 acc=0.9900 (ntr=160 nval=40 nte=200)
2026-06-09 15:20:09 | INFO    | train_session_alignment | [align] filterbank_reweighting eegnet      single_sub-043_ses02-to-ses03 seed=0 acc=0.9750 (ntr=160 nval=40 nte=200)
2026-06-09 15:20:29 | INFO    | train_session_alignment | [align] filterbank_reweighting eegnet      single_sub-043_ses03-to-ses01 seed=0 acc=0.9800 (ntr=160 nval=40 nte=200)
2026-06-09 15:20:48 | INFO    | train_session_alignment | [align] filterbank_reweighting eegnet      single_sub-043_ses03-to-ses02 seed=0 acc=0.9800 (ntr=160 nval=40 nte=200)
2026-06-09 15:20:56 | INFO    | train_session_alignment | [align] filterbank_reweighting eegnet      single_sub-044_ses01-to-ses02 seed=0 acc=0.5200 (ntr=160 nval=40 nte=200)
2026-06-09 15:21:04 | INFO    | train_session_alignment | [align] filterbank_reweighting eegnet      single_sub-044_ses01-to-ses03 seed=0 acc=0.5600 (ntr=160 nval=40 nte=200)
2026-06-09 15:21:14 | INFO    | train_session_alignment | [align] filterbank_reweighting eegnet      single_sub-044_ses02-to-ses01 seed=0 acc=0.5400 (ntr=160 nval=40 nte=200)
2026-06-09 15:21:23 | INFO    | train_session_alignment | [align] filterbank_reweighting eegnet      single_sub-044_ses02-to-ses03 seed=0 acc=0.7100 (ntr=160 nval=40 nte=200)
2026-06-09 15:21:31 | INFO    | train_session_alignment | [align] filterbank_reweighting eegnet      single_sub-044_ses03-to-ses01 seed=0 acc=0.5350 (ntr=160 nval=40 nte=200)
2026-06-09 15:21:39 | INFO    | train_session_alignment | [align] filterbank_reweighting eegnet      single_sub-044_ses03-to-ses02 seed=0 acc=0.6350 (ntr=160 nval=40 nte=200)
2026-06-09 15:21:49 | INFO    | train_session_alignment | [align] filterbank_reweighting eegnet      single_sub-045_ses01-to-ses02 seed=0 acc=0.7350 (ntr=160 nval=40 nte=200)
2026-06-09 15:22:00 | INFO    | train_session_alignment | [align] filterbank_reweighting eegnet      single_sub-045_ses01-to-ses03 seed=0 acc=0.8650 (ntr=160 nval=40 nte=200)
2026-06-09 15:22:11 | INFO    | train_session_alignment | [align] filterbank_reweighting eegnet      single_sub-045_ses02-to-ses01 seed=0 acc=0.8000 (ntr=160 nval=40 nte=200)
2026-06-09 15:22:22 | INFO    | train_session_alignment | [align] filterbank_reweighting eegnet      single_sub-045_ses02-to-ses03 seed=0 acc=0.8700 (ntr=160 nval=40 nte=200)
2026-06-09 15:22:30 | INFO    | train_session_alignment | [align] filterbank_reweighting eegnet      single_sub-045_ses03-to-ses01 seed=0 acc=0.7850 (ntr=160 nval=40 nte=200)
2026-06-09 15:22:37 | INFO    | train_session_alignment | [align] filterbank_reweighting eegnet      single_sub-045_ses03-to-ses02 seed=0 acc=0.7050 (ntr=160 nval=40 nte=200)
2026-06-09 15:22:57 | INFO    | train_session_alignment | [align] filterbank_reweighting eegnet      single_sub-046_ses01-to-ses02 seed=0 acc=0.9750 (ntr=160 nval=40 nte=200)
2026-06-09 15:23:38 | INFO    | train_session_alignment | [align] filterbank_reweighting eegnet      single_sub-046_ses01-to-ses03 seed=0 acc=0.9800 (ntr=160 nval=40 nte=200)
2026-06-09 15:23:46 | INFO    | train_session_alignment | [align] filterbank_reweighting eegnet      single_sub-046_ses02-to-ses01 seed=0 acc=0.9900 (ntr=160 nval=40 nte=200)
2026-06-09 15:23:53 | INFO    | train_session_alignment | [align] filterbank_reweighting eegnet      single_sub-046_ses02-to-ses03 seed=0 acc=0.9750 (ntr=160 nval=40 nte=200)
2026-06-09 15:24:10 | INFO    | train_session_alignment | [align] filterbank_reweighting eegnet      single_sub-046_ses03-to-ses01 seed=0 acc=0.9900 (ntr=160 nval=40 nte=200)
2026-06-09 15:24:26 | INFO    | train_session_alignment | [align] filterbank_reweighting eegnet      single_sub-046_ses03-to-ses02 seed=0 acc=0.9850 (ntr=160 nval=40 nte=200)
2026-06-09 15:24:38 | INFO    | train_session_alignment | [align] filterbank_reweighting eegnet      single_sub-047_ses01-to-ses02 seed=0 acc=0.9050 (ntr=160 nval=40 nte=200)
2026-06-09 15:24:49 | INFO    | train_session_alignment | [align] filterbank_reweighting eegnet      single_sub-047_ses01-to-ses03 seed=0 acc=0.8900 (ntr=160 nval=40 nte=200)
2026-06-09 15:25:09 | INFO    | train_session_alignment | [align] filterbank_reweighting eegnet      single_sub-047_ses02-to-ses01 seed=0 acc=0.8800 (ntr=160 nval=40 nte=200)
2026-06-09 15:25:28 | INFO    | train_session_alignment | [align] filterbank_reweighting eegnet      single_sub-047_ses02-to-ses03 seed=0 acc=0.8650 (ntr=160 nval=40 nte=200)
2026-06-09 15:25:43 | INFO    | train_session_alignment | [align] filterbank_reweighting eegnet      single_sub-047_ses03-to-ses01 seed=0 acc=0.8750 (ntr=160 nval=40 nte=200)
2026-06-09 15:25:58 | INFO    | train_session_alignment | [align] filterbank_reweighting eegnet      single_sub-047_ses03-to-ses02 seed=0 acc=0.8750 (ntr=160 nval=40 nte=200)
2026-06-09 15:26:06 | INFO    | train_session_alignment | [align] filterbank_reweighting eegnet      single_sub-048_ses01-to-ses02 seed=0 acc=0.8150 (ntr=160 nval=40 nte=200)
2026-06-09 15:26:15 | INFO    | train_session_alignment | [align] filterbank_reweighting eegnet      single_sub-048_ses01-to-ses03 seed=0 acc=0.7650 (ntr=160 nval=40 nte=200)
2026-06-09 15:26:31 | INFO    | train_session_alignment | [align] filterbank_reweighting eegnet      single_sub-048_ses02-to-ses01 seed=0 acc=0.7500 (ntr=160 nval=40 nte=200)
2026-06-09 15:26:43 | INFO    | train_session_alignment | [align] filterbank_reweighting eegnet      single_sub-048_ses02-to-ses03 seed=0 acc=0.7900 (ntr=160 nval=40 nte=200)
2026-06-09 15:27:01 | INFO    | train_session_alignment | [align] filterbank_reweighting eegnet      single_sub-048_ses03-to-ses01 seed=0 acc=0.7850 (ntr=160 nval=40 nte=200)
2026-06-09 15:27:12 | INFO    | train_session_alignment | [align] filterbank_reweighting eegnet      single_sub-048_ses03-to-ses02 seed=0 acc=0.7400 (ntr=160 nval=40 nte=200)
2026-06-09 15:27:37 | INFO    | train_session_alignment | [align] filterbank_reweighting eegnet      single_sub-049_ses01-to-ses02 seed=0 acc=0.8750 (ntr=160 nval=40 nte=200)
2026-06-09 15:27:48 | INFO    | train_session_alignment | [align] filterbank_reweighting eegnet      single_sub-049_ses01-to-ses03 seed=0 acc=0.8350 (ntr=160 nval=40 nte=200)
2026-06-09 15:28:04 | INFO    | train_session_alignment | [align] filterbank_reweighting eegnet      single_sub-049_ses02-to-ses01 seed=0 acc=0.9000 (ntr=160 nval=40 nte=200)
2026-06-09 15:28:12 | INFO    | train_session_alignment | [align] filterbank_reweighting eegnet      single_sub-049_ses02-to-ses03 seed=0 acc=0.8400 (ntr=160 nval=40 nte=200)
2026-06-09 15:28:32 | INFO    | train_session_alignment | [align] filterbank_reweighting eegnet      single_sub-049_ses03-to-ses01 seed=0 acc=0.7900 (ntr=160 nval=40 nte=200)
2026-06-09 15:28:42 | INFO    | train_session_alignment | [align] filterbank_reweighting eegnet      single_sub-049_ses03-to-ses02 seed=0 acc=0.8700 (ntr=160 nval=40 nte=200)
2026-06-09 15:28:58 | INFO    | train_session_alignment | [align] filterbank_reweighting eegnet      single_sub-050_ses01-to-ses02 seed=0 acc=0.8700 (ntr=160 nval=40 nte=200)
2026-06-09 15:29:10 | INFO    | train_session_alignment | [align] filterbank_reweighting eegnet      single_sub-050_ses01-to-ses03 seed=0 acc=0.9000 (ntr=160 nval=40 nte=200)
2026-06-09 15:29:28 | INFO    | train_session_alignment | [align] filterbank_reweighting eegnet      single_sub-050_ses02-to-ses01 seed=0 acc=0.8350 (ntr=160 nval=40 nte=200)
2026-06-09 15:29:53 | INFO    | train_session_alignment | [align] filterbank_reweighting eegnet      single_sub-050_ses02-to-ses03 seed=0 acc=0.9800 (ntr=160 nval=40 nte=200)
2026-06-09 15:30:03 | INFO    | train_session_alignment | [align] filterbank_reweighting eegnet      single_sub-050_ses03-to-ses01 seed=0 acc=0.9050 (ntr=160 nval=40 nte=200)
2026-06-09 15:30:30 | INFO    | train_session_alignment | [align] filterbank_reweighting eegnet      single_sub-050_ses03-to-ses02 seed=0 acc=0.9300 (ntr=160 nval=40 nte=200)
2026-06-09 15:30:41 | INFO    | train_session_alignment | [align] filterbank_reweighting eegnet      single_sub-051_ses01-to-ses02 seed=0 acc=0.8150 (ntr=160 nval=40 nte=200)
2026-06-09 15:31:44 | INFO    | train_session_alignment | [align] filterbank_reweighting eegnet      single_sub-051_ses01-to-ses03 seed=0 acc=0.8600 (ntr=160 nval=40 nte=200)
2026-06-09 15:31:54 | INFO    | train_session_alignment | [align] filterbank_reweighting eegnet      single_sub-051_ses02-to-ses01 seed=0 acc=0.7650 (ntr=160 nval=40 nte=200)
2026-06-09 15:32:10 | INFO    | train_session_alignment | [align] filterbank_reweighting eegnet      single_sub-051_ses02-to-ses03 seed=0 acc=0.8250 (ntr=160 nval=40 nte=200)
2026-06-09 15:32:25 | INFO    | train_session_alignment | [align] filterbank_reweighting eegnet      single_sub-051_ses03-to-ses01 seed=0 acc=0.8100 (ntr=160 nval=40 nte=200)
2026-06-09 15:32:38 | INFO    | train_session_alignment | [align] filterbank_reweighting eegnet      single_sub-051_ses03-to-ses02 seed=0 acc=0.8850 (ntr=160 nval=40 nte=200)
2026-06-09 15:32:51 | INFO    | train_session_alignment | [align] filterbank_reweighting eegnet      multi_sub-001_ses01ses02-to-ses03 seed=0 acc=0.9750 (ntr=320 nval=80 nte=200)
2026-06-09 15:33:10 | INFO    | train_session_alignment | [align] filterbank_reweighting eegnet      multi_sub-002_ses01ses02-to-ses03 seed=0 acc=0.5800 (ntr=320 nval=80 nte=200)
2026-06-09 15:33:41 | INFO    | train_session_alignment | [align] filterbank_reweighting eegnet      multi_sub-003_ses01ses02-to-ses03 seed=0 acc=0.9450 (ntr=320 nval=80 nte=200)
2026-06-09 15:33:50 | INFO    | train_session_alignment | [align] filterbank_reweighting eegnet      multi_sub-004_ses01ses02-to-ses03 seed=0 acc=0.5000 (ntr=320 nval=80 nte=200)
2026-06-09 15:34:11 | INFO    | train_session_alignment | [align] filterbank_reweighting eegnet      multi_sub-005_ses01ses02-to-ses03 seed=0 acc=0.7700 (ntr=320 nval=80 nte=200)
2026-06-09 15:34:23 | INFO    | train_session_alignment | [align] filterbank_reweighting eegnet      multi_sub-006_ses01ses02-to-ses03 seed=0 acc=0.9750 (ntr=320 nval=80 nte=200)
2026-06-09 15:34:39 | INFO    | train_session_alignment | [align] filterbank_reweighting eegnet      multi_sub-007_ses01ses02-to-ses03 seed=0 acc=0.9050 (ntr=320 nval=80 nte=200)
2026-06-09 15:35:16 | INFO    | train_session_alignment | [align] filterbank_reweighting eegnet      multi_sub-008_ses01ses02-to-ses03 seed=0 acc=0.8600 (ntr=320 nval=80 nte=200)
2026-06-09 15:35:27 | INFO    | train_session_alignment | [align] filterbank_reweighting eegnet      multi_sub-009_ses01ses02-to-ses03 seed=0 acc=0.6200 (ntr=320 nval=80 nte=200)
2026-06-09 15:35:51 | INFO    | train_session_alignment | [align] filterbank_reweighting eegnet      multi_sub-010_ses01ses02-to-ses03 seed=0 acc=0.6850 (ntr=320 nval=80 nte=200)
2026-06-09 15:36:03 | INFO    | train_session_alignment | [align] filterbank_reweighting eegnet      multi_sub-011_ses01ses02-to-ses03 seed=0 acc=0.7850 (ntr=320 nval=80 nte=200)
2026-06-09 15:36:16 | INFO    | train_session_alignment | [align] filterbank_reweighting eegnet      multi_sub-012_ses01ses02-to-ses03 seed=0 acc=0.5450 (ntr=320 nval=80 nte=200)
2026-06-09 15:36:28 | INFO    | train_session_alignment | [align] filterbank_reweighting eegnet      multi_sub-013_ses01ses02-to-ses03 seed=0 acc=0.8600 (ntr=320 nval=80 nte=200)
2026-06-09 15:36:44 | INFO    | train_session_alignment | [align] filterbank_reweighting eegnet      multi_sub-014_ses01ses02-to-ses03 seed=0 acc=0.5100 (ntr=320 nval=80 nte=200)
2026-06-09 15:37:18 | INFO    | train_session_alignment | [align] filterbank_reweighting eegnet      multi_sub-015_ses01ses02-to-ses03 seed=0 acc=0.5650 (ntr=320 nval=80 nte=200)
2026-06-09 15:37:37 | INFO    | train_session_alignment | [align] filterbank_reweighting eegnet      multi_sub-016_ses01ses02-to-ses03 seed=0 acc=0.5700 (ntr=320 nval=80 nte=200)
2026-06-09 15:38:19 | INFO    | train_session_alignment | [align] filterbank_reweighting eegnet      multi_sub-017_ses01ses02-to-ses03 seed=0 acc=0.7900 (ntr=320 nval=80 nte=200)
2026-06-09 15:38:32 | INFO    | train_session_alignment | [align] filterbank_reweighting eegnet      multi_sub-018_ses01ses02-to-ses03 seed=0 acc=0.6300 (ntr=320 nval=80 nte=200)
2026-06-09 15:38:45 | INFO    | train_session_alignment | [align] filterbank_reweighting eegnet      multi_sub-019_ses01ses02-to-ses03 seed=0 acc=0.8650 (ntr=320 nval=80 nte=200)
2026-06-09 15:39:00 | INFO    | train_session_alignment | [align] filterbank_reweighting eegnet      multi_sub-020_ses01ses02-to-ses03 seed=0 acc=0.4600 (ntr=320 nval=80 nte=200)
2026-06-09 15:39:12 | INFO    | train_session_alignment | [align] filterbank_reweighting eegnet      multi_sub-021_ses01ses02-to-ses03 seed=0 acc=0.8050 (ntr=320 nval=80 nte=200)
2026-06-09 15:39:31 | INFO    | train_session_alignment | [align] filterbank_reweighting eegnet      multi_sub-022_ses01ses02-to-ses03 seed=0 acc=0.7900 (ntr=320 nval=80 nte=200)
2026-06-09 15:39:45 | INFO    | train_session_alignment | [align] filterbank_reweighting eegnet      multi_sub-025_ses01ses02-to-ses03 seed=0 acc=0.8700 (ntr=320 nval=80 nte=200)
2026-06-09 15:40:01 | INFO    | train_session_alignment | [align] filterbank_reweighting eegnet      multi_sub-027_ses01ses02-to-ses03 seed=0 acc=0.6300 (ntr=320 nval=80 nte=200)
2026-06-09 15:40:13 | INFO    | train_session_alignment | [align] filterbank_reweighting eegnet      multi_sub-028_ses01ses02-to-ses03 seed=0 acc=0.6350 (ntr=320 nval=80 nte=200)
2026-06-09 15:40:23 | INFO    | train_session_alignment | [align] filterbank_reweighting eegnet      multi_sub-029_ses01ses02-to-ses03 seed=0 acc=0.8100 (ntr=320 nval=80 nte=200)
2026-06-09 15:40:31 | INFO    | train_session_alignment | [align] filterbank_reweighting eegnet      multi_sub-030_ses01ses02-to-ses03 seed=0 acc=0.5000 (ntr=320 nval=80 nte=200)
2026-06-09 15:40:44 | INFO    | train_session_alignment | [align] filterbank_reweighting eegnet      multi_sub-031_ses01ses02-to-ses03 seed=0 acc=0.7600 (ntr=320 nval=80 nte=200)
2026-06-09 15:41:02 | INFO    | train_session_alignment | [align] filterbank_reweighting eegnet      multi_sub-033_ses01ses02-to-ses03 seed=0 acc=0.9650 (ntr=320 nval=80 nte=200)
2026-06-09 15:41:18 | INFO    | train_session_alignment | [align] filterbank_reweighting eegnet      multi_sub-034_ses01ses02-to-ses03 seed=0 acc=0.7800 (ntr=320 nval=80 nte=200)
2026-06-09 15:41:30 | INFO    | train_session_alignment | [align] filterbank_reweighting eegnet      multi_sub-035_ses01ses02-to-ses03 seed=0 acc=0.9250 (ntr=320 nval=80 nte=200)
2026-06-09 15:41:41 | INFO    | train_session_alignment | [align] filterbank_reweighting eegnet      multi_sub-036_ses01ses02-to-ses03 seed=0 acc=0.9750 (ntr=320 nval=80 nte=200)
2026-06-09 15:41:55 | INFO    | train_session_alignment | [align] filterbank_reweighting eegnet      multi_sub-037_ses01ses02-to-ses03 seed=0 acc=0.9600 (ntr=320 nval=80 nte=200)
2026-06-09 15:42:11 | INFO    | train_session_alignment | [align] filterbank_reweighting eegnet      multi_sub-038_ses01ses02-to-ses03 seed=0 acc=0.4550 (ntr=320 nval=80 nte=200)
2026-06-09 15:42:22 | INFO    | train_session_alignment | [align] filterbank_reweighting eegnet      multi_sub-039_ses01ses02-to-ses03 seed=0 acc=0.4900 (ntr=320 nval=80 nte=200)
2026-06-09 15:42:32 | INFO    | train_session_alignment | [align] filterbank_reweighting eegnet      multi_sub-040_ses01ses02-to-ses03 seed=0 acc=0.8150 (ntr=320 nval=80 nte=200)
2026-06-09 15:42:44 | INFO    | train_session_alignment | [align] filterbank_reweighting eegnet      multi_sub-041_ses01ses02-to-ses03 seed=0 acc=0.8600 (ntr=320 nval=80 nte=200)
2026-06-09 15:42:55 | INFO    | train_session_alignment | [align] filterbank_reweighting eegnet      multi_sub-042_ses01ses02-to-ses03 seed=0 acc=0.7850 (ntr=320 nval=80 nte=200)
2026-06-09 15:43:08 | INFO    | train_session_alignment | [align] filterbank_reweighting eegnet      multi_sub-043_ses01ses02-to-ses03 seed=0 acc=1.0000 (ntr=320 nval=80 nte=200)
2026-06-09 15:43:19 | INFO    | train_session_alignment | [align] filterbank_reweighting eegnet      multi_sub-044_ses01ses02-to-ses03 seed=0 acc=0.7350 (ntr=320 nval=80 nte=200)
2026-06-09 15:43:30 | INFO    | train_session_alignment | [align] filterbank_reweighting eegnet      multi_sub-045_ses01ses02-to-ses03 seed=0 acc=0.9000 (ntr=320 nval=80 nte=200)
2026-06-09 15:43:54 | INFO    | train_session_alignment | [align] filterbank_reweighting eegnet      multi_sub-046_ses01ses02-to-ses03 seed=0 acc=0.9850 (ntr=320 nval=80 nte=200)
2026-06-09 15:44:07 | INFO    | train_session_alignment | [align] filterbank_reweighting eegnet      multi_sub-047_ses01ses02-to-ses03 seed=0 acc=0.8950 (ntr=320 nval=80 nte=200)
2026-06-09 15:44:19 | INFO    | train_session_alignment | [align] filterbank_reweighting eegnet      multi_sub-048_ses01ses02-to-ses03 seed=0 acc=0.7800 (ntr=320 nval=80 nte=200)
2026-06-09 15:44:32 | INFO    | train_session_alignment | [align] filterbank_reweighting eegnet      multi_sub-049_ses01ses02-to-ses03 seed=0 acc=0.8700 (ntr=320 nval=80 nte=200)
2026-06-09 15:44:47 | INFO    | train_session_alignment | [align] filterbank_reweighting eegnet      multi_sub-050_ses01ses02-to-ses03 seed=0 acc=0.9350 (ntr=320 nval=80 nte=200)
2026-06-09 15:44:59 | INFO    | train_session_alignment | [align] filterbank_reweighting eegnet      multi_sub-051_ses01ses02-to-ses03 seed=0 acc=0.8500 (ntr=320 nval=80 nte=200)
2026-06-09 15:44:59 | INFO    | train_session_alignment | ALL DONE in 4157.1s | rows=335 ok=335 failed=0 | out=/share/home/yuan/SYX/eeg-mi-online/outputs/experiments/alignment_baseline_v1
Done: Tue Jun  9 15:45:00 CST 2026
