Project: /share/home/yuan/SYX/eeg-mi-online
Env    : mi_torch_cu118
Args   : --methods session_zscore --models eegnet --seeds 2 --protocols single,multi --tag-suffix session_zscore_eegnet_s2
Node   : gpu01 | Start: Tue Jun  9 02:06:11 CST 2026
Tue Jun  9 02:06:11 2026       
+-----------------------------------------------------------------------------------------+
| NVIDIA-SMI 570.153.02             Driver Version: 570.153.02     CUDA Version: 12.8     |
|-----------------------------------------+------------------------+----------------------+
| GPU  Name                 Persistence-M | Bus-Id          Disp.A | Volatile Uncorr. ECC |
| Fan  Temp   Perf          Pwr:Usage/Cap |           Memory-Usage | GPU-Util  Compute M. |
|                                         |                        |               MIG M. |
|=========================================+========================+======================|
|   0  NVIDIA GeForce RTX 4090 D      On  |   00000000:61:00.0 Off |                  Off |
| 30%   27C    P8             17W /  425W |       1MiB /  24564MiB |      0%      Default |
|                                         |                        |                  N/A |
+-----------------------------------------+------------------------+----------------------+
                                                                                         
+-----------------------------------------------------------------------------------------+
| Processes:                                                                              |
|  GPU   GI   CI              PID   Type   Process name                        GPU Memory |
|        ID   ID                                                               Usage      |
|=========================================================================================|
|  No running processes found                                                             |
+-----------------------------------------------------------------------------------------+
[cuda-check] torch=2.7.1+cu118 cuda_build=11.8 cuda_avail=True
2026-06-09 02:06:14 | INFO    | train_session_alignment | device=cuda | cuda={'torch': '2.7.1+cu118', 'cuda_build': '11.8', 'cuda_available': True, 'device': 'cuda', 'device_name': 'NVIDIA GeForce RTX 4090 D'}
2026-06-09 02:06:14 | INFO    | train_session_alignment | loaded 148 ok sessions | methods=['session_zscore'] | models=['eegnet'] | seeds=[2] | groups=['single', 'multi'] | tasks=335
2026-06-09 02:06:28 | INFO    | train_session_alignment | [align] session_zscore         eegnet      single_sub-001_ses01-to-ses02 seed=2 acc=0.8200 (ntr=160 nval=40 nte=200)
2026-06-09 02:06:40 | INFO    | train_session_alignment | [align] session_zscore         eegnet      single_sub-001_ses01-to-ses03 seed=2 acc=0.7950 (ntr=160 nval=40 nte=200)
2026-06-09 02:06:47 | INFO    | train_session_alignment | [align] session_zscore         eegnet      single_sub-001_ses02-to-ses01 seed=2 acc=0.6150 (ntr=160 nval=40 nte=200)
2026-06-09 02:06:53 | INFO    | train_session_alignment | [align] session_zscore         eegnet      single_sub-001_ses02-to-ses03 seed=2 acc=0.8650 (ntr=160 nval=40 nte=200)
2026-06-09 02:07:13 | INFO    | train_session_alignment | [align] session_zscore         eegnet      single_sub-001_ses03-to-ses01 seed=2 acc=0.7050 (ntr=160 nval=40 nte=200)
2026-06-09 02:07:32 | INFO    | train_session_alignment | [align] session_zscore         eegnet      single_sub-001_ses03-to-ses02 seed=2 acc=0.9400 (ntr=160 nval=40 nte=200)
2026-06-09 02:07:37 | INFO    | train_session_alignment | [align] session_zscore         eegnet      single_sub-002_ses01-to-ses02 seed=2 acc=0.5700 (ntr=160 nval=40 nte=200)
2026-06-09 02:07:43 | INFO    | train_session_alignment | [align] session_zscore         eegnet      single_sub-002_ses01-to-ses03 seed=2 acc=0.5800 (ntr=160 nval=40 nte=200)
2026-06-09 02:07:49 | INFO    | train_session_alignment | [align] session_zscore         eegnet      single_sub-002_ses02-to-ses01 seed=2 acc=0.5800 (ntr=160 nval=40 nte=200)
2026-06-09 02:07:55 | INFO    | train_session_alignment | [align] session_zscore         eegnet      single_sub-002_ses02-to-ses03 seed=2 acc=0.6250 (ntr=160 nval=40 nte=200)
2026-06-09 02:08:02 | INFO    | train_session_alignment | [align] session_zscore         eegnet      single_sub-002_ses03-to-ses01 seed=2 acc=0.5850 (ntr=160 nval=40 nte=200)
2026-06-09 02:08:09 | INFO    | train_session_alignment | [align] session_zscore         eegnet      single_sub-002_ses03-to-ses02 seed=2 acc=0.6550 (ntr=160 nval=40 nte=200)
2026-06-09 02:08:17 | INFO    | train_session_alignment | [align] session_zscore         eegnet      single_sub-003_ses01-to-ses02 seed=2 acc=0.8600 (ntr=160 nval=40 nte=200)
2026-06-09 02:08:26 | INFO    | train_session_alignment | [align] session_zscore         eegnet      single_sub-003_ses01-to-ses03 seed=2 acc=0.8800 (ntr=160 nval=40 nte=200)
2026-06-09 02:08:32 | INFO    | train_session_alignment | [align] session_zscore         eegnet      single_sub-003_ses02-to-ses01 seed=2 acc=0.7150 (ntr=160 nval=40 nte=200)
2026-06-09 02:08:39 | INFO    | train_session_alignment | [align] session_zscore         eegnet      single_sub-003_ses02-to-ses03 seed=2 acc=0.6100 (ntr=160 nval=40 nte=200)
2026-06-09 02:08:44 | INFO    | train_session_alignment | [align] session_zscore         eegnet      single_sub-003_ses03-to-ses01 seed=2 acc=0.5500 (ntr=160 nval=40 nte=200)
2026-06-09 02:08:49 | INFO    | train_session_alignment | [align] session_zscore         eegnet      single_sub-003_ses03-to-ses02 seed=2 acc=0.6050 (ntr=160 nval=40 nte=200)
2026-06-09 02:08:54 | INFO    | train_session_alignment | [align] session_zscore         eegnet      single_sub-004_ses01-to-ses02 seed=2 acc=0.4900 (ntr=160 nval=40 nte=200)
2026-06-09 02:08:58 | INFO    | train_session_alignment | [align] session_zscore         eegnet      single_sub-004_ses01-to-ses03 seed=2 acc=0.5350 (ntr=160 nval=40 nte=200)
2026-06-09 02:09:03 | INFO    | train_session_alignment | [align] session_zscore         eegnet      single_sub-004_ses02-to-ses01 seed=2 acc=0.4700 (ntr=160 nval=40 nte=200)
2026-06-09 02:09:07 | INFO    | train_session_alignment | [align] session_zscore         eegnet      single_sub-004_ses02-to-ses03 seed=2 acc=0.4700 (ntr=160 nval=40 nte=200)
2026-06-09 02:09:12 | INFO    | train_session_alignment | [align] session_zscore         eegnet      single_sub-004_ses03-to-ses01 seed=2 acc=0.5400 (ntr=160 nval=40 nte=200)
2026-06-09 02:09:17 | INFO    | train_session_alignment | [align] session_zscore         eegnet      single_sub-004_ses03-to-ses02 seed=2 acc=0.5100 (ntr=160 nval=40 nte=200)
2026-06-09 02:09:28 | INFO    | train_session_alignment | [align] session_zscore         eegnet      single_sub-005_ses01-to-ses02 seed=2 acc=0.9200 (ntr=160 nval=40 nte=200)
2026-06-09 02:09:39 | INFO    | train_session_alignment | [align] session_zscore         eegnet      single_sub-005_ses01-to-ses03 seed=2 acc=0.6950 (ntr=160 nval=40 nte=200)
2026-06-09 02:09:49 | INFO    | train_session_alignment | [align] session_zscore         eegnet      single_sub-005_ses02-to-ses01 seed=2 acc=0.8850 (ntr=160 nval=40 nte=200)
2026-06-09 02:09:59 | INFO    | train_session_alignment | [align] session_zscore         eegnet      single_sub-005_ses02-to-ses03 seed=2 acc=0.7450 (ntr=160 nval=40 nte=200)
2026-06-09 02:10:05 | INFO    | train_session_alignment | [align] session_zscore         eegnet      single_sub-005_ses03-to-ses01 seed=2 acc=0.7150 (ntr=160 nval=40 nte=200)
2026-06-09 02:10:12 | INFO    | train_session_alignment | [align] session_zscore         eegnet      single_sub-005_ses03-to-ses02 seed=2 acc=0.6900 (ntr=160 nval=40 nte=200)
2026-06-09 02:10:18 | INFO    | train_session_alignment | [align] session_zscore         eegnet      single_sub-006_ses01-to-ses02 seed=2 acc=0.9550 (ntr=160 nval=40 nte=200)
2026-06-09 02:10:24 | INFO    | train_session_alignment | [align] session_zscore         eegnet      single_sub-006_ses01-to-ses03 seed=2 acc=0.9550 (ntr=160 nval=40 nte=200)
2026-06-09 02:10:36 | INFO    | train_session_alignment | [align] session_zscore         eegnet      single_sub-006_ses02-to-ses01 seed=2 acc=0.8350 (ntr=160 nval=40 nte=200)
2026-06-09 02:10:47 | INFO    | train_session_alignment | [align] session_zscore         eegnet      single_sub-006_ses02-to-ses03 seed=2 acc=0.8600 (ntr=160 nval=40 nte=200)
2026-06-09 02:10:57 | INFO    | train_session_alignment | [align] session_zscore         eegnet      single_sub-006_ses03-to-ses01 seed=2 acc=0.8200 (ntr=160 nval=40 nte=200)
2026-06-09 02:11:07 | INFO    | train_session_alignment | [align] session_zscore         eegnet      single_sub-006_ses03-to-ses02 seed=2 acc=0.8900 (ntr=160 nval=40 nte=200)
2026-06-09 02:11:14 | INFO    | train_session_alignment | [align] session_zscore         eegnet      single_sub-007_ses01-to-ses02 seed=2 acc=0.7900 (ntr=160 nval=40 nte=200)
2026-06-09 02:11:21 | INFO    | train_session_alignment | [align] session_zscore         eegnet      single_sub-007_ses01-to-ses03 seed=2 acc=0.8450 (ntr=160 nval=40 nte=200)
2026-06-09 02:11:27 | INFO    | train_session_alignment | [align] session_zscore         eegnet      single_sub-007_ses02-to-ses01 seed=2 acc=0.6400 (ntr=160 nval=40 nte=200)
2026-06-09 02:11:33 | INFO    | train_session_alignment | [align] session_zscore         eegnet      single_sub-007_ses02-to-ses03 seed=2 acc=0.8750 (ntr=160 nval=40 nte=200)
2026-06-09 02:11:43 | INFO    | train_session_alignment | [align] session_zscore         eegnet      single_sub-007_ses03-to-ses01 seed=2 acc=0.7000 (ntr=160 nval=40 nte=200)
2026-06-09 02:11:53 | INFO    | train_session_alignment | [align] session_zscore         eegnet      single_sub-007_ses03-to-ses02 seed=2 acc=0.7600 (ntr=160 nval=40 nte=200)
2026-06-09 02:11:59 | INFO    | train_session_alignment | [align] session_zscore         eegnet      single_sub-008_ses01-to-ses02 seed=2 acc=0.6800 (ntr=160 nval=40 nte=200)
2026-06-09 02:12:05 | INFO    | train_session_alignment | [align] session_zscore         eegnet      single_sub-008_ses01-to-ses03 seed=2 acc=0.4550 (ntr=160 nval=40 nte=200)
2026-06-09 02:12:18 | INFO    | train_session_alignment | [align] session_zscore         eegnet      single_sub-008_ses02-to-ses01 seed=2 acc=0.7500 (ntr=160 nval=40 nte=200)
2026-06-09 02:12:30 | INFO    | train_session_alignment | [align] session_zscore         eegnet      single_sub-008_ses02-to-ses03 seed=2 acc=0.7900 (ntr=160 nval=40 nte=200)
2026-06-09 02:12:35 | INFO    | train_session_alignment | [align] session_zscore         eegnet      single_sub-008_ses03-to-ses01 seed=2 acc=0.5600 (ntr=160 nval=40 nte=200)
2026-06-09 02:12:39 | INFO    | train_session_alignment | [align] session_zscore         eegnet      single_sub-008_ses03-to-ses02 seed=2 acc=0.6050 (ntr=160 nval=40 nte=200)
2026-06-09 02:12:49 | INFO    | train_session_alignment | [align] session_zscore         eegnet      single_sub-009_ses01-to-ses02 seed=2 acc=0.7800 (ntr=160 nval=40 nte=200)
2026-06-09 02:12:58 | INFO    | train_session_alignment | [align] session_zscore         eegnet      single_sub-009_ses01-to-ses03 seed=2 acc=0.6000 (ntr=160 nval=40 nte=200)
2026-06-09 02:13:02 | INFO    | train_session_alignment | [align] session_zscore         eegnet      single_sub-009_ses02-to-ses01 seed=2 acc=0.6600 (ntr=160 nval=40 nte=200)
2026-06-09 02:13:07 | INFO    | train_session_alignment | [align] session_zscore         eegnet      single_sub-009_ses02-to-ses03 seed=2 acc=0.5900 (ntr=160 nval=40 nte=200)
2026-06-09 02:13:11 | INFO    | train_session_alignment | [align] session_zscore         eegnet      single_sub-009_ses03-to-ses01 seed=2 acc=0.5300 (ntr=160 nval=40 nte=200)
2026-06-09 02:13:16 | INFO    | train_session_alignment | [align] session_zscore         eegnet      single_sub-009_ses03-to-ses02 seed=2 acc=0.4550 (ntr=160 nval=40 nte=200)
2026-06-09 02:13:24 | INFO    | train_session_alignment | [align] session_zscore         eegnet      single_sub-010_ses01-to-ses02 seed=2 acc=0.7650 (ntr=160 nval=40 nte=200)
2026-06-09 02:13:33 | INFO    | train_session_alignment | [align] session_zscore         eegnet      single_sub-010_ses01-to-ses03 seed=2 acc=0.5950 (ntr=160 nval=40 nte=200)
2026-06-09 02:13:40 | INFO    | train_session_alignment | [align] session_zscore         eegnet      single_sub-010_ses02-to-ses01 seed=2 acc=0.7550 (ntr=160 nval=40 nte=200)
2026-06-09 02:13:47 | INFO    | train_session_alignment | [align] session_zscore         eegnet      single_sub-010_ses02-to-ses03 seed=2 acc=0.5300 (ntr=160 nval=40 nte=200)
2026-06-09 02:13:56 | INFO    | train_session_alignment | [align] session_zscore         eegnet      single_sub-010_ses03-to-ses01 seed=2 acc=0.5950 (ntr=160 nval=40 nte=200)
2026-06-09 02:14:05 | INFO    | train_session_alignment | [align] session_zscore         eegnet      single_sub-010_ses03-to-ses02 seed=2 acc=0.5850 (ntr=160 nval=40 nte=200)
2026-06-09 02:14:10 | INFO    | train_session_alignment | [align] session_zscore         eegnet      single_sub-011_ses01-to-ses02 seed=2 acc=0.6750 (ntr=160 nval=40 nte=200)
2026-06-09 02:14:15 | INFO    | train_session_alignment | [align] session_zscore         eegnet      single_sub-011_ses01-to-ses03 seed=2 acc=0.9350 (ntr=160 nval=40 nte=200)
2026-06-09 02:14:20 | INFO    | train_session_alignment | [align] session_zscore         eegnet      single_sub-011_ses02-to-ses01 seed=2 acc=0.7750 (ntr=160 nval=40 nte=200)
2026-06-09 02:14:25 | INFO    | train_session_alignment | [align] session_zscore         eegnet      single_sub-011_ses02-to-ses03 seed=2 acc=0.7250 (ntr=160 nval=40 nte=200)
2026-06-09 02:14:43 | INFO    | train_session_alignment | [align] session_zscore         eegnet      single_sub-011_ses03-to-ses01 seed=2 acc=0.8900 (ntr=160 nval=40 nte=200)
2026-06-09 02:15:01 | INFO    | train_session_alignment | [align] session_zscore         eegnet      single_sub-011_ses03-to-ses02 seed=2 acc=0.7450 (ntr=160 nval=40 nte=200)
2026-06-09 02:15:05 | INFO    | train_session_alignment | [align] session_zscore         eegnet      single_sub-012_ses01-to-ses02 seed=2 acc=0.5650 (ntr=160 nval=40 nte=200)
2026-06-09 02:15:10 | INFO    | train_session_alignment | [align] session_zscore         eegnet      single_sub-012_ses01-to-ses03 seed=2 acc=0.5200 (ntr=160 nval=40 nte=200)
2026-06-09 02:15:14 | INFO    | train_session_alignment | [align] session_zscore         eegnet      single_sub-012_ses02-to-ses01 seed=2 acc=0.4700 (ntr=160 nval=40 nte=200)
2026-06-09 02:15:19 | INFO    | train_session_alignment | [align] session_zscore         eegnet      single_sub-012_ses02-to-ses03 seed=2 acc=0.5500 (ntr=160 nval=40 nte=200)
2026-06-09 02:15:25 | INFO    | train_session_alignment | [align] session_zscore         eegnet      single_sub-012_ses03-to-ses01 seed=2 acc=0.4750 (ntr=160 nval=40 nte=200)
2026-06-09 02:15:31 | INFO    | train_session_alignment | [align] session_zscore         eegnet      single_sub-012_ses03-to-ses02 seed=2 acc=0.5050 (ntr=160 nval=40 nte=200)
2026-06-09 02:15:36 | INFO    | train_session_alignment | [align] session_zscore         eegnet      single_sub-013_ses01-to-ses02 seed=2 acc=0.7500 (ntr=160 nval=40 nte=200)
2026-06-09 02:15:42 | INFO    | train_session_alignment | [align] session_zscore         eegnet      single_sub-013_ses01-to-ses03 seed=2 acc=0.7150 (ntr=160 nval=40 nte=200)
2026-06-09 02:15:52 | INFO    | train_session_alignment | [align] session_zscore         eegnet      single_sub-013_ses02-to-ses01 seed=2 acc=0.6250 (ntr=160 nval=40 nte=200)
2026-06-09 02:16:02 | INFO    | train_session_alignment | [align] session_zscore         eegnet      single_sub-013_ses02-to-ses03 seed=2 acc=0.6900 (ntr=160 nval=40 nte=200)
2026-06-09 02:16:09 | INFO    | train_session_alignment | [align] session_zscore         eegnet      single_sub-013_ses03-to-ses01 seed=2 acc=0.7750 (ntr=160 nval=40 nte=200)
2026-06-09 02:16:16 | INFO    | train_session_alignment | [align] session_zscore         eegnet      single_sub-013_ses03-to-ses02 seed=2 acc=0.8500 (ntr=160 nval=40 nte=200)
2026-06-09 02:16:20 | INFO    | train_session_alignment | [align] session_zscore         eegnet      single_sub-014_ses01-to-ses02 seed=2 acc=0.5300 (ntr=160 nval=40 nte=200)
2026-06-09 02:16:25 | INFO    | train_session_alignment | [align] session_zscore         eegnet      single_sub-014_ses01-to-ses03 seed=2 acc=0.5350 (ntr=160 nval=40 nte=200)
2026-06-09 02:16:30 | INFO    | train_session_alignment | [align] session_zscore         eegnet      single_sub-014_ses02-to-ses01 seed=2 acc=0.5800 (ntr=160 nval=40 nte=200)
2026-06-09 02:16:34 | INFO    | train_session_alignment | [align] session_zscore         eegnet      single_sub-014_ses02-to-ses03 seed=2 acc=0.5200 (ntr=160 nval=40 nte=200)
2026-06-09 02:16:39 | INFO    | train_session_alignment | [align] session_zscore         eegnet      single_sub-014_ses03-to-ses01 seed=2 acc=0.5200 (ntr=160 nval=40 nte=200)
2026-06-09 02:16:43 | INFO    | train_session_alignment | [align] session_zscore         eegnet      single_sub-014_ses03-to-ses02 seed=2 acc=0.4900 (ntr=160 nval=40 nte=200)
2026-06-09 02:16:52 | INFO    | train_session_alignment | [align] session_zscore         eegnet      single_sub-015_ses01-to-ses02 seed=2 acc=0.5050 (ntr=160 nval=40 nte=200)
2026-06-09 02:17:01 | INFO    | train_session_alignment | [align] session_zscore         eegnet      single_sub-015_ses01-to-ses03 seed=2 acc=0.5550 (ntr=160 nval=40 nte=200)
2026-06-09 02:17:11 | INFO    | train_session_alignment | [align] session_zscore         eegnet      single_sub-015_ses02-to-ses01 seed=2 acc=0.6100 (ntr=160 nval=40 nte=200)
2026-06-09 02:17:20 | INFO    | train_session_alignment | [align] session_zscore         eegnet      single_sub-015_ses02-to-ses03 seed=2 acc=0.6050 (ntr=160 nval=40 nte=200)
2026-06-09 02:17:25 | INFO    | train_session_alignment | [align] session_zscore         eegnet      single_sub-015_ses03-to-ses01 seed=2 acc=0.5650 (ntr=160 nval=40 nte=200)
2026-06-09 02:17:30 | INFO    | train_session_alignment | [align] session_zscore         eegnet      single_sub-015_ses03-to-ses02 seed=2 acc=0.4850 (ntr=160 nval=40 nte=200)
2026-06-09 02:17:35 | INFO    | train_session_alignment | [align] session_zscore         eegnet      single_sub-016_ses01-to-ses02 seed=2 acc=0.4550 (ntr=160 nval=40 nte=200)
2026-06-09 02:17:40 | INFO    | train_session_alignment | [align] session_zscore         eegnet      single_sub-016_ses01-to-ses03 seed=2 acc=0.5000 (ntr=160 nval=40 nte=200)
2026-06-09 02:17:44 | INFO    | train_session_alignment | [align] session_zscore         eegnet      single_sub-016_ses02-to-ses01 seed=2 acc=0.4100 (ntr=160 nval=40 nte=200)
2026-06-09 02:17:48 | INFO    | train_session_alignment | [align] session_zscore         eegnet      single_sub-016_ses02-to-ses03 seed=2 acc=0.5000 (ntr=160 nval=40 nte=200)
2026-06-09 02:17:54 | INFO    | train_session_alignment | [align] session_zscore         eegnet      single_sub-016_ses03-to-ses01 seed=2 acc=0.4600 (ntr=160 nval=40 nte=200)
2026-06-09 02:17:59 | INFO    | train_session_alignment | [align] session_zscore         eegnet      single_sub-016_ses03-to-ses02 seed=2 acc=0.5450 (ntr=160 nval=40 nte=200)
2026-06-09 02:18:14 | INFO    | train_session_alignment | [align] session_zscore         eegnet      single_sub-017_ses01-to-ses02 seed=2 acc=0.7300 (ntr=160 nval=40 nte=200)
2026-06-09 02:18:29 | INFO    | train_session_alignment | [align] session_zscore         eegnet      single_sub-017_ses01-to-ses03 seed=2 acc=0.6250 (ntr=160 nval=40 nte=200)
2026-06-09 02:18:35 | INFO    | train_session_alignment | [align] session_zscore         eegnet      single_sub-017_ses02-to-ses01 seed=2 acc=0.7150 (ntr=160 nval=40 nte=200)
2026-06-09 02:18:40 | INFO    | train_session_alignment | [align] session_zscore         eegnet      single_sub-017_ses02-to-ses03 seed=2 acc=0.7800 (ntr=160 nval=40 nte=200)
2026-06-09 02:18:45 | INFO    | train_session_alignment | [align] session_zscore         eegnet      single_sub-017_ses03-to-ses01 seed=2 acc=0.6500 (ntr=160 nval=40 nte=200)
2026-06-09 02:18:50 | INFO    | train_session_alignment | [align] session_zscore         eegnet      single_sub-017_ses03-to-ses02 seed=2 acc=0.7200 (ntr=160 nval=40 nte=200)
2026-06-09 02:18:56 | INFO    | train_session_alignment | [align] session_zscore         eegnet      single_sub-018_ses01-to-ses02 seed=2 acc=0.6950 (ntr=160 nval=40 nte=200)
2026-06-09 02:19:02 | INFO    | train_session_alignment | [align] session_zscore         eegnet      single_sub-018_ses01-to-ses03 seed=2 acc=0.5250 (ntr=160 nval=40 nte=200)
2026-06-09 02:19:07 | INFO    | train_session_alignment | [align] session_zscore         eegnet      single_sub-018_ses02-to-ses01 seed=2 acc=0.6300 (ntr=160 nval=40 nte=200)
2026-06-09 02:19:13 | INFO    | train_session_alignment | [align] session_zscore         eegnet      single_sub-018_ses02-to-ses03 seed=2 acc=0.6450 (ntr=160 nval=40 nte=200)
2026-06-09 02:19:17 | INFO    | train_session_alignment | [align] session_zscore         eegnet      single_sub-018_ses03-to-ses01 seed=2 acc=0.4450 (ntr=160 nval=40 nte=200)
2026-06-09 02:19:21 | INFO    | train_session_alignment | [align] session_zscore         eegnet      single_sub-018_ses03-to-ses02 seed=2 acc=0.4850 (ntr=160 nval=40 nte=200)
2026-06-09 02:19:27 | INFO    | train_session_alignment | [align] session_zscore         eegnet      single_sub-019_ses01-to-ses02 seed=2 acc=0.6250 (ntr=160 nval=40 nte=200)
2026-06-09 02:19:33 | INFO    | train_session_alignment | [align] session_zscore         eegnet      single_sub-019_ses01-to-ses03 seed=2 acc=0.7250 (ntr=160 nval=40 nte=200)
2026-06-09 02:19:44 | INFO    | train_session_alignment | [align] session_zscore         eegnet      single_sub-019_ses02-to-ses01 seed=2 acc=0.5050 (ntr=160 nval=40 nte=200)
2026-06-09 02:19:55 | INFO    | train_session_alignment | [align] session_zscore         eegnet      single_sub-019_ses02-to-ses03 seed=2 acc=0.8000 (ntr=160 nval=40 nte=200)
2026-06-09 02:20:00 | INFO    | train_session_alignment | [align] session_zscore         eegnet      single_sub-019_ses03-to-ses01 seed=2 acc=0.4850 (ntr=160 nval=40 nte=200)
2026-06-09 02:20:04 | INFO    | train_session_alignment | [align] session_zscore         eegnet      single_sub-019_ses03-to-ses02 seed=2 acc=0.7400 (ntr=160 nval=40 nte=200)
2026-06-09 02:20:22 | INFO    | train_session_alignment | [align] session_zscore         eegnet      single_sub-020_ses01-to-ses02 seed=2 acc=0.8800 (ntr=160 nval=40 nte=200)
2026-06-09 02:20:40 | INFO    | train_session_alignment | [align] session_zscore         eegnet      single_sub-020_ses01-to-ses03 seed=2 acc=0.5350 (ntr=160 nval=40 nte=200)
2026-06-09 02:20:51 | INFO    | train_session_alignment | [align] session_zscore         eegnet      single_sub-020_ses02-to-ses01 seed=2 acc=0.6800 (ntr=160 nval=40 nte=200)
2026-06-09 02:21:02 | INFO    | train_session_alignment | [align] session_zscore         eegnet      single_sub-020_ses02-to-ses03 seed=2 acc=0.4200 (ntr=160 nval=40 nte=200)
2026-06-09 02:21:20 | INFO    | train_session_alignment | [align] session_zscore         eegnet      single_sub-020_ses03-to-ses01 seed=2 acc=0.5150 (ntr=160 nval=40 nte=200)
2026-06-09 02:21:38 | INFO    | train_session_alignment | [align] session_zscore         eegnet      single_sub-020_ses03-to-ses02 seed=2 acc=0.5050 (ntr=160 nval=40 nte=200)
2026-06-09 02:21:49 | INFO    | train_session_alignment | [align] session_zscore         eegnet      single_sub-021_ses01-to-ses02 seed=2 acc=0.7600 (ntr=160 nval=40 nte=200)
2026-06-09 02:21:59 | INFO    | train_session_alignment | [align] session_zscore         eegnet      single_sub-021_ses01-to-ses03 seed=2 acc=0.5850 (ntr=160 nval=40 nte=200)
2026-06-09 02:22:06 | INFO    | train_session_alignment | [align] session_zscore         eegnet      single_sub-021_ses02-to-ses01 seed=2 acc=0.7700 (ntr=160 nval=40 nte=200)
2026-06-09 02:22:13 | INFO    | train_session_alignment | [align] session_zscore         eegnet      single_sub-021_ses02-to-ses03 seed=2 acc=0.5350 (ntr=160 nval=40 nte=200)
2026-06-09 02:22:20 | INFO    | train_session_alignment | [align] session_zscore         eegnet      single_sub-021_ses03-to-ses01 seed=2 acc=0.5850 (ntr=160 nval=40 nte=200)
2026-06-09 02:22:27 | INFO    | train_session_alignment | [align] session_zscore         eegnet      single_sub-021_ses03-to-ses02 seed=2 acc=0.5600 (ntr=160 nval=40 nte=200)
2026-06-09 02:22:36 | INFO    | train_session_alignment | [align] session_zscore         eegnet      single_sub-022_ses01-to-ses02 seed=2 acc=0.6000 (ntr=160 nval=40 nte=200)
2026-06-09 02:22:45 | INFO    | train_session_alignment | [align] session_zscore         eegnet      single_sub-022_ses01-to-ses03 seed=2 acc=0.5800 (ntr=160 nval=40 nte=200)
2026-06-09 02:22:53 | INFO    | train_session_alignment | [align] session_zscore         eegnet      single_sub-022_ses02-to-ses01 seed=2 acc=0.5100 (ntr=160 nval=40 nte=200)
2026-06-09 02:23:01 | INFO    | train_session_alignment | [align] session_zscore         eegnet      single_sub-022_ses02-to-ses03 seed=2 acc=0.7500 (ntr=160 nval=40 nte=200)
2026-06-09 02:23:08 | INFO    | train_session_alignment | [align] session_zscore         eegnet      single_sub-022_ses03-to-ses01 seed=2 acc=0.5950 (ntr=160 nval=40 nte=200)
2026-06-09 02:23:14 | INFO    | train_session_alignment | [align] session_zscore         eegnet      single_sub-022_ses03-to-ses02 seed=2 acc=0.7300 (ntr=160 nval=40 nte=200)
2026-06-09 02:23:25 | INFO    | train_session_alignment | [align] session_zscore         eegnet      single_sub-023_ses02-to-ses03 seed=2 acc=0.9550 (ntr=160 nval=40 nte=200)
2026-06-09 02:23:36 | INFO    | train_session_alignment | [align] session_zscore         eegnet      single_sub-023_ses03-to-ses02 seed=2 acc=0.7200 (ntr=160 nval=40 nte=200)
2026-06-09 02:23:42 | INFO    | train_session_alignment | [align] session_zscore         eegnet      single_sub-025_ses01-to-ses02 seed=2 acc=0.8250 (ntr=160 nval=40 nte=200)
2026-06-09 02:23:49 | INFO    | train_session_alignment | [align] session_zscore         eegnet      single_sub-025_ses01-to-ses03 seed=2 acc=0.8300 (ntr=160 nval=40 nte=200)
2026-06-09 02:23:54 | INFO    | train_session_alignment | [align] session_zscore         eegnet      single_sub-025_ses02-to-ses01 seed=2 acc=0.8250 (ntr=160 nval=40 nte=200)
2026-06-09 02:23:58 | INFO    | train_session_alignment | [align] session_zscore         eegnet      single_sub-025_ses02-to-ses03 seed=2 acc=0.8000 (ntr=160 nval=40 nte=200)
2026-06-09 02:24:06 | INFO    | train_session_alignment | [align] session_zscore         eegnet      single_sub-025_ses03-to-ses01 seed=2 acc=0.7750 (ntr=160 nval=40 nte=200)
2026-06-09 02:24:14 | INFO    | train_session_alignment | [align] session_zscore         eegnet      single_sub-025_ses03-to-ses02 seed=2 acc=0.8200 (ntr=160 nval=40 nte=200)
2026-06-09 02:24:20 | INFO    | train_session_alignment | [align] session_zscore         eegnet      single_sub-026_ses02-to-ses03 seed=2 acc=0.8550 (ntr=160 nval=40 nte=200)
2026-06-09 02:24:26 | INFO    | train_session_alignment | [align] session_zscore         eegnet      single_sub-026_ses03-to-ses02 seed=2 acc=0.8950 (ntr=160 nval=40 nte=200)
2026-06-09 02:24:31 | INFO    | train_session_alignment | [align] session_zscore         eegnet      single_sub-027_ses01-to-ses02 seed=2 acc=0.5450 (ntr=160 nval=40 nte=200)
2026-06-09 02:24:36 | INFO    | train_session_alignment | [align] session_zscore         eegnet      single_sub-027_ses01-to-ses03 seed=2 acc=0.7100 (ntr=160 nval=40 nte=200)
2026-06-09 02:24:43 | INFO    | train_session_alignment | [align] session_zscore         eegnet      single_sub-027_ses02-to-ses01 seed=2 acc=0.5550 (ntr=160 nval=40 nte=200)
2026-06-09 02:24:50 | INFO    | train_session_alignment | [align] session_zscore         eegnet      single_sub-027_ses02-to-ses03 seed=2 acc=0.7350 (ntr=160 nval=40 nte=200)
2026-06-09 02:24:55 | INFO    | train_session_alignment | [align] session_zscore         eegnet      single_sub-027_ses03-to-ses01 seed=2 acc=0.6650 (ntr=160 nval=40 nte=200)
2026-06-09 02:25:00 | INFO    | train_session_alignment | [align] session_zscore         eegnet      single_sub-027_ses03-to-ses02 seed=2 acc=0.5500 (ntr=160 nval=40 nte=200)
2026-06-09 02:25:05 | INFO    | train_session_alignment | [align] session_zscore         eegnet      single_sub-028_ses01-to-ses02 seed=2 acc=0.6850 (ntr=160 nval=40 nte=200)
2026-06-09 02:25:10 | INFO    | train_session_alignment | [align] session_zscore         eegnet      single_sub-028_ses01-to-ses03 seed=2 acc=0.5250 (ntr=160 nval=40 nte=200)
2026-06-09 02:25:19 | INFO    | train_session_alignment | [align] session_zscore         eegnet      single_sub-028_ses02-to-ses01 seed=2 acc=0.8450 (ntr=160 nval=40 nte=200)
2026-06-09 02:25:27 | INFO    | train_session_alignment | [align] session_zscore         eegnet      single_sub-028_ses02-to-ses03 seed=2 acc=0.4650 (ntr=160 nval=40 nte=200)
2026-06-09 02:25:32 | INFO    | train_session_alignment | [align] session_zscore         eegnet      single_sub-028_ses03-to-ses01 seed=2 acc=0.5250 (ntr=160 nval=40 nte=200)
2026-06-09 02:25:37 | INFO    | train_session_alignment | [align] session_zscore         eegnet      single_sub-028_ses03-to-ses02 seed=2 acc=0.5500 (ntr=160 nval=40 nte=200)
2026-06-09 02:25:52 | INFO    | train_session_alignment | [align] session_zscore         eegnet      single_sub-029_ses01-to-ses02 seed=2 acc=0.4950 (ntr=160 nval=40 nte=200)
2026-06-09 02:26:06 | INFO    | train_session_alignment | [align] session_zscore         eegnet      single_sub-029_ses01-to-ses03 seed=2 acc=0.4500 (ntr=160 nval=40 nte=200)
2026-06-09 02:26:19 | INFO    | train_session_alignment | [align] session_zscore         eegnet      single_sub-029_ses02-to-ses01 seed=2 acc=0.3700 (ntr=160 nval=40 nte=200)
2026-06-09 02:26:33 | INFO    | train_session_alignment | [align] session_zscore         eegnet      single_sub-029_ses02-to-ses03 seed=2 acc=0.9600 (ntr=160 nval=40 nte=200)
2026-06-09 02:26:51 | INFO    | train_session_alignment | [align] session_zscore         eegnet      single_sub-029_ses03-to-ses01 seed=2 acc=0.3800 (ntr=160 nval=40 nte=200)
2026-06-09 02:27:09 | INFO    | train_session_alignment | [align] session_zscore         eegnet      single_sub-029_ses03-to-ses02 seed=2 acc=0.8750 (ntr=160 nval=40 nte=200)
2026-06-09 02:27:14 | INFO    | train_session_alignment | [align] session_zscore         eegnet      single_sub-030_ses01-to-ses02 seed=2 acc=0.8400 (ntr=160 nval=40 nte=200)
2026-06-09 02:27:18 | INFO    | train_session_alignment | [align] session_zscore         eegnet      single_sub-030_ses01-to-ses03 seed=2 acc=0.7400 (ntr=160 nval=40 nte=200)
2026-06-09 02:27:25 | INFO    | train_session_alignment | [align] session_zscore         eegnet      single_sub-030_ses02-to-ses01 seed=2 acc=0.5050 (ntr=160 nval=40 nte=200)
2026-06-09 02:27:31 | INFO    | train_session_alignment | [align] session_zscore         eegnet      single_sub-030_ses02-to-ses03 seed=2 acc=0.8650 (ntr=160 nval=40 nte=200)
2026-06-09 02:27:41 | INFO    | train_session_alignment | [align] session_zscore         eegnet      single_sub-030_ses03-to-ses01 seed=2 acc=0.5000 (ntr=160 nval=40 nte=200)
2026-06-09 02:27:50 | INFO    | train_session_alignment | [align] session_zscore         eegnet      single_sub-030_ses03-to-ses02 seed=2 acc=0.8700 (ntr=160 nval=40 nte=200)
2026-06-09 02:27:58 | INFO    | train_session_alignment | [align] session_zscore         eegnet      single_sub-031_ses01-to-ses02 seed=2 acc=0.5850 (ntr=160 nval=40 nte=200)
2026-06-09 02:28:06 | INFO    | train_session_alignment | [align] session_zscore         eegnet      single_sub-031_ses01-to-ses03 seed=2 acc=0.5850 (ntr=160 nval=40 nte=200)
2026-06-09 02:28:11 | INFO    | train_session_alignment | [align] session_zscore         eegnet      single_sub-031_ses02-to-ses01 seed=2 acc=0.7350 (ntr=160 nval=40 nte=200)
2026-06-09 02:28:16 | INFO    | train_session_alignment | [align] session_zscore         eegnet      single_sub-031_ses02-to-ses03 seed=2 acc=0.7400 (ntr=160 nval=40 nte=200)
2026-06-09 02:28:21 | INFO    | train_session_alignment | [align] session_zscore         eegnet      single_sub-031_ses03-to-ses01 seed=2 acc=0.7050 (ntr=160 nval=40 nte=200)
2026-06-09 02:28:26 | INFO    | train_session_alignment | [align] session_zscore         eegnet      single_sub-031_ses03-to-ses02 seed=2 acc=0.7650 (ntr=160 nval=40 nte=200)
2026-06-09 02:28:31 | INFO    | train_session_alignment | [align] session_zscore         eegnet      single_sub-032_ses01-to-ses03 seed=2 acc=0.6000 (ntr=160 nval=40 nte=200)
2026-06-09 02:28:38 | INFO    | train_session_alignment | [align] session_zscore         eegnet      single_sub-032_ses03-to-ses01 seed=2 acc=0.5700 (ntr=160 nval=40 nte=200)
2026-06-09 02:28:43 | INFO    | train_session_alignment | [align] session_zscore         eegnet      single_sub-033_ses01-to-ses02 seed=2 acc=0.9050 (ntr=160 nval=40 nte=200)
2026-06-09 02:28:48 | INFO    | train_session_alignment | [align] session_zscore         eegnet      single_sub-033_ses01-to-ses03 seed=2 acc=0.8700 (ntr=160 nval=40 nte=200)
2026-06-09 02:28:53 | INFO    | train_session_alignment | [align] session_zscore         eegnet      single_sub-033_ses02-to-ses01 seed=2 acc=0.8950 (ntr=160 nval=40 nte=200)
2026-06-09 02:28:58 | INFO    | train_session_alignment | [align] session_zscore         eegnet      single_sub-033_ses02-to-ses03 seed=2 acc=0.9050 (ntr=160 nval=40 nte=200)
2026-06-09 02:29:03 | INFO    | train_session_alignment | [align] session_zscore         eegnet      single_sub-033_ses03-to-ses01 seed=2 acc=0.8600 (ntr=160 nval=40 nte=200)
2026-06-09 02:29:08 | INFO    | train_session_alignment | [align] session_zscore         eegnet      single_sub-033_ses03-to-ses02 seed=2 acc=0.8600 (ntr=160 nval=40 nte=200)
2026-06-09 02:29:14 | INFO    | train_session_alignment | [align] session_zscore         eegnet      single_sub-034_ses01-to-ses02 seed=2 acc=0.8250 (ntr=160 nval=40 nte=200)
2026-06-09 02:29:20 | INFO    | train_session_alignment | [align] session_zscore         eegnet      single_sub-034_ses01-to-ses03 seed=2 acc=0.7900 (ntr=160 nval=40 nte=200)
2026-06-09 02:29:33 | INFO    | train_session_alignment | [align] session_zscore         eegnet      single_sub-034_ses02-to-ses01 seed=2 acc=0.6550 (ntr=160 nval=40 nte=200)
2026-06-09 02:29:47 | INFO    | train_session_alignment | [align] session_zscore         eegnet      single_sub-034_ses02-to-ses03 seed=2 acc=0.8800 (ntr=160 nval=40 nte=200)
2026-06-09 02:29:52 | INFO    | train_session_alignment | [align] session_zscore         eegnet      single_sub-034_ses03-to-ses01 seed=2 acc=0.6850 (ntr=160 nval=40 nte=200)
2026-06-09 02:29:57 | INFO    | train_session_alignment | [align] session_zscore         eegnet      single_sub-034_ses03-to-ses02 seed=2 acc=0.9000 (ntr=160 nval=40 nte=200)
2026-06-09 02:30:16 | INFO    | train_session_alignment | [align] session_zscore         eegnet      single_sub-035_ses01-to-ses02 seed=2 acc=0.9600 (ntr=160 nval=40 nte=200)
2026-06-09 02:30:34 | INFO    | train_session_alignment | [align] session_zscore         eegnet      single_sub-035_ses01-to-ses03 seed=2 acc=0.9300 (ntr=160 nval=40 nte=200)
2026-06-09 02:30:49 | INFO    | train_session_alignment | [align] session_zscore         eegnet      single_sub-035_ses02-to-ses01 seed=2 acc=0.9700 (ntr=160 nval=40 nte=200)
2026-06-09 02:31:05 | INFO    | train_session_alignment | [align] session_zscore         eegnet      single_sub-035_ses02-to-ses03 seed=2 acc=0.8950 (ntr=160 nval=40 nte=200)
2026-06-09 02:31:14 | INFO    | train_session_alignment | [align] session_zscore         eegnet      single_sub-035_ses03-to-ses01 seed=2 acc=0.9800 (ntr=160 nval=40 nte=200)
2026-06-09 02:31:23 | INFO    | train_session_alignment | [align] session_zscore         eegnet      single_sub-035_ses03-to-ses02 seed=2 acc=0.9600 (ntr=160 nval=40 nte=200)
2026-06-09 02:31:30 | INFO    | train_session_alignment | [align] session_zscore         eegnet      single_sub-036_ses01-to-ses02 seed=2 acc=0.9300 (ntr=160 nval=40 nte=200)
2026-06-09 02:31:37 | INFO    | train_session_alignment | [align] session_zscore         eegnet      single_sub-036_ses01-to-ses03 seed=2 acc=0.9600 (ntr=160 nval=40 nte=200)
2026-06-09 02:31:53 | INFO    | train_session_alignment | [align] session_zscore         eegnet      single_sub-036_ses02-to-ses01 seed=2 acc=0.8800 (ntr=160 nval=40 nte=200)
2026-06-09 02:32:08 | INFO    | train_session_alignment | [align] session_zscore         eegnet      single_sub-036_ses02-to-ses03 seed=2 acc=0.9850 (ntr=160 nval=40 nte=200)
2026-06-09 02:32:15 | INFO    | train_session_alignment | [align] session_zscore         eegnet      single_sub-036_ses03-to-ses01 seed=2 acc=0.8700 (ntr=160 nval=40 nte=200)
2026-06-09 02:32:22 | INFO    | train_session_alignment | [align] session_zscore         eegnet      single_sub-036_ses03-to-ses02 seed=2 acc=0.8650 (ntr=160 nval=40 nte=200)
2026-06-09 02:32:27 | INFO    | train_session_alignment | [align] session_zscore         eegnet      single_sub-037_ses01-to-ses02 seed=2 acc=0.9200 (ntr=160 nval=40 nte=200)
2026-06-09 02:32:32 | INFO    | train_session_alignment | [align] session_zscore         eegnet      single_sub-037_ses01-to-ses03 seed=2 acc=0.8750 (ntr=160 nval=40 nte=200)
2026-06-09 02:32:37 | INFO    | train_session_alignment | [align] session_zscore         eegnet      single_sub-037_ses02-to-ses01 seed=2 acc=0.8150 (ntr=160 nval=40 nte=200)
2026-06-09 02:32:42 | INFO    | train_session_alignment | [align] session_zscore         eegnet      single_sub-037_ses02-to-ses03 seed=2 acc=0.8800 (ntr=160 nval=40 nte=200)
2026-06-09 02:32:47 | INFO    | train_session_alignment | [align] session_zscore         eegnet      single_sub-037_ses03-to-ses01 seed=2 acc=0.8750 (ntr=160 nval=40 nte=200)
2026-06-09 02:32:53 | INFO    | train_session_alignment | [align] session_zscore         eegnet      single_sub-037_ses03-to-ses02 seed=2 acc=0.9100 (ntr=160 nval=40 nte=200)
2026-06-09 02:32:57 | INFO    | train_session_alignment | [align] session_zscore         eegnet      single_sub-038_ses01-to-ses02 seed=2 acc=0.5300 (ntr=160 nval=40 nte=200)
2026-06-09 02:33:02 | INFO    | train_session_alignment | [align] session_zscore         eegnet      single_sub-038_ses01-to-ses03 seed=2 acc=0.4950 (ntr=160 nval=40 nte=200)
2026-06-09 02:33:09 | INFO    | train_session_alignment | [align] session_zscore         eegnet      single_sub-038_ses02-to-ses01 seed=2 acc=0.4950 (ntr=160 nval=40 nte=200)
2026-06-09 02:33:17 | INFO    | train_session_alignment | [align] session_zscore         eegnet      single_sub-038_ses02-to-ses03 seed=2 acc=0.4750 (ntr=160 nval=40 nte=200)
2026-06-09 02:33:30 | INFO    | train_session_alignment | [align] session_zscore         eegnet      single_sub-038_ses03-to-ses01 seed=2 acc=0.5250 (ntr=160 nval=40 nte=200)
2026-06-09 02:33:43 | INFO    | train_session_alignment | [align] session_zscore         eegnet      single_sub-038_ses03-to-ses02 seed=2 acc=0.4350 (ntr=160 nval=40 nte=200)
2026-06-09 02:33:48 | INFO    | train_session_alignment | [align] session_zscore         eegnet      single_sub-039_ses01-to-ses02 seed=2 acc=0.4700 (ntr=160 nval=40 nte=200)
2026-06-09 02:33:52 | INFO    | train_session_alignment | [align] session_zscore         eegnet      single_sub-039_ses01-to-ses03 seed=2 acc=0.4000 (ntr=160 nval=40 nte=200)
2026-06-09 02:33:58 | INFO    | train_session_alignment | [align] session_zscore         eegnet      single_sub-039_ses02-to-ses01 seed=2 acc=0.4150 (ntr=160 nval=40 nte=200)
2026-06-09 02:34:03 | INFO    | train_session_alignment | [align] session_zscore         eegnet      single_sub-039_ses02-to-ses03 seed=2 acc=0.5500 (ntr=160 nval=40 nte=200)
2026-06-09 02:34:08 | INFO    | train_session_alignment | [align] session_zscore         eegnet      single_sub-039_ses03-to-ses01 seed=2 acc=0.4550 (ntr=160 nval=40 nte=200)
2026-06-09 02:34:13 | INFO    | train_session_alignment | [align] session_zscore         eegnet      single_sub-039_ses03-to-ses02 seed=2 acc=0.4900 (ntr=160 nval=40 nte=200)
2026-06-09 02:34:17 | INFO    | train_session_alignment | [align] session_zscore         eegnet      single_sub-040_ses01-to-ses02 seed=2 acc=0.5100 (ntr=160 nval=40 nte=200)
2026-06-09 02:34:22 | INFO    | train_session_alignment | [align] session_zscore         eegnet      single_sub-040_ses01-to-ses03 seed=2 acc=0.6350 (ntr=160 nval=40 nte=200)
2026-06-09 02:34:27 | INFO    | train_session_alignment | [align] session_zscore         eegnet      single_sub-040_ses02-to-ses01 seed=2 acc=0.6400 (ntr=160 nval=40 nte=200)
2026-06-09 02:34:33 | INFO    | train_session_alignment | [align] session_zscore         eegnet      single_sub-040_ses02-to-ses03 seed=2 acc=0.6850 (ntr=160 nval=40 nte=200)
2026-06-09 02:34:39 | INFO    | train_session_alignment | [align] session_zscore         eegnet      single_sub-040_ses03-to-ses01 seed=2 acc=0.6700 (ntr=160 nval=40 nte=200)
2026-06-09 02:34:44 | INFO    | train_session_alignment | [align] session_zscore         eegnet      single_sub-040_ses03-to-ses02 seed=2 acc=0.6450 (ntr=160 nval=40 nte=200)
2026-06-09 02:34:59 | INFO    | train_session_alignment | [align] session_zscore         eegnet      single_sub-041_ses01-to-ses02 seed=2 acc=0.8000 (ntr=160 nval=40 nte=200)
2026-06-09 02:35:14 | INFO    | train_session_alignment | [align] session_zscore         eegnet      single_sub-041_ses01-to-ses03 seed=2 acc=0.8450 (ntr=160 nval=40 nte=200)
2026-06-09 02:35:20 | INFO    | train_session_alignment | [align] session_zscore         eegnet      single_sub-041_ses02-to-ses01 seed=2 acc=0.8750 (ntr=160 nval=40 nte=200)
2026-06-09 02:35:26 | INFO    | train_session_alignment | [align] session_zscore         eegnet      single_sub-041_ses02-to-ses03 seed=2 acc=0.8800 (ntr=160 nval=40 nte=200)
2026-06-09 02:35:31 | INFO    | train_session_alignment | [align] session_zscore         eegnet      single_sub-041_ses03-to-ses01 seed=2 acc=0.8250 (ntr=160 nval=40 nte=200)
2026-06-09 02:35:36 | INFO    | train_session_alignment | [align] session_zscore         eegnet      single_sub-041_ses03-to-ses02 seed=2 acc=0.8450 (ntr=160 nval=40 nte=200)
2026-06-09 02:35:40 | INFO    | train_session_alignment | [align] session_zscore         eegnet      single_sub-042_ses01-to-ses02 seed=2 acc=0.4600 (ntr=160 nval=40 nte=200)
2026-06-09 02:35:45 | INFO    | train_session_alignment | [align] session_zscore         eegnet      single_sub-042_ses01-to-ses03 seed=2 acc=0.6100 (ntr=160 nval=40 nte=200)
2026-06-09 02:35:51 | INFO    | train_session_alignment | [align] session_zscore         eegnet      single_sub-042_ses02-to-ses01 seed=2 acc=0.6350 (ntr=160 nval=40 nte=200)
2026-06-09 02:35:57 | INFO    | train_session_alignment | [align] session_zscore         eegnet      single_sub-042_ses02-to-ses03 seed=2 acc=0.5950 (ntr=160 nval=40 nte=200)
2026-06-09 02:36:02 | INFO    | train_session_alignment | [align] session_zscore         eegnet      single_sub-042_ses03-to-ses01 seed=2 acc=0.6900 (ntr=160 nval=40 nte=200)
2026-06-09 02:36:08 | INFO    | train_session_alignment | [align] session_zscore         eegnet      single_sub-042_ses03-to-ses02 seed=2 acc=0.5800 (ntr=160 nval=40 nte=200)
2026-06-09 02:36:22 | INFO    | train_session_alignment | [align] session_zscore         eegnet      single_sub-043_ses01-to-ses02 seed=2 acc=0.9650 (ntr=160 nval=40 nte=200)
2026-06-09 02:36:36 | INFO    | train_session_alignment | [align] session_zscore         eegnet      single_sub-043_ses01-to-ses03 seed=2 acc=0.9350 (ntr=160 nval=40 nte=200)
2026-06-09 02:36:54 | INFO    | train_session_alignment | [align] session_zscore         eegnet      single_sub-043_ses02-to-ses01 seed=2 acc=0.9450 (ntr=160 nval=40 nte=200)
2026-06-09 02:37:12 | INFO    | train_session_alignment | [align] session_zscore         eegnet      single_sub-043_ses02-to-ses03 seed=2 acc=0.9350 (ntr=160 nval=40 nte=200)
2026-06-09 02:37:30 | INFO    | train_session_alignment | [align] session_zscore         eegnet      single_sub-043_ses03-to-ses01 seed=2 acc=0.9800 (ntr=160 nval=40 nte=200)
2026-06-09 02:37:48 | INFO    | train_session_alignment | [align] session_zscore         eegnet      single_sub-043_ses03-to-ses02 seed=2 acc=0.9800 (ntr=160 nval=40 nte=200)
2026-06-09 02:37:53 | INFO    | train_session_alignment | [align] session_zscore         eegnet      single_sub-044_ses01-to-ses02 seed=2 acc=0.6100 (ntr=160 nval=40 nte=200)
2026-06-09 02:37:58 | INFO    | train_session_alignment | [align] session_zscore         eegnet      single_sub-044_ses01-to-ses03 seed=2 acc=0.6500 (ntr=160 nval=40 nte=200)
2026-06-09 02:38:04 | INFO    | train_session_alignment | [align] session_zscore         eegnet      single_sub-044_ses02-to-ses01 seed=2 acc=0.6400 (ntr=160 nval=40 nte=200)
2026-06-09 02:38:11 | INFO    | train_session_alignment | [align] session_zscore         eegnet      single_sub-044_ses02-to-ses03 seed=2 acc=0.6050 (ntr=160 nval=40 nte=200)
2026-06-09 02:38:19 | INFO    | train_session_alignment | [align] session_zscore         eegnet      single_sub-044_ses03-to-ses01 seed=2 acc=0.6750 (ntr=160 nval=40 nte=200)
2026-06-09 02:38:28 | INFO    | train_session_alignment | [align] session_zscore         eegnet      single_sub-044_ses03-to-ses02 seed=2 acc=0.7250 (ntr=160 nval=40 nte=200)
2026-06-09 02:38:38 | INFO    | train_session_alignment | [align] session_zscore         eegnet      single_sub-045_ses01-to-ses02 seed=2 acc=0.8100 (ntr=160 nval=40 nte=200)
2026-06-09 02:38:47 | INFO    | train_session_alignment | [align] session_zscore         eegnet      single_sub-045_ses01-to-ses03 seed=2 acc=0.8600 (ntr=160 nval=40 nte=200)
2026-06-09 02:38:55 | INFO    | train_session_alignment | [align] session_zscore         eegnet      single_sub-045_ses02-to-ses01 seed=2 acc=0.7300 (ntr=160 nval=40 nte=200)
2026-06-09 02:39:04 | INFO    | train_session_alignment | [align] session_zscore         eegnet      single_sub-045_ses02-to-ses03 seed=2 acc=0.7200 (ntr=160 nval=40 nte=200)
2026-06-09 02:39:12 | INFO    | train_session_alignment | [align] session_zscore         eegnet      single_sub-045_ses03-to-ses01 seed=2 acc=0.7600 (ntr=160 nval=40 nte=200)
2026-06-09 02:39:21 | INFO    | train_session_alignment | [align] session_zscore         eegnet      single_sub-045_ses03-to-ses02 seed=2 acc=0.7450 (ntr=160 nval=40 nte=200)
2026-06-09 02:39:39 | INFO    | train_session_alignment | [align] session_zscore         eegnet      single_sub-046_ses01-to-ses02 seed=2 acc=0.9850 (ntr=160 nval=40 nte=200)
2026-06-09 02:39:57 | INFO    | train_session_alignment | [align] session_zscore         eegnet      single_sub-046_ses01-to-ses03 seed=2 acc=0.9450 (ntr=160 nval=40 nte=200)
2026-06-09 02:40:15 | INFO    | train_session_alignment | [align] session_zscore         eegnet      single_sub-046_ses02-to-ses01 seed=2 acc=0.9900 (ntr=160 nval=40 nte=200)
2026-06-09 02:40:33 | INFO    | train_session_alignment | [align] session_zscore         eegnet      single_sub-046_ses02-to-ses03 seed=2 acc=0.9250 (ntr=160 nval=40 nte=200)
2026-06-09 02:40:43 | INFO    | train_session_alignment | [align] session_zscore         eegnet      single_sub-046_ses03-to-ses01 seed=2 acc=0.9850 (ntr=160 nval=40 nte=200)
2026-06-09 02:40:52 | INFO    | train_session_alignment | [align] session_zscore         eegnet      single_sub-046_ses03-to-ses02 seed=2 acc=0.9700 (ntr=160 nval=40 nte=200)
2026-06-09 02:41:07 | INFO    | train_session_alignment | [align] session_zscore         eegnet      single_sub-047_ses01-to-ses02 seed=2 acc=0.8100 (ntr=160 nval=40 nte=200)
2026-06-09 02:41:21 | INFO    | train_session_alignment | [align] session_zscore         eegnet      single_sub-047_ses01-to-ses03 seed=2 acc=0.8050 (ntr=160 nval=40 nte=200)
2026-06-09 02:41:30 | INFO    | train_session_alignment | [align] session_zscore         eegnet      single_sub-047_ses02-to-ses01 seed=2 acc=0.8550 (ntr=160 nval=40 nte=200)
2026-06-09 02:41:39 | INFO    | train_session_alignment | [align] session_zscore         eegnet      single_sub-047_ses02-to-ses03 seed=2 acc=0.7800 (ntr=160 nval=40 nte=200)
2026-06-09 02:41:51 | INFO    | train_session_alignment | [align] session_zscore         eegnet      single_sub-047_ses03-to-ses01 seed=2 acc=0.8900 (ntr=160 nval=40 nte=200)
2026-06-09 02:42:03 | INFO    | train_session_alignment | [align] session_zscore         eegnet      single_sub-047_ses03-to-ses02 seed=2 acc=0.8700 (ntr=160 nval=40 nte=200)
2026-06-09 02:42:08 | INFO    | train_session_alignment | [align] session_zscore         eegnet      single_sub-048_ses01-to-ses02 seed=2 acc=0.8550 (ntr=160 nval=40 nte=200)
2026-06-09 02:42:14 | INFO    | train_session_alignment | [align] session_zscore         eegnet      single_sub-048_ses01-to-ses03 seed=2 acc=0.7900 (ntr=160 nval=40 nte=200)
2026-06-09 02:42:22 | INFO    | train_session_alignment | [align] session_zscore         eegnet      single_sub-048_ses02-to-ses01 seed=2 acc=0.7900 (ntr=160 nval=40 nte=200)
2026-06-09 02:42:29 | INFO    | train_session_alignment | [align] session_zscore         eegnet      single_sub-048_ses02-to-ses03 seed=2 acc=0.7650 (ntr=160 nval=40 nte=200)
2026-06-09 02:42:36 | INFO    | train_session_alignment | [align] session_zscore         eegnet      single_sub-048_ses03-to-ses01 seed=2 acc=0.6800 (ntr=160 nval=40 nte=200)
2026-06-09 02:42:42 | INFO    | train_session_alignment | [align] session_zscore         eegnet      single_sub-048_ses03-to-ses02 seed=2 acc=0.6650 (ntr=160 nval=40 nte=200)
2026-06-09 02:42:58 | INFO    | train_session_alignment | [align] session_zscore         eegnet      single_sub-049_ses01-to-ses02 seed=2 acc=0.6800 (ntr=160 nval=40 nte=200)
2026-06-09 02:43:14 | INFO    | train_session_alignment | [align] session_zscore         eegnet      single_sub-049_ses01-to-ses03 seed=2 acc=0.7550 (ntr=160 nval=40 nte=200)
2026-06-09 02:43:24 | INFO    | train_session_alignment | [align] session_zscore         eegnet      single_sub-049_ses02-to-ses01 seed=2 acc=0.8600 (ntr=160 nval=40 nte=200)
2026-06-09 02:43:34 | INFO    | train_session_alignment | [align] session_zscore         eegnet      single_sub-049_ses02-to-ses03 seed=2 acc=0.8450 (ntr=160 nval=40 nte=200)
2026-06-09 02:43:42 | INFO    | train_session_alignment | [align] session_zscore         eegnet      single_sub-049_ses03-to-ses01 seed=2 acc=0.8250 (ntr=160 nval=40 nte=200)
2026-06-09 02:43:51 | INFO    | train_session_alignment | [align] session_zscore         eegnet      single_sub-049_ses03-to-ses02 seed=2 acc=0.6600 (ntr=160 nval=40 nte=200)
2026-06-09 02:43:59 | INFO    | train_session_alignment | [align] session_zscore         eegnet      single_sub-050_ses01-to-ses02 seed=2 acc=0.9500 (ntr=160 nval=40 nte=200)
2026-06-09 02:44:08 | INFO    | train_session_alignment | [align] session_zscore         eegnet      single_sub-050_ses01-to-ses03 seed=2 acc=0.8950 (ntr=160 nval=40 nte=200)
2026-06-09 02:44:19 | INFO    | train_session_alignment | [align] session_zscore         eegnet      single_sub-050_ses02-to-ses01 seed=2 acc=0.8050 (ntr=160 nval=40 nte=200)
2026-06-09 02:44:30 | INFO    | train_session_alignment | [align] session_zscore         eegnet      single_sub-050_ses02-to-ses03 seed=2 acc=0.9400 (ntr=160 nval=40 nte=200)
2026-06-09 02:44:48 | INFO    | train_session_alignment | [align] session_zscore         eegnet      single_sub-050_ses03-to-ses01 seed=2 acc=0.7400 (ntr=160 nval=40 nte=200)
2026-06-09 02:45:06 | INFO    | train_session_alignment | [align] session_zscore         eegnet      single_sub-050_ses03-to-ses02 seed=2 acc=0.9200 (ntr=160 nval=40 nte=200)
2026-06-09 02:45:15 | INFO    | train_session_alignment | [align] session_zscore         eegnet      single_sub-051_ses01-to-ses02 seed=2 acc=0.6650 (ntr=160 nval=40 nte=200)
2026-06-09 02:45:23 | INFO    | train_session_alignment | [align] session_zscore         eegnet      single_sub-051_ses01-to-ses03 seed=2 acc=0.8650 (ntr=160 nval=40 nte=200)
2026-06-09 02:45:32 | INFO    | train_session_alignment | [align] session_zscore         eegnet      single_sub-051_ses02-to-ses01 seed=2 acc=0.7400 (ntr=160 nval=40 nte=200)
2026-06-09 02:45:41 | INFO    | train_session_alignment | [align] session_zscore         eegnet      single_sub-051_ses02-to-ses03 seed=2 acc=0.8700 (ntr=160 nval=40 nte=200)
2026-06-09 02:45:47 | INFO    | train_session_alignment | [align] session_zscore         eegnet      single_sub-051_ses03-to-ses01 seed=2 acc=0.7300 (ntr=160 nval=40 nte=200)
2026-06-09 02:45:54 | INFO    | train_session_alignment | [align] session_zscore         eegnet      single_sub-051_ses03-to-ses02 seed=2 acc=0.7000 (ntr=160 nval=40 nte=200)
2026-06-09 02:46:16 | INFO    | train_session_alignment | [align] session_zscore         eegnet      multi_sub-001_ses01ses02-to-ses03 seed=2 acc=0.9700 (ntr=320 nval=80 nte=200)
2026-06-09 02:46:21 | INFO    | train_session_alignment | [align] session_zscore         eegnet      multi_sub-002_ses01ses02-to-ses03 seed=2 acc=0.5850 (ntr=320 nval=80 nte=200)
2026-06-09 02:46:36 | INFO    | train_session_alignment | [align] session_zscore         eegnet      multi_sub-003_ses01ses02-to-ses03 seed=2 acc=0.9150 (ntr=320 nval=80 nte=200)
2026-06-09 02:46:41 | INFO    | train_session_alignment | [align] session_zscore         eegnet      multi_sub-004_ses01ses02-to-ses03 seed=2 acc=0.5200 (ntr=320 nval=80 nte=200)
2026-06-09 02:46:56 | INFO    | train_session_alignment | [align] session_zscore         eegnet      multi_sub-005_ses01ses02-to-ses03 seed=2 acc=0.7450 (ntr=320 nval=80 nte=200)
2026-06-09 02:47:03 | INFO    | train_session_alignment | [align] session_zscore         eegnet      multi_sub-006_ses01ses02-to-ses03 seed=2 acc=0.9500 (ntr=320 nval=80 nte=200)
2026-06-09 02:47:12 | INFO    | train_session_alignment | [align] session_zscore         eegnet      multi_sub-007_ses01ses02-to-ses03 seed=2 acc=0.8850 (ntr=320 nval=80 nte=200)
2026-06-09 02:47:20 | INFO    | train_session_alignment | [align] session_zscore         eegnet      multi_sub-008_ses01ses02-to-ses03 seed=2 acc=0.8050 (ntr=320 nval=80 nte=200)
2026-06-09 02:47:27 | INFO    | train_session_alignment | [align] session_zscore         eegnet      multi_sub-009_ses01ses02-to-ses03 seed=2 acc=0.6350 (ntr=320 nval=80 nte=200)
2026-06-09 02:47:33 | INFO    | train_session_alignment | [align] session_zscore         eegnet      multi_sub-010_ses01ses02-to-ses03 seed=2 acc=0.5450 (ntr=320 nval=80 nte=200)
2026-06-09 02:47:39 | INFO    | train_session_alignment | [align] session_zscore         eegnet      multi_sub-011_ses01ses02-to-ses03 seed=2 acc=0.9450 (ntr=320 nval=80 nte=200)
2026-06-09 02:47:45 | INFO    | train_session_alignment | [align] session_zscore         eegnet      multi_sub-012_ses01ses02-to-ses03 seed=2 acc=0.5450 (ntr=320 nval=80 nte=200)
2026-06-09 02:48:01 | INFO    | train_session_alignment | [align] session_zscore         eegnet      multi_sub-013_ses01ses02-to-ses03 seed=2 acc=0.7150 (ntr=320 nval=80 nte=200)
2026-06-09 02:48:07 | INFO    | train_session_alignment | [align] session_zscore         eegnet      multi_sub-014_ses01ses02-to-ses03 seed=2 acc=0.5600 (ntr=320 nval=80 nte=200)
2026-06-09 02:48:13 | INFO    | train_session_alignment | [align] session_zscore         eegnet      multi_sub-015_ses01ses02-to-ses03 seed=2 acc=0.6200 (ntr=320 nval=80 nte=200)
2026-06-09 02:48:20 | INFO    | train_session_alignment | [align] session_zscore         eegnet      multi_sub-016_ses01ses02-to-ses03 seed=2 acc=0.5550 (ntr=320 nval=80 nte=200)
2026-06-09 02:48:32 | INFO    | train_session_alignment | [align] session_zscore         eegnet      multi_sub-017_ses01ses02-to-ses03 seed=2 acc=0.7900 (ntr=320 nval=80 nte=200)
2026-06-09 02:48:40 | INFO    | train_session_alignment | [align] session_zscore         eegnet      multi_sub-018_ses01ses02-to-ses03 seed=2 acc=0.6250 (ntr=320 nval=80 nte=200)
2026-06-09 02:48:46 | INFO    | train_session_alignment | [align] session_zscore         eegnet      multi_sub-019_ses01ses02-to-ses03 seed=2 acc=0.8150 (ntr=320 nval=80 nte=200)
2026-06-09 02:49:02 | INFO    | train_session_alignment | [align] session_zscore         eegnet      multi_sub-020_ses01ses02-to-ses03 seed=2 acc=0.5200 (ntr=320 nval=80 nte=200)
2026-06-09 02:49:11 | INFO    | train_session_alignment | [align] session_zscore         eegnet      multi_sub-021_ses01ses02-to-ses03 seed=2 acc=0.7550 (ntr=320 nval=80 nte=200)
2026-06-09 02:49:19 | INFO    | train_session_alignment | [align] session_zscore         eegnet      multi_sub-022_ses01ses02-to-ses03 seed=2 acc=0.7400 (ntr=320 nval=80 nte=200)
2026-06-09 02:49:26 | INFO    | train_session_alignment | [align] session_zscore         eegnet      multi_sub-025_ses01ses02-to-ses03 seed=2 acc=0.8250 (ntr=320 nval=80 nte=200)
2026-06-09 02:49:34 | INFO    | train_session_alignment | [align] session_zscore         eegnet      multi_sub-027_ses01ses02-to-ses03 seed=2 acc=0.7950 (ntr=320 nval=80 nte=200)
2026-06-09 02:49:41 | INFO    | train_session_alignment | [align] session_zscore         eegnet      multi_sub-028_ses01ses02-to-ses03 seed=2 acc=0.4750 (ntr=320 nval=80 nte=200)
2026-06-09 02:50:01 | INFO    | train_session_alignment | [align] session_zscore         eegnet      multi_sub-029_ses01ses02-to-ses03 seed=2 acc=0.9550 (ntr=320 nval=80 nte=200)
2026-06-09 02:50:11 | INFO    | train_session_alignment | [align] session_zscore         eegnet      multi_sub-030_ses01ses02-to-ses03 seed=2 acc=0.7900 (ntr=320 nval=80 nte=200)
2026-06-09 02:50:20 | INFO    | train_session_alignment | [align] session_zscore         eegnet      multi_sub-031_ses01ses02-to-ses03 seed=2 acc=0.7200 (ntr=320 nval=80 nte=200)
2026-06-09 02:50:26 | INFO    | train_session_alignment | [align] session_zscore         eegnet      multi_sub-033_ses01ses02-to-ses03 seed=2 acc=0.9150 (ntr=320 nval=80 nte=200)
2026-06-09 02:50:35 | INFO    | train_session_alignment | [align] session_zscore         eegnet      multi_sub-034_ses01ses02-to-ses03 seed=2 acc=0.8050 (ntr=320 nval=80 nte=200)
2026-06-09 02:50:51 | INFO    | train_session_alignment | [align] session_zscore         eegnet      multi_sub-035_ses01ses02-to-ses03 seed=2 acc=0.9550 (ntr=320 nval=80 nte=200)
2026-06-09 02:50:58 | INFO    | train_session_alignment | [align] session_zscore         eegnet      multi_sub-036_ses01ses02-to-ses03 seed=2 acc=0.9750 (ntr=320 nval=80 nte=200)
2026-06-09 02:51:06 | INFO    | train_session_alignment | [align] session_zscore         eegnet      multi_sub-037_ses01ses02-to-ses03 seed=2 acc=0.9150 (ntr=320 nval=80 nte=200)
2026-06-09 02:51:11 | INFO    | train_session_alignment | [align] session_zscore         eegnet      multi_sub-038_ses01ses02-to-ses03 seed=2 acc=0.4900 (ntr=320 nval=80 nte=200)
2026-06-09 02:51:19 | INFO    | train_session_alignment | [align] session_zscore         eegnet      multi_sub-039_ses01ses02-to-ses03 seed=2 acc=0.4000 (ntr=320 nval=80 nte=200)
2026-06-09 02:51:26 | INFO    | train_session_alignment | [align] session_zscore         eegnet      multi_sub-040_ses01ses02-to-ses03 seed=2 acc=0.7100 (ntr=320 nval=80 nte=200)
2026-06-09 02:51:33 | INFO    | train_session_alignment | [align] session_zscore         eegnet      multi_sub-041_ses01ses02-to-ses03 seed=2 acc=0.8850 (ntr=320 nval=80 nte=200)
2026-06-09 02:51:44 | INFO    | train_session_alignment | [align] session_zscore         eegnet      multi_sub-042_ses01ses02-to-ses03 seed=2 acc=0.7150 (ntr=320 nval=80 nte=200)
2026-06-09 02:52:05 | INFO    | train_session_alignment | [align] session_zscore         eegnet      multi_sub-043_ses01ses02-to-ses03 seed=2 acc=0.9850 (ntr=320 nval=80 nte=200)
2026-06-09 02:52:12 | INFO    | train_session_alignment | [align] session_zscore         eegnet      multi_sub-044_ses01ses02-to-ses03 seed=2 acc=0.7000 (ntr=320 nval=80 nte=200)
2026-06-09 02:52:19 | INFO    | train_session_alignment | [align] session_zscore         eegnet      multi_sub-045_ses01ses02-to-ses03 seed=2 acc=0.8750 (ntr=320 nval=80 nte=200)
2026-06-09 02:52:40 | INFO    | train_session_alignment | [align] session_zscore         eegnet      multi_sub-046_ses01ses02-to-ses03 seed=2 acc=0.9600 (ntr=320 nval=80 nte=200)
2026-06-09 02:52:54 | INFO    | train_session_alignment | [align] session_zscore         eegnet      multi_sub-047_ses01ses02-to-ses03 seed=2 acc=0.8900 (ntr=320 nval=80 nte=200)
2026-06-09 02:53:07 | INFO    | train_session_alignment | [align] session_zscore         eegnet      multi_sub-048_ses01ses02-to-ses03 seed=2 acc=0.7650 (ntr=320 nval=80 nte=200)
2026-06-09 02:53:16 | INFO    | train_session_alignment | [align] session_zscore         eegnet      multi_sub-049_ses01ses02-to-ses03 seed=2 acc=0.8450 (ntr=320 nval=80 nte=200)
2026-06-09 02:53:25 | INFO    | train_session_alignment | [align] session_zscore         eegnet      multi_sub-050_ses01ses02-to-ses03 seed=2 acc=0.9450 (ntr=320 nval=80 nte=200)
2026-06-09 02:53:35 | INFO    | train_session_alignment | [align] session_zscore         eegnet      multi_sub-051_ses01ses02-to-ses03 seed=2 acc=0.9050 (ntr=320 nval=80 nte=200)
2026-06-09 02:53:35 | INFO    | train_session_alignment | ALL DONE in 2840.7s | rows=335 ok=335 failed=0 | out=/share/home/yuan/SYX/eeg-mi-online/outputs/experiments/alignment_baseline_v1
Done: Tue Jun  9 02:53:36 CST 2026
