Project: /share/home/yuan/SYX/eeg-mi-online
Env    : mi_torch_cu118
Args   : --methods session_zscore --models eegnet --seeds 3 --protocols single,multi --tag-suffix session_zscore_eegnet_s3
Node   : gpu01 | Start: Tue Jun  9 02:06:11 CST 2026
Tue Jun  9 02:06:11 2026       
+-----------------------------------------------------------------------------------------+
| NVIDIA-SMI 570.153.02             Driver Version: 570.153.02     CUDA Version: 12.8     |
|-----------------------------------------+------------------------+----------------------+
| GPU  Name                 Persistence-M | Bus-Id          Disp.A | Volatile Uncorr. ECC |
| Fan  Temp   Perf          Pwr:Usage/Cap |           Memory-Usage | GPU-Util  Compute M. |
|                                         |                        |               MIG M. |
|=========================================+========================+======================|
|   0  NVIDIA GeForce RTX 4090 D      On  |   00000000:81:00.0 Off |                  Off |
| 30%   27C    P8             19W /  425W |       1MiB /  24564MiB |      0%      Default |
|                                         |                        |                  N/A |
+-----------------------------------------+------------------------+----------------------+
                                                                                         
+-----------------------------------------------------------------------------------------+
| Processes:                                                                              |
|  GPU   GI   CI              PID   Type   Process name                        GPU Memory |
|        ID   ID                                                               Usage      |
|=========================================================================================|
|  No running processes found                                                             |
+-----------------------------------------------------------------------------------------+
[cuda-check] torch=2.7.1+cu118 cuda_build=11.8 cuda_avail=True
2026-06-09 02:06:14 | INFO    | train_session_alignment | device=cuda | cuda={'torch': '2.7.1+cu118', 'cuda_build': '11.8', 'cuda_available': True, 'device': 'cuda', 'device_name': 'NVIDIA GeForce RTX 4090 D'}
2026-06-09 02:06:14 | INFO    | train_session_alignment | loaded 148 ok sessions | methods=['session_zscore'] | models=['eegnet'] | seeds=[3] | groups=['single', 'multi'] | tasks=335
2026-06-09 02:06:29 | INFO    | train_session_alignment | [align] session_zscore         eegnet      single_sub-001_ses01-to-ses02 seed=3 acc=0.8000 (ntr=160 nval=40 nte=200)
2026-06-09 02:06:43 | INFO    | train_session_alignment | [align] session_zscore         eegnet      single_sub-001_ses01-to-ses03 seed=3 acc=0.8000 (ntr=160 nval=40 nte=200)
2026-06-09 02:07:02 | INFO    | train_session_alignment | [align] session_zscore         eegnet      single_sub-001_ses02-to-ses01 seed=3 acc=0.6000 (ntr=160 nval=40 nte=200)
2026-06-09 02:07:21 | INFO    | train_session_alignment | [align] session_zscore         eegnet      single_sub-001_ses02-to-ses03 seed=3 acc=0.9050 (ntr=160 nval=40 nte=200)
2026-06-09 02:07:30 | INFO    | train_session_alignment | [align] session_zscore         eegnet      single_sub-001_ses03-to-ses01 seed=3 acc=0.6050 (ntr=160 nval=40 nte=200)
2026-06-09 02:07:38 | INFO    | train_session_alignment | [align] session_zscore         eegnet      single_sub-001_ses03-to-ses02 seed=3 acc=0.9000 (ntr=160 nval=40 nte=200)
2026-06-09 02:07:43 | INFO    | train_session_alignment | [align] session_zscore         eegnet      single_sub-002_ses01-to-ses02 seed=3 acc=0.5450 (ntr=160 nval=40 nte=200)
2026-06-09 02:07:49 | INFO    | train_session_alignment | [align] session_zscore         eegnet      single_sub-002_ses01-to-ses03 seed=3 acc=0.6350 (ntr=160 nval=40 nte=200)
2026-06-09 02:07:56 | INFO    | train_session_alignment | [align] session_zscore         eegnet      single_sub-002_ses02-to-ses01 seed=3 acc=0.5400 (ntr=160 nval=40 nte=200)
2026-06-09 02:08:03 | INFO    | train_session_alignment | [align] session_zscore         eegnet      single_sub-002_ses02-to-ses03 seed=3 acc=0.6000 (ntr=160 nval=40 nte=200)
2026-06-09 02:08:12 | INFO    | train_session_alignment | [align] session_zscore         eegnet      single_sub-002_ses03-to-ses01 seed=3 acc=0.6600 (ntr=160 nval=40 nte=200)
2026-06-09 02:08:22 | INFO    | train_session_alignment | [align] session_zscore         eegnet      single_sub-002_ses03-to-ses02 seed=3 acc=0.6350 (ntr=160 nval=40 nte=200)
2026-06-09 02:08:33 | INFO    | train_session_alignment | [align] session_zscore         eegnet      single_sub-003_ses01-to-ses02 seed=3 acc=0.8100 (ntr=160 nval=40 nte=200)
2026-06-09 02:08:45 | INFO    | train_session_alignment | [align] session_zscore         eegnet      single_sub-003_ses01-to-ses03 seed=3 acc=0.8250 (ntr=160 nval=40 nte=200)
2026-06-09 02:09:03 | INFO    | train_session_alignment | [align] session_zscore         eegnet      single_sub-003_ses02-to-ses01 seed=3 acc=0.8200 (ntr=160 nval=40 nte=200)
2026-06-09 02:09:21 | INFO    | train_session_alignment | [align] session_zscore         eegnet      single_sub-003_ses02-to-ses03 seed=3 acc=0.7950 (ntr=160 nval=40 nte=200)
2026-06-09 02:09:25 | INFO    | train_session_alignment | [align] session_zscore         eegnet      single_sub-003_ses03-to-ses01 seed=3 acc=0.5100 (ntr=160 nval=40 nte=200)
2026-06-09 02:09:29 | INFO    | train_session_alignment | [align] session_zscore         eegnet      single_sub-003_ses03-to-ses02 seed=3 acc=0.5250 (ntr=160 nval=40 nte=200)
2026-06-09 02:09:34 | INFO    | train_session_alignment | [align] session_zscore         eegnet      single_sub-004_ses01-to-ses02 seed=3 acc=0.5150 (ntr=160 nval=40 nte=200)
2026-06-09 02:09:39 | INFO    | train_session_alignment | [align] session_zscore         eegnet      single_sub-004_ses01-to-ses03 seed=3 acc=0.5100 (ntr=160 nval=40 nte=200)
2026-06-09 02:09:44 | INFO    | train_session_alignment | [align] session_zscore         eegnet      single_sub-004_ses02-to-ses01 seed=3 acc=0.5200 (ntr=160 nval=40 nte=200)
2026-06-09 02:09:48 | INFO    | train_session_alignment | [align] session_zscore         eegnet      single_sub-004_ses02-to-ses03 seed=3 acc=0.5050 (ntr=160 nval=40 nte=200)
2026-06-09 02:09:54 | INFO    | train_session_alignment | [align] session_zscore         eegnet      single_sub-004_ses03-to-ses01 seed=3 acc=0.5200 (ntr=160 nval=40 nte=200)
2026-06-09 02:10:00 | INFO    | train_session_alignment | [align] session_zscore         eegnet      single_sub-004_ses03-to-ses02 seed=3 acc=0.5500 (ntr=160 nval=40 nte=200)
2026-06-09 02:10:13 | INFO    | train_session_alignment | [align] session_zscore         eegnet      single_sub-005_ses01-to-ses02 seed=3 acc=0.8750 (ntr=160 nval=40 nte=200)
2026-06-09 02:10:26 | INFO    | train_session_alignment | [align] session_zscore         eegnet      single_sub-005_ses01-to-ses03 seed=3 acc=0.6950 (ntr=160 nval=40 nte=200)
2026-06-09 02:10:33 | INFO    | train_session_alignment | [align] session_zscore         eegnet      single_sub-005_ses02-to-ses01 seed=3 acc=0.8750 (ntr=160 nval=40 nte=200)
2026-06-09 02:10:41 | INFO    | train_session_alignment | [align] session_zscore         eegnet      single_sub-005_ses02-to-ses03 seed=3 acc=0.7300 (ntr=160 nval=40 nte=200)
2026-06-09 02:10:47 | INFO    | train_session_alignment | [align] session_zscore         eegnet      single_sub-005_ses03-to-ses01 seed=3 acc=0.7000 (ntr=160 nval=40 nte=200)
2026-06-09 02:10:54 | INFO    | train_session_alignment | [align] session_zscore         eegnet      single_sub-005_ses03-to-ses02 seed=3 acc=0.7050 (ntr=160 nval=40 nte=200)
2026-06-09 02:11:07 | INFO    | train_session_alignment | [align] session_zscore         eegnet      single_sub-006_ses01-to-ses02 seed=3 acc=0.9400 (ntr=160 nval=40 nte=200)
2026-06-09 02:11:20 | INFO    | train_session_alignment | [align] session_zscore         eegnet      single_sub-006_ses01-to-ses03 seed=3 acc=0.9700 (ntr=160 nval=40 nte=200)
2026-06-09 02:11:38 | INFO    | train_session_alignment | [align] session_zscore         eegnet      single_sub-006_ses02-to-ses01 seed=3 acc=0.8300 (ntr=160 nval=40 nte=200)
2026-06-09 02:11:55 | INFO    | train_session_alignment | [align] session_zscore         eegnet      single_sub-006_ses02-to-ses03 seed=3 acc=0.9150 (ntr=160 nval=40 nte=200)
2026-06-09 02:12:08 | INFO    | train_session_alignment | [align] session_zscore         eegnet      single_sub-006_ses03-to-ses01 seed=3 acc=0.9050 (ntr=160 nval=40 nte=200)
2026-06-09 02:12:20 | INFO    | train_session_alignment | [align] session_zscore         eegnet      single_sub-006_ses03-to-ses02 seed=3 acc=0.9050 (ntr=160 nval=40 nte=200)
2026-06-09 02:12:25 | INFO    | train_session_alignment | [align] session_zscore         eegnet      single_sub-007_ses01-to-ses02 seed=3 acc=0.7100 (ntr=160 nval=40 nte=200)
2026-06-09 02:12:30 | INFO    | train_session_alignment | [align] session_zscore         eegnet      single_sub-007_ses01-to-ses03 seed=3 acc=0.8200 (ntr=160 nval=40 nte=200)
2026-06-09 02:12:34 | INFO    | train_session_alignment | [align] session_zscore         eegnet      single_sub-007_ses02-to-ses01 seed=3 acc=0.6500 (ntr=160 nval=40 nte=200)
2026-06-09 02:12:40 | INFO    | train_session_alignment | [align] session_zscore         eegnet      single_sub-007_ses02-to-ses03 seed=3 acc=0.8600 (ntr=160 nval=40 nte=200)
2026-06-09 02:12:44 | INFO    | train_session_alignment | [align] session_zscore         eegnet      single_sub-007_ses03-to-ses01 seed=3 acc=0.6500 (ntr=160 nval=40 nte=200)
2026-06-09 02:12:49 | INFO    | train_session_alignment | [align] session_zscore         eegnet      single_sub-007_ses03-to-ses02 seed=3 acc=0.8050 (ntr=160 nval=40 nte=200)
2026-06-09 02:12:55 | INFO    | train_session_alignment | [align] session_zscore         eegnet      single_sub-008_ses01-to-ses02 seed=3 acc=0.7300 (ntr=160 nval=40 nte=200)
2026-06-09 02:13:00 | INFO    | train_session_alignment | [align] session_zscore         eegnet      single_sub-008_ses01-to-ses03 seed=3 acc=0.5250 (ntr=160 nval=40 nte=200)
2026-06-09 02:13:13 | INFO    | train_session_alignment | [align] session_zscore         eegnet      single_sub-008_ses02-to-ses01 seed=3 acc=0.7600 (ntr=160 nval=40 nte=200)
2026-06-09 02:13:26 | INFO    | train_session_alignment | [align] session_zscore         eegnet      single_sub-008_ses02-to-ses03 seed=3 acc=0.7950 (ntr=160 nval=40 nte=200)
2026-06-09 02:13:44 | INFO    | train_session_alignment | [align] session_zscore         eegnet      single_sub-008_ses03-to-ses01 seed=3 acc=0.6450 (ntr=160 nval=40 nte=200)
2026-06-09 02:14:02 | INFO    | train_session_alignment | [align] session_zscore         eegnet      single_sub-008_ses03-to-ses02 seed=3 acc=0.7650 (ntr=160 nval=40 nte=200)
2026-06-09 02:14:07 | INFO    | train_session_alignment | [align] session_zscore         eegnet      single_sub-009_ses01-to-ses02 seed=3 acc=0.7600 (ntr=160 nval=40 nte=200)
2026-06-09 02:14:12 | INFO    | train_session_alignment | [align] session_zscore         eegnet      single_sub-009_ses01-to-ses03 seed=3 acc=0.5800 (ntr=160 nval=40 nte=200)
2026-06-09 02:14:19 | INFO    | train_session_alignment | [align] session_zscore         eegnet      single_sub-009_ses02-to-ses01 seed=3 acc=0.6800 (ntr=160 nval=40 nte=200)
2026-06-09 02:14:25 | INFO    | train_session_alignment | [align] session_zscore         eegnet      single_sub-009_ses02-to-ses03 seed=3 acc=0.5900 (ntr=160 nval=40 nte=200)
2026-06-09 02:14:29 | INFO    | train_session_alignment | [align] session_zscore         eegnet      single_sub-009_ses03-to-ses01 seed=3 acc=0.5100 (ntr=160 nval=40 nte=200)
2026-06-09 02:14:33 | INFO    | train_session_alignment | [align] session_zscore         eegnet      single_sub-009_ses03-to-ses02 seed=3 acc=0.5000 (ntr=160 nval=40 nte=200)
2026-06-09 02:14:42 | INFO    | train_session_alignment | [align] session_zscore         eegnet      single_sub-010_ses01-to-ses02 seed=3 acc=0.7850 (ntr=160 nval=40 nte=200)
2026-06-09 02:14:52 | INFO    | train_session_alignment | [align] session_zscore         eegnet      single_sub-010_ses01-to-ses03 seed=3 acc=0.6050 (ntr=160 nval=40 nte=200)
2026-06-09 02:14:57 | INFO    | train_session_alignment | [align] session_zscore         eegnet      single_sub-010_ses02-to-ses01 seed=3 acc=0.7350 (ntr=160 nval=40 nte=200)
2026-06-09 02:15:02 | INFO    | train_session_alignment | [align] session_zscore         eegnet      single_sub-010_ses02-to-ses03 seed=3 acc=0.5900 (ntr=160 nval=40 nte=200)
2026-06-09 02:15:19 | INFO    | train_session_alignment | [align] session_zscore         eegnet      single_sub-010_ses03-to-ses01 seed=3 acc=0.6100 (ntr=160 nval=40 nte=200)
2026-06-09 02:15:36 | INFO    | train_session_alignment | [align] session_zscore         eegnet      single_sub-010_ses03-to-ses02 seed=3 acc=0.7600 (ntr=160 nval=40 nte=200)
2026-06-09 02:15:41 | INFO    | train_session_alignment | [align] session_zscore         eegnet      single_sub-011_ses01-to-ses02 seed=3 acc=0.6050 (ntr=160 nval=40 nte=200)
2026-06-09 02:15:46 | INFO    | train_session_alignment | [align] session_zscore         eegnet      single_sub-011_ses01-to-ses03 seed=3 acc=0.9100 (ntr=160 nval=40 nte=200)
2026-06-09 02:15:50 | INFO    | train_session_alignment | [align] session_zscore         eegnet      single_sub-011_ses02-to-ses01 seed=3 acc=0.6150 (ntr=160 nval=40 nte=200)
2026-06-09 02:15:55 | INFO    | train_session_alignment | [align] session_zscore         eegnet      single_sub-011_ses02-to-ses03 seed=3 acc=0.5950 (ntr=160 nval=40 nte=200)
2026-06-09 02:16:00 | INFO    | train_session_alignment | [align] session_zscore         eegnet      single_sub-011_ses03-to-ses01 seed=3 acc=0.8700 (ntr=160 nval=40 nte=200)
2026-06-09 02:16:05 | INFO    | train_session_alignment | [align] session_zscore         eegnet      single_sub-011_ses03-to-ses02 seed=3 acc=0.6150 (ntr=160 nval=40 nte=200)
2026-06-09 02:16:09 | INFO    | train_session_alignment | [align] session_zscore         eegnet      single_sub-012_ses01-to-ses02 seed=3 acc=0.4700 (ntr=160 nval=40 nte=200)
2026-06-09 02:16:13 | INFO    | train_session_alignment | [align] session_zscore         eegnet      single_sub-012_ses01-to-ses03 seed=3 acc=0.5550 (ntr=160 nval=40 nte=200)
2026-06-09 02:16:18 | INFO    | train_session_alignment | [align] session_zscore         eegnet      single_sub-012_ses02-to-ses01 seed=3 acc=0.5300 (ntr=160 nval=40 nte=200)
2026-06-09 02:16:22 | INFO    | train_session_alignment | [align] session_zscore         eegnet      single_sub-012_ses02-to-ses03 seed=3 acc=0.4950 (ntr=160 nval=40 nte=200)
2026-06-09 02:16:27 | INFO    | train_session_alignment | [align] session_zscore         eegnet      single_sub-012_ses03-to-ses01 seed=3 acc=0.5100 (ntr=160 nval=40 nte=200)
2026-06-09 02:16:33 | INFO    | train_session_alignment | [align] session_zscore         eegnet      single_sub-012_ses03-to-ses02 seed=3 acc=0.4850 (ntr=160 nval=40 nte=200)
2026-06-09 02:16:37 | INFO    | train_session_alignment | [align] session_zscore         eegnet      single_sub-013_ses01-to-ses02 seed=3 acc=0.8050 (ntr=160 nval=40 nte=200)
2026-06-09 02:16:42 | INFO    | train_session_alignment | [align] session_zscore         eegnet      single_sub-013_ses01-to-ses03 seed=3 acc=0.6500 (ntr=160 nval=40 nte=200)
2026-06-09 02:16:52 | INFO    | train_session_alignment | [align] session_zscore         eegnet      single_sub-013_ses02-to-ses01 seed=3 acc=0.6600 (ntr=160 nval=40 nte=200)
2026-06-09 02:17:02 | INFO    | train_session_alignment | [align] session_zscore         eegnet      single_sub-013_ses02-to-ses03 seed=3 acc=0.7300 (ntr=160 nval=40 nte=200)
2026-06-09 02:17:18 | INFO    | train_session_alignment | [align] session_zscore         eegnet      single_sub-013_ses03-to-ses01 seed=3 acc=0.6850 (ntr=160 nval=40 nte=200)
2026-06-09 02:17:34 | INFO    | train_session_alignment | [align] session_zscore         eegnet      single_sub-013_ses03-to-ses02 seed=3 acc=0.8350 (ntr=160 nval=40 nte=200)
2026-06-09 02:17:39 | INFO    | train_session_alignment | [align] session_zscore         eegnet      single_sub-014_ses01-to-ses02 seed=3 acc=0.5000 (ntr=160 nval=40 nte=200)
2026-06-09 02:17:43 | INFO    | train_session_alignment | [align] session_zscore         eegnet      single_sub-014_ses01-to-ses03 seed=3 acc=0.4900 (ntr=160 nval=40 nte=200)
2026-06-09 02:17:47 | INFO    | train_session_alignment | [align] session_zscore         eegnet      single_sub-014_ses02-to-ses01 seed=3 acc=0.4900 (ntr=160 nval=40 nte=200)
2026-06-09 02:17:52 | INFO    | train_session_alignment | [align] session_zscore         eegnet      single_sub-014_ses02-to-ses03 seed=3 acc=0.4750 (ntr=160 nval=40 nte=200)
2026-06-09 02:17:56 | INFO    | train_session_alignment | [align] session_zscore         eegnet      single_sub-014_ses03-to-ses01 seed=3 acc=0.4850 (ntr=160 nval=40 nte=200)
2026-06-09 02:18:00 | INFO    | train_session_alignment | [align] session_zscore         eegnet      single_sub-014_ses03-to-ses02 seed=3 acc=0.5250 (ntr=160 nval=40 nte=200)
2026-06-09 02:18:10 | INFO    | train_session_alignment | [align] session_zscore         eegnet      single_sub-015_ses01-to-ses02 seed=3 acc=0.6850 (ntr=160 nval=40 nte=200)
2026-06-09 02:18:19 | INFO    | train_session_alignment | [align] session_zscore         eegnet      single_sub-015_ses01-to-ses03 seed=3 acc=0.6400 (ntr=160 nval=40 nte=200)
2026-06-09 02:18:24 | INFO    | train_session_alignment | [align] session_zscore         eegnet      single_sub-015_ses02-to-ses01 seed=3 acc=0.5800 (ntr=160 nval=40 nte=200)
2026-06-09 02:18:29 | INFO    | train_session_alignment | [align] session_zscore         eegnet      single_sub-015_ses02-to-ses03 seed=3 acc=0.6350 (ntr=160 nval=40 nte=200)
2026-06-09 02:18:35 | INFO    | train_session_alignment | [align] session_zscore         eegnet      single_sub-015_ses03-to-ses01 seed=3 acc=0.5700 (ntr=160 nval=40 nte=200)
2026-06-09 02:18:42 | INFO    | train_session_alignment | [align] session_zscore         eegnet      single_sub-015_ses03-to-ses02 seed=3 acc=0.6700 (ntr=160 nval=40 nte=200)
2026-06-09 02:18:48 | INFO    | train_session_alignment | [align] session_zscore         eegnet      single_sub-016_ses01-to-ses02 seed=3 acc=0.4950 (ntr=160 nval=40 nte=200)
2026-06-09 02:18:53 | INFO    | train_session_alignment | [align] session_zscore         eegnet      single_sub-016_ses01-to-ses03 seed=3 acc=0.5050 (ntr=160 nval=40 nte=200)
2026-06-09 02:18:58 | INFO    | train_session_alignment | [align] session_zscore         eegnet      single_sub-016_ses02-to-ses01 seed=3 acc=0.5500 (ntr=160 nval=40 nte=200)
2026-06-09 02:19:02 | INFO    | train_session_alignment | [align] session_zscore         eegnet      single_sub-016_ses02-to-ses03 seed=3 acc=0.5700 (ntr=160 nval=40 nte=200)
2026-06-09 02:19:06 | INFO    | train_session_alignment | [align] session_zscore         eegnet      single_sub-016_ses03-to-ses01 seed=3 acc=0.5600 (ntr=160 nval=40 nte=200)
2026-06-09 02:19:11 | INFO    | train_session_alignment | [align] session_zscore         eegnet      single_sub-016_ses03-to-ses02 seed=3 acc=0.5250 (ntr=160 nval=40 nte=200)
2026-06-09 02:19:23 | INFO    | train_session_alignment | [align] session_zscore         eegnet      single_sub-017_ses01-to-ses02 seed=3 acc=0.8050 (ntr=160 nval=40 nte=200)
2026-06-09 02:19:35 | INFO    | train_session_alignment | [align] session_zscore         eegnet      single_sub-017_ses01-to-ses03 seed=3 acc=0.6750 (ntr=160 nval=40 nte=200)
2026-06-09 02:19:42 | INFO    | train_session_alignment | [align] session_zscore         eegnet      single_sub-017_ses02-to-ses01 seed=3 acc=0.7150 (ntr=160 nval=40 nte=200)
2026-06-09 02:19:49 | INFO    | train_session_alignment | [align] session_zscore         eegnet      single_sub-017_ses02-to-ses03 seed=3 acc=0.7750 (ntr=160 nval=40 nte=200)
2026-06-09 02:19:54 | INFO    | train_session_alignment | [align] session_zscore         eegnet      single_sub-017_ses03-to-ses01 seed=3 acc=0.6700 (ntr=160 nval=40 nte=200)
2026-06-09 02:19:58 | INFO    | train_session_alignment | [align] session_zscore         eegnet      single_sub-017_ses03-to-ses02 seed=3 acc=0.6250 (ntr=160 nval=40 nte=200)
2026-06-09 02:20:03 | INFO    | train_session_alignment | [align] session_zscore         eegnet      single_sub-018_ses01-to-ses02 seed=3 acc=0.6300 (ntr=160 nval=40 nte=200)
2026-06-09 02:20:07 | INFO    | train_session_alignment | [align] session_zscore         eegnet      single_sub-018_ses01-to-ses03 seed=3 acc=0.5650 (ntr=160 nval=40 nte=200)
2026-06-09 02:20:12 | INFO    | train_session_alignment | [align] session_zscore         eegnet      single_sub-018_ses02-to-ses01 seed=3 acc=0.6350 (ntr=160 nval=40 nte=200)
2026-06-09 02:20:16 | INFO    | train_session_alignment | [align] session_zscore         eegnet      single_sub-018_ses02-to-ses03 seed=3 acc=0.5750 (ntr=160 nval=40 nte=200)
2026-06-09 02:20:24 | INFO    | train_session_alignment | [align] session_zscore         eegnet      single_sub-018_ses03-to-ses01 seed=3 acc=0.6250 (ntr=160 nval=40 nte=200)
2026-06-09 02:20:32 | INFO    | train_session_alignment | [align] session_zscore         eegnet      single_sub-018_ses03-to-ses02 seed=3 acc=0.6550 (ntr=160 nval=40 nte=200)
2026-06-09 02:20:38 | INFO    | train_session_alignment | [align] session_zscore         eegnet      single_sub-019_ses01-to-ses02 seed=3 acc=0.6250 (ntr=160 nval=40 nte=200)
2026-06-09 02:20:44 | INFO    | train_session_alignment | [align] session_zscore         eegnet      single_sub-019_ses01-to-ses03 seed=3 acc=0.7350 (ntr=160 nval=40 nte=200)
2026-06-09 02:20:50 | INFO    | train_session_alignment | [align] session_zscore         eegnet      single_sub-019_ses02-to-ses01 seed=3 acc=0.5150 (ntr=160 nval=40 nte=200)
2026-06-09 02:20:55 | INFO    | train_session_alignment | [align] session_zscore         eegnet      single_sub-019_ses02-to-ses03 seed=3 acc=0.8000 (ntr=160 nval=40 nte=200)
2026-06-09 02:21:01 | INFO    | train_session_alignment | [align] session_zscore         eegnet      single_sub-019_ses03-to-ses01 seed=3 acc=0.5250 (ntr=160 nval=40 nte=200)
2026-06-09 02:21:07 | INFO    | train_session_alignment | [align] session_zscore         eegnet      single_sub-019_ses03-to-ses02 seed=3 acc=0.7300 (ntr=160 nval=40 nte=200)
2026-06-09 02:21:25 | INFO    | train_session_alignment | [align] session_zscore         eegnet      single_sub-020_ses01-to-ses02 seed=3 acc=0.8350 (ntr=160 nval=40 nte=200)
2026-06-09 02:21:43 | INFO    | train_session_alignment | [align] session_zscore         eegnet      single_sub-020_ses01-to-ses03 seed=3 acc=0.6100 (ntr=160 nval=40 nte=200)
2026-06-09 02:22:01 | INFO    | train_session_alignment | [align] session_zscore         eegnet      single_sub-020_ses02-to-ses01 seed=3 acc=0.6300 (ntr=160 nval=40 nte=200)
2026-06-09 02:22:19 | INFO    | train_session_alignment | [align] session_zscore         eegnet      single_sub-020_ses02-to-ses03 seed=3 acc=0.5500 (ntr=160 nval=40 nte=200)
2026-06-09 02:22:26 | INFO    | train_session_alignment | [align] session_zscore         eegnet      single_sub-020_ses03-to-ses01 seed=3 acc=0.5100 (ntr=160 nval=40 nte=200)
2026-06-09 02:22:33 | INFO    | train_session_alignment | [align] session_zscore         eegnet      single_sub-020_ses03-to-ses02 seed=3 acc=0.4300 (ntr=160 nval=40 nte=200)
2026-06-09 02:22:41 | INFO    | train_session_alignment | [align] session_zscore         eegnet      single_sub-021_ses01-to-ses02 seed=3 acc=0.7650 (ntr=160 nval=40 nte=200)
2026-06-09 02:22:50 | INFO    | train_session_alignment | [align] session_zscore         eegnet      single_sub-021_ses01-to-ses03 seed=3 acc=0.7700 (ntr=160 nval=40 nte=200)
2026-06-09 02:23:06 | INFO    | train_session_alignment | [align] session_zscore         eegnet      single_sub-021_ses02-to-ses01 seed=3 acc=0.7200 (ntr=160 nval=40 nte=200)
2026-06-09 02:23:21 | INFO    | train_session_alignment | [align] session_zscore         eegnet      single_sub-021_ses02-to-ses03 seed=3 acc=0.7100 (ntr=160 nval=40 nte=200)
2026-06-09 02:23:26 | INFO    | train_session_alignment | [align] session_zscore         eegnet      single_sub-021_ses03-to-ses01 seed=3 acc=0.5650 (ntr=160 nval=40 nte=200)
2026-06-09 02:23:32 | INFO    | train_session_alignment | [align] session_zscore         eegnet      single_sub-021_ses03-to-ses02 seed=3 acc=0.5300 (ntr=160 nval=40 nte=200)
2026-06-09 02:23:37 | INFO    | train_session_alignment | [align] session_zscore         eegnet      single_sub-022_ses01-to-ses02 seed=3 acc=0.5900 (ntr=160 nval=40 nte=200)
2026-06-09 02:23:42 | INFO    | train_session_alignment | [align] session_zscore         eegnet      single_sub-022_ses01-to-ses03 seed=3 acc=0.6100 (ntr=160 nval=40 nte=200)
2026-06-09 02:23:54 | INFO    | train_session_alignment | [align] session_zscore         eegnet      single_sub-022_ses02-to-ses01 seed=3 acc=0.5100 (ntr=160 nval=40 nte=200)
2026-06-09 02:24:06 | INFO    | train_session_alignment | [align] session_zscore         eegnet      single_sub-022_ses02-to-ses03 seed=3 acc=0.7550 (ntr=160 nval=40 nte=200)
2026-06-09 02:24:12 | INFO    | train_session_alignment | [align] session_zscore         eegnet      single_sub-022_ses03-to-ses01 seed=3 acc=0.6500 (ntr=160 nval=40 nte=200)
2026-06-09 02:24:17 | INFO    | train_session_alignment | [align] session_zscore         eegnet      single_sub-022_ses03-to-ses02 seed=3 acc=0.6650 (ntr=160 nval=40 nte=200)
2026-06-09 02:24:32 | INFO    | train_session_alignment | [align] session_zscore         eegnet      single_sub-023_ses02-to-ses03 seed=3 acc=0.8500 (ntr=160 nval=40 nte=200)
2026-06-09 02:24:43 | INFO    | train_session_alignment | [align] session_zscore         eegnet      single_sub-023_ses03-to-ses02 seed=3 acc=0.7350 (ntr=160 nval=40 nte=200)
2026-06-09 02:24:49 | INFO    | train_session_alignment | [align] session_zscore         eegnet      single_sub-025_ses01-to-ses02 seed=3 acc=0.8900 (ntr=160 nval=40 nte=200)
2026-06-09 02:24:54 | INFO    | train_session_alignment | [align] session_zscore         eegnet      single_sub-025_ses01-to-ses03 seed=3 acc=0.8250 (ntr=160 nval=40 nte=200)
2026-06-09 02:24:59 | INFO    | train_session_alignment | [align] session_zscore         eegnet      single_sub-025_ses02-to-ses01 seed=3 acc=0.8200 (ntr=160 nval=40 nte=200)
2026-06-09 02:25:03 | INFO    | train_session_alignment | [align] session_zscore         eegnet      single_sub-025_ses02-to-ses03 seed=3 acc=0.8200 (ntr=160 nval=40 nte=200)
2026-06-09 02:25:11 | INFO    | train_session_alignment | [align] session_zscore         eegnet      single_sub-025_ses03-to-ses01 seed=3 acc=0.7550 (ntr=160 nval=40 nte=200)
2026-06-09 02:25:19 | INFO    | train_session_alignment | [align] session_zscore         eegnet      single_sub-025_ses03-to-ses02 seed=3 acc=0.8600 (ntr=160 nval=40 nte=200)
2026-06-09 02:25:25 | INFO    | train_session_alignment | [align] session_zscore         eegnet      single_sub-026_ses02-to-ses03 seed=3 acc=0.9050 (ntr=160 nval=40 nte=200)
2026-06-09 02:25:32 | INFO    | train_session_alignment | [align] session_zscore         eegnet      single_sub-026_ses03-to-ses02 seed=3 acc=0.7650 (ntr=160 nval=40 nte=200)
2026-06-09 02:25:36 | INFO    | train_session_alignment | [align] session_zscore         eegnet      single_sub-027_ses01-to-ses02 seed=3 acc=0.5600 (ntr=160 nval=40 nte=200)
2026-06-09 02:25:41 | INFO    | train_session_alignment | [align] session_zscore         eegnet      single_sub-027_ses01-to-ses03 seed=3 acc=0.7650 (ntr=160 nval=40 nte=200)
2026-06-09 02:25:47 | INFO    | train_session_alignment | [align] session_zscore         eegnet      single_sub-027_ses02-to-ses01 seed=3 acc=0.6200 (ntr=160 nval=40 nte=200)
2026-06-09 02:25:53 | INFO    | train_session_alignment | [align] session_zscore         eegnet      single_sub-027_ses02-to-ses03 seed=3 acc=0.7650 (ntr=160 nval=40 nte=200)
2026-06-09 02:25:58 | INFO    | train_session_alignment | [align] session_zscore         eegnet      single_sub-027_ses03-to-ses01 seed=3 acc=0.7050 (ntr=160 nval=40 nte=200)
2026-06-09 02:26:04 | INFO    | train_session_alignment | [align] session_zscore         eegnet      single_sub-027_ses03-to-ses02 seed=3 acc=0.5550 (ntr=160 nval=40 nte=200)
2026-06-09 02:26:10 | INFO    | train_session_alignment | [align] session_zscore         eegnet      single_sub-028_ses01-to-ses02 seed=3 acc=0.7200 (ntr=160 nval=40 nte=200)
2026-06-09 02:26:15 | INFO    | train_session_alignment | [align] session_zscore         eegnet      single_sub-028_ses01-to-ses03 seed=3 acc=0.5650 (ntr=160 nval=40 nte=200)
2026-06-09 02:26:28 | INFO    | train_session_alignment | [align] session_zscore         eegnet      single_sub-028_ses02-to-ses01 seed=3 acc=0.8600 (ntr=160 nval=40 nte=200)
2026-06-09 02:26:41 | INFO    | train_session_alignment | [align] session_zscore         eegnet      single_sub-028_ses02-to-ses03 seed=3 acc=0.4400 (ntr=160 nval=40 nte=200)
2026-06-09 02:26:48 | INFO    | train_session_alignment | [align] session_zscore         eegnet      single_sub-028_ses03-to-ses01 seed=3 acc=0.5400 (ntr=160 nval=40 nte=200)
2026-06-09 02:26:54 | INFO    | train_session_alignment | [align] session_zscore         eegnet      single_sub-028_ses03-to-ses02 seed=3 acc=0.6300 (ntr=160 nval=40 nte=200)
2026-06-09 02:27:03 | INFO    | train_session_alignment | [align] session_zscore         eegnet      single_sub-029_ses01-to-ses02 seed=3 acc=0.4800 (ntr=160 nval=40 nte=200)
2026-06-09 02:27:11 | INFO    | train_session_alignment | [align] session_zscore         eegnet      single_sub-029_ses01-to-ses03 seed=3 acc=0.4900 (ntr=160 nval=40 nte=200)
2026-06-09 02:27:17 | INFO    | train_session_alignment | [align] session_zscore         eegnet      single_sub-029_ses02-to-ses01 seed=3 acc=0.3300 (ntr=160 nval=40 nte=200)
2026-06-09 02:27:22 | INFO    | train_session_alignment | [align] session_zscore         eegnet      single_sub-029_ses02-to-ses03 seed=3 acc=0.9050 (ntr=160 nval=40 nte=200)
2026-06-09 02:27:37 | INFO    | train_session_alignment | [align] session_zscore         eegnet      single_sub-029_ses03-to-ses01 seed=3 acc=0.3700 (ntr=160 nval=40 nte=200)
2026-06-09 02:27:52 | INFO    | train_session_alignment | [align] session_zscore         eegnet      single_sub-029_ses03-to-ses02 seed=3 acc=0.8850 (ntr=160 nval=40 nte=200)
2026-06-09 02:28:02 | INFO    | train_session_alignment | [align] session_zscore         eegnet      single_sub-030_ses01-to-ses02 seed=3 acc=0.8300 (ntr=160 nval=40 nte=200)
2026-06-09 02:28:12 | INFO    | train_session_alignment | [align] session_zscore         eegnet      single_sub-030_ses01-to-ses03 seed=3 acc=0.8650 (ntr=160 nval=40 nte=200)
2026-06-09 02:28:18 | INFO    | train_session_alignment | [align] session_zscore         eegnet      single_sub-030_ses02-to-ses01 seed=3 acc=0.5050 (ntr=160 nval=40 nte=200)
2026-06-09 02:28:23 | INFO    | train_session_alignment | [align] session_zscore         eegnet      single_sub-030_ses02-to-ses03 seed=3 acc=0.8500 (ntr=160 nval=40 nte=200)
2026-06-09 02:28:30 | INFO    | train_session_alignment | [align] session_zscore         eegnet      single_sub-030_ses03-to-ses01 seed=3 acc=0.5050 (ntr=160 nval=40 nte=200)
2026-06-09 02:28:37 | INFO    | train_session_alignment | [align] session_zscore         eegnet      single_sub-030_ses03-to-ses02 seed=3 acc=0.8250 (ntr=160 nval=40 nte=200)
2026-06-09 02:28:42 | INFO    | train_session_alignment | [align] session_zscore         eegnet      single_sub-031_ses01-to-ses02 seed=3 acc=0.6100 (ntr=160 nval=40 nte=200)
2026-06-09 02:28:47 | INFO    | train_session_alignment | [align] session_zscore         eegnet      single_sub-031_ses01-to-ses03 seed=3 acc=0.6600 (ntr=160 nval=40 nte=200)
2026-06-09 02:28:52 | INFO    | train_session_alignment | [align] session_zscore         eegnet      single_sub-031_ses02-to-ses01 seed=3 acc=0.7000 (ntr=160 nval=40 nte=200)
2026-06-09 02:28:57 | INFO    | train_session_alignment | [align] session_zscore         eegnet      single_sub-031_ses02-to-ses03 seed=3 acc=0.7800 (ntr=160 nval=40 nte=200)
2026-06-09 02:29:03 | INFO    | train_session_alignment | [align] session_zscore         eegnet      single_sub-031_ses03-to-ses01 seed=3 acc=0.6800 (ntr=160 nval=40 nte=200)
2026-06-09 02:29:08 | INFO    | train_session_alignment | [align] session_zscore         eegnet      single_sub-031_ses03-to-ses02 seed=3 acc=0.8000 (ntr=160 nval=40 nte=200)
2026-06-09 02:29:13 | INFO    | train_session_alignment | [align] session_zscore         eegnet      single_sub-032_ses01-to-ses03 seed=3 acc=0.6300 (ntr=160 nval=40 nte=200)
2026-06-09 02:29:18 | INFO    | train_session_alignment | [align] session_zscore         eegnet      single_sub-032_ses03-to-ses01 seed=3 acc=0.5900 (ntr=160 nval=40 nte=200)
2026-06-09 02:29:27 | INFO    | train_session_alignment | [align] session_zscore         eegnet      single_sub-033_ses01-to-ses02 seed=3 acc=0.9250 (ntr=160 nval=40 nte=200)
2026-06-09 02:29:36 | INFO    | train_session_alignment | [align] session_zscore         eegnet      single_sub-033_ses01-to-ses03 seed=3 acc=0.8850 (ntr=160 nval=40 nte=200)
2026-06-09 02:29:54 | INFO    | train_session_alignment | [align] session_zscore         eegnet      single_sub-033_ses02-to-ses01 seed=3 acc=0.8450 (ntr=160 nval=40 nte=200)
2026-06-09 02:30:12 | INFO    | train_session_alignment | [align] session_zscore         eegnet      single_sub-033_ses02-to-ses03 seed=3 acc=0.8800 (ntr=160 nval=40 nte=200)
2026-06-09 02:30:20 | INFO    | train_session_alignment | [align] session_zscore         eegnet      single_sub-033_ses03-to-ses01 seed=3 acc=0.8850 (ntr=160 nval=40 nte=200)
2026-06-09 02:30:28 | INFO    | train_session_alignment | [align] session_zscore         eegnet      single_sub-033_ses03-to-ses02 seed=3 acc=0.9000 (ntr=160 nval=40 nte=200)
2026-06-09 02:30:33 | INFO    | train_session_alignment | [align] session_zscore         eegnet      single_sub-034_ses01-to-ses02 seed=3 acc=0.8300 (ntr=160 nval=40 nte=200)
2026-06-09 02:30:39 | INFO    | train_session_alignment | [align] session_zscore         eegnet      single_sub-034_ses01-to-ses03 seed=3 acc=0.7200 (ntr=160 nval=40 nte=200)
2026-06-09 02:30:44 | INFO    | train_session_alignment | [align] session_zscore         eegnet      single_sub-034_ses02-to-ses01 seed=3 acc=0.6750 (ntr=160 nval=40 nte=200)
2026-06-09 02:30:49 | INFO    | train_session_alignment | [align] session_zscore         eegnet      single_sub-034_ses02-to-ses03 seed=3 acc=0.9100 (ntr=160 nval=40 nte=200)
2026-06-09 02:30:55 | INFO    | train_session_alignment | [align] session_zscore         eegnet      single_sub-034_ses03-to-ses01 seed=3 acc=0.7150 (ntr=160 nval=40 nte=200)
2026-06-09 02:31:02 | INFO    | train_session_alignment | [align] session_zscore         eegnet      single_sub-034_ses03-to-ses02 seed=3 acc=0.9250 (ntr=160 nval=40 nte=200)
2026-06-09 02:31:20 | INFO    | train_session_alignment | [align] session_zscore         eegnet      single_sub-035_ses01-to-ses02 seed=3 acc=0.9400 (ntr=160 nval=40 nte=200)
2026-06-09 02:31:38 | INFO    | train_session_alignment | [align] session_zscore         eegnet      single_sub-035_ses01-to-ses03 seed=3 acc=0.8850 (ntr=160 nval=40 nte=200)
2026-06-09 02:31:49 | INFO    | train_session_alignment | [align] session_zscore         eegnet      single_sub-035_ses02-to-ses01 seed=3 acc=0.9350 (ntr=160 nval=40 nte=200)
2026-06-09 02:32:01 | INFO    | train_session_alignment | [align] session_zscore         eegnet      single_sub-035_ses02-to-ses03 seed=3 acc=0.8650 (ntr=160 nval=40 nte=200)
2026-06-09 02:32:11 | INFO    | train_session_alignment | [align] session_zscore         eegnet      single_sub-035_ses03-to-ses01 seed=3 acc=0.9450 (ntr=160 nval=40 nte=200)
2026-06-09 02:32:21 | INFO    | train_session_alignment | [align] session_zscore         eegnet      single_sub-035_ses03-to-ses02 seed=3 acc=0.9150 (ntr=160 nval=40 nte=200)
2026-06-09 02:32:29 | INFO    | train_session_alignment | [align] session_zscore         eegnet      single_sub-036_ses01-to-ses02 seed=3 acc=0.8700 (ntr=160 nval=40 nte=200)
2026-06-09 02:32:37 | INFO    | train_session_alignment | [align] session_zscore         eegnet      single_sub-036_ses01-to-ses03 seed=3 acc=0.9150 (ntr=160 nval=40 nte=200)
2026-06-09 02:32:46 | INFO    | train_session_alignment | [align] session_zscore         eegnet      single_sub-036_ses02-to-ses01 seed=3 acc=0.8200 (ntr=160 nval=40 nte=200)
2026-06-09 02:32:54 | INFO    | train_session_alignment | [align] session_zscore         eegnet      single_sub-036_ses02-to-ses03 seed=3 acc=0.9650 (ntr=160 nval=40 nte=200)
2026-06-09 02:33:13 | INFO    | train_session_alignment | [align] session_zscore         eegnet      single_sub-036_ses03-to-ses01 seed=3 acc=0.7950 (ntr=160 nval=40 nte=200)
2026-06-09 02:33:31 | INFO    | train_session_alignment | [align] session_zscore         eegnet      single_sub-036_ses03-to-ses02 seed=3 acc=0.9150 (ntr=160 nval=40 nte=200)
2026-06-09 02:33:41 | INFO    | train_session_alignment | [align] session_zscore         eegnet      single_sub-037_ses01-to-ses02 seed=3 acc=0.8600 (ntr=160 nval=40 nte=200)
2026-06-09 02:33:52 | INFO    | train_session_alignment | [align] session_zscore         eegnet      single_sub-037_ses01-to-ses03 seed=3 acc=0.8400 (ntr=160 nval=40 nte=200)
2026-06-09 02:33:59 | INFO    | train_session_alignment | [align] session_zscore         eegnet      single_sub-037_ses02-to-ses01 seed=3 acc=0.8400 (ntr=160 nval=40 nte=200)
2026-06-09 02:34:06 | INFO    | train_session_alignment | [align] session_zscore         eegnet      single_sub-037_ses02-to-ses03 seed=3 acc=0.9200 (ntr=160 nval=40 nte=200)
2026-06-09 02:34:14 | INFO    | train_session_alignment | [align] session_zscore         eegnet      single_sub-037_ses03-to-ses01 seed=3 acc=0.8600 (ntr=160 nval=40 nte=200)
2026-06-09 02:34:21 | INFO    | train_session_alignment | [align] session_zscore         eegnet      single_sub-037_ses03-to-ses02 seed=3 acc=0.9250 (ntr=160 nval=40 nte=200)
2026-06-09 02:34:26 | INFO    | train_session_alignment | [align] session_zscore         eegnet      single_sub-038_ses01-to-ses02 seed=3 acc=0.5100 (ntr=160 nval=40 nte=200)
2026-06-09 02:34:30 | INFO    | train_session_alignment | [align] session_zscore         eegnet      single_sub-038_ses01-to-ses03 seed=3 acc=0.5250 (ntr=160 nval=40 nte=200)
2026-06-09 02:34:37 | INFO    | train_session_alignment | [align] session_zscore         eegnet      single_sub-038_ses02-to-ses01 seed=3 acc=0.5100 (ntr=160 nval=40 nte=200)
2026-06-09 02:34:43 | INFO    | train_session_alignment | [align] session_zscore         eegnet      single_sub-038_ses02-to-ses03 seed=3 acc=0.4800 (ntr=160 nval=40 nte=200)
2026-06-09 02:34:59 | INFO    | train_session_alignment | [align] session_zscore         eegnet      single_sub-038_ses03-to-ses01 seed=3 acc=0.5100 (ntr=160 nval=40 nte=200)
2026-06-09 02:35:16 | INFO    | train_session_alignment | [align] session_zscore         eegnet      single_sub-038_ses03-to-ses02 seed=3 acc=0.4400 (ntr=160 nval=40 nte=200)
2026-06-09 02:35:20 | INFO    | train_session_alignment | [align] session_zscore         eegnet      single_sub-039_ses01-to-ses02 seed=3 acc=0.3900 (ntr=160 nval=40 nte=200)
2026-06-09 02:35:25 | INFO    | train_session_alignment | [align] session_zscore         eegnet      single_sub-039_ses01-to-ses03 seed=3 acc=0.4950 (ntr=160 nval=40 nte=200)
2026-06-09 02:35:31 | INFO    | train_session_alignment | [align] session_zscore         eegnet      single_sub-039_ses02-to-ses01 seed=3 acc=0.4400 (ntr=160 nval=40 nte=200)
2026-06-09 02:35:38 | INFO    | train_session_alignment | [align] session_zscore         eegnet      single_sub-039_ses02-to-ses03 seed=3 acc=0.6550 (ntr=160 nval=40 nte=200)
2026-06-09 02:35:45 | INFO    | train_session_alignment | [align] session_zscore         eegnet      single_sub-039_ses03-to-ses01 seed=3 acc=0.4900 (ntr=160 nval=40 nte=200)
2026-06-09 02:35:52 | INFO    | train_session_alignment | [align] session_zscore         eegnet      single_sub-039_ses03-to-ses02 seed=3 acc=0.5300 (ntr=160 nval=40 nte=200)
2026-06-09 02:35:56 | INFO    | train_session_alignment | [align] session_zscore         eegnet      single_sub-040_ses01-to-ses02 seed=3 acc=0.5900 (ntr=160 nval=40 nte=200)
2026-06-09 02:36:00 | INFO    | train_session_alignment | [align] session_zscore         eegnet      single_sub-040_ses01-to-ses03 seed=3 acc=0.5800 (ntr=160 nval=40 nte=200)
2026-06-09 02:36:07 | INFO    | train_session_alignment | [align] session_zscore         eegnet      single_sub-040_ses02-to-ses01 seed=3 acc=0.6350 (ntr=160 nval=40 nte=200)
2026-06-09 02:36:13 | INFO    | train_session_alignment | [align] session_zscore         eegnet      single_sub-040_ses02-to-ses03 seed=3 acc=0.6750 (ntr=160 nval=40 nte=200)
2026-06-09 02:36:22 | INFO    | train_session_alignment | [align] session_zscore         eegnet      single_sub-040_ses03-to-ses01 seed=3 acc=0.6750 (ntr=160 nval=40 nte=200)
2026-06-09 02:36:31 | INFO    | train_session_alignment | [align] session_zscore         eegnet      single_sub-040_ses03-to-ses02 seed=3 acc=0.6200 (ntr=160 nval=40 nte=200)
2026-06-09 02:36:37 | INFO    | train_session_alignment | [align] session_zscore         eegnet      single_sub-041_ses01-to-ses02 seed=3 acc=0.7850 (ntr=160 nval=40 nte=200)
2026-06-09 02:36:43 | INFO    | train_session_alignment | [align] session_zscore         eegnet      single_sub-041_ses01-to-ses03 seed=3 acc=0.8350 (ntr=160 nval=40 nte=200)
2026-06-09 02:36:48 | INFO    | train_session_alignment | [align] session_zscore         eegnet      single_sub-041_ses02-to-ses01 seed=3 acc=0.8900 (ntr=160 nval=40 nte=200)
2026-06-09 02:36:53 | INFO    | train_session_alignment | [align] session_zscore         eegnet      single_sub-041_ses02-to-ses03 seed=3 acc=0.8850 (ntr=160 nval=40 nte=200)
2026-06-09 02:37:00 | INFO    | train_session_alignment | [align] session_zscore         eegnet      single_sub-041_ses03-to-ses01 seed=3 acc=0.8550 (ntr=160 nval=40 nte=200)
2026-06-09 02:37:06 | INFO    | train_session_alignment | [align] session_zscore         eegnet      single_sub-041_ses03-to-ses02 seed=3 acc=0.8350 (ntr=160 nval=40 nte=200)
2026-06-09 02:37:22 | INFO    | train_session_alignment | [align] session_zscore         eegnet      single_sub-042_ses01-to-ses02 seed=3 acc=0.7600 (ntr=160 nval=40 nte=200)
2026-06-09 02:37:37 | INFO    | train_session_alignment | [align] session_zscore         eegnet      single_sub-042_ses01-to-ses03 seed=3 acc=0.6500 (ntr=160 nval=40 nte=200)
2026-06-09 02:37:43 | INFO    | train_session_alignment | [align] session_zscore         eegnet      single_sub-042_ses02-to-ses01 seed=3 acc=0.6850 (ntr=160 nval=40 nte=200)
2026-06-09 02:37:48 | INFO    | train_session_alignment | [align] session_zscore         eegnet      single_sub-042_ses02-to-ses03 seed=3 acc=0.6000 (ntr=160 nval=40 nte=200)
2026-06-09 02:37:53 | INFO    | train_session_alignment | [align] session_zscore         eegnet      single_sub-042_ses03-to-ses01 seed=3 acc=0.4650 (ntr=160 nval=40 nte=200)
2026-06-09 02:37:57 | INFO    | train_session_alignment | [align] session_zscore         eegnet      single_sub-042_ses03-to-ses02 seed=3 acc=0.5450 (ntr=160 nval=40 nte=200)
2026-06-09 02:38:02 | INFO    | train_session_alignment | [align] session_zscore         eegnet      single_sub-043_ses01-to-ses02 seed=3 acc=0.8550 (ntr=160 nval=40 nte=200)
2026-06-09 02:38:07 | INFO    | train_session_alignment | [align] session_zscore         eegnet      single_sub-043_ses01-to-ses03 seed=3 acc=0.8650 (ntr=160 nval=40 nte=200)
2026-06-09 02:38:22 | INFO    | train_session_alignment | [align] session_zscore         eegnet      single_sub-043_ses02-to-ses01 seed=3 acc=0.9150 (ntr=160 nval=40 nte=200)
2026-06-09 02:38:37 | INFO    | train_session_alignment | [align] session_zscore         eegnet      single_sub-043_ses02-to-ses03 seed=3 acc=0.8950 (ntr=160 nval=40 nte=200)
2026-06-09 02:38:51 | INFO    | train_session_alignment | [align] session_zscore         eegnet      single_sub-043_ses03-to-ses01 seed=3 acc=0.9400 (ntr=160 nval=40 nte=200)
2026-06-09 02:39:04 | INFO    | train_session_alignment | [align] session_zscore         eegnet      single_sub-043_ses03-to-ses02 seed=3 acc=0.9350 (ntr=160 nval=40 nte=200)
2026-06-09 02:39:09 | INFO    | train_session_alignment | [align] session_zscore         eegnet      single_sub-044_ses01-to-ses02 seed=3 acc=0.5250 (ntr=160 nval=40 nte=200)
2026-06-09 02:39:13 | INFO    | train_session_alignment | [align] session_zscore         eegnet      single_sub-044_ses01-to-ses03 seed=3 acc=0.5650 (ntr=160 nval=40 nte=200)
2026-06-09 02:39:25 | INFO    | train_session_alignment | [align] session_zscore         eegnet      single_sub-044_ses02-to-ses01 seed=3 acc=0.6500 (ntr=160 nval=40 nte=200)
2026-06-09 02:39:37 | INFO    | train_session_alignment | [align] session_zscore         eegnet      single_sub-044_ses02-to-ses03 seed=3 acc=0.6900 (ntr=160 nval=40 nte=200)
2026-06-09 02:39:42 | INFO    | train_session_alignment | [align] session_zscore         eegnet      single_sub-044_ses03-to-ses01 seed=3 acc=0.6850 (ntr=160 nval=40 nte=200)
2026-06-09 02:39:47 | INFO    | train_session_alignment | [align] session_zscore         eegnet      single_sub-044_ses03-to-ses02 seed=3 acc=0.7250 (ntr=160 nval=40 nte=200)
2026-06-09 02:39:56 | INFO    | train_session_alignment | [align] session_zscore         eegnet      single_sub-045_ses01-to-ses02 seed=3 acc=0.7750 (ntr=160 nval=40 nte=200)
2026-06-09 02:40:05 | INFO    | train_session_alignment | [align] session_zscore         eegnet      single_sub-045_ses01-to-ses03 seed=3 acc=0.8350 (ntr=160 nval=40 nte=200)
2026-06-09 02:40:12 | INFO    | train_session_alignment | [align] session_zscore         eegnet      single_sub-045_ses02-to-ses01 seed=3 acc=0.7700 (ntr=160 nval=40 nte=200)
2026-06-09 02:40:19 | INFO    | train_session_alignment | [align] session_zscore         eegnet      single_sub-045_ses02-to-ses03 seed=3 acc=0.7750 (ntr=160 nval=40 nte=200)
2026-06-09 02:40:27 | INFO    | train_session_alignment | [align] session_zscore         eegnet      single_sub-045_ses03-to-ses01 seed=3 acc=0.7650 (ntr=160 nval=40 nte=200)
2026-06-09 02:40:35 | INFO    | train_session_alignment | [align] session_zscore         eegnet      single_sub-045_ses03-to-ses02 seed=3 acc=0.8200 (ntr=160 nval=40 nte=200)
2026-06-09 02:40:53 | INFO    | train_session_alignment | [align] session_zscore         eegnet      single_sub-046_ses01-to-ses02 seed=3 acc=0.9850 (ntr=160 nval=40 nte=200)
2026-06-09 02:41:11 | INFO    | train_session_alignment | [align] session_zscore         eegnet      single_sub-046_ses01-to-ses03 seed=3 acc=0.9400 (ntr=160 nval=40 nte=200)
2026-06-09 02:41:29 | INFO    | train_session_alignment | [align] session_zscore         eegnet      single_sub-046_ses02-to-ses01 seed=3 acc=0.9750 (ntr=160 nval=40 nte=200)
2026-06-09 02:41:47 | INFO    | train_session_alignment | [align] session_zscore         eegnet      single_sub-046_ses02-to-ses03 seed=3 acc=0.9200 (ntr=160 nval=40 nte=200)
2026-06-09 02:41:55 | INFO    | train_session_alignment | [align] session_zscore         eegnet      single_sub-046_ses03-to-ses01 seed=3 acc=0.9700 (ntr=160 nval=40 nte=200)
2026-06-09 02:42:03 | INFO    | train_session_alignment | [align] session_zscore         eegnet      single_sub-046_ses03-to-ses02 seed=3 acc=0.9550 (ntr=160 nval=40 nte=200)
2026-06-09 02:42:09 | INFO    | train_session_alignment | [align] session_zscore         eegnet      single_sub-047_ses01-to-ses02 seed=3 acc=0.7450 (ntr=160 nval=40 nte=200)
2026-06-09 02:42:14 | INFO    | train_session_alignment | [align] session_zscore         eegnet      single_sub-047_ses01-to-ses03 seed=3 acc=0.7350 (ntr=160 nval=40 nte=200)
2026-06-09 02:42:28 | INFO    | train_session_alignment | [align] session_zscore         eegnet      single_sub-047_ses02-to-ses01 seed=3 acc=0.8200 (ntr=160 nval=40 nte=200)
2026-06-09 02:42:42 | INFO    | train_session_alignment | [align] session_zscore         eegnet      single_sub-047_ses02-to-ses03 seed=3 acc=0.7550 (ntr=160 nval=40 nte=200)
2026-06-09 02:42:54 | INFO    | train_session_alignment | [align] session_zscore         eegnet      single_sub-047_ses03-to-ses01 seed=3 acc=0.7750 (ntr=160 nval=40 nte=200)
2026-06-09 02:43:05 | INFO    | train_session_alignment | [align] session_zscore         eegnet      single_sub-047_ses03-to-ses02 seed=3 acc=0.7600 (ntr=160 nval=40 nte=200)
2026-06-09 02:43:10 | INFO    | train_session_alignment | [align] session_zscore         eegnet      single_sub-048_ses01-to-ses02 seed=3 acc=0.7700 (ntr=160 nval=40 nte=200)
2026-06-09 02:43:15 | INFO    | train_session_alignment | [align] session_zscore         eegnet      single_sub-048_ses01-to-ses03 seed=3 acc=0.7650 (ntr=160 nval=40 nte=200)
2026-06-09 02:43:28 | INFO    | train_session_alignment | [align] session_zscore         eegnet      single_sub-048_ses02-to-ses01 seed=3 acc=0.8000 (ntr=160 nval=40 nte=200)
2026-06-09 02:43:41 | INFO    | train_session_alignment | [align] session_zscore         eegnet      single_sub-048_ses02-to-ses03 seed=3 acc=0.7600 (ntr=160 nval=40 nte=200)
2026-06-09 02:43:46 | INFO    | train_session_alignment | [align] session_zscore         eegnet      single_sub-048_ses03-to-ses01 seed=3 acc=0.7950 (ntr=160 nval=40 nte=200)
2026-06-09 02:43:52 | INFO    | train_session_alignment | [align] session_zscore         eegnet      single_sub-048_ses03-to-ses02 seed=3 acc=0.8000 (ntr=160 nval=40 nte=200)
2026-06-09 02:43:59 | INFO    | train_session_alignment | [align] session_zscore         eegnet      single_sub-049_ses01-to-ses02 seed=3 acc=0.6300 (ntr=160 nval=40 nte=200)
2026-06-09 02:44:07 | INFO    | train_session_alignment | [align] session_zscore         eegnet      single_sub-049_ses01-to-ses03 seed=3 acc=0.6900 (ntr=160 nval=40 nte=200)
2026-06-09 02:44:15 | INFO    | train_session_alignment | [align] session_zscore         eegnet      single_sub-049_ses02-to-ses01 seed=3 acc=0.9200 (ntr=160 nval=40 nte=200)
2026-06-09 02:44:24 | INFO    | train_session_alignment | [align] session_zscore         eegnet      single_sub-049_ses02-to-ses03 seed=3 acc=0.8550 (ntr=160 nval=40 nte=200)
2026-06-09 02:44:38 | INFO    | train_session_alignment | [align] session_zscore         eegnet      single_sub-049_ses03-to-ses01 seed=3 acc=0.7600 (ntr=160 nval=40 nte=200)
2026-06-09 02:44:52 | INFO    | train_session_alignment | [align] session_zscore         eegnet      single_sub-049_ses03-to-ses02 seed=3 acc=0.6700 (ntr=160 nval=40 nte=200)
2026-06-09 02:44:58 | INFO    | train_session_alignment | [align] session_zscore         eegnet      single_sub-050_ses01-to-ses02 seed=3 acc=0.9450 (ntr=160 nval=40 nte=200)
2026-06-09 02:45:05 | INFO    | train_session_alignment | [align] session_zscore         eegnet      single_sub-050_ses01-to-ses03 seed=3 acc=0.9250 (ntr=160 nval=40 nte=200)
2026-06-09 02:45:13 | INFO    | train_session_alignment | [align] session_zscore         eegnet      single_sub-050_ses02-to-ses01 seed=3 acc=0.8000 (ntr=160 nval=40 nte=200)
2026-06-09 02:45:21 | INFO    | train_session_alignment | [align] session_zscore         eegnet      single_sub-050_ses02-to-ses03 seed=3 acc=0.9350 (ntr=160 nval=40 nte=200)
2026-06-09 02:45:39 | INFO    | train_session_alignment | [align] session_zscore         eegnet      single_sub-050_ses03-to-ses01 seed=3 acc=0.7600 (ntr=160 nval=40 nte=200)
2026-06-09 02:45:57 | INFO    | train_session_alignment | [align] session_zscore         eegnet      single_sub-050_ses03-to-ses02 seed=3 acc=0.9150 (ntr=160 nval=40 nte=200)
2026-06-09 02:46:06 | INFO    | train_session_alignment | [align] session_zscore         eegnet      single_sub-051_ses01-to-ses02 seed=3 acc=0.6400 (ntr=160 nval=40 nte=200)
2026-06-09 02:46:15 | INFO    | train_session_alignment | [align] session_zscore         eegnet      single_sub-051_ses01-to-ses03 seed=3 acc=0.8550 (ntr=160 nval=40 nte=200)
2026-06-09 02:46:21 | INFO    | train_session_alignment | [align] session_zscore         eegnet      single_sub-051_ses02-to-ses01 seed=3 acc=0.7250 (ntr=160 nval=40 nte=200)
2026-06-09 02:46:26 | INFO    | train_session_alignment | [align] session_zscore         eegnet      single_sub-051_ses02-to-ses03 seed=3 acc=0.7950 (ntr=160 nval=40 nte=200)
2026-06-09 02:46:31 | INFO    | train_session_alignment | [align] session_zscore         eegnet      single_sub-051_ses03-to-ses01 seed=3 acc=0.7700 (ntr=160 nval=40 nte=200)
2026-06-09 02:46:37 | INFO    | train_session_alignment | [align] session_zscore         eegnet      single_sub-051_ses03-to-ses02 seed=3 acc=0.7000 (ntr=160 nval=40 nte=200)
2026-06-09 02:46:51 | INFO    | train_session_alignment | [align] session_zscore         eegnet      multi_sub-001_ses01ses02-to-ses03 seed=3 acc=0.9700 (ntr=320 nval=80 nte=200)
2026-06-09 02:46:57 | INFO    | train_session_alignment | [align] session_zscore         eegnet      multi_sub-002_ses01ses02-to-ses03 seed=3 acc=0.6300 (ntr=320 nval=80 nte=200)
2026-06-09 02:47:09 | INFO    | train_session_alignment | [align] session_zscore         eegnet      multi_sub-003_ses01ses02-to-ses03 seed=3 acc=0.8900 (ntr=320 nval=80 nte=200)
2026-06-09 02:47:15 | INFO    | train_session_alignment | [align] session_zscore         eegnet      multi_sub-004_ses01ses02-to-ses03 seed=3 acc=0.5500 (ntr=320 nval=80 nte=200)
2026-06-09 02:47:28 | INFO    | train_session_alignment | [align] session_zscore         eegnet      multi_sub-005_ses01ses02-to-ses03 seed=3 acc=0.7350 (ntr=320 nval=80 nte=200)
2026-06-09 02:47:37 | INFO    | train_session_alignment | [align] session_zscore         eegnet      multi_sub-006_ses01ses02-to-ses03 seed=3 acc=0.9300 (ntr=320 nval=80 nte=200)
2026-06-09 02:47:44 | INFO    | train_session_alignment | [align] session_zscore         eegnet      multi_sub-007_ses01ses02-to-ses03 seed=3 acc=0.8800 (ntr=320 nval=80 nte=200)
2026-06-09 02:47:52 | INFO    | train_session_alignment | [align] session_zscore         eegnet      multi_sub-008_ses01ses02-to-ses03 seed=3 acc=0.8100 (ntr=320 nval=80 nte=200)
2026-06-09 02:47:59 | INFO    | train_session_alignment | [align] session_zscore         eegnet      multi_sub-009_ses01ses02-to-ses03 seed=3 acc=0.6450 (ntr=320 nval=80 nte=200)
2026-06-09 02:48:06 | INFO    | train_session_alignment | [align] session_zscore         eegnet      multi_sub-010_ses01ses02-to-ses03 seed=3 acc=0.5800 (ntr=320 nval=80 nte=200)
2026-06-09 02:48:13 | INFO    | train_session_alignment | [align] session_zscore         eegnet      multi_sub-011_ses01ses02-to-ses03 seed=3 acc=0.9600 (ntr=320 nval=80 nte=200)
2026-06-09 02:48:19 | INFO    | train_session_alignment | [align] session_zscore         eegnet      multi_sub-012_ses01ses02-to-ses03 seed=3 acc=0.4700 (ntr=320 nval=80 nte=200)
2026-06-09 02:48:25 | INFO    | train_session_alignment | [align] session_zscore         eegnet      multi_sub-013_ses01ses02-to-ses03 seed=3 acc=0.7250 (ntr=320 nval=80 nte=200)
2026-06-09 02:48:30 | INFO    | train_session_alignment | [align] session_zscore         eegnet      multi_sub-014_ses01ses02-to-ses03 seed=3 acc=0.5150 (ntr=320 nval=80 nte=200)
2026-06-09 02:48:40 | INFO    | train_session_alignment | [align] session_zscore         eegnet      multi_sub-015_ses01ses02-to-ses03 seed=3 acc=0.6550 (ntr=320 nval=80 nte=200)
2026-06-09 02:48:46 | INFO    | train_session_alignment | [align] session_zscore         eegnet      multi_sub-016_ses01ses02-to-ses03 seed=3 acc=0.5650 (ntr=320 nval=80 nte=200)
2026-06-09 02:48:55 | INFO    | train_session_alignment | [align] session_zscore         eegnet      multi_sub-017_ses01ses02-to-ses03 seed=3 acc=0.7650 (ntr=320 nval=80 nte=200)
2026-06-09 02:49:01 | INFO    | train_session_alignment | [align] session_zscore         eegnet      multi_sub-018_ses01ses02-to-ses03 seed=3 acc=0.5850 (ntr=320 nval=80 nte=200)
2026-06-09 02:49:06 | INFO    | train_session_alignment | [align] session_zscore         eegnet      multi_sub-019_ses01ses02-to-ses03 seed=3 acc=0.7500 (ntr=320 nval=80 nte=200)
2026-06-09 02:49:18 | INFO    | train_session_alignment | [align] session_zscore         eegnet      multi_sub-020_ses01ses02-to-ses03 seed=3 acc=0.5400 (ntr=320 nval=80 nte=200)
2026-06-09 02:49:27 | INFO    | train_session_alignment | [align] session_zscore         eegnet      multi_sub-021_ses01ses02-to-ses03 seed=3 acc=0.7150 (ntr=320 nval=80 nte=200)
2026-06-09 02:49:37 | INFO    | train_session_alignment | [align] session_zscore         eegnet      multi_sub-022_ses01ses02-to-ses03 seed=3 acc=0.7550 (ntr=320 nval=80 nte=200)
2026-06-09 02:49:43 | INFO    | train_session_alignment | [align] session_zscore         eegnet      multi_sub-025_ses01ses02-to-ses03 seed=3 acc=0.8500 (ntr=320 nval=80 nte=200)
2026-06-09 02:49:51 | INFO    | train_session_alignment | [align] session_zscore         eegnet      multi_sub-027_ses01ses02-to-ses03 seed=3 acc=0.8500 (ntr=320 nval=80 nte=200)
2026-06-09 02:50:00 | INFO    | train_session_alignment | [align] session_zscore         eegnet      multi_sub-028_ses01ses02-to-ses03 seed=3 acc=0.4800 (ntr=320 nval=80 nte=200)
2026-06-09 02:50:18 | INFO    | train_session_alignment | [align] session_zscore         eegnet      multi_sub-029_ses01ses02-to-ses03 seed=3 acc=0.7550 (ntr=320 nval=80 nte=200)
2026-06-09 02:50:37 | INFO    | train_session_alignment | [align] session_zscore         eegnet      multi_sub-030_ses01ses02-to-ses03 seed=3 acc=0.6100 (ntr=320 nval=80 nte=200)
2026-06-09 02:50:47 | INFO    | train_session_alignment | [align] session_zscore         eegnet      multi_sub-031_ses01ses02-to-ses03 seed=3 acc=0.7050 (ntr=320 nval=80 nte=200)
2026-06-09 02:51:08 | INFO    | train_session_alignment | [align] session_zscore         eegnet      multi_sub-033_ses01ses02-to-ses03 seed=3 acc=0.9500 (ntr=320 nval=80 nte=200)
2026-06-09 02:51:15 | INFO    | train_session_alignment | [align] session_zscore         eegnet      multi_sub-034_ses01ses02-to-ses03 seed=3 acc=0.8550 (ntr=320 nval=80 nte=200)
2026-06-09 02:51:36 | INFO    | train_session_alignment | [align] session_zscore         eegnet      multi_sub-035_ses01ses02-to-ses03 seed=3 acc=0.9450 (ntr=320 nval=80 nte=200)
2026-06-09 02:51:50 | INFO    | train_session_alignment | [align] session_zscore         eegnet      multi_sub-036_ses01ses02-to-ses03 seed=3 acc=0.9850 (ntr=320 nval=80 nte=200)
2026-06-09 02:51:57 | INFO    | train_session_alignment | [align] session_zscore         eegnet      multi_sub-037_ses01ses02-to-ses03 seed=3 acc=0.9150 (ntr=320 nval=80 nte=200)
2026-06-09 02:52:07 | INFO    | train_session_alignment | [align] session_zscore         eegnet      multi_sub-038_ses01ses02-to-ses03 seed=3 acc=0.4800 (ntr=320 nval=80 nte=200)
2026-06-09 02:52:14 | INFO    | train_session_alignment | [align] session_zscore         eegnet      multi_sub-039_ses01ses02-to-ses03 seed=3 acc=0.4350 (ntr=320 nval=80 nte=200)
2026-06-09 02:52:22 | INFO    | train_session_alignment | [align] session_zscore         eegnet      multi_sub-040_ses01ses02-to-ses03 seed=3 acc=0.7800 (ntr=320 nval=80 nte=200)
2026-06-09 02:52:30 | INFO    | train_session_alignment | [align] session_zscore         eegnet      multi_sub-041_ses01ses02-to-ses03 seed=3 acc=0.9000 (ntr=320 nval=80 nte=200)
2026-06-09 02:52:40 | INFO    | train_session_alignment | [align] session_zscore         eegnet      multi_sub-042_ses01ses02-to-ses03 seed=3 acc=0.6600 (ntr=320 nval=80 nte=200)
2026-06-09 02:52:47 | INFO    | train_session_alignment | [align] session_zscore         eegnet      multi_sub-043_ses01ses02-to-ses03 seed=3 acc=0.9250 (ntr=320 nval=80 nte=200)
2026-06-09 02:52:54 | INFO    | train_session_alignment | [align] session_zscore         eegnet      multi_sub-044_ses01ses02-to-ses03 seed=3 acc=0.7550 (ntr=320 nval=80 nte=200)
2026-06-09 02:53:01 | INFO    | train_session_alignment | [align] session_zscore         eegnet      multi_sub-045_ses01ses02-to-ses03 seed=3 acc=0.8750 (ntr=320 nval=80 nte=200)
2026-06-09 02:53:17 | INFO    | train_session_alignment | [align] session_zscore         eegnet      multi_sub-046_ses01ses02-to-ses03 seed=3 acc=0.9550 (ntr=320 nval=80 nte=200)
2026-06-09 02:53:27 | INFO    | train_session_alignment | [align] session_zscore         eegnet      multi_sub-047_ses01ses02-to-ses03 seed=3 acc=0.8550 (ntr=320 nval=80 nte=200)
2026-06-09 02:53:35 | INFO    | train_session_alignment | [align] session_zscore         eegnet      multi_sub-048_ses01ses02-to-ses03 seed=3 acc=0.8000 (ntr=320 nval=80 nte=200)
2026-06-09 02:53:47 | INFO    | train_session_alignment | [align] session_zscore         eegnet      multi_sub-049_ses01ses02-to-ses03 seed=3 acc=0.8800 (ntr=320 nval=80 nte=200)
2026-06-09 02:53:56 | INFO    | train_session_alignment | [align] session_zscore         eegnet      multi_sub-050_ses01ses02-to-ses03 seed=3 acc=0.9450 (ntr=320 nval=80 nte=200)
2026-06-09 02:54:06 | INFO    | train_session_alignment | [align] session_zscore         eegnet      multi_sub-051_ses01ses02-to-ses03 seed=3 acc=0.8650 (ntr=320 nval=80 nte=200)
2026-06-09 02:54:06 | INFO    | train_session_alignment | ALL DONE in 2871.7s | rows=335 ok=335 failed=0 | out=/share/home/yuan/SYX/eeg-mi-online/outputs/experiments/alignment_baseline_v1
Done: Tue Jun  9 02:54:07 CST 2026
