Project: /share/home/yuan/SYX/eeg-mi-online
Env    : mi_torch_cu118
Args   : --methods riemannian_alignment --models eegnet --seeds 4 --protocols single,multi --tag-suffix riemannian_alignment_eegnet_s4
Node   : gpu01 | Start: Tue Jun  9 08:43:02 CST 2026
Tue Jun  9 08:43:04 2026       
+-----------------------------------------------------------------------------------------+
| NVIDIA-SMI 570.153.02             Driver Version: 570.153.02     CUDA Version: 12.8     |
|-----------------------------------------+------------------------+----------------------+
| GPU  Name                 Persistence-M | Bus-Id          Disp.A | Volatile Uncorr. ECC |
| Fan  Temp   Perf          Pwr:Usage/Cap |           Memory-Usage | GPU-Util  Compute M. |
|                                         |                        |               MIG M. |
|=========================================+========================+======================|
|   0  NVIDIA GeForce RTX 4090 D      On  |   00000000:61:00.0 Off |                  Off |
| 30%   38C    P0             56W /  425W |       1MiB /  24564MiB |      0%      Default |
|                                         |                        |                  N/A |
+-----------------------------------------+------------------------+----------------------+
                                                                                         
+-----------------------------------------------------------------------------------------+
| Processes:                                                                              |
|  GPU   GI   CI              PID   Type   Process name                        GPU Memory |
|        ID   ID                                                               Usage      |
|=========================================================================================|
|  No running processes found                                                             |
+-----------------------------------------------------------------------------------------+
[cuda-check] torch=2.7.1+cu118 cuda_build=11.8 cuda_avail=True
2026-06-09 08:43:07 | INFO    | train_session_alignment | device=cuda | cuda={'torch': '2.7.1+cu118', 'cuda_build': '11.8', 'cuda_available': True, 'device': 'cuda', 'device_name': 'NVIDIA GeForce RTX 4090 D'}
2026-06-09 08:43:07 | INFO    | train_session_alignment | loaded 148 ok sessions | methods=['riemannian_alignment'] | models=['eegnet'] | seeds=[4] | groups=['single', 'multi'] | tasks=335
2026-06-09 08:43:16 | INFO    | train_session_alignment | [align] riemannian_alignment   eegnet      single_sub-001_ses01-to-ses02 seed=4 acc=0.7150 (ntr=160 nval=40 nte=200)
2026-06-09 08:43:23 | INFO    | train_session_alignment | [align] riemannian_alignment   eegnet      single_sub-001_ses01-to-ses03 seed=4 acc=0.8200 (ntr=160 nval=40 nte=200)
2026-06-09 08:43:40 | INFO    | train_session_alignment | [align] riemannian_alignment   eegnet      single_sub-001_ses02-to-ses01 seed=4 acc=0.7750 (ntr=160 nval=40 nte=200)
2026-06-09 08:43:57 | INFO    | train_session_alignment | [align] riemannian_alignment   eegnet      single_sub-001_ses02-to-ses03 seed=4 acc=0.9850 (ntr=160 nval=40 nte=200)
2026-06-09 08:44:14 | INFO    | train_session_alignment | [align] riemannian_alignment   eegnet      single_sub-001_ses03-to-ses01 seed=4 acc=0.8350 (ntr=160 nval=40 nte=200)
2026-06-09 08:44:31 | INFO    | train_session_alignment | [align] riemannian_alignment   eegnet      single_sub-001_ses03-to-ses02 seed=4 acc=0.9100 (ntr=160 nval=40 nte=200)
2026-06-09 08:44:36 | INFO    | train_session_alignment | [align] riemannian_alignment   eegnet      single_sub-002_ses01-to-ses02 seed=4 acc=0.5600 (ntr=160 nval=40 nte=200)
2026-06-09 08:44:40 | INFO    | train_session_alignment | [align] riemannian_alignment   eegnet      single_sub-002_ses01-to-ses03 seed=4 acc=0.5650 (ntr=160 nval=40 nte=200)
2026-06-09 08:44:46 | INFO    | train_session_alignment | [align] riemannian_alignment   eegnet      single_sub-002_ses02-to-ses01 seed=4 acc=0.5500 (ntr=160 nval=40 nte=200)
2026-06-09 08:44:52 | INFO    | train_session_alignment | [align] riemannian_alignment   eegnet      single_sub-002_ses02-to-ses03 seed=4 acc=0.6700 (ntr=160 nval=40 nte=200)
2026-06-09 08:45:01 | INFO    | train_session_alignment | [align] riemannian_alignment   eegnet      single_sub-002_ses03-to-ses01 seed=4 acc=0.6300 (ntr=160 nval=40 nte=200)
2026-06-09 08:45:09 | INFO    | train_session_alignment | [align] riemannian_alignment   eegnet      single_sub-002_ses03-to-ses02 seed=4 acc=0.6450 (ntr=160 nval=40 nte=200)
2026-06-09 08:45:17 | INFO    | train_session_alignment | [align] riemannian_alignment   eegnet      single_sub-003_ses01-to-ses02 seed=4 acc=0.7650 (ntr=160 nval=40 nte=200)
2026-06-09 08:45:25 | INFO    | train_session_alignment | [align] riemannian_alignment   eegnet      single_sub-003_ses01-to-ses03 seed=4 acc=0.8100 (ntr=160 nval=40 nte=200)
2026-06-09 08:45:42 | INFO    | train_session_alignment | [align] riemannian_alignment   eegnet      single_sub-003_ses02-to-ses01 seed=4 acc=0.7350 (ntr=160 nval=40 nte=200)
2026-06-09 08:45:59 | INFO    | train_session_alignment | [align] riemannian_alignment   eegnet      single_sub-003_ses02-to-ses03 seed=4 acc=0.7550 (ntr=160 nval=40 nte=200)
2026-06-09 08:46:16 | INFO    | train_session_alignment | [align] riemannian_alignment   eegnet      single_sub-003_ses03-to-ses01 seed=4 acc=0.5300 (ntr=160 nval=40 nte=200)
2026-06-09 08:46:33 | INFO    | train_session_alignment | [align] riemannian_alignment   eegnet      single_sub-003_ses03-to-ses02 seed=4 acc=0.5900 (ntr=160 nval=40 nte=200)
2026-06-09 08:46:38 | INFO    | train_session_alignment | [align] riemannian_alignment   eegnet      single_sub-004_ses01-to-ses02 seed=4 acc=0.5300 (ntr=160 nval=40 nte=200)
2026-06-09 08:46:43 | INFO    | train_session_alignment | [align] riemannian_alignment   eegnet      single_sub-004_ses01-to-ses03 seed=4 acc=0.4650 (ntr=160 nval=40 nte=200)
2026-06-09 08:46:48 | INFO    | train_session_alignment | [align] riemannian_alignment   eegnet      single_sub-004_ses02-to-ses01 seed=4 acc=0.4250 (ntr=160 nval=40 nte=200)
2026-06-09 08:46:53 | INFO    | train_session_alignment | [align] riemannian_alignment   eegnet      single_sub-004_ses02-to-ses03 seed=4 acc=0.5000 (ntr=160 nval=40 nte=200)
2026-06-09 08:46:58 | INFO    | train_session_alignment | [align] riemannian_alignment   eegnet      single_sub-004_ses03-to-ses01 seed=4 acc=0.4800 (ntr=160 nval=40 nte=200)
2026-06-09 08:47:03 | INFO    | train_session_alignment | [align] riemannian_alignment   eegnet      single_sub-004_ses03-to-ses02 seed=4 acc=0.5400 (ntr=160 nval=40 nte=200)
2026-06-09 08:47:12 | INFO    | train_session_alignment | [align] riemannian_alignment   eegnet      single_sub-005_ses01-to-ses02 seed=4 acc=0.8950 (ntr=160 nval=40 nte=200)
2026-06-09 08:47:21 | INFO    | train_session_alignment | [align] riemannian_alignment   eegnet      single_sub-005_ses01-to-ses03 seed=4 acc=0.7000 (ntr=160 nval=40 nte=200)
2026-06-09 08:47:27 | INFO    | train_session_alignment | [align] riemannian_alignment   eegnet      single_sub-005_ses02-to-ses01 seed=4 acc=0.8050 (ntr=160 nval=40 nte=200)
2026-06-09 08:47:33 | INFO    | train_session_alignment | [align] riemannian_alignment   eegnet      single_sub-005_ses02-to-ses03 seed=4 acc=0.6350 (ntr=160 nval=40 nte=200)
2026-06-09 08:47:38 | INFO    | train_session_alignment | [align] riemannian_alignment   eegnet      single_sub-005_ses03-to-ses01 seed=4 acc=0.4800 (ntr=160 nval=40 nte=200)
2026-06-09 08:47:43 | INFO    | train_session_alignment | [align] riemannian_alignment   eegnet      single_sub-005_ses03-to-ses02 seed=4 acc=0.5150 (ntr=160 nval=40 nte=200)
2026-06-09 08:47:52 | INFO    | train_session_alignment | [align] riemannian_alignment   eegnet      single_sub-006_ses01-to-ses02 seed=4 acc=0.9500 (ntr=160 nval=40 nte=200)
2026-06-09 08:48:01 | INFO    | train_session_alignment | [align] riemannian_alignment   eegnet      single_sub-006_ses01-to-ses03 seed=4 acc=0.9400 (ntr=160 nval=40 nte=200)
2026-06-09 08:48:17 | INFO    | train_session_alignment | [align] riemannian_alignment   eegnet      single_sub-006_ses02-to-ses01 seed=4 acc=0.8250 (ntr=160 nval=40 nte=200)
2026-06-09 08:48:32 | INFO    | train_session_alignment | [align] riemannian_alignment   eegnet      single_sub-006_ses02-to-ses03 seed=4 acc=0.8150 (ntr=160 nval=40 nte=200)
2026-06-09 08:48:49 | INFO    | train_session_alignment | [align] riemannian_alignment   eegnet      single_sub-006_ses03-to-ses01 seed=4 acc=0.8900 (ntr=160 nval=40 nte=200)
2026-06-09 08:49:06 | INFO    | train_session_alignment | [align] riemannian_alignment   eegnet      single_sub-006_ses03-to-ses02 seed=4 acc=0.9300 (ntr=160 nval=40 nte=200)
2026-06-09 08:49:11 | INFO    | train_session_alignment | [align] riemannian_alignment   eegnet      single_sub-007_ses01-to-ses02 seed=4 acc=0.6300 (ntr=160 nval=40 nte=200)
2026-06-09 08:49:17 | INFO    | train_session_alignment | [align] riemannian_alignment   eegnet      single_sub-007_ses01-to-ses03 seed=4 acc=0.6850 (ntr=160 nval=40 nte=200)
2026-06-09 08:49:23 | INFO    | train_session_alignment | [align] riemannian_alignment   eegnet      single_sub-007_ses02-to-ses01 seed=4 acc=0.6450 (ntr=160 nval=40 nte=200)
2026-06-09 08:49:29 | INFO    | train_session_alignment | [align] riemannian_alignment   eegnet      single_sub-007_ses02-to-ses03 seed=4 acc=0.7800 (ntr=160 nval=40 nte=200)
2026-06-09 08:49:35 | INFO    | train_session_alignment | [align] riemannian_alignment   eegnet      single_sub-007_ses03-to-ses01 seed=4 acc=0.6700 (ntr=160 nval=40 nte=200)
2026-06-09 08:49:41 | INFO    | train_session_alignment | [align] riemannian_alignment   eegnet      single_sub-007_ses03-to-ses02 seed=4 acc=0.7800 (ntr=160 nval=40 nte=200)
2026-06-09 08:49:57 | INFO    | train_session_alignment | [align] riemannian_alignment   eegnet      single_sub-008_ses01-to-ses02 seed=4 acc=0.6750 (ntr=160 nval=40 nte=200)
2026-06-09 08:50:12 | INFO    | train_session_alignment | [align] riemannian_alignment   eegnet      single_sub-008_ses01-to-ses03 seed=4 acc=0.6750 (ntr=160 nval=40 nte=200)
2026-06-09 08:50:25 | INFO    | train_session_alignment | [align] riemannian_alignment   eegnet      single_sub-008_ses02-to-ses01 seed=4 acc=0.7150 (ntr=160 nval=40 nte=200)
2026-06-09 08:50:37 | INFO    | train_session_alignment | [align] riemannian_alignment   eegnet      single_sub-008_ses02-to-ses03 seed=4 acc=0.8600 (ntr=160 nval=40 nte=200)
2026-06-09 08:50:54 | INFO    | train_session_alignment | [align] riemannian_alignment   eegnet      single_sub-008_ses03-to-ses01 seed=4 acc=0.6450 (ntr=160 nval=40 nte=200)
2026-06-09 08:51:11 | INFO    | train_session_alignment | [align] riemannian_alignment   eegnet      single_sub-008_ses03-to-ses02 seed=4 acc=0.8000 (ntr=160 nval=40 nte=200)
2026-06-09 08:51:18 | INFO    | train_session_alignment | [align] riemannian_alignment   eegnet      single_sub-009_ses01-to-ses02 seed=4 acc=0.7250 (ntr=160 nval=40 nte=200)
2026-06-09 08:51:24 | INFO    | train_session_alignment | [align] riemannian_alignment   eegnet      single_sub-009_ses01-to-ses03 seed=4 acc=0.6200 (ntr=160 nval=40 nte=200)
2026-06-09 08:51:30 | INFO    | train_session_alignment | [align] riemannian_alignment   eegnet      single_sub-009_ses02-to-ses01 seed=4 acc=0.6900 (ntr=160 nval=40 nte=200)
2026-06-09 08:51:37 | INFO    | train_session_alignment | [align] riemannian_alignment   eegnet      single_sub-009_ses02-to-ses03 seed=4 acc=0.5650 (ntr=160 nval=40 nte=200)
2026-06-09 08:51:42 | INFO    | train_session_alignment | [align] riemannian_alignment   eegnet      single_sub-009_ses03-to-ses01 seed=4 acc=0.5050 (ntr=160 nval=40 nte=200)
2026-06-09 08:51:47 | INFO    | train_session_alignment | [align] riemannian_alignment   eegnet      single_sub-009_ses03-to-ses02 seed=4 acc=0.5100 (ntr=160 nval=40 nte=200)
2026-06-09 08:51:54 | INFO    | train_session_alignment | [align] riemannian_alignment   eegnet      single_sub-010_ses01-to-ses02 seed=4 acc=0.7900 (ntr=160 nval=40 nte=200)
2026-06-09 08:52:00 | INFO    | train_session_alignment | [align] riemannian_alignment   eegnet      single_sub-010_ses01-to-ses03 seed=4 acc=0.5650 (ntr=160 nval=40 nte=200)
2026-06-09 08:52:07 | INFO    | train_session_alignment | [align] riemannian_alignment   eegnet      single_sub-010_ses02-to-ses01 seed=4 acc=0.7250 (ntr=160 nval=40 nte=200)
2026-06-09 08:52:14 | INFO    | train_session_alignment | [align] riemannian_alignment   eegnet      single_sub-010_ses02-to-ses03 seed=4 acc=0.5550 (ntr=160 nval=40 nte=200)
2026-06-09 08:52:21 | INFO    | train_session_alignment | [align] riemannian_alignment   eegnet      single_sub-010_ses03-to-ses01 seed=4 acc=0.5600 (ntr=160 nval=40 nte=200)
2026-06-09 08:52:28 | INFO    | train_session_alignment | [align] riemannian_alignment   eegnet      single_sub-010_ses03-to-ses02 seed=4 acc=0.5950 (ntr=160 nval=40 nte=200)
2026-06-09 08:52:34 | INFO    | train_session_alignment | [align] riemannian_alignment   eegnet      single_sub-011_ses01-to-ses02 seed=4 acc=0.7400 (ntr=160 nval=40 nte=200)
2026-06-09 08:52:40 | INFO    | train_session_alignment | [align] riemannian_alignment   eegnet      single_sub-011_ses01-to-ses03 seed=4 acc=0.9250 (ntr=160 nval=40 nte=200)
2026-06-09 08:52:51 | INFO    | train_session_alignment | [align] riemannian_alignment   eegnet      single_sub-011_ses02-to-ses01 seed=4 acc=0.8550 (ntr=160 nval=40 nte=200)
2026-06-09 08:53:03 | INFO    | train_session_alignment | [align] riemannian_alignment   eegnet      single_sub-011_ses02-to-ses03 seed=4 acc=0.8950 (ntr=160 nval=40 nte=200)
2026-06-09 08:53:20 | INFO    | train_session_alignment | [align] riemannian_alignment   eegnet      single_sub-011_ses03-to-ses01 seed=4 acc=0.8600 (ntr=160 nval=40 nte=200)
2026-06-09 08:53:37 | INFO    | train_session_alignment | [align] riemannian_alignment   eegnet      single_sub-011_ses03-to-ses02 seed=4 acc=0.7250 (ntr=160 nval=40 nte=200)
2026-06-09 08:53:42 | INFO    | train_session_alignment | [align] riemannian_alignment   eegnet      single_sub-012_ses01-to-ses02 seed=4 acc=0.5050 (ntr=160 nval=40 nte=200)
2026-06-09 08:53:46 | INFO    | train_session_alignment | [align] riemannian_alignment   eegnet      single_sub-012_ses01-to-ses03 seed=4 acc=0.4850 (ntr=160 nval=40 nte=200)
2026-06-09 08:53:51 | INFO    | train_session_alignment | [align] riemannian_alignment   eegnet      single_sub-012_ses02-to-ses01 seed=4 acc=0.5000 (ntr=160 nval=40 nte=200)
2026-06-09 08:53:56 | INFO    | train_session_alignment | [align] riemannian_alignment   eegnet      single_sub-012_ses02-to-ses03 seed=4 acc=0.4450 (ntr=160 nval=40 nte=200)
2026-06-09 08:54:01 | INFO    | train_session_alignment | [align] riemannian_alignment   eegnet      single_sub-012_ses03-to-ses01 seed=4 acc=0.4650 (ntr=160 nval=40 nte=200)
2026-06-09 08:54:06 | INFO    | train_session_alignment | [align] riemannian_alignment   eegnet      single_sub-012_ses03-to-ses02 seed=4 acc=0.4600 (ntr=160 nval=40 nte=200)
2026-06-09 08:54:14 | INFO    | train_session_alignment | [align] riemannian_alignment   eegnet      single_sub-013_ses01-to-ses02 seed=4 acc=0.7500 (ntr=160 nval=40 nte=200)
2026-06-09 08:54:22 | INFO    | train_session_alignment | [align] riemannian_alignment   eegnet      single_sub-013_ses01-to-ses03 seed=4 acc=0.7750 (ntr=160 nval=40 nte=200)
2026-06-09 08:54:29 | INFO    | train_session_alignment | [align] riemannian_alignment   eegnet      single_sub-013_ses02-to-ses01 seed=4 acc=0.5950 (ntr=160 nval=40 nte=200)
2026-06-09 08:54:37 | INFO    | train_session_alignment | [align] riemannian_alignment   eegnet      single_sub-013_ses02-to-ses03 seed=4 acc=0.6950 (ntr=160 nval=40 nte=200)
2026-06-09 08:54:44 | INFO    | train_session_alignment | [align] riemannian_alignment   eegnet      single_sub-013_ses03-to-ses01 seed=4 acc=0.7150 (ntr=160 nval=40 nte=200)
2026-06-09 08:54:51 | INFO    | train_session_alignment | [align] riemannian_alignment   eegnet      single_sub-013_ses03-to-ses02 seed=4 acc=0.8100 (ntr=160 nval=40 nte=200)
2026-06-09 08:54:56 | INFO    | train_session_alignment | [align] riemannian_alignment   eegnet      single_sub-014_ses01-to-ses02 seed=4 acc=0.4150 (ntr=160 nval=40 nte=200)
2026-06-09 08:55:01 | INFO    | train_session_alignment | [align] riemannian_alignment   eegnet      single_sub-014_ses01-to-ses03 seed=4 acc=0.4750 (ntr=160 nval=40 nte=200)
2026-06-09 08:55:06 | INFO    | train_session_alignment | [align] riemannian_alignment   eegnet      single_sub-014_ses02-to-ses01 seed=4 acc=0.5300 (ntr=160 nval=40 nte=200)
2026-06-09 08:55:11 | INFO    | train_session_alignment | [align] riemannian_alignment   eegnet      single_sub-014_ses02-to-ses03 seed=4 acc=0.4700 (ntr=160 nval=40 nte=200)
2026-06-09 08:55:16 | INFO    | train_session_alignment | [align] riemannian_alignment   eegnet      single_sub-014_ses03-to-ses01 seed=4 acc=0.5050 (ntr=160 nval=40 nte=200)
2026-06-09 08:55:22 | INFO    | train_session_alignment | [align] riemannian_alignment   eegnet      single_sub-014_ses03-to-ses02 seed=4 acc=0.4700 (ntr=160 nval=40 nte=200)
2026-06-09 08:55:35 | INFO    | train_session_alignment | [align] riemannian_alignment   eegnet      single_sub-015_ses01-to-ses02 seed=4 acc=0.6800 (ntr=160 nval=40 nte=200)
2026-06-09 08:55:49 | INFO    | train_session_alignment | [align] riemannian_alignment   eegnet      single_sub-015_ses01-to-ses03 seed=4 acc=0.6500 (ntr=160 nval=40 nte=200)
2026-06-09 08:55:54 | INFO    | train_session_alignment | [align] riemannian_alignment   eegnet      single_sub-015_ses02-to-ses01 seed=4 acc=0.4900 (ntr=160 nval=40 nte=200)
2026-06-09 08:55:59 | INFO    | train_session_alignment | [align] riemannian_alignment   eegnet      single_sub-015_ses02-to-ses03 seed=4 acc=0.5800 (ntr=160 nval=40 nte=200)
2026-06-09 08:56:07 | INFO    | train_session_alignment | [align] riemannian_alignment   eegnet      single_sub-015_ses03-to-ses01 seed=4 acc=0.5400 (ntr=160 nval=40 nte=200)
2026-06-09 08:56:15 | INFO    | train_session_alignment | [align] riemannian_alignment   eegnet      single_sub-015_ses03-to-ses02 seed=4 acc=0.6100 (ntr=160 nval=40 nte=200)
2026-06-09 08:56:20 | INFO    | train_session_alignment | [align] riemannian_alignment   eegnet      single_sub-016_ses01-to-ses02 seed=4 acc=0.4950 (ntr=160 nval=40 nte=200)
2026-06-09 08:56:25 | INFO    | train_session_alignment | [align] riemannian_alignment   eegnet      single_sub-016_ses01-to-ses03 seed=4 acc=0.5600 (ntr=160 nval=40 nte=200)
2026-06-09 08:56:30 | INFO    | train_session_alignment | [align] riemannian_alignment   eegnet      single_sub-016_ses02-to-ses01 seed=4 acc=0.4800 (ntr=160 nval=40 nte=200)
2026-06-09 08:56:36 | INFO    | train_session_alignment | [align] riemannian_alignment   eegnet      single_sub-016_ses02-to-ses03 seed=4 acc=0.5450 (ntr=160 nval=40 nte=200)
2026-06-09 08:56:41 | INFO    | train_session_alignment | [align] riemannian_alignment   eegnet      single_sub-016_ses03-to-ses01 seed=4 acc=0.5650 (ntr=160 nval=40 nte=200)
2026-06-09 08:56:46 | INFO    | train_session_alignment | [align] riemannian_alignment   eegnet      single_sub-016_ses03-to-ses02 seed=4 acc=0.5450 (ntr=160 nval=40 nte=200)
2026-06-09 08:56:53 | INFO    | train_session_alignment | [align] riemannian_alignment   eegnet      single_sub-017_ses01-to-ses02 seed=4 acc=0.7650 (ntr=160 nval=40 nte=200)
2026-06-09 08:57:00 | INFO    | train_session_alignment | [align] riemannian_alignment   eegnet      single_sub-017_ses01-to-ses03 seed=4 acc=0.7000 (ntr=160 nval=40 nte=200)
2026-06-09 08:57:06 | INFO    | train_session_alignment | [align] riemannian_alignment   eegnet      single_sub-017_ses02-to-ses01 seed=4 acc=0.7150 (ntr=160 nval=40 nte=200)
2026-06-09 08:57:12 | INFO    | train_session_alignment | [align] riemannian_alignment   eegnet      single_sub-017_ses02-to-ses03 seed=4 acc=0.6950 (ntr=160 nval=40 nte=200)
2026-06-09 08:57:19 | INFO    | train_session_alignment | [align] riemannian_alignment   eegnet      single_sub-017_ses03-to-ses01 seed=4 acc=0.6150 (ntr=160 nval=40 nte=200)
2026-06-09 08:57:25 | INFO    | train_session_alignment | [align] riemannian_alignment   eegnet      single_sub-017_ses03-to-ses02 seed=4 acc=0.7500 (ntr=160 nval=40 nte=200)
2026-06-09 08:57:33 | INFO    | train_session_alignment | [align] riemannian_alignment   eegnet      single_sub-018_ses01-to-ses02 seed=4 acc=0.7100 (ntr=160 nval=40 nte=200)
2026-06-09 08:57:40 | INFO    | train_session_alignment | [align] riemannian_alignment   eegnet      single_sub-018_ses01-to-ses03 seed=4 acc=0.5800 (ntr=160 nval=40 nte=200)
2026-06-09 08:57:47 | INFO    | train_session_alignment | [align] riemannian_alignment   eegnet      single_sub-018_ses02-to-ses01 seed=4 acc=0.6800 (ntr=160 nval=40 nte=200)
2026-06-09 08:57:53 | INFO    | train_session_alignment | [align] riemannian_alignment   eegnet      single_sub-018_ses02-to-ses03 seed=4 acc=0.6600 (ntr=160 nval=40 nte=200)
2026-06-09 08:57:59 | INFO    | train_session_alignment | [align] riemannian_alignment   eegnet      single_sub-018_ses03-to-ses01 seed=4 acc=0.5550 (ntr=160 nval=40 nte=200)
2026-06-09 08:58:04 | INFO    | train_session_alignment | [align] riemannian_alignment   eegnet      single_sub-018_ses03-to-ses02 seed=4 acc=0.5700 (ntr=160 nval=40 nte=200)
2026-06-09 08:58:11 | INFO    | train_session_alignment | [align] riemannian_alignment   eegnet      single_sub-019_ses01-to-ses02 seed=4 acc=0.5000 (ntr=160 nval=40 nte=200)
2026-06-09 08:58:18 | INFO    | train_session_alignment | [align] riemannian_alignment   eegnet      single_sub-019_ses01-to-ses03 seed=4 acc=0.4800 (ntr=160 nval=40 nte=200)
2026-06-09 08:58:24 | INFO    | train_session_alignment | [align] riemannian_alignment   eegnet      single_sub-019_ses02-to-ses01 seed=4 acc=0.5200 (ntr=160 nval=40 nte=200)
2026-06-09 08:58:30 | INFO    | train_session_alignment | [align] riemannian_alignment   eegnet      single_sub-019_ses02-to-ses03 seed=4 acc=0.7750 (ntr=160 nval=40 nte=200)
2026-06-09 08:58:39 | INFO    | train_session_alignment | [align] riemannian_alignment   eegnet      single_sub-019_ses03-to-ses01 seed=4 acc=0.5400 (ntr=160 nval=40 nte=200)
2026-06-09 08:58:49 | INFO    | train_session_alignment | [align] riemannian_alignment   eegnet      single_sub-019_ses03-to-ses02 seed=4 acc=0.6800 (ntr=160 nval=40 nte=200)
2026-06-09 08:59:06 | INFO    | train_session_alignment | [align] riemannian_alignment   eegnet      single_sub-020_ses01-to-ses02 seed=4 acc=0.8100 (ntr=160 nval=40 nte=200)
2026-06-09 08:59:23 | INFO    | train_session_alignment | [align] riemannian_alignment   eegnet      single_sub-020_ses01-to-ses03 seed=4 acc=0.5350 (ntr=160 nval=40 nte=200)
2026-06-09 08:59:40 | INFO    | train_session_alignment | [align] riemannian_alignment   eegnet      single_sub-020_ses02-to-ses01 seed=4 acc=0.8900 (ntr=160 nval=40 nte=200)
2026-06-09 08:59:57 | INFO    | train_session_alignment | [align] riemannian_alignment   eegnet      single_sub-020_ses02-to-ses03 seed=4 acc=0.4500 (ntr=160 nval=40 nte=200)
2026-06-09 09:00:12 | INFO    | train_session_alignment | [align] riemannian_alignment   eegnet      single_sub-020_ses03-to-ses01 seed=4 acc=0.4450 (ntr=160 nval=40 nte=200)
2026-06-09 09:00:27 | INFO    | train_session_alignment | [align] riemannian_alignment   eegnet      single_sub-020_ses03-to-ses02 seed=4 acc=0.5050 (ntr=160 nval=40 nte=200)
2026-06-09 09:00:33 | INFO    | train_session_alignment | [align] riemannian_alignment   eegnet      single_sub-021_ses01-to-ses02 seed=4 acc=0.6400 (ntr=160 nval=40 nte=200)
2026-06-09 09:00:39 | INFO    | train_session_alignment | [align] riemannian_alignment   eegnet      single_sub-021_ses01-to-ses03 seed=4 acc=0.6050 (ntr=160 nval=40 nte=200)
2026-06-09 09:00:48 | INFO    | train_session_alignment | [align] riemannian_alignment   eegnet      single_sub-021_ses02-to-ses01 seed=4 acc=0.7750 (ntr=160 nval=40 nte=200)
2026-06-09 09:00:58 | INFO    | train_session_alignment | [align] riemannian_alignment   eegnet      single_sub-021_ses02-to-ses03 seed=4 acc=0.7300 (ntr=160 nval=40 nte=200)
2026-06-09 09:01:12 | INFO    | train_session_alignment | [align] riemannian_alignment   eegnet      single_sub-021_ses03-to-ses01 seed=4 acc=0.6050 (ntr=160 nval=40 nte=200)
2026-06-09 09:01:26 | INFO    | train_session_alignment | [align] riemannian_alignment   eegnet      single_sub-021_ses03-to-ses02 seed=4 acc=0.5800 (ntr=160 nval=40 nte=200)
2026-06-09 09:01:36 | INFO    | train_session_alignment | [align] riemannian_alignment   eegnet      single_sub-022_ses01-to-ses02 seed=4 acc=0.6200 (ntr=160 nval=40 nte=200)
2026-06-09 09:01:46 | INFO    | train_session_alignment | [align] riemannian_alignment   eegnet      single_sub-022_ses01-to-ses03 seed=4 acc=0.5850 (ntr=160 nval=40 nte=200)
2026-06-09 09:01:51 | INFO    | train_session_alignment | [align] riemannian_alignment   eegnet      single_sub-022_ses02-to-ses01 seed=4 acc=0.5400 (ntr=160 nval=40 nte=200)
2026-06-09 09:01:56 | INFO    | train_session_alignment | [align] riemannian_alignment   eegnet      single_sub-022_ses02-to-ses03 seed=4 acc=0.5300 (ntr=160 nval=40 nte=200)
2026-06-09 09:02:01 | INFO    | train_session_alignment | [align] riemannian_alignment   eegnet      single_sub-022_ses03-to-ses01 seed=4 acc=0.5050 (ntr=160 nval=40 nte=200)
2026-06-09 09:02:07 | INFO    | train_session_alignment | [align] riemannian_alignment   eegnet      single_sub-022_ses03-to-ses02 seed=4 acc=0.6250 (ntr=160 nval=40 nte=200)
2026-06-09 09:02:18 | INFO    | train_session_alignment | [align] riemannian_alignment   eegnet      single_sub-023_ses02-to-ses03 seed=4 acc=0.8750 (ntr=160 nval=40 nte=200)
2026-06-09 09:02:25 | INFO    | train_session_alignment | [align] riemannian_alignment   eegnet      single_sub-023_ses03-to-ses02 seed=4 acc=0.6650 (ntr=160 nval=40 nte=200)
2026-06-09 09:02:31 | INFO    | train_session_alignment | [align] riemannian_alignment   eegnet      single_sub-025_ses01-to-ses02 seed=4 acc=0.8550 (ntr=160 nval=40 nte=200)
2026-06-09 09:02:37 | INFO    | train_session_alignment | [align] riemannian_alignment   eegnet      single_sub-025_ses01-to-ses03 seed=4 acc=0.7950 (ntr=160 nval=40 nte=200)
2026-06-09 09:02:47 | INFO    | train_session_alignment | [align] riemannian_alignment   eegnet      single_sub-025_ses02-to-ses01 seed=4 acc=0.8200 (ntr=160 nval=40 nte=200)
2026-06-09 09:02:56 | INFO    | train_session_alignment | [align] riemannian_alignment   eegnet      single_sub-025_ses02-to-ses03 seed=4 acc=0.7950 (ntr=160 nval=40 nte=200)
2026-06-09 09:03:02 | INFO    | train_session_alignment | [align] riemannian_alignment   eegnet      single_sub-025_ses03-to-ses01 seed=4 acc=0.7650 (ntr=160 nval=40 nte=200)
2026-06-09 09:03:08 | INFO    | train_session_alignment | [align] riemannian_alignment   eegnet      single_sub-025_ses03-to-ses02 seed=4 acc=0.8200 (ntr=160 nval=40 nte=200)
2026-06-09 09:03:14 | INFO    | train_session_alignment | [align] riemannian_alignment   eegnet      single_sub-026_ses02-to-ses03 seed=4 acc=0.9050 (ntr=160 nval=40 nte=200)
2026-06-09 09:03:27 | INFO    | train_session_alignment | [align] riemannian_alignment   eegnet      single_sub-026_ses03-to-ses02 seed=4 acc=0.8750 (ntr=160 nval=40 nte=200)
2026-06-09 09:03:34 | INFO    | train_session_alignment | [align] riemannian_alignment   eegnet      single_sub-027_ses01-to-ses02 seed=4 acc=0.5900 (ntr=160 nval=40 nte=200)
2026-06-09 09:03:41 | INFO    | train_session_alignment | [align] riemannian_alignment   eegnet      single_sub-027_ses01-to-ses03 seed=4 acc=0.7950 (ntr=160 nval=40 nte=200)
2026-06-09 09:03:47 | INFO    | train_session_alignment | [align] riemannian_alignment   eegnet      single_sub-027_ses02-to-ses01 seed=4 acc=0.6550 (ntr=160 nval=40 nte=200)
2026-06-09 09:03:52 | INFO    | train_session_alignment | [align] riemannian_alignment   eegnet      single_sub-027_ses02-to-ses03 seed=4 acc=0.6700 (ntr=160 nval=40 nte=200)
2026-06-09 09:04:00 | INFO    | train_session_alignment | [align] riemannian_alignment   eegnet      single_sub-027_ses03-to-ses01 seed=4 acc=0.6350 (ntr=160 nval=40 nte=200)
2026-06-09 09:04:07 | INFO    | train_session_alignment | [align] riemannian_alignment   eegnet      single_sub-027_ses03-to-ses02 seed=4 acc=0.5950 (ntr=160 nval=40 nte=200)
2026-06-09 09:04:15 | INFO    | train_session_alignment | [align] riemannian_alignment   eegnet      single_sub-028_ses01-to-ses02 seed=4 acc=0.7800 (ntr=160 nval=40 nte=200)
2026-06-09 09:04:22 | INFO    | train_session_alignment | [align] riemannian_alignment   eegnet      single_sub-028_ses01-to-ses03 seed=4 acc=0.5300 (ntr=160 nval=40 nte=200)
2026-06-09 09:04:29 | INFO    | train_session_alignment | [align] riemannian_alignment   eegnet      single_sub-028_ses02-to-ses01 seed=4 acc=0.8700 (ntr=160 nval=40 nte=200)
2026-06-09 09:04:35 | INFO    | train_session_alignment | [align] riemannian_alignment   eegnet      single_sub-028_ses02-to-ses03 seed=4 acc=0.5550 (ntr=160 nval=40 nte=200)
2026-06-09 09:04:43 | INFO    | train_session_alignment | [align] riemannian_alignment   eegnet      single_sub-028_ses03-to-ses01 seed=4 acc=0.5200 (ntr=160 nval=40 nte=200)
2026-06-09 09:04:51 | INFO    | train_session_alignment | [align] riemannian_alignment   eegnet      single_sub-028_ses03-to-ses02 seed=4 acc=0.6200 (ntr=160 nval=40 nte=200)
2026-06-09 09:04:57 | INFO    | train_session_alignment | [align] riemannian_alignment   eegnet      single_sub-029_ses01-to-ses02 seed=4 acc=0.2000 (ntr=160 nval=40 nte=200)
2026-06-09 09:05:03 | INFO    | train_session_alignment | [align] riemannian_alignment   eegnet      single_sub-029_ses01-to-ses03 seed=4 acc=0.3200 (ntr=160 nval=40 nte=200)
2026-06-09 09:05:09 | INFO    | train_session_alignment | [align] riemannian_alignment   eegnet      single_sub-029_ses02-to-ses01 seed=4 acc=0.3700 (ntr=160 nval=40 nte=200)
2026-06-09 09:05:16 | INFO    | train_session_alignment | [align] riemannian_alignment   eegnet      single_sub-029_ses02-to-ses03 seed=4 acc=0.9400 (ntr=160 nval=40 nte=200)
2026-06-09 09:05:26 | INFO    | train_session_alignment | [align] riemannian_alignment   eegnet      single_sub-029_ses03-to-ses01 seed=4 acc=0.3500 (ntr=160 nval=40 nte=200)
2026-06-09 09:05:36 | INFO    | train_session_alignment | [align] riemannian_alignment   eegnet      single_sub-029_ses03-to-ses02 seed=4 acc=0.9450 (ntr=160 nval=40 nte=200)
2026-06-09 09:05:43 | INFO    | train_session_alignment | [align] riemannian_alignment   eegnet      single_sub-030_ses01-to-ses02 seed=4 acc=0.5150 (ntr=160 nval=40 nte=200)
2026-06-09 09:05:49 | INFO    | train_session_alignment | [align] riemannian_alignment   eegnet      single_sub-030_ses01-to-ses03 seed=4 acc=0.5050 (ntr=160 nval=40 nte=200)
2026-06-09 09:05:58 | INFO    | train_session_alignment | [align] riemannian_alignment   eegnet      single_sub-030_ses02-to-ses01 seed=4 acc=0.9400 (ntr=160 nval=40 nte=200)
2026-06-09 09:06:06 | INFO    | train_session_alignment | [align] riemannian_alignment   eegnet      single_sub-030_ses02-to-ses03 seed=4 acc=0.8800 (ntr=160 nval=40 nte=200)
2026-06-09 09:06:20 | INFO    | train_session_alignment | [align] riemannian_alignment   eegnet      single_sub-030_ses03-to-ses01 seed=4 acc=0.7350 (ntr=160 nval=40 nte=200)
2026-06-09 09:06:33 | INFO    | train_session_alignment | [align] riemannian_alignment   eegnet      single_sub-030_ses03-to-ses02 seed=4 acc=0.7650 (ntr=160 nval=40 nte=200)
2026-06-09 09:06:38 | INFO    | train_session_alignment | [align] riemannian_alignment   eegnet      single_sub-031_ses01-to-ses02 seed=4 acc=0.7050 (ntr=160 nval=40 nte=200)
2026-06-09 09:06:44 | INFO    | train_session_alignment | [align] riemannian_alignment   eegnet      single_sub-031_ses01-to-ses03 seed=4 acc=0.7050 (ntr=160 nval=40 nte=200)
2026-06-09 09:06:50 | INFO    | train_session_alignment | [align] riemannian_alignment   eegnet      single_sub-031_ses02-to-ses01 seed=4 acc=0.7050 (ntr=160 nval=40 nte=200)
2026-06-09 09:06:55 | INFO    | train_session_alignment | [align] riemannian_alignment   eegnet      single_sub-031_ses02-to-ses03 seed=4 acc=0.7500 (ntr=160 nval=40 nte=200)
2026-06-09 09:07:02 | INFO    | train_session_alignment | [align] riemannian_alignment   eegnet      single_sub-031_ses03-to-ses01 seed=4 acc=0.6950 (ntr=160 nval=40 nte=200)
2026-06-09 09:07:09 | INFO    | train_session_alignment | [align] riemannian_alignment   eegnet      single_sub-031_ses03-to-ses02 seed=4 acc=0.8050 (ntr=160 nval=40 nte=200)
2026-06-09 09:07:18 | INFO    | train_session_alignment | [align] riemannian_alignment   eegnet      single_sub-032_ses01-to-ses03 seed=4 acc=0.5500 (ntr=160 nval=40 nte=200)
2026-06-09 09:07:23 | INFO    | train_session_alignment | [align] riemannian_alignment   eegnet      single_sub-032_ses03-to-ses01 seed=4 acc=0.4500 (ntr=160 nval=40 nte=200)
2026-06-09 09:07:38 | INFO    | train_session_alignment | [align] riemannian_alignment   eegnet      single_sub-033_ses01-to-ses02 seed=4 acc=0.8900 (ntr=160 nval=40 nte=200)
2026-06-09 09:07:52 | INFO    | train_session_alignment | [align] riemannian_alignment   eegnet      single_sub-033_ses01-to-ses03 seed=4 acc=0.8800 (ntr=160 nval=40 nte=200)
2026-06-09 09:08:07 | INFO    | train_session_alignment | [align] riemannian_alignment   eegnet      single_sub-033_ses02-to-ses01 seed=4 acc=0.8750 (ntr=160 nval=40 nte=200)
2026-06-09 09:08:22 | INFO    | train_session_alignment | [align] riemannian_alignment   eegnet      single_sub-033_ses02-to-ses03 seed=4 acc=0.8550 (ntr=160 nval=40 nte=200)
2026-06-09 09:08:30 | INFO    | train_session_alignment | [align] riemannian_alignment   eegnet      single_sub-033_ses03-to-ses01 seed=4 acc=0.8350 (ntr=160 nval=40 nte=200)
2026-06-09 09:08:37 | INFO    | train_session_alignment | [align] riemannian_alignment   eegnet      single_sub-033_ses03-to-ses02 seed=4 acc=0.9200 (ntr=160 nval=40 nte=200)
2026-06-09 09:08:44 | INFO    | train_session_alignment | [align] riemannian_alignment   eegnet      single_sub-034_ses01-to-ses02 seed=4 acc=0.8250 (ntr=160 nval=40 nte=200)
2026-06-09 09:08:50 | INFO    | train_session_alignment | [align] riemannian_alignment   eegnet      single_sub-034_ses01-to-ses03 seed=4 acc=0.7050 (ntr=160 nval=40 nte=200)
2026-06-09 09:08:58 | INFO    | train_session_alignment | [align] riemannian_alignment   eegnet      single_sub-034_ses02-to-ses01 seed=4 acc=0.6300 (ntr=160 nval=40 nte=200)
2026-06-09 09:09:06 | INFO    | train_session_alignment | [align] riemannian_alignment   eegnet      single_sub-034_ses02-to-ses03 seed=4 acc=0.8400 (ntr=160 nval=40 nte=200)
2026-06-09 09:09:16 | INFO    | train_session_alignment | [align] riemannian_alignment   eegnet      single_sub-034_ses03-to-ses01 seed=4 acc=0.6800 (ntr=160 nval=40 nte=200)
2026-06-09 09:09:27 | INFO    | train_session_alignment | [align] riemannian_alignment   eegnet      single_sub-034_ses03-to-ses02 seed=4 acc=0.9150 (ntr=160 nval=40 nte=200)
2026-06-09 09:09:44 | INFO    | train_session_alignment | [align] riemannian_alignment   eegnet      single_sub-035_ses01-to-ses02 seed=4 acc=0.9350 (ntr=160 nval=40 nte=200)
2026-06-09 09:10:01 | INFO    | train_session_alignment | [align] riemannian_alignment   eegnet      single_sub-035_ses01-to-ses03 seed=4 acc=0.9000 (ntr=160 nval=40 nte=200)
2026-06-09 09:10:18 | INFO    | train_session_alignment | [align] riemannian_alignment   eegnet      single_sub-035_ses02-to-ses01 seed=4 acc=0.9300 (ntr=160 nval=40 nte=200)
2026-06-09 09:10:34 | INFO    | train_session_alignment | [align] riemannian_alignment   eegnet      single_sub-035_ses02-to-ses03 seed=4 acc=0.9150 (ntr=160 nval=40 nte=200)
2026-06-09 09:10:39 | INFO    | train_session_alignment | [align] riemannian_alignment   eegnet      single_sub-035_ses03-to-ses01 seed=4 acc=0.7200 (ntr=160 nval=40 nte=200)
2026-06-09 09:10:44 | INFO    | train_session_alignment | [align] riemannian_alignment   eegnet      single_sub-035_ses03-to-ses02 seed=4 acc=0.6350 (ntr=160 nval=40 nte=200)
2026-06-09 09:10:54 | INFO    | train_session_alignment | [align] riemannian_alignment   eegnet      single_sub-036_ses01-to-ses02 seed=4 acc=0.9200 (ntr=160 nval=40 nte=200)
2026-06-09 09:11:03 | INFO    | train_session_alignment | [align] riemannian_alignment   eegnet      single_sub-036_ses01-to-ses03 seed=4 acc=0.9350 (ntr=160 nval=40 nte=200)
2026-06-09 09:11:11 | INFO    | train_session_alignment | [align] riemannian_alignment   eegnet      single_sub-036_ses02-to-ses01 seed=4 acc=0.8450 (ntr=160 nval=40 nte=200)
2026-06-09 09:11:19 | INFO    | train_session_alignment | [align] riemannian_alignment   eegnet      single_sub-036_ses02-to-ses03 seed=4 acc=0.9750 (ntr=160 nval=40 nte=200)
2026-06-09 09:11:32 | INFO    | train_session_alignment | [align] riemannian_alignment   eegnet      single_sub-036_ses03-to-ses01 seed=4 acc=0.8250 (ntr=160 nval=40 nte=200)
2026-06-09 09:11:45 | INFO    | train_session_alignment | [align] riemannian_alignment   eegnet      single_sub-036_ses03-to-ses02 seed=4 acc=0.8950 (ntr=160 nval=40 nte=200)
2026-06-09 09:12:02 | INFO    | train_session_alignment | [align] riemannian_alignment   eegnet      single_sub-037_ses01-to-ses02 seed=4 acc=0.8200 (ntr=160 nval=40 nte=200)
2026-06-09 09:12:19 | INFO    | train_session_alignment | [align] riemannian_alignment   eegnet      single_sub-037_ses01-to-ses03 seed=4 acc=0.8300 (ntr=160 nval=40 nte=200)
2026-06-09 09:12:28 | INFO    | train_session_alignment | [align] riemannian_alignment   eegnet      single_sub-037_ses02-to-ses01 seed=4 acc=0.7900 (ntr=160 nval=40 nte=200)
2026-06-09 09:12:37 | INFO    | train_session_alignment | [align] riemannian_alignment   eegnet      single_sub-037_ses02-to-ses03 seed=4 acc=0.8700 (ntr=160 nval=40 nte=200)
2026-06-09 09:12:46 | INFO    | train_session_alignment | [align] riemannian_alignment   eegnet      single_sub-037_ses03-to-ses01 seed=4 acc=0.8350 (ntr=160 nval=40 nte=200)
2026-06-09 09:12:55 | INFO    | train_session_alignment | [align] riemannian_alignment   eegnet      single_sub-037_ses03-to-ses02 seed=4 acc=0.8900 (ntr=160 nval=40 nte=200)
2026-06-09 09:13:01 | INFO    | train_session_alignment | [align] riemannian_alignment   eegnet      single_sub-038_ses01-to-ses02 seed=4 acc=0.6100 (ntr=160 nval=40 nte=200)
2026-06-09 09:13:08 | INFO    | train_session_alignment | [align] riemannian_alignment   eegnet      single_sub-038_ses01-to-ses03 seed=4 acc=0.4850 (ntr=160 nval=40 nte=200)
2026-06-09 09:13:21 | INFO    | train_session_alignment | [align] riemannian_alignment   eegnet      single_sub-038_ses02-to-ses01 seed=4 acc=0.5700 (ntr=160 nval=40 nte=200)
2026-06-09 09:13:34 | INFO    | train_session_alignment | [align] riemannian_alignment   eegnet      single_sub-038_ses02-to-ses03 seed=4 acc=0.4750 (ntr=160 nval=40 nte=200)
2026-06-09 09:13:51 | INFO    | train_session_alignment | [align] riemannian_alignment   eegnet      single_sub-038_ses03-to-ses01 seed=4 acc=0.5250 (ntr=160 nval=40 nte=200)
2026-06-09 09:14:08 | INFO    | train_session_alignment | [align] riemannian_alignment   eegnet      single_sub-038_ses03-to-ses02 seed=4 acc=0.4650 (ntr=160 nval=40 nte=200)
2026-06-09 09:14:15 | INFO    | train_session_alignment | [align] riemannian_alignment   eegnet      single_sub-039_ses01-to-ses02 seed=4 acc=0.4400 (ntr=160 nval=40 nte=200)
2026-06-09 09:14:21 | INFO    | train_session_alignment | [align] riemannian_alignment   eegnet      single_sub-039_ses01-to-ses03 seed=4 acc=0.3550 (ntr=160 nval=40 nte=200)
2026-06-09 09:14:26 | INFO    | train_session_alignment | [align] riemannian_alignment   eegnet      single_sub-039_ses02-to-ses01 seed=4 acc=0.4400 (ntr=160 nval=40 nte=200)
2026-06-09 09:14:32 | INFO    | train_session_alignment | [align] riemannian_alignment   eegnet      single_sub-039_ses02-to-ses03 seed=4 acc=0.5100 (ntr=160 nval=40 nte=200)
2026-06-09 09:14:37 | INFO    | train_session_alignment | [align] riemannian_alignment   eegnet      single_sub-039_ses03-to-ses01 seed=4 acc=0.4450 (ntr=160 nval=40 nte=200)
2026-06-09 09:14:42 | INFO    | train_session_alignment | [align] riemannian_alignment   eegnet      single_sub-039_ses03-to-ses02 seed=4 acc=0.5450 (ntr=160 nval=40 nte=200)
2026-06-09 09:14:49 | INFO    | train_session_alignment | [align] riemannian_alignment   eegnet      single_sub-040_ses01-to-ses02 seed=4 acc=0.6050 (ntr=160 nval=40 nte=200)
2026-06-09 09:14:55 | INFO    | train_session_alignment | [align] riemannian_alignment   eegnet      single_sub-040_ses01-to-ses03 seed=4 acc=0.6850 (ntr=160 nval=40 nte=200)
2026-06-09 09:15:00 | INFO    | train_session_alignment | [align] riemannian_alignment   eegnet      single_sub-040_ses02-to-ses01 seed=4 acc=0.5900 (ntr=160 nval=40 nte=200)
2026-06-09 09:15:05 | INFO    | train_session_alignment | [align] riemannian_alignment   eegnet      single_sub-040_ses02-to-ses03 seed=4 acc=0.5500 (ntr=160 nval=40 nte=200)
2026-06-09 09:15:12 | INFO    | train_session_alignment | [align] riemannian_alignment   eegnet      single_sub-040_ses03-to-ses01 seed=4 acc=0.7050 (ntr=160 nval=40 nte=200)
2026-06-09 09:15:20 | INFO    | train_session_alignment | [align] riemannian_alignment   eegnet      single_sub-040_ses03-to-ses02 seed=4 acc=0.6500 (ntr=160 nval=40 nte=200)
2026-06-09 09:15:26 | INFO    | train_session_alignment | [align] riemannian_alignment   eegnet      single_sub-041_ses01-to-ses02 seed=4 acc=0.8250 (ntr=160 nval=40 nte=200)
2026-06-09 09:15:33 | INFO    | train_session_alignment | [align] riemannian_alignment   eegnet      single_sub-041_ses01-to-ses03 seed=4 acc=0.8400 (ntr=160 nval=40 nte=200)
2026-06-09 09:15:40 | INFO    | train_session_alignment | [align] riemannian_alignment   eegnet      single_sub-041_ses02-to-ses01 seed=4 acc=0.8450 (ntr=160 nval=40 nte=200)
2026-06-09 09:15:47 | INFO    | train_session_alignment | [align] riemannian_alignment   eegnet      single_sub-041_ses02-to-ses03 seed=4 acc=0.8700 (ntr=160 nval=40 nte=200)
2026-06-09 09:15:53 | INFO    | train_session_alignment | [align] riemannian_alignment   eegnet      single_sub-041_ses03-to-ses01 seed=4 acc=0.8050 (ntr=160 nval=40 nte=200)
2026-06-09 09:15:59 | INFO    | train_session_alignment | [align] riemannian_alignment   eegnet      single_sub-041_ses03-to-ses02 seed=4 acc=0.7950 (ntr=160 nval=40 nte=200)
2026-06-09 09:16:07 | INFO    | train_session_alignment | [align] riemannian_alignment   eegnet      single_sub-042_ses01-to-ses02 seed=4 acc=0.6000 (ntr=160 nval=40 nte=200)
2026-06-09 09:16:15 | INFO    | train_session_alignment | [align] riemannian_alignment   eegnet      single_sub-042_ses01-to-ses03 seed=4 acc=0.6350 (ntr=160 nval=40 nte=200)
2026-06-09 09:16:21 | INFO    | train_session_alignment | [align] riemannian_alignment   eegnet      single_sub-042_ses02-to-ses01 seed=4 acc=0.6700 (ntr=160 nval=40 nte=200)
2026-06-09 09:16:27 | INFO    | train_session_alignment | [align] riemannian_alignment   eegnet      single_sub-042_ses02-to-ses03 seed=4 acc=0.6550 (ntr=160 nval=40 nte=200)
2026-06-09 09:16:32 | INFO    | train_session_alignment | [align] riemannian_alignment   eegnet      single_sub-042_ses03-to-ses01 seed=4 acc=0.7000 (ntr=160 nval=40 nte=200)
2026-06-09 09:16:38 | INFO    | train_session_alignment | [align] riemannian_alignment   eegnet      single_sub-042_ses03-to-ses02 seed=4 acc=0.5700 (ntr=160 nval=40 nte=200)
2026-06-09 09:16:55 | INFO    | train_session_alignment | [align] riemannian_alignment   eegnet      single_sub-043_ses01-to-ses02 seed=4 acc=0.9200 (ntr=160 nval=40 nte=200)
2026-06-09 09:17:12 | INFO    | train_session_alignment | [align] riemannian_alignment   eegnet      single_sub-043_ses01-to-ses03 seed=4 acc=0.9300 (ntr=160 nval=40 nte=200)
2026-06-09 09:17:29 | INFO    | train_session_alignment | [align] riemannian_alignment   eegnet      single_sub-043_ses02-to-ses01 seed=4 acc=0.9600 (ntr=160 nval=40 nte=200)
2026-06-09 09:17:46 | INFO    | train_session_alignment | [align] riemannian_alignment   eegnet      single_sub-043_ses02-to-ses03 seed=4 acc=0.9100 (ntr=160 nval=40 nte=200)
2026-06-09 09:18:02 | INFO    | train_session_alignment | [align] riemannian_alignment   eegnet      single_sub-043_ses03-to-ses01 seed=4 acc=0.9850 (ntr=160 nval=40 nte=200)
2026-06-09 09:18:17 | INFO    | train_session_alignment | [align] riemannian_alignment   eegnet      single_sub-043_ses03-to-ses02 seed=4 acc=0.9750 (ntr=160 nval=40 nte=200)
2026-06-09 09:18:22 | INFO    | train_session_alignment | [align] riemannian_alignment   eegnet      single_sub-044_ses01-to-ses02 seed=4 acc=0.4950 (ntr=160 nval=40 nte=200)
2026-06-09 09:18:27 | INFO    | train_session_alignment | [align] riemannian_alignment   eegnet      single_sub-044_ses01-to-ses03 seed=4 acc=0.5350 (ntr=160 nval=40 nte=200)
2026-06-09 09:18:33 | INFO    | train_session_alignment | [align] riemannian_alignment   eegnet      single_sub-044_ses02-to-ses01 seed=4 acc=0.5850 (ntr=160 nval=40 nte=200)
2026-06-09 09:18:40 | INFO    | train_session_alignment | [align] riemannian_alignment   eegnet      single_sub-044_ses02-to-ses03 seed=4 acc=0.6450 (ntr=160 nval=40 nte=200)
2026-06-09 09:18:46 | INFO    | train_session_alignment | [align] riemannian_alignment   eegnet      single_sub-044_ses03-to-ses01 seed=4 acc=0.5600 (ntr=160 nval=40 nte=200)
2026-06-09 09:18:53 | INFO    | train_session_alignment | [align] riemannian_alignment   eegnet      single_sub-044_ses03-to-ses02 seed=4 acc=0.6750 (ntr=160 nval=40 nte=200)
2026-06-09 09:18:58 | INFO    | train_session_alignment | [align] riemannian_alignment   eegnet      single_sub-045_ses01-to-ses02 seed=4 acc=0.5950 (ntr=160 nval=40 nte=200)
2026-06-09 09:19:04 | INFO    | train_session_alignment | [align] riemannian_alignment   eegnet      single_sub-045_ses01-to-ses03 seed=4 acc=0.6800 (ntr=160 nval=40 nte=200)
2026-06-09 09:19:11 | INFO    | train_session_alignment | [align] riemannian_alignment   eegnet      single_sub-045_ses02-to-ses01 seed=4 acc=0.7300 (ntr=160 nval=40 nte=200)
2026-06-09 09:19:18 | INFO    | train_session_alignment | [align] riemannian_alignment   eegnet      single_sub-045_ses02-to-ses03 seed=4 acc=0.7350 (ntr=160 nval=40 nte=200)
2026-06-09 09:19:23 | INFO    | train_session_alignment | [align] riemannian_alignment   eegnet      single_sub-045_ses03-to-ses01 seed=4 acc=0.5550 (ntr=160 nval=40 nte=200)
2026-06-09 09:19:28 | INFO    | train_session_alignment | [align] riemannian_alignment   eegnet      single_sub-045_ses03-to-ses02 seed=4 acc=0.6000 (ntr=160 nval=40 nte=200)
2026-06-09 09:19:46 | INFO    | train_session_alignment | [align] riemannian_alignment   eegnet      single_sub-046_ses01-to-ses02 seed=4 acc=0.9950 (ntr=160 nval=40 nte=200)
2026-06-09 09:20:02 | INFO    | train_session_alignment | [align] riemannian_alignment   eegnet      single_sub-046_ses01-to-ses03 seed=4 acc=0.9500 (ntr=160 nval=40 nte=200)
2026-06-09 09:20:13 | INFO    | train_session_alignment | [align] riemannian_alignment   eegnet      single_sub-046_ses02-to-ses01 seed=4 acc=0.9750 (ntr=160 nval=40 nte=200)
2026-06-09 09:20:24 | INFO    | train_session_alignment | [align] riemannian_alignment   eegnet      single_sub-046_ses02-to-ses03 seed=4 acc=0.9100 (ntr=160 nval=40 nte=200)
2026-06-09 09:20:41 | INFO    | train_session_alignment | [align] riemannian_alignment   eegnet      single_sub-046_ses03-to-ses01 seed=4 acc=0.9900 (ntr=160 nval=40 nte=200)
2026-06-09 09:20:58 | INFO    | train_session_alignment | [align] riemannian_alignment   eegnet      single_sub-046_ses03-to-ses02 seed=4 acc=0.9800 (ntr=160 nval=40 nte=200)
2026-06-09 09:21:06 | INFO    | train_session_alignment | [align] riemannian_alignment   eegnet      single_sub-047_ses01-to-ses02 seed=4 acc=0.8250 (ntr=160 nval=40 nte=200)
2026-06-09 09:21:14 | INFO    | train_session_alignment | [align] riemannian_alignment   eegnet      single_sub-047_ses01-to-ses03 seed=4 acc=0.8100 (ntr=160 nval=40 nte=200)
2026-06-09 09:21:24 | INFO    | train_session_alignment | [align] riemannian_alignment   eegnet      single_sub-047_ses02-to-ses01 seed=4 acc=0.8550 (ntr=160 nval=40 nte=200)
2026-06-09 09:21:33 | INFO    | train_session_alignment | [align] riemannian_alignment   eegnet      single_sub-047_ses02-to-ses03 seed=4 acc=0.8050 (ntr=160 nval=40 nte=200)
2026-06-09 09:21:42 | INFO    | train_session_alignment | [align] riemannian_alignment   eegnet      single_sub-047_ses03-to-ses01 seed=4 acc=0.8650 (ntr=160 nval=40 nte=200)
2026-06-09 09:21:52 | INFO    | train_session_alignment | [align] riemannian_alignment   eegnet      single_sub-047_ses03-to-ses02 seed=4 acc=0.8500 (ntr=160 nval=40 nte=200)
2026-06-09 09:22:02 | INFO    | train_session_alignment | [align] riemannian_alignment   eegnet      single_sub-048_ses01-to-ses02 seed=4 acc=0.8150 (ntr=160 nval=40 nte=200)
2026-06-09 09:22:12 | INFO    | train_session_alignment | [align] riemannian_alignment   eegnet      single_sub-048_ses01-to-ses03 seed=4 acc=0.8200 (ntr=160 nval=40 nte=200)
2026-06-09 09:22:17 | INFO    | train_session_alignment | [align] riemannian_alignment   eegnet      single_sub-048_ses02-to-ses01 seed=4 acc=0.6400 (ntr=160 nval=40 nte=200)
2026-06-09 09:22:22 | INFO    | train_session_alignment | [align] riemannian_alignment   eegnet      single_sub-048_ses02-to-ses03 seed=4 acc=0.6600 (ntr=160 nval=40 nte=200)
2026-06-09 09:22:32 | INFO    | train_session_alignment | [align] riemannian_alignment   eegnet      single_sub-048_ses03-to-ses01 seed=4 acc=0.7150 (ntr=160 nval=40 nte=200)
2026-06-09 09:22:41 | INFO    | train_session_alignment | [align] riemannian_alignment   eegnet      single_sub-048_ses03-to-ses02 seed=4 acc=0.7200 (ntr=160 nval=40 nte=200)
2026-06-09 09:22:52 | INFO    | train_session_alignment | [align] riemannian_alignment   eegnet      single_sub-049_ses01-to-ses02 seed=4 acc=0.5750 (ntr=160 nval=40 nte=200)
2026-06-09 09:23:03 | INFO    | train_session_alignment | [align] riemannian_alignment   eegnet      single_sub-049_ses01-to-ses03 seed=4 acc=0.6550 (ntr=160 nval=40 nte=200)
2026-06-09 09:23:10 | INFO    | train_session_alignment | [align] riemannian_alignment   eegnet      single_sub-049_ses02-to-ses01 seed=4 acc=0.7150 (ntr=160 nval=40 nte=200)
2026-06-09 09:23:17 | INFO    | train_session_alignment | [align] riemannian_alignment   eegnet      single_sub-049_ses02-to-ses03 seed=4 acc=0.6550 (ntr=160 nval=40 nte=200)
2026-06-09 09:23:24 | INFO    | train_session_alignment | [align] riemannian_alignment   eegnet      single_sub-049_ses03-to-ses01 seed=4 acc=0.7500 (ntr=160 nval=40 nte=200)
2026-06-09 09:23:32 | INFO    | train_session_alignment | [align] riemannian_alignment   eegnet      single_sub-049_ses03-to-ses02 seed=4 acc=0.6900 (ntr=160 nval=40 nte=200)
2026-06-09 09:23:43 | INFO    | train_session_alignment | [align] riemannian_alignment   eegnet      single_sub-050_ses01-to-ses02 seed=4 acc=0.8950 (ntr=160 nval=40 nte=200)
2026-06-09 09:23:53 | INFO    | train_session_alignment | [align] riemannian_alignment   eegnet      single_sub-050_ses01-to-ses03 seed=4 acc=0.8950 (ntr=160 nval=40 nte=200)
2026-06-09 09:24:01 | INFO    | train_session_alignment | [align] riemannian_alignment   eegnet      single_sub-050_ses02-to-ses01 seed=4 acc=0.7900 (ntr=160 nval=40 nte=200)
2026-06-09 09:24:09 | INFO    | train_session_alignment | [align] riemannian_alignment   eegnet      single_sub-050_ses02-to-ses03 seed=4 acc=0.9150 (ntr=160 nval=40 nte=200)
2026-06-09 09:24:17 | INFO    | train_session_alignment | [align] riemannian_alignment   eegnet      single_sub-050_ses03-to-ses01 seed=4 acc=0.7950 (ntr=160 nval=40 nte=200)
2026-06-09 09:24:25 | INFO    | train_session_alignment | [align] riemannian_alignment   eegnet      single_sub-050_ses03-to-ses02 seed=4 acc=0.8900 (ntr=160 nval=40 nte=200)
2026-06-09 09:24:38 | INFO    | train_session_alignment | [align] riemannian_alignment   eegnet      single_sub-051_ses01-to-ses02 seed=4 acc=0.6200 (ntr=160 nval=40 nte=200)
2026-06-09 09:24:51 | INFO    | train_session_alignment | [align] riemannian_alignment   eegnet      single_sub-051_ses01-to-ses03 seed=4 acc=0.8500 (ntr=160 nval=40 nte=200)
2026-06-09 09:24:59 | INFO    | train_session_alignment | [align] riemannian_alignment   eegnet      single_sub-051_ses02-to-ses01 seed=4 acc=0.6900 (ntr=160 nval=40 nte=200)
2026-06-09 09:25:06 | INFO    | train_session_alignment | [align] riemannian_alignment   eegnet      single_sub-051_ses02-to-ses03 seed=4 acc=0.7950 (ntr=160 nval=40 nte=200)
2026-06-09 09:25:12 | INFO    | train_session_alignment | [align] riemannian_alignment   eegnet      single_sub-051_ses03-to-ses01 seed=4 acc=0.7600 (ntr=160 nval=40 nte=200)
2026-06-09 09:25:18 | INFO    | train_session_alignment | [align] riemannian_alignment   eegnet      single_sub-051_ses03-to-ses02 seed=4 acc=0.7050 (ntr=160 nval=40 nte=200)
2026-06-09 09:25:30 | INFO    | train_session_alignment | [align] riemannian_alignment   eegnet      multi_sub-001_ses01ses02-to-ses03 seed=4 acc=0.9800 (ntr=320 nval=80 nte=200)
2026-06-09 09:25:38 | INFO    | train_session_alignment | [align] riemannian_alignment   eegnet      multi_sub-002_ses01ses02-to-ses03 seed=4 acc=0.6850 (ntr=320 nval=80 nte=200)
2026-06-09 09:25:56 | INFO    | train_session_alignment | [align] riemannian_alignment   eegnet      multi_sub-003_ses01ses02-to-ses03 seed=4 acc=0.8800 (ntr=320 nval=80 nte=200)
2026-06-09 09:26:03 | INFO    | train_session_alignment | [align] riemannian_alignment   eegnet      multi_sub-004_ses01ses02-to-ses03 seed=4 acc=0.5050 (ntr=320 nval=80 nte=200)
2026-06-09 09:26:16 | INFO    | train_session_alignment | [align] riemannian_alignment   eegnet      multi_sub-005_ses01ses02-to-ses03 seed=4 acc=0.7750 (ntr=320 nval=80 nte=200)
2026-06-09 09:26:32 | INFO    | train_session_alignment | [align] riemannian_alignment   eegnet      multi_sub-006_ses01ses02-to-ses03 seed=4 acc=0.9450 (ntr=320 nval=80 nte=200)
2026-06-09 09:26:38 | INFO    | train_session_alignment | [align] riemannian_alignment   eegnet      multi_sub-007_ses01ses02-to-ses03 seed=4 acc=0.7900 (ntr=320 nval=80 nte=200)
2026-06-09 09:26:47 | INFO    | train_session_alignment | [align] riemannian_alignment   eegnet      multi_sub-008_ses01ses02-to-ses03 seed=4 acc=0.8950 (ntr=320 nval=80 nte=200)
2026-06-09 09:26:55 | INFO    | train_session_alignment | [align] riemannian_alignment   eegnet      multi_sub-009_ses01ses02-to-ses03 seed=4 acc=0.6200 (ntr=320 nval=80 nte=200)
2026-06-09 09:27:07 | INFO    | train_session_alignment | [align] riemannian_alignment   eegnet      multi_sub-010_ses01ses02-to-ses03 seed=4 acc=0.5650 (ntr=320 nval=80 nte=200)
2026-06-09 09:27:15 | INFO    | train_session_alignment | [align] riemannian_alignment   eegnet      multi_sub-011_ses01ses02-to-ses03 seed=4 acc=0.9500 (ntr=320 nval=80 nte=200)
2026-06-09 09:27:22 | INFO    | train_session_alignment | [align] riemannian_alignment   eegnet      multi_sub-012_ses01ses02-to-ses03 seed=4 acc=0.5050 (ntr=320 nval=80 nte=200)
2026-06-09 09:27:36 | INFO    | train_session_alignment | [align] riemannian_alignment   eegnet      multi_sub-013_ses01ses02-to-ses03 seed=4 acc=0.7750 (ntr=320 nval=80 nte=200)
2026-06-09 09:27:43 | INFO    | train_session_alignment | [align] riemannian_alignment   eegnet      multi_sub-014_ses01ses02-to-ses03 seed=4 acc=0.5050 (ntr=320 nval=80 nte=200)
2026-06-09 09:27:51 | INFO    | train_session_alignment | [align] riemannian_alignment   eegnet      multi_sub-015_ses01ses02-to-ses03 seed=4 acc=0.6900 (ntr=320 nval=80 nte=200)
2026-06-09 09:27:58 | INFO    | train_session_alignment | [align] riemannian_alignment   eegnet      multi_sub-016_ses01ses02-to-ses03 seed=4 acc=0.5550 (ntr=320 nval=80 nte=200)
2026-06-09 09:28:09 | INFO    | train_session_alignment | [align] riemannian_alignment   eegnet      multi_sub-017_ses01ses02-to-ses03 seed=4 acc=0.7700 (ntr=320 nval=80 nte=200)
2026-06-09 09:28:27 | INFO    | train_session_alignment | [align] riemannian_alignment   eegnet      multi_sub-018_ses01ses02-to-ses03 seed=4 acc=0.6800 (ntr=320 nval=80 nte=200)
2026-06-09 09:28:39 | INFO    | train_session_alignment | [align] riemannian_alignment   eegnet      multi_sub-019_ses01ses02-to-ses03 seed=4 acc=0.8800 (ntr=320 nval=80 nte=200)
2026-06-09 09:29:00 | INFO    | train_session_alignment | [align] riemannian_alignment   eegnet      multi_sub-020_ses01ses02-to-ses03 seed=4 acc=0.4850 (ntr=320 nval=80 nte=200)
2026-06-09 09:29:09 | INFO    | train_session_alignment | [align] riemannian_alignment   eegnet      multi_sub-021_ses01ses02-to-ses03 seed=4 acc=0.8200 (ntr=320 nval=80 nte=200)
2026-06-09 09:29:19 | INFO    | train_session_alignment | [align] riemannian_alignment   eegnet      multi_sub-022_ses01ses02-to-ses03 seed=4 acc=0.7600 (ntr=320 nval=80 nte=200)
2026-06-09 09:29:27 | INFO    | train_session_alignment | [align] riemannian_alignment   eegnet      multi_sub-025_ses01ses02-to-ses03 seed=4 acc=0.8200 (ntr=320 nval=80 nte=200)
2026-06-09 09:29:35 | INFO    | train_session_alignment | [align] riemannian_alignment   eegnet      multi_sub-027_ses01ses02-to-ses03 seed=4 acc=0.8450 (ntr=320 nval=80 nte=200)
2026-06-09 09:29:43 | INFO    | train_session_alignment | [align] riemannian_alignment   eegnet      multi_sub-028_ses01ses02-to-ses03 seed=4 acc=0.5500 (ntr=320 nval=80 nte=200)
2026-06-09 09:29:52 | INFO    | train_session_alignment | [align] riemannian_alignment   eegnet      multi_sub-029_ses01ses02-to-ses03 seed=4 acc=0.6650 (ntr=320 nval=80 nte=200)
2026-06-09 09:30:13 | INFO    | train_session_alignment | [align] riemannian_alignment   eegnet      multi_sub-030_ses01ses02-to-ses03 seed=4 acc=0.8600 (ntr=320 nval=80 nte=200)
2026-06-09 09:30:21 | INFO    | train_session_alignment | [align] riemannian_alignment   eegnet      multi_sub-031_ses01ses02-to-ses03 seed=4 acc=0.7550 (ntr=320 nval=80 nte=200)
2026-06-09 09:30:42 | INFO    | train_session_alignment | [align] riemannian_alignment   eegnet      multi_sub-033_ses01ses02-to-ses03 seed=4 acc=0.9600 (ntr=320 nval=80 nte=200)
2026-06-09 09:30:49 | INFO    | train_session_alignment | [align] riemannian_alignment   eegnet      multi_sub-034_ses01ses02-to-ses03 seed=4 acc=0.8200 (ntr=320 nval=80 nte=200)
2026-06-09 09:31:10 | INFO    | train_session_alignment | [align] riemannian_alignment   eegnet      multi_sub-035_ses01ses02-to-ses03 seed=4 acc=0.9300 (ntr=320 nval=80 nte=200)
2026-06-09 09:31:20 | INFO    | train_session_alignment | [align] riemannian_alignment   eegnet      multi_sub-036_ses01ses02-to-ses03 seed=4 acc=0.9750 (ntr=320 nval=80 nte=200)
2026-06-09 09:31:27 | INFO    | train_session_alignment | [align] riemannian_alignment   eegnet      multi_sub-037_ses01ses02-to-ses03 seed=4 acc=0.9300 (ntr=320 nval=80 nte=200)
2026-06-09 09:31:41 | INFO    | train_session_alignment | [align] riemannian_alignment   eegnet      multi_sub-038_ses01ses02-to-ses03 seed=4 acc=0.6000 (ntr=320 nval=80 nte=200)
2026-06-09 09:31:49 | INFO    | train_session_alignment | [align] riemannian_alignment   eegnet      multi_sub-039_ses01ses02-to-ses03 seed=4 acc=0.4200 (ntr=320 nval=80 nte=200)
2026-06-09 09:31:56 | INFO    | train_session_alignment | [align] riemannian_alignment   eegnet      multi_sub-040_ses01ses02-to-ses03 seed=4 acc=0.7100 (ntr=320 nval=80 nte=200)
2026-06-09 09:32:04 | INFO    | train_session_alignment | [align] riemannian_alignment   eegnet      multi_sub-041_ses01ses02-to-ses03 seed=4 acc=0.8550 (ntr=320 nval=80 nte=200)
2026-06-09 09:32:12 | INFO    | train_session_alignment | [align] riemannian_alignment   eegnet      multi_sub-042_ses01ses02-to-ses03 seed=4 acc=0.6650 (ntr=320 nval=80 nte=200)
2026-06-09 09:32:30 | INFO    | train_session_alignment | [align] riemannian_alignment   eegnet      multi_sub-043_ses01ses02-to-ses03 seed=4 acc=0.9900 (ntr=320 nval=80 nte=200)
2026-06-09 09:32:37 | INFO    | train_session_alignment | [align] riemannian_alignment   eegnet      multi_sub-044_ses01ses02-to-ses03 seed=4 acc=0.6250 (ntr=320 nval=80 nte=200)
2026-06-09 09:32:47 | INFO    | train_session_alignment | [align] riemannian_alignment   eegnet      multi_sub-045_ses01ses02-to-ses03 seed=4 acc=0.8750 (ntr=320 nval=80 nte=200)
2026-06-09 09:33:08 | INFO    | train_session_alignment | [align] riemannian_alignment   eegnet      multi_sub-046_ses01ses02-to-ses03 seed=4 acc=0.9450 (ntr=320 nval=80 nte=200)
2026-06-09 09:33:26 | INFO    | train_session_alignment | [align] riemannian_alignment   eegnet      multi_sub-047_ses01ses02-to-ses03 seed=4 acc=0.9000 (ntr=320 nval=80 nte=200)
2026-06-09 09:33:33 | INFO    | train_session_alignment | [align] riemannian_alignment   eegnet      multi_sub-048_ses01ses02-to-ses03 seed=4 acc=0.8600 (ntr=320 nval=80 nte=200)
2026-06-09 09:33:44 | INFO    | train_session_alignment | [align] riemannian_alignment   eegnet      multi_sub-049_ses01ses02-to-ses03 seed=4 acc=0.8350 (ntr=320 nval=80 nte=200)
2026-06-09 09:33:55 | INFO    | train_session_alignment | [align] riemannian_alignment   eegnet      multi_sub-050_ses01ses02-to-ses03 seed=4 acc=0.9200 (ntr=320 nval=80 nte=200)
2026-06-09 09:34:05 | INFO    | train_session_alignment | [align] riemannian_alignment   eegnet      multi_sub-051_ses01ses02-to-ses03 seed=4 acc=0.9000 (ntr=320 nval=80 nte=200)
2026-06-09 09:34:06 | INFO    | train_session_alignment | ALL DONE in 3059.0s | rows=335 ok=335 failed=0 | out=/share/home/yuan/SYX/eeg-mi-online/outputs/experiments/alignment_baseline_v1
Done: Tue Jun  9 09:34:06 CST 2026
