Project: /share/home/yuan/SYX/eeg-mi-online
Env    : mi_torch_cu118
Args   : --methods bn_statistics_adaptation --models deepconvnet --seeds 4 --protocols single,multi --tag-suffix bn_statistics_adaptation_deepconvnet_s4
Node   : gpu01 | Start: Tue Jun  9 13:16:48 CST 2026
Tue Jun  9 13:16:49 2026       
+-----------------------------------------------------------------------------------------+
| NVIDIA-SMI 570.153.02             Driver Version: 570.153.02     CUDA Version: 12.8     |
|-----------------------------------------+------------------------+----------------------+
| GPU  Name                 Persistence-M | Bus-Id          Disp.A | Volatile Uncorr. ECC |
| Fan  Temp   Perf          Pwr:Usage/Cap |           Memory-Usage | GPU-Util  Compute M. |
|                                         |                        |               MIG M. |
|=========================================+========================+======================|
|   0  NVIDIA GeForce RTX 4090 D      On  |   00000000:41:00.0 Off |                  Off |
| 82%   49C    P0             74W /  425W |       1MiB /  24564MiB |      0%      Default |
|                                         |                        |                  N/A |
+-----------------------------------------+------------------------+----------------------+
                                                                                         
+-----------------------------------------------------------------------------------------+
| Processes:                                                                              |
|  GPU   GI   CI              PID   Type   Process name                        GPU Memory |
|        ID   ID                                                               Usage      |
|=========================================================================================|
|  No running processes found                                                             |
+-----------------------------------------------------------------------------------------+
[cuda-check] torch=2.7.1+cu118 cuda_build=11.8 cuda_avail=True
2026-06-09 13:16:52 | INFO    | train_session_alignment | device=cuda | cuda={'torch': '2.7.1+cu118', 'cuda_build': '11.8', 'cuda_available': True, 'device': 'cuda', 'device_name': 'NVIDIA GeForce RTX 4090 D'}
2026-06-09 13:16:52 | INFO    | train_session_alignment | loaded 148 ok sessions | methods=['bn_statistics_adaptation'] | models=['deepconvnet'] | seeds=[4] | groups=['single', 'multi'] | tasks=335
2026-06-09 13:17:01 | INFO    | train_session_alignment | [align] bn_statistics_adaptation deepconvnet single_sub-001_ses01-to-ses02 seed=4 acc=0.5250 (ntr=160 nval=40 nte=200)
2026-06-09 13:17:07 | INFO    | train_session_alignment | [align] bn_statistics_adaptation deepconvnet single_sub-001_ses01-to-ses03 seed=4 acc=0.6250 (ntr=160 nval=40 nte=200)
2026-06-09 13:17:19 | INFO    | train_session_alignment | [align] bn_statistics_adaptation deepconvnet single_sub-001_ses02-to-ses01 seed=4 acc=0.6850 (ntr=160 nval=40 nte=200)
2026-06-09 13:17:31 | INFO    | train_session_alignment | [align] bn_statistics_adaptation deepconvnet single_sub-001_ses02-to-ses03 seed=4 acc=0.9500 (ntr=160 nval=40 nte=200)
2026-06-09 13:17:44 | INFO    | train_session_alignment | [align] bn_statistics_adaptation deepconvnet single_sub-001_ses03-to-ses01 seed=4 acc=0.7050 (ntr=160 nval=40 nte=200)
2026-06-09 13:17:57 | INFO    | train_session_alignment | [align] bn_statistics_adaptation deepconvnet single_sub-001_ses03-to-ses02 seed=4 acc=0.8950 (ntr=160 nval=40 nte=200)
2026-06-09 13:18:03 | INFO    | train_session_alignment | [align] bn_statistics_adaptation deepconvnet single_sub-002_ses01-to-ses02 seed=4 acc=0.5700 (ntr=160 nval=40 nte=200)
2026-06-09 13:18:09 | INFO    | train_session_alignment | [align] bn_statistics_adaptation deepconvnet single_sub-002_ses01-to-ses03 seed=4 acc=0.5800 (ntr=160 nval=40 nte=200)
2026-06-09 13:18:16 | INFO    | train_session_alignment | [align] bn_statistics_adaptation deepconvnet single_sub-002_ses02-to-ses01 seed=4 acc=0.5700 (ntr=160 nval=40 nte=200)
2026-06-09 13:18:23 | INFO    | train_session_alignment | [align] bn_statistics_adaptation deepconvnet single_sub-002_ses02-to-ses03 seed=4 acc=0.6800 (ntr=160 nval=40 nte=200)
2026-06-09 13:18:40 | INFO    | train_session_alignment | [align] bn_statistics_adaptation deepconvnet single_sub-002_ses03-to-ses01 seed=4 acc=0.6750 (ntr=160 nval=40 nte=200)
2026-06-09 13:18:57 | INFO    | train_session_alignment | [align] bn_statistics_adaptation deepconvnet single_sub-002_ses03-to-ses02 seed=4 acc=0.6150 (ntr=160 nval=40 nte=200)
2026-06-09 13:19:07 | INFO    | train_session_alignment | [align] bn_statistics_adaptation deepconvnet single_sub-003_ses01-to-ses02 seed=4 acc=0.8000 (ntr=160 nval=40 nte=200)
2026-06-09 13:19:18 | INFO    | train_session_alignment | [align] bn_statistics_adaptation deepconvnet single_sub-003_ses01-to-ses03 seed=4 acc=0.4900 (ntr=160 nval=40 nte=200)
2026-06-09 13:19:32 | INFO    | train_session_alignment | [align] bn_statistics_adaptation deepconvnet single_sub-003_ses02-to-ses01 seed=4 acc=0.7700 (ntr=160 nval=40 nte=200)
2026-06-09 13:19:45 | INFO    | train_session_alignment | [align] bn_statistics_adaptation deepconvnet single_sub-003_ses02-to-ses03 seed=4 acc=0.6200 (ntr=160 nval=40 nte=200)
2026-06-09 13:19:54 | INFO    | train_session_alignment | [align] bn_statistics_adaptation deepconvnet single_sub-003_ses03-to-ses01 seed=4 acc=0.6300 (ntr=160 nval=40 nte=200)
2026-06-09 13:20:02 | INFO    | train_session_alignment | [align] bn_statistics_adaptation deepconvnet single_sub-003_ses03-to-ses02 seed=4 acc=0.6100 (ntr=160 nval=40 nte=200)
2026-06-09 13:20:09 | INFO    | train_session_alignment | [align] bn_statistics_adaptation deepconvnet single_sub-004_ses01-to-ses02 seed=4 acc=0.5150 (ntr=160 nval=40 nte=200)
2026-06-09 13:20:16 | INFO    | train_session_alignment | [align] bn_statistics_adaptation deepconvnet single_sub-004_ses01-to-ses03 seed=4 acc=0.4450 (ntr=160 nval=40 nte=200)
2026-06-09 13:20:21 | INFO    | train_session_alignment | [align] bn_statistics_adaptation deepconvnet single_sub-004_ses02-to-ses01 seed=4 acc=0.4950 (ntr=160 nval=40 nte=200)
2026-06-09 13:20:26 | INFO    | train_session_alignment | [align] bn_statistics_adaptation deepconvnet single_sub-004_ses02-to-ses03 seed=4 acc=0.4750 (ntr=160 nval=40 nte=200)
2026-06-09 13:20:33 | INFO    | train_session_alignment | [align] bn_statistics_adaptation deepconvnet single_sub-004_ses03-to-ses01 seed=4 acc=0.5350 (ntr=160 nval=40 nte=200)
2026-06-09 13:20:39 | INFO    | train_session_alignment | [align] bn_statistics_adaptation deepconvnet single_sub-004_ses03-to-ses02 seed=4 acc=0.5250 (ntr=160 nval=40 nte=200)
2026-06-09 13:20:52 | INFO    | train_session_alignment | [align] bn_statistics_adaptation deepconvnet single_sub-005_ses01-to-ses02 seed=4 acc=0.8500 (ntr=160 nval=40 nte=200)
2026-06-09 13:21:05 | INFO    | train_session_alignment | [align] bn_statistics_adaptation deepconvnet single_sub-005_ses01-to-ses03 seed=4 acc=0.6700 (ntr=160 nval=40 nte=200)
2026-06-09 13:21:15 | INFO    | train_session_alignment | [align] bn_statistics_adaptation deepconvnet single_sub-005_ses02-to-ses01 seed=4 acc=0.7800 (ntr=160 nval=40 nte=200)
2026-06-09 13:21:25 | INFO    | train_session_alignment | [align] bn_statistics_adaptation deepconvnet single_sub-005_ses02-to-ses03 seed=4 acc=0.5100 (ntr=160 nval=40 nte=200)
2026-06-09 13:21:31 | INFO    | train_session_alignment | [align] bn_statistics_adaptation deepconvnet single_sub-005_ses03-to-ses01 seed=4 acc=0.5150 (ntr=160 nval=40 nte=200)
2026-06-09 13:21:36 | INFO    | train_session_alignment | [align] bn_statistics_adaptation deepconvnet single_sub-005_ses03-to-ses02 seed=4 acc=0.5350 (ntr=160 nval=40 nte=200)
2026-06-09 13:21:51 | INFO    | train_session_alignment | [align] bn_statistics_adaptation deepconvnet single_sub-006_ses01-to-ses02 seed=4 acc=0.8700 (ntr=160 nval=40 nte=200)
2026-06-09 13:22:06 | INFO    | train_session_alignment | [align] bn_statistics_adaptation deepconvnet single_sub-006_ses01-to-ses03 seed=4 acc=0.9500 (ntr=160 nval=40 nte=200)
2026-06-09 13:22:21 | INFO    | train_session_alignment | [align] bn_statistics_adaptation deepconvnet single_sub-006_ses02-to-ses01 seed=4 acc=0.7400 (ntr=160 nval=40 nte=200)
2026-06-09 13:22:37 | INFO    | train_session_alignment | [align] bn_statistics_adaptation deepconvnet single_sub-006_ses02-to-ses03 seed=4 acc=0.8550 (ntr=160 nval=40 nte=200)
2026-06-09 13:22:49 | INFO    | train_session_alignment | [align] bn_statistics_adaptation deepconvnet single_sub-006_ses03-to-ses01 seed=4 acc=0.7750 (ntr=160 nval=40 nte=200)
2026-06-09 13:23:01 | INFO    | train_session_alignment | [align] bn_statistics_adaptation deepconvnet single_sub-006_ses03-to-ses02 seed=4 acc=0.8600 (ntr=160 nval=40 nte=200)
2026-06-09 13:23:13 | INFO    | train_session_alignment | [align] bn_statistics_adaptation deepconvnet single_sub-007_ses01-to-ses02 seed=4 acc=0.7950 (ntr=160 nval=40 nte=200)
2026-06-09 13:23:24 | INFO    | train_session_alignment | [align] bn_statistics_adaptation deepconvnet single_sub-007_ses01-to-ses03 seed=4 acc=0.8200 (ntr=160 nval=40 nte=200)
2026-06-09 13:23:31 | INFO    | train_session_alignment | [align] bn_statistics_adaptation deepconvnet single_sub-007_ses02-to-ses01 seed=4 acc=0.6550 (ntr=160 nval=40 nte=200)
2026-06-09 13:23:39 | INFO    | train_session_alignment | [align] bn_statistics_adaptation deepconvnet single_sub-007_ses02-to-ses03 seed=4 acc=0.8650 (ntr=160 nval=40 nte=200)
2026-06-09 13:23:47 | INFO    | train_session_alignment | [align] bn_statistics_adaptation deepconvnet single_sub-007_ses03-to-ses01 seed=4 acc=0.6700 (ntr=160 nval=40 nte=200)
2026-06-09 13:23:56 | INFO    | train_session_alignment | [align] bn_statistics_adaptation deepconvnet single_sub-007_ses03-to-ses02 seed=4 acc=0.6800 (ntr=160 nval=40 nte=200)
2026-06-09 13:24:03 | INFO    | train_session_alignment | [align] bn_statistics_adaptation deepconvnet single_sub-008_ses01-to-ses02 seed=4 acc=0.5850 (ntr=160 nval=40 nte=200)
2026-06-09 13:24:10 | INFO    | train_session_alignment | [align] bn_statistics_adaptation deepconvnet single_sub-008_ses01-to-ses03 seed=4 acc=0.5150 (ntr=160 nval=40 nte=200)
2026-06-09 13:24:24 | INFO    | train_session_alignment | [align] bn_statistics_adaptation deepconvnet single_sub-008_ses02-to-ses01 seed=4 acc=0.6850 (ntr=160 nval=40 nte=200)
2026-06-09 13:24:38 | INFO    | train_session_alignment | [align] bn_statistics_adaptation deepconvnet single_sub-008_ses02-to-ses03 seed=4 acc=0.8200 (ntr=160 nval=40 nte=200)
2026-06-09 13:24:49 | INFO    | train_session_alignment | [align] bn_statistics_adaptation deepconvnet single_sub-008_ses03-to-ses01 seed=4 acc=0.5700 (ntr=160 nval=40 nte=200)
2026-06-09 13:25:01 | INFO    | train_session_alignment | [align] bn_statistics_adaptation deepconvnet single_sub-008_ses03-to-ses02 seed=4 acc=0.6850 (ntr=160 nval=40 nte=200)
2026-06-09 13:25:09 | INFO    | train_session_alignment | [align] bn_statistics_adaptation deepconvnet single_sub-009_ses01-to-ses02 seed=4 acc=0.7350 (ntr=160 nval=40 nte=200)
2026-06-09 13:25:18 | INFO    | train_session_alignment | [align] bn_statistics_adaptation deepconvnet single_sub-009_ses01-to-ses03 seed=4 acc=0.5700 (ntr=160 nval=40 nte=200)
2026-06-09 13:25:24 | INFO    | train_session_alignment | [align] bn_statistics_adaptation deepconvnet single_sub-009_ses02-to-ses01 seed=4 acc=0.6550 (ntr=160 nval=40 nte=200)
2026-06-09 13:25:29 | INFO    | train_session_alignment | [align] bn_statistics_adaptation deepconvnet single_sub-009_ses02-to-ses03 seed=4 acc=0.5900 (ntr=160 nval=40 nte=200)
2026-06-09 13:25:37 | INFO    | train_session_alignment | [align] bn_statistics_adaptation deepconvnet single_sub-009_ses03-to-ses01 seed=4 acc=0.6050 (ntr=160 nval=40 nte=200)
2026-06-09 13:25:44 | INFO    | train_session_alignment | [align] bn_statistics_adaptation deepconvnet single_sub-009_ses03-to-ses02 seed=4 acc=0.6000 (ntr=160 nval=40 nte=200)
2026-06-09 13:25:49 | INFO    | train_session_alignment | [align] bn_statistics_adaptation deepconvnet single_sub-010_ses01-to-ses02 seed=4 acc=0.6450 (ntr=160 nval=40 nte=200)
2026-06-09 13:25:54 | INFO    | train_session_alignment | [align] bn_statistics_adaptation deepconvnet single_sub-010_ses01-to-ses03 seed=4 acc=0.5750 (ntr=160 nval=40 nte=200)
2026-06-09 13:26:05 | INFO    | train_session_alignment | [align] bn_statistics_adaptation deepconvnet single_sub-010_ses02-to-ses01 seed=4 acc=0.7300 (ntr=160 nval=40 nte=200)
2026-06-09 13:26:16 | INFO    | train_session_alignment | [align] bn_statistics_adaptation deepconvnet single_sub-010_ses02-to-ses03 seed=4 acc=0.5700 (ntr=160 nval=40 nte=200)
2026-06-09 13:26:23 | INFO    | train_session_alignment | [align] bn_statistics_adaptation deepconvnet single_sub-010_ses03-to-ses01 seed=4 acc=0.4750 (ntr=160 nval=40 nte=200)
2026-06-09 13:26:30 | INFO    | train_session_alignment | [align] bn_statistics_adaptation deepconvnet single_sub-010_ses03-to-ses02 seed=4 acc=0.5000 (ntr=160 nval=40 nte=200)
2026-06-09 13:26:36 | INFO    | train_session_alignment | [align] bn_statistics_adaptation deepconvnet single_sub-011_ses01-to-ses02 seed=4 acc=0.6850 (ntr=160 nval=40 nte=200)
2026-06-09 13:26:42 | INFO    | train_session_alignment | [align] bn_statistics_adaptation deepconvnet single_sub-011_ses01-to-ses03 seed=4 acc=0.9450 (ntr=160 nval=40 nte=200)
2026-06-09 13:27:01 | INFO    | train_session_alignment | [align] bn_statistics_adaptation deepconvnet single_sub-011_ses02-to-ses01 seed=4 acc=0.8100 (ntr=160 nval=40 nte=200)
2026-06-09 13:27:19 | INFO    | train_session_alignment | [align] bn_statistics_adaptation deepconvnet single_sub-011_ses02-to-ses03 seed=4 acc=0.7300 (ntr=160 nval=40 nte=200)
2026-06-09 13:27:30 | INFO    | train_session_alignment | [align] bn_statistics_adaptation deepconvnet single_sub-011_ses03-to-ses01 seed=4 acc=0.8950 (ntr=160 nval=40 nte=200)
2026-06-09 13:27:42 | INFO    | train_session_alignment | [align] bn_statistics_adaptation deepconvnet single_sub-011_ses03-to-ses02 seed=4 acc=0.7250 (ntr=160 nval=40 nte=200)
2026-06-09 13:27:51 | INFO    | train_session_alignment | [align] bn_statistics_adaptation deepconvnet single_sub-012_ses01-to-ses02 seed=4 acc=0.5500 (ntr=160 nval=40 nte=200)
2026-06-09 13:27:59 | INFO    | train_session_alignment | [align] bn_statistics_adaptation deepconvnet single_sub-012_ses01-to-ses03 seed=4 acc=0.6100 (ntr=160 nval=40 nte=200)
2026-06-09 13:28:05 | INFO    | train_session_alignment | [align] bn_statistics_adaptation deepconvnet single_sub-012_ses02-to-ses01 seed=4 acc=0.5150 (ntr=160 nval=40 nte=200)
2026-06-09 13:28:10 | INFO    | train_session_alignment | [align] bn_statistics_adaptation deepconvnet single_sub-012_ses02-to-ses03 seed=4 acc=0.5100 (ntr=160 nval=40 nte=200)
2026-06-09 13:28:17 | INFO    | train_session_alignment | [align] bn_statistics_adaptation deepconvnet single_sub-012_ses03-to-ses01 seed=4 acc=0.4750 (ntr=160 nval=40 nte=200)
2026-06-09 13:28:23 | INFO    | train_session_alignment | [align] bn_statistics_adaptation deepconvnet single_sub-012_ses03-to-ses02 seed=4 acc=0.5100 (ntr=160 nval=40 nte=200)
2026-06-09 13:28:32 | INFO    | train_session_alignment | [align] bn_statistics_adaptation deepconvnet single_sub-013_ses01-to-ses02 seed=4 acc=0.7800 (ntr=160 nval=40 nte=200)
2026-06-09 13:28:41 | INFO    | train_session_alignment | [align] bn_statistics_adaptation deepconvnet single_sub-013_ses01-to-ses03 seed=4 acc=0.7400 (ntr=160 nval=40 nte=200)
2026-06-09 13:28:52 | INFO    | train_session_alignment | [align] bn_statistics_adaptation deepconvnet single_sub-013_ses02-to-ses01 seed=4 acc=0.6200 (ntr=160 nval=40 nte=200)
2026-06-09 13:29:02 | INFO    | train_session_alignment | [align] bn_statistics_adaptation deepconvnet single_sub-013_ses02-to-ses03 seed=4 acc=0.7250 (ntr=160 nval=40 nte=200)
2026-06-09 13:29:08 | INFO    | train_session_alignment | [align] bn_statistics_adaptation deepconvnet single_sub-013_ses03-to-ses01 seed=4 acc=0.6750 (ntr=160 nval=40 nte=200)
2026-06-09 13:29:14 | INFO    | train_session_alignment | [align] bn_statistics_adaptation deepconvnet single_sub-013_ses03-to-ses02 seed=4 acc=0.7600 (ntr=160 nval=40 nte=200)
2026-06-09 13:29:20 | INFO    | train_session_alignment | [align] bn_statistics_adaptation deepconvnet single_sub-014_ses01-to-ses02 seed=4 acc=0.5100 (ntr=160 nval=40 nte=200)
2026-06-09 13:29:25 | INFO    | train_session_alignment | [align] bn_statistics_adaptation deepconvnet single_sub-014_ses01-to-ses03 seed=4 acc=0.5100 (ntr=160 nval=40 nte=200)
2026-06-09 13:29:35 | INFO    | train_session_alignment | [align] bn_statistics_adaptation deepconvnet single_sub-014_ses02-to-ses01 seed=4 acc=0.5200 (ntr=160 nval=40 nte=200)
2026-06-09 13:29:44 | INFO    | train_session_alignment | [align] bn_statistics_adaptation deepconvnet single_sub-014_ses02-to-ses03 seed=4 acc=0.4500 (ntr=160 nval=40 nte=200)
2026-06-09 13:29:51 | INFO    | train_session_alignment | [align] bn_statistics_adaptation deepconvnet single_sub-014_ses03-to-ses01 seed=4 acc=0.5150 (ntr=160 nval=40 nte=200)
2026-06-09 13:29:57 | INFO    | train_session_alignment | [align] bn_statistics_adaptation deepconvnet single_sub-014_ses03-to-ses02 seed=4 acc=0.5350 (ntr=160 nval=40 nte=200)
2026-06-09 13:30:12 | INFO    | train_session_alignment | [align] bn_statistics_adaptation deepconvnet single_sub-015_ses01-to-ses02 seed=4 acc=0.6400 (ntr=160 nval=40 nte=200)
2026-06-09 13:30:28 | INFO    | train_session_alignment | [align] bn_statistics_adaptation deepconvnet single_sub-015_ses01-to-ses03 seed=4 acc=0.5700 (ntr=160 nval=40 nte=200)
2026-06-09 13:30:33 | INFO    | train_session_alignment | [align] bn_statistics_adaptation deepconvnet single_sub-015_ses02-to-ses01 seed=4 acc=0.5600 (ntr=160 nval=40 nte=200)
2026-06-09 13:30:39 | INFO    | train_session_alignment | [align] bn_statistics_adaptation deepconvnet single_sub-015_ses02-to-ses03 seed=4 acc=0.4900 (ntr=160 nval=40 nte=200)
2026-06-09 13:30:48 | INFO    | train_session_alignment | [align] bn_statistics_adaptation deepconvnet single_sub-015_ses03-to-ses01 seed=4 acc=0.6150 (ntr=160 nval=40 nte=200)
2026-06-09 13:30:58 | INFO    | train_session_alignment | [align] bn_statistics_adaptation deepconvnet single_sub-015_ses03-to-ses02 seed=4 acc=0.6800 (ntr=160 nval=40 nte=200)
2026-06-09 13:31:03 | INFO    | train_session_alignment | [align] bn_statistics_adaptation deepconvnet single_sub-016_ses01-to-ses02 seed=4 acc=0.4700 (ntr=160 nval=40 nte=200)
2026-06-09 13:31:09 | INFO    | train_session_alignment | [align] bn_statistics_adaptation deepconvnet single_sub-016_ses01-to-ses03 seed=4 acc=0.5200 (ntr=160 nval=40 nte=200)
2026-06-09 13:31:14 | INFO    | train_session_alignment | [align] bn_statistics_adaptation deepconvnet single_sub-016_ses02-to-ses01 seed=4 acc=0.5600 (ntr=160 nval=40 nte=200)
2026-06-09 13:31:19 | INFO    | train_session_alignment | [align] bn_statistics_adaptation deepconvnet single_sub-016_ses02-to-ses03 seed=4 acc=0.5200 (ntr=160 nval=40 nte=200)
2026-06-09 13:31:25 | INFO    | train_session_alignment | [align] bn_statistics_adaptation deepconvnet single_sub-016_ses03-to-ses01 seed=4 acc=0.4550 (ntr=160 nval=40 nte=200)
2026-06-09 13:31:31 | INFO    | train_session_alignment | [align] bn_statistics_adaptation deepconvnet single_sub-016_ses03-to-ses02 seed=4 acc=0.6200 (ntr=160 nval=40 nte=200)
2026-06-09 13:31:40 | INFO    | train_session_alignment | [align] bn_statistics_adaptation deepconvnet single_sub-017_ses01-to-ses02 seed=4 acc=0.7300 (ntr=160 nval=40 nte=200)
2026-06-09 13:31:48 | INFO    | train_session_alignment | [align] bn_statistics_adaptation deepconvnet single_sub-017_ses01-to-ses03 seed=4 acc=0.6900 (ntr=160 nval=40 nte=200)
2026-06-09 13:31:55 | INFO    | train_session_alignment | [align] bn_statistics_adaptation deepconvnet single_sub-017_ses02-to-ses01 seed=4 acc=0.7550 (ntr=160 nval=40 nte=200)
2026-06-09 13:32:02 | INFO    | train_session_alignment | [align] bn_statistics_adaptation deepconvnet single_sub-017_ses02-to-ses03 seed=4 acc=0.5650 (ntr=160 nval=40 nte=200)
2026-06-09 13:32:09 | INFO    | train_session_alignment | [align] bn_statistics_adaptation deepconvnet single_sub-017_ses03-to-ses01 seed=4 acc=0.6750 (ntr=160 nval=40 nte=200)
2026-06-09 13:32:16 | INFO    | train_session_alignment | [align] bn_statistics_adaptation deepconvnet single_sub-017_ses03-to-ses02 seed=4 acc=0.6900 (ntr=160 nval=40 nte=200)
2026-06-09 13:32:25 | INFO    | train_session_alignment | [align] bn_statistics_adaptation deepconvnet single_sub-018_ses01-to-ses02 seed=4 acc=0.6500 (ntr=160 nval=40 nte=200)
2026-06-09 13:32:33 | INFO    | train_session_alignment | [align] bn_statistics_adaptation deepconvnet single_sub-018_ses01-to-ses03 seed=4 acc=0.5650 (ntr=160 nval=40 nte=200)
2026-06-09 13:32:40 | INFO    | train_session_alignment | [align] bn_statistics_adaptation deepconvnet single_sub-018_ses02-to-ses01 seed=4 acc=0.6200 (ntr=160 nval=40 nte=200)
2026-06-09 13:32:47 | INFO    | train_session_alignment | [align] bn_statistics_adaptation deepconvnet single_sub-018_ses02-to-ses03 seed=4 acc=0.5750 (ntr=160 nval=40 nte=200)
2026-06-09 13:32:56 | INFO    | train_session_alignment | [align] bn_statistics_adaptation deepconvnet single_sub-018_ses03-to-ses01 seed=4 acc=0.6400 (ntr=160 nval=40 nte=200)
2026-06-09 13:33:04 | INFO    | train_session_alignment | [align] bn_statistics_adaptation deepconvnet single_sub-018_ses03-to-ses02 seed=4 acc=0.6150 (ntr=160 nval=40 nte=200)
2026-06-09 13:33:12 | INFO    | train_session_alignment | [align] bn_statistics_adaptation deepconvnet single_sub-019_ses01-to-ses02 seed=4 acc=0.5500 (ntr=160 nval=40 nte=200)
2026-06-09 13:33:19 | INFO    | train_session_alignment | [align] bn_statistics_adaptation deepconvnet single_sub-019_ses01-to-ses03 seed=4 acc=0.7250 (ntr=160 nval=40 nte=200)
2026-06-09 13:33:27 | INFO    | train_session_alignment | [align] bn_statistics_adaptation deepconvnet single_sub-019_ses02-to-ses01 seed=4 acc=0.6000 (ntr=160 nval=40 nte=200)
2026-06-09 13:33:35 | INFO    | train_session_alignment | [align] bn_statistics_adaptation deepconvnet single_sub-019_ses02-to-ses03 seed=4 acc=0.8650 (ntr=160 nval=40 nte=200)
2026-06-09 13:33:45 | INFO    | train_session_alignment | [align] bn_statistics_adaptation deepconvnet single_sub-019_ses03-to-ses01 seed=4 acc=0.5900 (ntr=160 nval=40 nte=200)
2026-06-09 13:33:55 | INFO    | train_session_alignment | [align] bn_statistics_adaptation deepconvnet single_sub-019_ses03-to-ses02 seed=4 acc=0.7200 (ntr=160 nval=40 nte=200)
2026-06-09 13:34:09 | INFO    | train_session_alignment | [align] bn_statistics_adaptation deepconvnet single_sub-020_ses01-to-ses02 seed=4 acc=0.8850 (ntr=160 nval=40 nte=200)
2026-06-09 13:34:24 | INFO    | train_session_alignment | [align] bn_statistics_adaptation deepconvnet single_sub-020_ses01-to-ses03 seed=4 acc=0.6150 (ntr=160 nval=40 nte=200)
2026-06-09 13:34:36 | INFO    | train_session_alignment | [align] bn_statistics_adaptation deepconvnet single_sub-020_ses02-to-ses01 seed=4 acc=0.6650 (ntr=160 nval=40 nte=200)
2026-06-09 13:34:47 | INFO    | train_session_alignment | [align] bn_statistics_adaptation deepconvnet single_sub-020_ses02-to-ses03 seed=4 acc=0.5550 (ntr=160 nval=40 nte=200)
2026-06-09 13:34:57 | INFO    | train_session_alignment | [align] bn_statistics_adaptation deepconvnet single_sub-020_ses03-to-ses01 seed=4 acc=0.4600 (ntr=160 nval=40 nte=200)
2026-06-09 13:35:07 | INFO    | train_session_alignment | [align] bn_statistics_adaptation deepconvnet single_sub-020_ses03-to-ses02 seed=4 acc=0.4350 (ntr=160 nval=40 nte=200)
2026-06-09 13:35:17 | INFO    | train_session_alignment | [align] bn_statistics_adaptation deepconvnet single_sub-021_ses01-to-ses02 seed=4 acc=0.6750 (ntr=160 nval=40 nte=200)
2026-06-09 13:35:27 | INFO    | train_session_alignment | [align] bn_statistics_adaptation deepconvnet single_sub-021_ses01-to-ses03 seed=4 acc=0.6900 (ntr=160 nval=40 nte=200)
2026-06-09 13:35:36 | INFO    | train_session_alignment | [align] bn_statistics_adaptation deepconvnet single_sub-021_ses02-to-ses01 seed=4 acc=0.6950 (ntr=160 nval=40 nte=200)
2026-06-09 13:35:45 | INFO    | train_session_alignment | [align] bn_statistics_adaptation deepconvnet single_sub-021_ses02-to-ses03 seed=4 acc=0.6550 (ntr=160 nval=40 nte=200)
2026-06-09 13:35:51 | INFO    | train_session_alignment | [align] bn_statistics_adaptation deepconvnet single_sub-021_ses03-to-ses01 seed=4 acc=0.6000 (ntr=160 nval=40 nte=200)
2026-06-09 13:35:56 | INFO    | train_session_alignment | [align] bn_statistics_adaptation deepconvnet single_sub-021_ses03-to-ses02 seed=4 acc=0.4950 (ntr=160 nval=40 nte=200)
2026-06-09 13:36:06 | INFO    | train_session_alignment | [align] bn_statistics_adaptation deepconvnet single_sub-022_ses01-to-ses02 seed=4 acc=0.6000 (ntr=160 nval=40 nte=200)
2026-06-09 13:36:16 | INFO    | train_session_alignment | [align] bn_statistics_adaptation deepconvnet single_sub-022_ses01-to-ses03 seed=4 acc=0.6200 (ntr=160 nval=40 nte=200)
2026-06-09 13:36:26 | INFO    | train_session_alignment | [align] bn_statistics_adaptation deepconvnet single_sub-022_ses02-to-ses01 seed=4 acc=0.4750 (ntr=160 nval=40 nte=200)
2026-06-09 13:36:35 | INFO    | train_session_alignment | [align] bn_statistics_adaptation deepconvnet single_sub-022_ses02-to-ses03 seed=4 acc=0.6300 (ntr=160 nval=40 nte=200)
2026-06-09 13:36:48 | INFO    | train_session_alignment | [align] bn_statistics_adaptation deepconvnet single_sub-022_ses03-to-ses01 seed=4 acc=0.5750 (ntr=160 nval=40 nte=200)
2026-06-09 13:37:00 | INFO    | train_session_alignment | [align] bn_statistics_adaptation deepconvnet single_sub-022_ses03-to-ses02 seed=4 acc=0.6700 (ntr=160 nval=40 nte=200)
2026-06-09 13:37:15 | INFO    | train_session_alignment | [align] bn_statistics_adaptation deepconvnet single_sub-023_ses02-to-ses03 seed=4 acc=0.7950 (ntr=160 nval=40 nte=200)
2026-06-09 13:37:23 | INFO    | train_session_alignment | [align] bn_statistics_adaptation deepconvnet single_sub-023_ses03-to-ses02 seed=4 acc=0.5550 (ntr=160 nval=40 nte=200)
2026-06-09 13:37:30 | INFO    | train_session_alignment | [align] bn_statistics_adaptation deepconvnet single_sub-025_ses01-to-ses02 seed=4 acc=0.8800 (ntr=160 nval=40 nte=200)
2026-06-09 13:37:36 | INFO    | train_session_alignment | [align] bn_statistics_adaptation deepconvnet single_sub-025_ses01-to-ses03 seed=4 acc=0.8350 (ntr=160 nval=40 nte=200)
2026-06-09 13:37:47 | INFO    | train_session_alignment | [align] bn_statistics_adaptation deepconvnet single_sub-025_ses02-to-ses01 seed=4 acc=0.8350 (ntr=160 nval=40 nte=200)
2026-06-09 13:37:58 | INFO    | train_session_alignment | [align] bn_statistics_adaptation deepconvnet single_sub-025_ses02-to-ses03 seed=4 acc=0.8550 (ntr=160 nval=40 nte=200)
2026-06-09 13:38:05 | INFO    | train_session_alignment | [align] bn_statistics_adaptation deepconvnet single_sub-025_ses03-to-ses01 seed=4 acc=0.8650 (ntr=160 nval=40 nte=200)
2026-06-09 13:38:11 | INFO    | train_session_alignment | [align] bn_statistics_adaptation deepconvnet single_sub-025_ses03-to-ses02 seed=4 acc=0.8900 (ntr=160 nval=40 nte=200)
2026-06-09 13:38:20 | INFO    | train_session_alignment | [align] bn_statistics_adaptation deepconvnet single_sub-026_ses02-to-ses03 seed=4 acc=0.8750 (ntr=160 nval=40 nte=200)
2026-06-09 13:38:27 | INFO    | train_session_alignment | [align] bn_statistics_adaptation deepconvnet single_sub-026_ses03-to-ses02 seed=4 acc=0.9000 (ntr=160 nval=40 nte=200)
2026-06-09 13:38:39 | INFO    | train_session_alignment | [align] bn_statistics_adaptation deepconvnet single_sub-027_ses01-to-ses02 seed=4 acc=0.5800 (ntr=160 nval=40 nte=200)
2026-06-09 13:38:52 | INFO    | train_session_alignment | [align] bn_statistics_adaptation deepconvnet single_sub-027_ses01-to-ses03 seed=4 acc=0.7100 (ntr=160 nval=40 nte=200)
2026-06-09 13:38:57 | INFO    | train_session_alignment | [align] bn_statistics_adaptation deepconvnet single_sub-027_ses02-to-ses01 seed=4 acc=0.5700 (ntr=160 nval=40 nte=200)
2026-06-09 13:39:03 | INFO    | train_session_alignment | [align] bn_statistics_adaptation deepconvnet single_sub-027_ses02-to-ses03 seed=4 acc=0.6000 (ntr=160 nval=40 nte=200)
2026-06-09 13:39:10 | INFO    | train_session_alignment | [align] bn_statistics_adaptation deepconvnet single_sub-027_ses03-to-ses01 seed=4 acc=0.7600 (ntr=160 nval=40 nte=200)
2026-06-09 13:39:17 | INFO    | train_session_alignment | [align] bn_statistics_adaptation deepconvnet single_sub-027_ses03-to-ses02 seed=4 acc=0.5600 (ntr=160 nval=40 nte=200)
2026-06-09 13:39:26 | INFO    | train_session_alignment | [align] bn_statistics_adaptation deepconvnet single_sub-028_ses01-to-ses02 seed=4 acc=0.7100 (ntr=160 nval=40 nte=200)
2026-06-09 13:39:36 | INFO    | train_session_alignment | [align] bn_statistics_adaptation deepconvnet single_sub-028_ses01-to-ses03 seed=4 acc=0.4700 (ntr=160 nval=40 nte=200)
2026-06-09 13:39:43 | INFO    | train_session_alignment | [align] bn_statistics_adaptation deepconvnet single_sub-028_ses02-to-ses01 seed=4 acc=0.7600 (ntr=160 nval=40 nte=200)
2026-06-09 13:39:51 | INFO    | train_session_alignment | [align] bn_statistics_adaptation deepconvnet single_sub-028_ses02-to-ses03 seed=4 acc=0.5650 (ntr=160 nval=40 nte=200)
2026-06-09 13:39:57 | INFO    | train_session_alignment | [align] bn_statistics_adaptation deepconvnet single_sub-028_ses03-to-ses01 seed=4 acc=0.6150 (ntr=160 nval=40 nte=200)
2026-06-09 13:40:04 | INFO    | train_session_alignment | [align] bn_statistics_adaptation deepconvnet single_sub-028_ses03-to-ses02 seed=4 acc=0.5700 (ntr=160 nval=40 nte=200)
2026-06-09 13:40:23 | INFO    | train_session_alignment | [align] bn_statistics_adaptation deepconvnet single_sub-029_ses01-to-ses02 seed=4 acc=0.6500 (ntr=160 nval=40 nte=200)
2026-06-09 13:40:41 | INFO    | train_session_alignment | [align] bn_statistics_adaptation deepconvnet single_sub-029_ses01-to-ses03 seed=4 acc=0.7000 (ntr=160 nval=40 nte=200)
2026-06-09 13:40:51 | INFO    | train_session_alignment | [align] bn_statistics_adaptation deepconvnet single_sub-029_ses02-to-ses01 seed=4 acc=0.3400 (ntr=160 nval=40 nte=200)
2026-06-09 13:41:01 | INFO    | train_session_alignment | [align] bn_statistics_adaptation deepconvnet single_sub-029_ses02-to-ses03 seed=4 acc=0.9400 (ntr=160 nval=40 nte=200)
2026-06-09 13:41:08 | INFO    | train_session_alignment | [align] bn_statistics_adaptation deepconvnet single_sub-029_ses03-to-ses01 seed=4 acc=0.3950 (ntr=160 nval=40 nte=200)
2026-06-09 13:41:15 | INFO    | train_session_alignment | [align] bn_statistics_adaptation deepconvnet single_sub-029_ses03-to-ses02 seed=4 acc=0.9100 (ntr=160 nval=40 nte=200)
2026-06-09 13:41:26 | INFO    | train_session_alignment | [align] bn_statistics_adaptation deepconvnet single_sub-030_ses01-to-ses02 seed=4 acc=0.8650 (ntr=160 nval=40 nte=200)
2026-06-09 13:41:36 | INFO    | train_session_alignment | [align] bn_statistics_adaptation deepconvnet single_sub-030_ses01-to-ses03 seed=4 acc=0.8350 (ntr=160 nval=40 nte=200)
2026-06-09 13:41:45 | INFO    | train_session_alignment | [align] bn_statistics_adaptation deepconvnet single_sub-030_ses02-to-ses01 seed=4 acc=0.5000 (ntr=160 nval=40 nte=200)
2026-06-09 13:41:54 | INFO    | train_session_alignment | [align] bn_statistics_adaptation deepconvnet single_sub-030_ses02-to-ses03 seed=4 acc=0.8850 (ntr=160 nval=40 nte=200)
2026-06-09 13:41:59 | INFO    | train_session_alignment | [align] bn_statistics_adaptation deepconvnet single_sub-030_ses03-to-ses01 seed=4 acc=0.5050 (ntr=160 nval=40 nte=200)
2026-06-09 13:42:05 | INFO    | train_session_alignment | [align] bn_statistics_adaptation deepconvnet single_sub-030_ses03-to-ses02 seed=4 acc=0.8600 (ntr=160 nval=40 nte=200)
2026-06-09 13:42:14 | INFO    | train_session_alignment | [align] bn_statistics_adaptation deepconvnet single_sub-031_ses01-to-ses02 seed=4 acc=0.6850 (ntr=160 nval=40 nte=200)
2026-06-09 13:42:23 | INFO    | train_session_alignment | [align] bn_statistics_adaptation deepconvnet single_sub-031_ses01-to-ses03 seed=4 acc=0.6050 (ntr=160 nval=40 nte=200)
2026-06-09 13:42:30 | INFO    | train_session_alignment | [align] bn_statistics_adaptation deepconvnet single_sub-031_ses02-to-ses01 seed=4 acc=0.7200 (ntr=160 nval=40 nte=200)
2026-06-09 13:42:37 | INFO    | train_session_alignment | [align] bn_statistics_adaptation deepconvnet single_sub-031_ses02-to-ses03 seed=4 acc=0.7600 (ntr=160 nval=40 nte=200)
2026-06-09 13:42:43 | INFO    | train_session_alignment | [align] bn_statistics_adaptation deepconvnet single_sub-031_ses03-to-ses01 seed=4 acc=0.6950 (ntr=160 nval=40 nte=200)
2026-06-09 13:42:49 | INFO    | train_session_alignment | [align] bn_statistics_adaptation deepconvnet single_sub-031_ses03-to-ses02 seed=4 acc=0.7750 (ntr=160 nval=40 nte=200)
2026-06-09 13:42:58 | INFO    | train_session_alignment | [align] bn_statistics_adaptation deepconvnet single_sub-032_ses01-to-ses03 seed=4 acc=0.5850 (ntr=160 nval=40 nte=200)
2026-06-09 13:43:05 | INFO    | train_session_alignment | [align] bn_statistics_adaptation deepconvnet single_sub-032_ses03-to-ses01 seed=4 acc=0.5450 (ntr=160 nval=40 nte=200)
2026-06-09 13:43:15 | INFO    | train_session_alignment | [align] bn_statistics_adaptation deepconvnet single_sub-033_ses01-to-ses02 seed=4 acc=0.8050 (ntr=160 nval=40 nte=200)
2026-06-09 13:43:24 | INFO    | train_session_alignment | [align] bn_statistics_adaptation deepconvnet single_sub-033_ses01-to-ses03 seed=4 acc=0.8100 (ntr=160 nval=40 nte=200)
2026-06-09 13:43:35 | INFO    | train_session_alignment | [align] bn_statistics_adaptation deepconvnet single_sub-033_ses02-to-ses01 seed=4 acc=0.8400 (ntr=160 nval=40 nte=200)
2026-06-09 13:43:45 | INFO    | train_session_alignment | [align] bn_statistics_adaptation deepconvnet single_sub-033_ses02-to-ses03 seed=4 acc=0.8000 (ntr=160 nval=40 nte=200)
2026-06-09 13:43:57 | INFO    | train_session_alignment | [align] bn_statistics_adaptation deepconvnet single_sub-033_ses03-to-ses01 seed=4 acc=0.8800 (ntr=160 nval=40 nte=200)
2026-06-09 13:44:09 | INFO    | train_session_alignment | [align] bn_statistics_adaptation deepconvnet single_sub-033_ses03-to-ses02 seed=4 acc=0.8700 (ntr=160 nval=40 nte=200)
2026-06-09 13:44:16 | INFO    | train_session_alignment | [align] bn_statistics_adaptation deepconvnet single_sub-034_ses01-to-ses02 seed=4 acc=0.8250 (ntr=160 nval=40 nte=200)
2026-06-09 13:44:24 | INFO    | train_session_alignment | [align] bn_statistics_adaptation deepconvnet single_sub-034_ses01-to-ses03 seed=4 acc=0.7400 (ntr=160 nval=40 nte=200)
2026-06-09 13:44:34 | INFO    | train_session_alignment | [align] bn_statistics_adaptation deepconvnet single_sub-034_ses02-to-ses01 seed=4 acc=0.5650 (ntr=160 nval=40 nte=200)
2026-06-09 13:44:43 | INFO    | train_session_alignment | [align] bn_statistics_adaptation deepconvnet single_sub-034_ses02-to-ses03 seed=4 acc=0.8900 (ntr=160 nval=40 nte=200)
2026-06-09 13:44:53 | INFO    | train_session_alignment | [align] bn_statistics_adaptation deepconvnet single_sub-034_ses03-to-ses01 seed=4 acc=0.6450 (ntr=160 nval=40 nte=200)
2026-06-09 13:45:02 | INFO    | train_session_alignment | [align] bn_statistics_adaptation deepconvnet single_sub-034_ses03-to-ses02 seed=4 acc=0.9400 (ntr=160 nval=40 nte=200)
2026-06-09 13:45:16 | INFO    | train_session_alignment | [align] bn_statistics_adaptation deepconvnet single_sub-035_ses01-to-ses02 seed=4 acc=0.9700 (ntr=160 nval=40 nte=200)
2026-06-09 13:45:30 | INFO    | train_session_alignment | [align] bn_statistics_adaptation deepconvnet single_sub-035_ses01-to-ses03 seed=4 acc=0.6950 (ntr=160 nval=40 nte=200)
2026-06-09 13:45:40 | INFO    | train_session_alignment | [align] bn_statistics_adaptation deepconvnet single_sub-035_ses02-to-ses01 seed=4 acc=0.9800 (ntr=160 nval=40 nte=200)
2026-06-09 13:45:50 | INFO    | train_session_alignment | [align] bn_statistics_adaptation deepconvnet single_sub-035_ses02-to-ses03 seed=4 acc=0.9400 (ntr=160 nval=40 nte=200)
2026-06-09 13:46:03 | INFO    | train_session_alignment | [align] bn_statistics_adaptation deepconvnet single_sub-035_ses03-to-ses01 seed=4 acc=0.9650 (ntr=160 nval=40 nte=200)
2026-06-09 13:46:17 | INFO    | train_session_alignment | [align] bn_statistics_adaptation deepconvnet single_sub-035_ses03-to-ses02 seed=4 acc=0.9500 (ntr=160 nval=40 nte=200)
2026-06-09 13:46:25 | INFO    | train_session_alignment | [align] bn_statistics_adaptation deepconvnet single_sub-036_ses01-to-ses02 seed=4 acc=0.9150 (ntr=160 nval=40 nte=200)
2026-06-09 13:46:32 | INFO    | train_session_alignment | [align] bn_statistics_adaptation deepconvnet single_sub-036_ses01-to-ses03 seed=4 acc=0.9800 (ntr=160 nval=40 nte=200)
2026-06-09 13:46:44 | INFO    | train_session_alignment | [align] bn_statistics_adaptation deepconvnet single_sub-036_ses02-to-ses01 seed=4 acc=0.8650 (ntr=160 nval=40 nte=200)
2026-06-09 13:46:55 | INFO    | train_session_alignment | [align] bn_statistics_adaptation deepconvnet single_sub-036_ses02-to-ses03 seed=4 acc=0.9850 (ntr=160 nval=40 nte=200)
2026-06-09 13:47:08 | INFO    | train_session_alignment | [align] bn_statistics_adaptation deepconvnet single_sub-036_ses03-to-ses01 seed=4 acc=0.8450 (ntr=160 nval=40 nte=200)
2026-06-09 13:47:20 | INFO    | train_session_alignment | [align] bn_statistics_adaptation deepconvnet single_sub-036_ses03-to-ses02 seed=4 acc=0.9300 (ntr=160 nval=40 nte=200)
2026-06-09 13:47:33 | INFO    | train_session_alignment | [align] bn_statistics_adaptation deepconvnet single_sub-037_ses01-to-ses02 seed=4 acc=0.9050 (ntr=160 nval=40 nte=200)
2026-06-09 13:47:47 | INFO    | train_session_alignment | [align] bn_statistics_adaptation deepconvnet single_sub-037_ses01-to-ses03 seed=4 acc=0.8750 (ntr=160 nval=40 nte=200)
2026-06-09 13:47:52 | INFO    | train_session_alignment | [align] bn_statistics_adaptation deepconvnet single_sub-037_ses02-to-ses01 seed=4 acc=0.5300 (ntr=160 nval=40 nte=200)
2026-06-09 13:47:58 | INFO    | train_session_alignment | [align] bn_statistics_adaptation deepconvnet single_sub-037_ses02-to-ses03 seed=4 acc=0.8950 (ntr=160 nval=40 nte=200)
2026-06-09 13:48:04 | INFO    | train_session_alignment | [align] bn_statistics_adaptation deepconvnet single_sub-037_ses03-to-ses01 seed=4 acc=0.7100 (ntr=160 nval=40 nte=200)
2026-06-09 13:48:11 | INFO    | train_session_alignment | [align] bn_statistics_adaptation deepconvnet single_sub-037_ses03-to-ses02 seed=4 acc=0.8950 (ntr=160 nval=40 nte=200)
2026-06-09 13:48:19 | INFO    | train_session_alignment | [align] bn_statistics_adaptation deepconvnet single_sub-038_ses01-to-ses02 seed=4 acc=0.6050 (ntr=160 nval=40 nte=200)
2026-06-09 13:48:27 | INFO    | train_session_alignment | [align] bn_statistics_adaptation deepconvnet single_sub-038_ses01-to-ses03 seed=4 acc=0.5050 (ntr=160 nval=40 nte=200)
2026-06-09 13:48:36 | INFO    | train_session_alignment | [align] bn_statistics_adaptation deepconvnet single_sub-038_ses02-to-ses01 seed=4 acc=0.4450 (ntr=160 nval=40 nte=200)
2026-06-09 13:48:46 | INFO    | train_session_alignment | [align] bn_statistics_adaptation deepconvnet single_sub-038_ses02-to-ses03 seed=4 acc=0.5400 (ntr=160 nval=40 nte=200)
2026-06-09 13:48:55 | INFO    | train_session_alignment | [align] bn_statistics_adaptation deepconvnet single_sub-038_ses03-to-ses01 seed=4 acc=0.5350 (ntr=160 nval=40 nte=200)
2026-06-09 13:49:04 | INFO    | train_session_alignment | [align] bn_statistics_adaptation deepconvnet single_sub-038_ses03-to-ses02 seed=4 acc=0.4800 (ntr=160 nval=40 nte=200)
2026-06-09 13:49:16 | INFO    | train_session_alignment | [align] bn_statistics_adaptation deepconvnet single_sub-039_ses01-to-ses02 seed=4 acc=0.4150 (ntr=160 nval=40 nte=200)
2026-06-09 13:49:29 | INFO    | train_session_alignment | [align] bn_statistics_adaptation deepconvnet single_sub-039_ses01-to-ses03 seed=4 acc=0.4250 (ntr=160 nval=40 nte=200)
2026-06-09 13:49:37 | INFO    | train_session_alignment | [align] bn_statistics_adaptation deepconvnet single_sub-039_ses02-to-ses01 seed=4 acc=0.4000 (ntr=160 nval=40 nte=200)
2026-06-09 13:49:44 | INFO    | train_session_alignment | [align] bn_statistics_adaptation deepconvnet single_sub-039_ses02-to-ses03 seed=4 acc=0.6900 (ntr=160 nval=40 nte=200)
2026-06-09 13:49:50 | INFO    | train_session_alignment | [align] bn_statistics_adaptation deepconvnet single_sub-039_ses03-to-ses01 seed=4 acc=0.4050 (ntr=160 nval=40 nte=200)
2026-06-09 13:49:55 | INFO    | train_session_alignment | [align] bn_statistics_adaptation deepconvnet single_sub-039_ses03-to-ses02 seed=4 acc=0.5550 (ntr=160 nval=40 nte=200)
2026-06-09 13:50:02 | INFO    | train_session_alignment | [align] bn_statistics_adaptation deepconvnet single_sub-040_ses01-to-ses02 seed=4 acc=0.6050 (ntr=160 nval=40 nte=200)
2026-06-09 13:50:08 | INFO    | train_session_alignment | [align] bn_statistics_adaptation deepconvnet single_sub-040_ses01-to-ses03 seed=4 acc=0.7100 (ntr=160 nval=40 nte=200)
2026-06-09 13:50:14 | INFO    | train_session_alignment | [align] bn_statistics_adaptation deepconvnet single_sub-040_ses02-to-ses01 seed=4 acc=0.6200 (ntr=160 nval=40 nte=200)
2026-06-09 13:50:20 | INFO    | train_session_alignment | [align] bn_statistics_adaptation deepconvnet single_sub-040_ses02-to-ses03 seed=4 acc=0.7100 (ntr=160 nval=40 nte=200)
2026-06-09 13:50:26 | INFO    | train_session_alignment | [align] bn_statistics_adaptation deepconvnet single_sub-040_ses03-to-ses01 seed=4 acc=0.6350 (ntr=160 nval=40 nte=200)
2026-06-09 13:50:33 | INFO    | train_session_alignment | [align] bn_statistics_adaptation deepconvnet single_sub-040_ses03-to-ses02 seed=4 acc=0.6350 (ntr=160 nval=40 nte=200)
2026-06-09 13:50:41 | INFO    | train_session_alignment | [align] bn_statistics_adaptation deepconvnet single_sub-041_ses01-to-ses02 seed=4 acc=0.8450 (ntr=160 nval=40 nte=200)
2026-06-09 13:50:48 | INFO    | train_session_alignment | [align] bn_statistics_adaptation deepconvnet single_sub-041_ses01-to-ses03 seed=4 acc=0.8750 (ntr=160 nval=40 nte=200)
2026-06-09 13:50:56 | INFO    | train_session_alignment | [align] bn_statistics_adaptation deepconvnet single_sub-041_ses02-to-ses01 seed=4 acc=0.8400 (ntr=160 nval=40 nte=200)
2026-06-09 13:51:03 | INFO    | train_session_alignment | [align] bn_statistics_adaptation deepconvnet single_sub-041_ses02-to-ses03 seed=4 acc=0.8600 (ntr=160 nval=40 nte=200)
2026-06-09 13:51:10 | INFO    | train_session_alignment | [align] bn_statistics_adaptation deepconvnet single_sub-041_ses03-to-ses01 seed=4 acc=0.8550 (ntr=160 nval=40 nte=200)
2026-06-09 13:51:17 | INFO    | train_session_alignment | [align] bn_statistics_adaptation deepconvnet single_sub-041_ses03-to-ses02 seed=4 acc=0.8050 (ntr=160 nval=40 nte=200)
2026-06-09 13:51:26 | INFO    | train_session_alignment | [align] bn_statistics_adaptation deepconvnet single_sub-042_ses01-to-ses02 seed=4 acc=0.6800 (ntr=160 nval=40 nte=200)
2026-06-09 13:51:36 | INFO    | train_session_alignment | [align] bn_statistics_adaptation deepconvnet single_sub-042_ses01-to-ses03 seed=4 acc=0.6200 (ntr=160 nval=40 nte=200)
2026-06-09 13:51:42 | INFO    | train_session_alignment | [align] bn_statistics_adaptation deepconvnet single_sub-042_ses02-to-ses01 seed=4 acc=0.5300 (ntr=160 nval=40 nte=200)
2026-06-09 13:51:47 | INFO    | train_session_alignment | [align] bn_statistics_adaptation deepconvnet single_sub-042_ses02-to-ses03 seed=4 acc=0.4900 (ntr=160 nval=40 nte=200)
2026-06-09 13:51:54 | INFO    | train_session_alignment | [align] bn_statistics_adaptation deepconvnet single_sub-042_ses03-to-ses01 seed=4 acc=0.6000 (ntr=160 nval=40 nte=200)
2026-06-09 13:52:02 | INFO    | train_session_alignment | [align] bn_statistics_adaptation deepconvnet single_sub-042_ses03-to-ses02 seed=4 acc=0.5750 (ntr=160 nval=40 nte=200)
2026-06-09 13:52:12 | INFO    | train_session_alignment | [align] bn_statistics_adaptation deepconvnet single_sub-043_ses01-to-ses02 seed=4 acc=0.9550 (ntr=160 nval=40 nte=200)
2026-06-09 13:52:23 | INFO    | train_session_alignment | [align] bn_statistics_adaptation deepconvnet single_sub-043_ses01-to-ses03 seed=4 acc=0.8950 (ntr=160 nval=40 nte=200)
2026-06-09 13:52:34 | INFO    | train_session_alignment | [align] bn_statistics_adaptation deepconvnet single_sub-043_ses02-to-ses01 seed=4 acc=0.9600 (ntr=160 nval=40 nte=200)
2026-06-09 13:52:44 | INFO    | train_session_alignment | [align] bn_statistics_adaptation deepconvnet single_sub-043_ses02-to-ses03 seed=4 acc=0.9000 (ntr=160 nval=40 nte=200)
2026-06-09 13:52:54 | INFO    | train_session_alignment | [align] bn_statistics_adaptation deepconvnet single_sub-043_ses03-to-ses01 seed=4 acc=0.9500 (ntr=160 nval=40 nte=200)
2026-06-09 13:53:04 | INFO    | train_session_alignment | [align] bn_statistics_adaptation deepconvnet single_sub-043_ses03-to-ses02 seed=4 acc=0.9200 (ntr=160 nval=40 nte=200)
2026-06-09 13:53:10 | INFO    | train_session_alignment | [align] bn_statistics_adaptation deepconvnet single_sub-044_ses01-to-ses02 seed=4 acc=0.5850 (ntr=160 nval=40 nte=200)
2026-06-09 13:53:17 | INFO    | train_session_alignment | [align] bn_statistics_adaptation deepconvnet single_sub-044_ses01-to-ses03 seed=4 acc=0.5700 (ntr=160 nval=40 nte=200)
2026-06-09 13:53:22 | INFO    | train_session_alignment | [align] bn_statistics_adaptation deepconvnet single_sub-044_ses02-to-ses01 seed=4 acc=0.5950 (ntr=160 nval=40 nte=200)
2026-06-09 13:53:27 | INFO    | train_session_alignment | [align] bn_statistics_adaptation deepconvnet single_sub-044_ses02-to-ses03 seed=4 acc=0.6200 (ntr=160 nval=40 nte=200)
2026-06-09 13:53:36 | INFO    | train_session_alignment | [align] bn_statistics_adaptation deepconvnet single_sub-044_ses03-to-ses01 seed=4 acc=0.6350 (ntr=160 nval=40 nte=200)
2026-06-09 13:53:44 | INFO    | train_session_alignment | [align] bn_statistics_adaptation deepconvnet single_sub-044_ses03-to-ses02 seed=4 acc=0.7300 (ntr=160 nval=40 nte=200)
2026-06-09 13:53:51 | INFO    | train_session_alignment | [align] bn_statistics_adaptation deepconvnet single_sub-045_ses01-to-ses02 seed=4 acc=0.7650 (ntr=160 nval=40 nte=200)
2026-06-09 13:53:58 | INFO    | train_session_alignment | [align] bn_statistics_adaptation deepconvnet single_sub-045_ses01-to-ses03 seed=4 acc=0.7600 (ntr=160 nval=40 nte=200)
2026-06-09 13:54:07 | INFO    | train_session_alignment | [align] bn_statistics_adaptation deepconvnet single_sub-045_ses02-to-ses01 seed=4 acc=0.7000 (ntr=160 nval=40 nte=200)
2026-06-09 13:54:16 | INFO    | train_session_alignment | [align] bn_statistics_adaptation deepconvnet single_sub-045_ses02-to-ses03 seed=4 acc=0.6750 (ntr=160 nval=40 nte=200)
2026-06-09 13:54:27 | INFO    | train_session_alignment | [align] bn_statistics_adaptation deepconvnet single_sub-045_ses03-to-ses01 seed=4 acc=0.8100 (ntr=160 nval=40 nte=200)
2026-06-09 13:54:38 | INFO    | train_session_alignment | [align] bn_statistics_adaptation deepconvnet single_sub-045_ses03-to-ses02 seed=4 acc=0.8000 (ntr=160 nval=40 nte=200)
2026-06-09 13:54:48 | INFO    | train_session_alignment | [align] bn_statistics_adaptation deepconvnet single_sub-046_ses01-to-ses02 seed=4 acc=0.9350 (ntr=160 nval=40 nte=200)
2026-06-09 13:54:59 | INFO    | train_session_alignment | [align] bn_statistics_adaptation deepconvnet single_sub-046_ses01-to-ses03 seed=4 acc=0.9350 (ntr=160 nval=40 nte=200)
2026-06-09 13:55:07 | INFO    | train_session_alignment | [align] bn_statistics_adaptation deepconvnet single_sub-046_ses02-to-ses01 seed=4 acc=0.9750 (ntr=160 nval=40 nte=200)
2026-06-09 13:55:15 | INFO    | train_session_alignment | [align] bn_statistics_adaptation deepconvnet single_sub-046_ses02-to-ses03 seed=4 acc=0.9250 (ntr=160 nval=40 nte=200)
2026-06-09 13:55:22 | INFO    | train_session_alignment | [align] bn_statistics_adaptation deepconvnet single_sub-046_ses03-to-ses01 seed=4 acc=0.9200 (ntr=160 nval=40 nte=200)
2026-06-09 13:55:29 | INFO    | train_session_alignment | [align] bn_statistics_adaptation deepconvnet single_sub-046_ses03-to-ses02 seed=4 acc=0.9450 (ntr=160 nval=40 nte=200)
2026-06-09 13:55:37 | INFO    | train_session_alignment | [align] bn_statistics_adaptation deepconvnet single_sub-047_ses01-to-ses02 seed=4 acc=0.7500 (ntr=160 nval=40 nte=200)
2026-06-09 13:55:45 | INFO    | train_session_alignment | [align] bn_statistics_adaptation deepconvnet single_sub-047_ses01-to-ses03 seed=4 acc=0.7600 (ntr=160 nval=40 nte=200)
2026-06-09 13:55:52 | INFO    | train_session_alignment | [align] bn_statistics_adaptation deepconvnet single_sub-047_ses02-to-ses01 seed=4 acc=0.7100 (ntr=160 nval=40 nte=200)
2026-06-09 13:55:58 | INFO    | train_session_alignment | [align] bn_statistics_adaptation deepconvnet single_sub-047_ses02-to-ses03 seed=4 acc=0.6200 (ntr=160 nval=40 nte=200)
2026-06-09 13:56:06 | INFO    | train_session_alignment | [align] bn_statistics_adaptation deepconvnet single_sub-047_ses03-to-ses01 seed=4 acc=0.7250 (ntr=160 nval=40 nte=200)
2026-06-09 13:56:14 | INFO    | train_session_alignment | [align] bn_statistics_adaptation deepconvnet single_sub-047_ses03-to-ses02 seed=4 acc=0.7150 (ntr=160 nval=40 nte=200)
2026-06-09 13:56:20 | INFO    | train_session_alignment | [align] bn_statistics_adaptation deepconvnet single_sub-048_ses01-to-ses02 seed=4 acc=0.8250 (ntr=160 nval=40 nte=200)
2026-06-09 13:56:26 | INFO    | train_session_alignment | [align] bn_statistics_adaptation deepconvnet single_sub-048_ses01-to-ses03 seed=4 acc=0.8000 (ntr=160 nval=40 nte=200)
2026-06-09 13:56:32 | INFO    | train_session_alignment | [align] bn_statistics_adaptation deepconvnet single_sub-048_ses02-to-ses01 seed=4 acc=0.8100 (ntr=160 nval=40 nte=200)
2026-06-09 13:56:38 | INFO    | train_session_alignment | [align] bn_statistics_adaptation deepconvnet single_sub-048_ses02-to-ses03 seed=4 acc=0.8150 (ntr=160 nval=40 nte=200)
2026-06-09 13:56:45 | INFO    | train_session_alignment | [align] bn_statistics_adaptation deepconvnet single_sub-048_ses03-to-ses01 seed=4 acc=0.8650 (ntr=160 nval=40 nte=200)
2026-06-09 13:56:51 | INFO    | train_session_alignment | [align] bn_statistics_adaptation deepconvnet single_sub-048_ses03-to-ses02 seed=4 acc=0.8450 (ntr=160 nval=40 nte=200)
2026-06-09 13:57:04 | INFO    | train_session_alignment | [align] bn_statistics_adaptation deepconvnet single_sub-049_ses01-to-ses02 seed=4 acc=0.5300 (ntr=160 nval=40 nte=200)
2026-06-09 13:57:16 | INFO    | train_session_alignment | [align] bn_statistics_adaptation deepconvnet single_sub-049_ses01-to-ses03 seed=4 acc=0.6850 (ntr=160 nval=40 nte=200)
2026-06-09 13:57:22 | INFO    | train_session_alignment | [align] bn_statistics_adaptation deepconvnet single_sub-049_ses02-to-ses01 seed=4 acc=0.5950 (ntr=160 nval=40 nte=200)
2026-06-09 13:57:28 | INFO    | train_session_alignment | [align] bn_statistics_adaptation deepconvnet single_sub-049_ses02-to-ses03 seed=4 acc=0.5900 (ntr=160 nval=40 nte=200)
2026-06-09 13:57:44 | INFO    | train_session_alignment | [align] bn_statistics_adaptation deepconvnet single_sub-049_ses03-to-ses01 seed=4 acc=0.8550 (ntr=160 nval=40 nte=200)
2026-06-09 13:57:59 | INFO    | train_session_alignment | [align] bn_statistics_adaptation deepconvnet single_sub-049_ses03-to-ses02 seed=4 acc=0.7700 (ntr=160 nval=40 nte=200)
2026-06-09 13:58:11 | INFO    | train_session_alignment | [align] bn_statistics_adaptation deepconvnet single_sub-050_ses01-to-ses02 seed=4 acc=0.8350 (ntr=160 nval=40 nte=200)
2026-06-09 13:58:22 | INFO    | train_session_alignment | [align] bn_statistics_adaptation deepconvnet single_sub-050_ses01-to-ses03 seed=4 acc=0.8300 (ntr=160 nval=40 nte=200)
2026-06-09 13:58:34 | INFO    | train_session_alignment | [align] bn_statistics_adaptation deepconvnet single_sub-050_ses02-to-ses01 seed=4 acc=0.7550 (ntr=160 nval=40 nte=200)
2026-06-09 13:58:45 | INFO    | train_session_alignment | [align] bn_statistics_adaptation deepconvnet single_sub-050_ses02-to-ses03 seed=4 acc=0.8900 (ntr=160 nval=40 nte=200)
2026-06-09 13:58:52 | INFO    | train_session_alignment | [align] bn_statistics_adaptation deepconvnet single_sub-050_ses03-to-ses01 seed=4 acc=0.7000 (ntr=160 nval=40 nte=200)
2026-06-09 13:58:58 | INFO    | train_session_alignment | [align] bn_statistics_adaptation deepconvnet single_sub-050_ses03-to-ses02 seed=4 acc=0.8750 (ntr=160 nval=40 nte=200)
2026-06-09 13:59:08 | INFO    | train_session_alignment | [align] bn_statistics_adaptation deepconvnet single_sub-051_ses01-to-ses02 seed=4 acc=0.6500 (ntr=160 nval=40 nte=200)
2026-06-09 13:59:18 | INFO    | train_session_alignment | [align] bn_statistics_adaptation deepconvnet single_sub-051_ses01-to-ses03 seed=4 acc=0.7600 (ntr=160 nval=40 nte=200)
2026-06-09 13:59:26 | INFO    | train_session_alignment | [align] bn_statistics_adaptation deepconvnet single_sub-051_ses02-to-ses01 seed=4 acc=0.6300 (ntr=160 nval=40 nte=200)
2026-06-09 13:59:32 | INFO    | train_session_alignment | [align] bn_statistics_adaptation deepconvnet single_sub-051_ses02-to-ses03 seed=4 acc=0.8100 (ntr=160 nval=40 nte=200)
2026-06-09 13:59:40 | INFO    | train_session_alignment | [align] bn_statistics_adaptation deepconvnet single_sub-051_ses03-to-ses01 seed=4 acc=0.6700 (ntr=160 nval=40 nte=200)
2026-06-09 13:59:47 | INFO    | train_session_alignment | [align] bn_statistics_adaptation deepconvnet single_sub-051_ses03-to-ses02 seed=4 acc=0.6200 (ntr=160 nval=40 nte=200)
2026-06-09 14:00:02 | INFO    | train_session_alignment | [align] bn_statistics_adaptation deepconvnet multi_sub-001_ses01ses02-to-ses03 seed=4 acc=0.9350 (ntr=320 nval=80 nte=200)
2026-06-09 14:00:09 | INFO    | train_session_alignment | [align] bn_statistics_adaptation deepconvnet multi_sub-002_ses01ses02-to-ses03 seed=4 acc=0.6850 (ntr=320 nval=80 nte=200)
2026-06-09 14:00:30 | INFO    | train_session_alignment | [align] bn_statistics_adaptation deepconvnet multi_sub-003_ses01ses02-to-ses03 seed=4 acc=0.7200 (ntr=320 nval=80 nte=200)
2026-06-09 14:00:37 | INFO    | train_session_alignment | [align] bn_statistics_adaptation deepconvnet multi_sub-004_ses01ses02-to-ses03 seed=4 acc=0.4600 (ntr=320 nval=80 nte=200)
2026-06-09 14:01:03 | INFO    | train_session_alignment | [align] bn_statistics_adaptation deepconvnet multi_sub-005_ses01ses02-to-ses03 seed=4 acc=0.7100 (ntr=320 nval=80 nte=200)
2026-06-09 14:01:13 | INFO    | train_session_alignment | [align] bn_statistics_adaptation deepconvnet multi_sub-006_ses01ses02-to-ses03 seed=4 acc=0.9600 (ntr=320 nval=80 nte=200)
2026-06-09 14:01:23 | INFO    | train_session_alignment | [align] bn_statistics_adaptation deepconvnet multi_sub-007_ses01ses02-to-ses03 seed=4 acc=0.8700 (ntr=320 nval=80 nte=200)
2026-06-09 14:01:32 | INFO    | train_session_alignment | [align] bn_statistics_adaptation deepconvnet multi_sub-008_ses01ses02-to-ses03 seed=4 acc=0.7700 (ntr=320 nval=80 nte=200)
2026-06-09 14:01:44 | INFO    | train_session_alignment | [align] bn_statistics_adaptation deepconvnet multi_sub-009_ses01ses02-to-ses03 seed=4 acc=0.6150 (ntr=320 nval=80 nte=200)
2026-06-09 14:01:54 | INFO    | train_session_alignment | [align] bn_statistics_adaptation deepconvnet multi_sub-010_ses01ses02-to-ses03 seed=4 acc=0.5600 (ntr=320 nval=80 nte=200)
2026-06-09 14:02:02 | INFO    | train_session_alignment | [align] bn_statistics_adaptation deepconvnet multi_sub-011_ses01ses02-to-ses03 seed=4 acc=0.8950 (ntr=320 nval=80 nte=200)
2026-06-09 14:02:09 | INFO    | train_session_alignment | [align] bn_statistics_adaptation deepconvnet multi_sub-012_ses01ses02-to-ses03 seed=4 acc=0.5300 (ntr=320 nval=80 nte=200)
2026-06-09 14:02:23 | INFO    | train_session_alignment | [align] bn_statistics_adaptation deepconvnet multi_sub-013_ses01ses02-to-ses03 seed=4 acc=0.7700 (ntr=320 nval=80 nte=200)
2026-06-09 14:02:36 | INFO    | train_session_alignment | [align] bn_statistics_adaptation deepconvnet multi_sub-014_ses01ses02-to-ses03 seed=4 acc=0.5000 (ntr=320 nval=80 nte=200)
2026-06-09 14:02:47 | INFO    | train_session_alignment | [align] bn_statistics_adaptation deepconvnet multi_sub-015_ses01ses02-to-ses03 seed=4 acc=0.5650 (ntr=320 nval=80 nte=200)
2026-06-09 14:02:56 | INFO    | train_session_alignment | [align] bn_statistics_adaptation deepconvnet multi_sub-016_ses01ses02-to-ses03 seed=4 acc=0.5700 (ntr=320 nval=80 nte=200)
2026-06-09 14:03:06 | INFO    | train_session_alignment | [align] bn_statistics_adaptation deepconvnet multi_sub-017_ses01ses02-to-ses03 seed=4 acc=0.7900 (ntr=320 nval=80 nte=200)
2026-06-09 14:03:21 | INFO    | train_session_alignment | [align] bn_statistics_adaptation deepconvnet multi_sub-018_ses01ses02-to-ses03 seed=4 acc=0.6600 (ntr=320 nval=80 nte=200)
2026-06-09 14:03:35 | INFO    | train_session_alignment | [align] bn_statistics_adaptation deepconvnet multi_sub-019_ses01ses02-to-ses03 seed=4 acc=0.8750 (ntr=320 nval=80 nte=200)
2026-06-09 14:03:57 | INFO    | train_session_alignment | [align] bn_statistics_adaptation deepconvnet multi_sub-020_ses01ses02-to-ses03 seed=4 acc=0.5900 (ntr=320 nval=80 nte=200)
2026-06-09 14:04:17 | INFO    | train_session_alignment | [align] bn_statistics_adaptation deepconvnet multi_sub-021_ses01ses02-to-ses03 seed=4 acc=0.7900 (ntr=320 nval=80 nte=200)
2026-06-09 14:04:28 | INFO    | train_session_alignment | [align] bn_statistics_adaptation deepconvnet multi_sub-022_ses01ses02-to-ses03 seed=4 acc=0.6950 (ntr=320 nval=80 nte=200)
2026-06-09 14:04:41 | INFO    | train_session_alignment | [align] bn_statistics_adaptation deepconvnet multi_sub-025_ses01ses02-to-ses03 seed=4 acc=0.8950 (ntr=320 nval=80 nte=200)
2026-06-09 14:04:53 | INFO    | train_session_alignment | [align] bn_statistics_adaptation deepconvnet multi_sub-027_ses01ses02-to-ses03 seed=4 acc=0.8350 (ntr=320 nval=80 nte=200)
2026-06-09 14:05:12 | INFO    | train_session_alignment | [align] bn_statistics_adaptation deepconvnet multi_sub-028_ses01ses02-to-ses03 seed=4 acc=0.5000 (ntr=320 nval=80 nte=200)
2026-06-09 14:05:40 | INFO    | train_session_alignment | [align] bn_statistics_adaptation deepconvnet multi_sub-029_ses01ses02-to-ses03 seed=4 acc=0.9550 (ntr=320 nval=80 nte=200)
2026-06-09 14:05:48 | INFO    | train_session_alignment | [align] bn_statistics_adaptation deepconvnet multi_sub-030_ses01ses02-to-ses03 seed=4 acc=0.8450 (ntr=320 nval=80 nte=200)
2026-06-09 14:05:56 | INFO    | train_session_alignment | [align] bn_statistics_adaptation deepconvnet multi_sub-031_ses01ses02-to-ses03 seed=4 acc=0.7350 (ntr=320 nval=80 nte=200)
2026-06-09 14:06:18 | INFO    | train_session_alignment | [align] bn_statistics_adaptation deepconvnet multi_sub-033_ses01ses02-to-ses03 seed=4 acc=0.9200 (ntr=320 nval=80 nte=200)
2026-06-09 14:06:30 | INFO    | train_session_alignment | [align] bn_statistics_adaptation deepconvnet multi_sub-034_ses01ses02-to-ses03 seed=4 acc=0.9400 (ntr=320 nval=80 nte=200)
2026-06-09 14:06:53 | INFO    | train_session_alignment | [align] bn_statistics_adaptation deepconvnet multi_sub-035_ses01ses02-to-ses03 seed=4 acc=0.5650 (ntr=320 nval=80 nte=200)
2026-06-09 14:07:09 | INFO    | train_session_alignment | [align] bn_statistics_adaptation deepconvnet multi_sub-036_ses01ses02-to-ses03 seed=4 acc=0.9850 (ntr=320 nval=80 nte=200)
2026-06-09 14:07:20 | INFO    | train_session_alignment | [align] bn_statistics_adaptation deepconvnet multi_sub-037_ses01ses02-to-ses03 seed=4 acc=0.8600 (ntr=320 nval=80 nte=200)
2026-06-09 14:07:28 | INFO    | train_session_alignment | [align] bn_statistics_adaptation deepconvnet multi_sub-038_ses01ses02-to-ses03 seed=4 acc=0.5900 (ntr=320 nval=80 nte=200)
2026-06-09 14:07:39 | INFO    | train_session_alignment | [align] bn_statistics_adaptation deepconvnet multi_sub-039_ses01ses02-to-ses03 seed=4 acc=0.5050 (ntr=320 nval=80 nte=200)
2026-06-09 14:07:47 | INFO    | train_session_alignment | [align] bn_statistics_adaptation deepconvnet multi_sub-040_ses01ses02-to-ses03 seed=4 acc=0.7000 (ntr=320 nval=80 nte=200)
2026-06-09 14:08:00 | INFO    | train_session_alignment | [align] bn_statistics_adaptation deepconvnet multi_sub-041_ses01ses02-to-ses03 seed=4 acc=0.9050 (ntr=320 nval=80 nte=200)
2026-06-09 14:08:15 | INFO    | train_session_alignment | [align] bn_statistics_adaptation deepconvnet multi_sub-042_ses01ses02-to-ses03 seed=4 acc=0.7100 (ntr=320 nval=80 nte=200)
2026-06-09 14:08:33 | INFO    | train_session_alignment | [align] bn_statistics_adaptation deepconvnet multi_sub-043_ses01ses02-to-ses03 seed=4 acc=0.9800 (ntr=320 nval=80 nte=200)
2026-06-09 14:08:44 | INFO    | train_session_alignment | [align] bn_statistics_adaptation deepconvnet multi_sub-044_ses01ses02-to-ses03 seed=4 acc=0.7300 (ntr=320 nval=80 nte=200)
2026-06-09 14:08:55 | INFO    | train_session_alignment | [align] bn_statistics_adaptation deepconvnet multi_sub-045_ses01ses02-to-ses03 seed=4 acc=0.8200 (ntr=320 nval=80 nte=200)
2026-06-09 14:09:24 | INFO    | train_session_alignment | [align] bn_statistics_adaptation deepconvnet multi_sub-046_ses01ses02-to-ses03 seed=4 acc=0.9750 (ntr=320 nval=80 nte=200)
2026-06-09 14:09:36 | INFO    | train_session_alignment | [align] bn_statistics_adaptation deepconvnet multi_sub-047_ses01ses02-to-ses03 seed=4 acc=0.7500 (ntr=320 nval=80 nte=200)
2026-06-09 14:09:50 | INFO    | train_session_alignment | [align] bn_statistics_adaptation deepconvnet multi_sub-048_ses01ses02-to-ses03 seed=4 acc=0.8050 (ntr=320 nval=80 nte=200)
2026-06-09 14:10:13 | INFO    | train_session_alignment | [align] bn_statistics_adaptation deepconvnet multi_sub-049_ses01ses02-to-ses03 seed=4 acc=0.8500 (ntr=320 nval=80 nte=200)
2026-06-09 14:10:29 | INFO    | train_session_alignment | [align] bn_statistics_adaptation deepconvnet multi_sub-050_ses01ses02-to-ses03 seed=4 acc=0.8950 (ntr=320 nval=80 nte=200)
2026-06-09 14:10:40 | INFO    | train_session_alignment | [align] bn_statistics_adaptation deepconvnet multi_sub-051_ses01ses02-to-ses03 seed=4 acc=0.8250 (ntr=320 nval=80 nte=200)
2026-06-09 14:10:40 | INFO    | train_session_alignment | ALL DONE in 3228.4s | rows=335 ok=335 failed=0 | out=/share/home/yuan/SYX/eeg-mi-online/outputs/experiments/alignment_baseline_v1
Done: Tue Jun  9 14:10:41 CST 2026
