Project: /share/home/yuan/SYX/eeg-mi-online
Env    : mi_torch_cu118
Args   : --methods euclidean_alignment --models eegnet --seeds 3 --protocols single,multi --tag-suffix euclidean_alignment_eegnet_s3
Node   : gpu01 | Start: Tue Jun  9 05:16:57 CST 2026
Tue Jun  9 05:16:58 2026       
+-----------------------------------------------------------------------------------------+
| NVIDIA-SMI 570.153.02             Driver Version: 570.153.02     CUDA Version: 12.8     |
|-----------------------------------------+------------------------+----------------------+
| GPU  Name                 Persistence-M | Bus-Id          Disp.A | Volatile Uncorr. ECC |
| Fan  Temp   Perf          Pwr:Usage/Cap |           Memory-Usage | GPU-Util  Compute M. |
|                                         |                        |               MIG M. |
|=========================================+========================+======================|
|   0  NVIDIA GeForce RTX 4090 D      On  |   00000000:01:00.0 Off |                  Off |
| 41%   45C    P0             50W /  425W |       1MiB /  24564MiB |      2%      Default |
|                                         |                        |                  N/A |
+-----------------------------------------+------------------------+----------------------+
                                                                                         
+-----------------------------------------------------------------------------------------+
| Processes:                                                                              |
|  GPU   GI   CI              PID   Type   Process name                        GPU Memory |
|        ID   ID                                                               Usage      |
|=========================================================================================|
|  No running processes found                                                             |
+-----------------------------------------------------------------------------------------+
[cuda-check] torch=2.7.1+cu118 cuda_build=11.8 cuda_avail=True
2026-06-09 05:17:01 | INFO    | train_session_alignment | device=cuda | cuda={'torch': '2.7.1+cu118', 'cuda_build': '11.8', 'cuda_available': True, 'device': 'cuda', 'device_name': 'NVIDIA GeForce RTX 4090 D'}
2026-06-09 05:17:01 | INFO    | train_session_alignment | loaded 148 ok sessions | methods=['euclidean_alignment'] | models=['eegnet'] | seeds=[3] | groups=['single', 'multi'] | tasks=335
2026-06-09 05:17:09 | INFO    | train_session_alignment | [align] euclidean_alignment    eegnet      single_sub-001_ses01-to-ses02 seed=3 acc=0.6750 (ntr=160 nval=40 nte=200)
2026-06-09 05:17:16 | INFO    | train_session_alignment | [align] euclidean_alignment    eegnet      single_sub-001_ses01-to-ses03 seed=3 acc=0.7500 (ntr=160 nval=40 nte=200)
2026-06-09 05:17:23 | INFO    | train_session_alignment | [align] euclidean_alignment    eegnet      single_sub-001_ses02-to-ses01 seed=3 acc=0.6900 (ntr=160 nval=40 nte=200)
2026-06-09 05:17:30 | INFO    | train_session_alignment | [align] euclidean_alignment    eegnet      single_sub-001_ses02-to-ses03 seed=3 acc=0.8800 (ntr=160 nval=40 nte=200)
2026-06-09 05:17:37 | INFO    | train_session_alignment | [align] euclidean_alignment    eegnet      single_sub-001_ses03-to-ses01 seed=3 acc=0.7400 (ntr=160 nval=40 nte=200)
2026-06-09 05:17:44 | INFO    | train_session_alignment | [align] euclidean_alignment    eegnet      single_sub-001_ses03-to-ses02 seed=3 acc=0.8000 (ntr=160 nval=40 nte=200)
2026-06-09 05:17:50 | INFO    | train_session_alignment | [align] euclidean_alignment    eegnet      single_sub-002_ses01-to-ses02 seed=3 acc=0.6250 (ntr=160 nval=40 nte=200)
2026-06-09 05:17:56 | INFO    | train_session_alignment | [align] euclidean_alignment    eegnet      single_sub-002_ses01-to-ses03 seed=3 acc=0.6450 (ntr=160 nval=40 nte=200)
2026-06-09 05:18:03 | INFO    | train_session_alignment | [align] euclidean_alignment    eegnet      single_sub-002_ses02-to-ses01 seed=3 acc=0.5750 (ntr=160 nval=40 nte=200)
2026-06-09 05:18:09 | INFO    | train_session_alignment | [align] euclidean_alignment    eegnet      single_sub-002_ses02-to-ses03 seed=3 acc=0.5900 (ntr=160 nval=40 nte=200)
2026-06-09 05:18:15 | INFO    | train_session_alignment | [align] euclidean_alignment    eegnet      single_sub-002_ses03-to-ses01 seed=3 acc=0.5600 (ntr=160 nval=40 nte=200)
2026-06-09 05:18:20 | INFO    | train_session_alignment | [align] euclidean_alignment    eegnet      single_sub-002_ses03-to-ses02 seed=3 acc=0.5600 (ntr=160 nval=40 nte=200)
2026-06-09 05:18:27 | INFO    | train_session_alignment | [align] euclidean_alignment    eegnet      single_sub-003_ses01-to-ses02 seed=3 acc=0.6100 (ntr=160 nval=40 nte=200)
2026-06-09 05:18:33 | INFO    | train_session_alignment | [align] euclidean_alignment    eegnet      single_sub-003_ses01-to-ses03 seed=3 acc=0.5900 (ntr=160 nval=40 nte=200)
2026-06-09 05:18:38 | INFO    | train_session_alignment | [align] euclidean_alignment    eegnet      single_sub-003_ses02-to-ses01 seed=3 acc=0.5450 (ntr=160 nval=40 nte=200)
2026-06-09 05:18:44 | INFO    | train_session_alignment | [align] euclidean_alignment    eegnet      single_sub-003_ses02-to-ses03 seed=3 acc=0.5050 (ntr=160 nval=40 nte=200)
2026-06-09 05:18:50 | INFO    | train_session_alignment | [align] euclidean_alignment    eegnet      single_sub-003_ses03-to-ses01 seed=3 acc=0.5800 (ntr=160 nval=40 nte=200)
2026-06-09 05:18:56 | INFO    | train_session_alignment | [align] euclidean_alignment    eegnet      single_sub-003_ses03-to-ses02 seed=3 acc=0.6400 (ntr=160 nval=40 nte=200)
2026-06-09 05:19:02 | INFO    | train_session_alignment | [align] euclidean_alignment    eegnet      single_sub-004_ses01-to-ses02 seed=3 acc=0.5250 (ntr=160 nval=40 nte=200)
2026-06-09 05:19:08 | INFO    | train_session_alignment | [align] euclidean_alignment    eegnet      single_sub-004_ses01-to-ses03 seed=3 acc=0.5450 (ntr=160 nval=40 nte=200)
2026-06-09 05:19:13 | INFO    | train_session_alignment | [align] euclidean_alignment    eegnet      single_sub-004_ses02-to-ses01 seed=3 acc=0.4900 (ntr=160 nval=40 nte=200)
2026-06-09 05:19:19 | INFO    | train_session_alignment | [align] euclidean_alignment    eegnet      single_sub-004_ses02-to-ses03 seed=3 acc=0.5250 (ntr=160 nval=40 nte=200)
2026-06-09 05:19:25 | INFO    | train_session_alignment | [align] euclidean_alignment    eegnet      single_sub-004_ses03-to-ses01 seed=3 acc=0.5150 (ntr=160 nval=40 nte=200)
2026-06-09 05:19:32 | INFO    | train_session_alignment | [align] euclidean_alignment    eegnet      single_sub-004_ses03-to-ses02 seed=3 acc=0.4800 (ntr=160 nval=40 nte=200)
2026-06-09 05:19:43 | INFO    | train_session_alignment | [align] euclidean_alignment    eegnet      single_sub-005_ses01-to-ses02 seed=3 acc=0.8200 (ntr=160 nval=40 nte=200)
2026-06-09 05:19:55 | INFO    | train_session_alignment | [align] euclidean_alignment    eegnet      single_sub-005_ses01-to-ses03 seed=3 acc=0.7000 (ntr=160 nval=40 nte=200)
2026-06-09 05:20:00 | INFO    | train_session_alignment | [align] euclidean_alignment    eegnet      single_sub-005_ses02-to-ses01 seed=3 acc=0.6850 (ntr=160 nval=40 nte=200)
2026-06-09 05:20:06 | INFO    | train_session_alignment | [align] euclidean_alignment    eegnet      single_sub-005_ses02-to-ses03 seed=3 acc=0.5500 (ntr=160 nval=40 nte=200)
2026-06-09 05:20:11 | INFO    | train_session_alignment | [align] euclidean_alignment    eegnet      single_sub-005_ses03-to-ses01 seed=3 acc=0.6250 (ntr=160 nval=40 nte=200)
2026-06-09 05:20:17 | INFO    | train_session_alignment | [align] euclidean_alignment    eegnet      single_sub-005_ses03-to-ses02 seed=3 acc=0.5650 (ntr=160 nval=40 nte=200)
2026-06-09 05:20:24 | INFO    | train_session_alignment | [align] euclidean_alignment    eegnet      single_sub-006_ses01-to-ses02 seed=3 acc=0.8650 (ntr=160 nval=40 nte=200)
2026-06-09 05:20:32 | INFO    | train_session_alignment | [align] euclidean_alignment    eegnet      single_sub-006_ses01-to-ses03 seed=3 acc=0.9300 (ntr=160 nval=40 nte=200)
2026-06-09 05:20:40 | INFO    | train_session_alignment | [align] euclidean_alignment    eegnet      single_sub-006_ses02-to-ses01 seed=3 acc=0.7800 (ntr=160 nval=40 nte=200)
2026-06-09 05:20:49 | INFO    | train_session_alignment | [align] euclidean_alignment    eegnet      single_sub-006_ses02-to-ses03 seed=3 acc=0.8950 (ntr=160 nval=40 nte=200)
2026-06-09 05:21:00 | INFO    | train_session_alignment | [align] euclidean_alignment    eegnet      single_sub-006_ses03-to-ses01 seed=3 acc=0.8500 (ntr=160 nval=40 nte=200)
2026-06-09 05:21:11 | INFO    | train_session_alignment | [align] euclidean_alignment    eegnet      single_sub-006_ses03-to-ses02 seed=3 acc=0.8450 (ntr=160 nval=40 nte=200)
2026-06-09 05:21:16 | INFO    | train_session_alignment | [align] euclidean_alignment    eegnet      single_sub-007_ses01-to-ses02 seed=3 acc=0.6600 (ntr=160 nval=40 nte=200)
2026-06-09 05:21:22 | INFO    | train_session_alignment | [align] euclidean_alignment    eegnet      single_sub-007_ses01-to-ses03 seed=3 acc=0.6600 (ntr=160 nval=40 nte=200)
2026-06-09 05:21:28 | INFO    | train_session_alignment | [align] euclidean_alignment    eegnet      single_sub-007_ses02-to-ses01 seed=3 acc=0.6800 (ntr=160 nval=40 nte=200)
2026-06-09 05:21:34 | INFO    | train_session_alignment | [align] euclidean_alignment    eegnet      single_sub-007_ses02-to-ses03 seed=3 acc=0.8150 (ntr=160 nval=40 nte=200)
2026-06-09 05:21:43 | INFO    | train_session_alignment | [align] euclidean_alignment    eegnet      single_sub-007_ses03-to-ses01 seed=3 acc=0.6900 (ntr=160 nval=40 nte=200)
2026-06-09 05:21:52 | INFO    | train_session_alignment | [align] euclidean_alignment    eegnet      single_sub-007_ses03-to-ses02 seed=3 acc=0.7900 (ntr=160 nval=40 nte=200)
2026-06-09 05:22:00 | INFO    | train_session_alignment | [align] euclidean_alignment    eegnet      single_sub-008_ses01-to-ses02 seed=3 acc=0.6200 (ntr=160 nval=40 nte=200)
2026-06-09 05:22:07 | INFO    | train_session_alignment | [align] euclidean_alignment    eegnet      single_sub-008_ses01-to-ses03 seed=3 acc=0.6250 (ntr=160 nval=40 nte=200)
2026-06-09 05:22:16 | INFO    | train_session_alignment | [align] euclidean_alignment    eegnet      single_sub-008_ses02-to-ses01 seed=3 acc=0.6650 (ntr=160 nval=40 nte=200)
2026-06-09 05:22:26 | INFO    | train_session_alignment | [align] euclidean_alignment    eegnet      single_sub-008_ses02-to-ses03 seed=3 acc=0.8100 (ntr=160 nval=40 nte=200)
2026-06-09 05:22:33 | INFO    | train_session_alignment | [align] euclidean_alignment    eegnet      single_sub-008_ses03-to-ses01 seed=3 acc=0.5800 (ntr=160 nval=40 nte=200)
2026-06-09 05:22:40 | INFO    | train_session_alignment | [align] euclidean_alignment    eegnet      single_sub-008_ses03-to-ses02 seed=3 acc=0.7350 (ntr=160 nval=40 nte=200)
2026-06-09 05:22:47 | INFO    | train_session_alignment | [align] euclidean_alignment    eegnet      single_sub-009_ses01-to-ses02 seed=3 acc=0.7350 (ntr=160 nval=40 nte=200)
2026-06-09 05:22:54 | INFO    | train_session_alignment | [align] euclidean_alignment    eegnet      single_sub-009_ses01-to-ses03 seed=3 acc=0.5900 (ntr=160 nval=40 nte=200)
2026-06-09 05:23:00 | INFO    | train_session_alignment | [align] euclidean_alignment    eegnet      single_sub-009_ses02-to-ses01 seed=3 acc=0.6450 (ntr=160 nval=40 nte=200)
2026-06-09 05:23:05 | INFO    | train_session_alignment | [align] euclidean_alignment    eegnet      single_sub-009_ses02-to-ses03 seed=3 acc=0.5400 (ntr=160 nval=40 nte=200)
2026-06-09 05:23:11 | INFO    | train_session_alignment | [align] euclidean_alignment    eegnet      single_sub-009_ses03-to-ses01 seed=3 acc=0.5850 (ntr=160 nval=40 nte=200)
2026-06-09 05:23:16 | INFO    | train_session_alignment | [align] euclidean_alignment    eegnet      single_sub-009_ses03-to-ses02 seed=3 acc=0.5100 (ntr=160 nval=40 nte=200)
2026-06-09 05:23:23 | INFO    | train_session_alignment | [align] euclidean_alignment    eegnet      single_sub-010_ses01-to-ses02 seed=3 acc=0.7350 (ntr=160 nval=40 nte=200)
2026-06-09 05:23:30 | INFO    | train_session_alignment | [align] euclidean_alignment    eegnet      single_sub-010_ses01-to-ses03 seed=3 acc=0.5500 (ntr=160 nval=40 nte=200)
2026-06-09 05:23:36 | INFO    | train_session_alignment | [align] euclidean_alignment    eegnet      single_sub-010_ses02-to-ses01 seed=3 acc=0.6000 (ntr=160 nval=40 nte=200)
2026-06-09 05:23:41 | INFO    | train_session_alignment | [align] euclidean_alignment    eegnet      single_sub-010_ses02-to-ses03 seed=3 acc=0.6050 (ntr=160 nval=40 nte=200)
2026-06-09 05:23:48 | INFO    | train_session_alignment | [align] euclidean_alignment    eegnet      single_sub-010_ses03-to-ses01 seed=3 acc=0.5450 (ntr=160 nval=40 nte=200)
2026-06-09 05:23:55 | INFO    | train_session_alignment | [align] euclidean_alignment    eegnet      single_sub-010_ses03-to-ses02 seed=3 acc=0.6250 (ntr=160 nval=40 nte=200)
2026-06-09 05:24:02 | INFO    | train_session_alignment | [align] euclidean_alignment    eegnet      single_sub-011_ses01-to-ses02 seed=3 acc=0.6750 (ntr=160 nval=40 nte=200)
2026-06-09 05:24:08 | INFO    | train_session_alignment | [align] euclidean_alignment    eegnet      single_sub-011_ses01-to-ses03 seed=3 acc=0.8900 (ntr=160 nval=40 nte=200)
2026-06-09 05:24:13 | INFO    | train_session_alignment | [align] euclidean_alignment    eegnet      single_sub-011_ses02-to-ses01 seed=3 acc=0.5750 (ntr=160 nval=40 nte=200)
2026-06-09 05:24:18 | INFO    | train_session_alignment | [align] euclidean_alignment    eegnet      single_sub-011_ses02-to-ses03 seed=3 acc=0.5700 (ntr=160 nval=40 nte=200)
2026-06-09 05:24:24 | INFO    | train_session_alignment | [align] euclidean_alignment    eegnet      single_sub-011_ses03-to-ses01 seed=3 acc=0.8900 (ntr=160 nval=40 nte=200)
2026-06-09 05:24:31 | INFO    | train_session_alignment | [align] euclidean_alignment    eegnet      single_sub-011_ses03-to-ses02 seed=3 acc=0.7050 (ntr=160 nval=40 nte=200)
2026-06-09 05:24:36 | INFO    | train_session_alignment | [align] euclidean_alignment    eegnet      single_sub-012_ses01-to-ses02 seed=3 acc=0.4800 (ntr=160 nval=40 nte=200)
2026-06-09 05:24:41 | INFO    | train_session_alignment | [align] euclidean_alignment    eegnet      single_sub-012_ses01-to-ses03 seed=3 acc=0.5700 (ntr=160 nval=40 nte=200)
2026-06-09 05:24:46 | INFO    | train_session_alignment | [align] euclidean_alignment    eegnet      single_sub-012_ses02-to-ses01 seed=3 acc=0.5250 (ntr=160 nval=40 nte=200)
2026-06-09 05:24:52 | INFO    | train_session_alignment | [align] euclidean_alignment    eegnet      single_sub-012_ses02-to-ses03 seed=3 acc=0.5350 (ntr=160 nval=40 nte=200)
2026-06-09 05:24:57 | INFO    | train_session_alignment | [align] euclidean_alignment    eegnet      single_sub-012_ses03-to-ses01 seed=3 acc=0.5200 (ntr=160 nval=40 nte=200)
2026-06-09 05:25:02 | INFO    | train_session_alignment | [align] euclidean_alignment    eegnet      single_sub-012_ses03-to-ses02 seed=3 acc=0.5100 (ntr=160 nval=40 nte=200)
2026-06-09 05:25:08 | INFO    | train_session_alignment | [align] euclidean_alignment    eegnet      single_sub-013_ses01-to-ses02 seed=3 acc=0.7700 (ntr=160 nval=40 nte=200)
2026-06-09 05:25:13 | INFO    | train_session_alignment | [align] euclidean_alignment    eegnet      single_sub-013_ses01-to-ses03 seed=3 acc=0.6000 (ntr=160 nval=40 nte=200)
2026-06-09 05:25:22 | INFO    | train_session_alignment | [align] euclidean_alignment    eegnet      single_sub-013_ses02-to-ses01 seed=3 acc=0.6550 (ntr=160 nval=40 nte=200)
2026-06-09 05:25:31 | INFO    | train_session_alignment | [align] euclidean_alignment    eegnet      single_sub-013_ses02-to-ses03 seed=3 acc=0.6600 (ntr=160 nval=40 nte=200)
2026-06-09 05:25:39 | INFO    | train_session_alignment | [align] euclidean_alignment    eegnet      single_sub-013_ses03-to-ses01 seed=3 acc=0.6950 (ntr=160 nval=40 nte=200)
2026-06-09 05:25:48 | INFO    | train_session_alignment | [align] euclidean_alignment    eegnet      single_sub-013_ses03-to-ses02 seed=3 acc=0.8300 (ntr=160 nval=40 nte=200)
2026-06-09 05:25:53 | INFO    | train_session_alignment | [align] euclidean_alignment    eegnet      single_sub-014_ses01-to-ses02 seed=3 acc=0.5100 (ntr=160 nval=40 nte=200)
2026-06-09 05:25:58 | INFO    | train_session_alignment | [align] euclidean_alignment    eegnet      single_sub-014_ses01-to-ses03 seed=3 acc=0.4900 (ntr=160 nval=40 nte=200)
2026-06-09 05:26:04 | INFO    | train_session_alignment | [align] euclidean_alignment    eegnet      single_sub-014_ses02-to-ses01 seed=3 acc=0.4000 (ntr=160 nval=40 nte=200)
2026-06-09 05:26:09 | INFO    | train_session_alignment | [align] euclidean_alignment    eegnet      single_sub-014_ses02-to-ses03 seed=3 acc=0.4800 (ntr=160 nval=40 nte=200)
2026-06-09 05:26:14 | INFO    | train_session_alignment | [align] euclidean_alignment    eegnet      single_sub-014_ses03-to-ses01 seed=3 acc=0.4850 (ntr=160 nval=40 nte=200)
2026-06-09 05:26:20 | INFO    | train_session_alignment | [align] euclidean_alignment    eegnet      single_sub-014_ses03-to-ses02 seed=3 acc=0.5050 (ntr=160 nval=40 nte=200)
2026-06-09 05:26:25 | INFO    | train_session_alignment | [align] euclidean_alignment    eegnet      single_sub-015_ses01-to-ses02 seed=3 acc=0.6050 (ntr=160 nval=40 nte=200)
2026-06-09 05:26:31 | INFO    | train_session_alignment | [align] euclidean_alignment    eegnet      single_sub-015_ses01-to-ses03 seed=3 acc=0.4900 (ntr=160 nval=40 nte=200)
2026-06-09 05:26:38 | INFO    | train_session_alignment | [align] euclidean_alignment    eegnet      single_sub-015_ses02-to-ses01 seed=3 acc=0.5900 (ntr=160 nval=40 nte=200)
2026-06-09 05:26:45 | INFO    | train_session_alignment | [align] euclidean_alignment    eegnet      single_sub-015_ses02-to-ses03 seed=3 acc=0.5400 (ntr=160 nval=40 nte=200)
2026-06-09 05:27:00 | INFO    | train_session_alignment | [align] euclidean_alignment    eegnet      single_sub-015_ses03-to-ses01 seed=3 acc=0.6400 (ntr=160 nval=40 nte=200)
2026-06-09 05:27:14 | INFO    | train_session_alignment | [align] euclidean_alignment    eegnet      single_sub-015_ses03-to-ses02 seed=3 acc=0.6600 (ntr=160 nval=40 nte=200)
2026-06-09 05:27:20 | INFO    | train_session_alignment | [align] euclidean_alignment    eegnet      single_sub-016_ses01-to-ses02 seed=3 acc=0.5350 (ntr=160 nval=40 nte=200)
2026-06-09 05:27:26 | INFO    | train_session_alignment | [align] euclidean_alignment    eegnet      single_sub-016_ses01-to-ses03 seed=3 acc=0.5500 (ntr=160 nval=40 nte=200)
2026-06-09 05:27:32 | INFO    | train_session_alignment | [align] euclidean_alignment    eegnet      single_sub-016_ses02-to-ses01 seed=3 acc=0.5300 (ntr=160 nval=40 nte=200)
2026-06-09 05:27:37 | INFO    | train_session_alignment | [align] euclidean_alignment    eegnet      single_sub-016_ses02-to-ses03 seed=3 acc=0.4900 (ntr=160 nval=40 nte=200)
2026-06-09 05:27:43 | INFO    | train_session_alignment | [align] euclidean_alignment    eegnet      single_sub-016_ses03-to-ses01 seed=3 acc=0.4900 (ntr=160 nval=40 nte=200)
2026-06-09 05:27:48 | INFO    | train_session_alignment | [align] euclidean_alignment    eegnet      single_sub-016_ses03-to-ses02 seed=3 acc=0.5250 (ntr=160 nval=40 nte=200)
2026-06-09 05:27:54 | INFO    | train_session_alignment | [align] euclidean_alignment    eegnet      single_sub-017_ses01-to-ses02 seed=3 acc=0.6850 (ntr=160 nval=40 nte=200)
2026-06-09 05:28:00 | INFO    | train_session_alignment | [align] euclidean_alignment    eegnet      single_sub-017_ses01-to-ses03 seed=3 acc=0.6750 (ntr=160 nval=40 nte=200)
2026-06-09 05:28:07 | INFO    | train_session_alignment | [align] euclidean_alignment    eegnet      single_sub-017_ses02-to-ses01 seed=3 acc=0.7350 (ntr=160 nval=40 nte=200)
2026-06-09 05:28:14 | INFO    | train_session_alignment | [align] euclidean_alignment    eegnet      single_sub-017_ses02-to-ses03 seed=3 acc=0.7850 (ntr=160 nval=40 nte=200)
2026-06-09 05:28:19 | INFO    | train_session_alignment | [align] euclidean_alignment    eegnet      single_sub-017_ses03-to-ses01 seed=3 acc=0.6050 (ntr=160 nval=40 nte=200)
2026-06-09 05:28:25 | INFO    | train_session_alignment | [align] euclidean_alignment    eegnet      single_sub-017_ses03-to-ses02 seed=3 acc=0.6450 (ntr=160 nval=40 nte=200)
2026-06-09 05:28:30 | INFO    | train_session_alignment | [align] euclidean_alignment    eegnet      single_sub-018_ses01-to-ses02 seed=3 acc=0.6200 (ntr=160 nval=40 nte=200)
2026-06-09 05:28:36 | INFO    | train_session_alignment | [align] euclidean_alignment    eegnet      single_sub-018_ses01-to-ses03 seed=3 acc=0.6450 (ntr=160 nval=40 nte=200)
2026-06-09 05:28:42 | INFO    | train_session_alignment | [align] euclidean_alignment    eegnet      single_sub-018_ses02-to-ses01 seed=3 acc=0.6350 (ntr=160 nval=40 nte=200)
2026-06-09 05:28:48 | INFO    | train_session_alignment | [align] euclidean_alignment    eegnet      single_sub-018_ses02-to-ses03 seed=3 acc=0.6200 (ntr=160 nval=40 nte=200)
2026-06-09 05:28:53 | INFO    | train_session_alignment | [align] euclidean_alignment    eegnet      single_sub-018_ses03-to-ses01 seed=3 acc=0.5400 (ntr=160 nval=40 nte=200)
2026-06-09 05:28:59 | INFO    | train_session_alignment | [align] euclidean_alignment    eegnet      single_sub-018_ses03-to-ses02 seed=3 acc=0.5700 (ntr=160 nval=40 nte=200)
2026-06-09 05:29:06 | INFO    | train_session_alignment | [align] euclidean_alignment    eegnet      single_sub-019_ses01-to-ses02 seed=3 acc=0.5650 (ntr=160 nval=40 nte=200)
2026-06-09 05:29:12 | INFO    | train_session_alignment | [align] euclidean_alignment    eegnet      single_sub-019_ses01-to-ses03 seed=3 acc=0.5800 (ntr=160 nval=40 nte=200)
2026-06-09 05:29:30 | INFO    | train_session_alignment | [align] euclidean_alignment    eegnet      single_sub-019_ses02-to-ses01 seed=3 acc=0.5200 (ntr=160 nval=40 nte=200)
2026-06-09 05:29:47 | INFO    | train_session_alignment | [align] euclidean_alignment    eegnet      single_sub-019_ses02-to-ses03 seed=3 acc=0.8250 (ntr=160 nval=40 nte=200)
2026-06-09 05:29:55 | INFO    | train_session_alignment | [align] euclidean_alignment    eegnet      single_sub-019_ses03-to-ses01 seed=3 acc=0.5800 (ntr=160 nval=40 nte=200)
2026-06-09 05:30:04 | INFO    | train_session_alignment | [align] euclidean_alignment    eegnet      single_sub-019_ses03-to-ses02 seed=3 acc=0.7300 (ntr=160 nval=40 nte=200)
2026-06-09 05:30:23 | INFO    | train_session_alignment | [align] euclidean_alignment    eegnet      single_sub-020_ses01-to-ses02 seed=3 acc=0.7850 (ntr=160 nval=40 nte=200)
2026-06-09 05:30:42 | INFO    | train_session_alignment | [align] euclidean_alignment    eegnet      single_sub-020_ses01-to-ses03 seed=3 acc=0.5500 (ntr=160 nval=40 nte=200)
2026-06-09 05:31:00 | INFO    | train_session_alignment | [align] euclidean_alignment    eegnet      single_sub-020_ses02-to-ses01 seed=3 acc=0.9150 (ntr=160 nval=40 nte=200)
2026-06-09 05:31:19 | INFO    | train_session_alignment | [align] euclidean_alignment    eegnet      single_sub-020_ses02-to-ses03 seed=3 acc=0.4450 (ntr=160 nval=40 nte=200)
2026-06-09 05:31:31 | INFO    | train_session_alignment | [align] euclidean_alignment    eegnet      single_sub-020_ses03-to-ses01 seed=3 acc=0.4450 (ntr=160 nval=40 nte=200)
2026-06-09 05:31:42 | INFO    | train_session_alignment | [align] euclidean_alignment    eegnet      single_sub-020_ses03-to-ses02 seed=3 acc=0.4400 (ntr=160 nval=40 nte=200)
2026-06-09 05:31:50 | INFO    | train_session_alignment | [align] euclidean_alignment    eegnet      single_sub-021_ses01-to-ses02 seed=3 acc=0.7100 (ntr=160 nval=40 nte=200)
2026-06-09 05:31:57 | INFO    | train_session_alignment | [align] euclidean_alignment    eegnet      single_sub-021_ses01-to-ses03 seed=3 acc=0.6900 (ntr=160 nval=40 nte=200)
2026-06-09 05:32:10 | INFO    | train_session_alignment | [align] euclidean_alignment    eegnet      single_sub-021_ses02-to-ses01 seed=3 acc=0.7950 (ntr=160 nval=40 nte=200)
2026-06-09 05:32:22 | INFO    | train_session_alignment | [align] euclidean_alignment    eegnet      single_sub-021_ses02-to-ses03 seed=3 acc=0.7150 (ntr=160 nval=40 nte=200)
2026-06-09 05:32:28 | INFO    | train_session_alignment | [align] euclidean_alignment    eegnet      single_sub-021_ses03-to-ses01 seed=3 acc=0.6150 (ntr=160 nval=40 nte=200)
2026-06-09 05:32:34 | INFO    | train_session_alignment | [align] euclidean_alignment    eegnet      single_sub-021_ses03-to-ses02 seed=3 acc=0.5250 (ntr=160 nval=40 nte=200)
2026-06-09 05:32:40 | INFO    | train_session_alignment | [align] euclidean_alignment    eegnet      single_sub-022_ses01-to-ses02 seed=3 acc=0.5700 (ntr=160 nval=40 nte=200)
2026-06-09 05:32:46 | INFO    | train_session_alignment | [align] euclidean_alignment    eegnet      single_sub-022_ses01-to-ses03 seed=3 acc=0.6300 (ntr=160 nval=40 nte=200)
2026-06-09 05:32:53 | INFO    | train_session_alignment | [align] euclidean_alignment    eegnet      single_sub-022_ses02-to-ses01 seed=3 acc=0.5750 (ntr=160 nval=40 nte=200)
2026-06-09 05:33:01 | INFO    | train_session_alignment | [align] euclidean_alignment    eegnet      single_sub-022_ses02-to-ses03 seed=3 acc=0.7250 (ntr=160 nval=40 nte=200)
2026-06-09 05:33:09 | INFO    | train_session_alignment | [align] euclidean_alignment    eegnet      single_sub-022_ses03-to-ses01 seed=3 acc=0.5800 (ntr=160 nval=40 nte=200)
2026-06-09 05:33:17 | INFO    | train_session_alignment | [align] euclidean_alignment    eegnet      single_sub-022_ses03-to-ses02 seed=3 acc=0.6350 (ntr=160 nval=40 nte=200)
2026-06-09 05:33:25 | INFO    | train_session_alignment | [align] euclidean_alignment    eegnet      single_sub-023_ses02-to-ses03 seed=3 acc=0.8200 (ntr=160 nval=40 nte=200)
2026-06-09 05:33:32 | INFO    | train_session_alignment | [align] euclidean_alignment    eegnet      single_sub-023_ses03-to-ses02 seed=3 acc=0.6850 (ntr=160 nval=40 nte=200)
2026-06-09 05:33:38 | INFO    | train_session_alignment | [align] euclidean_alignment    eegnet      single_sub-025_ses01-to-ses02 seed=3 acc=0.8450 (ntr=160 nval=40 nte=200)
2026-06-09 05:33:44 | INFO    | train_session_alignment | [align] euclidean_alignment    eegnet      single_sub-025_ses01-to-ses03 seed=3 acc=0.7800 (ntr=160 nval=40 nte=200)
2026-06-09 05:33:50 | INFO    | train_session_alignment | [align] euclidean_alignment    eegnet      single_sub-025_ses02-to-ses01 seed=3 acc=0.7900 (ntr=160 nval=40 nte=200)
2026-06-09 05:33:55 | INFO    | train_session_alignment | [align] euclidean_alignment    eegnet      single_sub-025_ses02-to-ses03 seed=3 acc=0.7850 (ntr=160 nval=40 nte=200)
2026-06-09 05:34:02 | INFO    | train_session_alignment | [align] euclidean_alignment    eegnet      single_sub-025_ses03-to-ses01 seed=3 acc=0.8300 (ntr=160 nval=40 nte=200)
2026-06-09 05:34:10 | INFO    | train_session_alignment | [align] euclidean_alignment    eegnet      single_sub-025_ses03-to-ses02 seed=3 acc=0.8600 (ntr=160 nval=40 nte=200)
2026-06-09 05:34:17 | INFO    | train_session_alignment | [align] euclidean_alignment    eegnet      single_sub-026_ses02-to-ses03 seed=3 acc=0.9000 (ntr=160 nval=40 nte=200)
2026-06-09 05:34:24 | INFO    | train_session_alignment | [align] euclidean_alignment    eegnet      single_sub-026_ses03-to-ses02 seed=3 acc=0.8550 (ntr=160 nval=40 nte=200)
2026-06-09 05:34:32 | INFO    | train_session_alignment | [align] euclidean_alignment    eegnet      single_sub-027_ses01-to-ses02 seed=3 acc=0.6700 (ntr=160 nval=40 nte=200)
2026-06-09 05:34:39 | INFO    | train_session_alignment | [align] euclidean_alignment    eegnet      single_sub-027_ses01-to-ses03 seed=3 acc=0.8050 (ntr=160 nval=40 nte=200)
2026-06-09 05:34:48 | INFO    | train_session_alignment | [align] euclidean_alignment    eegnet      single_sub-027_ses02-to-ses01 seed=3 acc=0.7300 (ntr=160 nval=40 nte=200)
2026-06-09 05:34:57 | INFO    | train_session_alignment | [align] euclidean_alignment    eegnet      single_sub-027_ses02-to-ses03 seed=3 acc=0.7550 (ntr=160 nval=40 nte=200)
2026-06-09 05:35:03 | INFO    | train_session_alignment | [align] euclidean_alignment    eegnet      single_sub-027_ses03-to-ses01 seed=3 acc=0.7700 (ntr=160 nval=40 nte=200)
2026-06-09 05:35:10 | INFO    | train_session_alignment | [align] euclidean_alignment    eegnet      single_sub-027_ses03-to-ses02 seed=3 acc=0.6250 (ntr=160 nval=40 nte=200)
2026-06-09 05:35:16 | INFO    | train_session_alignment | [align] euclidean_alignment    eegnet      single_sub-028_ses01-to-ses02 seed=3 acc=0.7450 (ntr=160 nval=40 nte=200)
2026-06-09 05:35:22 | INFO    | train_session_alignment | [align] euclidean_alignment    eegnet      single_sub-028_ses01-to-ses03 seed=3 acc=0.5850 (ntr=160 nval=40 nte=200)
2026-06-09 05:35:29 | INFO    | train_session_alignment | [align] euclidean_alignment    eegnet      single_sub-028_ses02-to-ses01 seed=3 acc=0.8000 (ntr=160 nval=40 nte=200)
2026-06-09 05:35:36 | INFO    | train_session_alignment | [align] euclidean_alignment    eegnet      single_sub-028_ses02-to-ses03 seed=3 acc=0.5100 (ntr=160 nval=40 nte=200)
2026-06-09 05:35:42 | INFO    | train_session_alignment | [align] euclidean_alignment    eegnet      single_sub-028_ses03-to-ses01 seed=3 acc=0.5700 (ntr=160 nval=40 nte=200)
2026-06-09 05:35:48 | INFO    | train_session_alignment | [align] euclidean_alignment    eegnet      single_sub-028_ses03-to-ses02 seed=3 acc=0.5350 (ntr=160 nval=40 nte=200)
2026-06-09 05:35:54 | INFO    | train_session_alignment | [align] euclidean_alignment    eegnet      single_sub-029_ses01-to-ses02 seed=3 acc=0.3350 (ntr=160 nval=40 nte=200)
2026-06-09 05:35:59 | INFO    | train_session_alignment | [align] euclidean_alignment    eegnet      single_sub-029_ses01-to-ses03 seed=3 acc=0.3650 (ntr=160 nval=40 nte=200)
2026-06-09 05:36:05 | INFO    | train_session_alignment | [align] euclidean_alignment    eegnet      single_sub-029_ses02-to-ses01 seed=3 acc=0.4200 (ntr=160 nval=40 nte=200)
2026-06-09 05:36:11 | INFO    | train_session_alignment | [align] euclidean_alignment    eegnet      single_sub-029_ses02-to-ses03 seed=3 acc=0.9200 (ntr=160 nval=40 nte=200)
2026-06-09 05:36:30 | INFO    | train_session_alignment | [align] euclidean_alignment    eegnet      single_sub-029_ses03-to-ses01 seed=3 acc=0.3850 (ntr=160 nval=40 nte=200)
2026-06-09 05:36:49 | INFO    | train_session_alignment | [align] euclidean_alignment    eegnet      single_sub-029_ses03-to-ses02 seed=3 acc=0.9200 (ntr=160 nval=40 nte=200)
2026-06-09 05:37:04 | INFO    | train_session_alignment | [align] euclidean_alignment    eegnet      single_sub-030_ses01-to-ses02 seed=3 acc=0.8000 (ntr=160 nval=40 nte=200)
2026-06-09 05:37:19 | INFO    | train_session_alignment | [align] euclidean_alignment    eegnet      single_sub-030_ses01-to-ses03 seed=3 acc=0.8000 (ntr=160 nval=40 nte=200)
2026-06-09 05:37:28 | INFO    | train_session_alignment | [align] euclidean_alignment    eegnet      single_sub-030_ses02-to-ses01 seed=3 acc=0.8300 (ntr=160 nval=40 nte=200)
2026-06-09 05:37:38 | INFO    | train_session_alignment | [align] euclidean_alignment    eegnet      single_sub-030_ses02-to-ses03 seed=3 acc=0.9050 (ntr=160 nval=40 nte=200)
2026-06-09 05:37:45 | INFO    | train_session_alignment | [align] euclidean_alignment    eegnet      single_sub-030_ses03-to-ses01 seed=3 acc=0.5750 (ntr=160 nval=40 nte=200)
2026-06-09 05:37:52 | INFO    | train_session_alignment | [align] euclidean_alignment    eegnet      single_sub-030_ses03-to-ses02 seed=3 acc=0.7800 (ntr=160 nval=40 nte=200)
2026-06-09 05:37:59 | INFO    | train_session_alignment | [align] euclidean_alignment    eegnet      single_sub-031_ses01-to-ses02 seed=3 acc=0.7150 (ntr=160 nval=40 nte=200)
2026-06-09 05:38:05 | INFO    | train_session_alignment | [align] euclidean_alignment    eegnet      single_sub-031_ses01-to-ses03 seed=3 acc=0.6800 (ntr=160 nval=40 nte=200)
2026-06-09 05:38:11 | INFO    | train_session_alignment | [align] euclidean_alignment    eegnet      single_sub-031_ses02-to-ses01 seed=3 acc=0.7150 (ntr=160 nval=40 nte=200)
2026-06-09 05:38:17 | INFO    | train_session_alignment | [align] euclidean_alignment    eegnet      single_sub-031_ses02-to-ses03 seed=3 acc=0.7350 (ntr=160 nval=40 nte=200)
2026-06-09 05:38:24 | INFO    | train_session_alignment | [align] euclidean_alignment    eegnet      single_sub-031_ses03-to-ses01 seed=3 acc=0.7000 (ntr=160 nval=40 nte=200)
2026-06-09 05:38:30 | INFO    | train_session_alignment | [align] euclidean_alignment    eegnet      single_sub-031_ses03-to-ses02 seed=3 acc=0.7500 (ntr=160 nval=40 nte=200)
2026-06-09 05:38:35 | INFO    | train_session_alignment | [align] euclidean_alignment    eegnet      single_sub-032_ses01-to-ses03 seed=3 acc=0.4950 (ntr=160 nval=40 nte=200)
2026-06-09 05:38:42 | INFO    | train_session_alignment | [align] euclidean_alignment    eegnet      single_sub-032_ses03-to-ses01 seed=3 acc=0.5600 (ntr=160 nval=40 nte=200)
2026-06-09 05:38:49 | INFO    | train_session_alignment | [align] euclidean_alignment    eegnet      single_sub-033_ses01-to-ses02 seed=3 acc=0.8550 (ntr=160 nval=40 nte=200)
2026-06-09 05:38:56 | INFO    | train_session_alignment | [align] euclidean_alignment    eegnet      single_sub-033_ses01-to-ses03 seed=3 acc=0.8450 (ntr=160 nval=40 nte=200)
2026-06-09 05:39:06 | INFO    | train_session_alignment | [align] euclidean_alignment    eegnet      single_sub-033_ses02-to-ses01 seed=3 acc=0.7950 (ntr=160 nval=40 nte=200)
2026-06-09 05:39:18 | INFO    | train_session_alignment | [align] euclidean_alignment    eegnet      single_sub-033_ses02-to-ses03 seed=3 acc=0.8350 (ntr=160 nval=40 nte=200)
2026-06-09 05:39:37 | INFO    | train_session_alignment | [align] euclidean_alignment    eegnet      single_sub-033_ses03-to-ses01 seed=3 acc=0.8800 (ntr=160 nval=40 nte=200)
2026-06-09 05:39:56 | INFO    | train_session_alignment | [align] euclidean_alignment    eegnet      single_sub-033_ses03-to-ses02 seed=3 acc=0.8850 (ntr=160 nval=40 nte=200)
2026-06-09 05:40:02 | INFO    | train_session_alignment | [align] euclidean_alignment    eegnet      single_sub-034_ses01-to-ses02 seed=3 acc=0.7350 (ntr=160 nval=40 nte=200)
2026-06-09 05:40:08 | INFO    | train_session_alignment | [align] euclidean_alignment    eegnet      single_sub-034_ses01-to-ses03 seed=3 acc=0.6950 (ntr=160 nval=40 nte=200)
2026-06-09 05:40:15 | INFO    | train_session_alignment | [align] euclidean_alignment    eegnet      single_sub-034_ses02-to-ses01 seed=3 acc=0.6600 (ntr=160 nval=40 nte=200)
2026-06-09 05:40:21 | INFO    | train_session_alignment | [align] euclidean_alignment    eegnet      single_sub-034_ses02-to-ses03 seed=3 acc=0.8550 (ntr=160 nval=40 nte=200)
2026-06-09 05:40:28 | INFO    | train_session_alignment | [align] euclidean_alignment    eegnet      single_sub-034_ses03-to-ses01 seed=3 acc=0.6750 (ntr=160 nval=40 nte=200)
2026-06-09 05:40:35 | INFO    | train_session_alignment | [align] euclidean_alignment    eegnet      single_sub-034_ses03-to-ses02 seed=3 acc=0.9250 (ntr=160 nval=40 nte=200)
2026-06-09 05:40:54 | INFO    | train_session_alignment | [align] euclidean_alignment    eegnet      single_sub-035_ses01-to-ses02 seed=3 acc=0.9450 (ntr=160 nval=40 nte=200)
2026-06-09 05:41:13 | INFO    | train_session_alignment | [align] euclidean_alignment    eegnet      single_sub-035_ses01-to-ses03 seed=3 acc=0.8650 (ntr=160 nval=40 nte=200)
2026-06-09 05:41:32 | INFO    | train_session_alignment | [align] euclidean_alignment    eegnet      single_sub-035_ses02-to-ses01 seed=3 acc=0.9500 (ntr=160 nval=40 nte=200)
2026-06-09 05:41:51 | INFO    | train_session_alignment | [align] euclidean_alignment    eegnet      single_sub-035_ses02-to-ses03 seed=3 acc=0.8750 (ntr=160 nval=40 nte=200)
2026-06-09 05:41:58 | INFO    | train_session_alignment | [align] euclidean_alignment    eegnet      single_sub-035_ses03-to-ses01 seed=3 acc=0.8900 (ntr=160 nval=40 nte=200)
2026-06-09 05:42:06 | INFO    | train_session_alignment | [align] euclidean_alignment    eegnet      single_sub-035_ses03-to-ses02 seed=3 acc=0.9150 (ntr=160 nval=40 nte=200)
2026-06-09 05:42:13 | INFO    | train_session_alignment | [align] euclidean_alignment    eegnet      single_sub-036_ses01-to-ses02 seed=3 acc=0.7950 (ntr=160 nval=40 nte=200)
2026-06-09 05:42:19 | INFO    | train_session_alignment | [align] euclidean_alignment    eegnet      single_sub-036_ses01-to-ses03 seed=3 acc=0.8550 (ntr=160 nval=40 nte=200)
2026-06-09 05:42:27 | INFO    | train_session_alignment | [align] euclidean_alignment    eegnet      single_sub-036_ses02-to-ses01 seed=3 acc=0.7500 (ntr=160 nval=40 nte=200)
2026-06-09 05:42:34 | INFO    | train_session_alignment | [align] euclidean_alignment    eegnet      single_sub-036_ses02-to-ses03 seed=3 acc=0.9000 (ntr=160 nval=40 nte=200)
2026-06-09 05:42:44 | INFO    | train_session_alignment | [align] euclidean_alignment    eegnet      single_sub-036_ses03-to-ses01 seed=3 acc=0.8050 (ntr=160 nval=40 nte=200)
2026-06-09 05:42:54 | INFO    | train_session_alignment | [align] euclidean_alignment    eegnet      single_sub-036_ses03-to-ses02 seed=3 acc=0.8600 (ntr=160 nval=40 nte=200)
2026-06-09 05:43:06 | INFO    | train_session_alignment | [align] euclidean_alignment    eegnet      single_sub-037_ses01-to-ses02 seed=3 acc=0.7200 (ntr=160 nval=40 nte=200)
2026-06-09 05:43:19 | INFO    | train_session_alignment | [align] euclidean_alignment    eegnet      single_sub-037_ses01-to-ses03 seed=3 acc=0.7450 (ntr=160 nval=40 nte=200)
2026-06-09 05:43:28 | INFO    | train_session_alignment | [align] euclidean_alignment    eegnet      single_sub-037_ses02-to-ses01 seed=3 acc=0.8500 (ntr=160 nval=40 nte=200)
2026-06-09 05:43:38 | INFO    | train_session_alignment | [align] euclidean_alignment    eegnet      single_sub-037_ses02-to-ses03 seed=3 acc=0.9000 (ntr=160 nval=40 nte=200)
2026-06-09 05:43:44 | INFO    | train_session_alignment | [align] euclidean_alignment    eegnet      single_sub-037_ses03-to-ses01 seed=3 acc=0.8900 (ntr=160 nval=40 nte=200)
2026-06-09 05:43:51 | INFO    | train_session_alignment | [align] euclidean_alignment    eegnet      single_sub-037_ses03-to-ses02 seed=3 acc=0.8650 (ntr=160 nval=40 nte=200)
2026-06-09 05:43:57 | INFO    | train_session_alignment | [align] euclidean_alignment    eegnet      single_sub-038_ses01-to-ses02 seed=3 acc=0.4700 (ntr=160 nval=40 nte=200)
2026-06-09 05:44:02 | INFO    | train_session_alignment | [align] euclidean_alignment    eegnet      single_sub-038_ses01-to-ses03 seed=3 acc=0.5000 (ntr=160 nval=40 nte=200)
2026-06-09 05:44:09 | INFO    | train_session_alignment | [align] euclidean_alignment    eegnet      single_sub-038_ses02-to-ses01 seed=3 acc=0.5100 (ntr=160 nval=40 nte=200)
2026-06-09 05:44:17 | INFO    | train_session_alignment | [align] euclidean_alignment    eegnet      single_sub-038_ses02-to-ses03 seed=3 acc=0.4700 (ntr=160 nval=40 nte=200)
2026-06-09 05:44:30 | INFO    | train_session_alignment | [align] euclidean_alignment    eegnet      single_sub-038_ses03-to-ses01 seed=3 acc=0.5100 (ntr=160 nval=40 nte=200)
2026-06-09 05:44:44 | INFO    | train_session_alignment | [align] euclidean_alignment    eegnet      single_sub-038_ses03-to-ses02 seed=3 acc=0.4450 (ntr=160 nval=40 nte=200)
2026-06-09 05:44:49 | INFO    | train_session_alignment | [align] euclidean_alignment    eegnet      single_sub-039_ses01-to-ses02 seed=3 acc=0.4650 (ntr=160 nval=40 nte=200)
2026-06-09 05:44:55 | INFO    | train_session_alignment | [align] euclidean_alignment    eegnet      single_sub-039_ses01-to-ses03 seed=3 acc=0.5150 (ntr=160 nval=40 nte=200)
2026-06-09 05:45:02 | INFO    | train_session_alignment | [align] euclidean_alignment    eegnet      single_sub-039_ses02-to-ses01 seed=3 acc=0.4800 (ntr=160 nval=40 nte=200)
2026-06-09 05:45:09 | INFO    | train_session_alignment | [align] euclidean_alignment    eegnet      single_sub-039_ses02-to-ses03 seed=3 acc=0.5950 (ntr=160 nval=40 nte=200)
2026-06-09 05:45:15 | INFO    | train_session_alignment | [align] euclidean_alignment    eegnet      single_sub-039_ses03-to-ses01 seed=3 acc=0.4950 (ntr=160 nval=40 nte=200)
2026-06-09 05:45:22 | INFO    | train_session_alignment | [align] euclidean_alignment    eegnet      single_sub-039_ses03-to-ses02 seed=3 acc=0.5550 (ntr=160 nval=40 nte=200)
2026-06-09 05:45:27 | INFO    | train_session_alignment | [align] euclidean_alignment    eegnet      single_sub-040_ses01-to-ses02 seed=3 acc=0.5650 (ntr=160 nval=40 nte=200)
2026-06-09 05:45:32 | INFO    | train_session_alignment | [align] euclidean_alignment    eegnet      single_sub-040_ses01-to-ses03 seed=3 acc=0.5400 (ntr=160 nval=40 nte=200)
2026-06-09 05:45:38 | INFO    | train_session_alignment | [align] euclidean_alignment    eegnet      single_sub-040_ses02-to-ses01 seed=3 acc=0.5900 (ntr=160 nval=40 nte=200)
2026-06-09 05:45:44 | INFO    | train_session_alignment | [align] euclidean_alignment    eegnet      single_sub-040_ses02-to-ses03 seed=3 acc=0.6100 (ntr=160 nval=40 nte=200)
2026-06-09 05:45:50 | INFO    | train_session_alignment | [align] euclidean_alignment    eegnet      single_sub-040_ses03-to-ses01 seed=3 acc=0.6200 (ntr=160 nval=40 nte=200)
2026-06-09 05:45:57 | INFO    | train_session_alignment | [align] euclidean_alignment    eegnet      single_sub-040_ses03-to-ses02 seed=3 acc=0.6200 (ntr=160 nval=40 nte=200)
2026-06-09 05:46:03 | INFO    | train_session_alignment | [align] euclidean_alignment    eegnet      single_sub-041_ses01-to-ses02 seed=3 acc=0.7800 (ntr=160 nval=40 nte=200)
2026-06-09 05:46:09 | INFO    | train_session_alignment | [align] euclidean_alignment    eegnet      single_sub-041_ses01-to-ses03 seed=3 acc=0.8550 (ntr=160 nval=40 nte=200)
2026-06-09 05:46:15 | INFO    | train_session_alignment | [align] euclidean_alignment    eegnet      single_sub-041_ses02-to-ses01 seed=3 acc=0.7550 (ntr=160 nval=40 nte=200)
2026-06-09 05:46:21 | INFO    | train_session_alignment | [align] euclidean_alignment    eegnet      single_sub-041_ses02-to-ses03 seed=3 acc=0.7950 (ntr=160 nval=40 nte=200)
2026-06-09 05:46:29 | INFO    | train_session_alignment | [align] euclidean_alignment    eegnet      single_sub-041_ses03-to-ses01 seed=3 acc=0.7950 (ntr=160 nval=40 nte=200)
2026-06-09 05:46:37 | INFO    | train_session_alignment | [align] euclidean_alignment    eegnet      single_sub-041_ses03-to-ses02 seed=3 acc=0.7550 (ntr=160 nval=40 nte=200)
2026-06-09 05:46:45 | INFO    | train_session_alignment | [align] euclidean_alignment    eegnet      single_sub-042_ses01-to-ses02 seed=3 acc=0.6750 (ntr=160 nval=40 nte=200)
2026-06-09 05:46:53 | INFO    | train_session_alignment | [align] euclidean_alignment    eegnet      single_sub-042_ses01-to-ses03 seed=3 acc=0.6300 (ntr=160 nval=40 nte=200)
2026-06-09 05:46:58 | INFO    | train_session_alignment | [align] euclidean_alignment    eegnet      single_sub-042_ses02-to-ses01 seed=3 acc=0.6450 (ntr=160 nval=40 nte=200)
2026-06-09 05:47:05 | INFO    | train_session_alignment | [align] euclidean_alignment    eegnet      single_sub-042_ses02-to-ses03 seed=3 acc=0.6550 (ntr=160 nval=40 nte=200)
2026-06-09 05:47:11 | INFO    | train_session_alignment | [align] euclidean_alignment    eegnet      single_sub-042_ses03-to-ses01 seed=3 acc=0.5900 (ntr=160 nval=40 nte=200)
2026-06-09 05:47:17 | INFO    | train_session_alignment | [align] euclidean_alignment    eegnet      single_sub-042_ses03-to-ses02 seed=3 acc=0.5650 (ntr=160 nval=40 nte=200)
2026-06-09 05:47:24 | INFO    | train_session_alignment | [align] euclidean_alignment    eegnet      single_sub-043_ses01-to-ses02 seed=3 acc=0.8200 (ntr=160 nval=40 nte=200)
2026-06-09 05:47:32 | INFO    | train_session_alignment | [align] euclidean_alignment    eegnet      single_sub-043_ses01-to-ses03 seed=3 acc=0.8300 (ntr=160 nval=40 nte=200)
2026-06-09 05:47:41 | INFO    | train_session_alignment | [align] euclidean_alignment    eegnet      single_sub-043_ses02-to-ses01 seed=3 acc=0.9300 (ntr=160 nval=40 nte=200)
2026-06-09 05:47:51 | INFO    | train_session_alignment | [align] euclidean_alignment    eegnet      single_sub-043_ses02-to-ses03 seed=3 acc=0.8600 (ntr=160 nval=40 nte=200)
2026-06-09 05:47:59 | INFO    | train_session_alignment | [align] euclidean_alignment    eegnet      single_sub-043_ses03-to-ses01 seed=3 acc=0.9150 (ntr=160 nval=40 nte=200)
2026-06-09 05:48:07 | INFO    | train_session_alignment | [align] euclidean_alignment    eegnet      single_sub-043_ses03-to-ses02 seed=3 acc=0.8900 (ntr=160 nval=40 nte=200)
2026-06-09 05:48:13 | INFO    | train_session_alignment | [align] euclidean_alignment    eegnet      single_sub-044_ses01-to-ses02 seed=3 acc=0.4950 (ntr=160 nval=40 nte=200)
2026-06-09 05:48:18 | INFO    | train_session_alignment | [align] euclidean_alignment    eegnet      single_sub-044_ses01-to-ses03 seed=3 acc=0.5350 (ntr=160 nval=40 nte=200)
2026-06-09 05:48:25 | INFO    | train_session_alignment | [align] euclidean_alignment    eegnet      single_sub-044_ses02-to-ses01 seed=3 acc=0.5650 (ntr=160 nval=40 nte=200)
2026-06-09 05:48:32 | INFO    | train_session_alignment | [align] euclidean_alignment    eegnet      single_sub-044_ses02-to-ses03 seed=3 acc=0.6350 (ntr=160 nval=40 nte=200)
2026-06-09 05:48:38 | INFO    | train_session_alignment | [align] euclidean_alignment    eegnet      single_sub-044_ses03-to-ses01 seed=3 acc=0.6000 (ntr=160 nval=40 nte=200)
2026-06-09 05:48:44 | INFO    | train_session_alignment | [align] euclidean_alignment    eegnet      single_sub-044_ses03-to-ses02 seed=3 acc=0.6150 (ntr=160 nval=40 nte=200)
2026-06-09 05:48:53 | INFO    | train_session_alignment | [align] euclidean_alignment    eegnet      single_sub-045_ses01-to-ses02 seed=3 acc=0.7650 (ntr=160 nval=40 nte=200)
2026-06-09 05:49:02 | INFO    | train_session_alignment | [align] euclidean_alignment    eegnet      single_sub-045_ses01-to-ses03 seed=3 acc=0.7200 (ntr=160 nval=40 nte=200)
2026-06-09 05:49:09 | INFO    | train_session_alignment | [align] euclidean_alignment    eegnet      single_sub-045_ses02-to-ses01 seed=3 acc=0.7250 (ntr=160 nval=40 nte=200)
2026-06-09 05:49:16 | INFO    | train_session_alignment | [align] euclidean_alignment    eegnet      single_sub-045_ses02-to-ses03 seed=3 acc=0.7400 (ntr=160 nval=40 nte=200)
2026-06-09 05:49:21 | INFO    | train_session_alignment | [align] euclidean_alignment    eegnet      single_sub-045_ses03-to-ses01 seed=3 acc=0.5600 (ntr=160 nval=40 nte=200)
2026-06-09 05:49:27 | INFO    | train_session_alignment | [align] euclidean_alignment    eegnet      single_sub-045_ses03-to-ses02 seed=3 acc=0.4800 (ntr=160 nval=40 nte=200)
2026-06-09 05:49:45 | INFO    | train_session_alignment | [align] euclidean_alignment    eegnet      single_sub-046_ses01-to-ses02 seed=3 acc=0.9600 (ntr=160 nval=40 nte=200)
2026-06-09 05:50:04 | INFO    | train_session_alignment | [align] euclidean_alignment    eegnet      single_sub-046_ses01-to-ses03 seed=3 acc=0.9400 (ntr=160 nval=40 nte=200)
2026-06-09 05:50:12 | INFO    | train_session_alignment | [align] euclidean_alignment    eegnet      single_sub-046_ses02-to-ses01 seed=3 acc=0.9450 (ntr=160 nval=40 nte=200)
2026-06-09 05:50:19 | INFO    | train_session_alignment | [align] euclidean_alignment    eegnet      single_sub-046_ses02-to-ses03 seed=3 acc=0.8800 (ntr=160 nval=40 nte=200)
2026-06-09 05:50:27 | INFO    | train_session_alignment | [align] euclidean_alignment    eegnet      single_sub-046_ses03-to-ses01 seed=3 acc=0.9350 (ntr=160 nval=40 nte=200)
2026-06-09 05:50:35 | INFO    | train_session_alignment | [align] euclidean_alignment    eegnet      single_sub-046_ses03-to-ses02 seed=3 acc=0.9300 (ntr=160 nval=40 nte=200)
2026-06-09 05:50:42 | INFO    | train_session_alignment | [align] euclidean_alignment    eegnet      single_sub-047_ses01-to-ses02 seed=3 acc=0.7450 (ntr=160 nval=40 nte=200)
2026-06-09 05:50:49 | INFO    | train_session_alignment | [align] euclidean_alignment    eegnet      single_sub-047_ses01-to-ses03 seed=3 acc=0.7600 (ntr=160 nval=40 nte=200)
2026-06-09 05:50:58 | INFO    | train_session_alignment | [align] euclidean_alignment    eegnet      single_sub-047_ses02-to-ses01 seed=3 acc=0.7650 (ntr=160 nval=40 nte=200)
2026-06-09 05:51:07 | INFO    | train_session_alignment | [align] euclidean_alignment    eegnet      single_sub-047_ses02-to-ses03 seed=3 acc=0.7350 (ntr=160 nval=40 nte=200)
2026-06-09 05:51:14 | INFO    | train_session_alignment | [align] euclidean_alignment    eegnet      single_sub-047_ses03-to-ses01 seed=3 acc=0.7450 (ntr=160 nval=40 nte=200)
2026-06-09 05:51:20 | INFO    | train_session_alignment | [align] euclidean_alignment    eegnet      single_sub-047_ses03-to-ses02 seed=3 acc=0.7400 (ntr=160 nval=40 nte=200)
2026-06-09 05:51:27 | INFO    | train_session_alignment | [align] euclidean_alignment    eegnet      single_sub-048_ses01-to-ses02 seed=3 acc=0.8300 (ntr=160 nval=40 nte=200)
2026-06-09 05:51:34 | INFO    | train_session_alignment | [align] euclidean_alignment    eegnet      single_sub-048_ses01-to-ses03 seed=3 acc=0.8000 (ntr=160 nval=40 nte=200)
2026-06-09 05:51:40 | INFO    | train_session_alignment | [align] euclidean_alignment    eegnet      single_sub-048_ses02-to-ses01 seed=3 acc=0.7600 (ntr=160 nval=40 nte=200)
2026-06-09 05:51:47 | INFO    | train_session_alignment | [align] euclidean_alignment    eegnet      single_sub-048_ses02-to-ses03 seed=3 acc=0.7600 (ntr=160 nval=40 nte=200)
2026-06-09 05:51:56 | INFO    | train_session_alignment | [align] euclidean_alignment    eegnet      single_sub-048_ses03-to-ses01 seed=3 acc=0.7650 (ntr=160 nval=40 nte=200)
2026-06-09 05:52:06 | INFO    | train_session_alignment | [align] euclidean_alignment    eegnet      single_sub-048_ses03-to-ses02 seed=3 acc=0.7800 (ntr=160 nval=40 nte=200)
2026-06-09 05:52:13 | INFO    | train_session_alignment | [align] euclidean_alignment    eegnet      single_sub-049_ses01-to-ses02 seed=3 acc=0.5850 (ntr=160 nval=40 nte=200)
2026-06-09 05:52:19 | INFO    | train_session_alignment | [align] euclidean_alignment    eegnet      single_sub-049_ses01-to-ses03 seed=3 acc=0.6400 (ntr=160 nval=40 nte=200)
2026-06-09 05:52:25 | INFO    | train_session_alignment | [align] euclidean_alignment    eegnet      single_sub-049_ses02-to-ses01 seed=3 acc=0.5500 (ntr=160 nval=40 nte=200)
2026-06-09 05:52:30 | INFO    | train_session_alignment | [align] euclidean_alignment    eegnet      single_sub-049_ses02-to-ses03 seed=3 acc=0.5350 (ntr=160 nval=40 nte=200)
2026-06-09 05:52:37 | INFO    | train_session_alignment | [align] euclidean_alignment    eegnet      single_sub-049_ses03-to-ses01 seed=3 acc=0.7400 (ntr=160 nval=40 nte=200)
2026-06-09 05:52:44 | INFO    | train_session_alignment | [align] euclidean_alignment    eegnet      single_sub-049_ses03-to-ses02 seed=3 acc=0.6500 (ntr=160 nval=40 nte=200)
2026-06-09 05:52:50 | INFO    | train_session_alignment | [align] euclidean_alignment    eegnet      single_sub-050_ses01-to-ses02 seed=3 acc=0.8900 (ntr=160 nval=40 nte=200)
2026-06-09 05:52:57 | INFO    | train_session_alignment | [align] euclidean_alignment    eegnet      single_sub-050_ses01-to-ses03 seed=3 acc=0.7750 (ntr=160 nval=40 nte=200)
2026-06-09 05:53:04 | INFO    | train_session_alignment | [align] euclidean_alignment    eegnet      single_sub-050_ses02-to-ses01 seed=3 acc=0.8350 (ntr=160 nval=40 nte=200)
2026-06-09 05:53:11 | INFO    | train_session_alignment | [align] euclidean_alignment    eegnet      single_sub-050_ses02-to-ses03 seed=3 acc=0.9150 (ntr=160 nval=40 nte=200)
2026-06-09 05:53:25 | INFO    | train_session_alignment | [align] euclidean_alignment    eegnet      single_sub-050_ses03-to-ses01 seed=3 acc=0.8000 (ntr=160 nval=40 nte=200)
2026-06-09 05:53:40 | INFO    | train_session_alignment | [align] euclidean_alignment    eegnet      single_sub-050_ses03-to-ses02 seed=3 acc=0.8700 (ntr=160 nval=40 nte=200)
2026-06-09 05:53:49 | INFO    | train_session_alignment | [align] euclidean_alignment    eegnet      single_sub-051_ses01-to-ses02 seed=3 acc=0.6050 (ntr=160 nval=40 nte=200)
2026-06-09 05:53:58 | INFO    | train_session_alignment | [align] euclidean_alignment    eegnet      single_sub-051_ses01-to-ses03 seed=3 acc=0.8050 (ntr=160 nval=40 nte=200)
2026-06-09 05:54:04 | INFO    | train_session_alignment | [align] euclidean_alignment    eegnet      single_sub-051_ses02-to-ses01 seed=3 acc=0.6150 (ntr=160 nval=40 nte=200)
2026-06-09 05:54:10 | INFO    | train_session_alignment | [align] euclidean_alignment    eegnet      single_sub-051_ses02-to-ses03 seed=3 acc=0.6650 (ntr=160 nval=40 nte=200)
2026-06-09 05:54:20 | INFO    | train_session_alignment | [align] euclidean_alignment    eegnet      single_sub-051_ses03-to-ses01 seed=3 acc=0.7900 (ntr=160 nval=40 nte=200)
2026-06-09 05:54:30 | INFO    | train_session_alignment | [align] euclidean_alignment    eegnet      single_sub-051_ses03-to-ses02 seed=3 acc=0.7650 (ntr=160 nval=40 nte=200)
2026-06-09 05:54:39 | INFO    | train_session_alignment | [align] euclidean_alignment    eegnet      multi_sub-001_ses01ses02-to-ses03 seed=3 acc=0.9300 (ntr=320 nval=80 nte=200)
2026-06-09 05:54:47 | INFO    | train_session_alignment | [align] euclidean_alignment    eegnet      multi_sub-002_ses01ses02-to-ses03 seed=3 acc=0.6650 (ntr=320 nval=80 nte=200)
2026-06-09 05:54:59 | INFO    | train_session_alignment | [align] euclidean_alignment    eegnet      multi_sub-003_ses01ses02-to-ses03 seed=3 acc=0.8300 (ntr=320 nval=80 nte=200)
2026-06-09 05:55:06 | INFO    | train_session_alignment | [align] euclidean_alignment    eegnet      multi_sub-004_ses01ses02-to-ses03 seed=3 acc=0.5250 (ntr=320 nval=80 nte=200)
2026-06-09 05:55:16 | INFO    | train_session_alignment | [align] euclidean_alignment    eegnet      multi_sub-005_ses01ses02-to-ses03 seed=3 acc=0.6850 (ntr=320 nval=80 nte=200)
2026-06-09 05:55:24 | INFO    | train_session_alignment | [align] euclidean_alignment    eegnet      multi_sub-006_ses01ses02-to-ses03 seed=3 acc=0.9400 (ntr=320 nval=80 nte=200)
2026-06-09 05:55:32 | INFO    | train_session_alignment | [align] euclidean_alignment    eegnet      multi_sub-007_ses01ses02-to-ses03 seed=3 acc=0.7950 (ntr=320 nval=80 nte=200)
2026-06-09 05:55:43 | INFO    | train_session_alignment | [align] euclidean_alignment    eegnet      multi_sub-008_ses01ses02-to-ses03 seed=3 acc=0.8500 (ntr=320 nval=80 nte=200)
2026-06-09 05:55:52 | INFO    | train_session_alignment | [align] euclidean_alignment    eegnet      multi_sub-009_ses01ses02-to-ses03 seed=3 acc=0.5950 (ntr=320 nval=80 nte=200)
2026-06-09 05:56:00 | INFO    | train_session_alignment | [align] euclidean_alignment    eegnet      multi_sub-010_ses01ses02-to-ses03 seed=3 acc=0.6200 (ntr=320 nval=80 nte=200)
2026-06-09 05:56:10 | INFO    | train_session_alignment | [align] euclidean_alignment    eegnet      multi_sub-011_ses01ses02-to-ses03 seed=3 acc=0.9500 (ntr=320 nval=80 nte=200)
2026-06-09 05:56:17 | INFO    | train_session_alignment | [align] euclidean_alignment    eegnet      multi_sub-012_ses01ses02-to-ses03 seed=3 acc=0.4900 (ntr=320 nval=80 nte=200)
2026-06-09 05:56:24 | INFO    | train_session_alignment | [align] euclidean_alignment    eegnet      multi_sub-013_ses01ses02-to-ses03 seed=3 acc=0.6700 (ntr=320 nval=80 nte=200)
2026-06-09 05:56:31 | INFO    | train_session_alignment | [align] euclidean_alignment    eegnet      multi_sub-014_ses01ses02-to-ses03 seed=3 acc=0.4850 (ntr=320 nval=80 nte=200)
2026-06-09 05:56:41 | INFO    | train_session_alignment | [align] euclidean_alignment    eegnet      multi_sub-015_ses01ses02-to-ses03 seed=3 acc=0.6250 (ntr=320 nval=80 nte=200)
2026-06-09 05:56:49 | INFO    | train_session_alignment | [align] euclidean_alignment    eegnet      multi_sub-016_ses01ses02-to-ses03 seed=3 acc=0.5650 (ntr=320 nval=80 nte=200)
2026-06-09 05:56:57 | INFO    | train_session_alignment | [align] euclidean_alignment    eegnet      multi_sub-017_ses01ses02-to-ses03 seed=3 acc=0.7950 (ntr=320 nval=80 nte=200)
2026-06-09 05:57:06 | INFO    | train_session_alignment | [align] euclidean_alignment    eegnet      multi_sub-018_ses01ses02-to-ses03 seed=3 acc=0.5900 (ntr=320 nval=80 nte=200)
2026-06-09 05:57:16 | INFO    | train_session_alignment | [align] euclidean_alignment    eegnet      multi_sub-019_ses01ses02-to-ses03 seed=3 acc=0.7750 (ntr=320 nval=80 nte=200)
2026-06-09 05:57:26 | INFO    | train_session_alignment | [align] euclidean_alignment    eegnet      multi_sub-020_ses01ses02-to-ses03 seed=3 acc=0.4450 (ntr=320 nval=80 nte=200)
2026-06-09 05:57:40 | INFO    | train_session_alignment | [align] euclidean_alignment    eegnet      multi_sub-021_ses01ses02-to-ses03 seed=3 acc=0.6800 (ntr=320 nval=80 nte=200)
2026-06-09 05:57:47 | INFO    | train_session_alignment | [align] euclidean_alignment    eegnet      multi_sub-022_ses01ses02-to-ses03 seed=3 acc=0.6500 (ntr=320 nval=80 nte=200)
2026-06-09 05:57:55 | INFO    | train_session_alignment | [align] euclidean_alignment    eegnet      multi_sub-025_ses01ses02-to-ses03 seed=3 acc=0.8500 (ntr=320 nval=80 nte=200)
2026-06-09 05:58:03 | INFO    | train_session_alignment | [align] euclidean_alignment    eegnet      multi_sub-027_ses01ses02-to-ses03 seed=3 acc=0.8050 (ntr=320 nval=80 nte=200)
2026-06-09 05:58:11 | INFO    | train_session_alignment | [align] euclidean_alignment    eegnet      multi_sub-028_ses01ses02-to-ses03 seed=3 acc=0.4950 (ntr=320 nval=80 nte=200)
2026-06-09 05:58:19 | INFO    | train_session_alignment | [align] euclidean_alignment    eegnet      multi_sub-029_ses01ses02-to-ses03 seed=3 acc=0.7400 (ntr=320 nval=80 nte=200)
2026-06-09 05:58:36 | INFO    | train_session_alignment | [align] euclidean_alignment    eegnet      multi_sub-030_ses01ses02-to-ses03 seed=3 acc=0.6950 (ntr=320 nval=80 nte=200)
2026-06-09 05:58:45 | INFO    | train_session_alignment | [align] euclidean_alignment    eegnet      multi_sub-031_ses01ses02-to-ses03 seed=3 acc=0.7150 (ntr=320 nval=80 nte=200)
2026-06-09 05:59:08 | INFO    | train_session_alignment | [align] euclidean_alignment    eegnet      multi_sub-033_ses01ses02-to-ses03 seed=3 acc=0.9500 (ntr=320 nval=80 nte=200)
2026-06-09 05:59:16 | INFO    | train_session_alignment | [align] euclidean_alignment    eegnet      multi_sub-034_ses01ses02-to-ses03 seed=3 acc=0.8200 (ntr=320 nval=80 nte=200)
2026-06-09 05:59:39 | INFO    | train_session_alignment | [align] euclidean_alignment    eegnet      multi_sub-035_ses01ses02-to-ses03 seed=3 acc=0.9300 (ntr=320 nval=80 nte=200)
2026-06-09 05:59:50 | INFO    | train_session_alignment | [align] euclidean_alignment    eegnet      multi_sub-036_ses01ses02-to-ses03 seed=3 acc=0.9400 (ntr=320 nval=80 nte=200)
2026-06-09 06:00:00 | INFO    | train_session_alignment | [align] euclidean_alignment    eegnet      multi_sub-037_ses01ses02-to-ses03 seed=3 acc=0.8500 (ntr=320 nval=80 nte=200)
2026-06-09 06:00:07 | INFO    | train_session_alignment | [align] euclidean_alignment    eegnet      multi_sub-038_ses01ses02-to-ses03 seed=3 acc=0.4500 (ntr=320 nval=80 nte=200)
2026-06-09 06:00:15 | INFO    | train_session_alignment | [align] euclidean_alignment    eegnet      multi_sub-039_ses01ses02-to-ses03 seed=3 acc=0.5100 (ntr=320 nval=80 nte=200)
2026-06-09 06:00:23 | INFO    | train_session_alignment | [align] euclidean_alignment    eegnet      multi_sub-040_ses01ses02-to-ses03 seed=3 acc=0.7000 (ntr=320 nval=80 nte=200)
2026-06-09 06:00:31 | INFO    | train_session_alignment | [align] euclidean_alignment    eegnet      multi_sub-041_ses01ses02-to-ses03 seed=3 acc=0.8950 (ntr=320 nval=80 nte=200)
2026-06-09 06:00:39 | INFO    | train_session_alignment | [align] euclidean_alignment    eegnet      multi_sub-042_ses01ses02-to-ses03 seed=3 acc=0.6550 (ntr=320 nval=80 nte=200)
2026-06-09 06:00:55 | INFO    | train_session_alignment | [align] euclidean_alignment    eegnet      multi_sub-043_ses01ses02-to-ses03 seed=3 acc=0.9150 (ntr=320 nval=80 nte=200)
2026-06-09 06:01:02 | INFO    | train_session_alignment | [align] euclidean_alignment    eegnet      multi_sub-044_ses01ses02-to-ses03 seed=3 acc=0.6000 (ntr=320 nval=80 nte=200)
2026-06-09 06:01:10 | INFO    | train_session_alignment | [align] euclidean_alignment    eegnet      multi_sub-045_ses01ses02-to-ses03 seed=3 acc=0.7650 (ntr=320 nval=80 nte=200)
2026-06-09 06:01:34 | INFO    | train_session_alignment | [align] euclidean_alignment    eegnet      multi_sub-046_ses01ses02-to-ses03 seed=3 acc=0.9500 (ntr=320 nval=80 nte=200)
2026-06-09 06:01:44 | INFO    | train_session_alignment | [align] euclidean_alignment    eegnet      multi_sub-047_ses01ses02-to-ses03 seed=3 acc=0.8700 (ntr=320 nval=80 nte=200)
2026-06-09 06:01:54 | INFO    | train_session_alignment | [align] euclidean_alignment    eegnet      multi_sub-048_ses01ses02-to-ses03 seed=3 acc=0.8600 (ntr=320 nval=80 nte=200)
2026-06-09 06:02:05 | INFO    | train_session_alignment | [align] euclidean_alignment    eegnet      multi_sub-049_ses01ses02-to-ses03 seed=3 acc=0.8800 (ntr=320 nval=80 nte=200)
2026-06-09 06:02:14 | INFO    | train_session_alignment | [align] euclidean_alignment    eegnet      multi_sub-050_ses01ses02-to-ses03 seed=3 acc=0.9500 (ntr=320 nval=80 nte=200)
2026-06-09 06:02:25 | INFO    | train_session_alignment | [align] euclidean_alignment    eegnet      multi_sub-051_ses01ses02-to-ses03 seed=3 acc=0.8600 (ntr=320 nval=80 nte=200)
2026-06-09 06:02:25 | INFO    | train_session_alignment | ALL DONE in 2724.7s | rows=335 ok=335 failed=0 | out=/share/home/yuan/SYX/eeg-mi-online/outputs/experiments/alignment_baseline_v1
Done: Tue Jun  9 06:02:26 CST 2026
