Project: /share/home/yuan/SYX/eeg-mi-online
Env    : mi_torch_cu118
Args   : --methods euclidean_alignment --models deepconvnet --seeds 0 --protocols single,multi --tag-suffix euclidean_alignment_deepconvnet_s0
Node   : gpu01 | Start: Tue Jun  9 05:59:08 CST 2026
Tue Jun  9 05:59:08 2026       
+-----------------------------------------------------------------------------------------+
| NVIDIA-SMI 570.153.02             Driver Version: 570.153.02     CUDA Version: 12.8     |
|-----------------------------------------+------------------------+----------------------+
| GPU  Name                 Persistence-M | Bus-Id          Disp.A | Volatile Uncorr. ECC |
| Fan  Temp   Perf          Pwr:Usage/Cap |           Memory-Usage | GPU-Util  Compute M. |
|                                         |                        |               MIG M. |
|=========================================+========================+======================|
|   0  NVIDIA GeForce RTX 4090 D      On  |   00000000:41:00.0 Off |                  Off |
| 30%   43C    P0             56W /  425W |       1MiB /  24564MiB |      0%      Default |
|                                         |                        |                  N/A |
+-----------------------------------------+------------------------+----------------------+
                                                                                         
+-----------------------------------------------------------------------------------------+
| Processes:                                                                              |
|  GPU   GI   CI              PID   Type   Process name                        GPU Memory |
|        ID   ID                                                               Usage      |
|=========================================================================================|
|  No running processes found                                                             |
+-----------------------------------------------------------------------------------------+
[cuda-check] torch=2.7.1+cu118 cuda_build=11.8 cuda_avail=True
2026-06-09 05:59:11 | INFO    | train_session_alignment | device=cuda | cuda={'torch': '2.7.1+cu118', 'cuda_build': '11.8', 'cuda_available': True, 'device': 'cuda', 'device_name': 'NVIDIA GeForce RTX 4090 D'}
2026-06-09 05:59:11 | INFO    | train_session_alignment | loaded 148 ok sessions | methods=['euclidean_alignment'] | models=['deepconvnet'] | seeds=[0] | groups=['single', 'multi'] | tasks=335
2026-06-09 05:59:19 | INFO    | train_session_alignment | [align] euclidean_alignment    deepconvnet single_sub-001_ses01-to-ses02 seed=0 acc=0.5100 (ntr=160 nval=40 nte=200)
2026-06-09 05:59:25 | INFO    | train_session_alignment | [align] euclidean_alignment    deepconvnet single_sub-001_ses01-to-ses03 seed=0 acc=0.5300 (ntr=160 nval=40 nte=200)
2026-06-09 05:59:32 | INFO    | train_session_alignment | [align] euclidean_alignment    deepconvnet single_sub-001_ses02-to-ses01 seed=0 acc=0.6150 (ntr=160 nval=40 nte=200)
2026-06-09 05:59:38 | INFO    | train_session_alignment | [align] euclidean_alignment    deepconvnet single_sub-001_ses02-to-ses03 seed=0 acc=0.8650 (ntr=160 nval=40 nte=200)
2026-06-09 05:59:45 | INFO    | train_session_alignment | [align] euclidean_alignment    deepconvnet single_sub-001_ses03-to-ses01 seed=0 acc=0.6900 (ntr=160 nval=40 nte=200)
2026-06-09 05:59:51 | INFO    | train_session_alignment | [align] euclidean_alignment    deepconvnet single_sub-001_ses03-to-ses02 seed=0 acc=0.7750 (ntr=160 nval=40 nte=200)
2026-06-09 05:59:57 | INFO    | train_session_alignment | [align] euclidean_alignment    deepconvnet single_sub-002_ses01-to-ses02 seed=0 acc=0.5300 (ntr=160 nval=40 nte=200)
2026-06-09 06:00:03 | INFO    | train_session_alignment | [align] euclidean_alignment    deepconvnet single_sub-002_ses01-to-ses03 seed=0 acc=0.5250 (ntr=160 nval=40 nte=200)
2026-06-09 06:00:09 | INFO    | train_session_alignment | [align] euclidean_alignment    deepconvnet single_sub-002_ses02-to-ses01 seed=0 acc=0.5050 (ntr=160 nval=40 nte=200)
2026-06-09 06:00:15 | INFO    | train_session_alignment | [align] euclidean_alignment    deepconvnet single_sub-002_ses02-to-ses03 seed=0 acc=0.5500 (ntr=160 nval=40 nte=200)
2026-06-09 06:00:21 | INFO    | train_session_alignment | [align] euclidean_alignment    deepconvnet single_sub-002_ses03-to-ses01 seed=0 acc=0.5700 (ntr=160 nval=40 nte=200)
2026-06-09 06:00:27 | INFO    | train_session_alignment | [align] euclidean_alignment    deepconvnet single_sub-002_ses03-to-ses02 seed=0 acc=0.5950 (ntr=160 nval=40 nte=200)
2026-06-09 06:00:33 | INFO    | train_session_alignment | [align] euclidean_alignment    deepconvnet single_sub-003_ses01-to-ses02 seed=0 acc=0.4950 (ntr=160 nval=40 nte=200)
2026-06-09 06:00:39 | INFO    | train_session_alignment | [align] euclidean_alignment    deepconvnet single_sub-003_ses01-to-ses03 seed=0 acc=0.5000 (ntr=160 nval=40 nte=200)
2026-06-09 06:00:46 | INFO    | train_session_alignment | [align] euclidean_alignment    deepconvnet single_sub-003_ses02-to-ses01 seed=0 acc=0.5850 (ntr=160 nval=40 nte=200)
2026-06-09 06:00:53 | INFO    | train_session_alignment | [align] euclidean_alignment    deepconvnet single_sub-003_ses02-to-ses03 seed=0 acc=0.5000 (ntr=160 nval=40 nte=200)
2026-06-09 06:00:59 | INFO    | train_session_alignment | [align] euclidean_alignment    deepconvnet single_sub-003_ses03-to-ses01 seed=0 acc=0.4800 (ntr=160 nval=40 nte=200)
2026-06-09 06:01:05 | INFO    | train_session_alignment | [align] euclidean_alignment    deepconvnet single_sub-003_ses03-to-ses02 seed=0 acc=0.5100 (ntr=160 nval=40 nte=200)
2026-06-09 06:01:11 | INFO    | train_session_alignment | [align] euclidean_alignment    deepconvnet single_sub-004_ses01-to-ses02 seed=0 acc=0.4700 (ntr=160 nval=40 nte=200)
2026-06-09 06:01:17 | INFO    | train_session_alignment | [align] euclidean_alignment    deepconvnet single_sub-004_ses01-to-ses03 seed=0 acc=0.5400 (ntr=160 nval=40 nte=200)
2026-06-09 06:01:23 | INFO    | train_session_alignment | [align] euclidean_alignment    deepconvnet single_sub-004_ses02-to-ses01 seed=0 acc=0.5100 (ntr=160 nval=40 nte=200)
2026-06-09 06:01:29 | INFO    | train_session_alignment | [align] euclidean_alignment    deepconvnet single_sub-004_ses02-to-ses03 seed=0 acc=0.4900 (ntr=160 nval=40 nte=200)
2026-06-09 06:01:35 | INFO    | train_session_alignment | [align] euclidean_alignment    deepconvnet single_sub-004_ses03-to-ses01 seed=0 acc=0.4850 (ntr=160 nval=40 nte=200)
2026-06-09 06:01:41 | INFO    | train_session_alignment | [align] euclidean_alignment    deepconvnet single_sub-004_ses03-to-ses02 seed=0 acc=0.4800 (ntr=160 nval=40 nte=200)
2026-06-09 06:01:48 | INFO    | train_session_alignment | [align] euclidean_alignment    deepconvnet single_sub-005_ses01-to-ses02 seed=0 acc=0.7250 (ntr=160 nval=40 nte=200)
2026-06-09 06:01:56 | INFO    | train_session_alignment | [align] euclidean_alignment    deepconvnet single_sub-005_ses01-to-ses03 seed=0 acc=0.6200 (ntr=160 nval=40 nte=200)
2026-06-09 06:02:02 | INFO    | train_session_alignment | [align] euclidean_alignment    deepconvnet single_sub-005_ses02-to-ses01 seed=0 acc=0.6950 (ntr=160 nval=40 nte=200)
2026-06-09 06:02:08 | INFO    | train_session_alignment | [align] euclidean_alignment    deepconvnet single_sub-005_ses02-to-ses03 seed=0 acc=0.5450 (ntr=160 nval=40 nte=200)
2026-06-09 06:02:14 | INFO    | train_session_alignment | [align] euclidean_alignment    deepconvnet single_sub-005_ses03-to-ses01 seed=0 acc=0.5000 (ntr=160 nval=40 nte=200)
2026-06-09 06:02:20 | INFO    | train_session_alignment | [align] euclidean_alignment    deepconvnet single_sub-005_ses03-to-ses02 seed=0 acc=0.5000 (ntr=160 nval=40 nte=200)
2026-06-09 06:02:27 | INFO    | train_session_alignment | [align] euclidean_alignment    deepconvnet single_sub-006_ses01-to-ses02 seed=0 acc=0.9000 (ntr=160 nval=40 nte=200)
2026-06-09 06:02:33 | INFO    | train_session_alignment | [align] euclidean_alignment    deepconvnet single_sub-006_ses01-to-ses03 seed=0 acc=0.9150 (ntr=160 nval=40 nte=200)
2026-06-09 06:02:39 | INFO    | train_session_alignment | [align] euclidean_alignment    deepconvnet single_sub-006_ses02-to-ses01 seed=0 acc=0.7500 (ntr=160 nval=40 nte=200)
2026-06-09 06:02:45 | INFO    | train_session_alignment | [align] euclidean_alignment    deepconvnet single_sub-006_ses02-to-ses03 seed=0 acc=0.7850 (ntr=160 nval=40 nte=200)
2026-06-09 06:02:52 | INFO    | train_session_alignment | [align] euclidean_alignment    deepconvnet single_sub-006_ses03-to-ses01 seed=0 acc=0.8300 (ntr=160 nval=40 nte=200)
2026-06-09 06:02:59 | INFO    | train_session_alignment | [align] euclidean_alignment    deepconvnet single_sub-006_ses03-to-ses02 seed=0 acc=0.7900 (ntr=160 nval=40 nte=200)
2026-06-09 06:03:06 | INFO    | train_session_alignment | [align] euclidean_alignment    deepconvnet single_sub-007_ses01-to-ses02 seed=0 acc=0.7050 (ntr=160 nval=40 nte=200)
2026-06-09 06:03:14 | INFO    | train_session_alignment | [align] euclidean_alignment    deepconvnet single_sub-007_ses01-to-ses03 seed=0 acc=0.7450 (ntr=160 nval=40 nte=200)
2026-06-09 06:03:20 | INFO    | train_session_alignment | [align] euclidean_alignment    deepconvnet single_sub-007_ses02-to-ses01 seed=0 acc=0.6550 (ntr=160 nval=40 nte=200)
2026-06-09 06:03:26 | INFO    | train_session_alignment | [align] euclidean_alignment    deepconvnet single_sub-007_ses02-to-ses03 seed=0 acc=0.8450 (ntr=160 nval=40 nte=200)
2026-06-09 06:03:31 | INFO    | train_session_alignment | [align] euclidean_alignment    deepconvnet single_sub-007_ses03-to-ses01 seed=0 acc=0.5550 (ntr=160 nval=40 nte=200)
2026-06-09 06:03:37 | INFO    | train_session_alignment | [align] euclidean_alignment    deepconvnet single_sub-007_ses03-to-ses02 seed=0 acc=0.6200 (ntr=160 nval=40 nte=200)
2026-06-09 06:03:43 | INFO    | train_session_alignment | [align] euclidean_alignment    deepconvnet single_sub-008_ses01-to-ses02 seed=0 acc=0.5050 (ntr=160 nval=40 nte=200)
2026-06-09 06:03:49 | INFO    | train_session_alignment | [align] euclidean_alignment    deepconvnet single_sub-008_ses01-to-ses03 seed=0 acc=0.4950 (ntr=160 nval=40 nte=200)
2026-06-09 06:03:57 | INFO    | train_session_alignment | [align] euclidean_alignment    deepconvnet single_sub-008_ses02-to-ses01 seed=0 acc=0.6300 (ntr=160 nval=40 nte=200)
2026-06-09 06:04:04 | INFO    | train_session_alignment | [align] euclidean_alignment    deepconvnet single_sub-008_ses02-to-ses03 seed=0 acc=0.7550 (ntr=160 nval=40 nte=200)
2026-06-09 06:04:12 | INFO    | train_session_alignment | [align] euclidean_alignment    deepconvnet single_sub-008_ses03-to-ses01 seed=0 acc=0.5300 (ntr=160 nval=40 nte=200)
2026-06-09 06:04:20 | INFO    | train_session_alignment | [align] euclidean_alignment    deepconvnet single_sub-008_ses03-to-ses02 seed=0 acc=0.6600 (ntr=160 nval=40 nte=200)
2026-06-09 06:04:26 | INFO    | train_session_alignment | [align] euclidean_alignment    deepconvnet single_sub-009_ses01-to-ses02 seed=0 acc=0.6050 (ntr=160 nval=40 nte=200)
2026-06-09 06:04:32 | INFO    | train_session_alignment | [align] euclidean_alignment    deepconvnet single_sub-009_ses01-to-ses03 seed=0 acc=0.5450 (ntr=160 nval=40 nte=200)
2026-06-09 06:04:38 | INFO    | train_session_alignment | [align] euclidean_alignment    deepconvnet single_sub-009_ses02-to-ses01 seed=0 acc=0.5500 (ntr=160 nval=40 nte=200)
2026-06-09 06:04:45 | INFO    | train_session_alignment | [align] euclidean_alignment    deepconvnet single_sub-009_ses02-to-ses03 seed=0 acc=0.5600 (ntr=160 nval=40 nte=200)
2026-06-09 06:04:50 | INFO    | train_session_alignment | [align] euclidean_alignment    deepconvnet single_sub-009_ses03-to-ses01 seed=0 acc=0.6300 (ntr=160 nval=40 nte=200)
2026-06-09 06:04:56 | INFO    | train_session_alignment | [align] euclidean_alignment    deepconvnet single_sub-009_ses03-to-ses02 seed=0 acc=0.6000 (ntr=160 nval=40 nte=200)
2026-06-09 06:05:02 | INFO    | train_session_alignment | [align] euclidean_alignment    deepconvnet single_sub-010_ses01-to-ses02 seed=0 acc=0.5650 (ntr=160 nval=40 nte=200)
2026-06-09 06:05:08 | INFO    | train_session_alignment | [align] euclidean_alignment    deepconvnet single_sub-010_ses01-to-ses03 seed=0 acc=0.5000 (ntr=160 nval=40 nte=200)
2026-06-09 06:05:18 | INFO    | train_session_alignment | [align] euclidean_alignment    deepconvnet single_sub-010_ses02-to-ses01 seed=0 acc=0.6750 (ntr=160 nval=40 nte=200)
2026-06-09 06:05:29 | INFO    | train_session_alignment | [align] euclidean_alignment    deepconvnet single_sub-010_ses02-to-ses03 seed=0 acc=0.5250 (ntr=160 nval=40 nte=200)
2026-06-09 06:05:34 | INFO    | train_session_alignment | [align] euclidean_alignment    deepconvnet single_sub-010_ses03-to-ses01 seed=0 acc=0.4950 (ntr=160 nval=40 nte=200)
2026-06-09 06:05:40 | INFO    | train_session_alignment | [align] euclidean_alignment    deepconvnet single_sub-010_ses03-to-ses02 seed=0 acc=0.5000 (ntr=160 nval=40 nte=200)
2026-06-09 06:05:46 | INFO    | train_session_alignment | [align] euclidean_alignment    deepconvnet single_sub-011_ses01-to-ses02 seed=0 acc=0.6400 (ntr=160 nval=40 nte=200)
2026-06-09 06:05:52 | INFO    | train_session_alignment | [align] euclidean_alignment    deepconvnet single_sub-011_ses01-to-ses03 seed=0 acc=0.8650 (ntr=160 nval=40 nte=200)
2026-06-09 06:05:58 | INFO    | train_session_alignment | [align] euclidean_alignment    deepconvnet single_sub-011_ses02-to-ses01 seed=0 acc=0.7750 (ntr=160 nval=40 nte=200)
2026-06-09 06:06:05 | INFO    | train_session_alignment | [align] euclidean_alignment    deepconvnet single_sub-011_ses02-to-ses03 seed=0 acc=0.8150 (ntr=160 nval=40 nte=200)
2026-06-09 06:06:11 | INFO    | train_session_alignment | [align] euclidean_alignment    deepconvnet single_sub-011_ses03-to-ses01 seed=0 acc=0.8300 (ntr=160 nval=40 nte=200)
2026-06-09 06:06:17 | INFO    | train_session_alignment | [align] euclidean_alignment    deepconvnet single_sub-011_ses03-to-ses02 seed=0 acc=0.7250 (ntr=160 nval=40 nte=200)
2026-06-09 06:06:23 | INFO    | train_session_alignment | [align] euclidean_alignment    deepconvnet single_sub-012_ses01-to-ses02 seed=0 acc=0.5150 (ntr=160 nval=40 nte=200)
2026-06-09 06:06:29 | INFO    | train_session_alignment | [align] euclidean_alignment    deepconvnet single_sub-012_ses01-to-ses03 seed=0 acc=0.5150 (ntr=160 nval=40 nte=200)
2026-06-09 06:06:35 | INFO    | train_session_alignment | [align] euclidean_alignment    deepconvnet single_sub-012_ses02-to-ses01 seed=0 acc=0.4550 (ntr=160 nval=40 nte=200)
2026-06-09 06:06:41 | INFO    | train_session_alignment | [align] euclidean_alignment    deepconvnet single_sub-012_ses02-to-ses03 seed=0 acc=0.4750 (ntr=160 nval=40 nte=200)
2026-06-09 06:06:47 | INFO    | train_session_alignment | [align] euclidean_alignment    deepconvnet single_sub-012_ses03-to-ses01 seed=0 acc=0.5000 (ntr=160 nval=40 nte=200)
2026-06-09 06:06:53 | INFO    | train_session_alignment | [align] euclidean_alignment    deepconvnet single_sub-012_ses03-to-ses02 seed=0 acc=0.5050 (ntr=160 nval=40 nte=200)
2026-06-09 06:06:59 | INFO    | train_session_alignment | [align] euclidean_alignment    deepconvnet single_sub-013_ses01-to-ses02 seed=0 acc=0.4950 (ntr=160 nval=40 nte=200)
2026-06-09 06:07:05 | INFO    | train_session_alignment | [align] euclidean_alignment    deepconvnet single_sub-013_ses01-to-ses03 seed=0 acc=0.5050 (ntr=160 nval=40 nte=200)
2026-06-09 06:07:11 | INFO    | train_session_alignment | [align] euclidean_alignment    deepconvnet single_sub-013_ses02-to-ses01 seed=0 acc=0.5650 (ntr=160 nval=40 nte=200)
2026-06-09 06:07:17 | INFO    | train_session_alignment | [align] euclidean_alignment    deepconvnet single_sub-013_ses02-to-ses03 seed=0 acc=0.6850 (ntr=160 nval=40 nte=200)
2026-06-09 06:07:24 | INFO    | train_session_alignment | [align] euclidean_alignment    deepconvnet single_sub-013_ses03-to-ses01 seed=0 acc=0.6550 (ntr=160 nval=40 nte=200)
2026-06-09 06:07:29 | INFO    | train_session_alignment | [align] euclidean_alignment    deepconvnet single_sub-013_ses03-to-ses02 seed=0 acc=0.7900 (ntr=160 nval=40 nte=200)
2026-06-09 06:07:35 | INFO    | train_session_alignment | [align] euclidean_alignment    deepconvnet single_sub-014_ses01-to-ses02 seed=0 acc=0.4950 (ntr=160 nval=40 nte=200)
2026-06-09 06:07:41 | INFO    | train_session_alignment | [align] euclidean_alignment    deepconvnet single_sub-014_ses01-to-ses03 seed=0 acc=0.4950 (ntr=160 nval=40 nte=200)
2026-06-09 06:07:47 | INFO    | train_session_alignment | [align] euclidean_alignment    deepconvnet single_sub-014_ses02-to-ses01 seed=0 acc=0.4800 (ntr=160 nval=40 nte=200)
2026-06-09 06:07:53 | INFO    | train_session_alignment | [align] euclidean_alignment    deepconvnet single_sub-014_ses02-to-ses03 seed=0 acc=0.5150 (ntr=160 nval=40 nte=200)
2026-06-09 06:07:59 | INFO    | train_session_alignment | [align] euclidean_alignment    deepconvnet single_sub-014_ses03-to-ses01 seed=0 acc=0.4850 (ntr=160 nval=40 nte=200)
2026-06-09 06:08:05 | INFO    | train_session_alignment | [align] euclidean_alignment    deepconvnet single_sub-014_ses03-to-ses02 seed=0 acc=0.4900 (ntr=160 nval=40 nte=200)
2026-06-09 06:08:12 | INFO    | train_session_alignment | [align] euclidean_alignment    deepconvnet single_sub-015_ses01-to-ses02 seed=0 acc=0.5400 (ntr=160 nval=40 nte=200)
2026-06-09 06:08:19 | INFO    | train_session_alignment | [align] euclidean_alignment    deepconvnet single_sub-015_ses01-to-ses03 seed=0 acc=0.5050 (ntr=160 nval=40 nte=200)
2026-06-09 06:08:26 | INFO    | train_session_alignment | [align] euclidean_alignment    deepconvnet single_sub-015_ses02-to-ses01 seed=0 acc=0.5100 (ntr=160 nval=40 nte=200)
2026-06-09 06:08:32 | INFO    | train_session_alignment | [align] euclidean_alignment    deepconvnet single_sub-015_ses02-to-ses03 seed=0 acc=0.5100 (ntr=160 nval=40 nte=200)
2026-06-09 06:08:43 | INFO    | train_session_alignment | [align] euclidean_alignment    deepconvnet single_sub-015_ses03-to-ses01 seed=0 acc=0.6100 (ntr=160 nval=40 nte=200)
2026-06-09 06:08:55 | INFO    | train_session_alignment | [align] euclidean_alignment    deepconvnet single_sub-015_ses03-to-ses02 seed=0 acc=0.6350 (ntr=160 nval=40 nte=200)
2026-06-09 06:09:02 | INFO    | train_session_alignment | [align] euclidean_alignment    deepconvnet single_sub-016_ses01-to-ses02 seed=0 acc=0.4600 (ntr=160 nval=40 nte=200)
2026-06-09 06:09:08 | INFO    | train_session_alignment | [align] euclidean_alignment    deepconvnet single_sub-016_ses01-to-ses03 seed=0 acc=0.5700 (ntr=160 nval=40 nte=200)
2026-06-09 06:09:14 | INFO    | train_session_alignment | [align] euclidean_alignment    deepconvnet single_sub-016_ses02-to-ses01 seed=0 acc=0.5150 (ntr=160 nval=40 nte=200)
2026-06-09 06:09:20 | INFO    | train_session_alignment | [align] euclidean_alignment    deepconvnet single_sub-016_ses02-to-ses03 seed=0 acc=0.5250 (ntr=160 nval=40 nte=200)
2026-06-09 06:09:26 | INFO    | train_session_alignment | [align] euclidean_alignment    deepconvnet single_sub-016_ses03-to-ses01 seed=0 acc=0.5300 (ntr=160 nval=40 nte=200)
2026-06-09 06:09:32 | INFO    | train_session_alignment | [align] euclidean_alignment    deepconvnet single_sub-016_ses03-to-ses02 seed=0 acc=0.4900 (ntr=160 nval=40 nte=200)
2026-06-09 06:09:39 | INFO    | train_session_alignment | [align] euclidean_alignment    deepconvnet single_sub-017_ses01-to-ses02 seed=0 acc=0.7400 (ntr=160 nval=40 nte=200)
2026-06-09 06:09:45 | INFO    | train_session_alignment | [align] euclidean_alignment    deepconvnet single_sub-017_ses01-to-ses03 seed=0 acc=0.6300 (ntr=160 nval=40 nte=200)
2026-06-09 06:09:51 | INFO    | train_session_alignment | [align] euclidean_alignment    deepconvnet single_sub-017_ses02-to-ses01 seed=0 acc=0.7250 (ntr=160 nval=40 nte=200)
2026-06-09 06:09:58 | INFO    | train_session_alignment | [align] euclidean_alignment    deepconvnet single_sub-017_ses02-to-ses03 seed=0 acc=0.6900 (ntr=160 nval=40 nte=200)
2026-06-09 06:10:04 | INFO    | train_session_alignment | [align] euclidean_alignment    deepconvnet single_sub-017_ses03-to-ses01 seed=0 acc=0.5650 (ntr=160 nval=40 nte=200)
2026-06-09 06:10:09 | INFO    | train_session_alignment | [align] euclidean_alignment    deepconvnet single_sub-017_ses03-to-ses02 seed=0 acc=0.6650 (ntr=160 nval=40 nte=200)
2026-06-09 06:10:16 | INFO    | train_session_alignment | [align] euclidean_alignment    deepconvnet single_sub-018_ses01-to-ses02 seed=0 acc=0.6800 (ntr=160 nval=40 nte=200)
2026-06-09 06:10:23 | INFO    | train_session_alignment | [align] euclidean_alignment    deepconvnet single_sub-018_ses01-to-ses03 seed=0 acc=0.5750 (ntr=160 nval=40 nte=200)
2026-06-09 06:10:29 | INFO    | train_session_alignment | [align] euclidean_alignment    deepconvnet single_sub-018_ses02-to-ses01 seed=0 acc=0.5450 (ntr=160 nval=40 nte=200)
2026-06-09 06:10:36 | INFO    | train_session_alignment | [align] euclidean_alignment    deepconvnet single_sub-018_ses02-to-ses03 seed=0 acc=0.5800 (ntr=160 nval=40 nte=200)
2026-06-09 06:10:42 | INFO    | train_session_alignment | [align] euclidean_alignment    deepconvnet single_sub-018_ses03-to-ses01 seed=0 acc=0.5250 (ntr=160 nval=40 nte=200)
2026-06-09 06:10:47 | INFO    | train_session_alignment | [align] euclidean_alignment    deepconvnet single_sub-018_ses03-to-ses02 seed=0 acc=0.5950 (ntr=160 nval=40 nte=200)
2026-06-09 06:10:54 | INFO    | train_session_alignment | [align] euclidean_alignment    deepconvnet single_sub-019_ses01-to-ses02 seed=0 acc=0.5300 (ntr=160 nval=40 nte=200)
2026-06-09 06:11:02 | INFO    | train_session_alignment | [align] euclidean_alignment    deepconvnet single_sub-019_ses01-to-ses03 seed=0 acc=0.5600 (ntr=160 nval=40 nte=200)
2026-06-09 06:11:08 | INFO    | train_session_alignment | [align] euclidean_alignment    deepconvnet single_sub-019_ses02-to-ses01 seed=0 acc=0.5250 (ntr=160 nval=40 nte=200)
2026-06-09 06:11:14 | INFO    | train_session_alignment | [align] euclidean_alignment    deepconvnet single_sub-019_ses02-to-ses03 seed=0 acc=0.7350 (ntr=160 nval=40 nte=200)
2026-06-09 06:11:21 | INFO    | train_session_alignment | [align] euclidean_alignment    deepconvnet single_sub-019_ses03-to-ses01 seed=0 acc=0.6250 (ntr=160 nval=40 nte=200)
2026-06-09 06:11:28 | INFO    | train_session_alignment | [align] euclidean_alignment    deepconvnet single_sub-019_ses03-to-ses02 seed=0 acc=0.7100 (ntr=160 nval=40 nte=200)
2026-06-09 06:11:46 | INFO    | train_session_alignment | [align] euclidean_alignment    deepconvnet single_sub-020_ses01-to-ses02 seed=0 acc=0.8100 (ntr=160 nval=40 nte=200)
2026-06-09 06:12:04 | INFO    | train_session_alignment | [align] euclidean_alignment    deepconvnet single_sub-020_ses01-to-ses03 seed=0 acc=0.5900 (ntr=160 nval=40 nte=200)
2026-06-09 06:12:14 | INFO    | train_session_alignment | [align] euclidean_alignment    deepconvnet single_sub-020_ses02-to-ses01 seed=0 acc=0.8050 (ntr=160 nval=40 nte=200)
2026-06-09 06:12:25 | INFO    | train_session_alignment | [align] euclidean_alignment    deepconvnet single_sub-020_ses02-to-ses03 seed=0 acc=0.4300 (ntr=160 nval=40 nte=200)
2026-06-09 06:12:33 | INFO    | train_session_alignment | [align] euclidean_alignment    deepconvnet single_sub-020_ses03-to-ses01 seed=0 acc=0.4800 (ntr=160 nval=40 nte=200)
2026-06-09 06:12:40 | INFO    | train_session_alignment | [align] euclidean_alignment    deepconvnet single_sub-020_ses03-to-ses02 seed=0 acc=0.5150 (ntr=160 nval=40 nte=200)
2026-06-09 06:12:46 | INFO    | train_session_alignment | [align] euclidean_alignment    deepconvnet single_sub-021_ses01-to-ses02 seed=0 acc=0.5000 (ntr=160 nval=40 nte=200)
2026-06-09 06:12:51 | INFO    | train_session_alignment | [align] euclidean_alignment    deepconvnet single_sub-021_ses01-to-ses03 seed=0 acc=0.5000 (ntr=160 nval=40 nte=200)
2026-06-09 06:12:57 | INFO    | train_session_alignment | [align] euclidean_alignment    deepconvnet single_sub-021_ses02-to-ses01 seed=0 acc=0.5300 (ntr=160 nval=40 nte=200)
2026-06-09 06:13:03 | INFO    | train_session_alignment | [align] euclidean_alignment    deepconvnet single_sub-021_ses02-to-ses03 seed=0 acc=0.5600 (ntr=160 nval=40 nte=200)
2026-06-09 06:13:09 | INFO    | train_session_alignment | [align] euclidean_alignment    deepconvnet single_sub-021_ses03-to-ses01 seed=0 acc=0.4950 (ntr=160 nval=40 nte=200)
2026-06-09 06:13:15 | INFO    | train_session_alignment | [align] euclidean_alignment    deepconvnet single_sub-021_ses03-to-ses02 seed=0 acc=0.5050 (ntr=160 nval=40 nte=200)
2026-06-09 06:13:21 | INFO    | train_session_alignment | [align] euclidean_alignment    deepconvnet single_sub-022_ses01-to-ses02 seed=0 acc=0.5350 (ntr=160 nval=40 nte=200)
2026-06-09 06:13:27 | INFO    | train_session_alignment | [align] euclidean_alignment    deepconvnet single_sub-022_ses01-to-ses03 seed=0 acc=0.5350 (ntr=160 nval=40 nte=200)
2026-06-09 06:13:34 | INFO    | train_session_alignment | [align] euclidean_alignment    deepconvnet single_sub-022_ses02-to-ses01 seed=0 acc=0.6100 (ntr=160 nval=40 nte=200)
2026-06-09 06:13:42 | INFO    | train_session_alignment | [align] euclidean_alignment    deepconvnet single_sub-022_ses02-to-ses03 seed=0 acc=0.6650 (ntr=160 nval=40 nte=200)
2026-06-09 06:13:48 | INFO    | train_session_alignment | [align] euclidean_alignment    deepconvnet single_sub-022_ses03-to-ses01 seed=0 acc=0.5100 (ntr=160 nval=40 nte=200)
2026-06-09 06:13:54 | INFO    | train_session_alignment | [align] euclidean_alignment    deepconvnet single_sub-022_ses03-to-ses02 seed=0 acc=0.6000 (ntr=160 nval=40 nte=200)
2026-06-09 06:13:59 | INFO    | train_session_alignment | [align] euclidean_alignment    deepconvnet single_sub-023_ses02-to-ses03 seed=0 acc=0.7300 (ntr=160 nval=40 nte=200)
2026-06-09 06:14:06 | INFO    | train_session_alignment | [align] euclidean_alignment    deepconvnet single_sub-023_ses03-to-ses02 seed=0 acc=0.5600 (ntr=160 nval=40 nte=200)
2026-06-09 06:14:12 | INFO    | train_session_alignment | [align] euclidean_alignment    deepconvnet single_sub-025_ses01-to-ses02 seed=0 acc=0.8500 (ntr=160 nval=40 nte=200)
2026-06-09 06:14:18 | INFO    | train_session_alignment | [align] euclidean_alignment    deepconvnet single_sub-025_ses01-to-ses03 seed=0 acc=0.8100 (ntr=160 nval=40 nte=200)
2026-06-09 06:14:26 | INFO    | train_session_alignment | [align] euclidean_alignment    deepconvnet single_sub-025_ses02-to-ses01 seed=0 acc=0.8450 (ntr=160 nval=40 nte=200)
2026-06-09 06:14:34 | INFO    | train_session_alignment | [align] euclidean_alignment    deepconvnet single_sub-025_ses02-to-ses03 seed=0 acc=0.8050 (ntr=160 nval=40 nte=200)
2026-06-09 06:14:42 | INFO    | train_session_alignment | [align] euclidean_alignment    deepconvnet single_sub-025_ses03-to-ses01 seed=0 acc=0.8150 (ntr=160 nval=40 nte=200)
2026-06-09 06:14:49 | INFO    | train_session_alignment | [align] euclidean_alignment    deepconvnet single_sub-025_ses03-to-ses02 seed=0 acc=0.8350 (ntr=160 nval=40 nte=200)
2026-06-09 06:14:59 | INFO    | train_session_alignment | [align] euclidean_alignment    deepconvnet single_sub-026_ses02-to-ses03 seed=0 acc=0.9250 (ntr=160 nval=40 nte=200)
2026-06-09 06:15:05 | INFO    | train_session_alignment | [align] euclidean_alignment    deepconvnet single_sub-026_ses03-to-ses02 seed=0 acc=0.9000 (ntr=160 nval=40 nte=200)
2026-06-09 06:15:15 | INFO    | train_session_alignment | [align] euclidean_alignment    deepconvnet single_sub-027_ses01-to-ses02 seed=0 acc=0.6050 (ntr=160 nval=40 nte=200)
2026-06-09 06:15:24 | INFO    | train_session_alignment | [align] euclidean_alignment    deepconvnet single_sub-027_ses01-to-ses03 seed=0 acc=0.8000 (ntr=160 nval=40 nte=200)
2026-06-09 06:15:30 | INFO    | train_session_alignment | [align] euclidean_alignment    deepconvnet single_sub-027_ses02-to-ses01 seed=0 acc=0.5900 (ntr=160 nval=40 nte=200)
2026-06-09 06:15:37 | INFO    | train_session_alignment | [align] euclidean_alignment    deepconvnet single_sub-027_ses02-to-ses03 seed=0 acc=0.6300 (ntr=160 nval=40 nte=200)
2026-06-09 06:15:48 | INFO    | train_session_alignment | [align] euclidean_alignment    deepconvnet single_sub-027_ses03-to-ses01 seed=0 acc=0.7050 (ntr=160 nval=40 nte=200)
2026-06-09 06:15:59 | INFO    | train_session_alignment | [align] euclidean_alignment    deepconvnet single_sub-027_ses03-to-ses02 seed=0 acc=0.6100 (ntr=160 nval=40 nte=200)
2026-06-09 06:16:08 | INFO    | train_session_alignment | [align] euclidean_alignment    deepconvnet single_sub-028_ses01-to-ses02 seed=0 acc=0.7800 (ntr=160 nval=40 nte=200)
2026-06-09 06:16:16 | INFO    | train_session_alignment | [align] euclidean_alignment    deepconvnet single_sub-028_ses01-to-ses03 seed=0 acc=0.6100 (ntr=160 nval=40 nte=200)
2026-06-09 06:16:23 | INFO    | train_session_alignment | [align] euclidean_alignment    deepconvnet single_sub-028_ses02-to-ses01 seed=0 acc=0.7150 (ntr=160 nval=40 nte=200)
2026-06-09 06:16:31 | INFO    | train_session_alignment | [align] euclidean_alignment    deepconvnet single_sub-028_ses02-to-ses03 seed=0 acc=0.5550 (ntr=160 nval=40 nte=200)
2026-06-09 06:16:37 | INFO    | train_session_alignment | [align] euclidean_alignment    deepconvnet single_sub-028_ses03-to-ses01 seed=0 acc=0.5450 (ntr=160 nval=40 nte=200)
2026-06-09 06:16:43 | INFO    | train_session_alignment | [align] euclidean_alignment    deepconvnet single_sub-028_ses03-to-ses02 seed=0 acc=0.5750 (ntr=160 nval=40 nte=200)
2026-06-09 06:16:52 | INFO    | train_session_alignment | [align] euclidean_alignment    deepconvnet single_sub-029_ses01-to-ses02 seed=0 acc=0.6400 (ntr=160 nval=40 nte=200)
2026-06-09 06:17:01 | INFO    | train_session_alignment | [align] euclidean_alignment    deepconvnet single_sub-029_ses01-to-ses03 seed=0 acc=0.6200 (ntr=160 nval=40 nte=200)
2026-06-09 06:17:08 | INFO    | train_session_alignment | [align] euclidean_alignment    deepconvnet single_sub-029_ses02-to-ses01 seed=0 acc=0.4450 (ntr=160 nval=40 nte=200)
2026-06-09 06:17:16 | INFO    | train_session_alignment | [align] euclidean_alignment    deepconvnet single_sub-029_ses02-to-ses03 seed=0 acc=0.9400 (ntr=160 nval=40 nte=200)
2026-06-09 06:17:24 | INFO    | train_session_alignment | [align] euclidean_alignment    deepconvnet single_sub-029_ses03-to-ses01 seed=0 acc=0.4650 (ntr=160 nval=40 nte=200)
2026-06-09 06:17:32 | INFO    | train_session_alignment | [align] euclidean_alignment    deepconvnet single_sub-029_ses03-to-ses02 seed=0 acc=0.9150 (ntr=160 nval=40 nte=200)
2026-06-09 06:17:45 | INFO    | train_session_alignment | [align] euclidean_alignment    deepconvnet single_sub-030_ses01-to-ses02 seed=0 acc=0.8300 (ntr=160 nval=40 nte=200)
2026-06-09 06:17:58 | INFO    | train_session_alignment | [align] euclidean_alignment    deepconvnet single_sub-030_ses01-to-ses03 seed=0 acc=0.8250 (ntr=160 nval=40 nte=200)
2026-06-09 06:18:04 | INFO    | train_session_alignment | [align] euclidean_alignment    deepconvnet single_sub-030_ses02-to-ses01 seed=0 acc=0.5050 (ntr=160 nval=40 nte=200)
2026-06-09 06:18:10 | INFO    | train_session_alignment | [align] euclidean_alignment    deepconvnet single_sub-030_ses02-to-ses03 seed=0 acc=0.8500 (ntr=160 nval=40 nte=200)
2026-06-09 06:18:16 | INFO    | train_session_alignment | [align] euclidean_alignment    deepconvnet single_sub-030_ses03-to-ses01 seed=0 acc=0.5050 (ntr=160 nval=40 nte=200)
2026-06-09 06:18:22 | INFO    | train_session_alignment | [align] euclidean_alignment    deepconvnet single_sub-030_ses03-to-ses02 seed=0 acc=0.7750 (ntr=160 nval=40 nte=200)
2026-06-09 06:18:28 | INFO    | train_session_alignment | [align] euclidean_alignment    deepconvnet single_sub-031_ses01-to-ses02 seed=0 acc=0.7500 (ntr=160 nval=40 nte=200)
2026-06-09 06:18:34 | INFO    | train_session_alignment | [align] euclidean_alignment    deepconvnet single_sub-031_ses01-to-ses03 seed=0 acc=0.7250 (ntr=160 nval=40 nte=200)
2026-06-09 06:18:41 | INFO    | train_session_alignment | [align] euclidean_alignment    deepconvnet single_sub-031_ses02-to-ses01 seed=0 acc=0.6800 (ntr=160 nval=40 nte=200)
2026-06-09 06:18:48 | INFO    | train_session_alignment | [align] euclidean_alignment    deepconvnet single_sub-031_ses02-to-ses03 seed=0 acc=0.7350 (ntr=160 nval=40 nte=200)
2026-06-09 06:18:54 | INFO    | train_session_alignment | [align] euclidean_alignment    deepconvnet single_sub-031_ses03-to-ses01 seed=0 acc=0.6000 (ntr=160 nval=40 nte=200)
2026-06-09 06:19:00 | INFO    | train_session_alignment | [align] euclidean_alignment    deepconvnet single_sub-031_ses03-to-ses02 seed=0 acc=0.7150 (ntr=160 nval=40 nte=200)
2026-06-09 06:19:06 | INFO    | train_session_alignment | [align] euclidean_alignment    deepconvnet single_sub-032_ses01-to-ses03 seed=0 acc=0.5000 (ntr=160 nval=40 nte=200)
2026-06-09 06:19:12 | INFO    | train_session_alignment | [align] euclidean_alignment    deepconvnet single_sub-032_ses03-to-ses01 seed=0 acc=0.5300 (ntr=160 nval=40 nte=200)
2026-06-09 06:19:19 | INFO    | train_session_alignment | [align] euclidean_alignment    deepconvnet single_sub-033_ses01-to-ses02 seed=0 acc=0.7900 (ntr=160 nval=40 nte=200)
2026-06-09 06:19:26 | INFO    | train_session_alignment | [align] euclidean_alignment    deepconvnet single_sub-033_ses01-to-ses03 seed=0 acc=0.7950 (ntr=160 nval=40 nte=200)
2026-06-09 06:19:32 | INFO    | train_session_alignment | [align] euclidean_alignment    deepconvnet single_sub-033_ses02-to-ses01 seed=0 acc=0.7550 (ntr=160 nval=40 nte=200)
2026-06-09 06:19:39 | INFO    | train_session_alignment | [align] euclidean_alignment    deepconvnet single_sub-033_ses02-to-ses03 seed=0 acc=0.7350 (ntr=160 nval=40 nte=200)
2026-06-09 06:19:45 | INFO    | train_session_alignment | [align] euclidean_alignment    deepconvnet single_sub-033_ses03-to-ses01 seed=0 acc=0.5800 (ntr=160 nval=40 nte=200)
2026-06-09 06:19:51 | INFO    | train_session_alignment | [align] euclidean_alignment    deepconvnet single_sub-033_ses03-to-ses02 seed=0 acc=0.7100 (ntr=160 nval=40 nte=200)
2026-06-09 06:19:57 | INFO    | train_session_alignment | [align] euclidean_alignment    deepconvnet single_sub-034_ses01-to-ses02 seed=0 acc=0.7400 (ntr=160 nval=40 nte=200)
2026-06-09 06:20:04 | INFO    | train_session_alignment | [align] euclidean_alignment    deepconvnet single_sub-034_ses01-to-ses03 seed=0 acc=0.6850 (ntr=160 nval=40 nte=200)
2026-06-09 06:20:13 | INFO    | train_session_alignment | [align] euclidean_alignment    deepconvnet single_sub-034_ses02-to-ses01 seed=0 acc=0.6850 (ntr=160 nval=40 nte=200)
2026-06-09 06:20:22 | INFO    | train_session_alignment | [align] euclidean_alignment    deepconvnet single_sub-034_ses02-to-ses03 seed=0 acc=0.7550 (ntr=160 nval=40 nte=200)
2026-06-09 06:20:30 | INFO    | train_session_alignment | [align] euclidean_alignment    deepconvnet single_sub-034_ses03-to-ses01 seed=0 acc=0.7050 (ntr=160 nval=40 nte=200)
2026-06-09 06:20:38 | INFO    | train_session_alignment | [align] euclidean_alignment    deepconvnet single_sub-034_ses03-to-ses02 seed=0 acc=0.8100 (ntr=160 nval=40 nte=200)
2026-06-09 06:20:46 | INFO    | train_session_alignment | [align] euclidean_alignment    deepconvnet single_sub-035_ses01-to-ses02 seed=0 acc=0.9000 (ntr=160 nval=40 nte=200)
2026-06-09 06:20:53 | INFO    | train_session_alignment | [align] euclidean_alignment    deepconvnet single_sub-035_ses01-to-ses03 seed=0 acc=0.8350 (ntr=160 nval=40 nte=200)
2026-06-09 06:21:06 | INFO    | train_session_alignment | [align] euclidean_alignment    deepconvnet single_sub-035_ses02-to-ses01 seed=0 acc=0.9000 (ntr=160 nval=40 nte=200)
2026-06-09 06:21:18 | INFO    | train_session_alignment | [align] euclidean_alignment    deepconvnet single_sub-035_ses02-to-ses03 seed=0 acc=0.8300 (ntr=160 nval=40 nte=200)
2026-06-09 06:21:24 | INFO    | train_session_alignment | [align] euclidean_alignment    deepconvnet single_sub-035_ses03-to-ses01 seed=0 acc=0.6200 (ntr=160 nval=40 nte=200)
2026-06-09 06:21:30 | INFO    | train_session_alignment | [align] euclidean_alignment    deepconvnet single_sub-035_ses03-to-ses02 seed=0 acc=0.5650 (ntr=160 nval=40 nte=200)
2026-06-09 06:21:36 | INFO    | train_session_alignment | [align] euclidean_alignment    deepconvnet single_sub-036_ses01-to-ses02 seed=0 acc=0.6400 (ntr=160 nval=40 nte=200)
2026-06-09 06:21:42 | INFO    | train_session_alignment | [align] euclidean_alignment    deepconvnet single_sub-036_ses01-to-ses03 seed=0 acc=0.7050 (ntr=160 nval=40 nte=200)
2026-06-09 06:21:50 | INFO    | train_session_alignment | [align] euclidean_alignment    deepconvnet single_sub-036_ses02-to-ses01 seed=0 acc=0.7000 (ntr=160 nval=40 nte=200)
2026-06-09 06:21:57 | INFO    | train_session_alignment | [align] euclidean_alignment    deepconvnet single_sub-036_ses02-to-ses03 seed=0 acc=0.9050 (ntr=160 nval=40 nte=200)
2026-06-09 06:22:04 | INFO    | train_session_alignment | [align] euclidean_alignment    deepconvnet single_sub-036_ses03-to-ses01 seed=0 acc=0.7150 (ntr=160 nval=40 nte=200)
2026-06-09 06:22:10 | INFO    | train_session_alignment | [align] euclidean_alignment    deepconvnet single_sub-036_ses03-to-ses02 seed=0 acc=0.7800 (ntr=160 nval=40 nte=200)
2026-06-09 06:22:29 | INFO    | train_session_alignment | [align] euclidean_alignment    deepconvnet single_sub-037_ses01-to-ses02 seed=0 acc=0.8200 (ntr=160 nval=40 nte=200)
2026-06-09 06:22:48 | INFO    | train_session_alignment | [align] euclidean_alignment    deepconvnet single_sub-037_ses01-to-ses03 seed=0 acc=0.7600 (ntr=160 nval=40 nte=200)
2026-06-09 06:22:54 | INFO    | train_session_alignment | [align] euclidean_alignment    deepconvnet single_sub-037_ses02-to-ses01 seed=0 acc=0.5550 (ntr=160 nval=40 nte=200)
2026-06-09 06:23:00 | INFO    | train_session_alignment | [align] euclidean_alignment    deepconvnet single_sub-037_ses02-to-ses03 seed=0 acc=0.8600 (ntr=160 nval=40 nte=200)
2026-06-09 06:23:07 | INFO    | train_session_alignment | [align] euclidean_alignment    deepconvnet single_sub-037_ses03-to-ses01 seed=0 acc=0.7400 (ntr=160 nval=40 nte=200)
2026-06-09 06:23:14 | INFO    | train_session_alignment | [align] euclidean_alignment    deepconvnet single_sub-037_ses03-to-ses02 seed=0 acc=0.8300 (ntr=160 nval=40 nte=200)
2026-06-09 06:23:20 | INFO    | train_session_alignment | [align] euclidean_alignment    deepconvnet single_sub-038_ses01-to-ses02 seed=0 acc=0.4100 (ntr=160 nval=40 nte=200)
2026-06-09 06:23:26 | INFO    | train_session_alignment | [align] euclidean_alignment    deepconvnet single_sub-038_ses01-to-ses03 seed=0 acc=0.4450 (ntr=160 nval=40 nte=200)
2026-06-09 06:23:32 | INFO    | train_session_alignment | [align] euclidean_alignment    deepconvnet single_sub-038_ses02-to-ses01 seed=0 acc=0.5250 (ntr=160 nval=40 nte=200)
2026-06-09 06:23:38 | INFO    | train_session_alignment | [align] euclidean_alignment    deepconvnet single_sub-038_ses02-to-ses03 seed=0 acc=0.4250 (ntr=160 nval=40 nte=200)
2026-06-09 06:23:44 | INFO    | train_session_alignment | [align] euclidean_alignment    deepconvnet single_sub-038_ses03-to-ses01 seed=0 acc=0.4950 (ntr=160 nval=40 nte=200)
2026-06-09 06:23:51 | INFO    | train_session_alignment | [align] euclidean_alignment    deepconvnet single_sub-038_ses03-to-ses02 seed=0 acc=0.4350 (ntr=160 nval=40 nte=200)
2026-06-09 06:23:57 | INFO    | train_session_alignment | [align] euclidean_alignment    deepconvnet single_sub-039_ses01-to-ses02 seed=0 acc=0.5000 (ntr=160 nval=40 nte=200)
2026-06-09 06:24:03 | INFO    | train_session_alignment | [align] euclidean_alignment    deepconvnet single_sub-039_ses01-to-ses03 seed=0 acc=0.5000 (ntr=160 nval=40 nte=200)
2026-06-09 06:24:09 | INFO    | train_session_alignment | [align] euclidean_alignment    deepconvnet single_sub-039_ses02-to-ses01 seed=0 acc=0.5150 (ntr=160 nval=40 nte=200)
2026-06-09 06:24:15 | INFO    | train_session_alignment | [align] euclidean_alignment    deepconvnet single_sub-039_ses02-to-ses03 seed=0 acc=0.5100 (ntr=160 nval=40 nte=200)
2026-06-09 06:24:21 | INFO    | train_session_alignment | [align] euclidean_alignment    deepconvnet single_sub-039_ses03-to-ses01 seed=0 acc=0.4150 (ntr=160 nval=40 nte=200)
2026-06-09 06:24:27 | INFO    | train_session_alignment | [align] euclidean_alignment    deepconvnet single_sub-039_ses03-to-ses02 seed=0 acc=0.5600 (ntr=160 nval=40 nte=200)
2026-06-09 06:24:33 | INFO    | train_session_alignment | [align] euclidean_alignment    deepconvnet single_sub-040_ses01-to-ses02 seed=0 acc=0.6150 (ntr=160 nval=40 nte=200)
2026-06-09 06:24:39 | INFO    | train_session_alignment | [align] euclidean_alignment    deepconvnet single_sub-040_ses01-to-ses03 seed=0 acc=0.6200 (ntr=160 nval=40 nte=200)
2026-06-09 06:24:45 | INFO    | train_session_alignment | [align] euclidean_alignment    deepconvnet single_sub-040_ses02-to-ses01 seed=0 acc=0.5800 (ntr=160 nval=40 nte=200)
2026-06-09 06:24:51 | INFO    | train_session_alignment | [align] euclidean_alignment    deepconvnet single_sub-040_ses02-to-ses03 seed=0 acc=0.6100 (ntr=160 nval=40 nte=200)
2026-06-09 06:24:58 | INFO    | train_session_alignment | [align] euclidean_alignment    deepconvnet single_sub-040_ses03-to-ses01 seed=0 acc=0.7150 (ntr=160 nval=40 nte=200)
2026-06-09 06:25:04 | INFO    | train_session_alignment | [align] euclidean_alignment    deepconvnet single_sub-040_ses03-to-ses02 seed=0 acc=0.6400 (ntr=160 nval=40 nte=200)
2026-06-09 06:25:10 | INFO    | train_session_alignment | [align] euclidean_alignment    deepconvnet single_sub-041_ses01-to-ses02 seed=0 acc=0.7700 (ntr=160 nval=40 nte=200)
2026-06-09 06:25:16 | INFO    | train_session_alignment | [align] euclidean_alignment    deepconvnet single_sub-041_ses01-to-ses03 seed=0 acc=0.8200 (ntr=160 nval=40 nte=200)
2026-06-09 06:25:23 | INFO    | train_session_alignment | [align] euclidean_alignment    deepconvnet single_sub-041_ses02-to-ses01 seed=0 acc=0.7950 (ntr=160 nval=40 nte=200)
2026-06-09 06:25:29 | INFO    | train_session_alignment | [align] euclidean_alignment    deepconvnet single_sub-041_ses02-to-ses03 seed=0 acc=0.8500 (ntr=160 nval=40 nte=200)
2026-06-09 06:25:35 | INFO    | train_session_alignment | [align] euclidean_alignment    deepconvnet single_sub-041_ses03-to-ses01 seed=0 acc=0.7400 (ntr=160 nval=40 nte=200)
2026-06-09 06:25:41 | INFO    | train_session_alignment | [align] euclidean_alignment    deepconvnet single_sub-041_ses03-to-ses02 seed=0 acc=0.7350 (ntr=160 nval=40 nte=200)
2026-06-09 06:25:49 | INFO    | train_session_alignment | [align] euclidean_alignment    deepconvnet single_sub-042_ses01-to-ses02 seed=0 acc=0.6450 (ntr=160 nval=40 nte=200)
2026-06-09 06:25:57 | INFO    | train_session_alignment | [align] euclidean_alignment    deepconvnet single_sub-042_ses01-to-ses03 seed=0 acc=0.6100 (ntr=160 nval=40 nte=200)
2026-06-09 06:26:03 | INFO    | train_session_alignment | [align] euclidean_alignment    deepconvnet single_sub-042_ses02-to-ses01 seed=0 acc=0.5650 (ntr=160 nval=40 nte=200)
2026-06-09 06:26:09 | INFO    | train_session_alignment | [align] euclidean_alignment    deepconvnet single_sub-042_ses02-to-ses03 seed=0 acc=0.5400 (ntr=160 nval=40 nte=200)
2026-06-09 06:26:15 | INFO    | train_session_alignment | [align] euclidean_alignment    deepconvnet single_sub-042_ses03-to-ses01 seed=0 acc=0.5550 (ntr=160 nval=40 nte=200)
2026-06-09 06:26:21 | INFO    | train_session_alignment | [align] euclidean_alignment    deepconvnet single_sub-042_ses03-to-ses02 seed=0 acc=0.5000 (ntr=160 nval=40 nte=200)
2026-06-09 06:26:27 | INFO    | train_session_alignment | [align] euclidean_alignment    deepconvnet single_sub-043_ses01-to-ses02 seed=0 acc=0.8250 (ntr=160 nval=40 nte=200)
2026-06-09 06:26:34 | INFO    | train_session_alignment | [align] euclidean_alignment    deepconvnet single_sub-043_ses01-to-ses03 seed=0 acc=0.7800 (ntr=160 nval=40 nte=200)
2026-06-09 06:26:43 | INFO    | train_session_alignment | [align] euclidean_alignment    deepconvnet single_sub-043_ses02-to-ses01 seed=0 acc=0.9000 (ntr=160 nval=40 nte=200)
2026-06-09 06:26:52 | INFO    | train_session_alignment | [align] euclidean_alignment    deepconvnet single_sub-043_ses02-to-ses03 seed=0 acc=0.8700 (ntr=160 nval=40 nte=200)
2026-06-09 06:27:03 | INFO    | train_session_alignment | [align] euclidean_alignment    deepconvnet single_sub-043_ses03-to-ses01 seed=0 acc=0.8700 (ntr=160 nval=40 nte=200)
2026-06-09 06:27:13 | INFO    | train_session_alignment | [align] euclidean_alignment    deepconvnet single_sub-043_ses03-to-ses02 seed=0 acc=0.8350 (ntr=160 nval=40 nte=200)
2026-06-09 06:27:19 | INFO    | train_session_alignment | [align] euclidean_alignment    deepconvnet single_sub-044_ses01-to-ses02 seed=0 acc=0.5950 (ntr=160 nval=40 nte=200)
2026-06-09 06:27:25 | INFO    | train_session_alignment | [align] euclidean_alignment    deepconvnet single_sub-044_ses01-to-ses03 seed=0 acc=0.5250 (ntr=160 nval=40 nte=200)
2026-06-09 06:27:30 | INFO    | train_session_alignment | [align] euclidean_alignment    deepconvnet single_sub-044_ses02-to-ses01 seed=0 acc=0.5200 (ntr=160 nval=40 nte=200)
2026-06-09 06:27:36 | INFO    | train_session_alignment | [align] euclidean_alignment    deepconvnet single_sub-044_ses02-to-ses03 seed=0 acc=0.6300 (ntr=160 nval=40 nte=200)
2026-06-09 06:27:42 | INFO    | train_session_alignment | [align] euclidean_alignment    deepconvnet single_sub-044_ses03-to-ses01 seed=0 acc=0.5050 (ntr=160 nval=40 nte=200)
2026-06-09 06:27:48 | INFO    | train_session_alignment | [align] euclidean_alignment    deepconvnet single_sub-044_ses03-to-ses02 seed=0 acc=0.5050 (ntr=160 nval=40 nte=200)
2026-06-09 06:27:54 | INFO    | train_session_alignment | [align] euclidean_alignment    deepconvnet single_sub-045_ses01-to-ses02 seed=0 acc=0.5150 (ntr=160 nval=40 nte=200)
2026-06-09 06:28:00 | INFO    | train_session_alignment | [align] euclidean_alignment    deepconvnet single_sub-045_ses01-to-ses03 seed=0 acc=0.5000 (ntr=160 nval=40 nte=200)
2026-06-09 06:28:06 | INFO    | train_session_alignment | [align] euclidean_alignment    deepconvnet single_sub-045_ses02-to-ses01 seed=0 acc=0.6500 (ntr=160 nval=40 nte=200)
2026-06-09 06:28:12 | INFO    | train_session_alignment | [align] euclidean_alignment    deepconvnet single_sub-045_ses02-to-ses03 seed=0 acc=0.6100 (ntr=160 nval=40 nte=200)
2026-06-09 06:28:20 | INFO    | train_session_alignment | [align] euclidean_alignment    deepconvnet single_sub-045_ses03-to-ses01 seed=0 acc=0.6600 (ntr=160 nval=40 nte=200)
2026-06-09 06:28:28 | INFO    | train_session_alignment | [align] euclidean_alignment    deepconvnet single_sub-045_ses03-to-ses02 seed=0 acc=0.6750 (ntr=160 nval=40 nte=200)
2026-06-09 06:28:38 | INFO    | train_session_alignment | [align] euclidean_alignment    deepconvnet single_sub-046_ses01-to-ses02 seed=0 acc=0.8400 (ntr=160 nval=40 nte=200)
2026-06-09 06:28:48 | INFO    | train_session_alignment | [align] euclidean_alignment    deepconvnet single_sub-046_ses01-to-ses03 seed=0 acc=0.8000 (ntr=160 nval=40 nte=200)
2026-06-09 06:28:56 | INFO    | train_session_alignment | [align] euclidean_alignment    deepconvnet single_sub-046_ses02-to-ses01 seed=0 acc=0.8150 (ntr=160 nval=40 nte=200)
2026-06-09 06:29:04 | INFO    | train_session_alignment | [align] euclidean_alignment    deepconvnet single_sub-046_ses02-to-ses03 seed=0 acc=0.8100 (ntr=160 nval=40 nte=200)
2026-06-09 06:29:14 | INFO    | train_session_alignment | [align] euclidean_alignment    deepconvnet single_sub-046_ses03-to-ses01 seed=0 acc=0.8750 (ntr=160 nval=40 nte=200)
2026-06-09 06:29:24 | INFO    | train_session_alignment | [align] euclidean_alignment    deepconvnet single_sub-046_ses03-to-ses02 seed=0 acc=0.8000 (ntr=160 nval=40 nte=200)
2026-06-09 06:29:30 | INFO    | train_session_alignment | [align] euclidean_alignment    deepconvnet single_sub-047_ses01-to-ses02 seed=0 acc=0.7000 (ntr=160 nval=40 nte=200)
2026-06-09 06:29:36 | INFO    | train_session_alignment | [align] euclidean_alignment    deepconvnet single_sub-047_ses01-to-ses03 seed=0 acc=0.5900 (ntr=160 nval=40 nte=200)
2026-06-09 06:29:42 | INFO    | train_session_alignment | [align] euclidean_alignment    deepconvnet single_sub-047_ses02-to-ses01 seed=0 acc=0.6700 (ntr=160 nval=40 nte=200)
2026-06-09 06:29:48 | INFO    | train_session_alignment | [align] euclidean_alignment    deepconvnet single_sub-047_ses02-to-ses03 seed=0 acc=0.6000 (ntr=160 nval=40 nte=200)
2026-06-09 06:29:54 | INFO    | train_session_alignment | [align] euclidean_alignment    deepconvnet single_sub-047_ses03-to-ses01 seed=0 acc=0.6500 (ntr=160 nval=40 nte=200)
2026-06-09 06:30:00 | INFO    | train_session_alignment | [align] euclidean_alignment    deepconvnet single_sub-047_ses03-to-ses02 seed=0 acc=0.6300 (ntr=160 nval=40 nte=200)
2026-06-09 06:30:07 | INFO    | train_session_alignment | [align] euclidean_alignment    deepconvnet single_sub-048_ses01-to-ses02 seed=0 acc=0.7950 (ntr=160 nval=40 nte=200)
2026-06-09 06:30:14 | INFO    | train_session_alignment | [align] euclidean_alignment    deepconvnet single_sub-048_ses01-to-ses03 seed=0 acc=0.7450 (ntr=160 nval=40 nte=200)
2026-06-09 06:30:20 | INFO    | train_session_alignment | [align] euclidean_alignment    deepconvnet single_sub-048_ses02-to-ses01 seed=0 acc=0.7300 (ntr=160 nval=40 nte=200)
2026-06-09 06:30:27 | INFO    | train_session_alignment | [align] euclidean_alignment    deepconvnet single_sub-048_ses02-to-ses03 seed=0 acc=0.7050 (ntr=160 nval=40 nte=200)
2026-06-09 06:30:33 | INFO    | train_session_alignment | [align] euclidean_alignment    deepconvnet single_sub-048_ses03-to-ses01 seed=0 acc=0.7600 (ntr=160 nval=40 nte=200)
2026-06-09 06:30:40 | INFO    | train_session_alignment | [align] euclidean_alignment    deepconvnet single_sub-048_ses03-to-ses02 seed=0 acc=0.6750 (ntr=160 nval=40 nte=200)
2026-06-09 06:30:47 | INFO    | train_session_alignment | [align] euclidean_alignment    deepconvnet single_sub-049_ses01-to-ses02 seed=0 acc=0.5200 (ntr=160 nval=40 nte=200)
2026-06-09 06:30:55 | INFO    | train_session_alignment | [align] euclidean_alignment    deepconvnet single_sub-049_ses01-to-ses03 seed=0 acc=0.6250 (ntr=160 nval=40 nte=200)
2026-06-09 06:31:01 | INFO    | train_session_alignment | [align] euclidean_alignment    deepconvnet single_sub-049_ses02-to-ses01 seed=0 acc=0.6050 (ntr=160 nval=40 nte=200)
2026-06-09 06:31:07 | INFO    | train_session_alignment | [align] euclidean_alignment    deepconvnet single_sub-049_ses02-to-ses03 seed=0 acc=0.6700 (ntr=160 nval=40 nte=200)
2026-06-09 06:31:14 | INFO    | train_session_alignment | [align] euclidean_alignment    deepconvnet single_sub-049_ses03-to-ses01 seed=0 acc=0.6950 (ntr=160 nval=40 nte=200)
2026-06-09 06:31:21 | INFO    | train_session_alignment | [align] euclidean_alignment    deepconvnet single_sub-049_ses03-to-ses02 seed=0 acc=0.6050 (ntr=160 nval=40 nte=200)
2026-06-09 06:31:28 | INFO    | train_session_alignment | [align] euclidean_alignment    deepconvnet single_sub-050_ses01-to-ses02 seed=0 acc=0.7700 (ntr=160 nval=40 nte=200)
2026-06-09 06:31:35 | INFO    | train_session_alignment | [align] euclidean_alignment    deepconvnet single_sub-050_ses01-to-ses03 seed=0 acc=0.6850 (ntr=160 nval=40 nte=200)
2026-06-09 06:31:42 | INFO    | train_session_alignment | [align] euclidean_alignment    deepconvnet single_sub-050_ses02-to-ses01 seed=0 acc=0.7600 (ntr=160 nval=40 nte=200)
2026-06-09 06:31:49 | INFO    | train_session_alignment | [align] euclidean_alignment    deepconvnet single_sub-050_ses02-to-ses03 seed=0 acc=0.8200 (ntr=160 nval=40 nte=200)
2026-06-09 06:31:55 | INFO    | train_session_alignment | [align] euclidean_alignment    deepconvnet single_sub-050_ses03-to-ses01 seed=0 acc=0.7650 (ntr=160 nval=40 nte=200)
2026-06-09 06:32:01 | INFO    | train_session_alignment | [align] euclidean_alignment    deepconvnet single_sub-050_ses03-to-ses02 seed=0 acc=0.8550 (ntr=160 nval=40 nte=200)
2026-06-09 06:32:10 | INFO    | train_session_alignment | [align] euclidean_alignment    deepconvnet single_sub-051_ses01-to-ses02 seed=0 acc=0.5450 (ntr=160 nval=40 nte=200)
2026-06-09 06:32:18 | INFO    | train_session_alignment | [align] euclidean_alignment    deepconvnet single_sub-051_ses01-to-ses03 seed=0 acc=0.7200 (ntr=160 nval=40 nte=200)
2026-06-09 06:32:24 | INFO    | train_session_alignment | [align] euclidean_alignment    deepconvnet single_sub-051_ses02-to-ses01 seed=0 acc=0.5050 (ntr=160 nval=40 nte=200)
2026-06-09 06:32:30 | INFO    | train_session_alignment | [align] euclidean_alignment    deepconvnet single_sub-051_ses02-to-ses03 seed=0 acc=0.5100 (ntr=160 nval=40 nte=200)
2026-06-09 06:32:36 | INFO    | train_session_alignment | [align] euclidean_alignment    deepconvnet single_sub-051_ses03-to-ses01 seed=0 acc=0.6850 (ntr=160 nval=40 nte=200)
2026-06-09 06:32:42 | INFO    | train_session_alignment | [align] euclidean_alignment    deepconvnet single_sub-051_ses03-to-ses02 seed=0 acc=0.6600 (ntr=160 nval=40 nte=200)
2026-06-09 06:32:52 | INFO    | train_session_alignment | [align] euclidean_alignment    deepconvnet multi_sub-001_ses01ses02-to-ses03 seed=0 acc=0.9100 (ntr=320 nval=80 nte=200)
2026-06-09 06:33:01 | INFO    | train_session_alignment | [align] euclidean_alignment    deepconvnet multi_sub-002_ses01ses02-to-ses03 seed=0 acc=0.6250 (ntr=320 nval=80 nte=200)
2026-06-09 06:33:23 | INFO    | train_session_alignment | [align] euclidean_alignment    deepconvnet multi_sub-003_ses01ses02-to-ses03 seed=0 acc=0.6650 (ntr=320 nval=80 nte=200)
2026-06-09 06:33:31 | INFO    | train_session_alignment | [align] euclidean_alignment    deepconvnet multi_sub-004_ses01ses02-to-ses03 seed=0 acc=0.4950 (ntr=320 nval=80 nte=200)
2026-06-09 06:33:41 | INFO    | train_session_alignment | [align] euclidean_alignment    deepconvnet multi_sub-005_ses01ses02-to-ses03 seed=0 acc=0.6500 (ntr=320 nval=80 nte=200)
2026-06-09 06:33:53 | INFO    | train_session_alignment | [align] euclidean_alignment    deepconvnet multi_sub-006_ses01ses02-to-ses03 seed=0 acc=0.9000 (ntr=320 nval=80 nte=200)
2026-06-09 06:34:03 | INFO    | train_session_alignment | [align] euclidean_alignment    deepconvnet multi_sub-007_ses01ses02-to-ses03 seed=0 acc=0.8100 (ntr=320 nval=80 nte=200)
2026-06-09 06:34:11 | INFO    | train_session_alignment | [align] euclidean_alignment    deepconvnet multi_sub-008_ses01ses02-to-ses03 seed=0 acc=0.6200 (ntr=320 nval=80 nte=200)
2026-06-09 06:34:21 | INFO    | train_session_alignment | [align] euclidean_alignment    deepconvnet multi_sub-009_ses01ses02-to-ses03 seed=0 acc=0.6200 (ntr=320 nval=80 nte=200)
2026-06-09 06:34:30 | INFO    | train_session_alignment | [align] euclidean_alignment    deepconvnet multi_sub-010_ses01ses02-to-ses03 seed=0 acc=0.5650 (ntr=320 nval=80 nte=200)
2026-06-09 06:34:38 | INFO    | train_session_alignment | [align] euclidean_alignment    deepconvnet multi_sub-011_ses01ses02-to-ses03 seed=0 acc=0.8400 (ntr=320 nval=80 nte=200)
2026-06-09 06:34:46 | INFO    | train_session_alignment | [align] euclidean_alignment    deepconvnet multi_sub-012_ses01ses02-to-ses03 seed=0 acc=0.4800 (ntr=320 nval=80 nte=200)
2026-06-09 06:34:55 | INFO    | train_session_alignment | [align] euclidean_alignment    deepconvnet multi_sub-013_ses01ses02-to-ses03 seed=0 acc=0.6900 (ntr=320 nval=80 nte=200)
2026-06-09 06:35:04 | INFO    | train_session_alignment | [align] euclidean_alignment    deepconvnet multi_sub-014_ses01ses02-to-ses03 seed=0 acc=0.5050 (ntr=320 nval=80 nte=200)
2026-06-09 06:35:14 | INFO    | train_session_alignment | [align] euclidean_alignment    deepconvnet multi_sub-015_ses01ses02-to-ses03 seed=0 acc=0.5150 (ntr=320 nval=80 nte=200)
2026-06-09 06:35:24 | INFO    | train_session_alignment | [align] euclidean_alignment    deepconvnet multi_sub-016_ses01ses02-to-ses03 seed=0 acc=0.5650 (ntr=320 nval=80 nte=200)
2026-06-09 06:35:33 | INFO    | train_session_alignment | [align] euclidean_alignment    deepconvnet multi_sub-017_ses01ses02-to-ses03 seed=0 acc=0.6950 (ntr=320 nval=80 nte=200)
2026-06-09 06:35:47 | INFO    | train_session_alignment | [align] euclidean_alignment    deepconvnet multi_sub-018_ses01ses02-to-ses03 seed=0 acc=0.6600 (ntr=320 nval=80 nte=200)
2026-06-09 06:35:56 | INFO    | train_session_alignment | [align] euclidean_alignment    deepconvnet multi_sub-019_ses01ses02-to-ses03 seed=0 acc=0.8700 (ntr=320 nval=80 nte=200)
2026-06-09 06:36:10 | INFO    | train_session_alignment | [align] euclidean_alignment    deepconvnet multi_sub-020_ses01ses02-to-ses03 seed=0 acc=0.5450 (ntr=320 nval=80 nte=200)
2026-06-09 06:36:26 | INFO    | train_session_alignment | [align] euclidean_alignment    deepconvnet multi_sub-021_ses01ses02-to-ses03 seed=0 acc=0.8350 (ntr=320 nval=80 nte=200)
2026-06-09 06:36:37 | INFO    | train_session_alignment | [align] euclidean_alignment    deepconvnet multi_sub-022_ses01ses02-to-ses03 seed=0 acc=0.6850 (ntr=320 nval=80 nte=200)
2026-06-09 06:36:45 | INFO    | train_session_alignment | [align] euclidean_alignment    deepconvnet multi_sub-025_ses01ses02-to-ses03 seed=0 acc=0.8450 (ntr=320 nval=80 nte=200)
2026-06-09 06:36:59 | INFO    | train_session_alignment | [align] euclidean_alignment    deepconvnet multi_sub-027_ses01ses02-to-ses03 seed=0 acc=0.8050 (ntr=320 nval=80 nte=200)
2026-06-09 06:37:12 | INFO    | train_session_alignment | [align] euclidean_alignment    deepconvnet multi_sub-028_ses01ses02-to-ses03 seed=0 acc=0.5700 (ntr=320 nval=80 nte=200)
2026-06-09 06:37:29 | INFO    | train_session_alignment | [align] euclidean_alignment    deepconvnet multi_sub-029_ses01ses02-to-ses03 seed=0 acc=0.9500 (ntr=320 nval=80 nte=200)
2026-06-09 06:37:41 | INFO    | train_session_alignment | [align] euclidean_alignment    deepconvnet multi_sub-030_ses01ses02-to-ses03 seed=0 acc=0.7150 (ntr=320 nval=80 nte=200)
2026-06-09 06:37:50 | INFO    | train_session_alignment | [align] euclidean_alignment    deepconvnet multi_sub-031_ses01ses02-to-ses03 seed=0 acc=0.7850 (ntr=320 nval=80 nte=200)
2026-06-09 06:38:01 | INFO    | train_session_alignment | [align] euclidean_alignment    deepconvnet multi_sub-033_ses01ses02-to-ses03 seed=0 acc=0.8750 (ntr=320 nval=80 nte=200)
2026-06-09 06:38:11 | INFO    | train_session_alignment | [align] euclidean_alignment    deepconvnet multi_sub-034_ses01ses02-to-ses03 seed=0 acc=0.8150 (ntr=320 nval=80 nte=200)
2026-06-09 06:38:26 | INFO    | train_session_alignment | [align] euclidean_alignment    deepconvnet multi_sub-035_ses01ses02-to-ses03 seed=0 acc=0.8250 (ntr=320 nval=80 nte=200)
2026-06-09 06:38:44 | INFO    | train_session_alignment | [align] euclidean_alignment    deepconvnet multi_sub-036_ses01ses02-to-ses03 seed=0 acc=0.9700 (ntr=320 nval=80 nte=200)
2026-06-09 06:38:54 | INFO    | train_session_alignment | [align] euclidean_alignment    deepconvnet multi_sub-037_ses01ses02-to-ses03 seed=0 acc=0.8800 (ntr=320 nval=80 nte=200)
2026-06-09 06:39:03 | INFO    | train_session_alignment | [align] euclidean_alignment    deepconvnet multi_sub-038_ses01ses02-to-ses03 seed=0 acc=0.5500 (ntr=320 nval=80 nte=200)
2026-06-09 06:39:12 | INFO    | train_session_alignment | [align] euclidean_alignment    deepconvnet multi_sub-039_ses01ses02-to-ses03 seed=0 acc=0.4950 (ntr=320 nval=80 nte=200)
2026-06-09 06:39:20 | INFO    | train_session_alignment | [align] euclidean_alignment    deepconvnet multi_sub-040_ses01ses02-to-ses03 seed=0 acc=0.7100 (ntr=320 nval=80 nte=200)
2026-06-09 06:39:29 | INFO    | train_session_alignment | [align] euclidean_alignment    deepconvnet multi_sub-041_ses01ses02-to-ses03 seed=0 acc=0.8650 (ntr=320 nval=80 nte=200)
2026-06-09 06:39:37 | INFO    | train_session_alignment | [align] euclidean_alignment    deepconvnet multi_sub-042_ses01ses02-to-ses03 seed=0 acc=0.5450 (ntr=320 nval=80 nte=200)
2026-06-09 06:39:56 | INFO    | train_session_alignment | [align] euclidean_alignment    deepconvnet multi_sub-043_ses01ses02-to-ses03 seed=0 acc=0.8950 (ntr=320 nval=80 nte=200)
2026-06-09 06:40:04 | INFO    | train_session_alignment | [align] euclidean_alignment    deepconvnet multi_sub-044_ses01ses02-to-ses03 seed=0 acc=0.6550 (ntr=320 nval=80 nte=200)
2026-06-09 06:40:13 | INFO    | train_session_alignment | [align] euclidean_alignment    deepconvnet multi_sub-045_ses01ses02-to-ses03 seed=0 acc=0.6450 (ntr=320 nval=80 nte=200)
2026-06-09 06:40:27 | INFO    | train_session_alignment | [align] euclidean_alignment    deepconvnet multi_sub-046_ses01ses02-to-ses03 seed=0 acc=0.9250 (ntr=320 nval=80 nte=200)
2026-06-09 06:40:35 | INFO    | train_session_alignment | [align] euclidean_alignment    deepconvnet multi_sub-047_ses01ses02-to-ses03 seed=0 acc=0.7400 (ntr=320 nval=80 nte=200)
2026-06-09 06:40:46 | INFO    | train_session_alignment | [align] euclidean_alignment    deepconvnet multi_sub-048_ses01ses02-to-ses03 seed=0 acc=0.7800 (ntr=320 nval=80 nte=200)
2026-06-09 06:41:10 | INFO    | train_session_alignment | [align] euclidean_alignment    deepconvnet multi_sub-049_ses01ses02-to-ses03 seed=0 acc=0.7800 (ntr=320 nval=80 nte=200)
2026-06-09 06:41:31 | INFO    | train_session_alignment | [align] euclidean_alignment    deepconvnet multi_sub-050_ses01ses02-to-ses03 seed=0 acc=0.8550 (ntr=320 nval=80 nte=200)
2026-06-09 06:41:39 | INFO    | train_session_alignment | [align] euclidean_alignment    deepconvnet multi_sub-051_ses01ses02-to-ses03 seed=0 acc=0.7850 (ntr=320 nval=80 nte=200)
2026-06-09 06:41:40 | INFO    | train_session_alignment | ALL DONE in 2548.6s | rows=335 ok=335 failed=0 | out=/share/home/yuan/SYX/eeg-mi-online/outputs/experiments/alignment_baseline_v1
Done: Tue Jun  9 06:41:40 CST 2026
