Project: /share/home/yuan/SYX/eeg-mi-online
Env    : mi_torch_cu118
Args   : --methods filterbank_reweighting --models deepconvnet --seeds 1 --protocols single,multi --tag-suffix filterbank_reweighting_deepconvnet_s1
Node   : gpu01 | Start: Tue Jun  9 16:01:01 CST 2026
Tue Jun  9 16:01:01 2026       
+-----------------------------------------------------------------------------------------+
| NVIDIA-SMI 570.153.02             Driver Version: 570.153.02     CUDA Version: 12.8     |
|-----------------------------------------+------------------------+----------------------+
| GPU  Name                 Persistence-M | Bus-Id          Disp.A | Volatile Uncorr. ECC |
| Fan  Temp   Perf          Pwr:Usage/Cap |           Memory-Usage | GPU-Util  Compute M. |
|                                         |                        |               MIG M. |
|=========================================+========================+======================|
|   0  NVIDIA GeForce RTX 4090 D      On  |   00000000:61:00.0 Off |                  Off |
| 30%   42C    P0             57W /  425W |       1MiB /  24564MiB |      0%      Default |
|                                         |                        |                  N/A |
+-----------------------------------------+------------------------+----------------------+
                                                                                         
+-----------------------------------------------------------------------------------------+
| Processes:                                                                              |
|  GPU   GI   CI              PID   Type   Process name                        GPU Memory |
|        ID   ID                                                               Usage      |
|=========================================================================================|
|  No running processes found                                                             |
+-----------------------------------------------------------------------------------------+
[cuda-check] torch=2.7.1+cu118 cuda_build=11.8 cuda_avail=True
2026-06-09 16:01:04 | INFO    | train_session_alignment | device=cuda | cuda={'torch': '2.7.1+cu118', 'cuda_build': '11.8', 'cuda_available': True, 'device': 'cuda', 'device_name': 'NVIDIA GeForce RTX 4090 D'}
2026-06-09 16:01:04 | INFO    | train_session_alignment | loaded 148 ok sessions | methods=['filterbank_reweighting'] | models=['deepconvnet'] | seeds=[1] | groups=['single', 'multi'] | tasks=335
2026-06-09 16:01:16 | INFO    | train_session_alignment | [align] filterbank_reweighting deepconvnet single_sub-001_ses01-to-ses02 seed=1 acc=0.6800 (ntr=160 nval=40 nte=200)
2026-06-09 16:01:26 | INFO    | train_session_alignment | [align] filterbank_reweighting deepconvnet single_sub-001_ses01-to-ses03 seed=1 acc=0.6350 (ntr=160 nval=40 nte=200)
2026-06-09 16:01:40 | INFO    | train_session_alignment | [align] filterbank_reweighting deepconvnet single_sub-001_ses02-to-ses01 seed=1 acc=0.7100 (ntr=160 nval=40 nte=200)
2026-06-09 16:01:54 | INFO    | train_session_alignment | [align] filterbank_reweighting deepconvnet single_sub-001_ses02-to-ses03 seed=1 acc=0.9450 (ntr=160 nval=40 nte=200)
2026-06-09 16:02:06 | INFO    | train_session_alignment | [align] filterbank_reweighting deepconvnet single_sub-001_ses03-to-ses01 seed=1 acc=0.5850 (ntr=160 nval=40 nte=200)
2026-06-09 16:02:18 | INFO    | train_session_alignment | [align] filterbank_reweighting deepconvnet single_sub-001_ses03-to-ses02 seed=1 acc=0.9250 (ntr=160 nval=40 nte=200)
2026-06-09 16:02:27 | INFO    | train_session_alignment | [align] filterbank_reweighting deepconvnet single_sub-002_ses01-to-ses02 seed=1 acc=0.5200 (ntr=160 nval=40 nte=200)
2026-06-09 16:02:36 | INFO    | train_session_alignment | [align] filterbank_reweighting deepconvnet single_sub-002_ses01-to-ses03 seed=1 acc=0.5800 (ntr=160 nval=40 nte=200)
2026-06-09 16:02:43 | INFO    | train_session_alignment | [align] filterbank_reweighting deepconvnet single_sub-002_ses02-to-ses01 seed=1 acc=0.4250 (ntr=160 nval=40 nte=200)
2026-06-09 16:02:49 | INFO    | train_session_alignment | [align] filterbank_reweighting deepconvnet single_sub-002_ses02-to-ses03 seed=1 acc=0.4950 (ntr=160 nval=40 nte=200)
2026-06-09 16:02:59 | INFO    | train_session_alignment | [align] filterbank_reweighting deepconvnet single_sub-002_ses03-to-ses01 seed=1 acc=0.5900 (ntr=160 nval=40 nte=200)
2026-06-09 16:03:09 | INFO    | train_session_alignment | [align] filterbank_reweighting deepconvnet single_sub-002_ses03-to-ses02 seed=1 acc=0.5800 (ntr=160 nval=40 nte=200)
2026-06-09 16:03:30 | INFO    | train_session_alignment | [align] filterbank_reweighting deepconvnet single_sub-003_ses01-to-ses02 seed=1 acc=0.9100 (ntr=160 nval=40 nte=200)
2026-06-09 16:03:52 | INFO    | train_session_alignment | [align] filterbank_reweighting deepconvnet single_sub-003_ses01-to-ses03 seed=1 acc=0.8800 (ntr=160 nval=40 nte=200)
2026-06-09 16:04:10 | INFO    | train_session_alignment | [align] filterbank_reweighting deepconvnet single_sub-003_ses02-to-ses01 seed=1 acc=0.9050 (ntr=160 nval=40 nte=200)
2026-06-09 16:04:28 | INFO    | train_session_alignment | [align] filterbank_reweighting deepconvnet single_sub-003_ses02-to-ses03 seed=1 acc=0.9400 (ntr=160 nval=40 nte=200)
2026-06-09 16:04:36 | INFO    | train_session_alignment | [align] filterbank_reweighting deepconvnet single_sub-003_ses03-to-ses01 seed=1 acc=0.5550 (ntr=160 nval=40 nte=200)
2026-06-09 16:04:43 | INFO    | train_session_alignment | [align] filterbank_reweighting deepconvnet single_sub-003_ses03-to-ses02 seed=1 acc=0.5000 (ntr=160 nval=40 nte=200)
2026-06-09 16:04:53 | INFO    | train_session_alignment | [align] filterbank_reweighting deepconvnet single_sub-004_ses01-to-ses02 seed=1 acc=0.4900 (ntr=160 nval=40 nte=200)
2026-06-09 16:05:03 | INFO    | train_session_alignment | [align] filterbank_reweighting deepconvnet single_sub-004_ses01-to-ses03 seed=1 acc=0.5300 (ntr=160 nval=40 nte=200)
2026-06-09 16:05:10 | INFO    | train_session_alignment | [align] filterbank_reweighting deepconvnet single_sub-004_ses02-to-ses01 seed=1 acc=0.4600 (ntr=160 nval=40 nte=200)
2026-06-09 16:05:16 | INFO    | train_session_alignment | [align] filterbank_reweighting deepconvnet single_sub-004_ses02-to-ses03 seed=1 acc=0.4900 (ntr=160 nval=40 nte=200)
2026-06-09 16:05:30 | INFO    | train_session_alignment | [align] filterbank_reweighting deepconvnet single_sub-004_ses03-to-ses01 seed=1 acc=0.6050 (ntr=160 nval=40 nte=200)
2026-06-09 16:05:44 | INFO    | train_session_alignment | [align] filterbank_reweighting deepconvnet single_sub-004_ses03-to-ses02 seed=1 acc=0.5000 (ntr=160 nval=40 nte=200)
2026-06-09 16:05:55 | INFO    | train_session_alignment | [align] filterbank_reweighting deepconvnet single_sub-005_ses01-to-ses02 seed=1 acc=0.8500 (ntr=160 nval=40 nte=200)
2026-06-09 16:06:07 | INFO    | train_session_alignment | [align] filterbank_reweighting deepconvnet single_sub-005_ses01-to-ses03 seed=1 acc=0.8250 (ntr=160 nval=40 nte=200)
2026-06-09 16:06:23 | INFO    | train_session_alignment | [align] filterbank_reweighting deepconvnet single_sub-005_ses02-to-ses01 seed=1 acc=0.8000 (ntr=160 nval=40 nte=200)
2026-06-09 16:06:40 | INFO    | train_session_alignment | [align] filterbank_reweighting deepconvnet single_sub-005_ses02-to-ses03 seed=1 acc=0.8050 (ntr=160 nval=40 nte=200)
2026-06-09 16:06:54 | INFO    | train_session_alignment | [align] filterbank_reweighting deepconvnet single_sub-005_ses03-to-ses01 seed=1 acc=0.7450 (ntr=160 nval=40 nte=200)
2026-06-09 16:07:07 | INFO    | train_session_alignment | [align] filterbank_reweighting deepconvnet single_sub-005_ses03-to-ses02 seed=1 acc=0.7700 (ntr=160 nval=40 nte=200)
2026-06-09 16:07:16 | INFO    | train_session_alignment | [align] filterbank_reweighting deepconvnet single_sub-006_ses01-to-ses02 seed=1 acc=0.8600 (ntr=160 nval=40 nte=200)
2026-06-09 16:07:25 | INFO    | train_session_alignment | [align] filterbank_reweighting deepconvnet single_sub-006_ses01-to-ses03 seed=1 acc=0.8600 (ntr=160 nval=40 nte=200)
2026-06-09 16:07:34 | INFO    | train_session_alignment | [align] filterbank_reweighting deepconvnet single_sub-006_ses02-to-ses01 seed=1 acc=0.7000 (ntr=160 nval=40 nte=200)
2026-06-09 16:07:43 | INFO    | train_session_alignment | [align] filterbank_reweighting deepconvnet single_sub-006_ses02-to-ses03 seed=1 acc=0.8200 (ntr=160 nval=40 nte=200)
2026-06-09 16:07:51 | INFO    | train_session_alignment | [align] filterbank_reweighting deepconvnet single_sub-006_ses03-to-ses01 seed=1 acc=0.6250 (ntr=160 nval=40 nte=200)
2026-06-09 16:08:00 | INFO    | train_session_alignment | [align] filterbank_reweighting deepconvnet single_sub-006_ses03-to-ses02 seed=1 acc=0.9050 (ntr=160 nval=40 nte=200)
2026-06-09 16:08:08 | INFO    | train_session_alignment | [align] filterbank_reweighting deepconvnet single_sub-007_ses01-to-ses02 seed=1 acc=0.5200 (ntr=160 nval=40 nte=200)
2026-06-09 16:08:16 | INFO    | train_session_alignment | [align] filterbank_reweighting deepconvnet single_sub-007_ses01-to-ses03 seed=1 acc=0.5050 (ntr=160 nval=40 nte=200)
2026-06-09 16:08:30 | INFO    | train_session_alignment | [align] filterbank_reweighting deepconvnet single_sub-007_ses02-to-ses01 seed=1 acc=0.6500 (ntr=160 nval=40 nte=200)
2026-06-09 16:08:43 | INFO    | train_session_alignment | [align] filterbank_reweighting deepconvnet single_sub-007_ses02-to-ses03 seed=1 acc=0.8150 (ntr=160 nval=40 nte=200)
2026-06-09 16:09:00 | INFO    | train_session_alignment | [align] filterbank_reweighting deepconvnet single_sub-007_ses03-to-ses01 seed=1 acc=0.5700 (ntr=160 nval=40 nte=200)
2026-06-09 16:09:17 | INFO    | train_session_alignment | [align] filterbank_reweighting deepconvnet single_sub-007_ses03-to-ses02 seed=1 acc=0.5900 (ntr=160 nval=40 nte=200)
2026-06-09 16:09:32 | INFO    | train_session_alignment | [align] filterbank_reweighting deepconvnet single_sub-008_ses01-to-ses02 seed=1 acc=0.7050 (ntr=160 nval=40 nte=200)
2026-06-09 16:09:48 | INFO    | train_session_alignment | [align] filterbank_reweighting deepconvnet single_sub-008_ses01-to-ses03 seed=1 acc=0.7950 (ntr=160 nval=40 nte=200)
2026-06-09 16:10:00 | INFO    | train_session_alignment | [align] filterbank_reweighting deepconvnet single_sub-008_ses02-to-ses01 seed=1 acc=0.6550 (ntr=160 nval=40 nte=200)
2026-06-09 16:10:13 | INFO    | train_session_alignment | [align] filterbank_reweighting deepconvnet single_sub-008_ses02-to-ses03 seed=1 acc=0.8700 (ntr=160 nval=40 nte=200)
2026-06-09 16:10:25 | INFO    | train_session_alignment | [align] filterbank_reweighting deepconvnet single_sub-008_ses03-to-ses01 seed=1 acc=0.5650 (ntr=160 nval=40 nte=200)
2026-06-09 16:10:38 | INFO    | train_session_alignment | [align] filterbank_reweighting deepconvnet single_sub-008_ses03-to-ses02 seed=1 acc=0.8900 (ntr=160 nval=40 nte=200)
2026-06-09 16:10:46 | INFO    | train_session_alignment | [align] filterbank_reweighting deepconvnet single_sub-009_ses01-to-ses02 seed=1 acc=0.5300 (ntr=160 nval=40 nte=200)
2026-06-09 16:10:53 | INFO    | train_session_alignment | [align] filterbank_reweighting deepconvnet single_sub-009_ses01-to-ses03 seed=1 acc=0.5600 (ntr=160 nval=40 nte=200)
2026-06-09 16:11:03 | INFO    | train_session_alignment | [align] filterbank_reweighting deepconvnet single_sub-009_ses02-to-ses01 seed=1 acc=0.5100 (ntr=160 nval=40 nte=200)
2026-06-09 16:11:12 | INFO    | train_session_alignment | [align] filterbank_reweighting deepconvnet single_sub-009_ses02-to-ses03 seed=1 acc=0.5500 (ntr=160 nval=40 nte=200)
2026-06-09 16:11:21 | INFO    | train_session_alignment | [align] filterbank_reweighting deepconvnet single_sub-009_ses03-to-ses01 seed=1 acc=0.5150 (ntr=160 nval=40 nte=200)
2026-06-09 16:11:28 | INFO    | train_session_alignment | [align] filterbank_reweighting deepconvnet single_sub-009_ses03-to-ses02 seed=1 acc=0.5250 (ntr=160 nval=40 nte=200)
2026-06-09 16:11:36 | INFO    | train_session_alignment | [align] filterbank_reweighting deepconvnet single_sub-010_ses01-to-ses02 seed=1 acc=0.5650 (ntr=160 nval=40 nte=200)
2026-06-09 16:11:43 | INFO    | train_session_alignment | [align] filterbank_reweighting deepconvnet single_sub-010_ses01-to-ses03 seed=1 acc=0.5450 (ntr=160 nval=40 nte=200)
2026-06-09 16:11:57 | INFO    | train_session_alignment | [align] filterbank_reweighting deepconvnet single_sub-010_ses02-to-ses01 seed=1 acc=0.5800 (ntr=160 nval=40 nte=200)
2026-06-09 16:12:12 | INFO    | train_session_alignment | [align] filterbank_reweighting deepconvnet single_sub-010_ses02-to-ses03 seed=1 acc=0.7400 (ntr=160 nval=40 nte=200)
2026-06-09 16:12:21 | INFO    | train_session_alignment | [align] filterbank_reweighting deepconvnet single_sub-010_ses03-to-ses01 seed=1 acc=0.5600 (ntr=160 nval=40 nte=200)
2026-06-09 16:12:29 | INFO    | train_session_alignment | [align] filterbank_reweighting deepconvnet single_sub-010_ses03-to-ses02 seed=1 acc=0.5650 (ntr=160 nval=40 nte=200)
2026-06-09 16:12:44 | INFO    | train_session_alignment | [align] filterbank_reweighting deepconvnet single_sub-011_ses01-to-ses02 seed=1 acc=0.7350 (ntr=160 nval=40 nte=200)
2026-06-09 16:12:58 | INFO    | train_session_alignment | [align] filterbank_reweighting deepconvnet single_sub-011_ses01-to-ses03 seed=1 acc=0.6350 (ntr=160 nval=40 nte=200)
2026-06-09 16:13:14 | INFO    | train_session_alignment | [align] filterbank_reweighting deepconvnet single_sub-011_ses02-to-ses01 seed=1 acc=0.6900 (ntr=160 nval=40 nte=200)
2026-06-09 16:13:30 | INFO    | train_session_alignment | [align] filterbank_reweighting deepconvnet single_sub-011_ses02-to-ses03 seed=1 acc=0.5950 (ntr=160 nval=40 nte=200)
2026-06-09 16:13:39 | INFO    | train_session_alignment | [align] filterbank_reweighting deepconvnet single_sub-011_ses03-to-ses01 seed=1 acc=0.6400 (ntr=160 nval=40 nte=200)
2026-06-09 16:13:47 | INFO    | train_session_alignment | [align] filterbank_reweighting deepconvnet single_sub-011_ses03-to-ses02 seed=1 acc=0.5750 (ntr=160 nval=40 nte=200)
2026-06-09 16:13:54 | INFO    | train_session_alignment | [align] filterbank_reweighting deepconvnet single_sub-012_ses01-to-ses02 seed=1 acc=0.4950 (ntr=160 nval=40 nte=200)
2026-06-09 16:14:00 | INFO    | train_session_alignment | [align] filterbank_reweighting deepconvnet single_sub-012_ses01-to-ses03 seed=1 acc=0.4900 (ntr=160 nval=40 nte=200)
2026-06-09 16:14:10 | INFO    | train_session_alignment | [align] filterbank_reweighting deepconvnet single_sub-012_ses02-to-ses01 seed=1 acc=0.4900 (ntr=160 nval=40 nte=200)
2026-06-09 16:14:19 | INFO    | train_session_alignment | [align] filterbank_reweighting deepconvnet single_sub-012_ses02-to-ses03 seed=1 acc=0.4950 (ntr=160 nval=40 nte=200)
2026-06-09 16:14:32 | INFO    | train_session_alignment | [align] filterbank_reweighting deepconvnet single_sub-012_ses03-to-ses01 seed=1 acc=0.5400 (ntr=160 nval=40 nte=200)
2026-06-09 16:14:44 | INFO    | train_session_alignment | [align] filterbank_reweighting deepconvnet single_sub-012_ses03-to-ses02 seed=1 acc=0.5450 (ntr=160 nval=40 nte=200)
2026-06-09 16:15:04 | INFO    | train_session_alignment | [align] filterbank_reweighting deepconvnet single_sub-013_ses01-to-ses02 seed=1 acc=0.5550 (ntr=160 nval=40 nte=200)
2026-06-09 16:15:23 | INFO    | train_session_alignment | [align] filterbank_reweighting deepconvnet single_sub-013_ses01-to-ses03 seed=1 acc=0.8600 (ntr=160 nval=40 nte=200)
2026-06-09 16:15:36 | INFO    | train_session_alignment | [align] filterbank_reweighting deepconvnet single_sub-013_ses02-to-ses01 seed=1 acc=0.5150 (ntr=160 nval=40 nte=200)
2026-06-09 16:15:49 | INFO    | train_session_alignment | [align] filterbank_reweighting deepconvnet single_sub-013_ses02-to-ses03 seed=1 acc=0.4700 (ntr=160 nval=40 nte=200)
2026-06-09 16:16:05 | INFO    | train_session_alignment | [align] filterbank_reweighting deepconvnet single_sub-013_ses03-to-ses01 seed=1 acc=0.7350 (ntr=160 nval=40 nte=200)
2026-06-09 16:16:21 | INFO    | train_session_alignment | [align] filterbank_reweighting deepconvnet single_sub-013_ses03-to-ses02 seed=1 acc=0.5200 (ntr=160 nval=40 nte=200)
2026-06-09 16:16:28 | INFO    | train_session_alignment | [align] filterbank_reweighting deepconvnet single_sub-014_ses01-to-ses02 seed=1 acc=0.5050 (ntr=160 nval=40 nte=200)
2026-06-09 16:16:34 | INFO    | train_session_alignment | [align] filterbank_reweighting deepconvnet single_sub-014_ses01-to-ses03 seed=1 acc=0.4750 (ntr=160 nval=40 nte=200)
2026-06-09 16:16:41 | INFO    | train_session_alignment | [align] filterbank_reweighting deepconvnet single_sub-014_ses02-to-ses01 seed=1 acc=0.4550 (ntr=160 nval=40 nte=200)
2026-06-09 16:16:48 | INFO    | train_session_alignment | [align] filterbank_reweighting deepconvnet single_sub-014_ses02-to-ses03 seed=1 acc=0.5000 (ntr=160 nval=40 nte=200)
2026-06-09 16:16:56 | INFO    | train_session_alignment | [align] filterbank_reweighting deepconvnet single_sub-014_ses03-to-ses01 seed=1 acc=0.5300 (ntr=160 nval=40 nte=200)
2026-06-09 16:17:04 | INFO    | train_session_alignment | [align] filterbank_reweighting deepconvnet single_sub-014_ses03-to-ses02 seed=1 acc=0.4950 (ntr=160 nval=40 nte=200)
2026-06-09 16:17:11 | INFO    | train_session_alignment | [align] filterbank_reweighting deepconvnet single_sub-015_ses01-to-ses02 seed=1 acc=0.5400 (ntr=160 nval=40 nte=200)
2026-06-09 16:17:19 | INFO    | train_session_alignment | [align] filterbank_reweighting deepconvnet single_sub-015_ses01-to-ses03 seed=1 acc=0.5400 (ntr=160 nval=40 nte=200)
2026-06-09 16:17:32 | INFO    | train_session_alignment | [align] filterbank_reweighting deepconvnet single_sub-015_ses02-to-ses01 seed=1 acc=0.5550 (ntr=160 nval=40 nte=200)
2026-06-09 16:17:46 | INFO    | train_session_alignment | [align] filterbank_reweighting deepconvnet single_sub-015_ses02-to-ses03 seed=1 acc=0.5500 (ntr=160 nval=40 nte=200)
2026-06-09 16:17:54 | INFO    | train_session_alignment | [align] filterbank_reweighting deepconvnet single_sub-015_ses03-to-ses01 seed=1 acc=0.5300 (ntr=160 nval=40 nte=200)
2026-06-09 16:18:02 | INFO    | train_session_alignment | [align] filterbank_reweighting deepconvnet single_sub-015_ses03-to-ses02 seed=1 acc=0.5050 (ntr=160 nval=40 nte=200)
2026-06-09 16:18:10 | INFO    | train_session_alignment | [align] filterbank_reweighting deepconvnet single_sub-016_ses01-to-ses02 seed=1 acc=0.4650 (ntr=160 nval=40 nte=200)
2026-06-09 16:18:16 | INFO    | train_session_alignment | [align] filterbank_reweighting deepconvnet single_sub-016_ses01-to-ses03 seed=1 acc=0.4700 (ntr=160 nval=40 nte=200)
2026-06-09 16:18:25 | INFO    | train_session_alignment | [align] filterbank_reweighting deepconvnet single_sub-016_ses02-to-ses01 seed=1 acc=0.5150 (ntr=160 nval=40 nte=200)
2026-06-09 16:18:33 | INFO    | train_session_alignment | [align] filterbank_reweighting deepconvnet single_sub-016_ses02-to-ses03 seed=1 acc=0.5400 (ntr=160 nval=40 nte=200)
2026-06-09 16:18:42 | INFO    | train_session_alignment | [align] filterbank_reweighting deepconvnet single_sub-016_ses03-to-ses01 seed=1 acc=0.5300 (ntr=160 nval=40 nte=200)
2026-06-09 16:18:50 | INFO    | train_session_alignment | [align] filterbank_reweighting deepconvnet single_sub-016_ses03-to-ses02 seed=1 acc=0.4950 (ntr=160 nval=40 nte=200)
2026-06-09 16:19:06 | INFO    | train_session_alignment | [align] filterbank_reweighting deepconvnet single_sub-017_ses01-to-ses02 seed=1 acc=0.7400 (ntr=160 nval=40 nte=200)
2026-06-09 16:19:22 | INFO    | train_session_alignment | [align] filterbank_reweighting deepconvnet single_sub-017_ses01-to-ses03 seed=1 acc=0.6700 (ntr=160 nval=40 nte=200)
2026-06-09 16:19:32 | INFO    | train_session_alignment | [align] filterbank_reweighting deepconvnet single_sub-017_ses02-to-ses01 seed=1 acc=0.6900 (ntr=160 nval=40 nte=200)
2026-06-09 16:19:43 | INFO    | train_session_alignment | [align] filterbank_reweighting deepconvnet single_sub-017_ses02-to-ses03 seed=1 acc=0.8450 (ntr=160 nval=40 nte=200)
2026-06-09 16:19:53 | INFO    | train_session_alignment | [align] filterbank_reweighting deepconvnet single_sub-017_ses03-to-ses01 seed=1 acc=0.5350 (ntr=160 nval=40 nte=200)
2026-06-09 16:20:04 | INFO    | train_session_alignment | [align] filterbank_reweighting deepconvnet single_sub-017_ses03-to-ses02 seed=1 acc=0.7650 (ntr=160 nval=40 nte=200)
2026-06-09 16:20:11 | INFO    | train_session_alignment | [align] filterbank_reweighting deepconvnet single_sub-018_ses01-to-ses02 seed=1 acc=0.4950 (ntr=160 nval=40 nte=200)
2026-06-09 16:20:18 | INFO    | train_session_alignment | [align] filterbank_reweighting deepconvnet single_sub-018_ses01-to-ses03 seed=1 acc=0.5150 (ntr=160 nval=40 nte=200)
2026-06-09 16:20:25 | INFO    | train_session_alignment | [align] filterbank_reweighting deepconvnet single_sub-018_ses02-to-ses01 seed=1 acc=0.4950 (ntr=160 nval=40 nte=200)
2026-06-09 16:20:31 | INFO    | train_session_alignment | [align] filterbank_reweighting deepconvnet single_sub-018_ses02-to-ses03 seed=1 acc=0.5350 (ntr=160 nval=40 nte=200)
2026-06-09 16:20:38 | INFO    | train_session_alignment | [align] filterbank_reweighting deepconvnet single_sub-018_ses03-to-ses01 seed=1 acc=0.5400 (ntr=160 nval=40 nte=200)
2026-06-09 16:20:45 | INFO    | train_session_alignment | [align] filterbank_reweighting deepconvnet single_sub-018_ses03-to-ses02 seed=1 acc=0.4550 (ntr=160 nval=40 nte=200)
2026-06-09 16:20:52 | INFO    | train_session_alignment | [align] filterbank_reweighting deepconvnet single_sub-019_ses01-to-ses02 seed=1 acc=0.5300 (ntr=160 nval=40 nte=200)
2026-06-09 16:20:59 | INFO    | train_session_alignment | [align] filterbank_reweighting deepconvnet single_sub-019_ses01-to-ses03 seed=1 acc=0.5100 (ntr=160 nval=40 nte=200)
2026-06-09 16:21:08 | INFO    | train_session_alignment | [align] filterbank_reweighting deepconvnet single_sub-019_ses02-to-ses01 seed=1 acc=0.4950 (ntr=160 nval=40 nte=200)
2026-06-09 16:21:17 | INFO    | train_session_alignment | [align] filterbank_reweighting deepconvnet single_sub-019_ses02-to-ses03 seed=1 acc=0.5050 (ntr=160 nval=40 nte=200)
2026-06-09 16:21:37 | INFO    | train_session_alignment | [align] filterbank_reweighting deepconvnet single_sub-019_ses03-to-ses01 seed=1 acc=0.6400 (ntr=160 nval=40 nte=200)
2026-06-09 16:21:57 | INFO    | train_session_alignment | [align] filterbank_reweighting deepconvnet single_sub-019_ses03-to-ses02 seed=1 acc=0.8550 (ntr=160 nval=40 nte=200)
2026-06-09 16:22:17 | INFO    | train_session_alignment | [align] filterbank_reweighting deepconvnet single_sub-020_ses01-to-ses02 seed=1 acc=0.8900 (ntr=160 nval=40 nte=200)
2026-06-09 16:22:36 | INFO    | train_session_alignment | [align] filterbank_reweighting deepconvnet single_sub-020_ses01-to-ses03 seed=1 acc=0.5000 (ntr=160 nval=40 nte=200)
2026-06-09 16:22:46 | INFO    | train_session_alignment | [align] filterbank_reweighting deepconvnet single_sub-020_ses02-to-ses01 seed=1 acc=0.6100 (ntr=160 nval=40 nte=200)
2026-06-09 16:22:56 | INFO    | train_session_alignment | [align] filterbank_reweighting deepconvnet single_sub-020_ses02-to-ses03 seed=1 acc=0.4800 (ntr=160 nval=40 nte=200)
2026-06-09 16:23:15 | INFO    | train_session_alignment | [align] filterbank_reweighting deepconvnet single_sub-020_ses03-to-ses01 seed=1 acc=0.5450 (ntr=160 nval=40 nte=200)
2026-06-09 16:23:34 | INFO    | train_session_alignment | [align] filterbank_reweighting deepconvnet single_sub-020_ses03-to-ses02 seed=1 acc=0.4800 (ntr=160 nval=40 nte=200)
2026-06-09 16:23:49 | INFO    | train_session_alignment | [align] filterbank_reweighting deepconvnet single_sub-021_ses01-to-ses02 seed=1 acc=0.6350 (ntr=160 nval=40 nte=200)
2026-06-09 16:24:03 | INFO    | train_session_alignment | [align] filterbank_reweighting deepconvnet single_sub-021_ses01-to-ses03 seed=1 acc=0.7150 (ntr=160 nval=40 nte=200)
2026-06-09 16:24:14 | INFO    | train_session_alignment | [align] filterbank_reweighting deepconvnet single_sub-021_ses02-to-ses01 seed=1 acc=0.6450 (ntr=160 nval=40 nte=200)
2026-06-09 16:24:24 | INFO    | train_session_alignment | [align] filterbank_reweighting deepconvnet single_sub-021_ses02-to-ses03 seed=1 acc=0.6450 (ntr=160 nval=40 nte=200)
2026-06-09 16:24:43 | INFO    | train_session_alignment | [align] filterbank_reweighting deepconvnet single_sub-021_ses03-to-ses01 seed=1 acc=0.7150 (ntr=160 nval=40 nte=200)
2026-06-09 16:25:02 | INFO    | train_session_alignment | [align] filterbank_reweighting deepconvnet single_sub-021_ses03-to-ses02 seed=1 acc=0.5500 (ntr=160 nval=40 nte=200)
2026-06-09 16:25:14 | INFO    | train_session_alignment | [align] filterbank_reweighting deepconvnet single_sub-022_ses01-to-ses02 seed=1 acc=0.5250 (ntr=160 nval=40 nte=200)
2026-06-09 16:25:27 | INFO    | train_session_alignment | [align] filterbank_reweighting deepconvnet single_sub-022_ses01-to-ses03 seed=1 acc=0.5900 (ntr=160 nval=40 nte=200)
2026-06-09 16:25:42 | INFO    | train_session_alignment | [align] filterbank_reweighting deepconvnet single_sub-022_ses02-to-ses01 seed=1 acc=0.5600 (ntr=160 nval=40 nte=200)
2026-06-09 16:25:58 | INFO    | train_session_alignment | [align] filterbank_reweighting deepconvnet single_sub-022_ses02-to-ses03 seed=1 acc=0.8000 (ntr=160 nval=40 nte=200)
2026-06-09 16:26:13 | INFO    | train_session_alignment | [align] filterbank_reweighting deepconvnet single_sub-022_ses03-to-ses01 seed=1 acc=0.4550 (ntr=160 nval=40 nte=200)
2026-06-09 16:26:29 | INFO    | train_session_alignment | [align] filterbank_reweighting deepconvnet single_sub-022_ses03-to-ses02 seed=1 acc=0.7250 (ntr=160 nval=40 nte=200)
2026-06-09 16:26:44 | INFO    | train_session_alignment | [align] filterbank_reweighting deepconvnet single_sub-023_ses02-to-ses03 seed=1 acc=0.9450 (ntr=160 nval=40 nte=200)
2026-06-09 16:26:57 | INFO    | train_session_alignment | [align] filterbank_reweighting deepconvnet single_sub-023_ses03-to-ses02 seed=1 acc=0.8850 (ntr=160 nval=40 nte=200)
2026-06-09 16:27:12 | INFO    | train_session_alignment | [align] filterbank_reweighting deepconvnet single_sub-025_ses01-to-ses02 seed=1 acc=0.7100 (ntr=160 nval=40 nte=200)
2026-06-09 16:27:27 | INFO    | train_session_alignment | [align] filterbank_reweighting deepconvnet single_sub-025_ses01-to-ses03 seed=1 acc=0.6350 (ntr=160 nval=40 nte=200)
2026-06-09 16:27:42 | INFO    | train_session_alignment | [align] filterbank_reweighting deepconvnet single_sub-025_ses02-to-ses01 seed=1 acc=0.5700 (ntr=160 nval=40 nte=200)
2026-06-09 16:27:56 | INFO    | train_session_alignment | [align] filterbank_reweighting deepconvnet single_sub-025_ses02-to-ses03 seed=1 acc=0.7900 (ntr=160 nval=40 nte=200)
2026-06-09 16:28:18 | INFO    | train_session_alignment | [align] filterbank_reweighting deepconvnet single_sub-025_ses03-to-ses01 seed=1 acc=0.6100 (ntr=160 nval=40 nte=200)
2026-06-09 16:28:41 | INFO    | train_session_alignment | [align] filterbank_reweighting deepconvnet single_sub-025_ses03-to-ses02 seed=1 acc=0.7350 (ntr=160 nval=40 nte=200)
2026-06-09 16:28:51 | INFO    | train_session_alignment | [align] filterbank_reweighting deepconvnet single_sub-026_ses02-to-ses03 seed=1 acc=0.5950 (ntr=160 nval=40 nte=200)
2026-06-09 16:29:14 | INFO    | train_session_alignment | [align] filterbank_reweighting deepconvnet single_sub-026_ses03-to-ses02 seed=1 acc=0.8050 (ntr=160 nval=40 nte=200)
2026-06-09 16:29:22 | INFO    | train_session_alignment | [align] filterbank_reweighting deepconvnet single_sub-027_ses01-to-ses02 seed=1 acc=0.5000 (ntr=160 nval=40 nte=200)
2026-06-09 16:29:29 | INFO    | train_session_alignment | [align] filterbank_reweighting deepconvnet single_sub-027_ses01-to-ses03 seed=1 acc=0.5500 (ntr=160 nval=40 nte=200)
2026-06-09 16:29:36 | INFO    | train_session_alignment | [align] filterbank_reweighting deepconvnet single_sub-027_ses02-to-ses01 seed=1 acc=0.4750 (ntr=160 nval=40 nte=200)
2026-06-09 16:29:44 | INFO    | train_session_alignment | [align] filterbank_reweighting deepconvnet single_sub-027_ses02-to-ses03 seed=1 acc=0.4750 (ntr=160 nval=40 nte=200)
2026-06-09 16:29:51 | INFO    | train_session_alignment | [align] filterbank_reweighting deepconvnet single_sub-027_ses03-to-ses01 seed=1 acc=0.5000 (ntr=160 nval=40 nte=200)
2026-06-09 16:29:58 | INFO    | train_session_alignment | [align] filterbank_reweighting deepconvnet single_sub-027_ses03-to-ses02 seed=1 acc=0.4900 (ntr=160 nval=40 nte=200)
2026-06-09 16:30:18 | INFO    | train_session_alignment | [align] filterbank_reweighting deepconvnet single_sub-028_ses01-to-ses02 seed=1 acc=0.5700 (ntr=160 nval=40 nte=200)
2026-06-09 16:30:38 | INFO    | train_session_alignment | [align] filterbank_reweighting deepconvnet single_sub-028_ses01-to-ses03 seed=1 acc=0.5400 (ntr=160 nval=40 nte=200)
2026-06-09 16:30:51 | INFO    | train_session_alignment | [align] filterbank_reweighting deepconvnet single_sub-028_ses02-to-ses01 seed=1 acc=0.8050 (ntr=160 nval=40 nte=200)
2026-06-09 16:31:04 | INFO    | train_session_alignment | [align] filterbank_reweighting deepconvnet single_sub-028_ses02-to-ses03 seed=1 acc=0.6900 (ntr=160 nval=40 nte=200)
2026-06-09 16:31:14 | INFO    | train_session_alignment | [align] filterbank_reweighting deepconvnet single_sub-028_ses03-to-ses01 seed=1 acc=0.6150 (ntr=160 nval=40 nte=200)
2026-06-09 16:31:24 | INFO    | train_session_alignment | [align] filterbank_reweighting deepconvnet single_sub-028_ses03-to-ses02 seed=1 acc=0.5950 (ntr=160 nval=40 nte=200)
2026-06-09 16:31:35 | INFO    | train_session_alignment | [align] filterbank_reweighting deepconvnet single_sub-029_ses01-to-ses02 seed=1 acc=0.6400 (ntr=160 nval=40 nte=200)
2026-06-09 16:31:46 | INFO    | train_session_alignment | [align] filterbank_reweighting deepconvnet single_sub-029_ses01-to-ses03 seed=1 acc=0.6250 (ntr=160 nval=40 nte=200)
2026-06-09 16:32:02 | INFO    | train_session_alignment | [align] filterbank_reweighting deepconvnet single_sub-029_ses02-to-ses01 seed=1 acc=0.7900 (ntr=160 nval=40 nte=200)
2026-06-09 16:32:19 | INFO    | train_session_alignment | [align] filterbank_reweighting deepconvnet single_sub-029_ses02-to-ses03 seed=1 acc=0.9250 (ntr=160 nval=40 nte=200)
2026-06-09 16:32:32 | INFO    | train_session_alignment | [align] filterbank_reweighting deepconvnet single_sub-029_ses03-to-ses01 seed=1 acc=0.9250 (ntr=160 nval=40 nte=200)
2026-06-09 16:32:46 | INFO    | train_session_alignment | [align] filterbank_reweighting deepconvnet single_sub-029_ses03-to-ses02 seed=1 acc=0.9300 (ntr=160 nval=40 nte=200)
2026-06-09 16:32:53 | INFO    | train_session_alignment | [align] filterbank_reweighting deepconvnet single_sub-030_ses01-to-ses02 seed=1 acc=0.5000 (ntr=160 nval=40 nte=200)
2026-06-09 16:33:00 | INFO    | train_session_alignment | [align] filterbank_reweighting deepconvnet single_sub-030_ses01-to-ses03 seed=1 acc=0.5000 (ntr=160 nval=40 nte=200)
2026-06-09 16:33:08 | INFO    | train_session_alignment | [align] filterbank_reweighting deepconvnet single_sub-030_ses02-to-ses01 seed=1 acc=0.5000 (ntr=160 nval=40 nte=200)
2026-06-09 16:33:17 | INFO    | train_session_alignment | [align] filterbank_reweighting deepconvnet single_sub-030_ses02-to-ses03 seed=1 acc=0.6100 (ntr=160 nval=40 nte=200)
2026-06-09 16:33:27 | INFO    | train_session_alignment | [align] filterbank_reweighting deepconvnet single_sub-030_ses03-to-ses01 seed=1 acc=0.4950 (ntr=160 nval=40 nte=200)
2026-06-09 16:33:37 | INFO    | train_session_alignment | [align] filterbank_reweighting deepconvnet single_sub-030_ses03-to-ses02 seed=1 acc=0.5950 (ntr=160 nval=40 nte=200)
2026-06-09 16:33:44 | INFO    | train_session_alignment | [align] filterbank_reweighting deepconvnet single_sub-031_ses01-to-ses02 seed=1 acc=0.5400 (ntr=160 nval=40 nte=200)
2026-06-09 16:33:51 | INFO    | train_session_alignment | [align] filterbank_reweighting deepconvnet single_sub-031_ses01-to-ses03 seed=1 acc=0.5200 (ntr=160 nval=40 nte=200)
2026-06-09 16:33:58 | INFO    | train_session_alignment | [align] filterbank_reweighting deepconvnet single_sub-031_ses02-to-ses01 seed=1 acc=0.5050 (ntr=160 nval=40 nte=200)
2026-06-09 16:34:05 | INFO    | train_session_alignment | [align] filterbank_reweighting deepconvnet single_sub-031_ses02-to-ses03 seed=1 acc=0.4950 (ntr=160 nval=40 nte=200)
2026-06-09 16:34:22 | INFO    | train_session_alignment | [align] filterbank_reweighting deepconvnet single_sub-031_ses03-to-ses01 seed=1 acc=0.5600 (ntr=160 nval=40 nte=200)
2026-06-09 16:34:39 | INFO    | train_session_alignment | [align] filterbank_reweighting deepconvnet single_sub-031_ses03-to-ses02 seed=1 acc=0.5900 (ntr=160 nval=40 nte=200)
2026-06-09 16:34:50 | INFO    | train_session_alignment | [align] filterbank_reweighting deepconvnet single_sub-032_ses01-to-ses03 seed=1 acc=0.5050 (ntr=160 nval=40 nte=200)
2026-06-09 16:34:57 | INFO    | train_session_alignment | [align] filterbank_reweighting deepconvnet single_sub-032_ses03-to-ses01 seed=1 acc=0.6150 (ntr=160 nval=40 nte=200)
2026-06-09 16:35:07 | INFO    | train_session_alignment | [align] filterbank_reweighting deepconvnet single_sub-033_ses01-to-ses02 seed=1 acc=0.7550 (ntr=160 nval=40 nte=200)
2026-06-09 16:35:16 | INFO    | train_session_alignment | [align] filterbank_reweighting deepconvnet single_sub-033_ses01-to-ses03 seed=1 acc=0.8600 (ntr=160 nval=40 nte=200)
2026-06-09 16:35:23 | INFO    | train_session_alignment | [align] filterbank_reweighting deepconvnet single_sub-033_ses02-to-ses01 seed=1 acc=0.5350 (ntr=160 nval=40 nte=200)
2026-06-09 16:35:30 | INFO    | train_session_alignment | [align] filterbank_reweighting deepconvnet single_sub-033_ses02-to-ses03 seed=1 acc=0.4750 (ntr=160 nval=40 nte=200)
2026-06-09 16:35:47 | INFO    | train_session_alignment | [align] filterbank_reweighting deepconvnet single_sub-033_ses03-to-ses01 seed=1 acc=0.9150 (ntr=160 nval=40 nte=200)
2026-06-09 16:36:03 | INFO    | train_session_alignment | [align] filterbank_reweighting deepconvnet single_sub-033_ses03-to-ses02 seed=1 acc=0.8850 (ntr=160 nval=40 nte=200)
2026-06-09 16:36:12 | INFO    | train_session_alignment | [align] filterbank_reweighting deepconvnet single_sub-034_ses01-to-ses02 seed=1 acc=0.4750 (ntr=160 nval=40 nte=200)
2026-06-09 16:36:22 | INFO    | train_session_alignment | [align] filterbank_reweighting deepconvnet single_sub-034_ses01-to-ses03 seed=1 acc=0.4900 (ntr=160 nval=40 nte=200)
2026-06-09 16:36:35 | INFO    | train_session_alignment | [align] filterbank_reweighting deepconvnet single_sub-034_ses02-to-ses01 seed=1 acc=0.5050 (ntr=160 nval=40 nte=200)
2026-06-09 16:36:48 | INFO    | train_session_alignment | [align] filterbank_reweighting deepconvnet single_sub-034_ses02-to-ses03 seed=1 acc=0.8600 (ntr=160 nval=40 nte=200)
2026-06-09 16:37:07 | INFO    | train_session_alignment | [align] filterbank_reweighting deepconvnet single_sub-034_ses03-to-ses01 seed=1 acc=0.5100 (ntr=160 nval=40 nte=200)
2026-06-09 16:37:25 | INFO    | train_session_alignment | [align] filterbank_reweighting deepconvnet single_sub-034_ses03-to-ses02 seed=1 acc=0.8150 (ntr=160 nval=40 nte=200)
2026-06-09 16:37:36 | INFO    | train_session_alignment | [align] filterbank_reweighting deepconvnet single_sub-035_ses01-to-ses02 seed=1 acc=0.9350 (ntr=160 nval=40 nte=200)
2026-06-09 16:37:47 | INFO    | train_session_alignment | [align] filterbank_reweighting deepconvnet single_sub-035_ses01-to-ses03 seed=1 acc=0.8650 (ntr=160 nval=40 nte=200)
2026-06-09 16:37:57 | INFO    | train_session_alignment | [align] filterbank_reweighting deepconvnet single_sub-035_ses02-to-ses01 seed=1 acc=0.9550 (ntr=160 nval=40 nte=200)
2026-06-09 16:38:08 | INFO    | train_session_alignment | [align] filterbank_reweighting deepconvnet single_sub-035_ses02-to-ses03 seed=1 acc=0.9350 (ntr=160 nval=40 nte=200)
2026-06-09 16:38:19 | INFO    | train_session_alignment | [align] filterbank_reweighting deepconvnet single_sub-035_ses03-to-ses01 seed=1 acc=0.9550 (ntr=160 nval=40 nte=200)
2026-06-09 16:38:31 | INFO    | train_session_alignment | [align] filterbank_reweighting deepconvnet single_sub-035_ses03-to-ses02 seed=1 acc=0.9600 (ntr=160 nval=40 nte=200)
2026-06-09 16:38:39 | INFO    | train_session_alignment | [align] filterbank_reweighting deepconvnet single_sub-036_ses01-to-ses02 seed=1 acc=0.8650 (ntr=160 nval=40 nte=200)
2026-06-09 16:38:46 | INFO    | train_session_alignment | [align] filterbank_reweighting deepconvnet single_sub-036_ses01-to-ses03 seed=1 acc=0.9400 (ntr=160 nval=40 nte=200)
2026-06-09 16:38:55 | INFO    | train_session_alignment | [align] filterbank_reweighting deepconvnet single_sub-036_ses02-to-ses01 seed=1 acc=0.8900 (ntr=160 nval=40 nte=200)
2026-06-09 16:39:04 | INFO    | train_session_alignment | [align] filterbank_reweighting deepconvnet single_sub-036_ses02-to-ses03 seed=1 acc=0.9800 (ntr=160 nval=40 nte=200)
2026-06-09 16:39:20 | INFO    | train_session_alignment | [align] filterbank_reweighting deepconvnet single_sub-036_ses03-to-ses01 seed=1 acc=0.8850 (ntr=160 nval=40 nte=200)
2026-06-09 16:39:36 | INFO    | train_session_alignment | [align] filterbank_reweighting deepconvnet single_sub-036_ses03-to-ses02 seed=1 acc=0.9350 (ntr=160 nval=40 nte=200)
2026-06-09 16:39:58 | INFO    | train_session_alignment | [align] filterbank_reweighting deepconvnet single_sub-037_ses01-to-ses02 seed=1 acc=0.6550 (ntr=160 nval=40 nte=200)
2026-06-09 16:40:20 | INFO    | train_session_alignment | [align] filterbank_reweighting deepconvnet single_sub-037_ses01-to-ses03 seed=1 acc=0.6200 (ntr=160 nval=40 nte=200)
2026-06-09 16:40:34 | INFO    | train_session_alignment | [align] filterbank_reweighting deepconvnet single_sub-037_ses02-to-ses01 seed=1 acc=0.6700 (ntr=160 nval=40 nte=200)
2026-06-09 16:40:49 | INFO    | train_session_alignment | [align] filterbank_reweighting deepconvnet single_sub-037_ses02-to-ses03 seed=1 acc=0.7300 (ntr=160 nval=40 nte=200)
2026-06-09 16:41:07 | INFO    | train_session_alignment | [align] filterbank_reweighting deepconvnet single_sub-037_ses03-to-ses01 seed=1 acc=0.8300 (ntr=160 nval=40 nte=200)
2026-06-09 16:41:27 | INFO    | train_session_alignment | [align] filterbank_reweighting deepconvnet single_sub-037_ses03-to-ses02 seed=1 acc=0.7050 (ntr=160 nval=40 nte=200)
2026-06-09 16:41:35 | INFO    | train_session_alignment | [align] filterbank_reweighting deepconvnet single_sub-038_ses01-to-ses02 seed=1 acc=0.4500 (ntr=160 nval=40 nte=200)
2026-06-09 16:41:44 | INFO    | train_session_alignment | [align] filterbank_reweighting deepconvnet single_sub-038_ses01-to-ses03 seed=1 acc=0.5300 (ntr=160 nval=40 nte=200)
2026-06-09 16:41:55 | INFO    | train_session_alignment | [align] filterbank_reweighting deepconvnet single_sub-038_ses02-to-ses01 seed=1 acc=0.4900 (ntr=160 nval=40 nte=200)
2026-06-09 16:42:06 | INFO    | train_session_alignment | [align] filterbank_reweighting deepconvnet single_sub-038_ses02-to-ses03 seed=1 acc=0.4400 (ntr=160 nval=40 nte=200)
2026-06-09 16:42:28 | INFO    | train_session_alignment | [align] filterbank_reweighting deepconvnet single_sub-038_ses03-to-ses01 seed=1 acc=0.4700 (ntr=160 nval=40 nte=200)
2026-06-09 16:42:50 | INFO    | train_session_alignment | [align] filterbank_reweighting deepconvnet single_sub-038_ses03-to-ses02 seed=1 acc=0.4350 (ntr=160 nval=40 nte=200)
2026-06-09 16:43:04 | INFO    | train_session_alignment | [align] filterbank_reweighting deepconvnet single_sub-039_ses01-to-ses02 seed=1 acc=0.5050 (ntr=160 nval=40 nte=200)
2026-06-09 16:43:17 | INFO    | train_session_alignment | [align] filterbank_reweighting deepconvnet single_sub-039_ses01-to-ses03 seed=1 acc=0.4750 (ntr=160 nval=40 nte=200)
2026-06-09 16:43:25 | INFO    | train_session_alignment | [align] filterbank_reweighting deepconvnet single_sub-039_ses02-to-ses01 seed=1 acc=0.4600 (ntr=160 nval=40 nte=200)
2026-06-09 16:43:32 | INFO    | train_session_alignment | [align] filterbank_reweighting deepconvnet single_sub-039_ses02-to-ses03 seed=1 acc=0.7050 (ntr=160 nval=40 nte=200)
2026-06-09 16:43:39 | INFO    | train_session_alignment | [align] filterbank_reweighting deepconvnet single_sub-039_ses03-to-ses01 seed=1 acc=0.4600 (ntr=160 nval=40 nte=200)
2026-06-09 16:43:46 | INFO    | train_session_alignment | [align] filterbank_reweighting deepconvnet single_sub-039_ses03-to-ses02 seed=1 acc=0.5950 (ntr=160 nval=40 nte=200)
2026-06-09 16:43:56 | INFO    | train_session_alignment | [align] filterbank_reweighting deepconvnet single_sub-040_ses01-to-ses02 seed=1 acc=0.6500 (ntr=160 nval=40 nte=200)
2026-06-09 16:44:07 | INFO    | train_session_alignment | [align] filterbank_reweighting deepconvnet single_sub-040_ses01-to-ses03 seed=1 acc=0.8400 (ntr=160 nval=40 nte=200)
2026-06-09 16:44:15 | INFO    | train_session_alignment | [align] filterbank_reweighting deepconvnet single_sub-040_ses02-to-ses01 seed=1 acc=0.6650 (ntr=160 nval=40 nte=200)
2026-06-09 16:44:23 | INFO    | train_session_alignment | [align] filterbank_reweighting deepconvnet single_sub-040_ses02-to-ses03 seed=1 acc=0.6500 (ntr=160 nval=40 nte=200)
2026-06-09 16:44:39 | INFO    | train_session_alignment | [align] filterbank_reweighting deepconvnet single_sub-040_ses03-to-ses01 seed=1 acc=0.8200 (ntr=160 nval=40 nte=200)
2026-06-09 16:44:56 | INFO    | train_session_alignment | [align] filterbank_reweighting deepconvnet single_sub-040_ses03-to-ses02 seed=1 acc=0.6850 (ntr=160 nval=40 nte=200)
2026-06-09 16:45:11 | INFO    | train_session_alignment | [align] filterbank_reweighting deepconvnet single_sub-041_ses01-to-ses02 seed=1 acc=0.6850 (ntr=160 nval=40 nte=200)
2026-06-09 16:45:25 | INFO    | train_session_alignment | [align] filterbank_reweighting deepconvnet single_sub-041_ses01-to-ses03 seed=1 acc=0.7150 (ntr=160 nval=40 nte=200)
2026-06-09 16:45:33 | INFO    | train_session_alignment | [align] filterbank_reweighting deepconvnet single_sub-041_ses02-to-ses01 seed=1 acc=0.5150 (ntr=160 nval=40 nte=200)
2026-06-09 16:45:41 | INFO    | train_session_alignment | [align] filterbank_reweighting deepconvnet single_sub-041_ses02-to-ses03 seed=1 acc=0.5900 (ntr=160 nval=40 nte=200)
2026-06-09 16:46:02 | INFO    | train_session_alignment | [align] filterbank_reweighting deepconvnet single_sub-041_ses03-to-ses01 seed=1 acc=0.7450 (ntr=160 nval=40 nte=200)
2026-06-09 16:46:22 | INFO    | train_session_alignment | [align] filterbank_reweighting deepconvnet single_sub-041_ses03-to-ses02 seed=1 acc=0.7600 (ntr=160 nval=40 nte=200)
2026-06-09 16:46:35 | INFO    | train_session_alignment | [align] filterbank_reweighting deepconvnet single_sub-042_ses01-to-ses02 seed=1 acc=0.8200 (ntr=160 nval=40 nte=200)
2026-06-09 16:46:48 | INFO    | train_session_alignment | [align] filterbank_reweighting deepconvnet single_sub-042_ses01-to-ses03 seed=1 acc=0.7200 (ntr=160 nval=40 nte=200)
2026-06-09 16:46:58 | INFO    | train_session_alignment | [align] filterbank_reweighting deepconvnet single_sub-042_ses02-to-ses01 seed=1 acc=0.7650 (ntr=160 nval=40 nte=200)
2026-06-09 16:47:09 | INFO    | train_session_alignment | [align] filterbank_reweighting deepconvnet single_sub-042_ses02-to-ses03 seed=1 acc=0.7750 (ntr=160 nval=40 nte=200)
2026-06-09 16:47:21 | INFO    | train_session_alignment | [align] filterbank_reweighting deepconvnet single_sub-042_ses03-to-ses01 seed=1 acc=0.7450 (ntr=160 nval=40 nte=200)
2026-06-09 16:47:34 | INFO    | train_session_alignment | [align] filterbank_reweighting deepconvnet single_sub-042_ses03-to-ses02 seed=1 acc=0.7550 (ntr=160 nval=40 nte=200)
2026-06-09 16:47:55 | INFO    | train_session_alignment | [align] filterbank_reweighting deepconvnet single_sub-043_ses01-to-ses02 seed=1 acc=0.9950 (ntr=160 nval=40 nte=200)
2026-06-09 16:48:16 | INFO    | train_session_alignment | [align] filterbank_reweighting deepconvnet single_sub-043_ses01-to-ses03 seed=1 acc=1.0000 (ntr=160 nval=40 nte=200)
2026-06-09 16:48:33 | INFO    | train_session_alignment | [align] filterbank_reweighting deepconvnet single_sub-043_ses02-to-ses01 seed=1 acc=0.9850 (ntr=160 nval=40 nte=200)
2026-06-09 16:48:51 | INFO    | train_session_alignment | [align] filterbank_reweighting deepconvnet single_sub-043_ses02-to-ses03 seed=1 acc=0.9950 (ntr=160 nval=40 nte=200)
2026-06-09 16:49:05 | INFO    | train_session_alignment | [align] filterbank_reweighting deepconvnet single_sub-043_ses03-to-ses01 seed=1 acc=0.9800 (ntr=160 nval=40 nte=200)
2026-06-09 16:49:18 | INFO    | train_session_alignment | [align] filterbank_reweighting deepconvnet single_sub-043_ses03-to-ses02 seed=1 acc=0.9750 (ntr=160 nval=40 nte=200)
2026-06-09 16:49:26 | INFO    | train_session_alignment | [align] filterbank_reweighting deepconvnet single_sub-044_ses01-to-ses02 seed=1 acc=0.4450 (ntr=160 nval=40 nte=200)
2026-06-09 16:49:35 | INFO    | train_session_alignment | [align] filterbank_reweighting deepconvnet single_sub-044_ses01-to-ses03 seed=1 acc=0.4500 (ntr=160 nval=40 nte=200)
2026-06-09 16:49:52 | INFO    | train_session_alignment | [align] filterbank_reweighting deepconvnet single_sub-044_ses02-to-ses01 seed=1 acc=0.5700 (ntr=160 nval=40 nte=200)
2026-06-09 16:50:10 | INFO    | train_session_alignment | [align] filterbank_reweighting deepconvnet single_sub-044_ses02-to-ses03 seed=1 acc=0.7700 (ntr=160 nval=40 nte=200)
2026-06-09 16:50:22 | INFO    | train_session_alignment | [align] filterbank_reweighting deepconvnet single_sub-044_ses03-to-ses01 seed=1 acc=0.5500 (ntr=160 nval=40 nte=200)
2026-06-09 16:50:33 | INFO    | train_session_alignment | [align] filterbank_reweighting deepconvnet single_sub-044_ses03-to-ses02 seed=1 acc=0.7700 (ntr=160 nval=40 nte=200)
2026-06-09 16:50:45 | INFO    | train_session_alignment | [align] filterbank_reweighting deepconvnet single_sub-045_ses01-to-ses02 seed=1 acc=0.6800 (ntr=160 nval=40 nte=200)
2026-06-09 16:50:56 | INFO    | train_session_alignment | [align] filterbank_reweighting deepconvnet single_sub-045_ses01-to-ses03 seed=1 acc=0.8750 (ntr=160 nval=40 nte=200)
2026-06-09 16:51:07 | INFO    | train_session_alignment | [align] filterbank_reweighting deepconvnet single_sub-045_ses02-to-ses01 seed=1 acc=0.8300 (ntr=160 nval=40 nte=200)
2026-06-09 16:51:18 | INFO    | train_session_alignment | [align] filterbank_reweighting deepconvnet single_sub-045_ses02-to-ses03 seed=1 acc=0.8900 (ntr=160 nval=40 nte=200)
2026-06-09 16:51:35 | INFO    | train_session_alignment | [align] filterbank_reweighting deepconvnet single_sub-045_ses03-to-ses01 seed=1 acc=0.8500 (ntr=160 nval=40 nte=200)
2026-06-09 16:51:51 | INFO    | train_session_alignment | [align] filterbank_reweighting deepconvnet single_sub-045_ses03-to-ses02 seed=1 acc=0.6800 (ntr=160 nval=40 nte=200)
2026-06-09 16:52:07 | INFO    | train_session_alignment | [align] filterbank_reweighting deepconvnet single_sub-046_ses01-to-ses02 seed=1 acc=0.9950 (ntr=160 nval=40 nte=200)
2026-06-09 16:52:24 | INFO    | train_session_alignment | [align] filterbank_reweighting deepconvnet single_sub-046_ses01-to-ses03 seed=1 acc=0.9900 (ntr=160 nval=40 nte=200)
2026-06-09 16:52:34 | INFO    | train_session_alignment | [align] filterbank_reweighting deepconvnet single_sub-046_ses02-to-ses01 seed=1 acc=0.9900 (ntr=160 nval=40 nte=200)
2026-06-09 16:52:44 | INFO    | train_session_alignment | [align] filterbank_reweighting deepconvnet single_sub-046_ses02-to-ses03 seed=1 acc=0.9850 (ntr=160 nval=40 nte=200)
2026-06-09 16:53:06 | INFO    | train_session_alignment | [align] filterbank_reweighting deepconvnet single_sub-046_ses03-to-ses01 seed=1 acc=0.9900 (ntr=160 nval=40 nte=200)
2026-06-09 16:53:28 | INFO    | train_session_alignment | [align] filterbank_reweighting deepconvnet single_sub-046_ses03-to-ses02 seed=1 acc=1.0000 (ntr=160 nval=40 nte=200)
2026-06-09 16:53:41 | INFO    | train_session_alignment | [align] filterbank_reweighting deepconvnet single_sub-047_ses01-to-ses02 seed=1 acc=0.8700 (ntr=160 nval=40 nte=200)
2026-06-09 16:53:54 | INFO    | train_session_alignment | [align] filterbank_reweighting deepconvnet single_sub-047_ses01-to-ses03 seed=1 acc=0.9500 (ntr=160 nval=40 nte=200)
2026-06-09 16:54:05 | INFO    | train_session_alignment | [align] filterbank_reweighting deepconvnet single_sub-047_ses02-to-ses01 seed=1 acc=0.8300 (ntr=160 nval=40 nte=200)
2026-06-09 16:54:16 | INFO    | train_session_alignment | [align] filterbank_reweighting deepconvnet single_sub-047_ses02-to-ses03 seed=1 acc=0.9000 (ntr=160 nval=40 nte=200)
2026-06-09 16:54:38 | INFO    | train_session_alignment | [align] filterbank_reweighting deepconvnet single_sub-047_ses03-to-ses01 seed=1 acc=0.8800 (ntr=160 nval=40 nte=200)
2026-06-09 16:54:59 | INFO    | train_session_alignment | [align] filterbank_reweighting deepconvnet single_sub-047_ses03-to-ses02 seed=1 acc=0.8750 (ntr=160 nval=40 nte=200)
2026-06-09 16:55:22 | INFO    | train_session_alignment | [align] filterbank_reweighting deepconvnet single_sub-048_ses01-to-ses02 seed=1 acc=0.7250 (ntr=160 nval=40 nte=200)
2026-06-09 16:55:44 | INFO    | train_session_alignment | [align] filterbank_reweighting deepconvnet single_sub-048_ses01-to-ses03 seed=1 acc=0.5550 (ntr=160 nval=40 nte=200)
2026-06-09 16:55:54 | INFO    | train_session_alignment | [align] filterbank_reweighting deepconvnet single_sub-048_ses02-to-ses01 seed=1 acc=0.5850 (ntr=160 nval=40 nte=200)
2026-06-09 16:56:05 | INFO    | train_session_alignment | [align] filterbank_reweighting deepconvnet single_sub-048_ses02-to-ses03 seed=1 acc=0.6000 (ntr=160 nval=40 nte=200)
2026-06-09 16:56:27 | INFO    | train_session_alignment | [align] filterbank_reweighting deepconvnet single_sub-048_ses03-to-ses01 seed=1 acc=0.7400 (ntr=160 nval=40 nte=200)
2026-06-09 16:56:48 | INFO    | train_session_alignment | [align] filterbank_reweighting deepconvnet single_sub-048_ses03-to-ses02 seed=1 acc=0.6250 (ntr=160 nval=40 nte=200)
2026-06-09 16:56:58 | INFO    | train_session_alignment | [align] filterbank_reweighting deepconvnet single_sub-049_ses01-to-ses02 seed=1 acc=0.9050 (ntr=160 nval=40 nte=200)
2026-06-09 16:57:07 | INFO    | train_session_alignment | [align] filterbank_reweighting deepconvnet single_sub-049_ses01-to-ses03 seed=1 acc=0.8550 (ntr=160 nval=40 nte=200)
2026-06-09 16:57:19 | INFO    | train_session_alignment | [align] filterbank_reweighting deepconvnet single_sub-049_ses02-to-ses01 seed=1 acc=0.9350 (ntr=160 nval=40 nte=200)
2026-06-09 16:57:31 | INFO    | train_session_alignment | [align] filterbank_reweighting deepconvnet single_sub-049_ses02-to-ses03 seed=1 acc=0.9000 (ntr=160 nval=40 nte=200)
2026-06-09 16:57:50 | INFO    | train_session_alignment | [align] filterbank_reweighting deepconvnet single_sub-049_ses03-to-ses01 seed=1 acc=0.8700 (ntr=160 nval=40 nte=200)
2026-06-09 16:58:09 | INFO    | train_session_alignment | [align] filterbank_reweighting deepconvnet single_sub-049_ses03-to-ses02 seed=1 acc=0.8900 (ntr=160 nval=40 nte=200)
2026-06-09 16:58:26 | INFO    | train_session_alignment | [align] filterbank_reweighting deepconvnet single_sub-050_ses01-to-ses02 seed=1 acc=0.9250 (ntr=160 nval=40 nte=200)
2026-06-09 16:58:44 | INFO    | train_session_alignment | [align] filterbank_reweighting deepconvnet single_sub-050_ses01-to-ses03 seed=1 acc=0.8600 (ntr=160 nval=40 nte=200)
2026-06-09 16:59:02 | INFO    | train_session_alignment | [align] filterbank_reweighting deepconvnet single_sub-050_ses02-to-ses01 seed=1 acc=0.8950 (ntr=160 nval=40 nte=200)
2026-06-09 16:59:19 | INFO    | train_session_alignment | [align] filterbank_reweighting deepconvnet single_sub-050_ses02-to-ses03 seed=1 acc=0.9200 (ntr=160 nval=40 nte=200)
2026-06-09 16:59:34 | INFO    | train_session_alignment | [align] filterbank_reweighting deepconvnet single_sub-050_ses03-to-ses01 seed=1 acc=0.9100 (ntr=160 nval=40 nte=200)
2026-06-09 16:59:49 | INFO    | train_session_alignment | [align] filterbank_reweighting deepconvnet single_sub-050_ses03-to-ses02 seed=1 acc=0.9600 (ntr=160 nval=40 nte=200)
2026-06-09 17:00:01 | INFO    | train_session_alignment | [align] filterbank_reweighting deepconvnet single_sub-051_ses01-to-ses02 seed=1 acc=0.8950 (ntr=160 nval=40 nte=200)
2026-06-09 17:00:14 | INFO    | train_session_alignment | [align] filterbank_reweighting deepconvnet single_sub-051_ses01-to-ses03 seed=1 acc=0.8300 (ntr=160 nval=40 nte=200)
2026-06-09 17:00:23 | INFO    | train_session_alignment | [align] filterbank_reweighting deepconvnet single_sub-051_ses02-to-ses01 seed=1 acc=0.7350 (ntr=160 nval=40 nte=200)
2026-06-09 17:00:32 | INFO    | train_session_alignment | [align] filterbank_reweighting deepconvnet single_sub-051_ses02-to-ses03 seed=1 acc=0.8250 (ntr=160 nval=40 nte=200)
2026-06-09 17:00:42 | INFO    | train_session_alignment | [align] filterbank_reweighting deepconvnet single_sub-051_ses03-to-ses01 seed=1 acc=0.7150 (ntr=160 nval=40 nte=200)
2026-06-09 17:00:52 | INFO    | train_session_alignment | [align] filterbank_reweighting deepconvnet single_sub-051_ses03-to-ses02 seed=1 acc=0.8150 (ntr=160 nval=40 nte=200)
2026-06-09 17:01:09 | INFO    | train_session_alignment | [align] filterbank_reweighting deepconvnet multi_sub-001_ses01ses02-to-ses03 seed=1 acc=0.9400 (ntr=320 nval=80 nte=200)
2026-06-09 17:01:25 | INFO    | train_session_alignment | [align] filterbank_reweighting deepconvnet multi_sub-002_ses01ses02-to-ses03 seed=1 acc=0.5950 (ntr=320 nval=80 nte=200)
2026-06-09 17:01:45 | INFO    | train_session_alignment | [align] filterbank_reweighting deepconvnet multi_sub-003_ses01ses02-to-ses03 seed=1 acc=0.9600 (ntr=320 nval=80 nte=200)
2026-06-09 17:02:02 | INFO    | train_session_alignment | [align] filterbank_reweighting deepconvnet multi_sub-004_ses01ses02-to-ses03 seed=1 acc=0.5150 (ntr=320 nval=80 nte=200)
2026-06-09 17:02:21 | INFO    | train_session_alignment | [align] filterbank_reweighting deepconvnet multi_sub-005_ses01ses02-to-ses03 seed=1 acc=0.8750 (ntr=320 nval=80 nte=200)
2026-06-09 17:02:33 | INFO    | train_session_alignment | [align] filterbank_reweighting deepconvnet multi_sub-006_ses01ses02-to-ses03 seed=1 acc=0.8900 (ntr=320 nval=80 nte=200)
2026-06-09 17:02:54 | INFO    | train_session_alignment | [align] filterbank_reweighting deepconvnet multi_sub-007_ses01ses02-to-ses03 seed=1 acc=0.8600 (ntr=320 nval=80 nte=200)
2026-06-09 17:03:09 | INFO    | train_session_alignment | [align] filterbank_reweighting deepconvnet multi_sub-008_ses01ses02-to-ses03 seed=1 acc=0.8800 (ntr=320 nval=80 nte=200)
2026-06-09 17:03:25 | INFO    | train_session_alignment | [align] filterbank_reweighting deepconvnet multi_sub-009_ses01ses02-to-ses03 seed=1 acc=0.5250 (ntr=320 nval=80 nte=200)
2026-06-09 17:03:47 | INFO    | train_session_alignment | [align] filterbank_reweighting deepconvnet multi_sub-010_ses01ses02-to-ses03 seed=1 acc=0.6850 (ntr=320 nval=80 nte=200)
2026-06-09 17:04:14 | INFO    | train_session_alignment | [align] filterbank_reweighting deepconvnet multi_sub-011_ses01ses02-to-ses03 seed=1 acc=0.6700 (ntr=320 nval=80 nte=200)
2026-06-09 17:04:28 | INFO    | train_session_alignment | [align] filterbank_reweighting deepconvnet multi_sub-012_ses01ses02-to-ses03 seed=1 acc=0.5700 (ntr=320 nval=80 nte=200)
2026-06-09 17:04:40 | INFO    | train_session_alignment | [align] filterbank_reweighting deepconvnet multi_sub-013_ses01ses02-to-ses03 seed=1 acc=0.4750 (ntr=320 nval=80 nte=200)
2026-06-09 17:04:51 | INFO    | train_session_alignment | [align] filterbank_reweighting deepconvnet multi_sub-014_ses01ses02-to-ses03 seed=1 acc=0.5150 (ntr=320 nval=80 nte=200)
2026-06-09 17:05:04 | INFO    | train_session_alignment | [align] filterbank_reweighting deepconvnet multi_sub-015_ses01ses02-to-ses03 seed=1 acc=0.5100 (ntr=320 nval=80 nte=200)
2026-06-09 17:05:17 | INFO    | train_session_alignment | [align] filterbank_reweighting deepconvnet multi_sub-016_ses01ses02-to-ses03 seed=1 acc=0.5100 (ntr=320 nval=80 nte=200)
2026-06-09 17:05:34 | INFO    | train_session_alignment | [align] filterbank_reweighting deepconvnet multi_sub-017_ses01ses02-to-ses03 seed=1 acc=0.8300 (ntr=320 nval=80 nte=200)
2026-06-09 17:05:45 | INFO    | train_session_alignment | [align] filterbank_reweighting deepconvnet multi_sub-018_ses01ses02-to-ses03 seed=1 acc=0.4900 (ntr=320 nval=80 nte=200)
2026-06-09 17:05:58 | INFO    | train_session_alignment | [align] filterbank_reweighting deepconvnet multi_sub-019_ses01ses02-to-ses03 seed=1 acc=0.5800 (ntr=320 nval=80 nte=200)
2026-06-09 17:06:23 | INFO    | train_session_alignment | [align] filterbank_reweighting deepconvnet multi_sub-020_ses01ses02-to-ses03 seed=1 acc=0.4700 (ntr=320 nval=80 nte=200)
2026-06-09 17:06:38 | INFO    | train_session_alignment | [align] filterbank_reweighting deepconvnet multi_sub-021_ses01ses02-to-ses03 seed=1 acc=0.7850 (ntr=320 nval=80 nte=200)
2026-06-09 17:06:50 | INFO    | train_session_alignment | [align] filterbank_reweighting deepconvnet multi_sub-022_ses01ses02-to-ses03 seed=1 acc=0.6500 (ntr=320 nval=80 nte=200)
2026-06-09 17:07:06 | INFO    | train_session_alignment | [align] filterbank_reweighting deepconvnet multi_sub-025_ses01ses02-to-ses03 seed=1 acc=0.5650 (ntr=320 nval=80 nte=200)
2026-06-09 17:07:28 | INFO    | train_session_alignment | [align] filterbank_reweighting deepconvnet multi_sub-027_ses01ses02-to-ses03 seed=1 acc=0.6050 (ntr=320 nval=80 nte=200)
2026-06-09 17:07:52 | INFO    | train_session_alignment | [align] filterbank_reweighting deepconvnet multi_sub-028_ses01ses02-to-ses03 seed=1 acc=0.8250 (ntr=320 nval=80 nte=200)
2026-06-09 17:08:11 | INFO    | train_session_alignment | [align] filterbank_reweighting deepconvnet multi_sub-029_ses01ses02-to-ses03 seed=1 acc=0.9500 (ntr=320 nval=80 nte=200)
2026-06-09 17:08:22 | INFO    | train_session_alignment | [align] filterbank_reweighting deepconvnet multi_sub-030_ses01ses02-to-ses03 seed=1 acc=0.5000 (ntr=320 nval=80 nte=200)
2026-06-09 17:08:37 | INFO    | train_session_alignment | [align] filterbank_reweighting deepconvnet multi_sub-031_ses01ses02-to-ses03 seed=1 acc=0.5000 (ntr=320 nval=80 nte=200)
2026-06-09 17:08:52 | INFO    | train_session_alignment | [align] filterbank_reweighting deepconvnet multi_sub-033_ses01ses02-to-ses03 seed=1 acc=0.9450 (ntr=320 nval=80 nte=200)
2026-06-09 17:09:14 | INFO    | train_session_alignment | [align] filterbank_reweighting deepconvnet multi_sub-034_ses01ses02-to-ses03 seed=1 acc=0.7900 (ntr=320 nval=80 nte=200)
2026-06-09 17:09:31 | INFO    | train_session_alignment | [align] filterbank_reweighting deepconvnet multi_sub-035_ses01ses02-to-ses03 seed=1 acc=0.9250 (ntr=320 nval=80 nte=200)
2026-06-09 17:09:49 | INFO    | train_session_alignment | [align] filterbank_reweighting deepconvnet multi_sub-036_ses01ses02-to-ses03 seed=1 acc=0.9750 (ntr=320 nval=80 nte=200)
2026-06-09 17:10:08 | INFO    | train_session_alignment | [align] filterbank_reweighting deepconvnet multi_sub-037_ses01ses02-to-ses03 seed=1 acc=0.7350 (ntr=320 nval=80 nte=200)
2026-06-09 17:10:20 | INFO    | train_session_alignment | [align] filterbank_reweighting deepconvnet multi_sub-038_ses01ses02-to-ses03 seed=1 acc=0.4850 (ntr=320 nval=80 nte=200)
2026-06-09 17:10:42 | INFO    | train_session_alignment | [align] filterbank_reweighting deepconvnet multi_sub-039_ses01ses02-to-ses03 seed=1 acc=0.6750 (ntr=320 nval=80 nte=200)
2026-06-09 17:11:01 | INFO    | train_session_alignment | [align] filterbank_reweighting deepconvnet multi_sub-040_ses01ses02-to-ses03 seed=1 acc=0.9000 (ntr=320 nval=80 nte=200)
2026-06-09 17:11:16 | INFO    | train_session_alignment | [align] filterbank_reweighting deepconvnet multi_sub-041_ses01ses02-to-ses03 seed=1 acc=0.8250 (ntr=320 nval=80 nte=200)
2026-06-09 17:11:29 | INFO    | train_session_alignment | [align] filterbank_reweighting deepconvnet multi_sub-042_ses01ses02-to-ses03 seed=1 acc=0.7400 (ntr=320 nval=80 nte=200)
2026-06-09 17:12:01 | INFO    | train_session_alignment | [align] filterbank_reweighting deepconvnet multi_sub-043_ses01ses02-to-ses03 seed=1 acc=1.0000 (ntr=320 nval=80 nte=200)
2026-06-09 17:12:14 | INFO    | train_session_alignment | [align] filterbank_reweighting deepconvnet multi_sub-044_ses01ses02-to-ses03 seed=1 acc=0.6800 (ntr=320 nval=80 nte=200)
2026-06-09 17:12:28 | INFO    | train_session_alignment | [align] filterbank_reweighting deepconvnet multi_sub-045_ses01ses02-to-ses03 seed=1 acc=0.9000 (ntr=320 nval=80 nte=200)
2026-06-09 17:12:50 | INFO    | train_session_alignment | [align] filterbank_reweighting deepconvnet multi_sub-046_ses01ses02-to-ses03 seed=1 acc=0.9950 (ntr=320 nval=80 nte=200)
2026-06-09 17:13:04 | INFO    | train_session_alignment | [align] filterbank_reweighting deepconvnet multi_sub-047_ses01ses02-to-ses03 seed=1 acc=0.9650 (ntr=320 nval=80 nte=200)
2026-06-09 17:13:28 | INFO    | train_session_alignment | [align] filterbank_reweighting deepconvnet multi_sub-048_ses01ses02-to-ses03 seed=1 acc=0.6200 (ntr=320 nval=80 nte=200)
2026-06-09 17:13:43 | INFO    | train_session_alignment | [align] filterbank_reweighting deepconvnet multi_sub-049_ses01ses02-to-ses03 seed=1 acc=0.8850 (ntr=320 nval=80 nte=200)
2026-06-09 17:13:59 | INFO    | train_session_alignment | [align] filterbank_reweighting deepconvnet multi_sub-050_ses01ses02-to-ses03 seed=1 acc=0.9350 (ntr=320 nval=80 nte=200)
2026-06-09 17:14:13 | INFO    | train_session_alignment | [align] filterbank_reweighting deepconvnet multi_sub-051_ses01ses02-to-ses03 seed=1 acc=0.8500 (ntr=320 nval=80 nte=200)
2026-06-09 17:14:14 | INFO    | train_session_alignment | ALL DONE in 4389.8s | rows=335 ok=335 failed=0 | out=/share/home/yuan/SYX/eeg-mi-online/outputs/experiments/alignment_baseline_v1
Done: Tue Jun  9 17:14:15 CST 2026
