Project: /share/home/yuan/SYX/eeg-mi-online
Env    : mi_torch_cu118
Args   : --methods bn_statistics_adaptation --models eegnet --seeds 2 --protocols single,multi --tag-suffix bn_statistics_adaptation_eegnet_s2
Node   : gpu01 | Start: Tue Jun  9 11:34:23 CST 2026
Tue Jun  9 11:34:24 2026       
+-----------------------------------------------------------------------------------------+
| NVIDIA-SMI 570.153.02             Driver Version: 570.153.02     CUDA Version: 12.8     |
|-----------------------------------------+------------------------+----------------------+
| GPU  Name                 Persistence-M | Bus-Id          Disp.A | Volatile Uncorr. ECC |
| Fan  Temp   Perf          Pwr:Usage/Cap |           Memory-Usage | GPU-Util  Compute M. |
|                                         |                        |               MIG M. |
|=========================================+========================+======================|
|   0  NVIDIA GeForce RTX 4090 D      On  |   00000000:61:00.0 Off |                  Off |
| 31%   43C    P0             58W /  425W |       1MiB /  24564MiB |     10%      Default |
|                                         |                        |                  N/A |
+-----------------------------------------+------------------------+----------------------+
                                                                                         
+-----------------------------------------------------------------------------------------+
| Processes:                                                                              |
|  GPU   GI   CI              PID   Type   Process name                        GPU Memory |
|        ID   ID                                                               Usage      |
|=========================================================================================|
|  No running processes found                                                             |
+-----------------------------------------------------------------------------------------+
[cuda-check] torch=2.7.1+cu118 cuda_build=11.8 cuda_avail=True
2026-06-09 11:34:27 | INFO    | train_session_alignment | device=cuda | cuda={'torch': '2.7.1+cu118', 'cuda_build': '11.8', 'cuda_available': True, 'device': 'cuda', 'device_name': 'NVIDIA GeForce RTX 4090 D'}
2026-06-09 11:34:27 | INFO    | train_session_alignment | loaded 148 ok sessions | methods=['bn_statistics_adaptation'] | models=['eegnet'] | seeds=[2] | groups=['single', 'multi'] | tasks=335
2026-06-09 11:34:34 | INFO    | train_session_alignment | [align] bn_statistics_adaptation eegnet      single_sub-001_ses01-to-ses02 seed=2 acc=0.6850 (ntr=160 nval=40 nte=200)
2026-06-09 11:34:39 | INFO    | train_session_alignment | [align] bn_statistics_adaptation eegnet      single_sub-001_ses01-to-ses03 seed=2 acc=0.7000 (ntr=160 nval=40 nte=200)
2026-06-09 11:34:46 | INFO    | train_session_alignment | [align] bn_statistics_adaptation eegnet      single_sub-001_ses02-to-ses01 seed=2 acc=0.7400 (ntr=160 nval=40 nte=200)
2026-06-09 11:34:53 | INFO    | train_session_alignment | [align] bn_statistics_adaptation eegnet      single_sub-001_ses02-to-ses03 seed=2 acc=0.9100 (ntr=160 nval=40 nte=200)
2026-06-09 11:35:05 | INFO    | train_session_alignment | [align] bn_statistics_adaptation eegnet      single_sub-001_ses03-to-ses01 seed=2 acc=0.7000 (ntr=160 nval=40 nte=200)
2026-06-09 11:35:17 | INFO    | train_session_alignment | [align] bn_statistics_adaptation eegnet      single_sub-001_ses03-to-ses02 seed=2 acc=0.9350 (ntr=160 nval=40 nte=200)
2026-06-09 11:35:25 | INFO    | train_session_alignment | [align] bn_statistics_adaptation eegnet      single_sub-002_ses01-to-ses02 seed=2 acc=0.6150 (ntr=160 nval=40 nte=200)
2026-06-09 11:35:33 | INFO    | train_session_alignment | [align] bn_statistics_adaptation eegnet      single_sub-002_ses01-to-ses03 seed=2 acc=0.6550 (ntr=160 nval=40 nte=200)
2026-06-09 11:35:38 | INFO    | train_session_alignment | [align] bn_statistics_adaptation eegnet      single_sub-002_ses02-to-ses01 seed=2 acc=0.6250 (ntr=160 nval=40 nte=200)
2026-06-09 11:35:43 | INFO    | train_session_alignment | [align] bn_statistics_adaptation eegnet      single_sub-002_ses02-to-ses03 seed=2 acc=0.6800 (ntr=160 nval=40 nte=200)
2026-06-09 11:35:49 | INFO    | train_session_alignment | [align] bn_statistics_adaptation eegnet      single_sub-002_ses03-to-ses01 seed=2 acc=0.6150 (ntr=160 nval=40 nte=200)
2026-06-09 11:35:56 | INFO    | train_session_alignment | [align] bn_statistics_adaptation eegnet      single_sub-002_ses03-to-ses02 seed=2 acc=0.6550 (ntr=160 nval=40 nte=200)
2026-06-09 11:36:04 | INFO    | train_session_alignment | [align] bn_statistics_adaptation eegnet      single_sub-003_ses01-to-ses02 seed=2 acc=0.9000 (ntr=160 nval=40 nte=200)
2026-06-09 11:36:12 | INFO    | train_session_alignment | [align] bn_statistics_adaptation eegnet      single_sub-003_ses01-to-ses03 seed=2 acc=0.5400 (ntr=160 nval=40 nte=200)
2026-06-09 11:36:30 | INFO    | train_session_alignment | [align] bn_statistics_adaptation eegnet      single_sub-003_ses02-to-ses01 seed=2 acc=0.8450 (ntr=160 nval=40 nte=200)
2026-06-09 11:36:47 | INFO    | train_session_alignment | [align] bn_statistics_adaptation eegnet      single_sub-003_ses02-to-ses03 seed=2 acc=0.8350 (ntr=160 nval=40 nte=200)
2026-06-09 11:37:05 | INFO    | train_session_alignment | [align] bn_statistics_adaptation eegnet      single_sub-003_ses03-to-ses01 seed=2 acc=0.6000 (ntr=160 nval=40 nte=200)
2026-06-09 11:37:23 | INFO    | train_session_alignment | [align] bn_statistics_adaptation eegnet      single_sub-003_ses03-to-ses02 seed=2 acc=0.6450 (ntr=160 nval=40 nte=200)
2026-06-09 11:37:27 | INFO    | train_session_alignment | [align] bn_statistics_adaptation eegnet      single_sub-004_ses01-to-ses02 seed=2 acc=0.5100 (ntr=160 nval=40 nte=200)
2026-06-09 11:37:31 | INFO    | train_session_alignment | [align] bn_statistics_adaptation eegnet      single_sub-004_ses01-to-ses03 seed=2 acc=0.5350 (ntr=160 nval=40 nte=200)
2026-06-09 11:37:36 | INFO    | train_session_alignment | [align] bn_statistics_adaptation eegnet      single_sub-004_ses02-to-ses01 seed=2 acc=0.4750 (ntr=160 nval=40 nte=200)
2026-06-09 11:37:40 | INFO    | train_session_alignment | [align] bn_statistics_adaptation eegnet      single_sub-004_ses02-to-ses03 seed=2 acc=0.4850 (ntr=160 nval=40 nte=200)
2026-06-09 11:37:46 | INFO    | train_session_alignment | [align] bn_statistics_adaptation eegnet      single_sub-004_ses03-to-ses01 seed=2 acc=0.5350 (ntr=160 nval=40 nte=200)
2026-06-09 11:37:52 | INFO    | train_session_alignment | [align] bn_statistics_adaptation eegnet      single_sub-004_ses03-to-ses02 seed=2 acc=0.4850 (ntr=160 nval=40 nte=200)
2026-06-09 11:38:04 | INFO    | train_session_alignment | [align] bn_statistics_adaptation eegnet      single_sub-005_ses01-to-ses02 seed=2 acc=0.9250 (ntr=160 nval=40 nte=200)
2026-06-09 11:38:16 | INFO    | train_session_alignment | [align] bn_statistics_adaptation eegnet      single_sub-005_ses01-to-ses03 seed=2 acc=0.6500 (ntr=160 nval=40 nte=200)
2026-06-09 11:38:27 | INFO    | train_session_alignment | [align] bn_statistics_adaptation eegnet      single_sub-005_ses02-to-ses01 seed=2 acc=0.8600 (ntr=160 nval=40 nte=200)
2026-06-09 11:38:38 | INFO    | train_session_alignment | [align] bn_statistics_adaptation eegnet      single_sub-005_ses02-to-ses03 seed=2 acc=0.7150 (ntr=160 nval=40 nte=200)
2026-06-09 11:38:43 | INFO    | train_session_alignment | [align] bn_statistics_adaptation eegnet      single_sub-005_ses03-to-ses01 seed=2 acc=0.6050 (ntr=160 nval=40 nte=200)
2026-06-09 11:38:48 | INFO    | train_session_alignment | [align] bn_statistics_adaptation eegnet      single_sub-005_ses03-to-ses02 seed=2 acc=0.5750 (ntr=160 nval=40 nte=200)
2026-06-09 11:38:54 | INFO    | train_session_alignment | [align] bn_statistics_adaptation eegnet      single_sub-006_ses01-to-ses02 seed=2 acc=0.9500 (ntr=160 nval=40 nte=200)
2026-06-09 11:39:01 | INFO    | train_session_alignment | [align] bn_statistics_adaptation eegnet      single_sub-006_ses01-to-ses03 seed=2 acc=0.9650 (ntr=160 nval=40 nte=200)
2026-06-09 11:39:18 | INFO    | train_session_alignment | [align] bn_statistics_adaptation eegnet      single_sub-006_ses02-to-ses01 seed=2 acc=0.7900 (ntr=160 nval=40 nte=200)
2026-06-09 11:39:36 | INFO    | train_session_alignment | [align] bn_statistics_adaptation eegnet      single_sub-006_ses02-to-ses03 seed=2 acc=0.7650 (ntr=160 nval=40 nte=200)
2026-06-09 11:39:50 | INFO    | train_session_alignment | [align] bn_statistics_adaptation eegnet      single_sub-006_ses03-to-ses01 seed=2 acc=0.8150 (ntr=160 nval=40 nte=200)
2026-06-09 11:40:04 | INFO    | train_session_alignment | [align] bn_statistics_adaptation eegnet      single_sub-006_ses03-to-ses02 seed=2 acc=0.8750 (ntr=160 nval=40 nte=200)
2026-06-09 11:40:13 | INFO    | train_session_alignment | [align] bn_statistics_adaptation eegnet      single_sub-007_ses01-to-ses02 seed=2 acc=0.7400 (ntr=160 nval=40 nte=200)
2026-06-09 11:40:23 | INFO    | train_session_alignment | [align] bn_statistics_adaptation eegnet      single_sub-007_ses01-to-ses03 seed=2 acc=0.8250 (ntr=160 nval=40 nte=200)
2026-06-09 11:40:28 | INFO    | train_session_alignment | [align] bn_statistics_adaptation eegnet      single_sub-007_ses02-to-ses01 seed=2 acc=0.6150 (ntr=160 nval=40 nte=200)
2026-06-09 11:40:34 | INFO    | train_session_alignment | [align] bn_statistics_adaptation eegnet      single_sub-007_ses02-to-ses03 seed=2 acc=0.8600 (ntr=160 nval=40 nte=200)
2026-06-09 11:40:44 | INFO    | train_session_alignment | [align] bn_statistics_adaptation eegnet      single_sub-007_ses03-to-ses01 seed=2 acc=0.6850 (ntr=160 nval=40 nte=200)
2026-06-09 11:40:55 | INFO    | train_session_alignment | [align] bn_statistics_adaptation eegnet      single_sub-007_ses03-to-ses02 seed=2 acc=0.7450 (ntr=160 nval=40 nte=200)
2026-06-09 11:41:01 | INFO    | train_session_alignment | [align] bn_statistics_adaptation eegnet      single_sub-008_ses01-to-ses02 seed=2 acc=0.6250 (ntr=160 nval=40 nte=200)
2026-06-09 11:41:06 | INFO    | train_session_alignment | [align] bn_statistics_adaptation eegnet      single_sub-008_ses01-to-ses03 seed=2 acc=0.4900 (ntr=160 nval=40 nte=200)
2026-06-09 11:41:16 | INFO    | train_session_alignment | [align] bn_statistics_adaptation eegnet      single_sub-008_ses02-to-ses01 seed=2 acc=0.6450 (ntr=160 nval=40 nte=200)
2026-06-09 11:41:25 | INFO    | train_session_alignment | [align] bn_statistics_adaptation eegnet      single_sub-008_ses02-to-ses03 seed=2 acc=0.8750 (ntr=160 nval=40 nte=200)
2026-06-09 11:41:30 | INFO    | train_session_alignment | [align] bn_statistics_adaptation eegnet      single_sub-008_ses03-to-ses01 seed=2 acc=0.5700 (ntr=160 nval=40 nte=200)
2026-06-09 11:41:34 | INFO    | train_session_alignment | [align] bn_statistics_adaptation eegnet      single_sub-008_ses03-to-ses02 seed=2 acc=0.6200 (ntr=160 nval=40 nte=200)
2026-06-09 11:41:44 | INFO    | train_session_alignment | [align] bn_statistics_adaptation eegnet      single_sub-009_ses01-to-ses02 seed=2 acc=0.7650 (ntr=160 nval=40 nte=200)
2026-06-09 11:41:54 | INFO    | train_session_alignment | [align] bn_statistics_adaptation eegnet      single_sub-009_ses01-to-ses03 seed=2 acc=0.6300 (ntr=160 nval=40 nte=200)
2026-06-09 11:41:58 | INFO    | train_session_alignment | [align] bn_statistics_adaptation eegnet      single_sub-009_ses02-to-ses01 seed=2 acc=0.7000 (ntr=160 nval=40 nte=200)
2026-06-09 11:42:03 | INFO    | train_session_alignment | [align] bn_statistics_adaptation eegnet      single_sub-009_ses02-to-ses03 seed=2 acc=0.6100 (ntr=160 nval=40 nte=200)
2026-06-09 11:42:08 | INFO    | train_session_alignment | [align] bn_statistics_adaptation eegnet      single_sub-009_ses03-to-ses01 seed=2 acc=0.5900 (ntr=160 nval=40 nte=200)
2026-06-09 11:42:14 | INFO    | train_session_alignment | [align] bn_statistics_adaptation eegnet      single_sub-009_ses03-to-ses02 seed=2 acc=0.6450 (ntr=160 nval=40 nte=200)
2026-06-09 11:42:19 | INFO    | train_session_alignment | [align] bn_statistics_adaptation eegnet      single_sub-010_ses01-to-ses02 seed=2 acc=0.8350 (ntr=160 nval=40 nte=200)
2026-06-09 11:42:24 | INFO    | train_session_alignment | [align] bn_statistics_adaptation eegnet      single_sub-010_ses01-to-ses03 seed=2 acc=0.5450 (ntr=160 nval=40 nte=200)
2026-06-09 11:42:30 | INFO    | train_session_alignment | [align] bn_statistics_adaptation eegnet      single_sub-010_ses02-to-ses01 seed=2 acc=0.7800 (ntr=160 nval=40 nte=200)
2026-06-09 11:42:35 | INFO    | train_session_alignment | [align] bn_statistics_adaptation eegnet      single_sub-010_ses02-to-ses03 seed=2 acc=0.5000 (ntr=160 nval=40 nte=200)
2026-06-09 11:42:43 | INFO    | train_session_alignment | [align] bn_statistics_adaptation eegnet      single_sub-010_ses03-to-ses01 seed=2 acc=0.6100 (ntr=160 nval=40 nte=200)
2026-06-09 11:42:51 | INFO    | train_session_alignment | [align] bn_statistics_adaptation eegnet      single_sub-010_ses03-to-ses02 seed=2 acc=0.6450 (ntr=160 nval=40 nte=200)
2026-06-09 11:42:56 | INFO    | train_session_alignment | [align] bn_statistics_adaptation eegnet      single_sub-011_ses01-to-ses02 seed=2 acc=0.7500 (ntr=160 nval=40 nte=200)
2026-06-09 11:43:01 | INFO    | train_session_alignment | [align] bn_statistics_adaptation eegnet      single_sub-011_ses01-to-ses03 seed=2 acc=0.9600 (ntr=160 nval=40 nte=200)
2026-06-09 11:43:06 | INFO    | train_session_alignment | [align] bn_statistics_adaptation eegnet      single_sub-011_ses02-to-ses01 seed=2 acc=0.8650 (ntr=160 nval=40 nte=200)
2026-06-09 11:43:12 | INFO    | train_session_alignment | [align] bn_statistics_adaptation eegnet      single_sub-011_ses02-to-ses03 seed=2 acc=0.9400 (ntr=160 nval=40 nte=200)
2026-06-09 11:43:30 | INFO    | train_session_alignment | [align] bn_statistics_adaptation eegnet      single_sub-011_ses03-to-ses01 seed=2 acc=0.9100 (ntr=160 nval=40 nte=200)
2026-06-09 11:43:49 | INFO    | train_session_alignment | [align] bn_statistics_adaptation eegnet      single_sub-011_ses03-to-ses02 seed=2 acc=0.7300 (ntr=160 nval=40 nte=200)
2026-06-09 11:43:54 | INFO    | train_session_alignment | [align] bn_statistics_adaptation eegnet      single_sub-012_ses01-to-ses02 seed=2 acc=0.5450 (ntr=160 nval=40 nte=200)
2026-06-09 11:43:59 | INFO    | train_session_alignment | [align] bn_statistics_adaptation eegnet      single_sub-012_ses01-to-ses03 seed=2 acc=0.5550 (ntr=160 nval=40 nte=200)
2026-06-09 11:44:04 | INFO    | train_session_alignment | [align] bn_statistics_adaptation eegnet      single_sub-012_ses02-to-ses01 seed=2 acc=0.4850 (ntr=160 nval=40 nte=200)
2026-06-09 11:44:08 | INFO    | train_session_alignment | [align] bn_statistics_adaptation eegnet      single_sub-012_ses02-to-ses03 seed=2 acc=0.5000 (ntr=160 nval=40 nte=200)
2026-06-09 11:44:16 | INFO    | train_session_alignment | [align] bn_statistics_adaptation eegnet      single_sub-012_ses03-to-ses01 seed=2 acc=0.5600 (ntr=160 nval=40 nte=200)
2026-06-09 11:44:24 | INFO    | train_session_alignment | [align] bn_statistics_adaptation eegnet      single_sub-012_ses03-to-ses02 seed=2 acc=0.5400 (ntr=160 nval=40 nte=200)
2026-06-09 11:44:29 | INFO    | train_session_alignment | [align] bn_statistics_adaptation eegnet      single_sub-013_ses01-to-ses02 seed=2 acc=0.7150 (ntr=160 nval=40 nte=200)
2026-06-09 11:44:34 | INFO    | train_session_alignment | [align] bn_statistics_adaptation eegnet      single_sub-013_ses01-to-ses03 seed=2 acc=0.7050 (ntr=160 nval=40 nte=200)
2026-06-09 11:44:42 | INFO    | train_session_alignment | [align] bn_statistics_adaptation eegnet      single_sub-013_ses02-to-ses01 seed=2 acc=0.5800 (ntr=160 nval=40 nte=200)
2026-06-09 11:44:51 | INFO    | train_session_alignment | [align] bn_statistics_adaptation eegnet      single_sub-013_ses02-to-ses03 seed=2 acc=0.7150 (ntr=160 nval=40 nte=200)
2026-06-09 11:44:58 | INFO    | train_session_alignment | [align] bn_statistics_adaptation eegnet      single_sub-013_ses03-to-ses01 seed=2 acc=0.8000 (ntr=160 nval=40 nte=200)
2026-06-09 11:45:05 | INFO    | train_session_alignment | [align] bn_statistics_adaptation eegnet      single_sub-013_ses03-to-ses02 seed=2 acc=0.7750 (ntr=160 nval=40 nte=200)
2026-06-09 11:45:09 | INFO    | train_session_alignment | [align] bn_statistics_adaptation eegnet      single_sub-014_ses01-to-ses02 seed=2 acc=0.5350 (ntr=160 nval=40 nte=200)
2026-06-09 11:45:14 | INFO    | train_session_alignment | [align] bn_statistics_adaptation eegnet      single_sub-014_ses01-to-ses03 seed=2 acc=0.5300 (ntr=160 nval=40 nte=200)
2026-06-09 11:45:19 | INFO    | train_session_alignment | [align] bn_statistics_adaptation eegnet      single_sub-014_ses02-to-ses01 seed=2 acc=0.5350 (ntr=160 nval=40 nte=200)
2026-06-09 11:45:23 | INFO    | train_session_alignment | [align] bn_statistics_adaptation eegnet      single_sub-014_ses02-to-ses03 seed=2 acc=0.5400 (ntr=160 nval=40 nte=200)
2026-06-09 11:45:28 | INFO    | train_session_alignment | [align] bn_statistics_adaptation eegnet      single_sub-014_ses03-to-ses01 seed=2 acc=0.5750 (ntr=160 nval=40 nte=200)
2026-06-09 11:45:32 | INFO    | train_session_alignment | [align] bn_statistics_adaptation eegnet      single_sub-014_ses03-to-ses02 seed=2 acc=0.4800 (ntr=160 nval=40 nte=200)
2026-06-09 11:45:37 | INFO    | train_session_alignment | [align] bn_statistics_adaptation eegnet      single_sub-015_ses01-to-ses02 seed=2 acc=0.4800 (ntr=160 nval=40 nte=200)
2026-06-09 11:45:43 | INFO    | train_session_alignment | [align] bn_statistics_adaptation eegnet      single_sub-015_ses01-to-ses03 seed=2 acc=0.5000 (ntr=160 nval=40 nte=200)
2026-06-09 11:45:49 | INFO    | train_session_alignment | [align] bn_statistics_adaptation eegnet      single_sub-015_ses02-to-ses01 seed=2 acc=0.5900 (ntr=160 nval=40 nte=200)
2026-06-09 11:45:55 | INFO    | train_session_alignment | [align] bn_statistics_adaptation eegnet      single_sub-015_ses02-to-ses03 seed=2 acc=0.5550 (ntr=160 nval=40 nte=200)
2026-06-09 11:46:10 | INFO    | train_session_alignment | [align] bn_statistics_adaptation eegnet      single_sub-015_ses03-to-ses01 seed=2 acc=0.6250 (ntr=160 nval=40 nte=200)
2026-06-09 11:46:24 | INFO    | train_session_alignment | [align] bn_statistics_adaptation eegnet      single_sub-015_ses03-to-ses02 seed=2 acc=0.6350 (ntr=160 nval=40 nte=200)
2026-06-09 11:46:29 | INFO    | train_session_alignment | [align] bn_statistics_adaptation eegnet      single_sub-016_ses01-to-ses02 seed=2 acc=0.4750 (ntr=160 nval=40 nte=200)
2026-06-09 11:46:34 | INFO    | train_session_alignment | [align] bn_statistics_adaptation eegnet      single_sub-016_ses01-to-ses03 seed=2 acc=0.5650 (ntr=160 nval=40 nte=200)
2026-06-09 11:46:39 | INFO    | train_session_alignment | [align] bn_statistics_adaptation eegnet      single_sub-016_ses02-to-ses01 seed=2 acc=0.4450 (ntr=160 nval=40 nte=200)
2026-06-09 11:46:43 | INFO    | train_session_alignment | [align] bn_statistics_adaptation eegnet      single_sub-016_ses02-to-ses03 seed=2 acc=0.5050 (ntr=160 nval=40 nte=200)
2026-06-09 11:46:48 | INFO    | train_session_alignment | [align] bn_statistics_adaptation eegnet      single_sub-016_ses03-to-ses01 seed=2 acc=0.4700 (ntr=160 nval=40 nte=200)
2026-06-09 11:46:54 | INFO    | train_session_alignment | [align] bn_statistics_adaptation eegnet      single_sub-016_ses03-to-ses02 seed=2 acc=0.5450 (ntr=160 nval=40 nte=200)
2026-06-09 11:47:03 | INFO    | train_session_alignment | [align] bn_statistics_adaptation eegnet      single_sub-017_ses01-to-ses02 seed=2 acc=0.6900 (ntr=160 nval=40 nte=200)
2026-06-09 11:47:13 | INFO    | train_session_alignment | [align] bn_statistics_adaptation eegnet      single_sub-017_ses01-to-ses03 seed=2 acc=0.6400 (ntr=160 nval=40 nte=200)
2026-06-09 11:47:19 | INFO    | train_session_alignment | [align] bn_statistics_adaptation eegnet      single_sub-017_ses02-to-ses01 seed=2 acc=0.6850 (ntr=160 nval=40 nte=200)
2026-06-09 11:47:25 | INFO    | train_session_alignment | [align] bn_statistics_adaptation eegnet      single_sub-017_ses02-to-ses03 seed=2 acc=0.7300 (ntr=160 nval=40 nte=200)
2026-06-09 11:47:32 | INFO    | train_session_alignment | [align] bn_statistics_adaptation eegnet      single_sub-017_ses03-to-ses01 seed=2 acc=0.6500 (ntr=160 nval=40 nte=200)
2026-06-09 11:47:39 | INFO    | train_session_alignment | [align] bn_statistics_adaptation eegnet      single_sub-017_ses03-to-ses02 seed=2 acc=0.7250 (ntr=160 nval=40 nte=200)
2026-06-09 11:47:46 | INFO    | train_session_alignment | [align] bn_statistics_adaptation eegnet      single_sub-018_ses01-to-ses02 seed=2 acc=0.6600 (ntr=160 nval=40 nte=200)
2026-06-09 11:47:52 | INFO    | train_session_alignment | [align] bn_statistics_adaptation eegnet      single_sub-018_ses01-to-ses03 seed=2 acc=0.5400 (ntr=160 nval=40 nte=200)
2026-06-09 11:47:58 | INFO    | train_session_alignment | [align] bn_statistics_adaptation eegnet      single_sub-018_ses02-to-ses01 seed=2 acc=0.6450 (ntr=160 nval=40 nte=200)
2026-06-09 11:48:04 | INFO    | train_session_alignment | [align] bn_statistics_adaptation eegnet      single_sub-018_ses02-to-ses03 seed=2 acc=0.6200 (ntr=160 nval=40 nte=200)
2026-06-09 11:48:08 | INFO    | train_session_alignment | [align] bn_statistics_adaptation eegnet      single_sub-018_ses03-to-ses01 seed=2 acc=0.5000 (ntr=160 nval=40 nte=200)
2026-06-09 11:48:13 | INFO    | train_session_alignment | [align] bn_statistics_adaptation eegnet      single_sub-018_ses03-to-ses02 seed=2 acc=0.4950 (ntr=160 nval=40 nte=200)
2026-06-09 11:48:21 | INFO    | train_session_alignment | [align] bn_statistics_adaptation eegnet      single_sub-019_ses01-to-ses02 seed=2 acc=0.6600 (ntr=160 nval=40 nte=200)
2026-06-09 11:48:30 | INFO    | train_session_alignment | [align] bn_statistics_adaptation eegnet      single_sub-019_ses01-to-ses03 seed=2 acc=0.6250 (ntr=160 nval=40 nte=200)
2026-06-09 11:48:35 | INFO    | train_session_alignment | [align] bn_statistics_adaptation eegnet      single_sub-019_ses02-to-ses01 seed=2 acc=0.5600 (ntr=160 nval=40 nte=200)
2026-06-09 11:48:39 | INFO    | train_session_alignment | [align] bn_statistics_adaptation eegnet      single_sub-019_ses02-to-ses03 seed=2 acc=0.8350 (ntr=160 nval=40 nte=200)
2026-06-09 11:48:46 | INFO    | train_session_alignment | [align] bn_statistics_adaptation eegnet      single_sub-019_ses03-to-ses01 seed=2 acc=0.4900 (ntr=160 nval=40 nte=200)
2026-06-09 11:48:52 | INFO    | train_session_alignment | [align] bn_statistics_adaptation eegnet      single_sub-019_ses03-to-ses02 seed=2 acc=0.7300 (ntr=160 nval=40 nte=200)
2026-06-09 11:49:10 | INFO    | train_session_alignment | [align] bn_statistics_adaptation eegnet      single_sub-020_ses01-to-ses02 seed=2 acc=0.7350 (ntr=160 nval=40 nte=200)
2026-06-09 11:49:28 | INFO    | train_session_alignment | [align] bn_statistics_adaptation eegnet      single_sub-020_ses01-to-ses03 seed=2 acc=0.5550 (ntr=160 nval=40 nte=200)
2026-06-09 11:49:37 | INFO    | train_session_alignment | [align] bn_statistics_adaptation eegnet      single_sub-020_ses02-to-ses01 seed=2 acc=0.6550 (ntr=160 nval=40 nte=200)
2026-06-09 11:49:46 | INFO    | train_session_alignment | [align] bn_statistics_adaptation eegnet      single_sub-020_ses02-to-ses03 seed=2 acc=0.4350 (ntr=160 nval=40 nte=200)
2026-06-09 11:49:58 | INFO    | train_session_alignment | [align] bn_statistics_adaptation eegnet      single_sub-020_ses03-to-ses01 seed=2 acc=0.5000 (ntr=160 nval=40 nte=200)
2026-06-09 11:50:09 | INFO    | train_session_alignment | [align] bn_statistics_adaptation eegnet      single_sub-020_ses03-to-ses02 seed=2 acc=0.4750 (ntr=160 nval=40 nte=200)
2026-06-09 11:50:20 | INFO    | train_session_alignment | [align] bn_statistics_adaptation eegnet      single_sub-021_ses01-to-ses02 seed=2 acc=0.7700 (ntr=160 nval=40 nte=200)
2026-06-09 11:50:31 | INFO    | train_session_alignment | [align] bn_statistics_adaptation eegnet      single_sub-021_ses01-to-ses03 seed=2 acc=0.7300 (ntr=160 nval=40 nte=200)
2026-06-09 11:50:38 | INFO    | train_session_alignment | [align] bn_statistics_adaptation eegnet      single_sub-021_ses02-to-ses01 seed=2 acc=0.7550 (ntr=160 nval=40 nte=200)
2026-06-09 11:50:46 | INFO    | train_session_alignment | [align] bn_statistics_adaptation eegnet      single_sub-021_ses02-to-ses03 seed=2 acc=0.6450 (ntr=160 nval=40 nte=200)
2026-06-09 11:50:51 | INFO    | train_session_alignment | [align] bn_statistics_adaptation eegnet      single_sub-021_ses03-to-ses01 seed=2 acc=0.6100 (ntr=160 nval=40 nte=200)
2026-06-09 11:50:55 | INFO    | train_session_alignment | [align] bn_statistics_adaptation eegnet      single_sub-021_ses03-to-ses02 seed=2 acc=0.5150 (ntr=160 nval=40 nte=200)
2026-06-09 11:51:04 | INFO    | train_session_alignment | [align] bn_statistics_adaptation eegnet      single_sub-022_ses01-to-ses02 seed=2 acc=0.5550 (ntr=160 nval=40 nte=200)
2026-06-09 11:51:13 | INFO    | train_session_alignment | [align] bn_statistics_adaptation eegnet      single_sub-022_ses01-to-ses03 seed=2 acc=0.5750 (ntr=160 nval=40 nte=200)
2026-06-09 11:51:21 | INFO    | train_session_alignment | [align] bn_statistics_adaptation eegnet      single_sub-022_ses02-to-ses01 seed=2 acc=0.5300 (ntr=160 nval=40 nte=200)
2026-06-09 11:51:30 | INFO    | train_session_alignment | [align] bn_statistics_adaptation eegnet      single_sub-022_ses02-to-ses03 seed=2 acc=0.8050 (ntr=160 nval=40 nte=200)
2026-06-09 11:51:38 | INFO    | train_session_alignment | [align] bn_statistics_adaptation eegnet      single_sub-022_ses03-to-ses01 seed=2 acc=0.6500 (ntr=160 nval=40 nte=200)
2026-06-09 11:51:46 | INFO    | train_session_alignment | [align] bn_statistics_adaptation eegnet      single_sub-022_ses03-to-ses02 seed=2 acc=0.7200 (ntr=160 nval=40 nte=200)
2026-06-09 11:51:58 | INFO    | train_session_alignment | [align] bn_statistics_adaptation eegnet      single_sub-023_ses02-to-ses03 seed=2 acc=0.8950 (ntr=160 nval=40 nte=200)
2026-06-09 11:52:08 | INFO    | train_session_alignment | [align] bn_statistics_adaptation eegnet      single_sub-023_ses03-to-ses02 seed=2 acc=0.7450 (ntr=160 nval=40 nte=200)
2026-06-09 11:52:14 | INFO    | train_session_alignment | [align] bn_statistics_adaptation eegnet      single_sub-025_ses01-to-ses02 seed=2 acc=0.8550 (ntr=160 nval=40 nte=200)
2026-06-09 11:52:20 | INFO    | train_session_alignment | [align] bn_statistics_adaptation eegnet      single_sub-025_ses01-to-ses03 seed=2 acc=0.8150 (ntr=160 nval=40 nte=200)
2026-06-09 11:52:24 | INFO    | train_session_alignment | [align] bn_statistics_adaptation eegnet      single_sub-025_ses02-to-ses01 seed=2 acc=0.8450 (ntr=160 nval=40 nte=200)
2026-06-09 11:52:29 | INFO    | train_session_alignment | [align] bn_statistics_adaptation eegnet      single_sub-025_ses02-to-ses03 seed=2 acc=0.8000 (ntr=160 nval=40 nte=200)
2026-06-09 11:52:43 | INFO    | train_session_alignment | [align] bn_statistics_adaptation eegnet      single_sub-025_ses03-to-ses01 seed=2 acc=0.7850 (ntr=160 nval=40 nte=200)
2026-06-09 11:52:57 | INFO    | train_session_alignment | [align] bn_statistics_adaptation eegnet      single_sub-025_ses03-to-ses02 seed=2 acc=0.8750 (ntr=160 nval=40 nte=200)
2026-06-09 11:53:04 | INFO    | train_session_alignment | [align] bn_statistics_adaptation eegnet      single_sub-026_ses02-to-ses03 seed=2 acc=0.9250 (ntr=160 nval=40 nte=200)
2026-06-09 11:53:17 | INFO    | train_session_alignment | [align] bn_statistics_adaptation eegnet      single_sub-026_ses03-to-ses02 seed=2 acc=0.8750 (ntr=160 nval=40 nte=200)
2026-06-09 11:53:23 | INFO    | train_session_alignment | [align] bn_statistics_adaptation eegnet      single_sub-027_ses01-to-ses02 seed=2 acc=0.5800 (ntr=160 nval=40 nte=200)
2026-06-09 11:53:28 | INFO    | train_session_alignment | [align] bn_statistics_adaptation eegnet      single_sub-027_ses01-to-ses03 seed=2 acc=0.7200 (ntr=160 nval=40 nte=200)
2026-06-09 11:53:35 | INFO    | train_session_alignment | [align] bn_statistics_adaptation eegnet      single_sub-027_ses02-to-ses01 seed=2 acc=0.6450 (ntr=160 nval=40 nte=200)
2026-06-09 11:53:41 | INFO    | train_session_alignment | [align] bn_statistics_adaptation eegnet      single_sub-027_ses02-to-ses03 seed=2 acc=0.7350 (ntr=160 nval=40 nte=200)
2026-06-09 11:53:46 | INFO    | train_session_alignment | [align] bn_statistics_adaptation eegnet      single_sub-027_ses03-to-ses01 seed=2 acc=0.7100 (ntr=160 nval=40 nte=200)
2026-06-09 11:53:51 | INFO    | train_session_alignment | [align] bn_statistics_adaptation eegnet      single_sub-027_ses03-to-ses02 seed=2 acc=0.6050 (ntr=160 nval=40 nte=200)
2026-06-09 11:53:56 | INFO    | train_session_alignment | [align] bn_statistics_adaptation eegnet      single_sub-028_ses01-to-ses02 seed=2 acc=0.7300 (ntr=160 nval=40 nte=200)
2026-06-09 11:54:02 | INFO    | train_session_alignment | [align] bn_statistics_adaptation eegnet      single_sub-028_ses01-to-ses03 seed=2 acc=0.5250 (ntr=160 nval=40 nte=200)
2026-06-09 11:54:12 | INFO    | train_session_alignment | [align] bn_statistics_adaptation eegnet      single_sub-028_ses02-to-ses01 seed=2 acc=0.8750 (ntr=160 nval=40 nte=200)
2026-06-09 11:54:23 | INFO    | train_session_alignment | [align] bn_statistics_adaptation eegnet      single_sub-028_ses02-to-ses03 seed=2 acc=0.5000 (ntr=160 nval=40 nte=200)
2026-06-09 11:54:29 | INFO    | train_session_alignment | [align] bn_statistics_adaptation eegnet      single_sub-028_ses03-to-ses01 seed=2 acc=0.5900 (ntr=160 nval=40 nte=200)
2026-06-09 11:54:34 | INFO    | train_session_alignment | [align] bn_statistics_adaptation eegnet      single_sub-028_ses03-to-ses02 seed=2 acc=0.5400 (ntr=160 nval=40 nte=200)
2026-06-09 11:54:46 | INFO    | train_session_alignment | [align] bn_statistics_adaptation eegnet      single_sub-029_ses01-to-ses02 seed=2 acc=0.5000 (ntr=160 nval=40 nte=200)
2026-06-09 11:54:59 | INFO    | train_session_alignment | [align] bn_statistics_adaptation eegnet      single_sub-029_ses01-to-ses03 seed=2 acc=0.5400 (ntr=160 nval=40 nte=200)
2026-06-09 11:55:15 | INFO    | train_session_alignment | [align] bn_statistics_adaptation eegnet      single_sub-029_ses02-to-ses01 seed=2 acc=0.3100 (ntr=160 nval=40 nte=200)
2026-06-09 11:55:33 | INFO    | train_session_alignment | [align] bn_statistics_adaptation eegnet      single_sub-029_ses02-to-ses03 seed=2 acc=0.9550 (ntr=160 nval=40 nte=200)
2026-06-09 11:55:46 | INFO    | train_session_alignment | [align] bn_statistics_adaptation eegnet      single_sub-029_ses03-to-ses01 seed=2 acc=0.3900 (ntr=160 nval=40 nte=200)
2026-06-09 11:55:59 | INFO    | train_session_alignment | [align] bn_statistics_adaptation eegnet      single_sub-029_ses03-to-ses02 seed=2 acc=0.8000 (ntr=160 nval=40 nte=200)
2026-06-09 11:56:06 | INFO    | train_session_alignment | [align] bn_statistics_adaptation eegnet      single_sub-030_ses01-to-ses02 seed=2 acc=0.8550 (ntr=160 nval=40 nte=200)
2026-06-09 11:56:13 | INFO    | train_session_alignment | [align] bn_statistics_adaptation eegnet      single_sub-030_ses01-to-ses03 seed=2 acc=0.8550 (ntr=160 nval=40 nte=200)
2026-06-09 11:56:21 | INFO    | train_session_alignment | [align] bn_statistics_adaptation eegnet      single_sub-030_ses02-to-ses01 seed=2 acc=0.5000 (ntr=160 nval=40 nte=200)
2026-06-09 11:56:29 | INFO    | train_session_alignment | [align] bn_statistics_adaptation eegnet      single_sub-030_ses02-to-ses03 seed=2 acc=0.8600 (ntr=160 nval=40 nte=200)
2026-06-09 11:56:39 | INFO    | train_session_alignment | [align] bn_statistics_adaptation eegnet      single_sub-030_ses03-to-ses01 seed=2 acc=0.5000 (ntr=160 nval=40 nte=200)
2026-06-09 11:56:50 | INFO    | train_session_alignment | [align] bn_statistics_adaptation eegnet      single_sub-030_ses03-to-ses02 seed=2 acc=0.8800 (ntr=160 nval=40 nte=200)
2026-06-09 11:56:58 | INFO    | train_session_alignment | [align] bn_statistics_adaptation eegnet      single_sub-031_ses01-to-ses02 seed=2 acc=0.6800 (ntr=160 nval=40 nte=200)
2026-06-09 11:57:06 | INFO    | train_session_alignment | [align] bn_statistics_adaptation eegnet      single_sub-031_ses01-to-ses03 seed=2 acc=0.6600 (ntr=160 nval=40 nte=200)
2026-06-09 11:57:11 | INFO    | train_session_alignment | [align] bn_statistics_adaptation eegnet      single_sub-031_ses02-to-ses01 seed=2 acc=0.7300 (ntr=160 nval=40 nte=200)
2026-06-09 11:57:16 | INFO    | train_session_alignment | [align] bn_statistics_adaptation eegnet      single_sub-031_ses02-to-ses03 seed=2 acc=0.7800 (ntr=160 nval=40 nte=200)
2026-06-09 11:57:22 | INFO    | train_session_alignment | [align] bn_statistics_adaptation eegnet      single_sub-031_ses03-to-ses01 seed=2 acc=0.6800 (ntr=160 nval=40 nte=200)
2026-06-09 11:57:28 | INFO    | train_session_alignment | [align] bn_statistics_adaptation eegnet      single_sub-031_ses03-to-ses02 seed=2 acc=0.7950 (ntr=160 nval=40 nte=200)
2026-06-09 11:57:35 | INFO    | train_session_alignment | [align] bn_statistics_adaptation eegnet      single_sub-032_ses01-to-ses03 seed=2 acc=0.5900 (ntr=160 nval=40 nte=200)
2026-06-09 11:57:41 | INFO    | train_session_alignment | [align] bn_statistics_adaptation eegnet      single_sub-032_ses03-to-ses01 seed=2 acc=0.5150 (ntr=160 nval=40 nte=200)
2026-06-09 11:57:47 | INFO    | train_session_alignment | [align] bn_statistics_adaptation eegnet      single_sub-033_ses01-to-ses02 seed=2 acc=0.9200 (ntr=160 nval=40 nte=200)
2026-06-09 11:57:52 | INFO    | train_session_alignment | [align] bn_statistics_adaptation eegnet      single_sub-033_ses01-to-ses03 seed=2 acc=0.8750 (ntr=160 nval=40 nte=200)
2026-06-09 11:57:57 | INFO    | train_session_alignment | [align] bn_statistics_adaptation eegnet      single_sub-033_ses02-to-ses01 seed=2 acc=0.9000 (ntr=160 nval=40 nte=200)
2026-06-09 11:58:03 | INFO    | train_session_alignment | [align] bn_statistics_adaptation eegnet      single_sub-033_ses02-to-ses03 seed=2 acc=0.8950 (ntr=160 nval=40 nte=200)
2026-06-09 11:58:08 | INFO    | train_session_alignment | [align] bn_statistics_adaptation eegnet      single_sub-033_ses03-to-ses01 seed=2 acc=0.8750 (ntr=160 nval=40 nte=200)
2026-06-09 11:58:14 | INFO    | train_session_alignment | [align] bn_statistics_adaptation eegnet      single_sub-033_ses03-to-ses02 seed=2 acc=0.8850 (ntr=160 nval=40 nte=200)
2026-06-09 11:58:19 | INFO    | train_session_alignment | [align] bn_statistics_adaptation eegnet      single_sub-034_ses01-to-ses02 seed=2 acc=0.7700 (ntr=160 nval=40 nte=200)
2026-06-09 11:58:24 | INFO    | train_session_alignment | [align] bn_statistics_adaptation eegnet      single_sub-034_ses01-to-ses03 seed=2 acc=0.7600 (ntr=160 nval=40 nte=200)
2026-06-09 11:58:36 | INFO    | train_session_alignment | [align] bn_statistics_adaptation eegnet      single_sub-034_ses02-to-ses01 seed=2 acc=0.6350 (ntr=160 nval=40 nte=200)
2026-06-09 11:58:48 | INFO    | train_session_alignment | [align] bn_statistics_adaptation eegnet      single_sub-034_ses02-to-ses03 seed=2 acc=0.8150 (ntr=160 nval=40 nte=200)
2026-06-09 11:58:53 | INFO    | train_session_alignment | [align] bn_statistics_adaptation eegnet      single_sub-034_ses03-to-ses01 seed=2 acc=0.7550 (ntr=160 nval=40 nte=200)
2026-06-09 11:58:59 | INFO    | train_session_alignment | [align] bn_statistics_adaptation eegnet      single_sub-034_ses03-to-ses02 seed=2 acc=0.8950 (ntr=160 nval=40 nte=200)
2026-06-09 11:59:07 | INFO    | train_session_alignment | [align] bn_statistics_adaptation eegnet      single_sub-035_ses01-to-ses02 seed=2 acc=0.9500 (ntr=160 nval=40 nte=200)
2026-06-09 11:59:16 | INFO    | train_session_alignment | [align] bn_statistics_adaptation eegnet      single_sub-035_ses01-to-ses03 seed=2 acc=0.9200 (ntr=160 nval=40 nte=200)
2026-06-09 11:59:25 | INFO    | train_session_alignment | [align] bn_statistics_adaptation eegnet      single_sub-035_ses02-to-ses01 seed=2 acc=0.9500 (ntr=160 nval=40 nte=200)
2026-06-09 11:59:34 | INFO    | train_session_alignment | [align] bn_statistics_adaptation eegnet      single_sub-035_ses02-to-ses03 seed=2 acc=0.9200 (ntr=160 nval=40 nte=200)
2026-06-09 11:59:43 | INFO    | train_session_alignment | [align] bn_statistics_adaptation eegnet      single_sub-035_ses03-to-ses01 seed=2 acc=0.9750 (ntr=160 nval=40 nte=200)
2026-06-09 11:59:52 | INFO    | train_session_alignment | [align] bn_statistics_adaptation eegnet      single_sub-035_ses03-to-ses02 seed=2 acc=0.9100 (ntr=160 nval=40 nte=200)
2026-06-09 12:00:02 | INFO    | train_session_alignment | [align] bn_statistics_adaptation eegnet      single_sub-036_ses01-to-ses02 seed=2 acc=0.9250 (ntr=160 nval=40 nte=200)
2026-06-09 12:00:12 | INFO    | train_session_alignment | [align] bn_statistics_adaptation eegnet      single_sub-036_ses01-to-ses03 seed=2 acc=0.9700 (ntr=160 nval=40 nte=200)
2026-06-09 12:00:27 | INFO    | train_session_alignment | [align] bn_statistics_adaptation eegnet      single_sub-036_ses02-to-ses01 seed=2 acc=0.8650 (ntr=160 nval=40 nte=200)
2026-06-09 12:00:43 | INFO    | train_session_alignment | [align] bn_statistics_adaptation eegnet      single_sub-036_ses02-to-ses03 seed=2 acc=0.9850 (ntr=160 nval=40 nte=200)
2026-06-09 12:00:50 | INFO    | train_session_alignment | [align] bn_statistics_adaptation eegnet      single_sub-036_ses03-to-ses01 seed=2 acc=0.8100 (ntr=160 nval=40 nte=200)
2026-06-09 12:00:57 | INFO    | train_session_alignment | [align] bn_statistics_adaptation eegnet      single_sub-036_ses03-to-ses02 seed=2 acc=0.8300 (ntr=160 nval=40 nte=200)
2026-06-09 12:01:15 | INFO    | train_session_alignment | [align] bn_statistics_adaptation eegnet      single_sub-037_ses01-to-ses02 seed=2 acc=0.8950 (ntr=160 nval=40 nte=200)
2026-06-09 12:01:33 | INFO    | train_session_alignment | [align] bn_statistics_adaptation eegnet      single_sub-037_ses01-to-ses03 seed=2 acc=0.8350 (ntr=160 nval=40 nte=200)
2026-06-09 12:01:38 | INFO    | train_session_alignment | [align] bn_statistics_adaptation eegnet      single_sub-037_ses02-to-ses01 seed=2 acc=0.5400 (ntr=160 nval=40 nte=200)
2026-06-09 12:01:43 | INFO    | train_session_alignment | [align] bn_statistics_adaptation eegnet      single_sub-037_ses02-to-ses03 seed=2 acc=0.8550 (ntr=160 nval=40 nte=200)
2026-06-09 12:01:48 | INFO    | train_session_alignment | [align] bn_statistics_adaptation eegnet      single_sub-037_ses03-to-ses01 seed=2 acc=0.5100 (ntr=160 nval=40 nte=200)
2026-06-09 12:01:53 | INFO    | train_session_alignment | [align] bn_statistics_adaptation eegnet      single_sub-037_ses03-to-ses02 seed=2 acc=0.9150 (ntr=160 nval=40 nte=200)
2026-06-09 12:01:57 | INFO    | train_session_alignment | [align] bn_statistics_adaptation eegnet      single_sub-038_ses01-to-ses02 seed=2 acc=0.4700 (ntr=160 nval=40 nte=200)
2026-06-09 12:02:02 | INFO    | train_session_alignment | [align] bn_statistics_adaptation eegnet      single_sub-038_ses01-to-ses03 seed=2 acc=0.4650 (ntr=160 nval=40 nte=200)
2026-06-09 12:02:14 | INFO    | train_session_alignment | [align] bn_statistics_adaptation eegnet      single_sub-038_ses02-to-ses01 seed=2 acc=0.5000 (ntr=160 nval=40 nte=200)
2026-06-09 12:02:25 | INFO    | train_session_alignment | [align] bn_statistics_adaptation eegnet      single_sub-038_ses02-to-ses03 seed=2 acc=0.5000 (ntr=160 nval=40 nte=200)
2026-06-09 12:02:44 | INFO    | train_session_alignment | [align] bn_statistics_adaptation eegnet      single_sub-038_ses03-to-ses01 seed=2 acc=0.5350 (ntr=160 nval=40 nte=200)
2026-06-09 12:03:02 | INFO    | train_session_alignment | [align] bn_statistics_adaptation eegnet      single_sub-038_ses03-to-ses02 seed=2 acc=0.4250 (ntr=160 nval=40 nte=200)
2026-06-09 12:03:13 | INFO    | train_session_alignment | [align] bn_statistics_adaptation eegnet      single_sub-039_ses01-to-ses02 seed=2 acc=0.4100 (ntr=160 nval=40 nte=200)
2026-06-09 12:03:23 | INFO    | train_session_alignment | [align] bn_statistics_adaptation eegnet      single_sub-039_ses01-to-ses03 seed=2 acc=0.4500 (ntr=160 nval=40 nte=200)
2026-06-09 12:03:29 | INFO    | train_session_alignment | [align] bn_statistics_adaptation eegnet      single_sub-039_ses02-to-ses01 seed=2 acc=0.4050 (ntr=160 nval=40 nte=200)
2026-06-09 12:03:34 | INFO    | train_session_alignment | [align] bn_statistics_adaptation eegnet      single_sub-039_ses02-to-ses03 seed=2 acc=0.5500 (ntr=160 nval=40 nte=200)
2026-06-09 12:03:41 | INFO    | train_session_alignment | [align] bn_statistics_adaptation eegnet      single_sub-039_ses03-to-ses01 seed=2 acc=0.4850 (ntr=160 nval=40 nte=200)
2026-06-09 12:03:48 | INFO    | train_session_alignment | [align] bn_statistics_adaptation eegnet      single_sub-039_ses03-to-ses02 seed=2 acc=0.6050 (ntr=160 nval=40 nte=200)
2026-06-09 12:03:52 | INFO    | train_session_alignment | [align] bn_statistics_adaptation eegnet      single_sub-040_ses01-to-ses02 seed=2 acc=0.5550 (ntr=160 nval=40 nte=200)
2026-06-09 12:03:57 | INFO    | train_session_alignment | [align] bn_statistics_adaptation eegnet      single_sub-040_ses01-to-ses03 seed=2 acc=0.6500 (ntr=160 nval=40 nte=200)
2026-06-09 12:04:03 | INFO    | train_session_alignment | [align] bn_statistics_adaptation eegnet      single_sub-040_ses02-to-ses01 seed=2 acc=0.6250 (ntr=160 nval=40 nte=200)
2026-06-09 12:04:09 | INFO    | train_session_alignment | [align] bn_statistics_adaptation eegnet      single_sub-040_ses02-to-ses03 seed=2 acc=0.7400 (ntr=160 nval=40 nte=200)
2026-06-09 12:04:17 | INFO    | train_session_alignment | [align] bn_statistics_adaptation eegnet      single_sub-040_ses03-to-ses01 seed=2 acc=0.7150 (ntr=160 nval=40 nte=200)
2026-06-09 12:04:25 | INFO    | train_session_alignment | [align] bn_statistics_adaptation eegnet      single_sub-040_ses03-to-ses02 seed=2 acc=0.6400 (ntr=160 nval=40 nte=200)
2026-06-09 12:04:36 | INFO    | train_session_alignment | [align] bn_statistics_adaptation eegnet      single_sub-041_ses01-to-ses02 seed=2 acc=0.8200 (ntr=160 nval=40 nte=200)
2026-06-09 12:04:48 | INFO    | train_session_alignment | [align] bn_statistics_adaptation eegnet      single_sub-041_ses01-to-ses03 seed=2 acc=0.8300 (ntr=160 nval=40 nte=200)
2026-06-09 12:04:54 | INFO    | train_session_alignment | [align] bn_statistics_adaptation eegnet      single_sub-041_ses02-to-ses01 seed=2 acc=0.8800 (ntr=160 nval=40 nte=200)
2026-06-09 12:05:00 | INFO    | train_session_alignment | [align] bn_statistics_adaptation eegnet      single_sub-041_ses02-to-ses03 seed=2 acc=0.8800 (ntr=160 nval=40 nte=200)
2026-06-09 12:05:05 | INFO    | train_session_alignment | [align] bn_statistics_adaptation eegnet      single_sub-041_ses03-to-ses01 seed=2 acc=0.8600 (ntr=160 nval=40 nte=200)
2026-06-09 12:05:10 | INFO    | train_session_alignment | [align] bn_statistics_adaptation eegnet      single_sub-041_ses03-to-ses02 seed=2 acc=0.8350 (ntr=160 nval=40 nte=200)
2026-06-09 12:05:15 | INFO    | train_session_alignment | [align] bn_statistics_adaptation eegnet      single_sub-042_ses01-to-ses02 seed=2 acc=0.4700 (ntr=160 nval=40 nte=200)
2026-06-09 12:05:19 | INFO    | train_session_alignment | [align] bn_statistics_adaptation eegnet      single_sub-042_ses01-to-ses03 seed=2 acc=0.5950 (ntr=160 nval=40 nte=200)
2026-06-09 12:05:25 | INFO    | train_session_alignment | [align] bn_statistics_adaptation eegnet      single_sub-042_ses02-to-ses01 seed=2 acc=0.5650 (ntr=160 nval=40 nte=200)
2026-06-09 12:05:31 | INFO    | train_session_alignment | [align] bn_statistics_adaptation eegnet      single_sub-042_ses02-to-ses03 seed=2 acc=0.6050 (ntr=160 nval=40 nte=200)
2026-06-09 12:05:37 | INFO    | train_session_alignment | [align] bn_statistics_adaptation eegnet      single_sub-042_ses03-to-ses01 seed=2 acc=0.6850 (ntr=160 nval=40 nte=200)
2026-06-09 12:05:42 | INFO    | train_session_alignment | [align] bn_statistics_adaptation eegnet      single_sub-042_ses03-to-ses02 seed=2 acc=0.5550 (ntr=160 nval=40 nte=200)
2026-06-09 12:05:56 | INFO    | train_session_alignment | [align] bn_statistics_adaptation eegnet      single_sub-043_ses01-to-ses02 seed=2 acc=0.9600 (ntr=160 nval=40 nte=200)
2026-06-09 12:06:10 | INFO    | train_session_alignment | [align] bn_statistics_adaptation eegnet      single_sub-043_ses01-to-ses03 seed=2 acc=0.9100 (ntr=160 nval=40 nte=200)
2026-06-09 12:06:28 | INFO    | train_session_alignment | [align] bn_statistics_adaptation eegnet      single_sub-043_ses02-to-ses01 seed=2 acc=0.9350 (ntr=160 nval=40 nte=200)
2026-06-09 12:06:47 | INFO    | train_session_alignment | [align] bn_statistics_adaptation eegnet      single_sub-043_ses02-to-ses03 seed=2 acc=0.9000 (ntr=160 nval=40 nte=200)
2026-06-09 12:07:01 | INFO    | train_session_alignment | [align] bn_statistics_adaptation eegnet      single_sub-043_ses03-to-ses01 seed=2 acc=0.9700 (ntr=160 nval=40 nte=200)
2026-06-09 12:07:14 | INFO    | train_session_alignment | [align] bn_statistics_adaptation eegnet      single_sub-043_ses03-to-ses02 seed=2 acc=0.9750 (ntr=160 nval=40 nte=200)
2026-06-09 12:07:19 | INFO    | train_session_alignment | [align] bn_statistics_adaptation eegnet      single_sub-044_ses01-to-ses02 seed=2 acc=0.5800 (ntr=160 nval=40 nte=200)
2026-06-09 12:07:24 | INFO    | train_session_alignment | [align] bn_statistics_adaptation eegnet      single_sub-044_ses01-to-ses03 seed=2 acc=0.5850 (ntr=160 nval=40 nte=200)
2026-06-09 12:07:31 | INFO    | train_session_alignment | [align] bn_statistics_adaptation eegnet      single_sub-044_ses02-to-ses01 seed=2 acc=0.6250 (ntr=160 nval=40 nte=200)
2026-06-09 12:07:38 | INFO    | train_session_alignment | [align] bn_statistics_adaptation eegnet      single_sub-044_ses02-to-ses03 seed=2 acc=0.6600 (ntr=160 nval=40 nte=200)
2026-06-09 12:07:45 | INFO    | train_session_alignment | [align] bn_statistics_adaptation eegnet      single_sub-044_ses03-to-ses01 seed=2 acc=0.6600 (ntr=160 nval=40 nte=200)
2026-06-09 12:07:52 | INFO    | train_session_alignment | [align] bn_statistics_adaptation eegnet      single_sub-044_ses03-to-ses02 seed=2 acc=0.7050 (ntr=160 nval=40 nte=200)
2026-06-09 12:08:03 | INFO    | train_session_alignment | [align] bn_statistics_adaptation eegnet      single_sub-045_ses01-to-ses02 seed=2 acc=0.7750 (ntr=160 nval=40 nte=200)
2026-06-09 12:08:14 | INFO    | train_session_alignment | [align] bn_statistics_adaptation eegnet      single_sub-045_ses01-to-ses03 seed=2 acc=0.8700 (ntr=160 nval=40 nte=200)
2026-06-09 12:08:23 | INFO    | train_session_alignment | [align] bn_statistics_adaptation eegnet      single_sub-045_ses02-to-ses01 seed=2 acc=0.7950 (ntr=160 nval=40 nte=200)
2026-06-09 12:08:33 | INFO    | train_session_alignment | [align] bn_statistics_adaptation eegnet      single_sub-045_ses02-to-ses03 seed=2 acc=0.7700 (ntr=160 nval=40 nte=200)
2026-06-09 12:08:43 | INFO    | train_session_alignment | [align] bn_statistics_adaptation eegnet      single_sub-045_ses03-to-ses01 seed=2 acc=0.7750 (ntr=160 nval=40 nte=200)
2026-06-09 12:08:53 | INFO    | train_session_alignment | [align] bn_statistics_adaptation eegnet      single_sub-045_ses03-to-ses02 seed=2 acc=0.6650 (ntr=160 nval=40 nte=200)
2026-06-09 12:09:11 | INFO    | train_session_alignment | [align] bn_statistics_adaptation eegnet      single_sub-046_ses01-to-ses02 seed=2 acc=0.9850 (ntr=160 nval=40 nte=200)
2026-06-09 12:09:28 | INFO    | train_session_alignment | [align] bn_statistics_adaptation eegnet      single_sub-046_ses01-to-ses03 seed=2 acc=0.9450 (ntr=160 nval=40 nte=200)
2026-06-09 12:09:37 | INFO    | train_session_alignment | [align] bn_statistics_adaptation eegnet      single_sub-046_ses02-to-ses01 seed=2 acc=0.9300 (ntr=160 nval=40 nte=200)
2026-06-09 12:09:46 | INFO    | train_session_alignment | [align] bn_statistics_adaptation eegnet      single_sub-046_ses02-to-ses03 seed=2 acc=0.9100 (ntr=160 nval=40 nte=200)
2026-06-09 12:09:55 | INFO    | train_session_alignment | [align] bn_statistics_adaptation eegnet      single_sub-046_ses03-to-ses01 seed=2 acc=0.9700 (ntr=160 nval=40 nte=200)
2026-06-09 12:10:04 | INFO    | train_session_alignment | [align] bn_statistics_adaptation eegnet      single_sub-046_ses03-to-ses02 seed=2 acc=0.9600 (ntr=160 nval=40 nte=200)
2026-06-09 12:10:17 | INFO    | train_session_alignment | [align] bn_statistics_adaptation eegnet      single_sub-047_ses01-to-ses02 seed=2 acc=0.8200 (ntr=160 nval=40 nte=200)
2026-06-09 12:10:29 | INFO    | train_session_alignment | [align] bn_statistics_adaptation eegnet      single_sub-047_ses01-to-ses03 seed=2 acc=0.7950 (ntr=160 nval=40 nte=200)
2026-06-09 12:10:38 | INFO    | train_session_alignment | [align] bn_statistics_adaptation eegnet      single_sub-047_ses02-to-ses01 seed=2 acc=0.8400 (ntr=160 nval=40 nte=200)
2026-06-09 12:10:48 | INFO    | train_session_alignment | [align] bn_statistics_adaptation eegnet      single_sub-047_ses02-to-ses03 seed=2 acc=0.7150 (ntr=160 nval=40 nte=200)
2026-06-09 12:10:58 | INFO    | train_session_alignment | [align] bn_statistics_adaptation eegnet      single_sub-047_ses03-to-ses01 seed=2 acc=0.8600 (ntr=160 nval=40 nte=200)
2026-06-09 12:11:09 | INFO    | train_session_alignment | [align] bn_statistics_adaptation eegnet      single_sub-047_ses03-to-ses02 seed=2 acc=0.8650 (ntr=160 nval=40 nte=200)
2026-06-09 12:11:14 | INFO    | train_session_alignment | [align] bn_statistics_adaptation eegnet      single_sub-048_ses01-to-ses02 seed=2 acc=0.8700 (ntr=160 nval=40 nte=200)
2026-06-09 12:11:20 | INFO    | train_session_alignment | [align] bn_statistics_adaptation eegnet      single_sub-048_ses01-to-ses03 seed=2 acc=0.7900 (ntr=160 nval=40 nte=200)
2026-06-09 12:11:31 | INFO    | train_session_alignment | [align] bn_statistics_adaptation eegnet      single_sub-048_ses02-to-ses01 seed=2 acc=0.7950 (ntr=160 nval=40 nte=200)
2026-06-09 12:11:43 | INFO    | train_session_alignment | [align] bn_statistics_adaptation eegnet      single_sub-048_ses02-to-ses03 seed=2 acc=0.7750 (ntr=160 nval=40 nte=200)
2026-06-09 12:11:52 | INFO    | train_session_alignment | [align] bn_statistics_adaptation eegnet      single_sub-048_ses03-to-ses01 seed=2 acc=0.6750 (ntr=160 nval=40 nte=200)
2026-06-09 12:12:01 | INFO    | train_session_alignment | [align] bn_statistics_adaptation eegnet      single_sub-048_ses03-to-ses02 seed=2 acc=0.7700 (ntr=160 nval=40 nte=200)
2026-06-09 12:12:13 | INFO    | train_session_alignment | [align] bn_statistics_adaptation eegnet      single_sub-049_ses01-to-ses02 seed=2 acc=0.5600 (ntr=160 nval=40 nte=200)
2026-06-09 12:12:26 | INFO    | train_session_alignment | [align] bn_statistics_adaptation eegnet      single_sub-049_ses01-to-ses03 seed=2 acc=0.5450 (ntr=160 nval=40 nte=200)
2026-06-09 12:12:38 | INFO    | train_session_alignment | [align] bn_statistics_adaptation eegnet      single_sub-049_ses02-to-ses01 seed=2 acc=0.8850 (ntr=160 nval=40 nte=200)
2026-06-09 12:12:50 | INFO    | train_session_alignment | [align] bn_statistics_adaptation eegnet      single_sub-049_ses02-to-ses03 seed=2 acc=0.8500 (ntr=160 nval=40 nte=200)
2026-06-09 12:12:57 | INFO    | train_session_alignment | [align] bn_statistics_adaptation eegnet      single_sub-049_ses03-to-ses01 seed=2 acc=0.7150 (ntr=160 nval=40 nte=200)
2026-06-09 12:13:04 | INFO    | train_session_alignment | [align] bn_statistics_adaptation eegnet      single_sub-049_ses03-to-ses02 seed=2 acc=0.7650 (ntr=160 nval=40 nte=200)
2026-06-09 12:13:21 | INFO    | train_session_alignment | [align] bn_statistics_adaptation eegnet      single_sub-050_ses01-to-ses02 seed=2 acc=0.9200 (ntr=160 nval=40 nte=200)
2026-06-09 12:13:38 | INFO    | train_session_alignment | [align] bn_statistics_adaptation eegnet      single_sub-050_ses01-to-ses03 seed=2 acc=0.9350 (ntr=160 nval=40 nte=200)
2026-06-09 12:13:45 | INFO    | train_session_alignment | [align] bn_statistics_adaptation eegnet      single_sub-050_ses02-to-ses01 seed=2 acc=0.7350 (ntr=160 nval=40 nte=200)
2026-06-09 12:13:52 | INFO    | train_session_alignment | [align] bn_statistics_adaptation eegnet      single_sub-050_ses02-to-ses03 seed=2 acc=0.9400 (ntr=160 nval=40 nte=200)
2026-06-09 12:14:02 | INFO    | train_session_alignment | [align] bn_statistics_adaptation eegnet      single_sub-050_ses03-to-ses01 seed=2 acc=0.7700 (ntr=160 nval=40 nte=200)
2026-06-09 12:14:11 | INFO    | train_session_alignment | [align] bn_statistics_adaptation eegnet      single_sub-050_ses03-to-ses02 seed=2 acc=0.9500 (ntr=160 nval=40 nte=200)
2026-06-09 12:14:17 | INFO    | train_session_alignment | [align] bn_statistics_adaptation eegnet      single_sub-051_ses01-to-ses02 seed=2 acc=0.6500 (ntr=160 nval=40 nte=200)
2026-06-09 12:14:24 | INFO    | train_session_alignment | [align] bn_statistics_adaptation eegnet      single_sub-051_ses01-to-ses03 seed=2 acc=0.8400 (ntr=160 nval=40 nte=200)
2026-06-09 12:14:34 | INFO    | train_session_alignment | [align] bn_statistics_adaptation eegnet      single_sub-051_ses02-to-ses01 seed=2 acc=0.8200 (ntr=160 nval=40 nte=200)
2026-06-09 12:14:44 | INFO    | train_session_alignment | [align] bn_statistics_adaptation eegnet      single_sub-051_ses02-to-ses03 seed=2 acc=0.8700 (ntr=160 nval=40 nte=200)
2026-06-09 12:14:50 | INFO    | train_session_alignment | [align] bn_statistics_adaptation eegnet      single_sub-051_ses03-to-ses01 seed=2 acc=0.8250 (ntr=160 nval=40 nte=200)
2026-06-09 12:14:56 | INFO    | train_session_alignment | [align] bn_statistics_adaptation eegnet      single_sub-051_ses03-to-ses02 seed=2 acc=0.7550 (ntr=160 nval=40 nte=200)
2026-06-09 12:15:08 | INFO    | train_session_alignment | [align] bn_statistics_adaptation eegnet      multi_sub-001_ses01ses02-to-ses03 seed=2 acc=0.9600 (ntr=320 nval=80 nte=200)
2026-06-09 12:15:14 | INFO    | train_session_alignment | [align] bn_statistics_adaptation eegnet      multi_sub-002_ses01ses02-to-ses03 seed=2 acc=0.6700 (ntr=320 nval=80 nte=200)
2026-06-09 12:15:25 | INFO    | train_session_alignment | [align] bn_statistics_adaptation eegnet      multi_sub-003_ses01ses02-to-ses03 seed=2 acc=0.6000 (ntr=320 nval=80 nte=200)
2026-06-09 12:15:31 | INFO    | train_session_alignment | [align] bn_statistics_adaptation eegnet      multi_sub-004_ses01ses02-to-ses03 seed=2 acc=0.4450 (ntr=320 nval=80 nte=200)
2026-06-09 12:15:43 | INFO    | train_session_alignment | [align] bn_statistics_adaptation eegnet      multi_sub-005_ses01ses02-to-ses03 seed=2 acc=0.7650 (ntr=320 nval=80 nte=200)
2026-06-09 12:15:54 | INFO    | train_session_alignment | [align] bn_statistics_adaptation eegnet      multi_sub-006_ses01ses02-to-ses03 seed=2 acc=0.9050 (ntr=320 nval=80 nte=200)
2026-06-09 12:16:04 | INFO    | train_session_alignment | [align] bn_statistics_adaptation eegnet      multi_sub-007_ses01ses02-to-ses03 seed=2 acc=0.8850 (ntr=320 nval=80 nte=200)
2026-06-09 12:16:19 | INFO    | train_session_alignment | [align] bn_statistics_adaptation eegnet      multi_sub-008_ses01ses02-to-ses03 seed=2 acc=0.9100 (ntr=320 nval=80 nte=200)
2026-06-09 12:16:28 | INFO    | train_session_alignment | [align] bn_statistics_adaptation eegnet      multi_sub-009_ses01ses02-to-ses03 seed=2 acc=0.6150 (ntr=320 nval=80 nte=200)
2026-06-09 12:16:35 | INFO    | train_session_alignment | [align] bn_statistics_adaptation eegnet      multi_sub-010_ses01ses02-to-ses03 seed=2 acc=0.5350 (ntr=320 nval=80 nte=200)
2026-06-09 12:16:42 | INFO    | train_session_alignment | [align] bn_statistics_adaptation eegnet      multi_sub-011_ses01ses02-to-ses03 seed=2 acc=0.9350 (ntr=320 nval=80 nte=200)
2026-06-09 12:16:47 | INFO    | train_session_alignment | [align] bn_statistics_adaptation eegnet      multi_sub-012_ses01ses02-to-ses03 seed=2 acc=0.5600 (ntr=320 nval=80 nte=200)
2026-06-09 12:17:00 | INFO    | train_session_alignment | [align] bn_statistics_adaptation eegnet      multi_sub-013_ses01ses02-to-ses03 seed=2 acc=0.7650 (ntr=320 nval=80 nte=200)
2026-06-09 12:17:06 | INFO    | train_session_alignment | [align] bn_statistics_adaptation eegnet      multi_sub-014_ses01ses02-to-ses03 seed=2 acc=0.5300 (ntr=320 nval=80 nte=200)
2026-06-09 12:17:14 | INFO    | train_session_alignment | [align] bn_statistics_adaptation eegnet      multi_sub-015_ses01ses02-to-ses03 seed=2 acc=0.5900 (ntr=320 nval=80 nte=200)
2026-06-09 12:17:21 | INFO    | train_session_alignment | [align] bn_statistics_adaptation eegnet      multi_sub-016_ses01ses02-to-ses03 seed=2 acc=0.5950 (ntr=320 nval=80 nte=200)
2026-06-09 12:17:44 | INFO    | train_session_alignment | [align] bn_statistics_adaptation eegnet      multi_sub-017_ses01ses02-to-ses03 seed=2 acc=0.8000 (ntr=320 nval=80 nte=200)
2026-06-09 12:17:50 | INFO    | train_session_alignment | [align] bn_statistics_adaptation eegnet      multi_sub-018_ses01ses02-to-ses03 seed=2 acc=0.5900 (ntr=320 nval=80 nte=200)
2026-06-09 12:17:56 | INFO    | train_session_alignment | [align] bn_statistics_adaptation eegnet      multi_sub-019_ses01ses02-to-ses03 seed=2 acc=0.7850 (ntr=320 nval=80 nte=200)
2026-06-09 12:18:18 | INFO    | train_session_alignment | [align] bn_statistics_adaptation eegnet      multi_sub-020_ses01ses02-to-ses03 seed=2 acc=0.4850 (ntr=320 nval=80 nte=200)
2026-06-09 12:18:28 | INFO    | train_session_alignment | [align] bn_statistics_adaptation eegnet      multi_sub-021_ses01ses02-to-ses03 seed=2 acc=0.8250 (ntr=320 nval=80 nte=200)
2026-06-09 12:18:39 | INFO    | train_session_alignment | [align] bn_statistics_adaptation eegnet      multi_sub-022_ses01ses02-to-ses03 seed=2 acc=0.7850 (ntr=320 nval=80 nte=200)
2026-06-09 12:18:45 | INFO    | train_session_alignment | [align] bn_statistics_adaptation eegnet      multi_sub-025_ses01ses02-to-ses03 seed=2 acc=0.7950 (ntr=320 nval=80 nte=200)
2026-06-09 12:18:55 | INFO    | train_session_alignment | [align] bn_statistics_adaptation eegnet      multi_sub-027_ses01ses02-to-ses03 seed=2 acc=0.7450 (ntr=320 nval=80 nte=200)
2026-06-09 12:19:03 | INFO    | train_session_alignment | [align] bn_statistics_adaptation eegnet      multi_sub-028_ses01ses02-to-ses03 seed=2 acc=0.4900 (ntr=320 nval=80 nte=200)
2026-06-09 12:19:16 | INFO    | train_session_alignment | [align] bn_statistics_adaptation eegnet      multi_sub-029_ses01ses02-to-ses03 seed=2 acc=0.8700 (ntr=320 nval=80 nte=200)
2026-06-09 12:19:36 | INFO    | train_session_alignment | [align] bn_statistics_adaptation eegnet      multi_sub-030_ses01ses02-to-ses03 seed=2 acc=0.8750 (ntr=320 nval=80 nte=200)
2026-06-09 12:19:47 | INFO    | train_session_alignment | [align] bn_statistics_adaptation eegnet      multi_sub-031_ses01ses02-to-ses03 seed=2 acc=0.7550 (ntr=320 nval=80 nte=200)
2026-06-09 12:19:53 | INFO    | train_session_alignment | [align] bn_statistics_adaptation eegnet      multi_sub-033_ses01ses02-to-ses03 seed=2 acc=0.9200 (ntr=320 nval=80 nte=200)
2026-06-09 12:20:02 | INFO    | train_session_alignment | [align] bn_statistics_adaptation eegnet      multi_sub-034_ses01ses02-to-ses03 seed=2 acc=0.8200 (ntr=320 nval=80 nte=200)
2026-06-09 12:20:21 | INFO    | train_session_alignment | [align] bn_statistics_adaptation eegnet      multi_sub-035_ses01ses02-to-ses03 seed=2 acc=0.9450 (ntr=320 nval=80 nte=200)
2026-06-09 12:20:29 | INFO    | train_session_alignment | [align] bn_statistics_adaptation eegnet      multi_sub-036_ses01ses02-to-ses03 seed=2 acc=0.9800 (ntr=320 nval=80 nte=200)
2026-06-09 12:20:51 | INFO    | train_session_alignment | [align] bn_statistics_adaptation eegnet      multi_sub-037_ses01ses02-to-ses03 seed=2 acc=0.8800 (ntr=320 nval=80 nte=200)
2026-06-09 12:21:04 | INFO    | train_session_alignment | [align] bn_statistics_adaptation eegnet      multi_sub-038_ses01ses02-to-ses03 seed=2 acc=0.5750 (ntr=320 nval=80 nte=200)
2026-06-09 12:21:12 | INFO    | train_session_alignment | [align] bn_statistics_adaptation eegnet      multi_sub-039_ses01ses02-to-ses03 seed=2 acc=0.4750 (ntr=320 nval=80 nte=200)
2026-06-09 12:21:24 | INFO    | train_session_alignment | [align] bn_statistics_adaptation eegnet      multi_sub-040_ses01ses02-to-ses03 seed=2 acc=0.7550 (ntr=320 nval=80 nte=200)
2026-06-09 12:21:32 | INFO    | train_session_alignment | [align] bn_statistics_adaptation eegnet      multi_sub-041_ses01ses02-to-ses03 seed=2 acc=0.8700 (ntr=320 nval=80 nte=200)
2026-06-09 12:21:39 | INFO    | train_session_alignment | [align] bn_statistics_adaptation eegnet      multi_sub-042_ses01ses02-to-ses03 seed=2 acc=0.6600 (ntr=320 nval=80 nte=200)
2026-06-09 12:22:02 | INFO    | train_session_alignment | [align] bn_statistics_adaptation eegnet      multi_sub-043_ses01ses02-to-ses03 seed=2 acc=0.9800 (ntr=320 nval=80 nte=200)
2026-06-09 12:22:08 | INFO    | train_session_alignment | [align] bn_statistics_adaptation eegnet      multi_sub-044_ses01ses02-to-ses03 seed=2 acc=0.6900 (ntr=320 nval=80 nte=200)
2026-06-09 12:22:16 | INFO    | train_session_alignment | [align] bn_statistics_adaptation eegnet      multi_sub-045_ses01ses02-to-ses03 seed=2 acc=0.8850 (ntr=320 nval=80 nte=200)
2026-06-09 12:22:34 | INFO    | train_session_alignment | [align] bn_statistics_adaptation eegnet      multi_sub-046_ses01ses02-to-ses03 seed=2 acc=0.9600 (ntr=320 nval=80 nte=200)
2026-06-09 12:22:47 | INFO    | train_session_alignment | [align] bn_statistics_adaptation eegnet      multi_sub-047_ses01ses02-to-ses03 seed=2 acc=0.8550 (ntr=320 nval=80 nte=200)
2026-06-09 12:22:58 | INFO    | train_session_alignment | [align] bn_statistics_adaptation eegnet      multi_sub-048_ses01ses02-to-ses03 seed=2 acc=0.8300 (ntr=320 nval=80 nte=200)
2026-06-09 12:23:09 | INFO    | train_session_alignment | [align] bn_statistics_adaptation eegnet      multi_sub-049_ses01ses02-to-ses03 seed=2 acc=0.8750 (ntr=320 nval=80 nte=200)
2026-06-09 12:23:17 | INFO    | train_session_alignment | [align] bn_statistics_adaptation eegnet      multi_sub-050_ses01ses02-to-ses03 seed=2 acc=0.9550 (ntr=320 nval=80 nte=200)
2026-06-09 12:23:25 | INFO    | train_session_alignment | [align] bn_statistics_adaptation eegnet      multi_sub-051_ses01ses02-to-ses03 seed=2 acc=0.8950 (ntr=320 nval=80 nte=200)
2026-06-09 12:23:26 | INFO    | train_session_alignment | ALL DONE in 2939.1s | rows=335 ok=335 failed=0 | out=/share/home/yuan/SYX/eeg-mi-online/outputs/experiments/alignment_baseline_v1
Done: Tue Jun  9 12:23:27 CST 2026
