Project: /share/home/yuan/SYX/eeg-mi-online
Env    : mi_torch_cu118
Args   : --methods filterbank_reweighting --models deepconvnet --seeds 0 --protocols single,multi --tag-suffix filterbank_reweighting_deepconvnet_s0
Node   : gpu01 | Start: Tue Jun  9 15:53:20 CST 2026
Tue Jun  9 15:53:20 2026       
+-----------------------------------------------------------------------------------------+
| NVIDIA-SMI 570.153.02             Driver Version: 570.153.02     CUDA Version: 12.8     |
|-----------------------------------------+------------------------+----------------------+
| GPU  Name                 Persistence-M | Bus-Id          Disp.A | Volatile Uncorr. ECC |
| Fan  Temp   Perf          Pwr:Usage/Cap |           Memory-Usage | GPU-Util  Compute M. |
|                                         |                        |               MIG M. |
|=========================================+========================+======================|
|   0  NVIDIA GeForce RTX 4090 D      On  |   00000000:21:00.0 Off |                  Off |
| 30%   43C    P0             65W /  425W |       1MiB /  24564MiB |      0%      Default |
|                                         |                        |                  N/A |
+-----------------------------------------+------------------------+----------------------+
                                                                                         
+-----------------------------------------------------------------------------------------+
| Processes:                                                                              |
|  GPU   GI   CI              PID   Type   Process name                        GPU Memory |
|        ID   ID                                                               Usage      |
|=========================================================================================|
|  No running processes found                                                             |
+-----------------------------------------------------------------------------------------+
[cuda-check] torch=2.7.1+cu118 cuda_build=11.8 cuda_avail=True
2026-06-09 15:53:23 | INFO    | train_session_alignment | device=cuda | cuda={'torch': '2.7.1+cu118', 'cuda_build': '11.8', 'cuda_available': True, 'device': 'cuda', 'device_name': 'NVIDIA GeForce RTX 4090 D'}
2026-06-09 15:53:23 | INFO    | train_session_alignment | loaded 148 ok sessions | methods=['filterbank_reweighting'] | models=['deepconvnet'] | seeds=[0] | groups=['single', 'multi'] | tasks=335
2026-06-09 15:53:40 | INFO    | train_session_alignment | [align] filterbank_reweighting deepconvnet single_sub-001_ses01-to-ses02 seed=0 acc=0.6450 (ntr=160 nval=40 nte=200)
2026-06-09 15:53:55 | INFO    | train_session_alignment | [align] filterbank_reweighting deepconvnet single_sub-001_ses01-to-ses03 seed=0 acc=0.6800 (ntr=160 nval=40 nte=200)
2026-06-09 15:54:07 | INFO    | train_session_alignment | [align] filterbank_reweighting deepconvnet single_sub-001_ses02-to-ses01 seed=0 acc=0.6950 (ntr=160 nval=40 nte=200)
2026-06-09 15:54:19 | INFO    | train_session_alignment | [align] filterbank_reweighting deepconvnet single_sub-001_ses02-to-ses03 seed=0 acc=0.9550 (ntr=160 nval=40 nte=200)
2026-06-09 15:54:34 | INFO    | train_session_alignment | [align] filterbank_reweighting deepconvnet single_sub-001_ses03-to-ses01 seed=0 acc=0.6250 (ntr=160 nval=40 nte=200)
2026-06-09 15:54:49 | INFO    | train_session_alignment | [align] filterbank_reweighting deepconvnet single_sub-001_ses03-to-ses02 seed=0 acc=0.9700 (ntr=160 nval=40 nte=200)
2026-06-09 15:54:58 | INFO    | train_session_alignment | [align] filterbank_reweighting deepconvnet single_sub-002_ses01-to-ses02 seed=0 acc=0.5400 (ntr=160 nval=40 nte=200)
2026-06-09 15:55:08 | INFO    | train_session_alignment | [align] filterbank_reweighting deepconvnet single_sub-002_ses01-to-ses03 seed=0 acc=0.5900 (ntr=160 nval=40 nte=200)
2026-06-09 15:55:17 | INFO    | train_session_alignment | [align] filterbank_reweighting deepconvnet single_sub-002_ses02-to-ses01 seed=0 acc=0.5050 (ntr=160 nval=40 nte=200)
2026-06-09 15:55:25 | INFO    | train_session_alignment | [align] filterbank_reweighting deepconvnet single_sub-002_ses02-to-ses03 seed=0 acc=0.5400 (ntr=160 nval=40 nte=200)
2026-06-09 15:55:37 | INFO    | train_session_alignment | [align] filterbank_reweighting deepconvnet single_sub-002_ses03-to-ses01 seed=0 acc=0.6400 (ntr=160 nval=40 nte=200)
2026-06-09 15:55:49 | INFO    | train_session_alignment | [align] filterbank_reweighting deepconvnet single_sub-002_ses03-to-ses02 seed=0 acc=0.5750 (ntr=160 nval=40 nte=200)
2026-06-09 15:56:02 | INFO    | train_session_alignment | [align] filterbank_reweighting deepconvnet single_sub-003_ses01-to-ses02 seed=0 acc=0.9300 (ntr=160 nval=40 nte=200)
2026-06-09 15:56:16 | INFO    | train_session_alignment | [align] filterbank_reweighting deepconvnet single_sub-003_ses01-to-ses03 seed=0 acc=0.9400 (ntr=160 nval=40 nte=200)
2026-06-09 15:56:29 | INFO    | train_session_alignment | [align] filterbank_reweighting deepconvnet single_sub-003_ses02-to-ses01 seed=0 acc=0.8700 (ntr=160 nval=40 nte=200)
2026-06-09 15:56:42 | INFO    | train_session_alignment | [align] filterbank_reweighting deepconvnet single_sub-003_ses02-to-ses03 seed=0 acc=0.9250 (ntr=160 nval=40 nte=200)
2026-06-09 15:56:51 | INFO    | train_session_alignment | [align] filterbank_reweighting deepconvnet single_sub-003_ses03-to-ses01 seed=0 acc=0.8000 (ntr=160 nval=40 nte=200)
2026-06-09 15:57:00 | INFO    | train_session_alignment | [align] filterbank_reweighting deepconvnet single_sub-003_ses03-to-ses02 seed=0 acc=0.6850 (ntr=160 nval=40 nte=200)
2026-06-09 15:57:07 | INFO    | train_session_alignment | [align] filterbank_reweighting deepconvnet single_sub-004_ses01-to-ses02 seed=0 acc=0.4400 (ntr=160 nval=40 nte=200)
2026-06-09 15:57:14 | INFO    | train_session_alignment | [align] filterbank_reweighting deepconvnet single_sub-004_ses01-to-ses03 seed=0 acc=0.5150 (ntr=160 nval=40 nte=200)
2026-06-09 15:57:21 | INFO    | train_session_alignment | [align] filterbank_reweighting deepconvnet single_sub-004_ses02-to-ses01 seed=0 acc=0.5200 (ntr=160 nval=40 nte=200)
2026-06-09 15:57:29 | INFO    | train_session_alignment | [align] filterbank_reweighting deepconvnet single_sub-004_ses02-to-ses03 seed=0 acc=0.4400 (ntr=160 nval=40 nte=200)
2026-06-09 15:57:39 | INFO    | train_session_alignment | [align] filterbank_reweighting deepconvnet single_sub-004_ses03-to-ses01 seed=0 acc=0.5000 (ntr=160 nval=40 nte=200)
2026-06-09 15:57:49 | INFO    | train_session_alignment | [align] filterbank_reweighting deepconvnet single_sub-004_ses03-to-ses02 seed=0 acc=0.4900 (ntr=160 nval=40 nte=200)
2026-06-09 15:58:02 | INFO    | train_session_alignment | [align] filterbank_reweighting deepconvnet single_sub-005_ses01-to-ses02 seed=0 acc=0.8300 (ntr=160 nval=40 nte=200)
2026-06-09 15:58:16 | INFO    | train_session_alignment | [align] filterbank_reweighting deepconvnet single_sub-005_ses01-to-ses03 seed=0 acc=0.7800 (ntr=160 nval=40 nte=200)
2026-06-09 15:58:35 | INFO    | train_session_alignment | [align] filterbank_reweighting deepconvnet single_sub-005_ses02-to-ses01 seed=0 acc=0.8200 (ntr=160 nval=40 nte=200)
2026-06-09 15:58:54 | INFO    | train_session_alignment | [align] filterbank_reweighting deepconvnet single_sub-005_ses02-to-ses03 seed=0 acc=0.7900 (ntr=160 nval=40 nte=200)
2026-06-09 15:59:06 | INFO    | train_session_alignment | [align] filterbank_reweighting deepconvnet single_sub-005_ses03-to-ses01 seed=0 acc=0.8500 (ntr=160 nval=40 nte=200)
2026-06-09 15:59:19 | INFO    | train_session_alignment | [align] filterbank_reweighting deepconvnet single_sub-005_ses03-to-ses02 seed=0 acc=0.8200 (ntr=160 nval=40 nte=200)
2026-06-09 15:59:29 | INFO    | train_session_alignment | [align] filterbank_reweighting deepconvnet single_sub-006_ses01-to-ses02 seed=0 acc=0.9350 (ntr=160 nval=40 nte=200)
2026-06-09 15:59:39 | INFO    | train_session_alignment | [align] filterbank_reweighting deepconvnet single_sub-006_ses01-to-ses03 seed=0 acc=0.8950 (ntr=160 nval=40 nte=200)
2026-06-09 15:59:48 | INFO    | train_session_alignment | [align] filterbank_reweighting deepconvnet single_sub-006_ses02-to-ses01 seed=0 acc=0.6550 (ntr=160 nval=40 nte=200)
2026-06-09 15:59:57 | INFO    | train_session_alignment | [align] filterbank_reweighting deepconvnet single_sub-006_ses02-to-ses03 seed=0 acc=0.8100 (ntr=160 nval=40 nte=200)
2026-06-09 16:00:09 | INFO    | train_session_alignment | [align] filterbank_reweighting deepconvnet single_sub-006_ses03-to-ses01 seed=0 acc=0.6900 (ntr=160 nval=40 nte=200)
2026-06-09 16:00:19 | INFO    | train_session_alignment | [align] filterbank_reweighting deepconvnet single_sub-006_ses03-to-ses02 seed=0 acc=0.8800 (ntr=160 nval=40 nte=200)
2026-06-09 16:00:28 | INFO    | train_session_alignment | [align] filterbank_reweighting deepconvnet single_sub-007_ses01-to-ses02 seed=0 acc=0.5550 (ntr=160 nval=40 nte=200)
2026-06-09 16:00:37 | INFO    | train_session_alignment | [align] filterbank_reweighting deepconvnet single_sub-007_ses01-to-ses03 seed=0 acc=0.4950 (ntr=160 nval=40 nte=200)
2026-06-09 16:00:45 | INFO    | train_session_alignment | [align] filterbank_reweighting deepconvnet single_sub-007_ses02-to-ses01 seed=0 acc=0.4550 (ntr=160 nval=40 nte=200)
2026-06-09 16:00:53 | INFO    | train_session_alignment | [align] filterbank_reweighting deepconvnet single_sub-007_ses02-to-ses03 seed=0 acc=0.5050 (ntr=160 nval=40 nte=200)
2026-06-09 16:01:05 | INFO    | train_session_alignment | [align] filterbank_reweighting deepconvnet single_sub-007_ses03-to-ses01 seed=0 acc=0.5600 (ntr=160 nval=40 nte=200)
2026-06-09 16:01:17 | INFO    | train_session_alignment | [align] filterbank_reweighting deepconvnet single_sub-007_ses03-to-ses02 seed=0 acc=0.6100 (ntr=160 nval=40 nte=200)
2026-06-09 16:01:28 | INFO    | train_session_alignment | [align] filterbank_reweighting deepconvnet single_sub-008_ses01-to-ses02 seed=0 acc=0.5850 (ntr=160 nval=40 nte=200)
2026-06-09 16:01:39 | INFO    | train_session_alignment | [align] filterbank_reweighting deepconvnet single_sub-008_ses01-to-ses03 seed=0 acc=0.5600 (ntr=160 nval=40 nte=200)
2026-06-09 16:01:51 | INFO    | train_session_alignment | [align] filterbank_reweighting deepconvnet single_sub-008_ses02-to-ses01 seed=0 acc=0.6350 (ntr=160 nval=40 nte=200)
2026-06-09 16:02:03 | INFO    | train_session_alignment | [align] filterbank_reweighting deepconvnet single_sub-008_ses02-to-ses03 seed=0 acc=0.8850 (ntr=160 nval=40 nte=200)
2026-06-09 16:02:20 | INFO    | train_session_alignment | [align] filterbank_reweighting deepconvnet single_sub-008_ses03-to-ses01 seed=0 acc=0.6450 (ntr=160 nval=40 nte=200)
2026-06-09 16:02:38 | INFO    | train_session_alignment | [align] filterbank_reweighting deepconvnet single_sub-008_ses03-to-ses02 seed=0 acc=0.8700 (ntr=160 nval=40 nte=200)
2026-06-09 16:02:46 | INFO    | train_session_alignment | [align] filterbank_reweighting deepconvnet single_sub-009_ses01-to-ses02 seed=0 acc=0.5600 (ntr=160 nval=40 nte=200)
2026-06-09 16:02:54 | INFO    | train_session_alignment | [align] filterbank_reweighting deepconvnet single_sub-009_ses01-to-ses03 seed=0 acc=0.4950 (ntr=160 nval=40 nte=200)
2026-06-09 16:03:01 | INFO    | train_session_alignment | [align] filterbank_reweighting deepconvnet single_sub-009_ses02-to-ses01 seed=0 acc=0.5450 (ntr=160 nval=40 nte=200)
2026-06-09 16:03:09 | INFO    | train_session_alignment | [align] filterbank_reweighting deepconvnet single_sub-009_ses02-to-ses03 seed=0 acc=0.5150 (ntr=160 nval=40 nte=200)
2026-06-09 16:03:18 | INFO    | train_session_alignment | [align] filterbank_reweighting deepconvnet single_sub-009_ses03-to-ses01 seed=0 acc=0.5250 (ntr=160 nval=40 nte=200)
2026-06-09 16:03:26 | INFO    | train_session_alignment | [align] filterbank_reweighting deepconvnet single_sub-009_ses03-to-ses02 seed=0 acc=0.4950 (ntr=160 nval=40 nte=200)
2026-06-09 16:03:34 | INFO    | train_session_alignment | [align] filterbank_reweighting deepconvnet single_sub-010_ses01-to-ses02 seed=0 acc=0.5300 (ntr=160 nval=40 nte=200)
2026-06-09 16:03:42 | INFO    | train_session_alignment | [align] filterbank_reweighting deepconvnet single_sub-010_ses01-to-ses03 seed=0 acc=0.5800 (ntr=160 nval=40 nte=200)
2026-06-09 16:03:49 | INFO    | train_session_alignment | [align] filterbank_reweighting deepconvnet single_sub-010_ses02-to-ses01 seed=0 acc=0.5050 (ntr=160 nval=40 nte=200)
2026-06-09 16:03:56 | INFO    | train_session_alignment | [align] filterbank_reweighting deepconvnet single_sub-010_ses02-to-ses03 seed=0 acc=0.5000 (ntr=160 nval=40 nte=200)
2026-06-09 16:04:08 | INFO    | train_session_alignment | [align] filterbank_reweighting deepconvnet single_sub-010_ses03-to-ses01 seed=0 acc=0.5850 (ntr=160 nval=40 nte=200)
2026-06-09 16:04:21 | INFO    | train_session_alignment | [align] filterbank_reweighting deepconvnet single_sub-010_ses03-to-ses02 seed=0 acc=0.6200 (ntr=160 nval=40 nte=200)
2026-06-09 16:04:31 | INFO    | train_session_alignment | [align] filterbank_reweighting deepconvnet single_sub-011_ses01-to-ses02 seed=0 acc=0.6550 (ntr=160 nval=40 nte=200)
2026-06-09 16:04:41 | INFO    | train_session_alignment | [align] filterbank_reweighting deepconvnet single_sub-011_ses01-to-ses03 seed=0 acc=0.5900 (ntr=160 nval=40 nte=200)
2026-06-09 16:04:48 | INFO    | train_session_alignment | [align] filterbank_reweighting deepconvnet single_sub-011_ses02-to-ses01 seed=0 acc=0.5650 (ntr=160 nval=40 nte=200)
2026-06-09 16:04:54 | INFO    | train_session_alignment | [align] filterbank_reweighting deepconvnet single_sub-011_ses02-to-ses03 seed=0 acc=0.5300 (ntr=160 nval=40 nte=200)
2026-06-09 16:05:04 | INFO    | train_session_alignment | [align] filterbank_reweighting deepconvnet single_sub-011_ses03-to-ses01 seed=0 acc=0.6600 (ntr=160 nval=40 nte=200)
2026-06-09 16:05:14 | INFO    | train_session_alignment | [align] filterbank_reweighting deepconvnet single_sub-011_ses03-to-ses02 seed=0 acc=0.5950 (ntr=160 nval=40 nte=200)
2026-06-09 16:05:22 | INFO    | train_session_alignment | [align] filterbank_reweighting deepconvnet single_sub-012_ses01-to-ses02 seed=0 acc=0.5550 (ntr=160 nval=40 nte=200)
2026-06-09 16:05:30 | INFO    | train_session_alignment | [align] filterbank_reweighting deepconvnet single_sub-012_ses01-to-ses03 seed=0 acc=0.4550 (ntr=160 nval=40 nte=200)
2026-06-09 16:05:37 | INFO    | train_session_alignment | [align] filterbank_reweighting deepconvnet single_sub-012_ses02-to-ses01 seed=0 acc=0.5150 (ntr=160 nval=40 nte=200)
2026-06-09 16:05:44 | INFO    | train_session_alignment | [align] filterbank_reweighting deepconvnet single_sub-012_ses02-to-ses03 seed=0 acc=0.5000 (ntr=160 nval=40 nte=200)
2026-06-09 16:05:54 | INFO    | train_session_alignment | [align] filterbank_reweighting deepconvnet single_sub-012_ses03-to-ses01 seed=0 acc=0.5450 (ntr=160 nval=40 nte=200)
2026-06-09 16:06:03 | INFO    | train_session_alignment | [align] filterbank_reweighting deepconvnet single_sub-012_ses03-to-ses02 seed=0 acc=0.5400 (ntr=160 nval=40 nte=200)
2026-06-09 16:06:12 | INFO    | train_session_alignment | [align] filterbank_reweighting deepconvnet single_sub-013_ses01-to-ses02 seed=0 acc=0.4850 (ntr=160 nval=40 nte=200)
2026-06-09 16:06:22 | INFO    | train_session_alignment | [align] filterbank_reweighting deepconvnet single_sub-013_ses01-to-ses03 seed=0 acc=0.5050 (ntr=160 nval=40 nte=200)
2026-06-09 16:06:29 | INFO    | train_session_alignment | [align] filterbank_reweighting deepconvnet single_sub-013_ses02-to-ses01 seed=0 acc=0.5050 (ntr=160 nval=40 nte=200)
2026-06-09 16:06:37 | INFO    | train_session_alignment | [align] filterbank_reweighting deepconvnet single_sub-013_ses02-to-ses03 seed=0 acc=0.4950 (ntr=160 nval=40 nte=200)
2026-06-09 16:06:48 | INFO    | train_session_alignment | [align] filterbank_reweighting deepconvnet single_sub-013_ses03-to-ses01 seed=0 acc=0.8000 (ntr=160 nval=40 nte=200)
2026-06-09 16:07:00 | INFO    | train_session_alignment | [align] filterbank_reweighting deepconvnet single_sub-013_ses03-to-ses02 seed=0 acc=0.4900 (ntr=160 nval=40 nte=200)
2026-06-09 16:07:12 | INFO    | train_session_alignment | [align] filterbank_reweighting deepconvnet single_sub-014_ses01-to-ses02 seed=0 acc=0.4450 (ntr=160 nval=40 nte=200)
2026-06-09 16:07:23 | INFO    | train_session_alignment | [align] filterbank_reweighting deepconvnet single_sub-014_ses01-to-ses03 seed=0 acc=0.5150 (ntr=160 nval=40 nte=200)
2026-06-09 16:07:32 | INFO    | train_session_alignment | [align] filterbank_reweighting deepconvnet single_sub-014_ses02-to-ses01 seed=0 acc=0.5000 (ntr=160 nval=40 nte=200)
2026-06-09 16:07:41 | INFO    | train_session_alignment | [align] filterbank_reweighting deepconvnet single_sub-014_ses02-to-ses03 seed=0 acc=0.5000 (ntr=160 nval=40 nte=200)
2026-06-09 16:07:48 | INFO    | train_session_alignment | [align] filterbank_reweighting deepconvnet single_sub-014_ses03-to-ses01 seed=0 acc=0.5000 (ntr=160 nval=40 nte=200)
2026-06-09 16:07:55 | INFO    | train_session_alignment | [align] filterbank_reweighting deepconvnet single_sub-014_ses03-to-ses02 seed=0 acc=0.4900 (ntr=160 nval=40 nte=200)
2026-06-09 16:08:02 | INFO    | train_session_alignment | [align] filterbank_reweighting deepconvnet single_sub-015_ses01-to-ses02 seed=0 acc=0.5850 (ntr=160 nval=40 nte=200)
2026-06-09 16:08:09 | INFO    | train_session_alignment | [align] filterbank_reweighting deepconvnet single_sub-015_ses01-to-ses03 seed=0 acc=0.5350 (ntr=160 nval=40 nte=200)
2026-06-09 16:08:25 | INFO    | train_session_alignment | [align] filterbank_reweighting deepconvnet single_sub-015_ses02-to-ses01 seed=0 acc=0.5900 (ntr=160 nval=40 nte=200)
2026-06-09 16:08:41 | INFO    | train_session_alignment | [align] filterbank_reweighting deepconvnet single_sub-015_ses02-to-ses03 seed=0 acc=0.5400 (ntr=160 nval=40 nte=200)
2026-06-09 16:08:52 | INFO    | train_session_alignment | [align] filterbank_reweighting deepconvnet single_sub-015_ses03-to-ses01 seed=0 acc=0.6000 (ntr=160 nval=40 nte=200)
2026-06-09 16:09:02 | INFO    | train_session_alignment | [align] filterbank_reweighting deepconvnet single_sub-015_ses03-to-ses02 seed=0 acc=0.6000 (ntr=160 nval=40 nte=200)
2026-06-09 16:09:12 | INFO    | train_session_alignment | [align] filterbank_reweighting deepconvnet single_sub-016_ses01-to-ses02 seed=0 acc=0.5150 (ntr=160 nval=40 nte=200)
2026-06-09 16:09:22 | INFO    | train_session_alignment | [align] filterbank_reweighting deepconvnet single_sub-016_ses01-to-ses03 seed=0 acc=0.5200 (ntr=160 nval=40 nte=200)
2026-06-09 16:09:29 | INFO    | train_session_alignment | [align] filterbank_reweighting deepconvnet single_sub-016_ses02-to-ses01 seed=0 acc=0.5450 (ntr=160 nval=40 nte=200)
2026-06-09 16:09:36 | INFO    | train_session_alignment | [align] filterbank_reweighting deepconvnet single_sub-016_ses02-to-ses03 seed=0 acc=0.4900 (ntr=160 nval=40 nte=200)
2026-06-09 16:09:44 | INFO    | train_session_alignment | [align] filterbank_reweighting deepconvnet single_sub-016_ses03-to-ses01 seed=0 acc=0.5350 (ntr=160 nval=40 nte=200)
2026-06-09 16:09:52 | INFO    | train_session_alignment | [align] filterbank_reweighting deepconvnet single_sub-016_ses03-to-ses02 seed=0 acc=0.4550 (ntr=160 nval=40 nte=200)
2026-06-09 16:10:03 | INFO    | train_session_alignment | [align] filterbank_reweighting deepconvnet single_sub-017_ses01-to-ses02 seed=0 acc=0.7200 (ntr=160 nval=40 nte=200)
2026-06-09 16:10:14 | INFO    | train_session_alignment | [align] filterbank_reweighting deepconvnet single_sub-017_ses01-to-ses03 seed=0 acc=0.6450 (ntr=160 nval=40 nte=200)
2026-06-09 16:10:26 | INFO    | train_session_alignment | [align] filterbank_reweighting deepconvnet single_sub-017_ses02-to-ses01 seed=0 acc=0.8000 (ntr=160 nval=40 nte=200)
2026-06-09 16:10:37 | INFO    | train_session_alignment | [align] filterbank_reweighting deepconvnet single_sub-017_ses02-to-ses03 seed=0 acc=0.8950 (ntr=160 nval=40 nte=200)
2026-06-09 16:10:52 | INFO    | train_session_alignment | [align] filterbank_reweighting deepconvnet single_sub-017_ses03-to-ses01 seed=0 acc=0.5500 (ntr=160 nval=40 nte=200)
2026-06-09 16:11:07 | INFO    | train_session_alignment | [align] filterbank_reweighting deepconvnet single_sub-017_ses03-to-ses02 seed=0 acc=0.8100 (ntr=160 nval=40 nte=200)
2026-06-09 16:11:15 | INFO    | train_session_alignment | [align] filterbank_reweighting deepconvnet single_sub-018_ses01-to-ses02 seed=0 acc=0.5400 (ntr=160 nval=40 nte=200)
2026-06-09 16:11:22 | INFO    | train_session_alignment | [align] filterbank_reweighting deepconvnet single_sub-018_ses01-to-ses03 seed=0 acc=0.4650 (ntr=160 nval=40 nte=200)
2026-06-09 16:11:29 | INFO    | train_session_alignment | [align] filterbank_reweighting deepconvnet single_sub-018_ses02-to-ses01 seed=0 acc=0.5000 (ntr=160 nval=40 nte=200)
2026-06-09 16:11:36 | INFO    | train_session_alignment | [align] filterbank_reweighting deepconvnet single_sub-018_ses02-to-ses03 seed=0 acc=0.4900 (ntr=160 nval=40 nte=200)
2026-06-09 16:11:43 | INFO    | train_session_alignment | [align] filterbank_reweighting deepconvnet single_sub-018_ses03-to-ses01 seed=0 acc=0.4950 (ntr=160 nval=40 nte=200)
2026-06-09 16:11:50 | INFO    | train_session_alignment | [align] filterbank_reweighting deepconvnet single_sub-018_ses03-to-ses02 seed=0 acc=0.4550 (ntr=160 nval=40 nte=200)
2026-06-09 16:12:01 | INFO    | train_session_alignment | [align] filterbank_reweighting deepconvnet single_sub-019_ses01-to-ses02 seed=0 acc=0.5150 (ntr=160 nval=40 nte=200)
2026-06-09 16:12:13 | INFO    | train_session_alignment | [align] filterbank_reweighting deepconvnet single_sub-019_ses01-to-ses03 seed=0 acc=0.6700 (ntr=160 nval=40 nte=200)
2026-06-09 16:12:23 | INFO    | train_session_alignment | [align] filterbank_reweighting deepconvnet single_sub-019_ses02-to-ses01 seed=0 acc=0.4900 (ntr=160 nval=40 nte=200)
2026-06-09 16:12:33 | INFO    | train_session_alignment | [align] filterbank_reweighting deepconvnet single_sub-019_ses02-to-ses03 seed=0 acc=0.4700 (ntr=160 nval=40 nte=200)
2026-06-09 16:12:48 | INFO    | train_session_alignment | [align] filterbank_reweighting deepconvnet single_sub-019_ses03-to-ses01 seed=0 acc=0.5950 (ntr=160 nval=40 nte=200)
2026-06-09 16:13:03 | INFO    | train_session_alignment | [align] filterbank_reweighting deepconvnet single_sub-019_ses03-to-ses02 seed=0 acc=0.8550 (ntr=160 nval=40 nte=200)
2026-06-09 16:13:25 | INFO    | train_session_alignment | [align] filterbank_reweighting deepconvnet single_sub-020_ses01-to-ses02 seed=0 acc=0.8850 (ntr=160 nval=40 nte=200)
2026-06-09 16:13:48 | INFO    | train_session_alignment | [align] filterbank_reweighting deepconvnet single_sub-020_ses01-to-ses03 seed=0 acc=0.4950 (ntr=160 nval=40 nte=200)
2026-06-09 16:14:01 | INFO    | train_session_alignment | [align] filterbank_reweighting deepconvnet single_sub-020_ses02-to-ses01 seed=0 acc=0.8350 (ntr=160 nval=40 nte=200)
2026-06-09 16:14:14 | INFO    | train_session_alignment | [align] filterbank_reweighting deepconvnet single_sub-020_ses02-to-ses03 seed=0 acc=0.3200 (ntr=160 nval=40 nte=200)
2026-06-09 16:14:28 | INFO    | train_session_alignment | [align] filterbank_reweighting deepconvnet single_sub-020_ses03-to-ses01 seed=0 acc=0.4750 (ntr=160 nval=40 nte=200)
2026-06-09 16:14:43 | INFO    | train_session_alignment | [align] filterbank_reweighting deepconvnet single_sub-020_ses03-to-ses02 seed=0 acc=0.4800 (ntr=160 nval=40 nte=200)
2026-06-09 16:15:01 | INFO    | train_session_alignment | [align] filterbank_reweighting deepconvnet single_sub-021_ses01-to-ses02 seed=0 acc=0.6900 (ntr=160 nval=40 nte=200)
2026-06-09 16:15:18 | INFO    | train_session_alignment | [align] filterbank_reweighting deepconvnet single_sub-021_ses01-to-ses03 seed=0 acc=0.7050 (ntr=160 nval=40 nte=200)
2026-06-09 16:15:26 | INFO    | train_session_alignment | [align] filterbank_reweighting deepconvnet single_sub-021_ses02-to-ses01 seed=0 acc=0.5800 (ntr=160 nval=40 nte=200)
2026-06-09 16:15:33 | INFO    | train_session_alignment | [align] filterbank_reweighting deepconvnet single_sub-021_ses02-to-ses03 seed=0 acc=0.5300 (ntr=160 nval=40 nte=200)
2026-06-09 16:15:40 | INFO    | train_session_alignment | [align] filterbank_reweighting deepconvnet single_sub-021_ses03-to-ses01 seed=0 acc=0.5800 (ntr=160 nval=40 nte=200)
2026-06-09 16:15:48 | INFO    | train_session_alignment | [align] filterbank_reweighting deepconvnet single_sub-021_ses03-to-ses02 seed=0 acc=0.4750 (ntr=160 nval=40 nte=200)
2026-06-09 16:15:59 | INFO    | train_session_alignment | [align] filterbank_reweighting deepconvnet single_sub-022_ses01-to-ses02 seed=0 acc=0.5200 (ntr=160 nval=40 nte=200)
2026-06-09 16:16:09 | INFO    | train_session_alignment | [align] filterbank_reweighting deepconvnet single_sub-022_ses01-to-ses03 seed=0 acc=0.5250 (ntr=160 nval=40 nte=200)
2026-06-09 16:16:24 | INFO    | train_session_alignment | [align] filterbank_reweighting deepconvnet single_sub-022_ses02-to-ses01 seed=0 acc=0.5900 (ntr=160 nval=40 nte=200)
2026-06-09 16:16:38 | INFO    | train_session_alignment | [align] filterbank_reweighting deepconvnet single_sub-022_ses02-to-ses03 seed=0 acc=0.8100 (ntr=160 nval=40 nte=200)
2026-06-09 16:16:55 | INFO    | train_session_alignment | [align] filterbank_reweighting deepconvnet single_sub-022_ses03-to-ses01 seed=0 acc=0.5300 (ntr=160 nval=40 nte=200)
2026-06-09 16:17:13 | INFO    | train_session_alignment | [align] filterbank_reweighting deepconvnet single_sub-022_ses03-to-ses02 seed=0 acc=0.7850 (ntr=160 nval=40 nte=200)
2026-06-09 16:17:31 | INFO    | train_session_alignment | [align] filterbank_reweighting deepconvnet single_sub-023_ses02-to-ses03 seed=0 acc=0.9650 (ntr=160 nval=40 nte=200)
2026-06-09 16:17:45 | INFO    | train_session_alignment | [align] filterbank_reweighting deepconvnet single_sub-023_ses03-to-ses02 seed=0 acc=0.8850 (ntr=160 nval=40 nte=200)
2026-06-09 16:17:53 | INFO    | train_session_alignment | [align] filterbank_reweighting deepconvnet single_sub-025_ses01-to-ses02 seed=0 acc=0.4450 (ntr=160 nval=40 nte=200)
2026-06-09 16:18:01 | INFO    | train_session_alignment | [align] filterbank_reweighting deepconvnet single_sub-025_ses01-to-ses03 seed=0 acc=0.4900 (ntr=160 nval=40 nte=200)
2026-06-09 16:18:17 | INFO    | train_session_alignment | [align] filterbank_reweighting deepconvnet single_sub-025_ses02-to-ses01 seed=0 acc=0.5750 (ntr=160 nval=40 nte=200)
2026-06-09 16:18:33 | INFO    | train_session_alignment | [align] filterbank_reweighting deepconvnet single_sub-025_ses02-to-ses03 seed=0 acc=0.7700 (ntr=160 nval=40 nte=200)
2026-06-09 16:18:47 | INFO    | train_session_alignment | [align] filterbank_reweighting deepconvnet single_sub-025_ses03-to-ses01 seed=0 acc=0.6300 (ntr=160 nval=40 nte=200)
2026-06-09 16:19:01 | INFO    | train_session_alignment | [align] filterbank_reweighting deepconvnet single_sub-025_ses03-to-ses02 seed=0 acc=0.7650 (ntr=160 nval=40 nte=200)
2026-06-09 16:19:16 | INFO    | train_session_alignment | [align] filterbank_reweighting deepconvnet single_sub-026_ses02-to-ses03 seed=0 acc=0.6350 (ntr=160 nval=40 nte=200)
2026-06-09 16:19:35 | INFO    | train_session_alignment | [align] filterbank_reweighting deepconvnet single_sub-026_ses03-to-ses02 seed=0 acc=0.8500 (ntr=160 nval=40 nte=200)
2026-06-09 16:19:45 | INFO    | train_session_alignment | [align] filterbank_reweighting deepconvnet single_sub-027_ses01-to-ses02 seed=0 acc=0.5350 (ntr=160 nval=40 nte=200)
2026-06-09 16:19:54 | INFO    | train_session_alignment | [align] filterbank_reweighting deepconvnet single_sub-027_ses01-to-ses03 seed=0 acc=0.5600 (ntr=160 nval=40 nte=200)
2026-06-09 16:20:01 | INFO    | train_session_alignment | [align] filterbank_reweighting deepconvnet single_sub-027_ses02-to-ses01 seed=0 acc=0.5200 (ntr=160 nval=40 nte=200)
2026-06-09 16:20:09 | INFO    | train_session_alignment | [align] filterbank_reweighting deepconvnet single_sub-027_ses02-to-ses03 seed=0 acc=0.5100 (ntr=160 nval=40 nte=200)
2026-06-09 16:20:16 | INFO    | train_session_alignment | [align] filterbank_reweighting deepconvnet single_sub-027_ses03-to-ses01 seed=0 acc=0.5650 (ntr=160 nval=40 nte=200)
2026-06-09 16:20:22 | INFO    | train_session_alignment | [align] filterbank_reweighting deepconvnet single_sub-027_ses03-to-ses02 seed=0 acc=0.4700 (ntr=160 nval=40 nte=200)
2026-06-09 16:20:37 | INFO    | train_session_alignment | [align] filterbank_reweighting deepconvnet single_sub-028_ses01-to-ses02 seed=0 acc=0.6800 (ntr=160 nval=40 nte=200)
2026-06-09 16:20:52 | INFO    | train_session_alignment | [align] filterbank_reweighting deepconvnet single_sub-028_ses01-to-ses03 seed=0 acc=0.6950 (ntr=160 nval=40 nte=200)
2026-06-09 16:21:00 | INFO    | train_session_alignment | [align] filterbank_reweighting deepconvnet single_sub-028_ses02-to-ses01 seed=0 acc=0.5250 (ntr=160 nval=40 nte=200)
2026-06-09 16:21:07 | INFO    | train_session_alignment | [align] filterbank_reweighting deepconvnet single_sub-028_ses02-to-ses03 seed=0 acc=0.6200 (ntr=160 nval=40 nte=200)
2026-06-09 16:21:15 | INFO    | train_session_alignment | [align] filterbank_reweighting deepconvnet single_sub-028_ses03-to-ses01 seed=0 acc=0.5350 (ntr=160 nval=40 nte=200)
2026-06-09 16:21:23 | INFO    | train_session_alignment | [align] filterbank_reweighting deepconvnet single_sub-028_ses03-to-ses02 seed=0 acc=0.5550 (ntr=160 nval=40 nte=200)
2026-06-09 16:21:30 | INFO    | train_session_alignment | [align] filterbank_reweighting deepconvnet single_sub-029_ses01-to-ses02 seed=0 acc=0.4550 (ntr=160 nval=40 nte=200)
2026-06-09 16:21:37 | INFO    | train_session_alignment | [align] filterbank_reweighting deepconvnet single_sub-029_ses01-to-ses03 seed=0 acc=0.4400 (ntr=160 nval=40 nte=200)
2026-06-09 16:22:00 | INFO    | train_session_alignment | [align] filterbank_reweighting deepconvnet single_sub-029_ses02-to-ses01 seed=0 acc=0.8250 (ntr=160 nval=40 nte=200)
2026-06-09 16:22:23 | INFO    | train_session_alignment | [align] filterbank_reweighting deepconvnet single_sub-029_ses02-to-ses03 seed=0 acc=0.9900 (ntr=160 nval=40 nte=200)
2026-06-09 16:22:38 | INFO    | train_session_alignment | [align] filterbank_reweighting deepconvnet single_sub-029_ses03-to-ses01 seed=0 acc=0.8400 (ntr=160 nval=40 nte=200)
2026-06-09 16:22:54 | INFO    | train_session_alignment | [align] filterbank_reweighting deepconvnet single_sub-029_ses03-to-ses02 seed=0 acc=0.9150 (ntr=160 nval=40 nte=200)
2026-06-09 16:23:01 | INFO    | train_session_alignment | [align] filterbank_reweighting deepconvnet single_sub-030_ses01-to-ses02 seed=0 acc=0.5000 (ntr=160 nval=40 nte=200)
2026-06-09 16:23:08 | INFO    | train_session_alignment | [align] filterbank_reweighting deepconvnet single_sub-030_ses01-to-ses03 seed=0 acc=0.5000 (ntr=160 nval=40 nte=200)
2026-06-09 16:23:17 | INFO    | train_session_alignment | [align] filterbank_reweighting deepconvnet single_sub-030_ses02-to-ses01 seed=0 acc=0.5200 (ntr=160 nval=40 nte=200)
2026-06-09 16:23:25 | INFO    | train_session_alignment | [align] filterbank_reweighting deepconvnet single_sub-030_ses02-to-ses03 seed=0 acc=0.6550 (ntr=160 nval=40 nte=200)
2026-06-09 16:23:36 | INFO    | train_session_alignment | [align] filterbank_reweighting deepconvnet single_sub-030_ses03-to-ses01 seed=0 acc=0.5000 (ntr=160 nval=40 nte=200)
2026-06-09 16:23:48 | INFO    | train_session_alignment | [align] filterbank_reweighting deepconvnet single_sub-030_ses03-to-ses02 seed=0 acc=0.5650 (ntr=160 nval=40 nte=200)
2026-06-09 16:24:04 | INFO    | train_session_alignment | [align] filterbank_reweighting deepconvnet single_sub-031_ses01-to-ses02 seed=0 acc=0.5000 (ntr=160 nval=40 nte=200)
2026-06-09 16:24:19 | INFO    | train_session_alignment | [align] filterbank_reweighting deepconvnet single_sub-031_ses01-to-ses03 seed=0 acc=0.5300 (ntr=160 nval=40 nte=200)
2026-06-09 16:24:26 | INFO    | train_session_alignment | [align] filterbank_reweighting deepconvnet single_sub-031_ses02-to-ses01 seed=0 acc=0.5000 (ntr=160 nval=40 nte=200)
2026-06-09 16:24:34 | INFO    | train_session_alignment | [align] filterbank_reweighting deepconvnet single_sub-031_ses02-to-ses03 seed=0 acc=0.5000 (ntr=160 nval=40 nte=200)
2026-06-09 16:24:45 | INFO    | train_session_alignment | [align] filterbank_reweighting deepconvnet single_sub-031_ses03-to-ses01 seed=0 acc=0.4900 (ntr=160 nval=40 nte=200)
2026-06-09 16:24:56 | INFO    | train_session_alignment | [align] filterbank_reweighting deepconvnet single_sub-031_ses03-to-ses02 seed=0 acc=0.5050 (ntr=160 nval=40 nte=200)
2026-06-09 16:25:06 | INFO    | train_session_alignment | [align] filterbank_reweighting deepconvnet single_sub-032_ses01-to-ses03 seed=0 acc=0.5350 (ntr=160 nval=40 nte=200)
2026-06-09 16:25:16 | INFO    | train_session_alignment | [align] filterbank_reweighting deepconvnet single_sub-032_ses03-to-ses01 seed=0 acc=0.4950 (ntr=160 nval=40 nte=200)
2026-06-09 16:25:28 | INFO    | train_session_alignment | [align] filterbank_reweighting deepconvnet single_sub-033_ses01-to-ses02 seed=0 acc=0.8950 (ntr=160 nval=40 nte=200)
2026-06-09 16:25:40 | INFO    | train_session_alignment | [align] filterbank_reweighting deepconvnet single_sub-033_ses01-to-ses03 seed=0 acc=0.9350 (ntr=160 nval=40 nte=200)
2026-06-09 16:25:48 | INFO    | train_session_alignment | [align] filterbank_reweighting deepconvnet single_sub-033_ses02-to-ses01 seed=0 acc=0.5300 (ntr=160 nval=40 nte=200)
2026-06-09 16:25:55 | INFO    | train_session_alignment | [align] filterbank_reweighting deepconvnet single_sub-033_ses02-to-ses03 seed=0 acc=0.5150 (ntr=160 nval=40 nte=200)
2026-06-09 16:26:12 | INFO    | train_session_alignment | [align] filterbank_reweighting deepconvnet single_sub-033_ses03-to-ses01 seed=0 acc=0.8350 (ntr=160 nval=40 nte=200)
2026-06-09 16:26:27 | INFO    | train_session_alignment | [align] filterbank_reweighting deepconvnet single_sub-033_ses03-to-ses02 seed=0 acc=0.8900 (ntr=160 nval=40 nte=200)
2026-06-09 16:26:35 | INFO    | train_session_alignment | [align] filterbank_reweighting deepconvnet single_sub-034_ses01-to-ses02 seed=0 acc=0.4850 (ntr=160 nval=40 nte=200)
2026-06-09 16:26:42 | INFO    | train_session_alignment | [align] filterbank_reweighting deepconvnet single_sub-034_ses01-to-ses03 seed=0 acc=0.5150 (ntr=160 nval=40 nte=200)
2026-06-09 16:26:56 | INFO    | train_session_alignment | [align] filterbank_reweighting deepconvnet single_sub-034_ses02-to-ses01 seed=0 acc=0.5100 (ntr=160 nval=40 nte=200)
2026-06-09 16:27:11 | INFO    | train_session_alignment | [align] filterbank_reweighting deepconvnet single_sub-034_ses02-to-ses03 seed=0 acc=0.7550 (ntr=160 nval=40 nte=200)
2026-06-09 16:27:33 | INFO    | train_session_alignment | [align] filterbank_reweighting deepconvnet single_sub-034_ses03-to-ses01 seed=0 acc=0.5100 (ntr=160 nval=40 nte=200)
2026-06-09 16:27:56 | INFO    | train_session_alignment | [align] filterbank_reweighting deepconvnet single_sub-034_ses03-to-ses02 seed=0 acc=0.8550 (ntr=160 nval=40 nte=200)
2026-06-09 16:28:18 | INFO    | train_session_alignment | [align] filterbank_reweighting deepconvnet single_sub-035_ses01-to-ses02 seed=0 acc=0.9650 (ntr=160 nval=40 nte=200)
2026-06-09 16:28:40 | INFO    | train_session_alignment | [align] filterbank_reweighting deepconvnet single_sub-035_ses01-to-ses03 seed=0 acc=0.9100 (ntr=160 nval=40 nte=200)
2026-06-09 16:28:50 | INFO    | train_session_alignment | [align] filterbank_reweighting deepconvnet single_sub-035_ses02-to-ses01 seed=0 acc=0.9550 (ntr=160 nval=40 nte=200)
2026-06-09 16:29:00 | INFO    | train_session_alignment | [align] filterbank_reweighting deepconvnet single_sub-035_ses02-to-ses03 seed=0 acc=0.9150 (ntr=160 nval=40 nte=200)
2026-06-09 16:29:14 | INFO    | train_session_alignment | [align] filterbank_reweighting deepconvnet single_sub-035_ses03-to-ses01 seed=0 acc=0.9300 (ntr=160 nval=40 nte=200)
2026-06-09 16:29:27 | INFO    | train_session_alignment | [align] filterbank_reweighting deepconvnet single_sub-035_ses03-to-ses02 seed=0 acc=0.9450 (ntr=160 nval=40 nte=200)
2026-06-09 16:29:43 | INFO    | train_session_alignment | [align] filterbank_reweighting deepconvnet single_sub-036_ses01-to-ses02 seed=0 acc=0.9300 (ntr=160 nval=40 nte=200)
2026-06-09 16:29:58 | INFO    | train_session_alignment | [align] filterbank_reweighting deepconvnet single_sub-036_ses01-to-ses03 seed=0 acc=0.9700 (ntr=160 nval=40 nte=200)
2026-06-09 16:30:06 | INFO    | train_session_alignment | [align] filterbank_reweighting deepconvnet single_sub-036_ses02-to-ses01 seed=0 acc=0.8750 (ntr=160 nval=40 nte=200)
2026-06-09 16:30:14 | INFO    | train_session_alignment | [align] filterbank_reweighting deepconvnet single_sub-036_ses02-to-ses03 seed=0 acc=0.9700 (ntr=160 nval=40 nte=200)
2026-06-09 16:30:24 | INFO    | train_session_alignment | [align] filterbank_reweighting deepconvnet single_sub-036_ses03-to-ses01 seed=0 acc=0.8800 (ntr=160 nval=40 nte=200)
2026-06-09 16:30:35 | INFO    | train_session_alignment | [align] filterbank_reweighting deepconvnet single_sub-036_ses03-to-ses02 seed=0 acc=0.9450 (ntr=160 nval=40 nte=200)
2026-06-09 16:30:46 | INFO    | train_session_alignment | [align] filterbank_reweighting deepconvnet single_sub-037_ses01-to-ses02 seed=0 acc=0.5850 (ntr=160 nval=40 nte=200)
2026-06-09 16:30:58 | INFO    | train_session_alignment | [align] filterbank_reweighting deepconvnet single_sub-037_ses01-to-ses03 seed=0 acc=0.6900 (ntr=160 nval=40 nte=200)
2026-06-09 16:31:11 | INFO    | train_session_alignment | [align] filterbank_reweighting deepconvnet single_sub-037_ses02-to-ses01 seed=0 acc=0.5850 (ntr=160 nval=40 nte=200)
2026-06-09 16:31:24 | INFO    | train_session_alignment | [align] filterbank_reweighting deepconvnet single_sub-037_ses02-to-ses03 seed=0 acc=0.6500 (ntr=160 nval=40 nte=200)
2026-06-09 16:31:37 | INFO    | train_session_alignment | [align] filterbank_reweighting deepconvnet single_sub-037_ses03-to-ses01 seed=0 acc=0.7100 (ntr=160 nval=40 nte=200)
2026-06-09 16:31:50 | INFO    | train_session_alignment | [align] filterbank_reweighting deepconvnet single_sub-037_ses03-to-ses02 seed=0 acc=0.7300 (ntr=160 nval=40 nte=200)
2026-06-09 16:31:58 | INFO    | train_session_alignment | [align] filterbank_reweighting deepconvnet single_sub-038_ses01-to-ses02 seed=0 acc=0.5000 (ntr=160 nval=40 nte=200)
2026-06-09 16:32:04 | INFO    | train_session_alignment | [align] filterbank_reweighting deepconvnet single_sub-038_ses01-to-ses03 seed=0 acc=0.6200 (ntr=160 nval=40 nte=200)
2026-06-09 16:32:26 | INFO    | train_session_alignment | [align] filterbank_reweighting deepconvnet single_sub-038_ses02-to-ses01 seed=0 acc=0.5650 (ntr=160 nval=40 nte=200)
2026-06-09 16:32:47 | INFO    | train_session_alignment | [align] filterbank_reweighting deepconvnet single_sub-038_ses02-to-ses03 seed=0 acc=0.4350 (ntr=160 nval=40 nte=200)
2026-06-09 16:33:06 | INFO    | train_session_alignment | [align] filterbank_reweighting deepconvnet single_sub-038_ses03-to-ses01 seed=0 acc=0.5300 (ntr=160 nval=40 nte=200)
2026-06-09 16:33:25 | INFO    | train_session_alignment | [align] filterbank_reweighting deepconvnet single_sub-038_ses03-to-ses02 seed=0 acc=0.4850 (ntr=160 nval=40 nte=200)
2026-06-09 16:33:33 | INFO    | train_session_alignment | [align] filterbank_reweighting deepconvnet single_sub-039_ses01-to-ses02 seed=0 acc=0.4800 (ntr=160 nval=40 nte=200)
2026-06-09 16:33:41 | INFO    | train_session_alignment | [align] filterbank_reweighting deepconvnet single_sub-039_ses01-to-ses03 seed=0 acc=0.4450 (ntr=160 nval=40 nte=200)
2026-06-09 16:33:49 | INFO    | train_session_alignment | [align] filterbank_reweighting deepconvnet single_sub-039_ses02-to-ses01 seed=0 acc=0.4950 (ntr=160 nval=40 nte=200)
2026-06-09 16:33:57 | INFO    | train_session_alignment | [align] filterbank_reweighting deepconvnet single_sub-039_ses02-to-ses03 seed=0 acc=0.7000 (ntr=160 nval=40 nte=200)
2026-06-09 16:34:05 | INFO    | train_session_alignment | [align] filterbank_reweighting deepconvnet single_sub-039_ses03-to-ses01 seed=0 acc=0.5200 (ntr=160 nval=40 nte=200)
2026-06-09 16:34:13 | INFO    | train_session_alignment | [align] filterbank_reweighting deepconvnet single_sub-039_ses03-to-ses02 seed=0 acc=0.5600 (ntr=160 nval=40 nte=200)
2026-06-09 16:34:23 | INFO    | train_session_alignment | [align] filterbank_reweighting deepconvnet single_sub-040_ses01-to-ses02 seed=0 acc=0.6500 (ntr=160 nval=40 nte=200)
2026-06-09 16:34:34 | INFO    | train_session_alignment | [align] filterbank_reweighting deepconvnet single_sub-040_ses01-to-ses03 seed=0 acc=0.8800 (ntr=160 nval=40 nte=200)
2026-06-09 16:34:47 | INFO    | train_session_alignment | [align] filterbank_reweighting deepconvnet single_sub-040_ses02-to-ses01 seed=0 acc=0.6700 (ntr=160 nval=40 nte=200)
2026-06-09 16:35:00 | INFO    | train_session_alignment | [align] filterbank_reweighting deepconvnet single_sub-040_ses02-to-ses03 seed=0 acc=0.6300 (ntr=160 nval=40 nte=200)
2026-06-09 16:35:12 | INFO    | train_session_alignment | [align] filterbank_reweighting deepconvnet single_sub-040_ses03-to-ses01 seed=0 acc=0.8000 (ntr=160 nval=40 nte=200)
2026-06-09 16:35:24 | INFO    | train_session_alignment | [align] filterbank_reweighting deepconvnet single_sub-040_ses03-to-ses02 seed=0 acc=0.6800 (ntr=160 nval=40 nte=200)
2026-06-09 16:35:33 | INFO    | train_session_alignment | [align] filterbank_reweighting deepconvnet single_sub-041_ses01-to-ses02 seed=0 acc=0.6450 (ntr=160 nval=40 nte=200)
2026-06-09 16:35:43 | INFO    | train_session_alignment | [align] filterbank_reweighting deepconvnet single_sub-041_ses01-to-ses03 seed=0 acc=0.6850 (ntr=160 nval=40 nte=200)
2026-06-09 16:35:57 | INFO    | train_session_alignment | [align] filterbank_reweighting deepconvnet single_sub-041_ses02-to-ses01 seed=0 acc=0.6500 (ntr=160 nval=40 nte=200)
2026-06-09 16:36:12 | INFO    | train_session_alignment | [align] filterbank_reweighting deepconvnet single_sub-041_ses02-to-ses03 seed=0 acc=0.7100 (ntr=160 nval=40 nte=200)
2026-06-09 16:36:24 | INFO    | train_session_alignment | [align] filterbank_reweighting deepconvnet single_sub-041_ses03-to-ses01 seed=0 acc=0.6500 (ntr=160 nval=40 nte=200)
2026-06-09 16:36:36 | INFO    | train_session_alignment | [align] filterbank_reweighting deepconvnet single_sub-041_ses03-to-ses02 seed=0 acc=0.7100 (ntr=160 nval=40 nte=200)
2026-06-09 16:36:49 | INFO    | train_session_alignment | [align] filterbank_reweighting deepconvnet single_sub-042_ses01-to-ses02 seed=0 acc=0.7750 (ntr=160 nval=40 nte=200)
2026-06-09 16:37:02 | INFO    | train_session_alignment | [align] filterbank_reweighting deepconvnet single_sub-042_ses01-to-ses03 seed=0 acc=0.7150 (ntr=160 nval=40 nte=200)
2026-06-09 16:37:17 | INFO    | train_session_alignment | [align] filterbank_reweighting deepconvnet single_sub-042_ses02-to-ses01 seed=0 acc=0.7650 (ntr=160 nval=40 nte=200)
2026-06-09 16:37:32 | INFO    | train_session_alignment | [align] filterbank_reweighting deepconvnet single_sub-042_ses02-to-ses03 seed=0 acc=0.7350 (ntr=160 nval=40 nte=200)
2026-06-09 16:37:46 | INFO    | train_session_alignment | [align] filterbank_reweighting deepconvnet single_sub-042_ses03-to-ses01 seed=0 acc=0.7650 (ntr=160 nval=40 nte=200)
2026-06-09 16:38:01 | INFO    | train_session_alignment | [align] filterbank_reweighting deepconvnet single_sub-042_ses03-to-ses02 seed=0 acc=0.7600 (ntr=160 nval=40 nte=200)
2026-06-09 16:38:16 | INFO    | train_session_alignment | [align] filterbank_reweighting deepconvnet single_sub-043_ses01-to-ses02 seed=0 acc=0.9950 (ntr=160 nval=40 nte=200)
2026-06-09 16:38:32 | INFO    | train_session_alignment | [align] filterbank_reweighting deepconvnet single_sub-043_ses01-to-ses03 seed=0 acc=0.9950 (ntr=160 nval=40 nte=200)
2026-06-09 16:38:54 | INFO    | train_session_alignment | [align] filterbank_reweighting deepconvnet single_sub-043_ses02-to-ses01 seed=0 acc=0.9850 (ntr=160 nval=40 nte=200)
2026-06-09 16:39:17 | INFO    | train_session_alignment | [align] filterbank_reweighting deepconvnet single_sub-043_ses02-to-ses03 seed=0 acc=1.0000 (ntr=160 nval=40 nte=200)
2026-06-09 16:39:34 | INFO    | train_session_alignment | [align] filterbank_reweighting deepconvnet single_sub-043_ses03-to-ses01 seed=0 acc=0.9950 (ntr=160 nval=40 nte=200)
2026-06-09 16:39:52 | INFO    | train_session_alignment | [align] filterbank_reweighting deepconvnet single_sub-043_ses03-to-ses02 seed=0 acc=0.9850 (ntr=160 nval=40 nte=200)
2026-06-09 16:39:59 | INFO    | train_session_alignment | [align] filterbank_reweighting deepconvnet single_sub-044_ses01-to-ses02 seed=0 acc=0.4600 (ntr=160 nval=40 nte=200)
2026-06-09 16:40:06 | INFO    | train_session_alignment | [align] filterbank_reweighting deepconvnet single_sub-044_ses01-to-ses03 seed=0 acc=0.4500 (ntr=160 nval=40 nte=200)
2026-06-09 16:40:13 | INFO    | train_session_alignment | [align] filterbank_reweighting deepconvnet single_sub-044_ses02-to-ses01 seed=0 acc=0.4550 (ntr=160 nval=40 nte=200)
2026-06-09 16:40:21 | INFO    | train_session_alignment | [align] filterbank_reweighting deepconvnet single_sub-044_ses02-to-ses03 seed=0 acc=0.5700 (ntr=160 nval=40 nte=200)
2026-06-09 16:40:32 | INFO    | train_session_alignment | [align] filterbank_reweighting deepconvnet single_sub-044_ses03-to-ses01 seed=0 acc=0.5700 (ntr=160 nval=40 nte=200)
2026-06-09 16:40:43 | INFO    | train_session_alignment | [align] filterbank_reweighting deepconvnet single_sub-044_ses03-to-ses02 seed=0 acc=0.7450 (ntr=160 nval=40 nte=200)
2026-06-09 16:40:51 | INFO    | train_session_alignment | [align] filterbank_reweighting deepconvnet single_sub-045_ses01-to-ses02 seed=0 acc=0.7300 (ntr=160 nval=40 nte=200)
2026-06-09 16:41:00 | INFO    | train_session_alignment | [align] filterbank_reweighting deepconvnet single_sub-045_ses01-to-ses03 seed=0 acc=0.8650 (ntr=160 nval=40 nte=200)
2026-06-09 16:41:08 | INFO    | train_session_alignment | [align] filterbank_reweighting deepconvnet single_sub-045_ses02-to-ses01 seed=0 acc=0.6250 (ntr=160 nval=40 nte=200)
2026-06-09 16:41:16 | INFO    | train_session_alignment | [align] filterbank_reweighting deepconvnet single_sub-045_ses02-to-ses03 seed=0 acc=0.6400 (ntr=160 nval=40 nte=200)
2026-06-09 16:41:25 | INFO    | train_session_alignment | [align] filterbank_reweighting deepconvnet single_sub-045_ses03-to-ses01 seed=0 acc=0.8750 (ntr=160 nval=40 nte=200)
2026-06-09 16:41:34 | INFO    | train_session_alignment | [align] filterbank_reweighting deepconvnet single_sub-045_ses03-to-ses02 seed=0 acc=0.6650 (ntr=160 nval=40 nte=200)
2026-06-09 16:41:57 | INFO    | train_session_alignment | [align] filterbank_reweighting deepconvnet single_sub-046_ses01-to-ses02 seed=0 acc=0.9900 (ntr=160 nval=40 nte=200)
2026-06-09 16:42:19 | INFO    | train_session_alignment | [align] filterbank_reweighting deepconvnet single_sub-046_ses01-to-ses03 seed=0 acc=0.9900 (ntr=160 nval=40 nte=200)
2026-06-09 16:42:31 | INFO    | train_session_alignment | [align] filterbank_reweighting deepconvnet single_sub-046_ses02-to-ses01 seed=0 acc=0.9950 (ntr=160 nval=40 nte=200)
2026-06-09 16:42:43 | INFO    | train_session_alignment | [align] filterbank_reweighting deepconvnet single_sub-046_ses02-to-ses03 seed=0 acc=0.9850 (ntr=160 nval=40 nte=200)
2026-06-09 16:43:00 | INFO    | train_session_alignment | [align] filterbank_reweighting deepconvnet single_sub-046_ses03-to-ses01 seed=0 acc=0.9950 (ntr=160 nval=40 nte=200)
2026-06-09 16:43:18 | INFO    | train_session_alignment | [align] filterbank_reweighting deepconvnet single_sub-046_ses03-to-ses02 seed=0 acc=1.0000 (ntr=160 nval=40 nte=200)
2026-06-09 16:43:31 | INFO    | train_session_alignment | [align] filterbank_reweighting deepconvnet single_sub-047_ses01-to-ses02 seed=0 acc=0.8800 (ntr=160 nval=40 nte=200)
2026-06-09 16:43:44 | INFO    | train_session_alignment | [align] filterbank_reweighting deepconvnet single_sub-047_ses01-to-ses03 seed=0 acc=0.9400 (ntr=160 nval=40 nte=200)
2026-06-09 16:44:00 | INFO    | train_session_alignment | [align] filterbank_reweighting deepconvnet single_sub-047_ses02-to-ses01 seed=0 acc=0.8400 (ntr=160 nval=40 nte=200)
2026-06-09 16:44:15 | INFO    | train_session_alignment | [align] filterbank_reweighting deepconvnet single_sub-047_ses02-to-ses03 seed=0 acc=0.9500 (ntr=160 nval=40 nte=200)
2026-06-09 16:44:36 | INFO    | train_session_alignment | [align] filterbank_reweighting deepconvnet single_sub-047_ses03-to-ses01 seed=0 acc=0.9050 (ntr=160 nval=40 nte=200)
2026-06-09 16:44:56 | INFO    | train_session_alignment | [align] filterbank_reweighting deepconvnet single_sub-047_ses03-to-ses02 seed=0 acc=0.8750 (ntr=160 nval=40 nte=200)
2026-06-09 16:45:14 | INFO    | train_session_alignment | [align] filterbank_reweighting deepconvnet single_sub-048_ses01-to-ses02 seed=0 acc=0.7200 (ntr=160 nval=40 nte=200)
2026-06-09 16:45:31 | INFO    | train_session_alignment | [align] filterbank_reweighting deepconvnet single_sub-048_ses01-to-ses03 seed=0 acc=0.6300 (ntr=160 nval=40 nte=200)
2026-06-09 16:45:39 | INFO    | train_session_alignment | [align] filterbank_reweighting deepconvnet single_sub-048_ses02-to-ses01 seed=0 acc=0.5650 (ntr=160 nval=40 nte=200)
2026-06-09 16:45:46 | INFO    | train_session_alignment | [align] filterbank_reweighting deepconvnet single_sub-048_ses02-to-ses03 seed=0 acc=0.5150 (ntr=160 nval=40 nte=200)
2026-06-09 16:46:09 | INFO    | train_session_alignment | [align] filterbank_reweighting deepconvnet single_sub-048_ses03-to-ses01 seed=0 acc=0.7800 (ntr=160 nval=40 nte=200)
2026-06-09 16:46:32 | INFO    | train_session_alignment | [align] filterbank_reweighting deepconvnet single_sub-048_ses03-to-ses02 seed=0 acc=0.6600 (ntr=160 nval=40 nte=200)
2026-06-09 16:46:46 | INFO    | train_session_alignment | [align] filterbank_reweighting deepconvnet single_sub-049_ses01-to-ses02 seed=0 acc=0.9150 (ntr=160 nval=40 nte=200)
2026-06-09 16:47:00 | INFO    | train_session_alignment | [align] filterbank_reweighting deepconvnet single_sub-049_ses01-to-ses03 seed=0 acc=0.8850 (ntr=160 nval=40 nte=200)
2026-06-09 16:47:09 | INFO    | train_session_alignment | [align] filterbank_reweighting deepconvnet single_sub-049_ses02-to-ses01 seed=0 acc=0.8350 (ntr=160 nval=40 nte=200)
2026-06-09 16:47:18 | INFO    | train_session_alignment | [align] filterbank_reweighting deepconvnet single_sub-049_ses02-to-ses03 seed=0 acc=0.8550 (ntr=160 nval=40 nte=200)
2026-06-09 16:47:27 | INFO    | train_session_alignment | [align] filterbank_reweighting deepconvnet single_sub-049_ses03-to-ses01 seed=0 acc=0.6000 (ntr=160 nval=40 nte=200)
2026-06-09 16:47:37 | INFO    | train_session_alignment | [align] filterbank_reweighting deepconvnet single_sub-049_ses03-to-ses02 seed=0 acc=0.7600 (ntr=160 nval=40 nte=200)
2026-06-09 16:47:56 | INFO    | train_session_alignment | [align] filterbank_reweighting deepconvnet single_sub-050_ses01-to-ses02 seed=0 acc=0.9250 (ntr=160 nval=40 nte=200)
2026-06-09 16:48:15 | INFO    | train_session_alignment | [align] filterbank_reweighting deepconvnet single_sub-050_ses01-to-ses03 seed=0 acc=0.8600 (ntr=160 nval=40 nte=200)
2026-06-09 16:48:37 | INFO    | train_session_alignment | [align] filterbank_reweighting deepconvnet single_sub-050_ses02-to-ses01 seed=0 acc=0.9150 (ntr=160 nval=40 nte=200)
2026-06-09 16:48:59 | INFO    | train_session_alignment | [align] filterbank_reweighting deepconvnet single_sub-050_ses02-to-ses03 seed=0 acc=0.9300 (ntr=160 nval=40 nte=200)
2026-06-09 16:49:12 | INFO    | train_session_alignment | [align] filterbank_reweighting deepconvnet single_sub-050_ses03-to-ses01 seed=0 acc=0.9200 (ntr=160 nval=40 nte=200)
2026-06-09 16:49:24 | INFO    | train_session_alignment | [align] filterbank_reweighting deepconvnet single_sub-050_ses03-to-ses02 seed=0 acc=0.9550 (ntr=160 nval=40 nte=200)
2026-06-09 16:49:36 | INFO    | train_session_alignment | [align] filterbank_reweighting deepconvnet single_sub-051_ses01-to-ses02 seed=0 acc=0.8500 (ntr=160 nval=40 nte=200)
2026-06-09 16:49:47 | INFO    | train_session_alignment | [align] filterbank_reweighting deepconvnet single_sub-051_ses01-to-ses03 seed=0 acc=0.8100 (ntr=160 nval=40 nte=200)
2026-06-09 16:50:04 | INFO    | train_session_alignment | [align] filterbank_reweighting deepconvnet single_sub-051_ses02-to-ses01 seed=0 acc=0.7300 (ntr=160 nval=40 nte=200)
2026-06-09 16:50:22 | INFO    | train_session_alignment | [align] filterbank_reweighting deepconvnet single_sub-051_ses02-to-ses03 seed=0 acc=0.8350 (ntr=160 nval=40 nte=200)
2026-06-09 16:50:30 | INFO    | train_session_alignment | [align] filterbank_reweighting deepconvnet single_sub-051_ses03-to-ses01 seed=0 acc=0.7400 (ntr=160 nval=40 nte=200)
2026-06-09 16:50:39 | INFO    | train_session_alignment | [align] filterbank_reweighting deepconvnet single_sub-051_ses03-to-ses02 seed=0 acc=0.7750 (ntr=160 nval=40 nte=200)
2026-06-09 16:50:54 | INFO    | train_session_alignment | [align] filterbank_reweighting deepconvnet multi_sub-001_ses01ses02-to-ses03 seed=0 acc=0.9400 (ntr=320 nval=80 nte=200)
2026-06-09 16:51:05 | INFO    | train_session_alignment | [align] filterbank_reweighting deepconvnet multi_sub-002_ses01ses02-to-ses03 seed=0 acc=0.6200 (ntr=320 nval=80 nte=200)
2026-06-09 16:51:31 | INFO    | train_session_alignment | [align] filterbank_reweighting deepconvnet multi_sub-003_ses01ses02-to-ses03 seed=0 acc=0.9500 (ntr=320 nval=80 nte=200)
2026-06-09 16:51:42 | INFO    | train_session_alignment | [align] filterbank_reweighting deepconvnet multi_sub-004_ses01ses02-to-ses03 seed=0 acc=0.5300 (ntr=320 nval=80 nte=200)
2026-06-09 16:51:59 | INFO    | train_session_alignment | [align] filterbank_reweighting deepconvnet multi_sub-005_ses01ses02-to-ses03 seed=0 acc=0.8800 (ntr=320 nval=80 nte=200)
2026-06-09 16:52:17 | INFO    | train_session_alignment | [align] filterbank_reweighting deepconvnet multi_sub-006_ses01ses02-to-ses03 seed=0 acc=0.9150 (ntr=320 nval=80 nte=200)
2026-06-09 16:52:36 | INFO    | train_session_alignment | [align] filterbank_reweighting deepconvnet multi_sub-007_ses01ses02-to-ses03 seed=0 acc=0.8400 (ntr=320 nval=80 nte=200)
2026-06-09 16:52:55 | INFO    | train_session_alignment | [align] filterbank_reweighting deepconvnet multi_sub-008_ses01ses02-to-ses03 seed=0 acc=0.9300 (ntr=320 nval=80 nte=200)
2026-06-09 16:53:11 | INFO    | train_session_alignment | [align] filterbank_reweighting deepconvnet multi_sub-009_ses01ses02-to-ses03 seed=0 acc=0.5850 (ntr=320 nval=80 nte=200)
2026-06-09 16:53:24 | INFO    | train_session_alignment | [align] filterbank_reweighting deepconvnet multi_sub-010_ses01ses02-to-ses03 seed=0 acc=0.6300 (ntr=320 nval=80 nte=200)
2026-06-09 16:53:44 | INFO    | train_session_alignment | [align] filterbank_reweighting deepconvnet multi_sub-011_ses01ses02-to-ses03 seed=0 acc=0.6650 (ntr=320 nval=80 nte=200)
2026-06-09 16:54:01 | INFO    | train_session_alignment | [align] filterbank_reweighting deepconvnet multi_sub-012_ses01ses02-to-ses03 seed=0 acc=0.4800 (ntr=320 nval=80 nte=200)
2026-06-09 16:54:11 | INFO    | train_session_alignment | [align] filterbank_reweighting deepconvnet multi_sub-013_ses01ses02-to-ses03 seed=0 acc=0.4800 (ntr=320 nval=80 nte=200)
2026-06-09 16:54:22 | INFO    | train_session_alignment | [align] filterbank_reweighting deepconvnet multi_sub-014_ses01ses02-to-ses03 seed=0 acc=0.4550 (ntr=320 nval=80 nte=200)
2026-06-09 16:54:42 | INFO    | train_session_alignment | [align] filterbank_reweighting deepconvnet multi_sub-015_ses01ses02-to-ses03 seed=0 acc=0.6400 (ntr=320 nval=80 nte=200)
2026-06-09 16:54:55 | INFO    | train_session_alignment | [align] filterbank_reweighting deepconvnet multi_sub-016_ses01ses02-to-ses03 seed=0 acc=0.5500 (ntr=320 nval=80 nte=200)
2026-06-09 16:55:13 | INFO    | train_session_alignment | [align] filterbank_reweighting deepconvnet multi_sub-017_ses01ses02-to-ses03 seed=0 acc=0.8300 (ntr=320 nval=80 nte=200)
2026-06-09 16:55:24 | INFO    | train_session_alignment | [align] filterbank_reweighting deepconvnet multi_sub-018_ses01ses02-to-ses03 seed=0 acc=0.4900 (ntr=320 nval=80 nte=200)
2026-06-09 16:55:36 | INFO    | train_session_alignment | [align] filterbank_reweighting deepconvnet multi_sub-019_ses01ses02-to-ses03 seed=0 acc=0.5200 (ntr=320 nval=80 nte=200)
2026-06-09 16:55:53 | INFO    | train_session_alignment | [align] filterbank_reweighting deepconvnet multi_sub-020_ses01ses02-to-ses03 seed=0 acc=0.4650 (ntr=320 nval=80 nte=200)
2026-06-09 16:56:15 | INFO    | train_session_alignment | [align] filterbank_reweighting deepconvnet multi_sub-021_ses01ses02-to-ses03 seed=0 acc=0.8000 (ntr=320 nval=80 nte=200)
2026-06-09 16:56:34 | INFO    | train_session_alignment | [align] filterbank_reweighting deepconvnet multi_sub-022_ses01ses02-to-ses03 seed=0 acc=0.7650 (ntr=320 nval=80 nte=200)
2026-06-09 16:57:05 | INFO    | train_session_alignment | [align] filterbank_reweighting deepconvnet multi_sub-025_ses01ses02-to-ses03 seed=0 acc=0.6000 (ntr=320 nval=80 nte=200)
2026-06-09 16:57:17 | INFO    | train_session_alignment | [align] filterbank_reweighting deepconvnet multi_sub-027_ses01ses02-to-ses03 seed=0 acc=0.5350 (ntr=320 nval=80 nte=200)
2026-06-09 16:57:36 | INFO    | train_session_alignment | [align] filterbank_reweighting deepconvnet multi_sub-028_ses01ses02-to-ses03 seed=0 acc=0.7750 (ntr=320 nval=80 nte=200)
2026-06-09 16:57:58 | INFO    | train_session_alignment | [align] filterbank_reweighting deepconvnet multi_sub-029_ses01ses02-to-ses03 seed=0 acc=0.9000 (ntr=320 nval=80 nte=200)
2026-06-09 16:58:12 | INFO    | train_session_alignment | [align] filterbank_reweighting deepconvnet multi_sub-030_ses01ses02-to-ses03 seed=0 acc=0.5000 (ntr=320 nval=80 nte=200)
2026-06-09 16:58:22 | INFO    | train_session_alignment | [align] filterbank_reweighting deepconvnet multi_sub-031_ses01ses02-to-ses03 seed=0 acc=0.4800 (ntr=320 nval=80 nte=200)
2026-06-09 16:58:53 | INFO    | train_session_alignment | [align] filterbank_reweighting deepconvnet multi_sub-033_ses01ses02-to-ses03 seed=0 acc=0.9800 (ntr=320 nval=80 nte=200)
2026-06-09 16:59:08 | INFO    | train_session_alignment | [align] filterbank_reweighting deepconvnet multi_sub-034_ses01ses02-to-ses03 seed=0 acc=0.5650 (ntr=320 nval=80 nte=200)
2026-06-09 16:59:22 | INFO    | train_session_alignment | [align] filterbank_reweighting deepconvnet multi_sub-035_ses01ses02-to-ses03 seed=0 acc=0.9500 (ntr=320 nval=80 nte=200)
2026-06-09 16:59:35 | INFO    | train_session_alignment | [align] filterbank_reweighting deepconvnet multi_sub-036_ses01ses02-to-ses03 seed=0 acc=0.9800 (ntr=320 nval=80 nte=200)
2026-06-09 17:00:00 | INFO    | train_session_alignment | [align] filterbank_reweighting deepconvnet multi_sub-037_ses01ses02-to-ses03 seed=0 acc=0.7150 (ntr=320 nval=80 nte=200)
2026-06-09 17:00:21 | INFO    | train_session_alignment | [align] filterbank_reweighting deepconvnet multi_sub-038_ses01ses02-to-ses03 seed=0 acc=0.3600 (ntr=320 nval=80 nte=200)
2026-06-09 17:00:32 | INFO    | train_session_alignment | [align] filterbank_reweighting deepconvnet multi_sub-039_ses01ses02-to-ses03 seed=0 acc=0.5800 (ntr=320 nval=80 nte=200)
2026-06-09 17:00:48 | INFO    | train_session_alignment | [align] filterbank_reweighting deepconvnet multi_sub-040_ses01ses02-to-ses03 seed=0 acc=0.9050 (ntr=320 nval=80 nte=200)
2026-06-09 17:01:04 | INFO    | train_session_alignment | [align] filterbank_reweighting deepconvnet multi_sub-041_ses01ses02-to-ses03 seed=0 acc=0.8500 (ntr=320 nval=80 nte=200)
2026-06-09 17:01:18 | INFO    | train_session_alignment | [align] filterbank_reweighting deepconvnet multi_sub-042_ses01ses02-to-ses03 seed=0 acc=0.7900 (ntr=320 nval=80 nte=200)
2026-06-09 17:01:47 | INFO    | train_session_alignment | [align] filterbank_reweighting deepconvnet multi_sub-043_ses01ses02-to-ses03 seed=0 acc=1.0000 (ntr=320 nval=80 nte=200)
2026-06-09 17:02:09 | INFO    | train_session_alignment | [align] filterbank_reweighting deepconvnet multi_sub-044_ses01ses02-to-ses03 seed=0 acc=0.7350 (ntr=320 nval=80 nte=200)
2026-06-09 17:02:23 | INFO    | train_session_alignment | [align] filterbank_reweighting deepconvnet multi_sub-045_ses01ses02-to-ses03 seed=0 acc=0.9250 (ntr=320 nval=80 nte=200)
2026-06-09 17:02:51 | INFO    | train_session_alignment | [align] filterbank_reweighting deepconvnet multi_sub-046_ses01ses02-to-ses03 seed=0 acc=0.9950 (ntr=320 nval=80 nte=200)
2026-06-09 17:03:10 | INFO    | train_session_alignment | [align] filterbank_reweighting deepconvnet multi_sub-047_ses01ses02-to-ses03 seed=0 acc=0.9850 (ntr=320 nval=80 nte=200)
2026-06-09 17:03:32 | INFO    | train_session_alignment | [align] filterbank_reweighting deepconvnet multi_sub-048_ses01ses02-to-ses03 seed=0 acc=0.6500 (ntr=320 nval=80 nte=200)
2026-06-09 17:03:49 | INFO    | train_session_alignment | [align] filterbank_reweighting deepconvnet multi_sub-049_ses01ses02-to-ses03 seed=0 acc=0.8950 (ntr=320 nval=80 nte=200)
2026-06-09 17:04:09 | INFO    | train_session_alignment | [align] filterbank_reweighting deepconvnet multi_sub-050_ses01ses02-to-ses03 seed=0 acc=0.9150 (ntr=320 nval=80 nte=200)
2026-06-09 17:04:24 | INFO    | train_session_alignment | [align] filterbank_reweighting deepconvnet multi_sub-051_ses01ses02-to-ses03 seed=0 acc=0.8500 (ntr=320 nval=80 nte=200)
2026-06-09 17:04:24 | INFO    | train_session_alignment | ALL DONE in 4261.3s | rows=335 ok=335 failed=0 | out=/share/home/yuan/SYX/eeg-mi-online/outputs/experiments/alignment_baseline_v1
Done: Tue Jun  9 17:04:25 CST 2026
