Project: /share/home/yuan/SYX/eeg-mi-online
Env    : mi_torch_cu118
Args   : --methods bn_statistics_adaptation --models eegnet --seeds 4 --protocols single,multi --tag-suffix bn_statistics_adaptation_eegnet_s4
Node   : gpu01 | Start: Tue Jun  9 12:16:30 CST 2026
Tue Jun  9 12:16:30 2026       
+-----------------------------------------------------------------------------------------+
| NVIDIA-SMI 570.153.02             Driver Version: 570.153.02     CUDA Version: 12.8     |
|-----------------------------------------+------------------------+----------------------+
| GPU  Name                 Persistence-M | Bus-Id          Disp.A | Volatile Uncorr. ECC |
| Fan  Temp   Perf          Pwr:Usage/Cap |           Memory-Usage | GPU-Util  Compute M. |
|                                         |                        |               MIG M. |
|=========================================+========================+======================|
|   0  NVIDIA GeForce RTX 4090 D      On  |   00000000:21:00.0 Off |                  Off |
| 30%   42C    P0             66W /  425W |       1MiB /  24564MiB |      0%      Default |
|                                         |                        |                  N/A |
+-----------------------------------------+------------------------+----------------------+
                                                                                         
+-----------------------------------------------------------------------------------------+
| Processes:                                                                              |
|  GPU   GI   CI              PID   Type   Process name                        GPU Memory |
|        ID   ID                                                               Usage      |
|=========================================================================================|
|  No running processes found                                                             |
+-----------------------------------------------------------------------------------------+
[cuda-check] torch=2.7.1+cu118 cuda_build=11.8 cuda_avail=True
2026-06-09 12:16:33 | INFO    | train_session_alignment | device=cuda | cuda={'torch': '2.7.1+cu118', 'cuda_build': '11.8', 'cuda_available': True, 'device': 'cuda', 'device_name': 'NVIDIA GeForce RTX 4090 D'}
2026-06-09 12:16:33 | INFO    | train_session_alignment | loaded 148 ok sessions | methods=['bn_statistics_adaptation'] | models=['eegnet'] | seeds=[4] | groups=['single', 'multi'] | tasks=335
2026-06-09 12:16:49 | INFO    | train_session_alignment | [align] bn_statistics_adaptation eegnet      single_sub-001_ses01-to-ses02 seed=4 acc=0.8200 (ntr=160 nval=40 nte=200)
2026-06-09 12:17:01 | INFO    | train_session_alignment | [align] bn_statistics_adaptation eegnet      single_sub-001_ses01-to-ses03 seed=4 acc=0.8100 (ntr=160 nval=40 nte=200)
2026-06-09 12:17:19 | INFO    | train_session_alignment | [align] bn_statistics_adaptation eegnet      single_sub-001_ses02-to-ses01 seed=4 acc=0.7550 (ntr=160 nval=40 nte=200)
2026-06-09 12:17:36 | INFO    | train_session_alignment | [align] bn_statistics_adaptation eegnet      single_sub-001_ses02-to-ses03 seed=4 acc=0.9600 (ntr=160 nval=40 nte=200)
2026-06-09 12:17:51 | INFO    | train_session_alignment | [align] bn_statistics_adaptation eegnet      single_sub-001_ses03-to-ses01 seed=4 acc=0.7500 (ntr=160 nval=40 nte=200)
2026-06-09 12:18:05 | INFO    | train_session_alignment | [align] bn_statistics_adaptation eegnet      single_sub-001_ses03-to-ses02 seed=4 acc=0.9600 (ntr=160 nval=40 nte=200)
2026-06-09 12:18:11 | INFO    | train_session_alignment | [align] bn_statistics_adaptation eegnet      single_sub-002_ses01-to-ses02 seed=4 acc=0.6300 (ntr=160 nval=40 nte=200)
2026-06-09 12:18:17 | INFO    | train_session_alignment | [align] bn_statistics_adaptation eegnet      single_sub-002_ses01-to-ses03 seed=4 acc=0.6500 (ntr=160 nval=40 nte=200)
2026-06-09 12:18:21 | INFO    | train_session_alignment | [align] bn_statistics_adaptation eegnet      single_sub-002_ses02-to-ses01 seed=4 acc=0.5700 (ntr=160 nval=40 nte=200)
2026-06-09 12:18:26 | INFO    | train_session_alignment | [align] bn_statistics_adaptation eegnet      single_sub-002_ses02-to-ses03 seed=4 acc=0.5900 (ntr=160 nval=40 nte=200)
2026-06-09 12:18:33 | INFO    | train_session_alignment | [align] bn_statistics_adaptation eegnet      single_sub-002_ses03-to-ses01 seed=4 acc=0.6000 (ntr=160 nval=40 nte=200)
2026-06-09 12:18:40 | INFO    | train_session_alignment | [align] bn_statistics_adaptation eegnet      single_sub-002_ses03-to-ses02 seed=4 acc=0.6600 (ntr=160 nval=40 nte=200)
2026-06-09 12:18:52 | INFO    | train_session_alignment | [align] bn_statistics_adaptation eegnet      single_sub-003_ses01-to-ses02 seed=4 acc=0.8750 (ntr=160 nval=40 nte=200)
2026-06-09 12:19:03 | INFO    | train_session_alignment | [align] bn_statistics_adaptation eegnet      single_sub-003_ses01-to-ses03 seed=4 acc=0.6400 (ntr=160 nval=40 nte=200)
2026-06-09 12:19:21 | INFO    | train_session_alignment | [align] bn_statistics_adaptation eegnet      single_sub-003_ses02-to-ses01 seed=4 acc=0.7350 (ntr=160 nval=40 nte=200)
2026-06-09 12:19:37 | INFO    | train_session_alignment | [align] bn_statistics_adaptation eegnet      single_sub-003_ses02-to-ses03 seed=4 acc=0.6950 (ntr=160 nval=40 nte=200)
2026-06-09 12:19:55 | INFO    | train_session_alignment | [align] bn_statistics_adaptation eegnet      single_sub-003_ses03-to-ses01 seed=4 acc=0.4950 (ntr=160 nval=40 nte=200)
2026-06-09 12:20:11 | INFO    | train_session_alignment | [align] bn_statistics_adaptation eegnet      single_sub-003_ses03-to-ses02 seed=4 acc=0.5950 (ntr=160 nval=40 nte=200)
2026-06-09 12:20:16 | INFO    | train_session_alignment | [align] bn_statistics_adaptation eegnet      single_sub-004_ses01-to-ses02 seed=4 acc=0.5350 (ntr=160 nval=40 nte=200)
2026-06-09 12:20:21 | INFO    | train_session_alignment | [align] bn_statistics_adaptation eegnet      single_sub-004_ses01-to-ses03 seed=4 acc=0.4250 (ntr=160 nval=40 nte=200)
2026-06-09 12:20:25 | INFO    | train_session_alignment | [align] bn_statistics_adaptation eegnet      single_sub-004_ses02-to-ses01 seed=4 acc=0.4800 (ntr=160 nval=40 nte=200)
2026-06-09 12:20:29 | INFO    | train_session_alignment | [align] bn_statistics_adaptation eegnet      single_sub-004_ses02-to-ses03 seed=4 acc=0.4800 (ntr=160 nval=40 nte=200)
2026-06-09 12:20:34 | INFO    | train_session_alignment | [align] bn_statistics_adaptation eegnet      single_sub-004_ses03-to-ses01 seed=4 acc=0.4900 (ntr=160 nval=40 nte=200)
2026-06-09 12:20:40 | INFO    | train_session_alignment | [align] bn_statistics_adaptation eegnet      single_sub-004_ses03-to-ses02 seed=4 acc=0.5400 (ntr=160 nval=40 nte=200)
2026-06-09 12:20:49 | INFO    | train_session_alignment | [align] bn_statistics_adaptation eegnet      single_sub-005_ses01-to-ses02 seed=4 acc=0.9100 (ntr=160 nval=40 nte=200)
2026-06-09 12:20:57 | INFO    | train_session_alignment | [align] bn_statistics_adaptation eegnet      single_sub-005_ses01-to-ses03 seed=4 acc=0.7050 (ntr=160 nval=40 nte=200)
2026-06-09 12:21:11 | INFO    | train_session_alignment | [align] bn_statistics_adaptation eegnet      single_sub-005_ses02-to-ses01 seed=4 acc=0.8650 (ntr=160 nval=40 nte=200)
2026-06-09 12:21:25 | INFO    | train_session_alignment | [align] bn_statistics_adaptation eegnet      single_sub-005_ses02-to-ses03 seed=4 acc=0.6600 (ntr=160 nval=40 nte=200)
2026-06-09 12:21:31 | INFO    | train_session_alignment | [align] bn_statistics_adaptation eegnet      single_sub-005_ses03-to-ses01 seed=4 acc=0.7350 (ntr=160 nval=40 nte=200)
2026-06-09 12:21:37 | INFO    | train_session_alignment | [align] bn_statistics_adaptation eegnet      single_sub-005_ses03-to-ses02 seed=4 acc=0.7600 (ntr=160 nval=40 nte=200)
2026-06-09 12:21:44 | INFO    | train_session_alignment | [align] bn_statistics_adaptation eegnet      single_sub-006_ses01-to-ses02 seed=4 acc=0.9400 (ntr=160 nval=40 nte=200)
2026-06-09 12:21:51 | INFO    | train_session_alignment | [align] bn_statistics_adaptation eegnet      single_sub-006_ses01-to-ses03 seed=4 acc=0.9650 (ntr=160 nval=40 nte=200)
2026-06-09 12:22:07 | INFO    | train_session_alignment | [align] bn_statistics_adaptation eegnet      single_sub-006_ses02-to-ses01 seed=4 acc=0.7650 (ntr=160 nval=40 nte=200)
2026-06-09 12:22:23 | INFO    | train_session_alignment | [align] bn_statistics_adaptation eegnet      single_sub-006_ses02-to-ses03 seed=4 acc=0.8200 (ntr=160 nval=40 nte=200)
2026-06-09 12:22:36 | INFO    | train_session_alignment | [align] bn_statistics_adaptation eegnet      single_sub-006_ses03-to-ses01 seed=4 acc=0.8500 (ntr=160 nval=40 nte=200)
2026-06-09 12:22:48 | INFO    | train_session_alignment | [align] bn_statistics_adaptation eegnet      single_sub-006_ses03-to-ses02 seed=4 acc=0.9100 (ntr=160 nval=40 nte=200)
2026-06-09 12:22:52 | INFO    | train_session_alignment | [align] bn_statistics_adaptation eegnet      single_sub-007_ses01-to-ses02 seed=4 acc=0.5150 (ntr=160 nval=40 nte=200)
2026-06-09 12:22:56 | INFO    | train_session_alignment | [align] bn_statistics_adaptation eegnet      single_sub-007_ses01-to-ses03 seed=4 acc=0.6250 (ntr=160 nval=40 nte=200)
2026-06-09 12:23:05 | INFO    | train_session_alignment | [align] bn_statistics_adaptation eegnet      single_sub-007_ses02-to-ses01 seed=4 acc=0.6550 (ntr=160 nval=40 nte=200)
2026-06-09 12:23:15 | INFO    | train_session_alignment | [align] bn_statistics_adaptation eegnet      single_sub-007_ses02-to-ses03 seed=4 acc=0.8500 (ntr=160 nval=40 nte=200)
2026-06-09 12:23:19 | INFO    | train_session_alignment | [align] bn_statistics_adaptation eegnet      single_sub-007_ses03-to-ses01 seed=4 acc=0.6750 (ntr=160 nval=40 nte=200)
2026-06-09 12:23:24 | INFO    | train_session_alignment | [align] bn_statistics_adaptation eegnet      single_sub-007_ses03-to-ses02 seed=4 acc=0.6600 (ntr=160 nval=40 nte=200)
2026-06-09 12:23:30 | INFO    | train_session_alignment | [align] bn_statistics_adaptation eegnet      single_sub-008_ses01-to-ses02 seed=4 acc=0.6000 (ntr=160 nval=40 nte=200)
2026-06-09 12:23:36 | INFO    | train_session_alignment | [align] bn_statistics_adaptation eegnet      single_sub-008_ses01-to-ses03 seed=4 acc=0.5250 (ntr=160 nval=40 nte=200)
2026-06-09 12:23:45 | INFO    | train_session_alignment | [align] bn_statistics_adaptation eegnet      single_sub-008_ses02-to-ses01 seed=4 acc=0.7200 (ntr=160 nval=40 nte=200)
2026-06-09 12:23:55 | INFO    | train_session_alignment | [align] bn_statistics_adaptation eegnet      single_sub-008_ses02-to-ses03 seed=4 acc=0.8200 (ntr=160 nval=40 nte=200)
2026-06-09 12:24:06 | INFO    | train_session_alignment | [align] bn_statistics_adaptation eegnet      single_sub-008_ses03-to-ses01 seed=4 acc=0.6050 (ntr=160 nval=40 nte=200)
2026-06-09 12:24:16 | INFO    | train_session_alignment | [align] bn_statistics_adaptation eegnet      single_sub-008_ses03-to-ses02 seed=4 acc=0.7700 (ntr=160 nval=40 nte=200)
2026-06-09 12:24:24 | INFO    | train_session_alignment | [align] bn_statistics_adaptation eegnet      single_sub-009_ses01-to-ses02 seed=4 acc=0.7100 (ntr=160 nval=40 nte=200)
2026-06-09 12:24:33 | INFO    | train_session_alignment | [align] bn_statistics_adaptation eegnet      single_sub-009_ses01-to-ses03 seed=4 acc=0.6900 (ntr=160 nval=40 nte=200)
2026-06-09 12:24:38 | INFO    | train_session_alignment | [align] bn_statistics_adaptation eegnet      single_sub-009_ses02-to-ses01 seed=4 acc=0.7650 (ntr=160 nval=40 nte=200)
2026-06-09 12:24:42 | INFO    | train_session_alignment | [align] bn_statistics_adaptation eegnet      single_sub-009_ses02-to-ses03 seed=4 acc=0.5900 (ntr=160 nval=40 nte=200)
2026-06-09 12:24:47 | INFO    | train_session_alignment | [align] bn_statistics_adaptation eegnet      single_sub-009_ses03-to-ses01 seed=4 acc=0.4900 (ntr=160 nval=40 nte=200)
2026-06-09 12:24:51 | INFO    | train_session_alignment | [align] bn_statistics_adaptation eegnet      single_sub-009_ses03-to-ses02 seed=4 acc=0.5700 (ntr=160 nval=40 nte=200)
2026-06-09 12:24:55 | INFO    | train_session_alignment | [align] bn_statistics_adaptation eegnet      single_sub-010_ses01-to-ses02 seed=4 acc=0.8500 (ntr=160 nval=40 nte=200)
2026-06-09 12:25:00 | INFO    | train_session_alignment | [align] bn_statistics_adaptation eegnet      single_sub-010_ses01-to-ses03 seed=4 acc=0.5550 (ntr=160 nval=40 nte=200)
2026-06-09 12:25:05 | INFO    | train_session_alignment | [align] bn_statistics_adaptation eegnet      single_sub-010_ses02-to-ses01 seed=4 acc=0.7150 (ntr=160 nval=40 nte=200)
2026-06-09 12:25:10 | INFO    | train_session_alignment | [align] bn_statistics_adaptation eegnet      single_sub-010_ses02-to-ses03 seed=4 acc=0.5250 (ntr=160 nval=40 nte=200)
2026-06-09 12:25:26 | INFO    | train_session_alignment | [align] bn_statistics_adaptation eegnet      single_sub-010_ses03-to-ses01 seed=4 acc=0.5600 (ntr=160 nval=40 nte=200)
2026-06-09 12:25:43 | INFO    | train_session_alignment | [align] bn_statistics_adaptation eegnet      single_sub-010_ses03-to-ses02 seed=4 acc=0.5850 (ntr=160 nval=40 nte=200)
2026-06-09 12:25:48 | INFO    | train_session_alignment | [align] bn_statistics_adaptation eegnet      single_sub-011_ses01-to-ses02 seed=4 acc=0.6650 (ntr=160 nval=40 nte=200)
2026-06-09 12:25:53 | INFO    | train_session_alignment | [align] bn_statistics_adaptation eegnet      single_sub-011_ses01-to-ses03 seed=4 acc=0.9500 (ntr=160 nval=40 nte=200)
2026-06-09 12:26:05 | INFO    | train_session_alignment | [align] bn_statistics_adaptation eegnet      single_sub-011_ses02-to-ses01 seed=4 acc=0.9000 (ntr=160 nval=40 nte=200)
2026-06-09 12:26:17 | INFO    | train_session_alignment | [align] bn_statistics_adaptation eegnet      single_sub-011_ses02-to-ses03 seed=4 acc=0.8950 (ntr=160 nval=40 nte=200)
2026-06-09 12:26:22 | INFO    | train_session_alignment | [align] bn_statistics_adaptation eegnet      single_sub-011_ses03-to-ses01 seed=4 acc=0.8850 (ntr=160 nval=40 nte=200)
2026-06-09 12:26:27 | INFO    | train_session_alignment | [align] bn_statistics_adaptation eegnet      single_sub-011_ses03-to-ses02 seed=4 acc=0.7350 (ntr=160 nval=40 nte=200)
2026-06-09 12:26:31 | INFO    | train_session_alignment | [align] bn_statistics_adaptation eegnet      single_sub-012_ses01-to-ses02 seed=4 acc=0.5350 (ntr=160 nval=40 nte=200)
2026-06-09 12:26:36 | INFO    | train_session_alignment | [align] bn_statistics_adaptation eegnet      single_sub-012_ses01-to-ses03 seed=4 acc=0.5450 (ntr=160 nval=40 nte=200)
2026-06-09 12:26:40 | INFO    | train_session_alignment | [align] bn_statistics_adaptation eegnet      single_sub-012_ses02-to-ses01 seed=4 acc=0.5400 (ntr=160 nval=40 nte=200)
2026-06-09 12:26:44 | INFO    | train_session_alignment | [align] bn_statistics_adaptation eegnet      single_sub-012_ses02-to-ses03 seed=4 acc=0.4900 (ntr=160 nval=40 nte=200)
2026-06-09 12:26:48 | INFO    | train_session_alignment | [align] bn_statistics_adaptation eegnet      single_sub-012_ses03-to-ses01 seed=4 acc=0.5550 (ntr=160 nval=40 nte=200)
2026-06-09 12:26:52 | INFO    | train_session_alignment | [align] bn_statistics_adaptation eegnet      single_sub-012_ses03-to-ses02 seed=4 acc=0.5750 (ntr=160 nval=40 nte=200)
2026-06-09 12:26:59 | INFO    | train_session_alignment | [align] bn_statistics_adaptation eegnet      single_sub-013_ses01-to-ses02 seed=4 acc=0.7600 (ntr=160 nval=40 nte=200)
2026-06-09 12:27:06 | INFO    | train_session_alignment | [align] bn_statistics_adaptation eegnet      single_sub-013_ses01-to-ses03 seed=4 acc=0.7900 (ntr=160 nval=40 nte=200)
2026-06-09 12:27:19 | INFO    | train_session_alignment | [align] bn_statistics_adaptation eegnet      single_sub-013_ses02-to-ses01 seed=4 acc=0.5950 (ntr=160 nval=40 nte=200)
2026-06-09 12:27:33 | INFO    | train_session_alignment | [align] bn_statistics_adaptation eegnet      single_sub-013_ses02-to-ses03 seed=4 acc=0.7400 (ntr=160 nval=40 nte=200)
2026-06-09 12:27:39 | INFO    | train_session_alignment | [align] bn_statistics_adaptation eegnet      single_sub-013_ses03-to-ses01 seed=4 acc=0.7200 (ntr=160 nval=40 nte=200)
2026-06-09 12:27:45 | INFO    | train_session_alignment | [align] bn_statistics_adaptation eegnet      single_sub-013_ses03-to-ses02 seed=4 acc=0.7500 (ntr=160 nval=40 nte=200)
2026-06-09 12:27:49 | INFO    | train_session_alignment | [align] bn_statistics_adaptation eegnet      single_sub-014_ses01-to-ses02 seed=4 acc=0.4750 (ntr=160 nval=40 nte=200)
2026-06-09 12:27:53 | INFO    | train_session_alignment | [align] bn_statistics_adaptation eegnet      single_sub-014_ses01-to-ses03 seed=4 acc=0.4750 (ntr=160 nval=40 nte=200)
2026-06-09 12:27:57 | INFO    | train_session_alignment | [align] bn_statistics_adaptation eegnet      single_sub-014_ses02-to-ses01 seed=4 acc=0.5350 (ntr=160 nval=40 nte=200)
2026-06-09 12:28:01 | INFO    | train_session_alignment | [align] bn_statistics_adaptation eegnet      single_sub-014_ses02-to-ses03 seed=4 acc=0.4400 (ntr=160 nval=40 nte=200)
2026-06-09 12:28:05 | INFO    | train_session_alignment | [align] bn_statistics_adaptation eegnet      single_sub-014_ses03-to-ses01 seed=4 acc=0.5200 (ntr=160 nval=40 nte=200)
2026-06-09 12:28:10 | INFO    | train_session_alignment | [align] bn_statistics_adaptation eegnet      single_sub-014_ses03-to-ses02 seed=4 acc=0.5050 (ntr=160 nval=40 nte=200)
2026-06-09 12:28:20 | INFO    | train_session_alignment | [align] bn_statistics_adaptation eegnet      single_sub-015_ses01-to-ses02 seed=4 acc=0.6850 (ntr=160 nval=40 nte=200)
2026-06-09 12:28:30 | INFO    | train_session_alignment | [align] bn_statistics_adaptation eegnet      single_sub-015_ses01-to-ses03 seed=4 acc=0.5050 (ntr=160 nval=40 nte=200)
2026-06-09 12:28:34 | INFO    | train_session_alignment | [align] bn_statistics_adaptation eegnet      single_sub-015_ses02-to-ses01 seed=4 acc=0.4950 (ntr=160 nval=40 nte=200)
2026-06-09 12:28:38 | INFO    | train_session_alignment | [align] bn_statistics_adaptation eegnet      single_sub-015_ses02-to-ses03 seed=4 acc=0.5200 (ntr=160 nval=40 nte=200)
2026-06-09 12:28:42 | INFO    | train_session_alignment | [align] bn_statistics_adaptation eegnet      single_sub-015_ses03-to-ses01 seed=4 acc=0.5250 (ntr=160 nval=40 nte=200)
2026-06-09 12:28:46 | INFO    | train_session_alignment | [align] bn_statistics_adaptation eegnet      single_sub-015_ses03-to-ses02 seed=4 acc=0.5800 (ntr=160 nval=40 nte=200)
2026-06-09 12:28:50 | INFO    | train_session_alignment | [align] bn_statistics_adaptation eegnet      single_sub-016_ses01-to-ses02 seed=4 acc=0.5100 (ntr=160 nval=40 nte=200)
2026-06-09 12:28:54 | INFO    | train_session_alignment | [align] bn_statistics_adaptation eegnet      single_sub-016_ses01-to-ses03 seed=4 acc=0.5150 (ntr=160 nval=40 nte=200)
2026-06-09 12:28:58 | INFO    | train_session_alignment | [align] bn_statistics_adaptation eegnet      single_sub-016_ses02-to-ses01 seed=4 acc=0.5300 (ntr=160 nval=40 nte=200)
2026-06-09 12:29:02 | INFO    | train_session_alignment | [align] bn_statistics_adaptation eegnet      single_sub-016_ses02-to-ses03 seed=4 acc=0.5200 (ntr=160 nval=40 nte=200)
2026-06-09 12:29:06 | INFO    | train_session_alignment | [align] bn_statistics_adaptation eegnet      single_sub-016_ses03-to-ses01 seed=4 acc=0.5700 (ntr=160 nval=40 nte=200)
2026-06-09 12:29:10 | INFO    | train_session_alignment | [align] bn_statistics_adaptation eegnet      single_sub-016_ses03-to-ses02 seed=4 acc=0.5150 (ntr=160 nval=40 nte=200)
2026-06-09 12:29:26 | INFO    | train_session_alignment | [align] bn_statistics_adaptation eegnet      single_sub-017_ses01-to-ses02 seed=4 acc=0.7000 (ntr=160 nval=40 nte=200)
2026-06-09 12:29:43 | INFO    | train_session_alignment | [align] bn_statistics_adaptation eegnet      single_sub-017_ses01-to-ses03 seed=4 acc=0.6100 (ntr=160 nval=40 nte=200)
2026-06-09 12:29:48 | INFO    | train_session_alignment | [align] bn_statistics_adaptation eegnet      single_sub-017_ses02-to-ses01 seed=4 acc=0.7450 (ntr=160 nval=40 nte=200)
2026-06-09 12:29:53 | INFO    | train_session_alignment | [align] bn_statistics_adaptation eegnet      single_sub-017_ses02-to-ses03 seed=4 acc=0.7450 (ntr=160 nval=40 nte=200)
2026-06-09 12:29:58 | INFO    | train_session_alignment | [align] bn_statistics_adaptation eegnet      single_sub-017_ses03-to-ses01 seed=4 acc=0.6350 (ntr=160 nval=40 nte=200)
2026-06-09 12:30:04 | INFO    | train_session_alignment | [align] bn_statistics_adaptation eegnet      single_sub-017_ses03-to-ses02 seed=4 acc=0.6950 (ntr=160 nval=40 nte=200)
2026-06-09 12:30:12 | INFO    | train_session_alignment | [align] bn_statistics_adaptation eegnet      single_sub-018_ses01-to-ses02 seed=4 acc=0.7450 (ntr=160 nval=40 nte=200)
2026-06-09 12:30:21 | INFO    | train_session_alignment | [align] bn_statistics_adaptation eegnet      single_sub-018_ses01-to-ses03 seed=4 acc=0.5650 (ntr=160 nval=40 nte=200)
2026-06-09 12:30:26 | INFO    | train_session_alignment | [align] bn_statistics_adaptation eegnet      single_sub-018_ses02-to-ses01 seed=4 acc=0.6150 (ntr=160 nval=40 nte=200)
2026-06-09 12:30:32 | INFO    | train_session_alignment | [align] bn_statistics_adaptation eegnet      single_sub-018_ses02-to-ses03 seed=4 acc=0.6900 (ntr=160 nval=40 nte=200)
2026-06-09 12:30:37 | INFO    | train_session_alignment | [align] bn_statistics_adaptation eegnet      single_sub-018_ses03-to-ses01 seed=4 acc=0.5500 (ntr=160 nval=40 nte=200)
2026-06-09 12:30:43 | INFO    | train_session_alignment | [align] bn_statistics_adaptation eegnet      single_sub-018_ses03-to-ses02 seed=4 acc=0.6950 (ntr=160 nval=40 nte=200)
2026-06-09 12:30:47 | INFO    | train_session_alignment | [align] bn_statistics_adaptation eegnet      single_sub-019_ses01-to-ses02 seed=4 acc=0.4300 (ntr=160 nval=40 nte=200)
2026-06-09 12:30:51 | INFO    | train_session_alignment | [align] bn_statistics_adaptation eegnet      single_sub-019_ses01-to-ses03 seed=4 acc=0.4500 (ntr=160 nval=40 nte=200)
2026-06-09 12:30:58 | INFO    | train_session_alignment | [align] bn_statistics_adaptation eegnet      single_sub-019_ses02-to-ses01 seed=4 acc=0.4950 (ntr=160 nval=40 nte=200)
2026-06-09 12:31:05 | INFO    | train_session_alignment | [align] bn_statistics_adaptation eegnet      single_sub-019_ses02-to-ses03 seed=4 acc=0.8050 (ntr=160 nval=40 nte=200)
2026-06-09 12:31:18 | INFO    | train_session_alignment | [align] bn_statistics_adaptation eegnet      single_sub-019_ses03-to-ses01 seed=4 acc=0.5550 (ntr=160 nval=40 nte=200)
2026-06-09 12:31:31 | INFO    | train_session_alignment | [align] bn_statistics_adaptation eegnet      single_sub-019_ses03-to-ses02 seed=4 acc=0.7150 (ntr=160 nval=40 nte=200)
2026-06-09 12:31:47 | INFO    | train_session_alignment | [align] bn_statistics_adaptation eegnet      single_sub-020_ses01-to-ses02 seed=4 acc=0.7950 (ntr=160 nval=40 nte=200)
2026-06-09 12:32:04 | INFO    | train_session_alignment | [align] bn_statistics_adaptation eegnet      single_sub-020_ses01-to-ses03 seed=4 acc=0.5900 (ntr=160 nval=40 nte=200)
2026-06-09 12:32:20 | INFO    | train_session_alignment | [align] bn_statistics_adaptation eegnet      single_sub-020_ses02-to-ses01 seed=4 acc=0.7450 (ntr=160 nval=40 nte=200)
2026-06-09 12:32:36 | INFO    | train_session_alignment | [align] bn_statistics_adaptation eegnet      single_sub-020_ses02-to-ses03 seed=4 acc=0.5600 (ntr=160 nval=40 nte=200)
2026-06-09 12:32:45 | INFO    | train_session_alignment | [align] bn_statistics_adaptation eegnet      single_sub-020_ses03-to-ses01 seed=4 acc=0.4900 (ntr=160 nval=40 nte=200)
2026-06-09 12:32:54 | INFO    | train_session_alignment | [align] bn_statistics_adaptation eegnet      single_sub-020_ses03-to-ses02 seed=4 acc=0.4500 (ntr=160 nval=40 nte=200)
2026-06-09 12:33:06 | INFO    | train_session_alignment | [align] bn_statistics_adaptation eegnet      single_sub-021_ses01-to-ses02 seed=4 acc=0.6700 (ntr=160 nval=40 nte=200)
2026-06-09 12:33:16 | INFO    | train_session_alignment | [align] bn_statistics_adaptation eegnet      single_sub-021_ses01-to-ses03 seed=4 acc=0.8100 (ntr=160 nval=40 nte=200)
2026-06-09 12:33:27 | INFO    | train_session_alignment | [align] bn_statistics_adaptation eegnet      single_sub-021_ses02-to-ses01 seed=4 acc=0.8000 (ntr=160 nval=40 nte=200)
2026-06-09 12:33:39 | INFO    | train_session_alignment | [align] bn_statistics_adaptation eegnet      single_sub-021_ses02-to-ses03 seed=4 acc=0.7550 (ntr=160 nval=40 nte=200)
2026-06-09 12:33:44 | INFO    | train_session_alignment | [align] bn_statistics_adaptation eegnet      single_sub-021_ses03-to-ses01 seed=4 acc=0.5850 (ntr=160 nval=40 nte=200)
2026-06-09 12:33:49 | INFO    | train_session_alignment | [align] bn_statistics_adaptation eegnet      single_sub-021_ses03-to-ses02 seed=4 acc=0.4950 (ntr=160 nval=40 nte=200)
2026-06-09 12:33:57 | INFO    | train_session_alignment | [align] bn_statistics_adaptation eegnet      single_sub-022_ses01-to-ses02 seed=4 acc=0.5150 (ntr=160 nval=40 nte=200)
2026-06-09 12:34:05 | INFO    | train_session_alignment | [align] bn_statistics_adaptation eegnet      single_sub-022_ses01-to-ses03 seed=4 acc=0.5400 (ntr=160 nval=40 nte=200)
2026-06-09 12:34:09 | INFO    | train_session_alignment | [align] bn_statistics_adaptation eegnet      single_sub-022_ses02-to-ses01 seed=4 acc=0.4600 (ntr=160 nval=40 nte=200)
2026-06-09 12:34:13 | INFO    | train_session_alignment | [align] bn_statistics_adaptation eegnet      single_sub-022_ses02-to-ses03 seed=4 acc=0.5400 (ntr=160 nval=40 nte=200)
2026-06-09 12:34:19 | INFO    | train_session_alignment | [align] bn_statistics_adaptation eegnet      single_sub-022_ses03-to-ses01 seed=4 acc=0.5950 (ntr=160 nval=40 nte=200)
2026-06-09 12:34:25 | INFO    | train_session_alignment | [align] bn_statistics_adaptation eegnet      single_sub-022_ses03-to-ses02 seed=4 acc=0.6750 (ntr=160 nval=40 nte=200)
2026-06-09 12:34:39 | INFO    | train_session_alignment | [align] bn_statistics_adaptation eegnet      single_sub-023_ses02-to-ses03 seed=4 acc=0.8850 (ntr=160 nval=40 nte=200)
2026-06-09 12:34:56 | INFO    | train_session_alignment | [align] bn_statistics_adaptation eegnet      single_sub-023_ses03-to-ses02 seed=4 acc=0.7550 (ntr=160 nval=40 nte=200)
2026-06-09 12:35:00 | INFO    | train_session_alignment | [align] bn_statistics_adaptation eegnet      single_sub-025_ses01-to-ses02 seed=4 acc=0.8600 (ntr=160 nval=40 nte=200)
2026-06-09 12:35:04 | INFO    | train_session_alignment | [align] bn_statistics_adaptation eegnet      single_sub-025_ses01-to-ses03 seed=4 acc=0.7700 (ntr=160 nval=40 nte=200)
2026-06-09 12:35:09 | INFO    | train_session_alignment | [align] bn_statistics_adaptation eegnet      single_sub-025_ses02-to-ses01 seed=4 acc=0.8550 (ntr=160 nval=40 nte=200)
2026-06-09 12:35:14 | INFO    | train_session_alignment | [align] bn_statistics_adaptation eegnet      single_sub-025_ses02-to-ses03 seed=4 acc=0.8300 (ntr=160 nval=40 nte=200)
2026-06-09 12:35:19 | INFO    | train_session_alignment | [align] bn_statistics_adaptation eegnet      single_sub-025_ses03-to-ses01 seed=4 acc=0.8000 (ntr=160 nval=40 nte=200)
2026-06-09 12:35:24 | INFO    | train_session_alignment | [align] bn_statistics_adaptation eegnet      single_sub-025_ses03-to-ses02 seed=4 acc=0.8800 (ntr=160 nval=40 nte=200)
2026-06-09 12:35:29 | INFO    | train_session_alignment | [align] bn_statistics_adaptation eegnet      single_sub-026_ses02-to-ses03 seed=4 acc=0.8950 (ntr=160 nval=40 nte=200)
2026-06-09 12:35:45 | INFO    | train_session_alignment | [align] bn_statistics_adaptation eegnet      single_sub-026_ses03-to-ses02 seed=4 acc=0.8350 (ntr=160 nval=40 nte=200)
2026-06-09 12:35:53 | INFO    | train_session_alignment | [align] bn_statistics_adaptation eegnet      single_sub-027_ses01-to-ses02 seed=4 acc=0.5400 (ntr=160 nval=40 nte=200)
2026-06-09 12:36:00 | INFO    | train_session_alignment | [align] bn_statistics_adaptation eegnet      single_sub-027_ses01-to-ses03 seed=4 acc=0.7300 (ntr=160 nval=40 nte=200)
2026-06-09 12:36:05 | INFO    | train_session_alignment | [align] bn_statistics_adaptation eegnet      single_sub-027_ses02-to-ses01 seed=4 acc=0.7050 (ntr=160 nval=40 nte=200)
2026-06-09 12:36:10 | INFO    | train_session_alignment | [align] bn_statistics_adaptation eegnet      single_sub-027_ses02-to-ses03 seed=4 acc=0.7450 (ntr=160 nval=40 nte=200)
2026-06-09 12:36:22 | INFO    | train_session_alignment | [align] bn_statistics_adaptation eegnet      single_sub-027_ses03-to-ses01 seed=4 acc=0.7550 (ntr=160 nval=40 nte=200)
2026-06-09 12:36:35 | INFO    | train_session_alignment | [align] bn_statistics_adaptation eegnet      single_sub-027_ses03-to-ses02 seed=4 acc=0.5750 (ntr=160 nval=40 nte=200)
2026-06-09 12:36:42 | INFO    | train_session_alignment | [align] bn_statistics_adaptation eegnet      single_sub-028_ses01-to-ses02 seed=4 acc=0.7850 (ntr=160 nval=40 nte=200)
2026-06-09 12:36:50 | INFO    | train_session_alignment | [align] bn_statistics_adaptation eegnet      single_sub-028_ses01-to-ses03 seed=4 acc=0.5600 (ntr=160 nval=40 nte=200)
2026-06-09 12:37:02 | INFO    | train_session_alignment | [align] bn_statistics_adaptation eegnet      single_sub-028_ses02-to-ses01 seed=4 acc=0.8700 (ntr=160 nval=40 nte=200)
2026-06-09 12:37:14 | INFO    | train_session_alignment | [align] bn_statistics_adaptation eegnet      single_sub-028_ses02-to-ses03 seed=4 acc=0.5850 (ntr=160 nval=40 nte=200)
2026-06-09 12:37:27 | INFO    | train_session_alignment | [align] bn_statistics_adaptation eegnet      single_sub-028_ses03-to-ses01 seed=4 acc=0.6400 (ntr=160 nval=40 nte=200)
2026-06-09 12:37:40 | INFO    | train_session_alignment | [align] bn_statistics_adaptation eegnet      single_sub-028_ses03-to-ses02 seed=4 acc=0.5300 (ntr=160 nval=40 nte=200)
2026-06-09 12:37:46 | INFO    | train_session_alignment | [align] bn_statistics_adaptation eegnet      single_sub-029_ses01-to-ses02 seed=4 acc=0.4000 (ntr=160 nval=40 nte=200)
2026-06-09 12:37:51 | INFO    | train_session_alignment | [align] bn_statistics_adaptation eegnet      single_sub-029_ses01-to-ses03 seed=4 acc=0.3500 (ntr=160 nval=40 nte=200)
2026-06-09 12:37:56 | INFO    | train_session_alignment | [align] bn_statistics_adaptation eegnet      single_sub-029_ses02-to-ses01 seed=4 acc=0.3450 (ntr=160 nval=40 nte=200)
2026-06-09 12:38:02 | INFO    | train_session_alignment | [align] bn_statistics_adaptation eegnet      single_sub-029_ses02-to-ses03 seed=4 acc=0.9550 (ntr=160 nval=40 nte=200)
2026-06-09 12:38:14 | INFO    | train_session_alignment | [align] bn_statistics_adaptation eegnet      single_sub-029_ses03-to-ses01 seed=4 acc=0.3250 (ntr=160 nval=40 nte=200)
2026-06-09 12:38:26 | INFO    | train_session_alignment | [align] bn_statistics_adaptation eegnet      single_sub-029_ses03-to-ses02 seed=4 acc=0.8750 (ntr=160 nval=40 nte=200)
2026-06-09 12:38:30 | INFO    | train_session_alignment | [align] bn_statistics_adaptation eegnet      single_sub-030_ses01-to-ses02 seed=4 acc=0.8850 (ntr=160 nval=40 nte=200)
2026-06-09 12:38:35 | INFO    | train_session_alignment | [align] bn_statistics_adaptation eegnet      single_sub-030_ses01-to-ses03 seed=4 acc=0.8400 (ntr=160 nval=40 nte=200)
2026-06-09 12:38:40 | INFO    | train_session_alignment | [align] bn_statistics_adaptation eegnet      single_sub-030_ses02-to-ses01 seed=4 acc=0.5000 (ntr=160 nval=40 nte=200)
2026-06-09 12:38:46 | INFO    | train_session_alignment | [align] bn_statistics_adaptation eegnet      single_sub-030_ses02-to-ses03 seed=4 acc=0.9050 (ntr=160 nval=40 nte=200)
2026-06-09 12:38:59 | INFO    | train_session_alignment | [align] bn_statistics_adaptation eegnet      single_sub-030_ses03-to-ses01 seed=4 acc=0.5050 (ntr=160 nval=40 nte=200)
2026-06-09 12:39:12 | INFO    | train_session_alignment | [align] bn_statistics_adaptation eegnet      single_sub-030_ses03-to-ses02 seed=4 acc=0.6650 (ntr=160 nval=40 nte=200)
2026-06-09 12:39:21 | INFO    | train_session_alignment | [align] bn_statistics_adaptation eegnet      single_sub-031_ses01-to-ses02 seed=4 acc=0.6800 (ntr=160 nval=40 nte=200)
2026-06-09 12:39:30 | INFO    | train_session_alignment | [align] bn_statistics_adaptation eegnet      single_sub-031_ses01-to-ses03 seed=4 acc=0.5950 (ntr=160 nval=40 nte=200)
2026-06-09 12:39:35 | INFO    | train_session_alignment | [align] bn_statistics_adaptation eegnet      single_sub-031_ses02-to-ses01 seed=4 acc=0.7300 (ntr=160 nval=40 nte=200)
2026-06-09 12:39:41 | INFO    | train_session_alignment | [align] bn_statistics_adaptation eegnet      single_sub-031_ses02-to-ses03 seed=4 acc=0.7450 (ntr=160 nval=40 nte=200)
2026-06-09 12:39:47 | INFO    | train_session_alignment | [align] bn_statistics_adaptation eegnet      single_sub-031_ses03-to-ses01 seed=4 acc=0.6700 (ntr=160 nval=40 nte=200)
2026-06-09 12:39:54 | INFO    | train_session_alignment | [align] bn_statistics_adaptation eegnet      single_sub-031_ses03-to-ses02 seed=4 acc=0.7900 (ntr=160 nval=40 nte=200)
2026-06-09 12:39:58 | INFO    | train_session_alignment | [align] bn_statistics_adaptation eegnet      single_sub-032_ses01-to-ses03 seed=4 acc=0.6100 (ntr=160 nval=40 nte=200)
2026-06-09 12:40:03 | INFO    | train_session_alignment | [align] bn_statistics_adaptation eegnet      single_sub-032_ses03-to-ses01 seed=4 acc=0.5300 (ntr=160 nval=40 nte=200)
2026-06-09 12:40:19 | INFO    | train_session_alignment | [align] bn_statistics_adaptation eegnet      single_sub-033_ses01-to-ses02 seed=4 acc=0.9400 (ntr=160 nval=40 nte=200)
2026-06-09 12:40:36 | INFO    | train_session_alignment | [align] bn_statistics_adaptation eegnet      single_sub-033_ses01-to-ses03 seed=4 acc=0.9200 (ntr=160 nval=40 nte=200)
2026-06-09 12:40:53 | INFO    | train_session_alignment | [align] bn_statistics_adaptation eegnet      single_sub-033_ses02-to-ses01 seed=4 acc=0.9100 (ntr=160 nval=40 nte=200)
2026-06-09 12:41:09 | INFO    | train_session_alignment | [align] bn_statistics_adaptation eegnet      single_sub-033_ses02-to-ses03 seed=4 acc=0.9200 (ntr=160 nval=40 nte=200)
2026-06-09 12:41:17 | INFO    | train_session_alignment | [align] bn_statistics_adaptation eegnet      single_sub-033_ses03-to-ses01 seed=4 acc=0.8800 (ntr=160 nval=40 nte=200)
2026-06-09 12:41:24 | INFO    | train_session_alignment | [align] bn_statistics_adaptation eegnet      single_sub-033_ses03-to-ses02 seed=4 acc=0.9350 (ntr=160 nval=40 nte=200)
2026-06-09 12:41:31 | INFO    | train_session_alignment | [align] bn_statistics_adaptation eegnet      single_sub-034_ses01-to-ses02 seed=4 acc=0.8700 (ntr=160 nval=40 nte=200)
2026-06-09 12:41:37 | INFO    | train_session_alignment | [align] bn_statistics_adaptation eegnet      single_sub-034_ses01-to-ses03 seed=4 acc=0.7350 (ntr=160 nval=40 nte=200)
2026-06-09 12:41:47 | INFO    | train_session_alignment | [align] bn_statistics_adaptation eegnet      single_sub-034_ses02-to-ses01 seed=4 acc=0.5700 (ntr=160 nval=40 nte=200)
2026-06-09 12:41:57 | INFO    | train_session_alignment | [align] bn_statistics_adaptation eegnet      single_sub-034_ses02-to-ses03 seed=4 acc=0.8700 (ntr=160 nval=40 nte=200)
2026-06-09 12:42:13 | INFO    | train_session_alignment | [align] bn_statistics_adaptation eegnet      single_sub-034_ses03-to-ses01 seed=4 acc=0.6550 (ntr=160 nval=40 nte=200)
2026-06-09 12:42:28 | INFO    | train_session_alignment | [align] bn_statistics_adaptation eegnet      single_sub-034_ses03-to-ses02 seed=4 acc=0.9200 (ntr=160 nval=40 nte=200)
2026-06-09 12:42:41 | INFO    | train_session_alignment | [align] bn_statistics_adaptation eegnet      single_sub-035_ses01-to-ses02 seed=4 acc=0.9100 (ntr=160 nval=40 nte=200)
2026-06-09 12:42:55 | INFO    | train_session_alignment | [align] bn_statistics_adaptation eegnet      single_sub-035_ses01-to-ses03 seed=4 acc=0.8900 (ntr=160 nval=40 nte=200)
2026-06-09 12:43:03 | INFO    | train_session_alignment | [align] bn_statistics_adaptation eegnet      single_sub-035_ses02-to-ses01 seed=4 acc=0.9550 (ntr=160 nval=40 nte=200)
2026-06-09 12:43:12 | INFO    | train_session_alignment | [align] bn_statistics_adaptation eegnet      single_sub-035_ses02-to-ses03 seed=4 acc=0.9250 (ntr=160 nval=40 nte=200)
2026-06-09 12:43:28 | INFO    | train_session_alignment | [align] bn_statistics_adaptation eegnet      single_sub-035_ses03-to-ses01 seed=4 acc=0.9550 (ntr=160 nval=40 nte=200)
2026-06-09 12:43:44 | INFO    | train_session_alignment | [align] bn_statistics_adaptation eegnet      single_sub-035_ses03-to-ses02 seed=4 acc=0.9300 (ntr=160 nval=40 nte=200)
2026-06-09 12:43:51 | INFO    | train_session_alignment | [align] bn_statistics_adaptation eegnet      single_sub-036_ses01-to-ses02 seed=4 acc=0.9350 (ntr=160 nval=40 nte=200)
2026-06-09 12:43:57 | INFO    | train_session_alignment | [align] bn_statistics_adaptation eegnet      single_sub-036_ses01-to-ses03 seed=4 acc=0.9800 (ntr=160 nval=40 nte=200)
2026-06-09 12:44:02 | INFO    | train_session_alignment | [align] bn_statistics_adaptation eegnet      single_sub-036_ses02-to-ses01 seed=4 acc=0.8750 (ntr=160 nval=40 nte=200)
2026-06-09 12:44:08 | INFO    | train_session_alignment | [align] bn_statistics_adaptation eegnet      single_sub-036_ses02-to-ses03 seed=4 acc=0.9900 (ntr=160 nval=40 nte=200)
2026-06-09 12:44:18 | INFO    | train_session_alignment | [align] bn_statistics_adaptation eegnet      single_sub-036_ses03-to-ses01 seed=4 acc=0.8700 (ntr=160 nval=40 nte=200)
2026-06-09 12:44:30 | INFO    | train_session_alignment | [align] bn_statistics_adaptation eegnet      single_sub-036_ses03-to-ses02 seed=4 acc=0.8950 (ntr=160 nval=40 nte=200)
2026-06-09 12:44:44 | INFO    | train_session_alignment | [align] bn_statistics_adaptation eegnet      single_sub-037_ses01-to-ses02 seed=4 acc=0.9000 (ntr=160 nval=40 nte=200)
2026-06-09 12:44:59 | INFO    | train_session_alignment | [align] bn_statistics_adaptation eegnet      single_sub-037_ses01-to-ses03 seed=4 acc=0.9000 (ntr=160 nval=40 nte=200)
2026-06-09 12:45:04 | INFO    | train_session_alignment | [align] bn_statistics_adaptation eegnet      single_sub-037_ses02-to-ses01 seed=4 acc=0.7250 (ntr=160 nval=40 nte=200)
2026-06-09 12:45:08 | INFO    | train_session_alignment | [align] bn_statistics_adaptation eegnet      single_sub-037_ses02-to-ses03 seed=4 acc=0.9100 (ntr=160 nval=40 nte=200)
2026-06-09 12:45:13 | INFO    | train_session_alignment | [align] bn_statistics_adaptation eegnet      single_sub-037_ses03-to-ses01 seed=4 acc=0.6750 (ntr=160 nval=40 nte=200)
2026-06-09 12:45:18 | INFO    | train_session_alignment | [align] bn_statistics_adaptation eegnet      single_sub-037_ses03-to-ses02 seed=4 acc=0.8900 (ntr=160 nval=40 nte=200)
2026-06-09 12:45:22 | INFO    | train_session_alignment | [align] bn_statistics_adaptation eegnet      single_sub-038_ses01-to-ses02 seed=4 acc=0.4900 (ntr=160 nval=40 nte=200)
2026-06-09 12:45:26 | INFO    | train_session_alignment | [align] bn_statistics_adaptation eegnet      single_sub-038_ses01-to-ses03 seed=4 acc=0.4500 (ntr=160 nval=40 nte=200)
2026-06-09 12:45:40 | INFO    | train_session_alignment | [align] bn_statistics_adaptation eegnet      single_sub-038_ses02-to-ses01 seed=4 acc=0.5050 (ntr=160 nval=40 nte=200)
2026-06-09 12:45:54 | INFO    | train_session_alignment | [align] bn_statistics_adaptation eegnet      single_sub-038_ses02-to-ses03 seed=4 acc=0.5200 (ntr=160 nval=40 nte=200)
2026-06-09 12:46:05 | INFO    | train_session_alignment | [align] bn_statistics_adaptation eegnet      single_sub-038_ses03-to-ses01 seed=4 acc=0.5200 (ntr=160 nval=40 nte=200)
2026-06-09 12:46:16 | INFO    | train_session_alignment | [align] bn_statistics_adaptation eegnet      single_sub-038_ses03-to-ses02 seed=4 acc=0.4950 (ntr=160 nval=40 nte=200)
2026-06-09 12:46:24 | INFO    | train_session_alignment | [align] bn_statistics_adaptation eegnet      single_sub-039_ses01-to-ses02 seed=4 acc=0.4650 (ntr=160 nval=40 nte=200)
2026-06-09 12:46:32 | INFO    | train_session_alignment | [align] bn_statistics_adaptation eegnet      single_sub-039_ses01-to-ses03 seed=4 acc=0.4600 (ntr=160 nval=40 nte=200)
2026-06-09 12:46:38 | INFO    | train_session_alignment | [align] bn_statistics_adaptation eegnet      single_sub-039_ses02-to-ses01 seed=4 acc=0.4250 (ntr=160 nval=40 nte=200)
2026-06-09 12:46:44 | INFO    | train_session_alignment | [align] bn_statistics_adaptation eegnet      single_sub-039_ses02-to-ses03 seed=4 acc=0.5600 (ntr=160 nval=40 nte=200)
2026-06-09 12:46:48 | INFO    | train_session_alignment | [align] bn_statistics_adaptation eegnet      single_sub-039_ses03-to-ses01 seed=4 acc=0.4050 (ntr=160 nval=40 nte=200)
2026-06-09 12:46:52 | INFO    | train_session_alignment | [align] bn_statistics_adaptation eegnet      single_sub-039_ses03-to-ses02 seed=4 acc=0.5500 (ntr=160 nval=40 nte=200)
2026-06-09 12:47:09 | INFO    | train_session_alignment | [align] bn_statistics_adaptation eegnet      single_sub-040_ses01-to-ses02 seed=4 acc=0.7000 (ntr=160 nval=40 nte=200)
2026-06-09 12:47:25 | INFO    | train_session_alignment | [align] bn_statistics_adaptation eegnet      single_sub-040_ses01-to-ses03 seed=4 acc=0.8100 (ntr=160 nval=40 nte=200)
2026-06-09 12:47:29 | INFO    | train_session_alignment | [align] bn_statistics_adaptation eegnet      single_sub-040_ses02-to-ses01 seed=4 acc=0.5400 (ntr=160 nval=40 nte=200)
2026-06-09 12:47:33 | INFO    | train_session_alignment | [align] bn_statistics_adaptation eegnet      single_sub-040_ses02-to-ses03 seed=4 acc=0.5950 (ntr=160 nval=40 nte=200)
2026-06-09 12:47:40 | INFO    | train_session_alignment | [align] bn_statistics_adaptation eegnet      single_sub-040_ses03-to-ses01 seed=4 acc=0.7100 (ntr=160 nval=40 nte=200)
2026-06-09 12:47:47 | INFO    | train_session_alignment | [align] bn_statistics_adaptation eegnet      single_sub-040_ses03-to-ses02 seed=4 acc=0.6700 (ntr=160 nval=40 nte=200)
2026-06-09 12:47:55 | INFO    | train_session_alignment | [align] bn_statistics_adaptation eegnet      single_sub-041_ses01-to-ses02 seed=4 acc=0.8700 (ntr=160 nval=40 nte=200)
2026-06-09 12:48:03 | INFO    | train_session_alignment | [align] bn_statistics_adaptation eegnet      single_sub-041_ses01-to-ses03 seed=4 acc=0.8900 (ntr=160 nval=40 nte=200)
2026-06-09 12:48:11 | INFO    | train_session_alignment | [align] bn_statistics_adaptation eegnet      single_sub-041_ses02-to-ses01 seed=4 acc=0.8650 (ntr=160 nval=40 nte=200)
2026-06-09 12:48:19 | INFO    | train_session_alignment | [align] bn_statistics_adaptation eegnet      single_sub-041_ses02-to-ses03 seed=4 acc=0.9000 (ntr=160 nval=40 nte=200)
2026-06-09 12:48:26 | INFO    | train_session_alignment | [align] bn_statistics_adaptation eegnet      single_sub-041_ses03-to-ses01 seed=4 acc=0.8650 (ntr=160 nval=40 nte=200)
2026-06-09 12:48:34 | INFO    | train_session_alignment | [align] bn_statistics_adaptation eegnet      single_sub-041_ses03-to-ses02 seed=4 acc=0.8650 (ntr=160 nval=40 nte=200)
2026-06-09 12:48:42 | INFO    | train_session_alignment | [align] bn_statistics_adaptation eegnet      single_sub-042_ses01-to-ses02 seed=4 acc=0.7000 (ntr=160 nval=40 nte=200)
2026-06-09 12:48:50 | INFO    | train_session_alignment | [align] bn_statistics_adaptation eegnet      single_sub-042_ses01-to-ses03 seed=4 acc=0.6800 (ntr=160 nval=40 nte=200)
2026-06-09 12:48:56 | INFO    | train_session_alignment | [align] bn_statistics_adaptation eegnet      single_sub-042_ses02-to-ses01 seed=4 acc=0.7200 (ntr=160 nval=40 nte=200)
2026-06-09 12:49:02 | INFO    | train_session_alignment | [align] bn_statistics_adaptation eegnet      single_sub-042_ses02-to-ses03 seed=4 acc=0.6050 (ntr=160 nval=40 nte=200)
2026-06-09 12:49:08 | INFO    | train_session_alignment | [align] bn_statistics_adaptation eegnet      single_sub-042_ses03-to-ses01 seed=4 acc=0.7250 (ntr=160 nval=40 nte=200)
2026-06-09 12:49:13 | INFO    | train_session_alignment | [align] bn_statistics_adaptation eegnet      single_sub-042_ses03-to-ses02 seed=4 acc=0.5600 (ntr=160 nval=40 nte=200)
2026-06-09 12:49:30 | INFO    | train_session_alignment | [align] bn_statistics_adaptation eegnet      single_sub-043_ses01-to-ses02 seed=4 acc=0.9500 (ntr=160 nval=40 nte=200)
2026-06-09 12:49:46 | INFO    | train_session_alignment | [align] bn_statistics_adaptation eegnet      single_sub-043_ses01-to-ses03 seed=4 acc=0.9250 (ntr=160 nval=40 nte=200)
2026-06-09 12:49:54 | INFO    | train_session_alignment | [align] bn_statistics_adaptation eegnet      single_sub-043_ses02-to-ses01 seed=4 acc=0.9350 (ntr=160 nval=40 nte=200)
2026-06-09 12:50:01 | INFO    | train_session_alignment | [align] bn_statistics_adaptation eegnet      single_sub-043_ses02-to-ses03 seed=4 acc=0.9050 (ntr=160 nval=40 nte=200)
2026-06-09 12:50:11 | INFO    | train_session_alignment | [align] bn_statistics_adaptation eegnet      single_sub-043_ses03-to-ses01 seed=4 acc=0.9700 (ntr=160 nval=40 nte=200)
2026-06-09 12:50:22 | INFO    | train_session_alignment | [align] bn_statistics_adaptation eegnet      single_sub-043_ses03-to-ses02 seed=4 acc=0.9800 (ntr=160 nval=40 nte=200)
2026-06-09 12:50:27 | INFO    | train_session_alignment | [align] bn_statistics_adaptation eegnet      single_sub-044_ses01-to-ses02 seed=4 acc=0.5950 (ntr=160 nval=40 nte=200)
2026-06-09 12:50:31 | INFO    | train_session_alignment | [align] bn_statistics_adaptation eegnet      single_sub-044_ses01-to-ses03 seed=4 acc=0.6450 (ntr=160 nval=40 nte=200)
2026-06-09 12:50:37 | INFO    | train_session_alignment | [align] bn_statistics_adaptation eegnet      single_sub-044_ses02-to-ses01 seed=4 acc=0.6400 (ntr=160 nval=40 nte=200)
2026-06-09 12:50:42 | INFO    | train_session_alignment | [align] bn_statistics_adaptation eegnet      single_sub-044_ses02-to-ses03 seed=4 acc=0.6900 (ntr=160 nval=40 nte=200)
2026-06-09 12:50:50 | INFO    | train_session_alignment | [align] bn_statistics_adaptation eegnet      single_sub-044_ses03-to-ses01 seed=4 acc=0.5950 (ntr=160 nval=40 nte=200)
2026-06-09 12:50:58 | INFO    | train_session_alignment | [align] bn_statistics_adaptation eegnet      single_sub-044_ses03-to-ses02 seed=4 acc=0.7000 (ntr=160 nval=40 nte=200)
2026-06-09 12:51:10 | INFO    | train_session_alignment | [align] bn_statistics_adaptation eegnet      single_sub-045_ses01-to-ses02 seed=4 acc=0.7700 (ntr=160 nval=40 nte=200)
2026-06-09 12:51:22 | INFO    | train_session_alignment | [align] bn_statistics_adaptation eegnet      single_sub-045_ses01-to-ses03 seed=4 acc=0.8450 (ntr=160 nval=40 nte=200)
2026-06-09 12:51:28 | INFO    | train_session_alignment | [align] bn_statistics_adaptation eegnet      single_sub-045_ses02-to-ses01 seed=4 acc=0.7950 (ntr=160 nval=40 nte=200)
2026-06-09 12:51:34 | INFO    | train_session_alignment | [align] bn_statistics_adaptation eegnet      single_sub-045_ses02-to-ses03 seed=4 acc=0.8200 (ntr=160 nval=40 nte=200)
2026-06-09 12:51:41 | INFO    | train_session_alignment | [align] bn_statistics_adaptation eegnet      single_sub-045_ses03-to-ses01 seed=4 acc=0.7650 (ntr=160 nval=40 nte=200)
2026-06-09 12:51:48 | INFO    | train_session_alignment | [align] bn_statistics_adaptation eegnet      single_sub-045_ses03-to-ses02 seed=4 acc=0.7950 (ntr=160 nval=40 nte=200)
2026-06-09 12:52:00 | INFO    | train_session_alignment | [align] bn_statistics_adaptation eegnet      single_sub-046_ses01-to-ses02 seed=4 acc=0.9800 (ntr=160 nval=40 nte=200)
2026-06-09 12:52:12 | INFO    | train_session_alignment | [align] bn_statistics_adaptation eegnet      single_sub-046_ses01-to-ses03 seed=4 acc=0.9150 (ntr=160 nval=40 nte=200)
2026-06-09 12:52:23 | INFO    | train_session_alignment | [align] bn_statistics_adaptation eegnet      single_sub-046_ses02-to-ses01 seed=4 acc=0.9800 (ntr=160 nval=40 nte=200)
2026-06-09 12:52:34 | INFO    | train_session_alignment | [align] bn_statistics_adaptation eegnet      single_sub-046_ses02-to-ses03 seed=4 acc=0.9600 (ntr=160 nval=40 nte=200)
2026-06-09 12:52:45 | INFO    | train_session_alignment | [align] bn_statistics_adaptation eegnet      single_sub-046_ses03-to-ses01 seed=4 acc=0.9950 (ntr=160 nval=40 nte=200)
2026-06-09 12:52:56 | INFO    | train_session_alignment | [align] bn_statistics_adaptation eegnet      single_sub-046_ses03-to-ses02 seed=4 acc=0.9900 (ntr=160 nval=40 nte=200)
2026-06-09 12:53:03 | INFO    | train_session_alignment | [align] bn_statistics_adaptation eegnet      single_sub-047_ses01-to-ses02 seed=4 acc=0.8250 (ntr=160 nval=40 nte=200)
2026-06-09 12:53:11 | INFO    | train_session_alignment | [align] bn_statistics_adaptation eegnet      single_sub-047_ses01-to-ses03 seed=4 acc=0.7700 (ntr=160 nval=40 nte=200)
2026-06-09 12:53:16 | INFO    | train_session_alignment | [align] bn_statistics_adaptation eegnet      single_sub-047_ses02-to-ses01 seed=4 acc=0.6750 (ntr=160 nval=40 nte=200)
2026-06-09 12:53:21 | INFO    | train_session_alignment | [align] bn_statistics_adaptation eegnet      single_sub-047_ses02-to-ses03 seed=4 acc=0.6000 (ntr=160 nval=40 nte=200)
2026-06-09 12:53:28 | INFO    | train_session_alignment | [align] bn_statistics_adaptation eegnet      single_sub-047_ses03-to-ses01 seed=4 acc=0.8850 (ntr=160 nval=40 nte=200)
2026-06-09 12:53:36 | INFO    | train_session_alignment | [align] bn_statistics_adaptation eegnet      single_sub-047_ses03-to-ses02 seed=4 acc=0.8100 (ntr=160 nval=40 nte=200)
2026-06-09 12:53:43 | INFO    | train_session_alignment | [align] bn_statistics_adaptation eegnet      single_sub-048_ses01-to-ses02 seed=4 acc=0.8400 (ntr=160 nval=40 nte=200)
2026-06-09 12:53:50 | INFO    | train_session_alignment | [align] bn_statistics_adaptation eegnet      single_sub-048_ses01-to-ses03 seed=4 acc=0.8250 (ntr=160 nval=40 nte=200)
2026-06-09 12:53:57 | INFO    | train_session_alignment | [align] bn_statistics_adaptation eegnet      single_sub-048_ses02-to-ses01 seed=4 acc=0.7800 (ntr=160 nval=40 nte=200)
2026-06-09 12:54:04 | INFO    | train_session_alignment | [align] bn_statistics_adaptation eegnet      single_sub-048_ses02-to-ses03 seed=4 acc=0.7800 (ntr=160 nval=40 nte=200)
2026-06-09 12:54:10 | INFO    | train_session_alignment | [align] bn_statistics_adaptation eegnet      single_sub-048_ses03-to-ses01 seed=4 acc=0.7250 (ntr=160 nval=40 nte=200)
2026-06-09 12:54:16 | INFO    | train_session_alignment | [align] bn_statistics_adaptation eegnet      single_sub-048_ses03-to-ses02 seed=4 acc=0.7900 (ntr=160 nval=40 nte=200)
2026-06-09 12:54:26 | INFO    | train_session_alignment | [align] bn_statistics_adaptation eegnet      single_sub-049_ses01-to-ses02 seed=4 acc=0.5850 (ntr=160 nval=40 nte=200)
2026-06-09 12:54:35 | INFO    | train_session_alignment | [align] bn_statistics_adaptation eegnet      single_sub-049_ses01-to-ses03 seed=4 acc=0.6300 (ntr=160 nval=40 nte=200)
2026-06-09 12:54:46 | INFO    | train_session_alignment | [align] bn_statistics_adaptation eegnet      single_sub-049_ses02-to-ses01 seed=4 acc=0.9100 (ntr=160 nval=40 nte=200)
2026-06-09 12:54:56 | INFO    | train_session_alignment | [align] bn_statistics_adaptation eegnet      single_sub-049_ses02-to-ses03 seed=4 acc=0.8700 (ntr=160 nval=40 nte=200)
2026-06-09 12:55:04 | INFO    | train_session_alignment | [align] bn_statistics_adaptation eegnet      single_sub-049_ses03-to-ses01 seed=4 acc=0.7700 (ntr=160 nval=40 nte=200)
2026-06-09 12:55:12 | INFO    | train_session_alignment | [align] bn_statistics_adaptation eegnet      single_sub-049_ses03-to-ses02 seed=4 acc=0.7550 (ntr=160 nval=40 nte=200)
2026-06-09 12:55:26 | INFO    | train_session_alignment | [align] bn_statistics_adaptation eegnet      single_sub-050_ses01-to-ses02 seed=4 acc=0.9350 (ntr=160 nval=40 nte=200)
2026-06-09 12:55:39 | INFO    | train_session_alignment | [align] bn_statistics_adaptation eegnet      single_sub-050_ses01-to-ses03 seed=4 acc=0.9350 (ntr=160 nval=40 nte=200)
2026-06-09 12:55:51 | INFO    | train_session_alignment | [align] bn_statistics_adaptation eegnet      single_sub-050_ses02-to-ses01 seed=4 acc=0.8250 (ntr=160 nval=40 nte=200)
2026-06-09 12:56:02 | INFO    | train_session_alignment | [align] bn_statistics_adaptation eegnet      single_sub-050_ses02-to-ses03 seed=4 acc=0.9550 (ntr=160 nval=40 nte=200)
2026-06-09 12:56:19 | INFO    | train_session_alignment | [align] bn_statistics_adaptation eegnet      single_sub-050_ses03-to-ses01 seed=4 acc=0.7750 (ntr=160 nval=40 nte=200)
2026-06-09 12:56:36 | INFO    | train_session_alignment | [align] bn_statistics_adaptation eegnet      single_sub-050_ses03-to-ses02 seed=4 acc=0.9350 (ntr=160 nval=40 nte=200)
2026-06-09 12:56:48 | INFO    | train_session_alignment | [align] bn_statistics_adaptation eegnet      single_sub-051_ses01-to-ses02 seed=4 acc=0.6450 (ntr=160 nval=40 nte=200)
2026-06-09 12:57:00 | INFO    | train_session_alignment | [align] bn_statistics_adaptation eegnet      single_sub-051_ses01-to-ses03 seed=4 acc=0.8400 (ntr=160 nval=40 nte=200)
2026-06-09 12:57:07 | INFO    | train_session_alignment | [align] bn_statistics_adaptation eegnet      single_sub-051_ses02-to-ses01 seed=4 acc=0.8200 (ntr=160 nval=40 nte=200)
2026-06-09 12:57:14 | INFO    | train_session_alignment | [align] bn_statistics_adaptation eegnet      single_sub-051_ses02-to-ses03 seed=4 acc=0.8350 (ntr=160 nval=40 nte=200)
2026-06-09 12:57:20 | INFO    | train_session_alignment | [align] bn_statistics_adaptation eegnet      single_sub-051_ses03-to-ses01 seed=4 acc=0.8250 (ntr=160 nval=40 nte=200)
2026-06-09 12:57:25 | INFO    | train_session_alignment | [align] bn_statistics_adaptation eegnet      single_sub-051_ses03-to-ses02 seed=4 acc=0.7100 (ntr=160 nval=40 nte=200)
2026-06-09 12:57:37 | INFO    | train_session_alignment | [align] bn_statistics_adaptation eegnet      multi_sub-001_ses01ses02-to-ses03 seed=4 acc=0.9700 (ntr=320 nval=80 nte=200)
2026-06-09 12:57:43 | INFO    | train_session_alignment | [align] bn_statistics_adaptation eegnet      multi_sub-002_ses01ses02-to-ses03 seed=4 acc=0.7250 (ntr=320 nval=80 nte=200)
2026-06-09 12:58:01 | INFO    | train_session_alignment | [align] bn_statistics_adaptation eegnet      multi_sub-003_ses01ses02-to-ses03 seed=4 acc=0.8850 (ntr=320 nval=80 nte=200)
2026-06-09 12:58:06 | INFO    | train_session_alignment | [align] bn_statistics_adaptation eegnet      multi_sub-004_ses01ses02-to-ses03 seed=4 acc=0.4600 (ntr=320 nval=80 nte=200)
2026-06-09 12:58:19 | INFO    | train_session_alignment | [align] bn_statistics_adaptation eegnet      multi_sub-005_ses01ses02-to-ses03 seed=4 acc=0.7800 (ntr=320 nval=80 nte=200)
2026-06-09 12:58:30 | INFO    | train_session_alignment | [align] bn_statistics_adaptation eegnet      multi_sub-006_ses01ses02-to-ses03 seed=4 acc=0.9750 (ntr=320 nval=80 nte=200)
2026-06-09 12:58:41 | INFO    | train_session_alignment | [align] bn_statistics_adaptation eegnet      multi_sub-007_ses01ses02-to-ses03 seed=4 acc=0.8600 (ntr=320 nval=80 nte=200)
2026-06-09 12:58:51 | INFO    | train_session_alignment | [align] bn_statistics_adaptation eegnet      multi_sub-008_ses01ses02-to-ses03 seed=4 acc=0.8900 (ntr=320 nval=80 nte=200)
2026-06-09 12:58:58 | INFO    | train_session_alignment | [align] bn_statistics_adaptation eegnet      multi_sub-009_ses01ses02-to-ses03 seed=4 acc=0.6500 (ntr=320 nval=80 nte=200)
2026-06-09 12:59:04 | INFO    | train_session_alignment | [align] bn_statistics_adaptation eegnet      multi_sub-010_ses01ses02-to-ses03 seed=4 acc=0.5250 (ntr=320 nval=80 nte=200)
2026-06-09 12:59:11 | INFO    | train_session_alignment | [align] bn_statistics_adaptation eegnet      multi_sub-011_ses01ses02-to-ses03 seed=4 acc=0.9550 (ntr=320 nval=80 nte=200)
2026-06-09 12:59:17 | INFO    | train_session_alignment | [align] bn_statistics_adaptation eegnet      multi_sub-012_ses01ses02-to-ses03 seed=4 acc=0.5200 (ntr=320 nval=80 nte=200)
2026-06-09 12:59:32 | INFO    | train_session_alignment | [align] bn_statistics_adaptation eegnet      multi_sub-013_ses01ses02-to-ses03 seed=4 acc=0.7900 (ntr=320 nval=80 nte=200)
2026-06-09 12:59:37 | INFO    | train_session_alignment | [align] bn_statistics_adaptation eegnet      multi_sub-014_ses01ses02-to-ses03 seed=4 acc=0.4900 (ntr=320 nval=80 nte=200)
2026-06-09 12:59:46 | INFO    | train_session_alignment | [align] bn_statistics_adaptation eegnet      multi_sub-015_ses01ses02-to-ses03 seed=4 acc=0.5750 (ntr=320 nval=80 nte=200)
2026-06-09 12:59:51 | INFO    | train_session_alignment | [align] bn_statistics_adaptation eegnet      multi_sub-016_ses01ses02-to-ses03 seed=4 acc=0.5950 (ntr=320 nval=80 nte=200)
2026-06-09 13:00:03 | INFO    | train_session_alignment | [align] bn_statistics_adaptation eegnet      multi_sub-017_ses01ses02-to-ses03 seed=4 acc=0.7300 (ntr=320 nval=80 nte=200)
2026-06-09 13:00:16 | INFO    | train_session_alignment | [align] bn_statistics_adaptation eegnet      multi_sub-018_ses01ses02-to-ses03 seed=4 acc=0.6400 (ntr=320 nval=80 nte=200)
2026-06-09 13:00:25 | INFO    | train_session_alignment | [align] bn_statistics_adaptation eegnet      multi_sub-019_ses01ses02-to-ses03 seed=4 acc=0.7800 (ntr=320 nval=80 nte=200)
2026-06-09 13:00:40 | INFO    | train_session_alignment | [align] bn_statistics_adaptation eegnet      multi_sub-020_ses01ses02-to-ses03 seed=4 acc=0.5500 (ntr=320 nval=80 nte=200)
2026-06-09 13:00:48 | INFO    | train_session_alignment | [align] bn_statistics_adaptation eegnet      multi_sub-021_ses01ses02-to-ses03 seed=4 acc=0.7950 (ntr=320 nval=80 nte=200)
2026-06-09 13:01:06 | INFO    | train_session_alignment | [align] bn_statistics_adaptation eegnet      multi_sub-022_ses01ses02-to-ses03 seed=4 acc=0.8300 (ntr=320 nval=80 nte=200)
2026-06-09 13:01:17 | INFO    | train_session_alignment | [align] bn_statistics_adaptation eegnet      multi_sub-025_ses01ses02-to-ses03 seed=4 acc=0.8550 (ntr=320 nval=80 nte=200)
2026-06-09 13:01:25 | INFO    | train_session_alignment | [align] bn_statistics_adaptation eegnet      multi_sub-027_ses01ses02-to-ses03 seed=4 acc=0.7450 (ntr=320 nval=80 nte=200)
2026-06-09 13:01:34 | INFO    | train_session_alignment | [align] bn_statistics_adaptation eegnet      multi_sub-028_ses01ses02-to-ses03 seed=4 acc=0.5700 (ntr=320 nval=80 nte=200)
2026-06-09 13:01:44 | INFO    | train_session_alignment | [align] bn_statistics_adaptation eegnet      multi_sub-029_ses01ses02-to-ses03 seed=4 acc=0.7300 (ntr=320 nval=80 nte=200)
2026-06-09 13:01:58 | INFO    | train_session_alignment | [align] bn_statistics_adaptation eegnet      multi_sub-030_ses01ses02-to-ses03 seed=4 acc=0.9150 (ntr=320 nval=80 nte=200)
2026-06-09 13:02:05 | INFO    | train_session_alignment | [align] bn_statistics_adaptation eegnet      multi_sub-031_ses01ses02-to-ses03 seed=4 acc=0.6950 (ntr=320 nval=80 nte=200)
2026-06-09 13:02:16 | INFO    | train_session_alignment | [align] bn_statistics_adaptation eegnet      multi_sub-033_ses01ses02-to-ses03 seed=4 acc=0.9550 (ntr=320 nval=80 nte=200)
2026-06-09 13:02:22 | INFO    | train_session_alignment | [align] bn_statistics_adaptation eegnet      multi_sub-034_ses01ses02-to-ses03 seed=4 acc=0.8600 (ntr=320 nval=80 nte=200)
2026-06-09 13:02:31 | INFO    | train_session_alignment | [align] bn_statistics_adaptation eegnet      multi_sub-035_ses01ses02-to-ses03 seed=4 acc=0.8350 (ntr=320 nval=80 nte=200)
2026-06-09 13:02:39 | INFO    | train_session_alignment | [align] bn_statistics_adaptation eegnet      multi_sub-036_ses01ses02-to-ses03 seed=4 acc=0.9950 (ntr=320 nval=80 nte=200)
2026-06-09 13:02:52 | INFO    | train_session_alignment | [align] bn_statistics_adaptation eegnet      multi_sub-037_ses01ses02-to-ses03 seed=4 acc=0.9150 (ntr=320 nval=80 nte=200)
2026-06-09 13:03:01 | INFO    | train_session_alignment | [align] bn_statistics_adaptation eegnet      multi_sub-038_ses01ses02-to-ses03 seed=4 acc=0.6200 (ntr=320 nval=80 nte=200)
2026-06-09 13:03:09 | INFO    | train_session_alignment | [align] bn_statistics_adaptation eegnet      multi_sub-039_ses01ses02-to-ses03 seed=4 acc=0.4050 (ntr=320 nval=80 nte=200)
2026-06-09 13:03:16 | INFO    | train_session_alignment | [align] bn_statistics_adaptation eegnet      multi_sub-040_ses01ses02-to-ses03 seed=4 acc=0.8500 (ntr=320 nval=80 nte=200)
2026-06-09 13:03:23 | INFO    | train_session_alignment | [align] bn_statistics_adaptation eegnet      multi_sub-041_ses01ses02-to-ses03 seed=4 acc=0.9000 (ntr=320 nval=80 nte=200)
2026-06-09 13:03:30 | INFO    | train_session_alignment | [align] bn_statistics_adaptation eegnet      multi_sub-042_ses01ses02-to-ses03 seed=4 acc=0.6650 (ntr=320 nval=80 nte=200)
2026-06-09 13:03:45 | INFO    | train_session_alignment | [align] bn_statistics_adaptation eegnet      multi_sub-043_ses01ses02-to-ses03 seed=4 acc=0.9750 (ntr=320 nval=80 nte=200)
2026-06-09 13:03:53 | INFO    | train_session_alignment | [align] bn_statistics_adaptation eegnet      multi_sub-044_ses01ses02-to-ses03 seed=4 acc=0.7350 (ntr=320 nval=80 nte=200)
2026-06-09 13:04:00 | INFO    | train_session_alignment | [align] bn_statistics_adaptation eegnet      multi_sub-045_ses01ses02-to-ses03 seed=4 acc=0.8450 (ntr=320 nval=80 nte=200)
2026-06-09 13:04:21 | INFO    | train_session_alignment | [align] bn_statistics_adaptation eegnet      multi_sub-046_ses01ses02-to-ses03 seed=4 acc=0.9650 (ntr=320 nval=80 nte=200)
2026-06-09 13:04:33 | INFO    | train_session_alignment | [align] bn_statistics_adaptation eegnet      multi_sub-047_ses01ses02-to-ses03 seed=4 acc=0.8700 (ntr=320 nval=80 nte=200)
2026-06-09 13:04:38 | INFO    | train_session_alignment | [align] bn_statistics_adaptation eegnet      multi_sub-048_ses01ses02-to-ses03 seed=4 acc=0.8050 (ntr=320 nval=80 nte=200)
2026-06-09 13:04:49 | INFO    | train_session_alignment | [align] bn_statistics_adaptation eegnet      multi_sub-049_ses01ses02-to-ses03 seed=4 acc=0.8350 (ntr=320 nval=80 nte=200)
2026-06-09 13:04:59 | INFO    | train_session_alignment | [align] bn_statistics_adaptation eegnet      multi_sub-050_ses01ses02-to-ses03 seed=4 acc=0.9450 (ntr=320 nval=80 nte=200)
2026-06-09 13:05:12 | INFO    | train_session_alignment | [align] bn_statistics_adaptation eegnet      multi_sub-051_ses01ses02-to-ses03 seed=4 acc=0.8850 (ntr=320 nval=80 nte=200)
2026-06-09 13:05:12 | INFO    | train_session_alignment | ALL DONE in 2919.3s | rows=335 ok=335 failed=0 | out=/share/home/yuan/SYX/eeg-mi-online/outputs/experiments/alignment_baseline_v1
Done: Tue Jun  9 13:05:13 CST 2026
