Project: /share/home/yuan/SYX/eeg-mi-online
Env    : mi_torch_cu118
Args   : --methods riemannian_alignment --models fbcnet --seeds 2 --protocols single,multi --tag-suffix riemannian_alignment_fbcnet_s2
Node   : gpu01 | Start: Tue Jun  9 10:16:44 CST 2026
Tue Jun  9 10:16:45 2026       
+-----------------------------------------------------------------------------------------+
| NVIDIA-SMI 570.153.02             Driver Version: 570.153.02     CUDA Version: 12.8     |
|-----------------------------------------+------------------------+----------------------+
| GPU  Name                 Persistence-M | Bus-Id          Disp.A | Volatile Uncorr. ECC |
| Fan  Temp   Perf          Pwr:Usage/Cap |           Memory-Usage | GPU-Util  Compute M. |
|                                         |                        |               MIG M. |
|=========================================+========================+======================|
|   0  NVIDIA GeForce RTX 4090 D      On  |   00000000:21:00.0 Off |                  Off |
| 74%   47C    P0             80W /  425W |       1MiB /  24564MiB |      0%      Default |
|                                         |                        |                  N/A |
+-----------------------------------------+------------------------+----------------------+
                                                                                         
+-----------------------------------------------------------------------------------------+
| Processes:                                                                              |
|  GPU   GI   CI              PID   Type   Process name                        GPU Memory |
|        ID   ID                                                               Usage      |
|=========================================================================================|
|  No running processes found                                                             |
+-----------------------------------------------------------------------------------------+
[cuda-check] torch=2.7.1+cu118 cuda_build=11.8 cuda_avail=True
2026-06-09 10:16:48 | INFO    | train_session_alignment | device=cuda | cuda={'torch': '2.7.1+cu118', 'cuda_build': '11.8', 'cuda_available': True, 'device': 'cuda', 'device_name': 'NVIDIA GeForce RTX 4090 D'}
2026-06-09 10:16:48 | INFO    | train_session_alignment | loaded 148 ok sessions | methods=['riemannian_alignment'] | models=['fbcnet'] | seeds=[2] | groups=['single', 'multi'] | tasks=335
2026-06-09 10:17:00 | INFO    | train_session_alignment | [align] riemannian_alignment   fbcnet      single_sub-001_ses01-to-ses02 seed=2 acc=0.6400 (ntr=160 nval=40 nte=200)
2026-06-09 10:17:10 | INFO    | train_session_alignment | [align] riemannian_alignment   fbcnet      single_sub-001_ses01-to-ses03 seed=2 acc=0.6300 (ntr=160 nval=40 nte=200)
2026-06-09 10:17:27 | INFO    | train_session_alignment | [align] riemannian_alignment   fbcnet      single_sub-001_ses02-to-ses01 seed=2 acc=0.6850 (ntr=160 nval=40 nte=200)
2026-06-09 10:17:45 | INFO    | train_session_alignment | [align] riemannian_alignment   fbcnet      single_sub-001_ses02-to-ses03 seed=2 acc=0.8850 (ntr=160 nval=40 nte=200)
2026-06-09 10:17:58 | INFO    | train_session_alignment | [align] riemannian_alignment   fbcnet      single_sub-001_ses03-to-ses01 seed=2 acc=0.6850 (ntr=160 nval=40 nte=200)
2026-06-09 10:18:12 | INFO    | train_session_alignment | [align] riemannian_alignment   fbcnet      single_sub-001_ses03-to-ses02 seed=2 acc=0.8200 (ntr=160 nval=40 nte=200)
2026-06-09 10:18:18 | INFO    | train_session_alignment | [align] riemannian_alignment   fbcnet      single_sub-002_ses01-to-ses02 seed=2 acc=0.5350 (ntr=160 nval=40 nte=200)
2026-06-09 10:18:23 | INFO    | train_session_alignment | [align] riemannian_alignment   fbcnet      single_sub-002_ses01-to-ses03 seed=2 acc=0.5250 (ntr=160 nval=40 nte=200)
2026-06-09 10:18:28 | INFO    | train_session_alignment | [align] riemannian_alignment   fbcnet      single_sub-002_ses02-to-ses01 seed=2 acc=0.5100 (ntr=160 nval=40 nte=200)
2026-06-09 10:18:34 | INFO    | train_session_alignment | [align] riemannian_alignment   fbcnet      single_sub-002_ses02-to-ses03 seed=2 acc=0.6050 (ntr=160 nval=40 nte=200)
2026-06-09 10:18:44 | INFO    | train_session_alignment | [align] riemannian_alignment   fbcnet      single_sub-002_ses03-to-ses01 seed=2 acc=0.5000 (ntr=160 nval=40 nte=200)
2026-06-09 10:18:54 | INFO    | train_session_alignment | [align] riemannian_alignment   fbcnet      single_sub-002_ses03-to-ses02 seed=2 acc=0.6200 (ntr=160 nval=40 nte=200)
2026-06-09 10:19:11 | INFO    | train_session_alignment | [align] riemannian_alignment   fbcnet      single_sub-003_ses01-to-ses02 seed=2 acc=0.7150 (ntr=160 nval=40 nte=200)
2026-06-09 10:19:28 | INFO    | train_session_alignment | [align] riemannian_alignment   fbcnet      single_sub-003_ses01-to-ses03 seed=2 acc=0.8000 (ntr=160 nval=40 nte=200)
2026-06-09 10:19:41 | INFO    | train_session_alignment | [align] riemannian_alignment   fbcnet      single_sub-003_ses02-to-ses01 seed=2 acc=0.7500 (ntr=160 nval=40 nte=200)
2026-06-09 10:19:53 | INFO    | train_session_alignment | [align] riemannian_alignment   fbcnet      single_sub-003_ses02-to-ses03 seed=2 acc=0.6900 (ntr=160 nval=40 nte=200)
2026-06-09 10:20:02 | INFO    | train_session_alignment | [align] riemannian_alignment   fbcnet      single_sub-003_ses03-to-ses01 seed=2 acc=0.6350 (ntr=160 nval=40 nte=200)
2026-06-09 10:20:10 | INFO    | train_session_alignment | [align] riemannian_alignment   fbcnet      single_sub-003_ses03-to-ses02 seed=2 acc=0.6350 (ntr=160 nval=40 nte=200)
2026-06-09 10:20:16 | INFO    | train_session_alignment | [align] riemannian_alignment   fbcnet      single_sub-004_ses01-to-ses02 seed=2 acc=0.5550 (ntr=160 nval=40 nte=200)
2026-06-09 10:20:22 | INFO    | train_session_alignment | [align] riemannian_alignment   fbcnet      single_sub-004_ses01-to-ses03 seed=2 acc=0.5150 (ntr=160 nval=40 nte=200)
2026-06-09 10:20:28 | INFO    | train_session_alignment | [align] riemannian_alignment   fbcnet      single_sub-004_ses02-to-ses01 seed=2 acc=0.5050 (ntr=160 nval=40 nte=200)
2026-06-09 10:20:33 | INFO    | train_session_alignment | [align] riemannian_alignment   fbcnet      single_sub-004_ses02-to-ses03 seed=2 acc=0.5000 (ntr=160 nval=40 nte=200)
2026-06-09 10:20:40 | INFO    | train_session_alignment | [align] riemannian_alignment   fbcnet      single_sub-004_ses03-to-ses01 seed=2 acc=0.5400 (ntr=160 nval=40 nte=200)
2026-06-09 10:20:48 | INFO    | train_session_alignment | [align] riemannian_alignment   fbcnet      single_sub-004_ses03-to-ses02 seed=2 acc=0.5300 (ntr=160 nval=40 nte=200)
2026-06-09 10:21:04 | INFO    | train_session_alignment | [align] riemannian_alignment   fbcnet      single_sub-005_ses01-to-ses02 seed=2 acc=0.7700 (ntr=160 nval=40 nte=200)
2026-06-09 10:21:20 | INFO    | train_session_alignment | [align] riemannian_alignment   fbcnet      single_sub-005_ses01-to-ses03 seed=2 acc=0.8600 (ntr=160 nval=40 nte=200)
2026-06-09 10:21:38 | INFO    | train_session_alignment | [align] riemannian_alignment   fbcnet      single_sub-005_ses02-to-ses01 seed=2 acc=0.7750 (ntr=160 nval=40 nte=200)
2026-06-09 10:21:55 | INFO    | train_session_alignment | [align] riemannian_alignment   fbcnet      single_sub-005_ses02-to-ses03 seed=2 acc=0.8000 (ntr=160 nval=40 nte=200)
2026-06-09 10:22:08 | INFO    | train_session_alignment | [align] riemannian_alignment   fbcnet      single_sub-005_ses03-to-ses01 seed=2 acc=0.7600 (ntr=160 nval=40 nte=200)
2026-06-09 10:22:22 | INFO    | train_session_alignment | [align] riemannian_alignment   fbcnet      single_sub-005_ses03-to-ses02 seed=2 acc=0.7550 (ntr=160 nval=40 nte=200)
2026-06-09 10:22:39 | INFO    | train_session_alignment | [align] riemannian_alignment   fbcnet      single_sub-006_ses01-to-ses02 seed=2 acc=0.8650 (ntr=160 nval=40 nte=200)
2026-06-09 10:22:57 | INFO    | train_session_alignment | [align] riemannian_alignment   fbcnet      single_sub-006_ses01-to-ses03 seed=2 acc=0.9300 (ntr=160 nval=40 nte=200)
2026-06-09 10:23:14 | INFO    | train_session_alignment | [align] riemannian_alignment   fbcnet      single_sub-006_ses02-to-ses01 seed=2 acc=0.8850 (ntr=160 nval=40 nte=200)
2026-06-09 10:23:32 | INFO    | train_session_alignment | [align] riemannian_alignment   fbcnet      single_sub-006_ses02-to-ses03 seed=2 acc=0.9400 (ntr=160 nval=40 nte=200)
2026-06-09 10:23:44 | INFO    | train_session_alignment | [align] riemannian_alignment   fbcnet      single_sub-006_ses03-to-ses01 seed=2 acc=0.8200 (ntr=160 nval=40 nte=200)
2026-06-09 10:23:56 | INFO    | train_session_alignment | [align] riemannian_alignment   fbcnet      single_sub-006_ses03-to-ses02 seed=2 acc=0.8800 (ntr=160 nval=40 nte=200)
2026-06-09 10:24:02 | INFO    | train_session_alignment | [align] riemannian_alignment   fbcnet      single_sub-007_ses01-to-ses02 seed=2 acc=0.5100 (ntr=160 nval=40 nte=200)
2026-06-09 10:24:08 | INFO    | train_session_alignment | [align] riemannian_alignment   fbcnet      single_sub-007_ses01-to-ses03 seed=2 acc=0.5050 (ntr=160 nval=40 nte=200)
2026-06-09 10:24:20 | INFO    | train_session_alignment | [align] riemannian_alignment   fbcnet      single_sub-007_ses02-to-ses01 seed=2 acc=0.6050 (ntr=160 nval=40 nte=200)
2026-06-09 10:24:32 | INFO    | train_session_alignment | [align] riemannian_alignment   fbcnet      single_sub-007_ses02-to-ses03 seed=2 acc=0.6900 (ntr=160 nval=40 nte=200)
2026-06-09 10:24:42 | INFO    | train_session_alignment | [align] riemannian_alignment   fbcnet      single_sub-007_ses03-to-ses01 seed=2 acc=0.5000 (ntr=160 nval=40 nte=200)
2026-06-09 10:24:51 | INFO    | train_session_alignment | [align] riemannian_alignment   fbcnet      single_sub-007_ses03-to-ses02 seed=2 acc=0.6000 (ntr=160 nval=40 nte=200)
2026-06-09 10:25:01 | INFO    | train_session_alignment | [align] riemannian_alignment   fbcnet      single_sub-008_ses01-to-ses02 seed=2 acc=0.5500 (ntr=160 nval=40 nte=200)
2026-06-09 10:25:11 | INFO    | train_session_alignment | [align] riemannian_alignment   fbcnet      single_sub-008_ses01-to-ses03 seed=2 acc=0.5550 (ntr=160 nval=40 nte=200)
2026-06-09 10:25:24 | INFO    | train_session_alignment | [align] riemannian_alignment   fbcnet      single_sub-008_ses02-to-ses01 seed=2 acc=0.6300 (ntr=160 nval=40 nte=200)
2026-06-09 10:25:38 | INFO    | train_session_alignment | [align] riemannian_alignment   fbcnet      single_sub-008_ses02-to-ses03 seed=2 acc=0.7450 (ntr=160 nval=40 nte=200)
2026-06-09 10:25:50 | INFO    | train_session_alignment | [align] riemannian_alignment   fbcnet      single_sub-008_ses03-to-ses01 seed=2 acc=0.6100 (ntr=160 nval=40 nte=200)
2026-06-09 10:26:03 | INFO    | train_session_alignment | [align] riemannian_alignment   fbcnet      single_sub-008_ses03-to-ses02 seed=2 acc=0.7050 (ntr=160 nval=40 nte=200)
2026-06-09 10:26:09 | INFO    | train_session_alignment | [align] riemannian_alignment   fbcnet      single_sub-009_ses01-to-ses02 seed=2 acc=0.5450 (ntr=160 nval=40 nte=200)
2026-06-09 10:26:15 | INFO    | train_session_alignment | [align] riemannian_alignment   fbcnet      single_sub-009_ses01-to-ses03 seed=2 acc=0.4550 (ntr=160 nval=40 nte=200)
2026-06-09 10:26:22 | INFO    | train_session_alignment | [align] riemannian_alignment   fbcnet      single_sub-009_ses02-to-ses01 seed=2 acc=0.5200 (ntr=160 nval=40 nte=200)
2026-06-09 10:26:29 | INFO    | train_session_alignment | [align] riemannian_alignment   fbcnet      single_sub-009_ses02-to-ses03 seed=2 acc=0.4850 (ntr=160 nval=40 nte=200)
2026-06-09 10:26:37 | INFO    | train_session_alignment | [align] riemannian_alignment   fbcnet      single_sub-009_ses03-to-ses01 seed=2 acc=0.5300 (ntr=160 nval=40 nte=200)
2026-06-09 10:26:45 | INFO    | train_session_alignment | [align] riemannian_alignment   fbcnet      single_sub-009_ses03-to-ses02 seed=2 acc=0.5250 (ntr=160 nval=40 nte=200)
2026-06-09 10:26:52 | INFO    | train_session_alignment | [align] riemannian_alignment   fbcnet      single_sub-010_ses01-to-ses02 seed=2 acc=0.5600 (ntr=160 nval=40 nte=200)
2026-06-09 10:26:59 | INFO    | train_session_alignment | [align] riemannian_alignment   fbcnet      single_sub-010_ses01-to-ses03 seed=2 acc=0.5100 (ntr=160 nval=40 nte=200)
2026-06-09 10:27:12 | INFO    | train_session_alignment | [align] riemannian_alignment   fbcnet      single_sub-010_ses02-to-ses01 seed=2 acc=0.6050 (ntr=160 nval=40 nte=200)
2026-06-09 10:27:24 | INFO    | train_session_alignment | [align] riemannian_alignment   fbcnet      single_sub-010_ses02-to-ses03 seed=2 acc=0.6350 (ntr=160 nval=40 nte=200)
2026-06-09 10:27:42 | INFO    | train_session_alignment | [align] riemannian_alignment   fbcnet      single_sub-010_ses03-to-ses01 seed=2 acc=0.5900 (ntr=160 nval=40 nte=200)
2026-06-09 10:27:59 | INFO    | train_session_alignment | [align] riemannian_alignment   fbcnet      single_sub-010_ses03-to-ses02 seed=2 acc=0.6100 (ntr=160 nval=40 nte=200)
2026-06-09 10:28:17 | INFO    | train_session_alignment | [align] riemannian_alignment   fbcnet      single_sub-011_ses01-to-ses02 seed=2 acc=0.7150 (ntr=160 nval=40 nte=200)
2026-06-09 10:28:34 | INFO    | train_session_alignment | [align] riemannian_alignment   fbcnet      single_sub-011_ses01-to-ses03 seed=2 acc=0.6350 (ntr=160 nval=40 nte=200)
2026-06-09 10:28:49 | INFO    | train_session_alignment | [align] riemannian_alignment   fbcnet      single_sub-011_ses02-to-ses01 seed=2 acc=0.7100 (ntr=160 nval=40 nte=200)
2026-06-09 10:29:05 | INFO    | train_session_alignment | [align] riemannian_alignment   fbcnet      single_sub-011_ses02-to-ses03 seed=2 acc=0.6400 (ntr=160 nval=40 nte=200)
2026-06-09 10:29:23 | INFO    | train_session_alignment | [align] riemannian_alignment   fbcnet      single_sub-011_ses03-to-ses01 seed=2 acc=0.7200 (ntr=160 nval=40 nte=200)
2026-06-09 10:29:40 | INFO    | train_session_alignment | [align] riemannian_alignment   fbcnet      single_sub-011_ses03-to-ses02 seed=2 acc=0.6300 (ntr=160 nval=40 nte=200)
2026-06-09 10:29:45 | INFO    | train_session_alignment | [align] riemannian_alignment   fbcnet      single_sub-012_ses01-to-ses02 seed=2 acc=0.5200 (ntr=160 nval=40 nte=200)
2026-06-09 10:29:51 | INFO    | train_session_alignment | [align] riemannian_alignment   fbcnet      single_sub-012_ses01-to-ses03 seed=2 acc=0.5150 (ntr=160 nval=40 nte=200)
2026-06-09 10:29:57 | INFO    | train_session_alignment | [align] riemannian_alignment   fbcnet      single_sub-012_ses02-to-ses01 seed=2 acc=0.4400 (ntr=160 nval=40 nte=200)
2026-06-09 10:30:03 | INFO    | train_session_alignment | [align] riemannian_alignment   fbcnet      single_sub-012_ses02-to-ses03 seed=2 acc=0.5300 (ntr=160 nval=40 nte=200)
2026-06-09 10:30:08 | INFO    | train_session_alignment | [align] riemannian_alignment   fbcnet      single_sub-012_ses03-to-ses01 seed=2 acc=0.5200 (ntr=160 nval=40 nte=200)
2026-06-09 10:30:14 | INFO    | train_session_alignment | [align] riemannian_alignment   fbcnet      single_sub-012_ses03-to-ses02 seed=2 acc=0.5000 (ntr=160 nval=40 nte=200)
2026-06-09 10:30:26 | INFO    | train_session_alignment | [align] riemannian_alignment   fbcnet      single_sub-013_ses01-to-ses02 seed=2 acc=0.5500 (ntr=160 nval=40 nte=200)
2026-06-09 10:30:37 | INFO    | train_session_alignment | [align] riemannian_alignment   fbcnet      single_sub-013_ses01-to-ses03 seed=2 acc=0.5050 (ntr=160 nval=40 nte=200)
2026-06-09 10:30:46 | INFO    | train_session_alignment | [align] riemannian_alignment   fbcnet      single_sub-013_ses02-to-ses01 seed=2 acc=0.5200 (ntr=160 nval=40 nte=200)
2026-06-09 10:30:56 | INFO    | train_session_alignment | [align] riemannian_alignment   fbcnet      single_sub-013_ses02-to-ses03 seed=2 acc=0.4700 (ntr=160 nval=40 nte=200)
2026-06-09 10:31:05 | INFO    | train_session_alignment | [align] riemannian_alignment   fbcnet      single_sub-013_ses03-to-ses01 seed=2 acc=0.5250 (ntr=160 nval=40 nte=200)
2026-06-09 10:31:14 | INFO    | train_session_alignment | [align] riemannian_alignment   fbcnet      single_sub-013_ses03-to-ses02 seed=2 acc=0.5200 (ntr=160 nval=40 nte=200)
2026-06-09 10:31:20 | INFO    | train_session_alignment | [align] riemannian_alignment   fbcnet      single_sub-014_ses01-to-ses02 seed=2 acc=0.5100 (ntr=160 nval=40 nte=200)
2026-06-09 10:31:25 | INFO    | train_session_alignment | [align] riemannian_alignment   fbcnet      single_sub-014_ses01-to-ses03 seed=2 acc=0.5150 (ntr=160 nval=40 nte=200)
2026-06-09 10:31:32 | INFO    | train_session_alignment | [align] riemannian_alignment   fbcnet      single_sub-014_ses02-to-ses01 seed=2 acc=0.5000 (ntr=160 nval=40 nte=200)
2026-06-09 10:31:39 | INFO    | train_session_alignment | [align] riemannian_alignment   fbcnet      single_sub-014_ses02-to-ses03 seed=2 acc=0.5000 (ntr=160 nval=40 nte=200)
2026-06-09 10:31:44 | INFO    | train_session_alignment | [align] riemannian_alignment   fbcnet      single_sub-014_ses03-to-ses01 seed=2 acc=0.4950 (ntr=160 nval=40 nte=200)
2026-06-09 10:31:50 | INFO    | train_session_alignment | [align] riemannian_alignment   fbcnet      single_sub-014_ses03-to-ses02 seed=2 acc=0.4950 (ntr=160 nval=40 nte=200)
2026-06-09 10:31:57 | INFO    | train_session_alignment | [align] riemannian_alignment   fbcnet      single_sub-015_ses01-to-ses02 seed=2 acc=0.5500 (ntr=160 nval=40 nte=200)
2026-06-09 10:32:05 | INFO    | train_session_alignment | [align] riemannian_alignment   fbcnet      single_sub-015_ses01-to-ses03 seed=2 acc=0.4700 (ntr=160 nval=40 nte=200)
2026-06-09 10:32:14 | INFO    | train_session_alignment | [align] riemannian_alignment   fbcnet      single_sub-015_ses02-to-ses01 seed=2 acc=0.5700 (ntr=160 nval=40 nte=200)
2026-06-09 10:32:22 | INFO    | train_session_alignment | [align] riemannian_alignment   fbcnet      single_sub-015_ses02-to-ses03 seed=2 acc=0.5000 (ntr=160 nval=40 nte=200)
2026-06-09 10:32:28 | INFO    | train_session_alignment | [align] riemannian_alignment   fbcnet      single_sub-015_ses03-to-ses01 seed=2 acc=0.5100 (ntr=160 nval=40 nte=200)
2026-06-09 10:32:34 | INFO    | train_session_alignment | [align] riemannian_alignment   fbcnet      single_sub-015_ses03-to-ses02 seed=2 acc=0.4950 (ntr=160 nval=40 nte=200)
2026-06-09 10:32:40 | INFO    | train_session_alignment | [align] riemannian_alignment   fbcnet      single_sub-016_ses01-to-ses02 seed=2 acc=0.5350 (ntr=160 nval=40 nte=200)
2026-06-09 10:32:47 | INFO    | train_session_alignment | [align] riemannian_alignment   fbcnet      single_sub-016_ses01-to-ses03 seed=2 acc=0.4950 (ntr=160 nval=40 nte=200)
2026-06-09 10:32:53 | INFO    | train_session_alignment | [align] riemannian_alignment   fbcnet      single_sub-016_ses02-to-ses01 seed=2 acc=0.5400 (ntr=160 nval=40 nte=200)
2026-06-09 10:32:59 | INFO    | train_session_alignment | [align] riemannian_alignment   fbcnet      single_sub-016_ses02-to-ses03 seed=2 acc=0.5200 (ntr=160 nval=40 nte=200)
2026-06-09 10:33:05 | INFO    | train_session_alignment | [align] riemannian_alignment   fbcnet      single_sub-016_ses03-to-ses01 seed=2 acc=0.5400 (ntr=160 nval=40 nte=200)
2026-06-09 10:33:11 | INFO    | train_session_alignment | [align] riemannian_alignment   fbcnet      single_sub-016_ses03-to-ses02 seed=2 acc=0.5500 (ntr=160 nval=40 nte=200)
2026-06-09 10:33:28 | INFO    | train_session_alignment | [align] riemannian_alignment   fbcnet      single_sub-017_ses01-to-ses02 seed=2 acc=0.6250 (ntr=160 nval=40 nte=200)
2026-06-09 10:33:45 | INFO    | train_session_alignment | [align] riemannian_alignment   fbcnet      single_sub-017_ses01-to-ses03 seed=2 acc=0.5750 (ntr=160 nval=40 nte=200)
2026-06-09 10:33:57 | INFO    | train_session_alignment | [align] riemannian_alignment   fbcnet      single_sub-017_ses02-to-ses01 seed=2 acc=0.6200 (ntr=160 nval=40 nte=200)
2026-06-09 10:34:08 | INFO    | train_session_alignment | [align] riemannian_alignment   fbcnet      single_sub-017_ses02-to-ses03 seed=2 acc=0.6050 (ntr=160 nval=40 nte=200)
2026-06-09 10:34:18 | INFO    | train_session_alignment | [align] riemannian_alignment   fbcnet      single_sub-017_ses03-to-ses01 seed=2 acc=0.6400 (ntr=160 nval=40 nte=200)
2026-06-09 10:34:28 | INFO    | train_session_alignment | [align] riemannian_alignment   fbcnet      single_sub-017_ses03-to-ses02 seed=2 acc=0.7100 (ntr=160 nval=40 nte=200)
2026-06-09 10:34:33 | INFO    | train_session_alignment | [align] riemannian_alignment   fbcnet      single_sub-018_ses01-to-ses02 seed=2 acc=0.4950 (ntr=160 nval=40 nte=200)
2026-06-09 10:34:38 | INFO    | train_session_alignment | [align] riemannian_alignment   fbcnet      single_sub-018_ses01-to-ses03 seed=2 acc=0.4450 (ntr=160 nval=40 nte=200)
2026-06-09 10:34:45 | INFO    | train_session_alignment | [align] riemannian_alignment   fbcnet      single_sub-018_ses02-to-ses01 seed=2 acc=0.5200 (ntr=160 nval=40 nte=200)
2026-06-09 10:34:51 | INFO    | train_session_alignment | [align] riemannian_alignment   fbcnet      single_sub-018_ses02-to-ses03 seed=2 acc=0.5050 (ntr=160 nval=40 nte=200)
2026-06-09 10:34:57 | INFO    | train_session_alignment | [align] riemannian_alignment   fbcnet      single_sub-018_ses03-to-ses01 seed=2 acc=0.5350 (ntr=160 nval=40 nte=200)
2026-06-09 10:35:03 | INFO    | train_session_alignment | [align] riemannian_alignment   fbcnet      single_sub-018_ses03-to-ses02 seed=2 acc=0.4900 (ntr=160 nval=40 nte=200)
2026-06-09 10:35:11 | INFO    | train_session_alignment | [align] riemannian_alignment   fbcnet      single_sub-019_ses01-to-ses02 seed=2 acc=0.5100 (ntr=160 nval=40 nte=200)
2026-06-09 10:35:19 | INFO    | train_session_alignment | [align] riemannian_alignment   fbcnet      single_sub-019_ses01-to-ses03 seed=2 acc=0.5550 (ntr=160 nval=40 nte=200)
2026-06-09 10:35:26 | INFO    | train_session_alignment | [align] riemannian_alignment   fbcnet      single_sub-019_ses02-to-ses01 seed=2 acc=0.5400 (ntr=160 nval=40 nte=200)
2026-06-09 10:35:33 | INFO    | train_session_alignment | [align] riemannian_alignment   fbcnet      single_sub-019_ses02-to-ses03 seed=2 acc=0.5450 (ntr=160 nval=40 nte=200)
2026-06-09 10:35:51 | INFO    | train_session_alignment | [align] riemannian_alignment   fbcnet      single_sub-019_ses03-to-ses01 seed=2 acc=0.5850 (ntr=160 nval=40 nte=200)
2026-06-09 10:36:08 | INFO    | train_session_alignment | [align] riemannian_alignment   fbcnet      single_sub-019_ses03-to-ses02 seed=2 acc=0.6900 (ntr=160 nval=40 nte=200)
2026-06-09 10:36:25 | INFO    | train_session_alignment | [align] riemannian_alignment   fbcnet      single_sub-020_ses01-to-ses02 seed=2 acc=0.7350 (ntr=160 nval=40 nte=200)
2026-06-09 10:36:43 | INFO    | train_session_alignment | [align] riemannian_alignment   fbcnet      single_sub-020_ses01-to-ses03 seed=2 acc=0.5050 (ntr=160 nval=40 nte=200)
2026-06-09 10:37:00 | INFO    | train_session_alignment | [align] riemannian_alignment   fbcnet      single_sub-020_ses02-to-ses01 seed=2 acc=0.7350 (ntr=160 nval=40 nte=200)
2026-06-09 10:37:18 | INFO    | train_session_alignment | [align] riemannian_alignment   fbcnet      single_sub-020_ses02-to-ses03 seed=2 acc=0.4900 (ntr=160 nval=40 nte=200)
2026-06-09 10:37:26 | INFO    | train_session_alignment | [align] riemannian_alignment   fbcnet      single_sub-020_ses03-to-ses01 seed=2 acc=0.4800 (ntr=160 nval=40 nte=200)
2026-06-09 10:37:35 | INFO    | train_session_alignment | [align] riemannian_alignment   fbcnet      single_sub-020_ses03-to-ses02 seed=2 acc=0.4750 (ntr=160 nval=40 nte=200)
2026-06-09 10:37:42 | INFO    | train_session_alignment | [align] riemannian_alignment   fbcnet      single_sub-021_ses01-to-ses02 seed=2 acc=0.6450 (ntr=160 nval=40 nte=200)
2026-06-09 10:37:49 | INFO    | train_session_alignment | [align] riemannian_alignment   fbcnet      single_sub-021_ses01-to-ses03 seed=2 acc=0.6600 (ntr=160 nval=40 nte=200)
2026-06-09 10:37:57 | INFO    | train_session_alignment | [align] riemannian_alignment   fbcnet      single_sub-021_ses02-to-ses01 seed=2 acc=0.7150 (ntr=160 nval=40 nte=200)
2026-06-09 10:38:04 | INFO    | train_session_alignment | [align] riemannian_alignment   fbcnet      single_sub-021_ses02-to-ses03 seed=2 acc=0.6200 (ntr=160 nval=40 nte=200)
2026-06-09 10:38:11 | INFO    | train_session_alignment | [align] riemannian_alignment   fbcnet      single_sub-021_ses03-to-ses01 seed=2 acc=0.6450 (ntr=160 nval=40 nte=200)
2026-06-09 10:38:17 | INFO    | train_session_alignment | [align] riemannian_alignment   fbcnet      single_sub-021_ses03-to-ses02 seed=2 acc=0.5850 (ntr=160 nval=40 nte=200)
2026-06-09 10:38:27 | INFO    | train_session_alignment | [align] riemannian_alignment   fbcnet      single_sub-022_ses01-to-ses02 seed=2 acc=0.5400 (ntr=160 nval=40 nte=200)
2026-06-09 10:38:36 | INFO    | train_session_alignment | [align] riemannian_alignment   fbcnet      single_sub-022_ses01-to-ses03 seed=2 acc=0.5450 (ntr=160 nval=40 nte=200)
2026-06-09 10:38:43 | INFO    | train_session_alignment | [align] riemannian_alignment   fbcnet      single_sub-022_ses02-to-ses01 seed=2 acc=0.5200 (ntr=160 nval=40 nte=200)
2026-06-09 10:38:50 | INFO    | train_session_alignment | [align] riemannian_alignment   fbcnet      single_sub-022_ses02-to-ses03 seed=2 acc=0.6350 (ntr=160 nval=40 nte=200)
2026-06-09 10:39:00 | INFO    | train_session_alignment | [align] riemannian_alignment   fbcnet      single_sub-022_ses03-to-ses01 seed=2 acc=0.5650 (ntr=160 nval=40 nte=200)
2026-06-09 10:39:09 | INFO    | train_session_alignment | [align] riemannian_alignment   fbcnet      single_sub-022_ses03-to-ses02 seed=2 acc=0.7050 (ntr=160 nval=40 nte=200)
2026-06-09 10:39:22 | INFO    | train_session_alignment | [align] riemannian_alignment   fbcnet      single_sub-023_ses02-to-ses03 seed=2 acc=0.8700 (ntr=160 nval=40 nte=200)
2026-06-09 10:39:40 | INFO    | train_session_alignment | [align] riemannian_alignment   fbcnet      single_sub-023_ses03-to-ses02 seed=2 acc=0.9000 (ntr=160 nval=40 nte=200)
2026-06-09 10:39:57 | INFO    | train_session_alignment | [align] riemannian_alignment   fbcnet      single_sub-025_ses01-to-ses02 seed=2 acc=0.6400 (ntr=160 nval=40 nte=200)
2026-06-09 10:40:15 | INFO    | train_session_alignment | [align] riemannian_alignment   fbcnet      single_sub-025_ses01-to-ses03 seed=2 acc=0.6650 (ntr=160 nval=40 nte=200)
2026-06-09 10:40:33 | INFO    | train_session_alignment | [align] riemannian_alignment   fbcnet      single_sub-025_ses02-to-ses01 seed=2 acc=0.7450 (ntr=160 nval=40 nte=200)
2026-06-09 10:40:51 | INFO    | train_session_alignment | [align] riemannian_alignment   fbcnet      single_sub-025_ses02-to-ses03 seed=2 acc=0.6900 (ntr=160 nval=40 nte=200)
2026-06-09 10:41:02 | INFO    | train_session_alignment | [align] riemannian_alignment   fbcnet      single_sub-025_ses03-to-ses01 seed=2 acc=0.6850 (ntr=160 nval=40 nte=200)
2026-06-09 10:41:13 | INFO    | train_session_alignment | [align] riemannian_alignment   fbcnet      single_sub-025_ses03-to-ses02 seed=2 acc=0.7150 (ntr=160 nval=40 nte=200)
2026-06-09 10:41:22 | INFO    | train_session_alignment | [align] riemannian_alignment   fbcnet      single_sub-026_ses02-to-ses03 seed=2 acc=0.6900 (ntr=160 nval=40 nte=200)
2026-06-09 10:41:39 | INFO    | train_session_alignment | [align] riemannian_alignment   fbcnet      single_sub-026_ses03-to-ses02 seed=2 acc=0.7200 (ntr=160 nval=40 nte=200)
2026-06-09 10:41:54 | INFO    | train_session_alignment | [align] riemannian_alignment   fbcnet      single_sub-027_ses01-to-ses02 seed=2 acc=0.4750 (ntr=160 nval=40 nte=200)
2026-06-09 10:42:09 | INFO    | train_session_alignment | [align] riemannian_alignment   fbcnet      single_sub-027_ses01-to-ses03 seed=2 acc=0.5350 (ntr=160 nval=40 nte=200)
2026-06-09 10:42:17 | INFO    | train_session_alignment | [align] riemannian_alignment   fbcnet      single_sub-027_ses02-to-ses01 seed=2 acc=0.5450 (ntr=160 nval=40 nte=200)
2026-06-09 10:42:26 | INFO    | train_session_alignment | [align] riemannian_alignment   fbcnet      single_sub-027_ses02-to-ses03 seed=2 acc=0.6300 (ntr=160 nval=40 nte=200)
2026-06-09 10:42:44 | INFO    | train_session_alignment | [align] riemannian_alignment   fbcnet      single_sub-027_ses03-to-ses01 seed=2 acc=0.5500 (ntr=160 nval=40 nte=200)
2026-06-09 10:43:01 | INFO    | train_session_alignment | [align] riemannian_alignment   fbcnet      single_sub-027_ses03-to-ses02 seed=2 acc=0.5100 (ntr=160 nval=40 nte=200)
2026-06-09 10:43:12 | INFO    | train_session_alignment | [align] riemannian_alignment   fbcnet      single_sub-028_ses01-to-ses02 seed=2 acc=0.5600 (ntr=160 nval=40 nte=200)
2026-06-09 10:43:23 | INFO    | train_session_alignment | [align] riemannian_alignment   fbcnet      single_sub-028_ses01-to-ses03 seed=2 acc=0.7300 (ntr=160 nval=40 nte=200)
2026-06-09 10:43:40 | INFO    | train_session_alignment | [align] riemannian_alignment   fbcnet      single_sub-028_ses02-to-ses01 seed=2 acc=0.8300 (ntr=160 nval=40 nte=200)
2026-06-09 10:43:56 | INFO    | train_session_alignment | [align] riemannian_alignment   fbcnet      single_sub-028_ses02-to-ses03 seed=2 acc=0.7650 (ntr=160 nval=40 nte=200)
2026-06-09 10:44:09 | INFO    | train_session_alignment | [align] riemannian_alignment   fbcnet      single_sub-028_ses03-to-ses01 seed=2 acc=0.7950 (ntr=160 nval=40 nte=200)
2026-06-09 10:44:21 | INFO    | train_session_alignment | [align] riemannian_alignment   fbcnet      single_sub-028_ses03-to-ses02 seed=2 acc=0.7650 (ntr=160 nval=40 nte=200)
2026-06-09 10:44:33 | INFO    | train_session_alignment | [align] riemannian_alignment   fbcnet      single_sub-029_ses01-to-ses02 seed=2 acc=0.8850 (ntr=160 nval=40 nte=200)
2026-06-09 10:44:45 | INFO    | train_session_alignment | [align] riemannian_alignment   fbcnet      single_sub-029_ses01-to-ses03 seed=2 acc=0.9250 (ntr=160 nval=40 nte=200)
2026-06-09 10:45:03 | INFO    | train_session_alignment | [align] riemannian_alignment   fbcnet      single_sub-029_ses02-to-ses01 seed=2 acc=0.9100 (ntr=160 nval=40 nte=200)
2026-06-09 10:45:21 | INFO    | train_session_alignment | [align] riemannian_alignment   fbcnet      single_sub-029_ses02-to-ses03 seed=2 acc=0.9750 (ntr=160 nval=40 nte=200)
2026-06-09 10:45:38 | INFO    | train_session_alignment | [align] riemannian_alignment   fbcnet      single_sub-029_ses03-to-ses01 seed=2 acc=0.8450 (ntr=160 nval=40 nte=200)
2026-06-09 10:45:56 | INFO    | train_session_alignment | [align] riemannian_alignment   fbcnet      single_sub-029_ses03-to-ses02 seed=2 acc=0.9850 (ntr=160 nval=40 nte=200)
2026-06-09 10:46:07 | INFO    | train_session_alignment | [align] riemannian_alignment   fbcnet      single_sub-030_ses01-to-ses02 seed=2 acc=0.6200 (ntr=160 nval=40 nte=200)
2026-06-09 10:46:17 | INFO    | train_session_alignment | [align] riemannian_alignment   fbcnet      single_sub-030_ses01-to-ses03 seed=2 acc=0.5150 (ntr=160 nval=40 nte=200)
2026-06-09 10:46:28 | INFO    | train_session_alignment | [align] riemannian_alignment   fbcnet      single_sub-030_ses02-to-ses01 seed=2 acc=0.6700 (ntr=160 nval=40 nte=200)
2026-06-09 10:46:38 | INFO    | train_session_alignment | [align] riemannian_alignment   fbcnet      single_sub-030_ses02-to-ses03 seed=2 acc=0.7000 (ntr=160 nval=40 nte=200)
2026-06-09 10:46:56 | INFO    | train_session_alignment | [align] riemannian_alignment   fbcnet      single_sub-030_ses03-to-ses01 seed=2 acc=0.6950 (ntr=160 nval=40 nte=200)
2026-06-09 10:47:14 | INFO    | train_session_alignment | [align] riemannian_alignment   fbcnet      single_sub-030_ses03-to-ses02 seed=2 acc=0.6250 (ntr=160 nval=40 nte=200)
2026-06-09 10:47:27 | INFO    | train_session_alignment | [align] riemannian_alignment   fbcnet      single_sub-031_ses01-to-ses02 seed=2 acc=0.5450 (ntr=160 nval=40 nte=200)
2026-06-09 10:47:39 | INFO    | train_session_alignment | [align] riemannian_alignment   fbcnet      single_sub-031_ses01-to-ses03 seed=2 acc=0.5400 (ntr=160 nval=40 nte=200)
2026-06-09 10:47:46 | INFO    | train_session_alignment | [align] riemannian_alignment   fbcnet      single_sub-031_ses02-to-ses01 seed=2 acc=0.5550 (ntr=160 nval=40 nte=200)
2026-06-09 10:47:52 | INFO    | train_session_alignment | [align] riemannian_alignment   fbcnet      single_sub-031_ses02-to-ses03 seed=2 acc=0.5700 (ntr=160 nval=40 nte=200)
2026-06-09 10:47:59 | INFO    | train_session_alignment | [align] riemannian_alignment   fbcnet      single_sub-031_ses03-to-ses01 seed=2 acc=0.5400 (ntr=160 nval=40 nte=200)
2026-06-09 10:48:06 | INFO    | train_session_alignment | [align] riemannian_alignment   fbcnet      single_sub-031_ses03-to-ses02 seed=2 acc=0.5850 (ntr=160 nval=40 nte=200)
2026-06-09 10:48:16 | INFO    | train_session_alignment | [align] riemannian_alignment   fbcnet      single_sub-032_ses01-to-ses03 seed=2 acc=0.6300 (ntr=160 nval=40 nte=200)
2026-06-09 10:48:26 | INFO    | train_session_alignment | [align] riemannian_alignment   fbcnet      single_sub-032_ses03-to-ses01 seed=2 acc=0.6650 (ntr=160 nval=40 nte=200)
2026-06-09 10:48:38 | INFO    | train_session_alignment | [align] riemannian_alignment   fbcnet      single_sub-033_ses01-to-ses02 seed=2 acc=0.9500 (ntr=160 nval=40 nte=200)
2026-06-09 10:48:49 | INFO    | train_session_alignment | [align] riemannian_alignment   fbcnet      single_sub-033_ses01-to-ses03 seed=2 acc=0.9450 (ntr=160 nval=40 nte=200)
2026-06-09 10:49:06 | INFO    | train_session_alignment | [align] riemannian_alignment   fbcnet      single_sub-033_ses02-to-ses01 seed=2 acc=0.9650 (ntr=160 nval=40 nte=200)
2026-06-09 10:49:23 | INFO    | train_session_alignment | [align] riemannian_alignment   fbcnet      single_sub-033_ses02-to-ses03 seed=2 acc=0.9650 (ntr=160 nval=40 nte=200)
2026-06-09 10:49:32 | INFO    | train_session_alignment | [align] riemannian_alignment   fbcnet      single_sub-033_ses03-to-ses01 seed=2 acc=0.9050 (ntr=160 nval=40 nte=200)
2026-06-09 10:49:42 | INFO    | train_session_alignment | [align] riemannian_alignment   fbcnet      single_sub-033_ses03-to-ses02 seed=2 acc=0.9150 (ntr=160 nval=40 nte=200)
2026-06-09 10:49:49 | INFO    | train_session_alignment | [align] riemannian_alignment   fbcnet      single_sub-034_ses01-to-ses02 seed=2 acc=0.5400 (ntr=160 nval=40 nte=200)
2026-06-09 10:49:56 | INFO    | train_session_alignment | [align] riemannian_alignment   fbcnet      single_sub-034_ses01-to-ses03 seed=2 acc=0.4850 (ntr=160 nval=40 nte=200)
2026-06-09 10:50:08 | INFO    | train_session_alignment | [align] riemannian_alignment   fbcnet      single_sub-034_ses02-to-ses01 seed=2 acc=0.5550 (ntr=160 nval=40 nte=200)
2026-06-09 10:50:19 | INFO    | train_session_alignment | [align] riemannian_alignment   fbcnet      single_sub-034_ses02-to-ses03 seed=2 acc=0.5050 (ntr=160 nval=40 nte=200)
2026-06-09 10:50:25 | INFO    | train_session_alignment | [align] riemannian_alignment   fbcnet      single_sub-034_ses03-to-ses01 seed=2 acc=0.5400 (ntr=160 nval=40 nte=200)
2026-06-09 10:50:32 | INFO    | train_session_alignment | [align] riemannian_alignment   fbcnet      single_sub-034_ses03-to-ses02 seed=2 acc=0.5700 (ntr=160 nval=40 nte=200)
2026-06-09 10:50:45 | INFO    | train_session_alignment | [align] riemannian_alignment   fbcnet      single_sub-035_ses01-to-ses02 seed=2 acc=0.9450 (ntr=160 nval=40 nte=200)
2026-06-09 10:50:57 | INFO    | train_session_alignment | [align] riemannian_alignment   fbcnet      single_sub-035_ses01-to-ses03 seed=2 acc=0.8750 (ntr=160 nval=40 nte=200)
2026-06-09 10:51:09 | INFO    | train_session_alignment | [align] riemannian_alignment   fbcnet      single_sub-035_ses02-to-ses01 seed=2 acc=0.8850 (ntr=160 nval=40 nte=200)
2026-06-09 10:51:21 | INFO    | train_session_alignment | [align] riemannian_alignment   fbcnet      single_sub-035_ses02-to-ses03 seed=2 acc=0.8850 (ntr=160 nval=40 nte=200)
2026-06-09 10:51:29 | INFO    | train_session_alignment | [align] riemannian_alignment   fbcnet      single_sub-035_ses03-to-ses01 seed=2 acc=0.8450 (ntr=160 nval=40 nte=200)
2026-06-09 10:51:37 | INFO    | train_session_alignment | [align] riemannian_alignment   fbcnet      single_sub-035_ses03-to-ses02 seed=2 acc=0.9000 (ntr=160 nval=40 nte=200)
2026-06-09 10:51:55 | INFO    | train_session_alignment | [align] riemannian_alignment   fbcnet      single_sub-036_ses01-to-ses02 seed=2 acc=0.9000 (ntr=160 nval=40 nte=200)
2026-06-09 10:52:12 | INFO    | train_session_alignment | [align] riemannian_alignment   fbcnet      single_sub-036_ses01-to-ses03 seed=2 acc=0.8550 (ntr=160 nval=40 nte=200)
2026-06-09 10:52:29 | INFO    | train_session_alignment | [align] riemannian_alignment   fbcnet      single_sub-036_ses02-to-ses01 seed=2 acc=0.8350 (ntr=160 nval=40 nte=200)
2026-06-09 10:52:47 | INFO    | train_session_alignment | [align] riemannian_alignment   fbcnet      single_sub-036_ses02-to-ses03 seed=2 acc=0.9400 (ntr=160 nval=40 nte=200)
2026-06-09 10:53:04 | INFO    | train_session_alignment | [align] riemannian_alignment   fbcnet      single_sub-036_ses03-to-ses01 seed=2 acc=0.7200 (ntr=160 nval=40 nte=200)
2026-06-09 10:53:21 | INFO    | train_session_alignment | [align] riemannian_alignment   fbcnet      single_sub-036_ses03-to-ses02 seed=2 acc=0.8300 (ntr=160 nval=40 nte=200)
2026-06-09 10:53:30 | INFO    | train_session_alignment | [align] riemannian_alignment   fbcnet      single_sub-037_ses01-to-ses02 seed=2 acc=0.6250 (ntr=160 nval=40 nte=200)
2026-06-09 10:53:38 | INFO    | train_session_alignment | [align] riemannian_alignment   fbcnet      single_sub-037_ses01-to-ses03 seed=2 acc=0.6350 (ntr=160 nval=40 nte=200)
2026-06-09 10:53:46 | INFO    | train_session_alignment | [align] riemannian_alignment   fbcnet      single_sub-037_ses02-to-ses01 seed=2 acc=0.5300 (ntr=160 nval=40 nte=200)
2026-06-09 10:53:53 | INFO    | train_session_alignment | [align] riemannian_alignment   fbcnet      single_sub-037_ses02-to-ses03 seed=2 acc=0.6000 (ntr=160 nval=40 nte=200)
2026-06-09 10:54:05 | INFO    | train_session_alignment | [align] riemannian_alignment   fbcnet      single_sub-037_ses03-to-ses01 seed=2 acc=0.6450 (ntr=160 nval=40 nte=200)
2026-06-09 10:54:17 | INFO    | train_session_alignment | [align] riemannian_alignment   fbcnet      single_sub-037_ses03-to-ses02 seed=2 acc=0.6850 (ntr=160 nval=40 nte=200)
2026-06-09 10:54:25 | INFO    | train_session_alignment | [align] riemannian_alignment   fbcnet      single_sub-038_ses01-to-ses02 seed=2 acc=0.4650 (ntr=160 nval=40 nte=200)
2026-06-09 10:54:32 | INFO    | train_session_alignment | [align] riemannian_alignment   fbcnet      single_sub-038_ses01-to-ses03 seed=2 acc=0.4600 (ntr=160 nval=40 nte=200)
2026-06-09 10:54:48 | INFO    | train_session_alignment | [align] riemannian_alignment   fbcnet      single_sub-038_ses02-to-ses01 seed=2 acc=0.5300 (ntr=160 nval=40 nte=200)
2026-06-09 10:55:03 | INFO    | train_session_alignment | [align] riemannian_alignment   fbcnet      single_sub-038_ses02-to-ses03 seed=2 acc=0.5300 (ntr=160 nval=40 nte=200)
2026-06-09 10:55:10 | INFO    | train_session_alignment | [align] riemannian_alignment   fbcnet      single_sub-038_ses03-to-ses01 seed=2 acc=0.5450 (ntr=160 nval=40 nte=200)
2026-06-09 10:55:17 | INFO    | train_session_alignment | [align] riemannian_alignment   fbcnet      single_sub-038_ses03-to-ses02 seed=2 acc=0.5100 (ntr=160 nval=40 nte=200)
2026-06-09 10:55:34 | INFO    | train_session_alignment | [align] riemannian_alignment   fbcnet      single_sub-039_ses01-to-ses02 seed=2 acc=0.5100 (ntr=160 nval=40 nte=200)
2026-06-09 10:55:52 | INFO    | train_session_alignment | [align] riemannian_alignment   fbcnet      single_sub-039_ses01-to-ses03 seed=2 acc=0.5950 (ntr=160 nval=40 nte=200)
2026-06-09 10:55:58 | INFO    | train_session_alignment | [align] riemannian_alignment   fbcnet      single_sub-039_ses02-to-ses01 seed=2 acc=0.5300 (ntr=160 nval=40 nte=200)
2026-06-09 10:56:04 | INFO    | train_session_alignment | [align] riemannian_alignment   fbcnet      single_sub-039_ses02-to-ses03 seed=2 acc=0.5400 (ntr=160 nval=40 nte=200)
2026-06-09 10:56:14 | INFO    | train_session_alignment | [align] riemannian_alignment   fbcnet      single_sub-039_ses03-to-ses01 seed=2 acc=0.5200 (ntr=160 nval=40 nte=200)
2026-06-09 10:56:25 | INFO    | train_session_alignment | [align] riemannian_alignment   fbcnet      single_sub-039_ses03-to-ses02 seed=2 acc=0.5700 (ntr=160 nval=40 nte=200)
2026-06-09 10:56:41 | INFO    | train_session_alignment | [align] riemannian_alignment   fbcnet      single_sub-040_ses01-to-ses02 seed=2 acc=0.7100 (ntr=160 nval=40 nte=200)
2026-06-09 10:56:56 | INFO    | train_session_alignment | [align] riemannian_alignment   fbcnet      single_sub-040_ses01-to-ses03 seed=2 acc=0.8050 (ntr=160 nval=40 nte=200)
2026-06-09 10:57:06 | INFO    | train_session_alignment | [align] riemannian_alignment   fbcnet      single_sub-040_ses02-to-ses01 seed=2 acc=0.5900 (ntr=160 nval=40 nte=200)
2026-06-09 10:57:16 | INFO    | train_session_alignment | [align] riemannian_alignment   fbcnet      single_sub-040_ses02-to-ses03 seed=2 acc=0.6350 (ntr=160 nval=40 nte=200)
2026-06-09 10:57:33 | INFO    | train_session_alignment | [align] riemannian_alignment   fbcnet      single_sub-040_ses03-to-ses01 seed=2 acc=0.7300 (ntr=160 nval=40 nte=200)
2026-06-09 10:57:51 | INFO    | train_session_alignment | [align] riemannian_alignment   fbcnet      single_sub-040_ses03-to-ses02 seed=2 acc=0.6350 (ntr=160 nval=40 nte=200)
2026-06-09 10:58:09 | INFO    | train_session_alignment | [align] riemannian_alignment   fbcnet      single_sub-041_ses01-to-ses02 seed=2 acc=0.7650 (ntr=160 nval=40 nte=200)
2026-06-09 10:58:27 | INFO    | train_session_alignment | [align] riemannian_alignment   fbcnet      single_sub-041_ses01-to-ses03 seed=2 acc=0.8300 (ntr=160 nval=40 nte=200)
2026-06-09 10:58:40 | INFO    | train_session_alignment | [align] riemannian_alignment   fbcnet      single_sub-041_ses02-to-ses01 seed=2 acc=0.7950 (ntr=160 nval=40 nte=200)
2026-06-09 10:58:52 | INFO    | train_session_alignment | [align] riemannian_alignment   fbcnet      single_sub-041_ses02-to-ses03 seed=2 acc=0.8800 (ntr=160 nval=40 nte=200)
2026-06-09 10:59:10 | INFO    | train_session_alignment | [align] riemannian_alignment   fbcnet      single_sub-041_ses03-to-ses01 seed=2 acc=0.8100 (ntr=160 nval=40 nte=200)
2026-06-09 10:59:28 | INFO    | train_session_alignment | [align] riemannian_alignment   fbcnet      single_sub-041_ses03-to-ses02 seed=2 acc=0.9150 (ntr=160 nval=40 nte=200)
2026-06-09 10:59:38 | INFO    | train_session_alignment | [align] riemannian_alignment   fbcnet      single_sub-042_ses01-to-ses02 seed=2 acc=0.5650 (ntr=160 nval=40 nte=200)
2026-06-09 10:59:48 | INFO    | train_session_alignment | [align] riemannian_alignment   fbcnet      single_sub-042_ses01-to-ses03 seed=2 acc=0.5100 (ntr=160 nval=40 nte=200)
2026-06-09 10:59:57 | INFO    | train_session_alignment | [align] riemannian_alignment   fbcnet      single_sub-042_ses02-to-ses01 seed=2 acc=0.5600 (ntr=160 nval=40 nte=200)
2026-06-09 11:00:06 | INFO    | train_session_alignment | [align] riemannian_alignment   fbcnet      single_sub-042_ses02-to-ses03 seed=2 acc=0.5800 (ntr=160 nval=40 nte=200)
2026-06-09 11:00:12 | INFO    | train_session_alignment | [align] riemannian_alignment   fbcnet      single_sub-042_ses03-to-ses01 seed=2 acc=0.5500 (ntr=160 nval=40 nte=200)
2026-06-09 11:00:18 | INFO    | train_session_alignment | [align] riemannian_alignment   fbcnet      single_sub-042_ses03-to-ses02 seed=2 acc=0.5500 (ntr=160 nval=40 nte=200)
2026-06-09 11:00:36 | INFO    | train_session_alignment | [align] riemannian_alignment   fbcnet      single_sub-043_ses01-to-ses02 seed=2 acc=0.9500 (ntr=160 nval=40 nte=200)
2026-06-09 11:00:53 | INFO    | train_session_alignment | [align] riemannian_alignment   fbcnet      single_sub-043_ses01-to-ses03 seed=2 acc=0.9700 (ntr=160 nval=40 nte=200)
2026-06-09 11:01:11 | INFO    | train_session_alignment | [align] riemannian_alignment   fbcnet      single_sub-043_ses02-to-ses01 seed=2 acc=0.9450 (ntr=160 nval=40 nte=200)
2026-06-09 11:01:29 | INFO    | train_session_alignment | [align] riemannian_alignment   fbcnet      single_sub-043_ses02-to-ses03 seed=2 acc=0.9550 (ntr=160 nval=40 nte=200)
2026-06-09 11:01:47 | INFO    | train_session_alignment | [align] riemannian_alignment   fbcnet      single_sub-043_ses03-to-ses01 seed=2 acc=0.9650 (ntr=160 nval=40 nte=200)
2026-06-09 11:02:04 | INFO    | train_session_alignment | [align] riemannian_alignment   fbcnet      single_sub-043_ses03-to-ses02 seed=2 acc=0.9250 (ntr=160 nval=40 nte=200)
2026-06-09 11:02:11 | INFO    | train_session_alignment | [align] riemannian_alignment   fbcnet      single_sub-044_ses01-to-ses02 seed=2 acc=0.5500 (ntr=160 nval=40 nte=200)
2026-06-09 11:02:17 | INFO    | train_session_alignment | [align] riemannian_alignment   fbcnet      single_sub-044_ses01-to-ses03 seed=2 acc=0.5550 (ntr=160 nval=40 nte=200)
2026-06-09 11:02:26 | INFO    | train_session_alignment | [align] riemannian_alignment   fbcnet      single_sub-044_ses02-to-ses01 seed=2 acc=0.6000 (ntr=160 nval=40 nte=200)
2026-06-09 11:02:36 | INFO    | train_session_alignment | [align] riemannian_alignment   fbcnet      single_sub-044_ses02-to-ses03 seed=2 acc=0.5900 (ntr=160 nval=40 nte=200)
2026-06-09 11:02:46 | INFO    | train_session_alignment | [align] riemannian_alignment   fbcnet      single_sub-044_ses03-to-ses01 seed=2 acc=0.5350 (ntr=160 nval=40 nte=200)
2026-06-09 11:02:57 | INFO    | train_session_alignment | [align] riemannian_alignment   fbcnet      single_sub-044_ses03-to-ses02 seed=2 acc=0.6050 (ntr=160 nval=40 nte=200)
2026-06-09 11:03:11 | INFO    | train_session_alignment | [align] riemannian_alignment   fbcnet      single_sub-045_ses01-to-ses02 seed=2 acc=0.7450 (ntr=160 nval=40 nte=200)
2026-06-09 11:03:25 | INFO    | train_session_alignment | [align] riemannian_alignment   fbcnet      single_sub-045_ses01-to-ses03 seed=2 acc=0.7750 (ntr=160 nval=40 nte=200)
2026-06-09 11:03:41 | INFO    | train_session_alignment | [align] riemannian_alignment   fbcnet      single_sub-045_ses02-to-ses01 seed=2 acc=0.7050 (ntr=160 nval=40 nte=200)
2026-06-09 11:03:57 | INFO    | train_session_alignment | [align] riemannian_alignment   fbcnet      single_sub-045_ses02-to-ses03 seed=2 acc=0.6150 (ntr=160 nval=40 nte=200)
2026-06-09 11:04:13 | INFO    | train_session_alignment | [align] riemannian_alignment   fbcnet      single_sub-045_ses03-to-ses01 seed=2 acc=0.6950 (ntr=160 nval=40 nte=200)
2026-06-09 11:04:29 | INFO    | train_session_alignment | [align] riemannian_alignment   fbcnet      single_sub-045_ses03-to-ses02 seed=2 acc=0.6600 (ntr=160 nval=40 nte=200)
2026-06-09 11:04:46 | INFO    | train_session_alignment | [align] riemannian_alignment   fbcnet      single_sub-046_ses01-to-ses02 seed=2 acc=0.9350 (ntr=160 nval=40 nte=200)
2026-06-09 11:05:04 | INFO    | train_session_alignment | [align] riemannian_alignment   fbcnet      single_sub-046_ses01-to-ses03 seed=2 acc=0.9450 (ntr=160 nval=40 nte=200)
2026-06-09 11:05:22 | INFO    | train_session_alignment | [align] riemannian_alignment   fbcnet      single_sub-046_ses02-to-ses01 seed=2 acc=0.9400 (ntr=160 nval=40 nte=200)
2026-06-09 11:05:40 | INFO    | train_session_alignment | [align] riemannian_alignment   fbcnet      single_sub-046_ses02-to-ses03 seed=2 acc=0.9450 (ntr=160 nval=40 nte=200)
2026-06-09 11:05:58 | INFO    | train_session_alignment | [align] riemannian_alignment   fbcnet      single_sub-046_ses03-to-ses01 seed=2 acc=0.9200 (ntr=160 nval=40 nte=200)
2026-06-09 11:06:16 | INFO    | train_session_alignment | [align] riemannian_alignment   fbcnet      single_sub-046_ses03-to-ses02 seed=2 acc=0.9350 (ntr=160 nval=40 nte=200)
2026-06-09 11:06:26 | INFO    | train_session_alignment | [align] riemannian_alignment   fbcnet      single_sub-047_ses01-to-ses02 seed=2 acc=0.8100 (ntr=160 nval=40 nte=200)
2026-06-09 11:06:37 | INFO    | train_session_alignment | [align] riemannian_alignment   fbcnet      single_sub-047_ses01-to-ses03 seed=2 acc=0.7950 (ntr=160 nval=40 nte=200)
2026-06-09 11:06:50 | INFO    | train_session_alignment | [align] riemannian_alignment   fbcnet      single_sub-047_ses02-to-ses01 seed=2 acc=0.8300 (ntr=160 nval=40 nte=200)
2026-06-09 11:07:02 | INFO    | train_session_alignment | [align] riemannian_alignment   fbcnet      single_sub-047_ses02-to-ses03 seed=2 acc=0.8400 (ntr=160 nval=40 nte=200)
2026-06-09 11:07:21 | INFO    | train_session_alignment | [align] riemannian_alignment   fbcnet      single_sub-047_ses03-to-ses01 seed=2 acc=0.8350 (ntr=160 nval=40 nte=200)
2026-06-09 11:07:39 | INFO    | train_session_alignment | [align] riemannian_alignment   fbcnet      single_sub-047_ses03-to-ses02 seed=2 acc=0.8050 (ntr=160 nval=40 nte=200)
2026-06-09 11:07:46 | INFO    | train_session_alignment | [align] riemannian_alignment   fbcnet      single_sub-048_ses01-to-ses02 seed=2 acc=0.6550 (ntr=160 nval=40 nte=200)
2026-06-09 11:07:54 | INFO    | train_session_alignment | [align] riemannian_alignment   fbcnet      single_sub-048_ses01-to-ses03 seed=2 acc=0.5950 (ntr=160 nval=40 nte=200)
2026-06-09 11:08:05 | INFO    | train_session_alignment | [align] riemannian_alignment   fbcnet      single_sub-048_ses02-to-ses01 seed=2 acc=0.6550 (ntr=160 nval=40 nte=200)
2026-06-09 11:08:17 | INFO    | train_session_alignment | [align] riemannian_alignment   fbcnet      single_sub-048_ses02-to-ses03 seed=2 acc=0.6250 (ntr=160 nval=40 nte=200)
2026-06-09 11:08:32 | INFO    | train_session_alignment | [align] riemannian_alignment   fbcnet      single_sub-048_ses03-to-ses01 seed=2 acc=0.5950 (ntr=160 nval=40 nte=200)
2026-06-09 11:08:47 | INFO    | train_session_alignment | [align] riemannian_alignment   fbcnet      single_sub-048_ses03-to-ses02 seed=2 acc=0.6700 (ntr=160 nval=40 nte=200)
2026-06-09 11:08:53 | INFO    | train_session_alignment | [align] riemannian_alignment   fbcnet      single_sub-049_ses01-to-ses02 seed=2 acc=0.5700 (ntr=160 nval=40 nte=200)
2026-06-09 11:08:59 | INFO    | train_session_alignment | [align] riemannian_alignment   fbcnet      single_sub-049_ses01-to-ses03 seed=2 acc=0.5100 (ntr=160 nval=40 nte=200)
2026-06-09 11:09:10 | INFO    | train_session_alignment | [align] riemannian_alignment   fbcnet      single_sub-049_ses02-to-ses01 seed=2 acc=0.8950 (ntr=160 nval=40 nte=200)
2026-06-09 11:09:21 | INFO    | train_session_alignment | [align] riemannian_alignment   fbcnet      single_sub-049_ses02-to-ses03 seed=2 acc=0.8150 (ntr=160 nval=40 nte=200)
2026-06-09 11:09:31 | INFO    | train_session_alignment | [align] riemannian_alignment   fbcnet      single_sub-049_ses03-to-ses01 seed=2 acc=0.6800 (ntr=160 nval=40 nte=200)
2026-06-09 11:09:41 | INFO    | train_session_alignment | [align] riemannian_alignment   fbcnet      single_sub-049_ses03-to-ses02 seed=2 acc=0.7450 (ntr=160 nval=40 nte=200)
2026-06-09 11:09:51 | INFO    | train_session_alignment | [align] riemannian_alignment   fbcnet      single_sub-050_ses01-to-ses02 seed=2 acc=0.7850 (ntr=160 nval=40 nte=200)
2026-06-09 11:10:02 | INFO    | train_session_alignment | [align] riemannian_alignment   fbcnet      single_sub-050_ses01-to-ses03 seed=2 acc=0.7550 (ntr=160 nval=40 nte=200)
2026-06-09 11:10:19 | INFO    | train_session_alignment | [align] riemannian_alignment   fbcnet      single_sub-050_ses02-to-ses01 seed=2 acc=0.8050 (ntr=160 nval=40 nte=200)
2026-06-09 11:10:37 | INFO    | train_session_alignment | [align] riemannian_alignment   fbcnet      single_sub-050_ses02-to-ses03 seed=2 acc=0.8750 (ntr=160 nval=40 nte=200)
2026-06-09 11:10:50 | INFO    | train_session_alignment | [align] riemannian_alignment   fbcnet      single_sub-050_ses03-to-ses01 seed=2 acc=0.8100 (ntr=160 nval=40 nte=200)
2026-06-09 11:11:04 | INFO    | train_session_alignment | [align] riemannian_alignment   fbcnet      single_sub-050_ses03-to-ses02 seed=2 acc=0.9050 (ntr=160 nval=40 nte=200)
2026-06-09 11:11:16 | INFO    | train_session_alignment | [align] riemannian_alignment   fbcnet      single_sub-051_ses01-to-ses02 seed=2 acc=0.6750 (ntr=160 nval=40 nte=200)
2026-06-09 11:11:27 | INFO    | train_session_alignment | [align] riemannian_alignment   fbcnet      single_sub-051_ses01-to-ses03 seed=2 acc=0.5900 (ntr=160 nval=40 nte=200)
2026-06-09 11:11:39 | INFO    | train_session_alignment | [align] riemannian_alignment   fbcnet      single_sub-051_ses02-to-ses01 seed=2 acc=0.6900 (ntr=160 nval=40 nte=200)
2026-06-09 11:11:50 | INFO    | train_session_alignment | [align] riemannian_alignment   fbcnet      single_sub-051_ses02-to-ses03 seed=2 acc=0.8050 (ntr=160 nval=40 nte=200)
2026-06-09 11:12:00 | INFO    | train_session_alignment | [align] riemannian_alignment   fbcnet      single_sub-051_ses03-to-ses01 seed=2 acc=0.7100 (ntr=160 nval=40 nte=200)
2026-06-09 11:12:11 | INFO    | train_session_alignment | [align] riemannian_alignment   fbcnet      single_sub-051_ses03-to-ses02 seed=2 acc=0.8500 (ntr=160 nval=40 nte=200)
2026-06-09 11:12:22 | INFO    | train_session_alignment | [align] riemannian_alignment   fbcnet      multi_sub-001_ses01ses02-to-ses03 seed=2 acc=0.8200 (ntr=320 nval=80 nte=200)
2026-06-09 11:12:30 | INFO    | train_session_alignment | [align] riemannian_alignment   fbcnet      multi_sub-002_ses01ses02-to-ses03 seed=2 acc=0.5800 (ntr=320 nval=80 nte=200)
2026-06-09 11:12:51 | INFO    | train_session_alignment | [align] riemannian_alignment   fbcnet      multi_sub-003_ses01ses02-to-ses03 seed=2 acc=0.8250 (ntr=320 nval=80 nte=200)
2026-06-09 11:13:01 | INFO    | train_session_alignment | [align] riemannian_alignment   fbcnet      multi_sub-004_ses01ses02-to-ses03 seed=2 acc=0.5150 (ntr=320 nval=80 nte=200)
2026-06-09 11:13:22 | INFO    | train_session_alignment | [align] riemannian_alignment   fbcnet      multi_sub-005_ses01ses02-to-ses03 seed=2 acc=0.8800 (ntr=320 nval=80 nte=200)
2026-06-09 11:13:36 | INFO    | train_session_alignment | [align] riemannian_alignment   fbcnet      multi_sub-006_ses01ses02-to-ses03 seed=2 acc=0.9700 (ntr=320 nval=80 nte=200)
2026-06-09 11:13:49 | INFO    | train_session_alignment | [align] riemannian_alignment   fbcnet      multi_sub-007_ses01ses02-to-ses03 seed=2 acc=0.6150 (ntr=320 nval=80 nte=200)
2026-06-09 11:14:06 | INFO    | train_session_alignment | [align] riemannian_alignment   fbcnet      multi_sub-008_ses01ses02-to-ses03 seed=2 acc=0.7850 (ntr=320 nval=80 nte=200)
2026-06-09 11:14:16 | INFO    | train_session_alignment | [align] riemannian_alignment   fbcnet      multi_sub-009_ses01ses02-to-ses03 seed=2 acc=0.5100 (ntr=320 nval=80 nte=200)
2026-06-09 11:14:29 | INFO    | train_session_alignment | [align] riemannian_alignment   fbcnet      multi_sub-010_ses01ses02-to-ses03 seed=2 acc=0.6100 (ntr=320 nval=80 nte=200)
2026-06-09 11:14:51 | INFO    | train_session_alignment | [align] riemannian_alignment   fbcnet      multi_sub-011_ses01ses02-to-ses03 seed=2 acc=0.6800 (ntr=320 nval=80 nte=200)
2026-06-09 11:14:58 | INFO    | train_session_alignment | [align] riemannian_alignment   fbcnet      multi_sub-012_ses01ses02-to-ses03 seed=2 acc=0.4850 (ntr=320 nval=80 nte=200)
2026-06-09 11:15:06 | INFO    | train_session_alignment | [align] riemannian_alignment   fbcnet      multi_sub-013_ses01ses02-to-ses03 seed=2 acc=0.5100 (ntr=320 nval=80 nte=200)
2026-06-09 11:15:15 | INFO    | train_session_alignment | [align] riemannian_alignment   fbcnet      multi_sub-014_ses01ses02-to-ses03 seed=2 acc=0.5000 (ntr=320 nval=80 nte=200)
2026-06-09 11:15:22 | INFO    | train_session_alignment | [align] riemannian_alignment   fbcnet      multi_sub-015_ses01ses02-to-ses03 seed=2 acc=0.5000 (ntr=320 nval=80 nte=200)
2026-06-09 11:15:30 | INFO    | train_session_alignment | [align] riemannian_alignment   fbcnet      multi_sub-016_ses01ses02-to-ses03 seed=2 acc=0.4700 (ntr=320 nval=80 nte=200)
2026-06-09 11:15:40 | INFO    | train_session_alignment | [align] riemannian_alignment   fbcnet      multi_sub-017_ses01ses02-to-ses03 seed=2 acc=0.5500 (ntr=320 nval=80 nte=200)
2026-06-09 11:15:47 | INFO    | train_session_alignment | [align] riemannian_alignment   fbcnet      multi_sub-018_ses01ses02-to-ses03 seed=2 acc=0.5100 (ntr=320 nval=80 nte=200)
2026-06-09 11:15:57 | INFO    | train_session_alignment | [align] riemannian_alignment   fbcnet      multi_sub-019_ses01ses02-to-ses03 seed=2 acc=0.6250 (ntr=320 nval=80 nte=200)
2026-06-09 11:16:11 | INFO    | train_session_alignment | [align] riemannian_alignment   fbcnet      multi_sub-020_ses01ses02-to-ses03 seed=2 acc=0.4750 (ntr=320 nval=80 nte=200)
2026-06-09 11:16:22 | INFO    | train_session_alignment | [align] riemannian_alignment   fbcnet      multi_sub-021_ses01ses02-to-ses03 seed=2 acc=0.7250 (ntr=320 nval=80 nte=200)
2026-06-09 11:16:31 | INFO    | train_session_alignment | [align] riemannian_alignment   fbcnet      multi_sub-022_ses01ses02-to-ses03 seed=2 acc=0.5000 (ntr=320 nval=80 nte=200)
2026-06-09 11:16:53 | INFO    | train_session_alignment | [align] riemannian_alignment   fbcnet      multi_sub-025_ses01ses02-to-ses03 seed=2 acc=0.6350 (ntr=320 nval=80 nte=200)
2026-06-09 11:17:01 | INFO    | train_session_alignment | [align] riemannian_alignment   fbcnet      multi_sub-027_ses01ses02-to-ses03 seed=2 acc=0.5200 (ntr=320 nval=80 nte=200)
2026-06-09 11:17:19 | INFO    | train_session_alignment | [align] riemannian_alignment   fbcnet      multi_sub-028_ses01ses02-to-ses03 seed=2 acc=0.8650 (ntr=320 nval=80 nte=200)
2026-06-09 11:17:35 | INFO    | train_session_alignment | [align] riemannian_alignment   fbcnet      multi_sub-029_ses01ses02-to-ses03 seed=2 acc=0.9650 (ntr=320 nval=80 nte=200)
2026-06-09 11:17:55 | INFO    | train_session_alignment | [align] riemannian_alignment   fbcnet      multi_sub-030_ses01ses02-to-ses03 seed=2 acc=0.6650 (ntr=320 nval=80 nte=200)
2026-06-09 11:18:09 | INFO    | train_session_alignment | [align] riemannian_alignment   fbcnet      multi_sub-031_ses01ses02-to-ses03 seed=2 acc=0.6650 (ntr=320 nval=80 nte=200)
2026-06-09 11:18:31 | INFO    | train_session_alignment | [align] riemannian_alignment   fbcnet      multi_sub-033_ses01ses02-to-ses03 seed=2 acc=0.9550 (ntr=320 nval=80 nte=200)
2026-06-09 11:18:42 | INFO    | train_session_alignment | [align] riemannian_alignment   fbcnet      multi_sub-034_ses01ses02-to-ses03 seed=2 acc=0.5400 (ntr=320 nval=80 nte=200)
2026-06-09 11:18:58 | INFO    | train_session_alignment | [align] riemannian_alignment   fbcnet      multi_sub-035_ses01ses02-to-ses03 seed=2 acc=0.9150 (ntr=320 nval=80 nte=200)
2026-06-09 11:19:12 | INFO    | train_session_alignment | [align] riemannian_alignment   fbcnet      multi_sub-036_ses01ses02-to-ses03 seed=2 acc=0.9450 (ntr=320 nval=80 nte=200)
2026-06-09 11:19:29 | INFO    | train_session_alignment | [align] riemannian_alignment   fbcnet      multi_sub-037_ses01ses02-to-ses03 seed=2 acc=0.6600 (ntr=320 nval=80 nte=200)
2026-06-09 11:19:38 | INFO    | train_session_alignment | [align] riemannian_alignment   fbcnet      multi_sub-038_ses01ses02-to-ses03 seed=2 acc=0.4500 (ntr=320 nval=80 nte=200)
2026-06-09 11:19:48 | INFO    | train_session_alignment | [align] riemannian_alignment   fbcnet      multi_sub-039_ses01ses02-to-ses03 seed=2 acc=0.5900 (ntr=320 nval=80 nte=200)
2026-06-09 11:19:58 | INFO    | train_session_alignment | [align] riemannian_alignment   fbcnet      multi_sub-040_ses01ses02-to-ses03 seed=2 acc=0.7500 (ntr=320 nval=80 nte=200)
2026-06-09 11:20:12 | INFO    | train_session_alignment | [align] riemannian_alignment   fbcnet      multi_sub-041_ses01ses02-to-ses03 seed=2 acc=0.9400 (ntr=320 nval=80 nte=200)
2026-06-09 11:20:30 | INFO    | train_session_alignment | [align] riemannian_alignment   fbcnet      multi_sub-042_ses01ses02-to-ses03 seed=2 acc=0.6000 (ntr=320 nval=80 nte=200)
2026-06-09 11:20:48 | INFO    | train_session_alignment | [align] riemannian_alignment   fbcnet      multi_sub-043_ses01ses02-to-ses03 seed=2 acc=0.9850 (ntr=320 nval=80 nte=200)
2026-06-09 11:20:55 | INFO    | train_session_alignment | [align] riemannian_alignment   fbcnet      multi_sub-044_ses01ses02-to-ses03 seed=2 acc=0.5050 (ntr=320 nval=80 nte=200)
2026-06-09 11:21:06 | INFO    | train_session_alignment | [align] riemannian_alignment   fbcnet      multi_sub-045_ses01ses02-to-ses03 seed=2 acc=0.7500 (ntr=320 nval=80 nte=200)
2026-06-09 11:21:20 | INFO    | train_session_alignment | [align] riemannian_alignment   fbcnet      multi_sub-046_ses01ses02-to-ses03 seed=2 acc=0.9650 (ntr=320 nval=80 nte=200)
2026-06-09 11:21:30 | INFO    | train_session_alignment | [align] riemannian_alignment   fbcnet      multi_sub-047_ses01ses02-to-ses03 seed=2 acc=0.8900 (ntr=320 nval=80 nte=200)
2026-06-09 11:21:43 | INFO    | train_session_alignment | [align] riemannian_alignment   fbcnet      multi_sub-048_ses01ses02-to-ses03 seed=2 acc=0.7050 (ntr=320 nval=80 nte=200)
2026-06-09 11:22:05 | INFO    | train_session_alignment | [align] riemannian_alignment   fbcnet      multi_sub-049_ses01ses02-to-ses03 seed=2 acc=0.8050 (ntr=320 nval=80 nte=200)
2026-06-09 11:22:20 | INFO    | train_session_alignment | [align] riemannian_alignment   fbcnet      multi_sub-050_ses01ses02-to-ses03 seed=2 acc=0.8650 (ntr=320 nval=80 nte=200)
2026-06-09 11:22:34 | INFO    | train_session_alignment | [align] riemannian_alignment   fbcnet      multi_sub-051_ses01ses02-to-ses03 seed=2 acc=0.8200 (ntr=320 nval=80 nte=200)
2026-06-09 11:22:35 | INFO    | train_session_alignment | ALL DONE in 3946.9s | rows=335 ok=335 failed=0 | out=/share/home/yuan/SYX/eeg-mi-online/outputs/experiments/alignment_baseline_v1
Done: Tue Jun  9 11:22:35 CST 2026
