Project: /share/home/yuan/SYX/eeg-mi-online
Env    : mi_torch_cu118
Args   : --methods session_zscore --models deepconvnet --seeds 4 --protocols single,multi --tag-suffix session_zscore_deepconvnet_s4
Node   : gpu01 | Start: Tue Jun  9 03:42:43 CST 2026
Tue Jun  9 03:42:44 2026       
+-----------------------------------------------------------------------------------------+
| NVIDIA-SMI 570.153.02             Driver Version: 570.153.02     CUDA Version: 12.8     |
|-----------------------------------------+------------------------+----------------------+
| GPU  Name                 Persistence-M | Bus-Id          Disp.A | Volatile Uncorr. ECC |
| Fan  Temp   Perf          Pwr:Usage/Cap |           Memory-Usage | GPU-Util  Compute M. |
|                                         |                        |               MIG M. |
|=========================================+========================+======================|
|   0  NVIDIA GeForce RTX 4090 D      On  |   00000000:61:00.0 Off |                  Off |
| 73%   47C    P0             73W /  425W |       1MiB /  24564MiB |      0%      Default |
|                                         |                        |                  N/A |
+-----------------------------------------+------------------------+----------------------+
                                                                                         
+-----------------------------------------------------------------------------------------+
| Processes:                                                                              |
|  GPU   GI   CI              PID   Type   Process name                        GPU Memory |
|        ID   ID                                                               Usage      |
|=========================================================================================|
|  No running processes found                                                             |
+-----------------------------------------------------------------------------------------+
[cuda-check] torch=2.7.1+cu118 cuda_build=11.8 cuda_avail=True
2026-06-09 03:42:47 | INFO    | train_session_alignment | device=cuda | cuda={'torch': '2.7.1+cu118', 'cuda_build': '11.8', 'cuda_available': True, 'device': 'cuda', 'device_name': 'NVIDIA GeForce RTX 4090 D'}
2026-06-09 03:42:47 | INFO    | train_session_alignment | loaded 148 ok sessions | methods=['session_zscore'] | models=['deepconvnet'] | seeds=[4] | groups=['single', 'multi'] | tasks=335
2026-06-09 03:42:56 | INFO    | train_session_alignment | [align] session_zscore         deepconvnet single_sub-001_ses01-to-ses02 seed=4 acc=0.4800 (ntr=160 nval=40 nte=200)
2026-06-09 03:43:04 | INFO    | train_session_alignment | [align] session_zscore         deepconvnet single_sub-001_ses01-to-ses03 seed=4 acc=0.5950 (ntr=160 nval=40 nte=200)
2026-06-09 03:43:26 | INFO    | train_session_alignment | [align] session_zscore         deepconvnet single_sub-001_ses02-to-ses01 seed=4 acc=0.6700 (ntr=160 nval=40 nte=200)
2026-06-09 03:43:49 | INFO    | train_session_alignment | [align] session_zscore         deepconvnet single_sub-001_ses02-to-ses03 seed=4 acc=0.9750 (ntr=160 nval=40 nte=200)
2026-06-09 03:43:59 | INFO    | train_session_alignment | [align] session_zscore         deepconvnet single_sub-001_ses03-to-ses01 seed=4 acc=0.5900 (ntr=160 nval=40 nte=200)
2026-06-09 03:44:09 | INFO    | train_session_alignment | [align] session_zscore         deepconvnet single_sub-001_ses03-to-ses02 seed=4 acc=0.9000 (ntr=160 nval=40 nte=200)
2026-06-09 03:44:15 | INFO    | train_session_alignment | [align] session_zscore         deepconvnet single_sub-002_ses01-to-ses02 seed=4 acc=0.5450 (ntr=160 nval=40 nte=200)
2026-06-09 03:44:22 | INFO    | train_session_alignment | [align] session_zscore         deepconvnet single_sub-002_ses01-to-ses03 seed=4 acc=0.5900 (ntr=160 nval=40 nte=200)
2026-06-09 03:44:30 | INFO    | train_session_alignment | [align] session_zscore         deepconvnet single_sub-002_ses02-to-ses01 seed=4 acc=0.5550 (ntr=160 nval=40 nte=200)
2026-06-09 03:44:38 | INFO    | train_session_alignment | [align] session_zscore         deepconvnet single_sub-002_ses02-to-ses03 seed=4 acc=0.6250 (ntr=160 nval=40 nte=200)
2026-06-09 03:44:55 | INFO    | train_session_alignment | [align] session_zscore         deepconvnet single_sub-002_ses03-to-ses01 seed=4 acc=0.6700 (ntr=160 nval=40 nte=200)
2026-06-09 03:45:11 | INFO    | train_session_alignment | [align] session_zscore         deepconvnet single_sub-002_ses03-to-ses02 seed=4 acc=0.6150 (ntr=160 nval=40 nte=200)
2026-06-09 03:45:24 | INFO    | train_session_alignment | [align] session_zscore         deepconvnet single_sub-003_ses01-to-ses02 seed=4 acc=0.8350 (ntr=160 nval=40 nte=200)
2026-06-09 03:45:37 | INFO    | train_session_alignment | [align] session_zscore         deepconvnet single_sub-003_ses01-to-ses03 seed=4 acc=0.8800 (ntr=160 nval=40 nte=200)
2026-06-09 03:45:52 | INFO    | train_session_alignment | [align] session_zscore         deepconvnet single_sub-003_ses02-to-ses01 seed=4 acc=0.8500 (ntr=160 nval=40 nte=200)
2026-06-09 03:46:06 | INFO    | train_session_alignment | [align] session_zscore         deepconvnet single_sub-003_ses02-to-ses03 seed=4 acc=0.7650 (ntr=160 nval=40 nte=200)
2026-06-09 03:46:13 | INFO    | train_session_alignment | [align] session_zscore         deepconvnet single_sub-003_ses03-to-ses01 seed=4 acc=0.6150 (ntr=160 nval=40 nte=200)
2026-06-09 03:46:20 | INFO    | train_session_alignment | [align] session_zscore         deepconvnet single_sub-003_ses03-to-ses02 seed=4 acc=0.6300 (ntr=160 nval=40 nte=200)
2026-06-09 03:46:25 | INFO    | train_session_alignment | [align] session_zscore         deepconvnet single_sub-004_ses01-to-ses02 seed=4 acc=0.5250 (ntr=160 nval=40 nte=200)
2026-06-09 03:46:30 | INFO    | train_session_alignment | [align] session_zscore         deepconvnet single_sub-004_ses01-to-ses03 seed=4 acc=0.4800 (ntr=160 nval=40 nte=200)
2026-06-09 03:46:36 | INFO    | train_session_alignment | [align] session_zscore         deepconvnet single_sub-004_ses02-to-ses01 seed=4 acc=0.4900 (ntr=160 nval=40 nte=200)
2026-06-09 03:46:41 | INFO    | train_session_alignment | [align] session_zscore         deepconvnet single_sub-004_ses02-to-ses03 seed=4 acc=0.5050 (ntr=160 nval=40 nte=200)
2026-06-09 03:46:48 | INFO    | train_session_alignment | [align] session_zscore         deepconvnet single_sub-004_ses03-to-ses01 seed=4 acc=0.5700 (ntr=160 nval=40 nte=200)
2026-06-09 03:46:54 | INFO    | train_session_alignment | [align] session_zscore         deepconvnet single_sub-004_ses03-to-ses02 seed=4 acc=0.5700 (ntr=160 nval=40 nte=200)
2026-06-09 03:47:07 | INFO    | train_session_alignment | [align] session_zscore         deepconvnet single_sub-005_ses01-to-ses02 seed=4 acc=0.8550 (ntr=160 nval=40 nte=200)
2026-06-09 03:47:19 | INFO    | train_session_alignment | [align] session_zscore         deepconvnet single_sub-005_ses01-to-ses03 seed=4 acc=0.6800 (ntr=160 nval=40 nte=200)
2026-06-09 03:47:30 | INFO    | train_session_alignment | [align] session_zscore         deepconvnet single_sub-005_ses02-to-ses01 seed=4 acc=0.7250 (ntr=160 nval=40 nte=200)
2026-06-09 03:47:41 | INFO    | train_session_alignment | [align] session_zscore         deepconvnet single_sub-005_ses02-to-ses03 seed=4 acc=0.5800 (ntr=160 nval=40 nte=200)
2026-06-09 03:47:48 | INFO    | train_session_alignment | [align] session_zscore         deepconvnet single_sub-005_ses03-to-ses01 seed=4 acc=0.6200 (ntr=160 nval=40 nte=200)
2026-06-09 03:47:56 | INFO    | train_session_alignment | [align] session_zscore         deepconvnet single_sub-005_ses03-to-ses02 seed=4 acc=0.6350 (ntr=160 nval=40 nte=200)
2026-06-09 03:48:07 | INFO    | train_session_alignment | [align] session_zscore         deepconvnet single_sub-006_ses01-to-ses02 seed=4 acc=0.8700 (ntr=160 nval=40 nte=200)
2026-06-09 03:48:18 | INFO    | train_session_alignment | [align] session_zscore         deepconvnet single_sub-006_ses01-to-ses03 seed=4 acc=0.9250 (ntr=160 nval=40 nte=200)
2026-06-09 03:48:31 | INFO    | train_session_alignment | [align] session_zscore         deepconvnet single_sub-006_ses02-to-ses01 seed=4 acc=0.8200 (ntr=160 nval=40 nte=200)
2026-06-09 03:48:44 | INFO    | train_session_alignment | [align] session_zscore         deepconvnet single_sub-006_ses02-to-ses03 seed=4 acc=0.8600 (ntr=160 nval=40 nte=200)
2026-06-09 03:48:54 | INFO    | train_session_alignment | [align] session_zscore         deepconvnet single_sub-006_ses03-to-ses01 seed=4 acc=0.8750 (ntr=160 nval=40 nte=200)
2026-06-09 03:49:04 | INFO    | train_session_alignment | [align] session_zscore         deepconvnet single_sub-006_ses03-to-ses02 seed=4 acc=0.7700 (ntr=160 nval=40 nte=200)
2026-06-09 03:49:13 | INFO    | train_session_alignment | [align] session_zscore         deepconvnet single_sub-007_ses01-to-ses02 seed=4 acc=0.7100 (ntr=160 nval=40 nte=200)
2026-06-09 03:49:22 | INFO    | train_session_alignment | [align] session_zscore         deepconvnet single_sub-007_ses01-to-ses03 seed=4 acc=0.8700 (ntr=160 nval=40 nte=200)
2026-06-09 03:49:29 | INFO    | train_session_alignment | [align] session_zscore         deepconvnet single_sub-007_ses02-to-ses01 seed=4 acc=0.6550 (ntr=160 nval=40 nte=200)
2026-06-09 03:49:36 | INFO    | train_session_alignment | [align] session_zscore         deepconvnet single_sub-007_ses02-to-ses03 seed=4 acc=0.8750 (ntr=160 nval=40 nte=200)
2026-06-09 03:49:45 | INFO    | train_session_alignment | [align] session_zscore         deepconvnet single_sub-007_ses03-to-ses01 seed=4 acc=0.6100 (ntr=160 nval=40 nte=200)
2026-06-09 03:49:54 | INFO    | train_session_alignment | [align] session_zscore         deepconvnet single_sub-007_ses03-to-ses02 seed=4 acc=0.6500 (ntr=160 nval=40 nte=200)
2026-06-09 03:50:00 | INFO    | train_session_alignment | [align] session_zscore         deepconvnet single_sub-008_ses01-to-ses02 seed=4 acc=0.5850 (ntr=160 nval=40 nte=200)
2026-06-09 03:50:05 | INFO    | train_session_alignment | [align] session_zscore         deepconvnet single_sub-008_ses01-to-ses03 seed=4 acc=0.6050 (ntr=160 nval=40 nte=200)
2026-06-09 03:50:17 | INFO    | train_session_alignment | [align] session_zscore         deepconvnet single_sub-008_ses02-to-ses01 seed=4 acc=0.6450 (ntr=160 nval=40 nte=200)
2026-06-09 03:50:28 | INFO    | train_session_alignment | [align] session_zscore         deepconvnet single_sub-008_ses02-to-ses03 seed=4 acc=0.7600 (ntr=160 nval=40 nte=200)
2026-06-09 03:50:47 | INFO    | train_session_alignment | [align] session_zscore         deepconvnet single_sub-008_ses03-to-ses01 seed=4 acc=0.5600 (ntr=160 nval=40 nte=200)
2026-06-09 03:51:06 | INFO    | train_session_alignment | [align] session_zscore         deepconvnet single_sub-008_ses03-to-ses02 seed=4 acc=0.7050 (ntr=160 nval=40 nte=200)
2026-06-09 03:51:14 | INFO    | train_session_alignment | [align] session_zscore         deepconvnet single_sub-009_ses01-to-ses02 seed=4 acc=0.7200 (ntr=160 nval=40 nte=200)
2026-06-09 03:51:23 | INFO    | train_session_alignment | [align] session_zscore         deepconvnet single_sub-009_ses01-to-ses03 seed=4 acc=0.6450 (ntr=160 nval=40 nte=200)
2026-06-09 03:51:29 | INFO    | train_session_alignment | [align] session_zscore         deepconvnet single_sub-009_ses02-to-ses01 seed=4 acc=0.7200 (ntr=160 nval=40 nte=200)
2026-06-09 03:51:36 | INFO    | train_session_alignment | [align] session_zscore         deepconvnet single_sub-009_ses02-to-ses03 seed=4 acc=0.5750 (ntr=160 nval=40 nte=200)
2026-06-09 03:51:41 | INFO    | train_session_alignment | [align] session_zscore         deepconvnet single_sub-009_ses03-to-ses01 seed=4 acc=0.5500 (ntr=160 nval=40 nte=200)
2026-06-09 03:51:47 | INFO    | train_session_alignment | [align] session_zscore         deepconvnet single_sub-009_ses03-to-ses02 seed=4 acc=0.6300 (ntr=160 nval=40 nte=200)
2026-06-09 03:51:52 | INFO    | train_session_alignment | [align] session_zscore         deepconvnet single_sub-010_ses01-to-ses02 seed=4 acc=0.5200 (ntr=160 nval=40 nte=200)
2026-06-09 03:51:58 | INFO    | train_session_alignment | [align] session_zscore         deepconvnet single_sub-010_ses01-to-ses03 seed=4 acc=0.5150 (ntr=160 nval=40 nte=200)
2026-06-09 03:52:10 | INFO    | train_session_alignment | [align] session_zscore         deepconvnet single_sub-010_ses02-to-ses01 seed=4 acc=0.7600 (ntr=160 nval=40 nte=200)
2026-06-09 03:52:22 | INFO    | train_session_alignment | [align] session_zscore         deepconvnet single_sub-010_ses02-to-ses03 seed=4 acc=0.5700 (ntr=160 nval=40 nte=200)
2026-06-09 03:52:34 | INFO    | train_session_alignment | [align] session_zscore         deepconvnet single_sub-010_ses03-to-ses01 seed=4 acc=0.5750 (ntr=160 nval=40 nte=200)
2026-06-09 03:52:47 | INFO    | train_session_alignment | [align] session_zscore         deepconvnet single_sub-010_ses03-to-ses02 seed=4 acc=0.5100 (ntr=160 nval=40 nte=200)
2026-06-09 03:52:53 | INFO    | train_session_alignment | [align] session_zscore         deepconvnet single_sub-011_ses01-to-ses02 seed=4 acc=0.5050 (ntr=160 nval=40 nte=200)
2026-06-09 03:52:59 | INFO    | train_session_alignment | [align] session_zscore         deepconvnet single_sub-011_ses01-to-ses03 seed=4 acc=0.9300 (ntr=160 nval=40 nte=200)
2026-06-09 03:53:12 | INFO    | train_session_alignment | [align] session_zscore         deepconvnet single_sub-011_ses02-to-ses01 seed=4 acc=0.7200 (ntr=160 nval=40 nte=200)
2026-06-09 03:53:25 | INFO    | train_session_alignment | [align] session_zscore         deepconvnet single_sub-011_ses02-to-ses03 seed=4 acc=0.4600 (ntr=160 nval=40 nte=200)
2026-06-09 03:53:33 | INFO    | train_session_alignment | [align] session_zscore         deepconvnet single_sub-011_ses03-to-ses01 seed=4 acc=0.9250 (ntr=160 nval=40 nte=200)
2026-06-09 03:53:41 | INFO    | train_session_alignment | [align] session_zscore         deepconvnet single_sub-011_ses03-to-ses02 seed=4 acc=0.6250 (ntr=160 nval=40 nte=200)
2026-06-09 03:53:47 | INFO    | train_session_alignment | [align] session_zscore         deepconvnet single_sub-012_ses01-to-ses02 seed=4 acc=0.5150 (ntr=160 nval=40 nte=200)
2026-06-09 03:53:53 | INFO    | train_session_alignment | [align] session_zscore         deepconvnet single_sub-012_ses01-to-ses03 seed=4 acc=0.5700 (ntr=160 nval=40 nte=200)
2026-06-09 03:53:59 | INFO    | train_session_alignment | [align] session_zscore         deepconvnet single_sub-012_ses02-to-ses01 seed=4 acc=0.5350 (ntr=160 nval=40 nte=200)
2026-06-09 03:54:04 | INFO    | train_session_alignment | [align] session_zscore         deepconvnet single_sub-012_ses02-to-ses03 seed=4 acc=0.5250 (ntr=160 nval=40 nte=200)
2026-06-09 03:54:11 | INFO    | train_session_alignment | [align] session_zscore         deepconvnet single_sub-012_ses03-to-ses01 seed=4 acc=0.5300 (ntr=160 nval=40 nte=200)
2026-06-09 03:54:17 | INFO    | train_session_alignment | [align] session_zscore         deepconvnet single_sub-012_ses03-to-ses02 seed=4 acc=0.4800 (ntr=160 nval=40 nte=200)
2026-06-09 03:54:23 | INFO    | train_session_alignment | [align] session_zscore         deepconvnet single_sub-013_ses01-to-ses02 seed=4 acc=0.7350 (ntr=160 nval=40 nte=200)
2026-06-09 03:54:29 | INFO    | train_session_alignment | [align] session_zscore         deepconvnet single_sub-013_ses01-to-ses03 seed=4 acc=0.7800 (ntr=160 nval=40 nte=200)
2026-06-09 03:54:38 | INFO    | train_session_alignment | [align] session_zscore         deepconvnet single_sub-013_ses02-to-ses01 seed=4 acc=0.5900 (ntr=160 nval=40 nte=200)
2026-06-09 03:54:46 | INFO    | train_session_alignment | [align] session_zscore         deepconvnet single_sub-013_ses02-to-ses03 seed=4 acc=0.7050 (ntr=160 nval=40 nte=200)
2026-06-09 03:54:54 | INFO    | train_session_alignment | [align] session_zscore         deepconvnet single_sub-013_ses03-to-ses01 seed=4 acc=0.7250 (ntr=160 nval=40 nte=200)
2026-06-09 03:55:02 | INFO    | train_session_alignment | [align] session_zscore         deepconvnet single_sub-013_ses03-to-ses02 seed=4 acc=0.7750 (ntr=160 nval=40 nte=200)
2026-06-09 03:55:07 | INFO    | train_session_alignment | [align] session_zscore         deepconvnet single_sub-014_ses01-to-ses02 seed=4 acc=0.4950 (ntr=160 nval=40 nte=200)
2026-06-09 03:55:13 | INFO    | train_session_alignment | [align] session_zscore         deepconvnet single_sub-014_ses01-to-ses03 seed=4 acc=0.5150 (ntr=160 nval=40 nte=200)
2026-06-09 03:55:18 | INFO    | train_session_alignment | [align] session_zscore         deepconvnet single_sub-014_ses02-to-ses01 seed=4 acc=0.4850 (ntr=160 nval=40 nte=200)
2026-06-09 03:55:24 | INFO    | train_session_alignment | [align] session_zscore         deepconvnet single_sub-014_ses02-to-ses03 seed=4 acc=0.5000 (ntr=160 nval=40 nte=200)
2026-06-09 03:55:32 | INFO    | train_session_alignment | [align] session_zscore         deepconvnet single_sub-014_ses03-to-ses01 seed=4 acc=0.5200 (ntr=160 nval=40 nte=200)
2026-06-09 03:55:39 | INFO    | train_session_alignment | [align] session_zscore         deepconvnet single_sub-014_ses03-to-ses02 seed=4 acc=0.5050 (ntr=160 nval=40 nte=200)
2026-06-09 03:55:49 | INFO    | train_session_alignment | [align] session_zscore         deepconvnet single_sub-015_ses01-to-ses02 seed=4 acc=0.6100 (ntr=160 nval=40 nte=200)
2026-06-09 03:55:59 | INFO    | train_session_alignment | [align] session_zscore         deepconvnet single_sub-015_ses01-to-ses03 seed=4 acc=0.6000 (ntr=160 nval=40 nte=200)
2026-06-09 03:56:05 | INFO    | train_session_alignment | [align] session_zscore         deepconvnet single_sub-015_ses02-to-ses01 seed=4 acc=0.5000 (ntr=160 nval=40 nte=200)
2026-06-09 03:56:10 | INFO    | train_session_alignment | [align] session_zscore         deepconvnet single_sub-015_ses02-to-ses03 seed=4 acc=0.5250 (ntr=160 nval=40 nte=200)
2026-06-09 03:56:21 | INFO    | train_session_alignment | [align] session_zscore         deepconvnet single_sub-015_ses03-to-ses01 seed=4 acc=0.6000 (ntr=160 nval=40 nte=200)
2026-06-09 03:56:32 | INFO    | train_session_alignment | [align] session_zscore         deepconvnet single_sub-015_ses03-to-ses02 seed=4 acc=0.6900 (ntr=160 nval=40 nte=200)
2026-06-09 03:56:37 | INFO    | train_session_alignment | [align] session_zscore         deepconvnet single_sub-016_ses01-to-ses02 seed=4 acc=0.4650 (ntr=160 nval=40 nte=200)
2026-06-09 03:56:43 | INFO    | train_session_alignment | [align] session_zscore         deepconvnet single_sub-016_ses01-to-ses03 seed=4 acc=0.4750 (ntr=160 nval=40 nte=200)
2026-06-09 03:56:48 | INFO    | train_session_alignment | [align] session_zscore         deepconvnet single_sub-016_ses02-to-ses01 seed=4 acc=0.4900 (ntr=160 nval=40 nte=200)
2026-06-09 03:56:54 | INFO    | train_session_alignment | [align] session_zscore         deepconvnet single_sub-016_ses02-to-ses03 seed=4 acc=0.5350 (ntr=160 nval=40 nte=200)
2026-06-09 03:56:59 | INFO    | train_session_alignment | [align] session_zscore         deepconvnet single_sub-016_ses03-to-ses01 seed=4 acc=0.5350 (ntr=160 nval=40 nte=200)
2026-06-09 03:57:05 | INFO    | train_session_alignment | [align] session_zscore         deepconvnet single_sub-016_ses03-to-ses02 seed=4 acc=0.5150 (ntr=160 nval=40 nte=200)
2026-06-09 03:57:12 | INFO    | train_session_alignment | [align] session_zscore         deepconvnet single_sub-017_ses01-to-ses02 seed=4 acc=0.7650 (ntr=160 nval=40 nte=200)
2026-06-09 03:57:19 | INFO    | train_session_alignment | [align] session_zscore         deepconvnet single_sub-017_ses01-to-ses03 seed=4 acc=0.6800 (ntr=160 nval=40 nte=200)
2026-06-09 03:57:26 | INFO    | train_session_alignment | [align] session_zscore         deepconvnet single_sub-017_ses02-to-ses01 seed=4 acc=0.5700 (ntr=160 nval=40 nte=200)
2026-06-09 03:57:33 | INFO    | train_session_alignment | [align] session_zscore         deepconvnet single_sub-017_ses02-to-ses03 seed=4 acc=0.7000 (ntr=160 nval=40 nte=200)
2026-06-09 03:57:39 | INFO    | train_session_alignment | [align] session_zscore         deepconvnet single_sub-017_ses03-to-ses01 seed=4 acc=0.5100 (ntr=160 nval=40 nte=200)
2026-06-09 03:57:44 | INFO    | train_session_alignment | [align] session_zscore         deepconvnet single_sub-017_ses03-to-ses02 seed=4 acc=0.5550 (ntr=160 nval=40 nte=200)
2026-06-09 03:57:55 | INFO    | train_session_alignment | [align] session_zscore         deepconvnet single_sub-018_ses01-to-ses02 seed=4 acc=0.6650 (ntr=160 nval=40 nte=200)
2026-06-09 03:58:06 | INFO    | train_session_alignment | [align] session_zscore         deepconvnet single_sub-018_ses01-to-ses03 seed=4 acc=0.5700 (ntr=160 nval=40 nte=200)
2026-06-09 03:58:13 | INFO    | train_session_alignment | [align] session_zscore         deepconvnet single_sub-018_ses02-to-ses01 seed=4 acc=0.6400 (ntr=160 nval=40 nte=200)
2026-06-09 03:58:20 | INFO    | train_session_alignment | [align] session_zscore         deepconvnet single_sub-018_ses02-to-ses03 seed=4 acc=0.5650 (ntr=160 nval=40 nte=200)
2026-06-09 03:58:27 | INFO    | train_session_alignment | [align] session_zscore         deepconvnet single_sub-018_ses03-to-ses01 seed=4 acc=0.5700 (ntr=160 nval=40 nte=200)
2026-06-09 03:58:35 | INFO    | train_session_alignment | [align] session_zscore         deepconvnet single_sub-018_ses03-to-ses02 seed=4 acc=0.5700 (ntr=160 nval=40 nte=200)
2026-06-09 03:58:41 | INFO    | train_session_alignment | [align] session_zscore         deepconvnet single_sub-019_ses01-to-ses02 seed=4 acc=0.5900 (ntr=160 nval=40 nte=200)
2026-06-09 03:58:48 | INFO    | train_session_alignment | [align] session_zscore         deepconvnet single_sub-019_ses01-to-ses03 seed=4 acc=0.6600 (ntr=160 nval=40 nte=200)
2026-06-09 03:58:56 | INFO    | train_session_alignment | [align] session_zscore         deepconvnet single_sub-019_ses02-to-ses01 seed=4 acc=0.5150 (ntr=160 nval=40 nte=200)
2026-06-09 03:59:04 | INFO    | train_session_alignment | [align] session_zscore         deepconvnet single_sub-019_ses02-to-ses03 seed=4 acc=0.8150 (ntr=160 nval=40 nte=200)
2026-06-09 03:59:14 | INFO    | train_session_alignment | [align] session_zscore         deepconvnet single_sub-019_ses03-to-ses01 seed=4 acc=0.5750 (ntr=160 nval=40 nte=200)
2026-06-09 03:59:23 | INFO    | train_session_alignment | [align] session_zscore         deepconvnet single_sub-019_ses03-to-ses02 seed=4 acc=0.7600 (ntr=160 nval=40 nte=200)
2026-06-09 03:59:38 | INFO    | train_session_alignment | [align] session_zscore         deepconvnet single_sub-020_ses01-to-ses02 seed=4 acc=0.8750 (ntr=160 nval=40 nte=200)
2026-06-09 03:59:53 | INFO    | train_session_alignment | [align] session_zscore         deepconvnet single_sub-020_ses01-to-ses03 seed=4 acc=0.6350 (ntr=160 nval=40 nte=200)
2026-06-09 04:00:08 | INFO    | train_session_alignment | [align] session_zscore         deepconvnet single_sub-020_ses02-to-ses01 seed=4 acc=0.6200 (ntr=160 nval=40 nte=200)
2026-06-09 04:00:24 | INFO    | train_session_alignment | [align] session_zscore         deepconvnet single_sub-020_ses02-to-ses03 seed=4 acc=0.5300 (ntr=160 nval=40 nte=200)
2026-06-09 04:00:38 | INFO    | train_session_alignment | [align] session_zscore         deepconvnet single_sub-020_ses03-to-ses01 seed=4 acc=0.5150 (ntr=160 nval=40 nte=200)
2026-06-09 04:00:51 | INFO    | train_session_alignment | [align] session_zscore         deepconvnet single_sub-020_ses03-to-ses02 seed=4 acc=0.4250 (ntr=160 nval=40 nte=200)
2026-06-09 04:01:00 | INFO    | train_session_alignment | [align] session_zscore         deepconvnet single_sub-021_ses01-to-ses02 seed=4 acc=0.7250 (ntr=160 nval=40 nte=200)
2026-06-09 04:01:10 | INFO    | train_session_alignment | [align] session_zscore         deepconvnet single_sub-021_ses01-to-ses03 seed=4 acc=0.6450 (ntr=160 nval=40 nte=200)
2026-06-09 04:01:17 | INFO    | train_session_alignment | [align] session_zscore         deepconvnet single_sub-021_ses02-to-ses01 seed=4 acc=0.7400 (ntr=160 nval=40 nte=200)
2026-06-09 04:01:25 | INFO    | train_session_alignment | [align] session_zscore         deepconvnet single_sub-021_ses02-to-ses03 seed=4 acc=0.6400 (ntr=160 nval=40 nte=200)
2026-06-09 04:01:30 | INFO    | train_session_alignment | [align] session_zscore         deepconvnet single_sub-021_ses03-to-ses01 seed=4 acc=0.5000 (ntr=160 nval=40 nte=200)
2026-06-09 04:01:36 | INFO    | train_session_alignment | [align] session_zscore         deepconvnet single_sub-021_ses03-to-ses02 seed=4 acc=0.5000 (ntr=160 nval=40 nte=200)
2026-06-09 04:01:47 | INFO    | train_session_alignment | [align] session_zscore         deepconvnet single_sub-022_ses01-to-ses02 seed=4 acc=0.5900 (ntr=160 nval=40 nte=200)
2026-06-09 04:01:59 | INFO    | train_session_alignment | [align] session_zscore         deepconvnet single_sub-022_ses01-to-ses03 seed=4 acc=0.5950 (ntr=160 nval=40 nte=200)
2026-06-09 04:02:11 | INFO    | train_session_alignment | [align] session_zscore         deepconvnet single_sub-022_ses02-to-ses01 seed=4 acc=0.4950 (ntr=160 nval=40 nte=200)
2026-06-09 04:02:23 | INFO    | train_session_alignment | [align] session_zscore         deepconvnet single_sub-022_ses02-to-ses03 seed=4 acc=0.6650 (ntr=160 nval=40 nte=200)
2026-06-09 04:02:31 | INFO    | train_session_alignment | [align] session_zscore         deepconvnet single_sub-022_ses03-to-ses01 seed=4 acc=0.6100 (ntr=160 nval=40 nte=200)
2026-06-09 04:02:38 | INFO    | train_session_alignment | [align] session_zscore         deepconvnet single_sub-022_ses03-to-ses02 seed=4 acc=0.5950 (ntr=160 nval=40 nte=200)
2026-06-09 04:02:53 | INFO    | train_session_alignment | [align] session_zscore         deepconvnet single_sub-023_ses02-to-ses03 seed=4 acc=0.8250 (ntr=160 nval=40 nte=200)
2026-06-09 04:02:59 | INFO    | train_session_alignment | [align] session_zscore         deepconvnet single_sub-023_ses03-to-ses02 seed=4 acc=0.5900 (ntr=160 nval=40 nte=200)
2026-06-09 04:03:06 | INFO    | train_session_alignment | [align] session_zscore         deepconvnet single_sub-025_ses01-to-ses02 seed=4 acc=0.8400 (ntr=160 nval=40 nte=200)
2026-06-09 04:03:13 | INFO    | train_session_alignment | [align] session_zscore         deepconvnet single_sub-025_ses01-to-ses03 seed=4 acc=0.8550 (ntr=160 nval=40 nte=200)
2026-06-09 04:03:24 | INFO    | train_session_alignment | [align] session_zscore         deepconvnet single_sub-025_ses02-to-ses01 seed=4 acc=0.8600 (ntr=160 nval=40 nte=200)
2026-06-09 04:03:35 | INFO    | train_session_alignment | [align] session_zscore         deepconvnet single_sub-025_ses02-to-ses03 seed=4 acc=0.8450 (ntr=160 nval=40 nte=200)
2026-06-09 04:03:42 | INFO    | train_session_alignment | [align] session_zscore         deepconvnet single_sub-025_ses03-to-ses01 seed=4 acc=0.7350 (ntr=160 nval=40 nte=200)
2026-06-09 04:03:49 | INFO    | train_session_alignment | [align] session_zscore         deepconvnet single_sub-025_ses03-to-ses02 seed=4 acc=0.8650 (ntr=160 nval=40 nte=200)
2026-06-09 04:03:58 | INFO    | train_session_alignment | [align] session_zscore         deepconvnet single_sub-026_ses02-to-ses03 seed=4 acc=0.8050 (ntr=160 nval=40 nte=200)
2026-06-09 04:04:04 | INFO    | train_session_alignment | [align] session_zscore         deepconvnet single_sub-026_ses03-to-ses02 seed=4 acc=0.9300 (ntr=160 nval=40 nte=200)
2026-06-09 04:04:13 | INFO    | train_session_alignment | [align] session_zscore         deepconvnet single_sub-027_ses01-to-ses02 seed=4 acc=0.5600 (ntr=160 nval=40 nte=200)
2026-06-09 04:04:21 | INFO    | train_session_alignment | [align] session_zscore         deepconvnet single_sub-027_ses01-to-ses03 seed=4 acc=0.7250 (ntr=160 nval=40 nte=200)
2026-06-09 04:04:27 | INFO    | train_session_alignment | [align] session_zscore         deepconvnet single_sub-027_ses02-to-ses01 seed=4 acc=0.5300 (ntr=160 nval=40 nte=200)
2026-06-09 04:04:33 | INFO    | train_session_alignment | [align] session_zscore         deepconvnet single_sub-027_ses02-to-ses03 seed=4 acc=0.6350 (ntr=160 nval=40 nte=200)
2026-06-09 04:04:43 | INFO    | train_session_alignment | [align] session_zscore         deepconvnet single_sub-027_ses03-to-ses01 seed=4 acc=0.7150 (ntr=160 nval=40 nte=200)
2026-06-09 04:04:53 | INFO    | train_session_alignment | [align] session_zscore         deepconvnet single_sub-027_ses03-to-ses02 seed=4 acc=0.5450 (ntr=160 nval=40 nte=200)
2026-06-09 04:05:06 | INFO    | train_session_alignment | [align] session_zscore         deepconvnet single_sub-028_ses01-to-ses02 seed=4 acc=0.5600 (ntr=160 nval=40 nte=200)
2026-06-09 04:05:18 | INFO    | train_session_alignment | [align] session_zscore         deepconvnet single_sub-028_ses01-to-ses03 seed=4 acc=0.4650 (ntr=160 nval=40 nte=200)
2026-06-09 04:05:30 | INFO    | train_session_alignment | [align] session_zscore         deepconvnet single_sub-028_ses02-to-ses01 seed=4 acc=0.7300 (ntr=160 nval=40 nte=200)
2026-06-09 04:05:43 | INFO    | train_session_alignment | [align] session_zscore         deepconvnet single_sub-028_ses02-to-ses03 seed=4 acc=0.5500 (ntr=160 nval=40 nte=200)
2026-06-09 04:05:52 | INFO    | train_session_alignment | [align] session_zscore         deepconvnet single_sub-028_ses03-to-ses01 seed=4 acc=0.5850 (ntr=160 nval=40 nte=200)
2026-06-09 04:06:00 | INFO    | train_session_alignment | [align] session_zscore         deepconvnet single_sub-028_ses03-to-ses02 seed=4 acc=0.5950 (ntr=160 nval=40 nte=200)
2026-06-09 04:06:16 | INFO    | train_session_alignment | [align] session_zscore         deepconvnet single_sub-029_ses01-to-ses02 seed=4 acc=0.4700 (ntr=160 nval=40 nte=200)
2026-06-09 04:06:32 | INFO    | train_session_alignment | [align] session_zscore         deepconvnet single_sub-029_ses01-to-ses03 seed=4 acc=0.4650 (ntr=160 nval=40 nte=200)
2026-06-09 04:06:38 | INFO    | train_session_alignment | [align] session_zscore         deepconvnet single_sub-029_ses02-to-ses01 seed=4 acc=0.4350 (ntr=160 nval=40 nte=200)
2026-06-09 04:06:44 | INFO    | train_session_alignment | [align] session_zscore         deepconvnet single_sub-029_ses02-to-ses03 seed=4 acc=0.8800 (ntr=160 nval=40 nte=200)
2026-06-09 04:06:53 | INFO    | train_session_alignment | [align] session_zscore         deepconvnet single_sub-029_ses03-to-ses01 seed=4 acc=0.4100 (ntr=160 nval=40 nte=200)
2026-06-09 04:07:02 | INFO    | train_session_alignment | [align] session_zscore         deepconvnet single_sub-029_ses03-to-ses02 seed=4 acc=0.9150 (ntr=160 nval=40 nte=200)
2026-06-09 04:07:10 | INFO    | train_session_alignment | [align] session_zscore         deepconvnet single_sub-030_ses01-to-ses02 seed=4 acc=0.8550 (ntr=160 nval=40 nte=200)
2026-06-09 04:07:18 | INFO    | train_session_alignment | [align] session_zscore         deepconvnet single_sub-030_ses01-to-ses03 seed=4 acc=0.7900 (ntr=160 nval=40 nte=200)
2026-06-09 04:07:27 | INFO    | train_session_alignment | [align] session_zscore         deepconvnet single_sub-030_ses02-to-ses01 seed=4 acc=0.5050 (ntr=160 nval=40 nte=200)
2026-06-09 04:07:37 | INFO    | train_session_alignment | [align] session_zscore         deepconvnet single_sub-030_ses02-to-ses03 seed=4 acc=0.8800 (ntr=160 nval=40 nte=200)
2026-06-09 04:07:42 | INFO    | train_session_alignment | [align] session_zscore         deepconvnet single_sub-030_ses03-to-ses01 seed=4 acc=0.5050 (ntr=160 nval=40 nte=200)
2026-06-09 04:07:47 | INFO    | train_session_alignment | [align] session_zscore         deepconvnet single_sub-030_ses03-to-ses02 seed=4 acc=0.7150 (ntr=160 nval=40 nte=200)
2026-06-09 04:07:57 | INFO    | train_session_alignment | [align] session_zscore         deepconvnet single_sub-031_ses01-to-ses02 seed=4 acc=0.6200 (ntr=160 nval=40 nte=200)
2026-06-09 04:08:06 | INFO    | train_session_alignment | [align] session_zscore         deepconvnet single_sub-031_ses01-to-ses03 seed=4 acc=0.5500 (ntr=160 nval=40 nte=200)
2026-06-09 04:08:13 | INFO    | train_session_alignment | [align] session_zscore         deepconvnet single_sub-031_ses02-to-ses01 seed=4 acc=0.6800 (ntr=160 nval=40 nte=200)
2026-06-09 04:08:20 | INFO    | train_session_alignment | [align] session_zscore         deepconvnet single_sub-031_ses02-to-ses03 seed=4 acc=0.5700 (ntr=160 nval=40 nte=200)
2026-06-09 04:08:26 | INFO    | train_session_alignment | [align] session_zscore         deepconvnet single_sub-031_ses03-to-ses01 seed=4 acc=0.6400 (ntr=160 nval=40 nte=200)
2026-06-09 04:08:31 | INFO    | train_session_alignment | [align] session_zscore         deepconvnet single_sub-031_ses03-to-ses02 seed=4 acc=0.6400 (ntr=160 nval=40 nte=200)
2026-06-09 04:08:42 | INFO    | train_session_alignment | [align] session_zscore         deepconvnet single_sub-032_ses01-to-ses03 seed=4 acc=0.5750 (ntr=160 nval=40 nte=200)
2026-06-09 04:08:52 | INFO    | train_session_alignment | [align] session_zscore         deepconvnet single_sub-032_ses03-to-ses01 seed=4 acc=0.5900 (ntr=160 nval=40 nte=200)
2026-06-09 04:09:02 | INFO    | train_session_alignment | [align] session_zscore         deepconvnet single_sub-033_ses01-to-ses02 seed=4 acc=0.7250 (ntr=160 nval=40 nte=200)
2026-06-09 04:09:12 | INFO    | train_session_alignment | [align] session_zscore         deepconvnet single_sub-033_ses01-to-ses03 seed=4 acc=0.7450 (ntr=160 nval=40 nte=200)
2026-06-09 04:09:22 | INFO    | train_session_alignment | [align] session_zscore         deepconvnet single_sub-033_ses02-to-ses01 seed=4 acc=0.8300 (ntr=160 nval=40 nte=200)
2026-06-09 04:09:32 | INFO    | train_session_alignment | [align] session_zscore         deepconvnet single_sub-033_ses02-to-ses03 seed=4 acc=0.8000 (ntr=160 nval=40 nte=200)
2026-06-09 04:09:39 | INFO    | train_session_alignment | [align] session_zscore         deepconvnet single_sub-033_ses03-to-ses01 seed=4 acc=0.8200 (ntr=160 nval=40 nte=200)
2026-06-09 04:09:46 | INFO    | train_session_alignment | [align] session_zscore         deepconvnet single_sub-033_ses03-to-ses02 seed=4 acc=0.7900 (ntr=160 nval=40 nte=200)
2026-06-09 04:09:52 | INFO    | train_session_alignment | [align] session_zscore         deepconvnet single_sub-034_ses01-to-ses02 seed=4 acc=0.7450 (ntr=160 nval=40 nte=200)
2026-06-09 04:09:57 | INFO    | train_session_alignment | [align] session_zscore         deepconvnet single_sub-034_ses01-to-ses03 seed=4 acc=0.6900 (ntr=160 nval=40 nte=200)
2026-06-09 04:10:06 | INFO    | train_session_alignment | [align] session_zscore         deepconvnet single_sub-034_ses02-to-ses01 seed=4 acc=0.6850 (ntr=160 nval=40 nte=200)
2026-06-09 04:10:14 | INFO    | train_session_alignment | [align] session_zscore         deepconvnet single_sub-034_ses02-to-ses03 seed=4 acc=0.9200 (ntr=160 nval=40 nte=200)
2026-06-09 04:10:32 | INFO    | train_session_alignment | [align] session_zscore         deepconvnet single_sub-034_ses03-to-ses01 seed=4 acc=0.7300 (ntr=160 nval=40 nte=200)
2026-06-09 04:10:50 | INFO    | train_session_alignment | [align] session_zscore         deepconvnet single_sub-034_ses03-to-ses02 seed=4 acc=0.9350 (ntr=160 nval=40 nte=200)
2026-06-09 04:11:12 | INFO    | train_session_alignment | [align] session_zscore         deepconvnet single_sub-035_ses01-to-ses02 seed=4 acc=0.9650 (ntr=160 nval=40 nte=200)
2026-06-09 04:11:34 | INFO    | train_session_alignment | [align] session_zscore         deepconvnet single_sub-035_ses01-to-ses03 seed=4 acc=0.8900 (ntr=160 nval=40 nte=200)
2026-06-09 04:11:54 | INFO    | train_session_alignment | [align] session_zscore         deepconvnet single_sub-035_ses02-to-ses01 seed=4 acc=0.9450 (ntr=160 nval=40 nte=200)
2026-06-09 04:12:14 | INFO    | train_session_alignment | [align] session_zscore         deepconvnet single_sub-035_ses02-to-ses03 seed=4 acc=0.8850 (ntr=160 nval=40 nte=200)
2026-06-09 04:12:31 | INFO    | train_session_alignment | [align] session_zscore         deepconvnet single_sub-035_ses03-to-ses01 seed=4 acc=0.9700 (ntr=160 nval=40 nte=200)
2026-06-09 04:12:48 | INFO    | train_session_alignment | [align] session_zscore         deepconvnet single_sub-035_ses03-to-ses02 seed=4 acc=0.9500 (ntr=160 nval=40 nte=200)
2026-06-09 04:12:56 | INFO    | train_session_alignment | [align] session_zscore         deepconvnet single_sub-036_ses01-to-ses02 seed=4 acc=0.9100 (ntr=160 nval=40 nte=200)
2026-06-09 04:13:05 | INFO    | train_session_alignment | [align] session_zscore         deepconvnet single_sub-036_ses01-to-ses03 seed=4 acc=0.9650 (ntr=160 nval=40 nte=200)
2026-06-09 04:13:17 | INFO    | train_session_alignment | [align] session_zscore         deepconvnet single_sub-036_ses02-to-ses01 seed=4 acc=0.8500 (ntr=160 nval=40 nte=200)
2026-06-09 04:13:29 | INFO    | train_session_alignment | [align] session_zscore         deepconvnet single_sub-036_ses02-to-ses03 seed=4 acc=0.9800 (ntr=160 nval=40 nte=200)
2026-06-09 04:13:41 | INFO    | train_session_alignment | [align] session_zscore         deepconvnet single_sub-036_ses03-to-ses01 seed=4 acc=0.7750 (ntr=160 nval=40 nte=200)
2026-06-09 04:13:53 | INFO    | train_session_alignment | [align] session_zscore         deepconvnet single_sub-036_ses03-to-ses02 seed=4 acc=0.9000 (ntr=160 nval=40 nte=200)
2026-06-09 04:14:12 | INFO    | train_session_alignment | [align] session_zscore         deepconvnet single_sub-037_ses01-to-ses02 seed=4 acc=0.9000 (ntr=160 nval=40 nte=200)
2026-06-09 04:14:31 | INFO    | train_session_alignment | [align] session_zscore         deepconvnet single_sub-037_ses01-to-ses03 seed=4 acc=0.8350 (ntr=160 nval=40 nte=200)
2026-06-09 04:14:37 | INFO    | train_session_alignment | [align] session_zscore         deepconvnet single_sub-037_ses02-to-ses01 seed=4 acc=0.7250 (ntr=160 nval=40 nte=200)
2026-06-09 04:14:43 | INFO    | train_session_alignment | [align] session_zscore         deepconvnet single_sub-037_ses02-to-ses03 seed=4 acc=0.8300 (ntr=160 nval=40 nte=200)
2026-06-09 04:14:49 | INFO    | train_session_alignment | [align] session_zscore         deepconvnet single_sub-037_ses03-to-ses01 seed=4 acc=0.8200 (ntr=160 nval=40 nte=200)
2026-06-09 04:14:55 | INFO    | train_session_alignment | [align] session_zscore         deepconvnet single_sub-037_ses03-to-ses02 seed=4 acc=0.9100 (ntr=160 nval=40 nte=200)
2026-06-09 04:15:01 | INFO    | train_session_alignment | [align] session_zscore         deepconvnet single_sub-038_ses01-to-ses02 seed=4 acc=0.4200 (ntr=160 nval=40 nte=200)
2026-06-09 04:15:06 | INFO    | train_session_alignment | [align] session_zscore         deepconvnet single_sub-038_ses01-to-ses03 seed=4 acc=0.5250 (ntr=160 nval=40 nte=200)
2026-06-09 04:15:15 | INFO    | train_session_alignment | [align] session_zscore         deepconvnet single_sub-038_ses02-to-ses01 seed=4 acc=0.4400 (ntr=160 nval=40 nte=200)
2026-06-09 04:15:23 | INFO    | train_session_alignment | [align] session_zscore         deepconvnet single_sub-038_ses02-to-ses03 seed=4 acc=0.5350 (ntr=160 nval=40 nte=200)
2026-06-09 04:15:29 | INFO    | train_session_alignment | [align] session_zscore         deepconvnet single_sub-038_ses03-to-ses01 seed=4 acc=0.5550 (ntr=160 nval=40 nte=200)
2026-06-09 04:15:35 | INFO    | train_session_alignment | [align] session_zscore         deepconvnet single_sub-038_ses03-to-ses02 seed=4 acc=0.4150 (ntr=160 nval=40 nte=200)
2026-06-09 04:15:46 | INFO    | train_session_alignment | [align] session_zscore         deepconvnet single_sub-039_ses01-to-ses02 seed=4 acc=0.4800 (ntr=160 nval=40 nte=200)
2026-06-09 04:15:57 | INFO    | train_session_alignment | [align] session_zscore         deepconvnet single_sub-039_ses01-to-ses03 seed=4 acc=0.4100 (ntr=160 nval=40 nte=200)
2026-06-09 04:16:04 | INFO    | train_session_alignment | [align] session_zscore         deepconvnet single_sub-039_ses02-to-ses01 seed=4 acc=0.4000 (ntr=160 nval=40 nte=200)
2026-06-09 04:16:12 | INFO    | train_session_alignment | [align] session_zscore         deepconvnet single_sub-039_ses02-to-ses03 seed=4 acc=0.6850 (ntr=160 nval=40 nte=200)
2026-06-09 04:16:17 | INFO    | train_session_alignment | [align] session_zscore         deepconvnet single_sub-039_ses03-to-ses01 seed=4 acc=0.4600 (ntr=160 nval=40 nte=200)
2026-06-09 04:16:23 | INFO    | train_session_alignment | [align] session_zscore         deepconvnet single_sub-039_ses03-to-ses02 seed=4 acc=0.5800 (ntr=160 nval=40 nte=200)
2026-06-09 04:16:30 | INFO    | train_session_alignment | [align] session_zscore         deepconvnet single_sub-040_ses01-to-ses02 seed=4 acc=0.6150 (ntr=160 nval=40 nte=200)
2026-06-09 04:16:38 | INFO    | train_session_alignment | [align] session_zscore         deepconvnet single_sub-040_ses01-to-ses03 seed=4 acc=0.6500 (ntr=160 nval=40 nte=200)
2026-06-09 04:16:43 | INFO    | train_session_alignment | [align] session_zscore         deepconvnet single_sub-040_ses02-to-ses01 seed=4 acc=0.6150 (ntr=160 nval=40 nte=200)
2026-06-09 04:16:49 | INFO    | train_session_alignment | [align] session_zscore         deepconvnet single_sub-040_ses02-to-ses03 seed=4 acc=0.6400 (ntr=160 nval=40 nte=200)
2026-06-09 04:16:55 | INFO    | train_session_alignment | [align] session_zscore         deepconvnet single_sub-040_ses03-to-ses01 seed=4 acc=0.6900 (ntr=160 nval=40 nte=200)
2026-06-09 04:17:02 | INFO    | train_session_alignment | [align] session_zscore         deepconvnet single_sub-040_ses03-to-ses02 seed=4 acc=0.6100 (ntr=160 nval=40 nte=200)
2026-06-09 04:17:09 | INFO    | train_session_alignment | [align] session_zscore         deepconvnet single_sub-041_ses01-to-ses02 seed=4 acc=0.7750 (ntr=160 nval=40 nte=200)
2026-06-09 04:17:15 | INFO    | train_session_alignment | [align] session_zscore         deepconvnet single_sub-041_ses01-to-ses03 seed=4 acc=0.8100 (ntr=160 nval=40 nte=200)
2026-06-09 04:17:26 | INFO    | train_session_alignment | [align] session_zscore         deepconvnet single_sub-041_ses02-to-ses01 seed=4 acc=0.7700 (ntr=160 nval=40 nte=200)
2026-06-09 04:17:37 | INFO    | train_session_alignment | [align] session_zscore         deepconvnet single_sub-041_ses02-to-ses03 seed=4 acc=0.8250 (ntr=160 nval=40 nte=200)
2026-06-09 04:17:43 | INFO    | train_session_alignment | [align] session_zscore         deepconvnet single_sub-041_ses03-to-ses01 seed=4 acc=0.7250 (ntr=160 nval=40 nte=200)
2026-06-09 04:17:48 | INFO    | train_session_alignment | [align] session_zscore         deepconvnet single_sub-041_ses03-to-ses02 seed=4 acc=0.7350 (ntr=160 nval=40 nte=200)
2026-06-09 04:18:05 | INFO    | train_session_alignment | [align] session_zscore         deepconvnet single_sub-042_ses01-to-ses02 seed=4 acc=0.7100 (ntr=160 nval=40 nte=200)
2026-06-09 04:18:21 | INFO    | train_session_alignment | [align] session_zscore         deepconvnet single_sub-042_ses01-to-ses03 seed=4 acc=0.6300 (ntr=160 nval=40 nte=200)
2026-06-09 04:18:29 | INFO    | train_session_alignment | [align] session_zscore         deepconvnet single_sub-042_ses02-to-ses01 seed=4 acc=0.6500 (ntr=160 nval=40 nte=200)
2026-06-09 04:18:37 | INFO    | train_session_alignment | [align] session_zscore         deepconvnet single_sub-042_ses02-to-ses03 seed=4 acc=0.5600 (ntr=160 nval=40 nte=200)
2026-06-09 04:18:43 | INFO    | train_session_alignment | [align] session_zscore         deepconvnet single_sub-042_ses03-to-ses01 seed=4 acc=0.5650 (ntr=160 nval=40 nte=200)
2026-06-09 04:18:49 | INFO    | train_session_alignment | [align] session_zscore         deepconvnet single_sub-042_ses03-to-ses02 seed=4 acc=0.4900 (ntr=160 nval=40 nte=200)
2026-06-09 04:19:00 | INFO    | train_session_alignment | [align] session_zscore         deepconvnet single_sub-043_ses01-to-ses02 seed=4 acc=0.8700 (ntr=160 nval=40 nte=200)
2026-06-09 04:19:11 | INFO    | train_session_alignment | [align] session_zscore         deepconvnet single_sub-043_ses01-to-ses03 seed=4 acc=0.7900 (ntr=160 nval=40 nte=200)
2026-06-09 04:19:22 | INFO    | train_session_alignment | [align] session_zscore         deepconvnet single_sub-043_ses02-to-ses01 seed=4 acc=0.9550 (ntr=160 nval=40 nte=200)
2026-06-09 04:19:33 | INFO    | train_session_alignment | [align] session_zscore         deepconvnet single_sub-043_ses02-to-ses03 seed=4 acc=0.8800 (ntr=160 nval=40 nte=200)
2026-06-09 04:19:44 | INFO    | train_session_alignment | [align] session_zscore         deepconvnet single_sub-043_ses03-to-ses01 seed=4 acc=0.9750 (ntr=160 nval=40 nte=200)
2026-06-09 04:19:54 | INFO    | train_session_alignment | [align] session_zscore         deepconvnet single_sub-043_ses03-to-ses02 seed=4 acc=0.9850 (ntr=160 nval=40 nte=200)
2026-06-09 04:20:01 | INFO    | train_session_alignment | [align] session_zscore         deepconvnet single_sub-044_ses01-to-ses02 seed=4 acc=0.6100 (ntr=160 nval=40 nte=200)
2026-06-09 04:20:08 | INFO    | train_session_alignment | [align] session_zscore         deepconvnet single_sub-044_ses01-to-ses03 seed=4 acc=0.6350 (ntr=160 nval=40 nte=200)
2026-06-09 04:20:13 | INFO    | train_session_alignment | [align] session_zscore         deepconvnet single_sub-044_ses02-to-ses01 seed=4 acc=0.5450 (ntr=160 nval=40 nte=200)
2026-06-09 04:20:19 | INFO    | train_session_alignment | [align] session_zscore         deepconvnet single_sub-044_ses02-to-ses03 seed=4 acc=0.6500 (ntr=160 nval=40 nte=200)
2026-06-09 04:20:26 | INFO    | train_session_alignment | [align] session_zscore         deepconvnet single_sub-044_ses03-to-ses01 seed=4 acc=0.5950 (ntr=160 nval=40 nte=200)
2026-06-09 04:20:34 | INFO    | train_session_alignment | [align] session_zscore         deepconvnet single_sub-044_ses03-to-ses02 seed=4 acc=0.6850 (ntr=160 nval=40 nte=200)
2026-06-09 04:20:42 | INFO    | train_session_alignment | [align] session_zscore         deepconvnet single_sub-045_ses01-to-ses02 seed=4 acc=0.7300 (ntr=160 nval=40 nte=200)
2026-06-09 04:20:50 | INFO    | train_session_alignment | [align] session_zscore         deepconvnet single_sub-045_ses01-to-ses03 seed=4 acc=0.6400 (ntr=160 nval=40 nte=200)
2026-06-09 04:21:02 | INFO    | train_session_alignment | [align] session_zscore         deepconvnet single_sub-045_ses02-to-ses01 seed=4 acc=0.7450 (ntr=160 nval=40 nte=200)
2026-06-09 04:21:15 | INFO    | train_session_alignment | [align] session_zscore         deepconvnet single_sub-045_ses02-to-ses03 seed=4 acc=0.7150 (ntr=160 nval=40 nte=200)
2026-06-09 04:21:24 | INFO    | train_session_alignment | [align] session_zscore         deepconvnet single_sub-045_ses03-to-ses01 seed=4 acc=0.7700 (ntr=160 nval=40 nte=200)
2026-06-09 04:21:34 | INFO    | train_session_alignment | [align] session_zscore         deepconvnet single_sub-045_ses03-to-ses02 seed=4 acc=0.7850 (ntr=160 nval=40 nte=200)
2026-06-09 04:21:49 | INFO    | train_session_alignment | [align] session_zscore         deepconvnet single_sub-046_ses01-to-ses02 seed=4 acc=0.9650 (ntr=160 nval=40 nte=200)
2026-06-09 04:22:04 | INFO    | train_session_alignment | [align] session_zscore         deepconvnet single_sub-046_ses01-to-ses03 seed=4 acc=0.9200 (ntr=160 nval=40 nte=200)
2026-06-09 04:22:14 | INFO    | train_session_alignment | [align] session_zscore         deepconvnet single_sub-046_ses02-to-ses01 seed=4 acc=0.9800 (ntr=160 nval=40 nte=200)
2026-06-09 04:22:23 | INFO    | train_session_alignment | [align] session_zscore         deepconvnet single_sub-046_ses02-to-ses03 seed=4 acc=0.9400 (ntr=160 nval=40 nte=200)
2026-06-09 04:22:39 | INFO    | train_session_alignment | [align] session_zscore         deepconvnet single_sub-046_ses03-to-ses01 seed=4 acc=0.9750 (ntr=160 nval=40 nte=200)
2026-06-09 04:22:55 | INFO    | train_session_alignment | [align] session_zscore         deepconvnet single_sub-046_ses03-to-ses02 seed=4 acc=0.9850 (ntr=160 nval=40 nte=200)
2026-06-09 04:23:03 | INFO    | train_session_alignment | [align] session_zscore         deepconvnet single_sub-047_ses01-to-ses02 seed=4 acc=0.7350 (ntr=160 nval=40 nte=200)
2026-06-09 04:23:11 | INFO    | train_session_alignment | [align] session_zscore         deepconvnet single_sub-047_ses01-to-ses03 seed=4 acc=0.6950 (ntr=160 nval=40 nte=200)
2026-06-09 04:23:18 | INFO    | train_session_alignment | [align] session_zscore         deepconvnet single_sub-047_ses02-to-ses01 seed=4 acc=0.7600 (ntr=160 nval=40 nte=200)
2026-06-09 04:23:26 | INFO    | train_session_alignment | [align] session_zscore         deepconvnet single_sub-047_ses02-to-ses03 seed=4 acc=0.6950 (ntr=160 nval=40 nte=200)
2026-06-09 04:23:40 | INFO    | train_session_alignment | [align] session_zscore         deepconvnet single_sub-047_ses03-to-ses01 seed=4 acc=0.7100 (ntr=160 nval=40 nte=200)
2026-06-09 04:23:53 | INFO    | train_session_alignment | [align] session_zscore         deepconvnet single_sub-047_ses03-to-ses02 seed=4 acc=0.6950 (ntr=160 nval=40 nte=200)
2026-06-09 04:24:08 | INFO    | train_session_alignment | [align] session_zscore         deepconvnet single_sub-048_ses01-to-ses02 seed=4 acc=0.8250 (ntr=160 nval=40 nte=200)
2026-06-09 04:24:23 | INFO    | train_session_alignment | [align] session_zscore         deepconvnet single_sub-048_ses01-to-ses03 seed=4 acc=0.8300 (ntr=160 nval=40 nte=200)
2026-06-09 04:24:28 | INFO    | train_session_alignment | [align] session_zscore         deepconvnet single_sub-048_ses02-to-ses01 seed=4 acc=0.7250 (ntr=160 nval=40 nte=200)
2026-06-09 04:24:34 | INFO    | train_session_alignment | [align] session_zscore         deepconvnet single_sub-048_ses02-to-ses03 seed=4 acc=0.7350 (ntr=160 nval=40 nte=200)
2026-06-09 04:24:40 | INFO    | train_session_alignment | [align] session_zscore         deepconvnet single_sub-048_ses03-to-ses01 seed=4 acc=0.6450 (ntr=160 nval=40 nte=200)
2026-06-09 04:24:46 | INFO    | train_session_alignment | [align] session_zscore         deepconvnet single_sub-048_ses03-to-ses02 seed=4 acc=0.6650 (ntr=160 nval=40 nte=200)
2026-06-09 04:24:51 | INFO    | train_session_alignment | [align] session_zscore         deepconvnet single_sub-049_ses01-to-ses02 seed=4 acc=0.5250 (ntr=160 nval=40 nte=200)
2026-06-09 04:24:57 | INFO    | train_session_alignment | [align] session_zscore         deepconvnet single_sub-049_ses01-to-ses03 seed=4 acc=0.6900 (ntr=160 nval=40 nte=200)
2026-06-09 04:25:04 | INFO    | train_session_alignment | [align] session_zscore         deepconvnet single_sub-049_ses02-to-ses01 seed=4 acc=0.5550 (ntr=160 nval=40 nte=200)
2026-06-09 04:25:12 | INFO    | train_session_alignment | [align] session_zscore         deepconvnet single_sub-049_ses02-to-ses03 seed=4 acc=0.6450 (ntr=160 nval=40 nte=200)
2026-06-09 04:25:21 | INFO    | train_session_alignment | [align] session_zscore         deepconvnet single_sub-049_ses03-to-ses01 seed=4 acc=0.7600 (ntr=160 nval=40 nte=200)
2026-06-09 04:25:31 | INFO    | train_session_alignment | [align] session_zscore         deepconvnet single_sub-049_ses03-to-ses02 seed=4 acc=0.6350 (ntr=160 nval=40 nte=200)
2026-06-09 04:25:43 | INFO    | train_session_alignment | [align] session_zscore         deepconvnet single_sub-050_ses01-to-ses02 seed=4 acc=0.8950 (ntr=160 nval=40 nte=200)
2026-06-09 04:25:55 | INFO    | train_session_alignment | [align] session_zscore         deepconvnet single_sub-050_ses01-to-ses03 seed=4 acc=0.8600 (ntr=160 nval=40 nte=200)
2026-06-09 04:26:02 | INFO    | train_session_alignment | [align] session_zscore         deepconvnet single_sub-050_ses02-to-ses01 seed=4 acc=0.7700 (ntr=160 nval=40 nte=200)
2026-06-09 04:26:09 | INFO    | train_session_alignment | [align] session_zscore         deepconvnet single_sub-050_ses02-to-ses03 seed=4 acc=0.9200 (ntr=160 nval=40 nte=200)
2026-06-09 04:26:17 | INFO    | train_session_alignment | [align] session_zscore         deepconvnet single_sub-050_ses03-to-ses01 seed=4 acc=0.5800 (ntr=160 nval=40 nte=200)
2026-06-09 04:26:25 | INFO    | train_session_alignment | [align] session_zscore         deepconvnet single_sub-050_ses03-to-ses02 seed=4 acc=0.8600 (ntr=160 nval=40 nte=200)
2026-06-09 04:26:33 | INFO    | train_session_alignment | [align] session_zscore         deepconvnet single_sub-051_ses01-to-ses02 seed=4 acc=0.6450 (ntr=160 nval=40 nte=200)
2026-06-09 04:26:40 | INFO    | train_session_alignment | [align] session_zscore         deepconvnet single_sub-051_ses01-to-ses03 seed=4 acc=0.7850 (ntr=160 nval=40 nte=200)
2026-06-09 04:26:49 | INFO    | train_session_alignment | [align] session_zscore         deepconvnet single_sub-051_ses02-to-ses01 seed=4 acc=0.6000 (ntr=160 nval=40 nte=200)
2026-06-09 04:26:57 | INFO    | train_session_alignment | [align] session_zscore         deepconvnet single_sub-051_ses02-to-ses03 seed=4 acc=0.8150 (ntr=160 nval=40 nte=200)
2026-06-09 04:27:03 | INFO    | train_session_alignment | [align] session_zscore         deepconvnet single_sub-051_ses03-to-ses01 seed=4 acc=0.4900 (ntr=160 nval=40 nte=200)
2026-06-09 04:27:08 | INFO    | train_session_alignment | [align] session_zscore         deepconvnet single_sub-051_ses03-to-ses02 seed=4 acc=0.5150 (ntr=160 nval=40 nte=200)
2026-06-09 04:27:21 | INFO    | train_session_alignment | [align] session_zscore         deepconvnet multi_sub-001_ses01ses02-to-ses03 seed=4 acc=0.9300 (ntr=320 nval=80 nte=200)
2026-06-09 04:27:30 | INFO    | train_session_alignment | [align] session_zscore         deepconvnet multi_sub-002_ses01ses02-to-ses03 seed=4 acc=0.6550 (ntr=320 nval=80 nte=200)
2026-06-09 04:27:50 | INFO    | train_session_alignment | [align] session_zscore         deepconvnet multi_sub-003_ses01ses02-to-ses03 seed=4 acc=0.9250 (ntr=320 nval=80 nte=200)
2026-06-09 04:27:57 | INFO    | train_session_alignment | [align] session_zscore         deepconvnet multi_sub-004_ses01ses02-to-ses03 seed=4 acc=0.5050 (ntr=320 nval=80 nte=200)
2026-06-09 04:28:19 | INFO    | train_session_alignment | [align] session_zscore         deepconvnet multi_sub-005_ses01ses02-to-ses03 seed=4 acc=0.7550 (ntr=320 nval=80 nte=200)
2026-06-09 04:28:33 | INFO    | train_session_alignment | [align] session_zscore         deepconvnet multi_sub-006_ses01ses02-to-ses03 seed=4 acc=0.9600 (ntr=320 nval=80 nte=200)
2026-06-09 04:28:43 | INFO    | train_session_alignment | [align] session_zscore         deepconvnet multi_sub-007_ses01ses02-to-ses03 seed=4 acc=0.9050 (ntr=320 nval=80 nte=200)
2026-06-09 04:28:55 | INFO    | train_session_alignment | [align] session_zscore         deepconvnet multi_sub-008_ses01ses02-to-ses03 seed=4 acc=0.6750 (ntr=320 nval=80 nte=200)
2026-06-09 04:29:06 | INFO    | train_session_alignment | [align] session_zscore         deepconvnet multi_sub-009_ses01ses02-to-ses03 seed=4 acc=0.6350 (ntr=320 nval=80 nte=200)
2026-06-09 04:29:15 | INFO    | train_session_alignment | [align] session_zscore         deepconvnet multi_sub-010_ses01ses02-to-ses03 seed=4 acc=0.5000 (ntr=320 nval=80 nte=200)
2026-06-09 04:29:24 | INFO    | train_session_alignment | [align] session_zscore         deepconvnet multi_sub-011_ses01ses02-to-ses03 seed=4 acc=0.9800 (ntr=320 nval=80 nte=200)
2026-06-09 04:29:32 | INFO    | train_session_alignment | [align] session_zscore         deepconvnet multi_sub-012_ses01ses02-to-ses03 seed=4 acc=0.5250 (ntr=320 nval=80 nte=200)
2026-06-09 04:29:47 | INFO    | train_session_alignment | [align] session_zscore         deepconvnet multi_sub-013_ses01ses02-to-ses03 seed=4 acc=0.7300 (ntr=320 nval=80 nte=200)
2026-06-09 04:29:59 | INFO    | train_session_alignment | [align] session_zscore         deepconvnet multi_sub-014_ses01ses02-to-ses03 seed=4 acc=0.5050 (ntr=320 nval=80 nte=200)
2026-06-09 04:30:09 | INFO    | train_session_alignment | [align] session_zscore         deepconvnet multi_sub-015_ses01ses02-to-ses03 seed=4 acc=0.6900 (ntr=320 nval=80 nte=200)
2026-06-09 04:30:17 | INFO    | train_session_alignment | [align] session_zscore         deepconvnet multi_sub-016_ses01ses02-to-ses03 seed=4 acc=0.4850 (ntr=320 nval=80 nte=200)
2026-06-09 04:30:27 | INFO    | train_session_alignment | [align] session_zscore         deepconvnet multi_sub-017_ses01ses02-to-ses03 seed=4 acc=0.7200 (ntr=320 nval=80 nte=200)
2026-06-09 04:30:38 | INFO    | train_session_alignment | [align] session_zscore         deepconvnet multi_sub-018_ses01ses02-to-ses03 seed=4 acc=0.5700 (ntr=320 nval=80 nte=200)
2026-06-09 04:30:50 | INFO    | train_session_alignment | [align] session_zscore         deepconvnet multi_sub-019_ses01ses02-to-ses03 seed=4 acc=0.8750 (ntr=320 nval=80 nte=200)
2026-06-09 04:31:05 | INFO    | train_session_alignment | [align] session_zscore         deepconvnet multi_sub-020_ses01ses02-to-ses03 seed=4 acc=0.5550 (ntr=320 nval=80 nte=200)
2026-06-09 04:31:17 | INFO    | train_session_alignment | [align] session_zscore         deepconvnet multi_sub-021_ses01ses02-to-ses03 seed=4 acc=0.6500 (ntr=320 nval=80 nte=200)
2026-06-09 04:31:32 | INFO    | train_session_alignment | [align] session_zscore         deepconvnet multi_sub-022_ses01ses02-to-ses03 seed=4 acc=0.7100 (ntr=320 nval=80 nte=200)
2026-06-09 04:31:43 | INFO    | train_session_alignment | [align] session_zscore         deepconvnet multi_sub-025_ses01ses02-to-ses03 seed=4 acc=0.8800 (ntr=320 nval=80 nte=200)
2026-06-09 04:31:57 | INFO    | train_session_alignment | [align] session_zscore         deepconvnet multi_sub-027_ses01ses02-to-ses03 seed=4 acc=0.8500 (ntr=320 nval=80 nte=200)
2026-06-09 04:32:22 | INFO    | train_session_alignment | [align] session_zscore         deepconvnet multi_sub-028_ses01ses02-to-ses03 seed=4 acc=0.5300 (ntr=320 nval=80 nte=200)
2026-06-09 04:32:41 | INFO    | train_session_alignment | [align] session_zscore         deepconvnet multi_sub-029_ses01ses02-to-ses03 seed=4 acc=0.9150 (ntr=320 nval=80 nte=200)
2026-06-09 04:32:53 | INFO    | train_session_alignment | [align] session_zscore         deepconvnet multi_sub-030_ses01ses02-to-ses03 seed=4 acc=0.8100 (ntr=320 nval=80 nte=200)
2026-06-09 04:33:01 | INFO    | train_session_alignment | [align] session_zscore         deepconvnet multi_sub-031_ses01ses02-to-ses03 seed=4 acc=0.7250 (ntr=320 nval=80 nte=200)
2026-06-09 04:33:18 | INFO    | train_session_alignment | [align] session_zscore         deepconvnet multi_sub-033_ses01ses02-to-ses03 seed=4 acc=0.8250 (ntr=320 nval=80 nte=200)
2026-06-09 04:33:34 | INFO    | train_session_alignment | [align] session_zscore         deepconvnet multi_sub-034_ses01ses02-to-ses03 seed=4 acc=0.9250 (ntr=320 nval=80 nte=200)
2026-06-09 04:33:54 | INFO    | train_session_alignment | [align] session_zscore         deepconvnet multi_sub-035_ses01ses02-to-ses03 seed=4 acc=0.9150 (ntr=320 nval=80 nte=200)
2026-06-09 04:34:18 | INFO    | train_session_alignment | [align] session_zscore         deepconvnet multi_sub-036_ses01ses02-to-ses03 seed=4 acc=0.9750 (ntr=320 nval=80 nte=200)
2026-06-09 04:34:32 | INFO    | train_session_alignment | [align] session_zscore         deepconvnet multi_sub-037_ses01ses02-to-ses03 seed=4 acc=0.8700 (ntr=320 nval=80 nte=200)
2026-06-09 04:34:40 | INFO    | train_session_alignment | [align] session_zscore         deepconvnet multi_sub-038_ses01ses02-to-ses03 seed=4 acc=0.6350 (ntr=320 nval=80 nte=200)
2026-06-09 04:34:50 | INFO    | train_session_alignment | [align] session_zscore         deepconvnet multi_sub-039_ses01ses02-to-ses03 seed=4 acc=0.4700 (ntr=320 nval=80 nte=200)
2026-06-09 04:34:59 | INFO    | train_session_alignment | [align] session_zscore         deepconvnet multi_sub-040_ses01ses02-to-ses03 seed=4 acc=0.7300 (ntr=320 nval=80 nte=200)
2026-06-09 04:35:14 | INFO    | train_session_alignment | [align] session_zscore         deepconvnet multi_sub-041_ses01ses02-to-ses03 seed=4 acc=0.9000 (ntr=320 nval=80 nte=200)
2026-06-09 04:35:30 | INFO    | train_session_alignment | [align] session_zscore         deepconvnet multi_sub-042_ses01ses02-to-ses03 seed=4 acc=0.7250 (ntr=320 nval=80 nte=200)
2026-06-09 04:35:59 | INFO    | train_session_alignment | [align] session_zscore         deepconvnet multi_sub-043_ses01ses02-to-ses03 seed=4 acc=1.0000 (ntr=320 nval=80 nte=200)
2026-06-09 04:36:09 | INFO    | train_session_alignment | [align] session_zscore         deepconvnet multi_sub-044_ses01ses02-to-ses03 seed=4 acc=0.7100 (ntr=320 nval=80 nte=200)
2026-06-09 04:36:19 | INFO    | train_session_alignment | [align] session_zscore         deepconvnet multi_sub-045_ses01ses02-to-ses03 seed=4 acc=0.7950 (ntr=320 nval=80 nte=200)
2026-06-09 04:36:37 | INFO    | train_session_alignment | [align] session_zscore         deepconvnet multi_sub-046_ses01ses02-to-ses03 seed=4 acc=0.9600 (ntr=320 nval=80 nte=200)
2026-06-09 04:36:53 | INFO    | train_session_alignment | [align] session_zscore         deepconvnet multi_sub-047_ses01ses02-to-ses03 seed=4 acc=0.7450 (ntr=320 nval=80 nte=200)
2026-06-09 04:37:03 | INFO    | train_session_alignment | [align] session_zscore         deepconvnet multi_sub-048_ses01ses02-to-ses03 seed=4 acc=0.7850 (ntr=320 nval=80 nte=200)
2026-06-09 04:37:22 | INFO    | train_session_alignment | [align] session_zscore         deepconvnet multi_sub-049_ses01ses02-to-ses03 seed=4 acc=0.8250 (ntr=320 nval=80 nte=200)
2026-06-09 04:37:51 | INFO    | train_session_alignment | [align] session_zscore         deepconvnet multi_sub-050_ses01ses02-to-ses03 seed=4 acc=0.9450 (ntr=320 nval=80 nte=200)
2026-06-09 04:38:14 | INFO    | train_session_alignment | [align] session_zscore         deepconvnet multi_sub-051_ses01ses02-to-ses03 seed=4 acc=0.8800 (ntr=320 nval=80 nte=200)
2026-06-09 04:38:14 | INFO    | train_session_alignment | ALL DONE in 3327.3s | rows=335 ok=335 failed=0 | out=/share/home/yuan/SYX/eeg-mi-online/outputs/experiments/alignment_baseline_v1
Done: Tue Jun  9 04:38:15 CST 2026
