Project: /share/home/yuan/SYX/eeg-mi-online
Env    : mi_torch_cu118
Args   : --methods euclidean_alignment --models fbcnet --seeds 2 --protocols single,multi --tag-suffix euclidean_alignment_fbcnet_s2
Node   : gpu01 | Start: Tue Jun  9 06:57:24 CST 2026
Tue Jun  9 06:57:24 2026       
+-----------------------------------------------------------------------------------------+
| NVIDIA-SMI 570.153.02             Driver Version: 570.153.02     CUDA Version: 12.8     |
|-----------------------------------------+------------------------+----------------------+
| GPU  Name                 Persistence-M | Bus-Id          Disp.A | Volatile Uncorr. ECC |
| Fan  Temp   Perf          Pwr:Usage/Cap |           Memory-Usage | GPU-Util  Compute M. |
|                                         |                        |               MIG M. |
|=========================================+========================+======================|
|   0  NVIDIA GeForce RTX 4090 D      On  |   00000000:61:00.0 Off |                  Off |
| 60%   44C    P0             72W /  425W |       1MiB /  24564MiB |      0%      Default |
|                                         |                        |                  N/A |
+-----------------------------------------+------------------------+----------------------+
                                                                                         
+-----------------------------------------------------------------------------------------+
| Processes:                                                                              |
|  GPU   GI   CI              PID   Type   Process name                        GPU Memory |
|        ID   ID                                                               Usage      |
|=========================================================================================|
|  No running processes found                                                             |
+-----------------------------------------------------------------------------------------+
[cuda-check] torch=2.7.1+cu118 cuda_build=11.8 cuda_avail=True
2026-06-09 06:57:27 | INFO    | train_session_alignment | device=cuda | cuda={'torch': '2.7.1+cu118', 'cuda_build': '11.8', 'cuda_available': True, 'device': 'cuda', 'device_name': 'NVIDIA GeForce RTX 4090 D'}
2026-06-09 06:57:27 | INFO    | train_session_alignment | loaded 148 ok sessions | methods=['euclidean_alignment'] | models=['fbcnet'] | seeds=[2] | groups=['single', 'multi'] | tasks=335
2026-06-09 06:57:37 | INFO    | train_session_alignment | [align] euclidean_alignment    fbcnet      single_sub-001_ses01-to-ses02 seed=2 acc=0.6450 (ntr=160 nval=40 nte=200)
2026-06-09 06:57:46 | INFO    | train_session_alignment | [align] euclidean_alignment    fbcnet      single_sub-001_ses01-to-ses03 seed=2 acc=0.6600 (ntr=160 nval=40 nte=200)
2026-06-09 06:58:01 | INFO    | train_session_alignment | [align] euclidean_alignment    fbcnet      single_sub-001_ses02-to-ses01 seed=2 acc=0.6600 (ntr=160 nval=40 nte=200)
2026-06-09 06:58:16 | INFO    | train_session_alignment | [align] euclidean_alignment    fbcnet      single_sub-001_ses02-to-ses03 seed=2 acc=0.8600 (ntr=160 nval=40 nte=200)
2026-06-09 06:58:28 | INFO    | train_session_alignment | [align] euclidean_alignment    fbcnet      single_sub-001_ses03-to-ses01 seed=2 acc=0.7050 (ntr=160 nval=40 nte=200)
2026-06-09 06:58:39 | INFO    | train_session_alignment | [align] euclidean_alignment    fbcnet      single_sub-001_ses03-to-ses02 seed=2 acc=0.8500 (ntr=160 nval=40 nte=200)
2026-06-09 06:58:44 | INFO    | train_session_alignment | [align] euclidean_alignment    fbcnet      single_sub-002_ses01-to-ses02 seed=2 acc=0.5450 (ntr=160 nval=40 nte=200)
2026-06-09 06:58:49 | INFO    | train_session_alignment | [align] euclidean_alignment    fbcnet      single_sub-002_ses01-to-ses03 seed=2 acc=0.5250 (ntr=160 nval=40 nte=200)
2026-06-09 06:58:53 | INFO    | train_session_alignment | [align] euclidean_alignment    fbcnet      single_sub-002_ses02-to-ses01 seed=2 acc=0.5150 (ntr=160 nval=40 nte=200)
2026-06-09 06:58:58 | INFO    | train_session_alignment | [align] euclidean_alignment    fbcnet      single_sub-002_ses02-to-ses03 seed=2 acc=0.5900 (ntr=160 nval=40 nte=200)
2026-06-09 06:59:07 | INFO    | train_session_alignment | [align] euclidean_alignment    fbcnet      single_sub-002_ses03-to-ses01 seed=2 acc=0.5300 (ntr=160 nval=40 nte=200)
2026-06-09 06:59:16 | INFO    | train_session_alignment | [align] euclidean_alignment    fbcnet      single_sub-002_ses03-to-ses02 seed=2 acc=0.6400 (ntr=160 nval=40 nte=200)
2026-06-09 06:59:27 | INFO    | train_session_alignment | [align] euclidean_alignment    fbcnet      single_sub-003_ses01-to-ses02 seed=2 acc=0.7600 (ntr=160 nval=40 nte=200)
2026-06-09 06:59:39 | INFO    | train_session_alignment | [align] euclidean_alignment    fbcnet      single_sub-003_ses01-to-ses03 seed=2 acc=0.6550 (ntr=160 nval=40 nte=200)
2026-06-09 06:59:49 | INFO    | train_session_alignment | [align] euclidean_alignment    fbcnet      single_sub-003_ses02-to-ses01 seed=2 acc=0.7850 (ntr=160 nval=40 nte=200)
2026-06-09 07:00:00 | INFO    | train_session_alignment | [align] euclidean_alignment    fbcnet      single_sub-003_ses02-to-ses03 seed=2 acc=0.5050 (ntr=160 nval=40 nte=200)
2026-06-09 07:00:15 | INFO    | train_session_alignment | [align] euclidean_alignment    fbcnet      single_sub-003_ses03-to-ses01 seed=2 acc=0.5000 (ntr=160 nval=40 nte=200)
2026-06-09 07:00:30 | INFO    | train_session_alignment | [align] euclidean_alignment    fbcnet      single_sub-003_ses03-to-ses02 seed=2 acc=0.5000 (ntr=160 nval=40 nte=200)
2026-06-09 07:00:35 | INFO    | train_session_alignment | [align] euclidean_alignment    fbcnet      single_sub-004_ses01-to-ses02 seed=2 acc=0.5450 (ntr=160 nval=40 nte=200)
2026-06-09 07:00:40 | INFO    | train_session_alignment | [align] euclidean_alignment    fbcnet      single_sub-004_ses01-to-ses03 seed=2 acc=0.5300 (ntr=160 nval=40 nte=200)
2026-06-09 07:00:45 | INFO    | train_session_alignment | [align] euclidean_alignment    fbcnet      single_sub-004_ses02-to-ses01 seed=2 acc=0.5200 (ntr=160 nval=40 nte=200)
2026-06-09 07:00:50 | INFO    | train_session_alignment | [align] euclidean_alignment    fbcnet      single_sub-004_ses02-to-ses03 seed=2 acc=0.4600 (ntr=160 nval=40 nte=200)
2026-06-09 07:00:55 | INFO    | train_session_alignment | [align] euclidean_alignment    fbcnet      single_sub-004_ses03-to-ses01 seed=2 acc=0.5300 (ntr=160 nval=40 nte=200)
2026-06-09 07:01:00 | INFO    | train_session_alignment | [align] euclidean_alignment    fbcnet      single_sub-004_ses03-to-ses02 seed=2 acc=0.4850 (ntr=160 nval=40 nte=200)
2026-06-09 07:01:14 | INFO    | train_session_alignment | [align] euclidean_alignment    fbcnet      single_sub-005_ses01-to-ses02 seed=2 acc=0.7950 (ntr=160 nval=40 nte=200)
2026-06-09 07:01:27 | INFO    | train_session_alignment | [align] euclidean_alignment    fbcnet      single_sub-005_ses01-to-ses03 seed=2 acc=0.8550 (ntr=160 nval=40 nte=200)
2026-06-09 07:01:42 | INFO    | train_session_alignment | [align] euclidean_alignment    fbcnet      single_sub-005_ses02-to-ses01 seed=2 acc=0.7800 (ntr=160 nval=40 nte=200)
2026-06-09 07:01:57 | INFO    | train_session_alignment | [align] euclidean_alignment    fbcnet      single_sub-005_ses02-to-ses03 seed=2 acc=0.7900 (ntr=160 nval=40 nte=200)
2026-06-09 07:02:08 | INFO    | train_session_alignment | [align] euclidean_alignment    fbcnet      single_sub-005_ses03-to-ses01 seed=2 acc=0.7950 (ntr=160 nval=40 nte=200)
2026-06-09 07:02:20 | INFO    | train_session_alignment | [align] euclidean_alignment    fbcnet      single_sub-005_ses03-to-ses02 seed=2 acc=0.7700 (ntr=160 nval=40 nte=200)
2026-06-09 07:02:35 | INFO    | train_session_alignment | [align] euclidean_alignment    fbcnet      single_sub-006_ses01-to-ses02 seed=2 acc=0.8400 (ntr=160 nval=40 nte=200)
2026-06-09 07:02:49 | INFO    | train_session_alignment | [align] euclidean_alignment    fbcnet      single_sub-006_ses01-to-ses03 seed=2 acc=0.9350 (ntr=160 nval=40 nte=200)
2026-06-09 07:03:04 | INFO    | train_session_alignment | [align] euclidean_alignment    fbcnet      single_sub-006_ses02-to-ses01 seed=2 acc=0.8750 (ntr=160 nval=40 nte=200)
2026-06-09 07:03:19 | INFO    | train_session_alignment | [align] euclidean_alignment    fbcnet      single_sub-006_ses02-to-ses03 seed=2 acc=0.9400 (ntr=160 nval=40 nte=200)
2026-06-09 07:03:30 | INFO    | train_session_alignment | [align] euclidean_alignment    fbcnet      single_sub-006_ses03-to-ses01 seed=2 acc=0.8350 (ntr=160 nval=40 nte=200)
2026-06-09 07:03:40 | INFO    | train_session_alignment | [align] euclidean_alignment    fbcnet      single_sub-006_ses03-to-ses02 seed=2 acc=0.8900 (ntr=160 nval=40 nte=200)
2026-06-09 07:03:46 | INFO    | train_session_alignment | [align] euclidean_alignment    fbcnet      single_sub-007_ses01-to-ses02 seed=2 acc=0.5100 (ntr=160 nval=40 nte=200)
2026-06-09 07:03:51 | INFO    | train_session_alignment | [align] euclidean_alignment    fbcnet      single_sub-007_ses01-to-ses03 seed=2 acc=0.5150 (ntr=160 nval=40 nte=200)
2026-06-09 07:04:01 | INFO    | train_session_alignment | [align] euclidean_alignment    fbcnet      single_sub-007_ses02-to-ses01 seed=2 acc=0.6200 (ntr=160 nval=40 nte=200)
2026-06-09 07:04:11 | INFO    | train_session_alignment | [align] euclidean_alignment    fbcnet      single_sub-007_ses02-to-ses03 seed=2 acc=0.7350 (ntr=160 nval=40 nte=200)
2026-06-09 07:04:19 | INFO    | train_session_alignment | [align] euclidean_alignment    fbcnet      single_sub-007_ses03-to-ses01 seed=2 acc=0.5100 (ntr=160 nval=40 nte=200)
2026-06-09 07:04:27 | INFO    | train_session_alignment | [align] euclidean_alignment    fbcnet      single_sub-007_ses03-to-ses02 seed=2 acc=0.6050 (ntr=160 nval=40 nte=200)
2026-06-09 07:04:32 | INFO    | train_session_alignment | [align] euclidean_alignment    fbcnet      single_sub-008_ses01-to-ses02 seed=2 acc=0.5350 (ntr=160 nval=40 nte=200)
2026-06-09 07:04:38 | INFO    | train_session_alignment | [align] euclidean_alignment    fbcnet      single_sub-008_ses01-to-ses03 seed=2 acc=0.4950 (ntr=160 nval=40 nte=200)
2026-06-09 07:04:53 | INFO    | train_session_alignment | [align] euclidean_alignment    fbcnet      single_sub-008_ses02-to-ses01 seed=2 acc=0.6050 (ntr=160 nval=40 nte=200)
2026-06-09 07:05:08 | INFO    | train_session_alignment | [align] euclidean_alignment    fbcnet      single_sub-008_ses02-to-ses03 seed=2 acc=0.7700 (ntr=160 nval=40 nte=200)
2026-06-09 07:05:19 | INFO    | train_session_alignment | [align] euclidean_alignment    fbcnet      single_sub-008_ses03-to-ses01 seed=2 acc=0.6300 (ntr=160 nval=40 nte=200)
2026-06-09 07:05:29 | INFO    | train_session_alignment | [align] euclidean_alignment    fbcnet      single_sub-008_ses03-to-ses02 seed=2 acc=0.7450 (ntr=160 nval=40 nte=200)
2026-06-09 07:05:34 | INFO    | train_session_alignment | [align] euclidean_alignment    fbcnet      single_sub-009_ses01-to-ses02 seed=2 acc=0.5750 (ntr=160 nval=40 nte=200)
2026-06-09 07:05:39 | INFO    | train_session_alignment | [align] euclidean_alignment    fbcnet      single_sub-009_ses01-to-ses03 seed=2 acc=0.5200 (ntr=160 nval=40 nte=200)
2026-06-09 07:05:46 | INFO    | train_session_alignment | [align] euclidean_alignment    fbcnet      single_sub-009_ses02-to-ses01 seed=2 acc=0.5200 (ntr=160 nval=40 nte=200)
2026-06-09 07:05:52 | INFO    | train_session_alignment | [align] euclidean_alignment    fbcnet      single_sub-009_ses02-to-ses03 seed=2 acc=0.4800 (ntr=160 nval=40 nte=200)
2026-06-09 07:05:59 | INFO    | train_session_alignment | [align] euclidean_alignment    fbcnet      single_sub-009_ses03-to-ses01 seed=2 acc=0.5250 (ntr=160 nval=40 nte=200)
2026-06-09 07:06:05 | INFO    | train_session_alignment | [align] euclidean_alignment    fbcnet      single_sub-009_ses03-to-ses02 seed=2 acc=0.5400 (ntr=160 nval=40 nte=200)
2026-06-09 07:06:10 | INFO    | train_session_alignment | [align] euclidean_alignment    fbcnet      single_sub-010_ses01-to-ses02 seed=2 acc=0.5900 (ntr=160 nval=40 nte=200)
2026-06-09 07:06:15 | INFO    | train_session_alignment | [align] euclidean_alignment    fbcnet      single_sub-010_ses01-to-ses03 seed=2 acc=0.5400 (ntr=160 nval=40 nte=200)
2026-06-09 07:06:26 | INFO    | train_session_alignment | [align] euclidean_alignment    fbcnet      single_sub-010_ses02-to-ses01 seed=2 acc=0.5550 (ntr=160 nval=40 nte=200)
2026-06-09 07:06:37 | INFO    | train_session_alignment | [align] euclidean_alignment    fbcnet      single_sub-010_ses02-to-ses03 seed=2 acc=0.6100 (ntr=160 nval=40 nte=200)
2026-06-09 07:06:52 | INFO    | train_session_alignment | [align] euclidean_alignment    fbcnet      single_sub-010_ses03-to-ses01 seed=2 acc=0.5800 (ntr=160 nval=40 nte=200)
2026-06-09 07:07:06 | INFO    | train_session_alignment | [align] euclidean_alignment    fbcnet      single_sub-010_ses03-to-ses02 seed=2 acc=0.6350 (ntr=160 nval=40 nte=200)
2026-06-09 07:07:22 | INFO    | train_session_alignment | [align] euclidean_alignment    fbcnet      single_sub-011_ses01-to-ses02 seed=2 acc=0.7000 (ntr=160 nval=40 nte=200)
2026-06-09 07:07:36 | INFO    | train_session_alignment | [align] euclidean_alignment    fbcnet      single_sub-011_ses01-to-ses03 seed=2 acc=0.6200 (ntr=160 nval=40 nte=200)
2026-06-09 07:07:45 | INFO    | train_session_alignment | [align] euclidean_alignment    fbcnet      single_sub-011_ses02-to-ses01 seed=2 acc=0.6400 (ntr=160 nval=40 nte=200)
2026-06-09 07:07:54 | INFO    | train_session_alignment | [align] euclidean_alignment    fbcnet      single_sub-011_ses02-to-ses03 seed=2 acc=0.6300 (ntr=160 nval=40 nte=200)
2026-06-09 07:08:03 | INFO    | train_session_alignment | [align] euclidean_alignment    fbcnet      single_sub-011_ses03-to-ses01 seed=2 acc=0.7100 (ntr=160 nval=40 nte=200)
2026-06-09 07:08:12 | INFO    | train_session_alignment | [align] euclidean_alignment    fbcnet      single_sub-011_ses03-to-ses02 seed=2 acc=0.6400 (ntr=160 nval=40 nte=200)
2026-06-09 07:08:17 | INFO    | train_session_alignment | [align] euclidean_alignment    fbcnet      single_sub-012_ses01-to-ses02 seed=2 acc=0.5000 (ntr=160 nval=40 nte=200)
2026-06-09 07:08:22 | INFO    | train_session_alignment | [align] euclidean_alignment    fbcnet      single_sub-012_ses01-to-ses03 seed=2 acc=0.4800 (ntr=160 nval=40 nte=200)
2026-06-09 07:08:27 | INFO    | train_session_alignment | [align] euclidean_alignment    fbcnet      single_sub-012_ses02-to-ses01 seed=2 acc=0.4600 (ntr=160 nval=40 nte=200)
2026-06-09 07:08:32 | INFO    | train_session_alignment | [align] euclidean_alignment    fbcnet      single_sub-012_ses02-to-ses03 seed=2 acc=0.5450 (ntr=160 nval=40 nte=200)
2026-06-09 07:08:37 | INFO    | train_session_alignment | [align] euclidean_alignment    fbcnet      single_sub-012_ses03-to-ses01 seed=2 acc=0.5450 (ntr=160 nval=40 nte=200)
2026-06-09 07:08:42 | INFO    | train_session_alignment | [align] euclidean_alignment    fbcnet      single_sub-012_ses03-to-ses02 seed=2 acc=0.5000 (ntr=160 nval=40 nte=200)
2026-06-09 07:08:49 | INFO    | train_session_alignment | [align] euclidean_alignment    fbcnet      single_sub-013_ses01-to-ses02 seed=2 acc=0.5450 (ntr=160 nval=40 nte=200)
2026-06-09 07:08:56 | INFO    | train_session_alignment | [align] euclidean_alignment    fbcnet      single_sub-013_ses01-to-ses03 seed=2 acc=0.5200 (ntr=160 nval=40 nte=200)
2026-06-09 07:09:01 | INFO    | train_session_alignment | [align] euclidean_alignment    fbcnet      single_sub-013_ses02-to-ses01 seed=2 acc=0.5550 (ntr=160 nval=40 nte=200)
2026-06-09 07:09:06 | INFO    | train_session_alignment | [align] euclidean_alignment    fbcnet      single_sub-013_ses02-to-ses03 seed=2 acc=0.4800 (ntr=160 nval=40 nte=200)
2026-06-09 07:09:13 | INFO    | train_session_alignment | [align] euclidean_alignment    fbcnet      single_sub-013_ses03-to-ses01 seed=2 acc=0.5600 (ntr=160 nval=40 nte=200)
2026-06-09 07:09:20 | INFO    | train_session_alignment | [align] euclidean_alignment    fbcnet      single_sub-013_ses03-to-ses02 seed=2 acc=0.5250 (ntr=160 nval=40 nte=200)
2026-06-09 07:09:25 | INFO    | train_session_alignment | [align] euclidean_alignment    fbcnet      single_sub-014_ses01-to-ses02 seed=2 acc=0.5250 (ntr=160 nval=40 nte=200)
2026-06-09 07:09:30 | INFO    | train_session_alignment | [align] euclidean_alignment    fbcnet      single_sub-014_ses01-to-ses03 seed=2 acc=0.5100 (ntr=160 nval=40 nte=200)
2026-06-09 07:09:35 | INFO    | train_session_alignment | [align] euclidean_alignment    fbcnet      single_sub-014_ses02-to-ses01 seed=2 acc=0.5150 (ntr=160 nval=40 nte=200)
2026-06-09 07:09:40 | INFO    | train_session_alignment | [align] euclidean_alignment    fbcnet      single_sub-014_ses02-to-ses03 seed=2 acc=0.5150 (ntr=160 nval=40 nte=200)
2026-06-09 07:09:45 | INFO    | train_session_alignment | [align] euclidean_alignment    fbcnet      single_sub-014_ses03-to-ses01 seed=2 acc=0.5550 (ntr=160 nval=40 nte=200)
2026-06-09 07:09:50 | INFO    | train_session_alignment | [align] euclidean_alignment    fbcnet      single_sub-014_ses03-to-ses02 seed=2 acc=0.5150 (ntr=160 nval=40 nte=200)
2026-06-09 07:09:56 | INFO    | train_session_alignment | [align] euclidean_alignment    fbcnet      single_sub-015_ses01-to-ses02 seed=2 acc=0.5350 (ntr=160 nval=40 nte=200)
2026-06-09 07:10:01 | INFO    | train_session_alignment | [align] euclidean_alignment    fbcnet      single_sub-015_ses01-to-ses03 seed=2 acc=0.4850 (ntr=160 nval=40 nte=200)
2026-06-09 07:10:07 | INFO    | train_session_alignment | [align] euclidean_alignment    fbcnet      single_sub-015_ses02-to-ses01 seed=2 acc=0.5500 (ntr=160 nval=40 nte=200)
2026-06-09 07:10:12 | INFO    | train_session_alignment | [align] euclidean_alignment    fbcnet      single_sub-015_ses02-to-ses03 seed=2 acc=0.5000 (ntr=160 nval=40 nte=200)
2026-06-09 07:10:18 | INFO    | train_session_alignment | [align] euclidean_alignment    fbcnet      single_sub-015_ses03-to-ses01 seed=2 acc=0.5000 (ntr=160 nval=40 nte=200)
2026-06-09 07:10:24 | INFO    | train_session_alignment | [align] euclidean_alignment    fbcnet      single_sub-015_ses03-to-ses02 seed=2 acc=0.5000 (ntr=160 nval=40 nte=200)
2026-06-09 07:10:29 | INFO    | train_session_alignment | [align] euclidean_alignment    fbcnet      single_sub-016_ses01-to-ses02 seed=2 acc=0.5100 (ntr=160 nval=40 nte=200)
2026-06-09 07:10:34 | INFO    | train_session_alignment | [align] euclidean_alignment    fbcnet      single_sub-016_ses01-to-ses03 seed=2 acc=0.5000 (ntr=160 nval=40 nte=200)
2026-06-09 07:10:39 | INFO    | train_session_alignment | [align] euclidean_alignment    fbcnet      single_sub-016_ses02-to-ses01 seed=2 acc=0.5450 (ntr=160 nval=40 nte=200)
2026-06-09 07:10:45 | INFO    | train_session_alignment | [align] euclidean_alignment    fbcnet      single_sub-016_ses02-to-ses03 seed=2 acc=0.5350 (ntr=160 nval=40 nte=200)
2026-06-09 07:10:49 | INFO    | train_session_alignment | [align] euclidean_alignment    fbcnet      single_sub-016_ses03-to-ses01 seed=2 acc=0.5200 (ntr=160 nval=40 nte=200)
2026-06-09 07:10:54 | INFO    | train_session_alignment | [align] euclidean_alignment    fbcnet      single_sub-016_ses03-to-ses02 seed=2 acc=0.5150 (ntr=160 nval=40 nte=200)
2026-06-09 07:11:03 | INFO    | train_session_alignment | [align] euclidean_alignment    fbcnet      single_sub-017_ses01-to-ses02 seed=2 acc=0.5100 (ntr=160 nval=40 nte=200)
2026-06-09 07:11:12 | INFO    | train_session_alignment | [align] euclidean_alignment    fbcnet      single_sub-017_ses01-to-ses03 seed=2 acc=0.5100 (ntr=160 nval=40 nte=200)
2026-06-09 07:11:26 | INFO    | train_session_alignment | [align] euclidean_alignment    fbcnet      single_sub-017_ses02-to-ses01 seed=2 acc=0.5750 (ntr=160 nval=40 nte=200)
2026-06-09 07:11:40 | INFO    | train_session_alignment | [align] euclidean_alignment    fbcnet      single_sub-017_ses02-to-ses03 seed=2 acc=0.6350 (ntr=160 nval=40 nte=200)
2026-06-09 07:11:49 | INFO    | train_session_alignment | [align] euclidean_alignment    fbcnet      single_sub-017_ses03-to-ses01 seed=2 acc=0.6750 (ntr=160 nval=40 nte=200)
2026-06-09 07:11:57 | INFO    | train_session_alignment | [align] euclidean_alignment    fbcnet      single_sub-017_ses03-to-ses02 seed=2 acc=0.6800 (ntr=160 nval=40 nte=200)
2026-06-09 07:12:02 | INFO    | train_session_alignment | [align] euclidean_alignment    fbcnet      single_sub-018_ses01-to-ses02 seed=2 acc=0.5100 (ntr=160 nval=40 nte=200)
2026-06-09 07:12:06 | INFO    | train_session_alignment | [align] euclidean_alignment    fbcnet      single_sub-018_ses01-to-ses03 seed=2 acc=0.4850 (ntr=160 nval=40 nte=200)
2026-06-09 07:12:11 | INFO    | train_session_alignment | [align] euclidean_alignment    fbcnet      single_sub-018_ses02-to-ses01 seed=2 acc=0.4950 (ntr=160 nval=40 nte=200)
2026-06-09 07:12:17 | INFO    | train_session_alignment | [align] euclidean_alignment    fbcnet      single_sub-018_ses02-to-ses03 seed=2 acc=0.5250 (ntr=160 nval=40 nte=200)
2026-06-09 07:12:23 | INFO    | train_session_alignment | [align] euclidean_alignment    fbcnet      single_sub-018_ses03-to-ses01 seed=2 acc=0.5300 (ntr=160 nval=40 nte=200)
2026-06-09 07:12:28 | INFO    | train_session_alignment | [align] euclidean_alignment    fbcnet      single_sub-018_ses03-to-ses02 seed=2 acc=0.5000 (ntr=160 nval=40 nte=200)
2026-06-09 07:12:34 | INFO    | train_session_alignment | [align] euclidean_alignment    fbcnet      single_sub-019_ses01-to-ses02 seed=2 acc=0.4900 (ntr=160 nval=40 nte=200)
2026-06-09 07:12:40 | INFO    | train_session_alignment | [align] euclidean_alignment    fbcnet      single_sub-019_ses01-to-ses03 seed=2 acc=0.5700 (ntr=160 nval=40 nte=200)
2026-06-09 07:12:47 | INFO    | train_session_alignment | [align] euclidean_alignment    fbcnet      single_sub-019_ses02-to-ses01 seed=2 acc=0.5350 (ntr=160 nval=40 nte=200)
2026-06-09 07:12:53 | INFO    | train_session_alignment | [align] euclidean_alignment    fbcnet      single_sub-019_ses02-to-ses03 seed=2 acc=0.5200 (ntr=160 nval=40 nte=200)
2026-06-09 07:13:08 | INFO    | train_session_alignment | [align] euclidean_alignment    fbcnet      single_sub-019_ses03-to-ses01 seed=2 acc=0.5800 (ntr=160 nval=40 nte=200)
2026-06-09 07:13:23 | INFO    | train_session_alignment | [align] euclidean_alignment    fbcnet      single_sub-019_ses03-to-ses02 seed=2 acc=0.7200 (ntr=160 nval=40 nte=200)
2026-06-09 07:13:37 | INFO    | train_session_alignment | [align] euclidean_alignment    fbcnet      single_sub-020_ses01-to-ses02 seed=2 acc=0.6950 (ntr=160 nval=40 nte=200)
2026-06-09 07:13:52 | INFO    | train_session_alignment | [align] euclidean_alignment    fbcnet      single_sub-020_ses01-to-ses03 seed=2 acc=0.4950 (ntr=160 nval=40 nte=200)
2026-06-09 07:14:03 | INFO    | train_session_alignment | [align] euclidean_alignment    fbcnet      single_sub-020_ses02-to-ses01 seed=2 acc=0.7500 (ntr=160 nval=40 nte=200)
2026-06-09 07:14:14 | INFO    | train_session_alignment | [align] euclidean_alignment    fbcnet      single_sub-020_ses02-to-ses03 seed=2 acc=0.4700 (ntr=160 nval=40 nte=200)
2026-06-09 07:14:25 | INFO    | train_session_alignment | [align] euclidean_alignment    fbcnet      single_sub-020_ses03-to-ses01 seed=2 acc=0.4650 (ntr=160 nval=40 nte=200)
2026-06-09 07:14:36 | INFO    | train_session_alignment | [align] euclidean_alignment    fbcnet      single_sub-020_ses03-to-ses02 seed=2 acc=0.4700 (ntr=160 nval=40 nte=200)
2026-06-09 07:14:42 | INFO    | train_session_alignment | [align] euclidean_alignment    fbcnet      single_sub-021_ses01-to-ses02 seed=2 acc=0.6600 (ntr=160 nval=40 nte=200)
2026-06-09 07:14:49 | INFO    | train_session_alignment | [align] euclidean_alignment    fbcnet      single_sub-021_ses01-to-ses03 seed=2 acc=0.6700 (ntr=160 nval=40 nte=200)
2026-06-09 07:14:55 | INFO    | train_session_alignment | [align] euclidean_alignment    fbcnet      single_sub-021_ses02-to-ses01 seed=2 acc=0.6950 (ntr=160 nval=40 nte=200)
2026-06-09 07:15:02 | INFO    | train_session_alignment | [align] euclidean_alignment    fbcnet      single_sub-021_ses02-to-ses03 seed=2 acc=0.6950 (ntr=160 nval=40 nte=200)
2026-06-09 07:15:08 | INFO    | train_session_alignment | [align] euclidean_alignment    fbcnet      single_sub-021_ses03-to-ses01 seed=2 acc=0.6750 (ntr=160 nval=40 nte=200)
2026-06-09 07:15:15 | INFO    | train_session_alignment | [align] euclidean_alignment    fbcnet      single_sub-021_ses03-to-ses02 seed=2 acc=0.5800 (ntr=160 nval=40 nte=200)
2026-06-09 07:15:23 | INFO    | train_session_alignment | [align] euclidean_alignment    fbcnet      single_sub-022_ses01-to-ses02 seed=2 acc=0.5900 (ntr=160 nval=40 nte=200)
2026-06-09 07:15:31 | INFO    | train_session_alignment | [align] euclidean_alignment    fbcnet      single_sub-022_ses01-to-ses03 seed=2 acc=0.5750 (ntr=160 nval=40 nte=200)
2026-06-09 07:15:42 | INFO    | train_session_alignment | [align] euclidean_alignment    fbcnet      single_sub-022_ses02-to-ses01 seed=2 acc=0.5250 (ntr=160 nval=40 nte=200)
2026-06-09 07:15:54 | INFO    | train_session_alignment | [align] euclidean_alignment    fbcnet      single_sub-022_ses02-to-ses03 seed=2 acc=0.7200 (ntr=160 nval=40 nte=200)
2026-06-09 07:16:01 | INFO    | train_session_alignment | [align] euclidean_alignment    fbcnet      single_sub-022_ses03-to-ses01 seed=2 acc=0.5100 (ntr=160 nval=40 nte=200)
2026-06-09 07:16:07 | INFO    | train_session_alignment | [align] euclidean_alignment    fbcnet      single_sub-022_ses03-to-ses02 seed=2 acc=0.6400 (ntr=160 nval=40 nte=200)
2026-06-09 07:16:17 | INFO    | train_session_alignment | [align] euclidean_alignment    fbcnet      single_sub-023_ses02-to-ses03 seed=2 acc=0.8700 (ntr=160 nval=40 nte=200)
2026-06-09 07:16:32 | INFO    | train_session_alignment | [align] euclidean_alignment    fbcnet      single_sub-023_ses03-to-ses02 seed=2 acc=0.9050 (ntr=160 nval=40 nte=200)
2026-06-09 07:16:47 | INFO    | train_session_alignment | [align] euclidean_alignment    fbcnet      single_sub-025_ses01-to-ses02 seed=2 acc=0.6700 (ntr=160 nval=40 nte=200)
2026-06-09 07:17:02 | INFO    | train_session_alignment | [align] euclidean_alignment    fbcnet      single_sub-025_ses01-to-ses03 seed=2 acc=0.6250 (ntr=160 nval=40 nte=200)
2026-06-09 07:17:17 | INFO    | train_session_alignment | [align] euclidean_alignment    fbcnet      single_sub-025_ses02-to-ses01 seed=2 acc=0.7350 (ntr=160 nval=40 nte=200)
2026-06-09 07:17:32 | INFO    | train_session_alignment | [align] euclidean_alignment    fbcnet      single_sub-025_ses02-to-ses03 seed=2 acc=0.6650 (ntr=160 nval=40 nte=200)
2026-06-09 07:17:41 | INFO    | train_session_alignment | [align] euclidean_alignment    fbcnet      single_sub-025_ses03-to-ses01 seed=2 acc=0.6750 (ntr=160 nval=40 nte=200)
2026-06-09 07:17:50 | INFO    | train_session_alignment | [align] euclidean_alignment    fbcnet      single_sub-025_ses03-to-ses02 seed=2 acc=0.6750 (ntr=160 nval=40 nte=200)
2026-06-09 07:18:02 | INFO    | train_session_alignment | [align] euclidean_alignment    fbcnet      single_sub-026_ses02-to-ses03 seed=2 acc=0.7350 (ntr=160 nval=40 nte=200)
2026-06-09 07:18:12 | INFO    | train_session_alignment | [align] euclidean_alignment    fbcnet      single_sub-026_ses03-to-ses02 seed=2 acc=0.6350 (ntr=160 nval=40 nte=200)
2026-06-09 07:18:25 | INFO    | train_session_alignment | [align] euclidean_alignment    fbcnet      single_sub-027_ses01-to-ses02 seed=2 acc=0.4850 (ntr=160 nval=40 nte=200)
2026-06-09 07:18:37 | INFO    | train_session_alignment | [align] euclidean_alignment    fbcnet      single_sub-027_ses01-to-ses03 seed=2 acc=0.5350 (ntr=160 nval=40 nte=200)
2026-06-09 07:18:44 | INFO    | train_session_alignment | [align] euclidean_alignment    fbcnet      single_sub-027_ses02-to-ses01 seed=2 acc=0.5450 (ntr=160 nval=40 nte=200)
2026-06-09 07:18:50 | INFO    | train_session_alignment | [align] euclidean_alignment    fbcnet      single_sub-027_ses02-to-ses03 seed=2 acc=0.6200 (ntr=160 nval=40 nte=200)
2026-06-09 07:19:05 | INFO    | train_session_alignment | [align] euclidean_alignment    fbcnet      single_sub-027_ses03-to-ses01 seed=2 acc=0.5150 (ntr=160 nval=40 nte=200)
2026-06-09 07:19:20 | INFO    | train_session_alignment | [align] euclidean_alignment    fbcnet      single_sub-027_ses03-to-ses02 seed=2 acc=0.5350 (ntr=160 nval=40 nte=200)
2026-06-09 07:19:29 | INFO    | train_session_alignment | [align] euclidean_alignment    fbcnet      single_sub-028_ses01-to-ses02 seed=2 acc=0.5050 (ntr=160 nval=40 nte=200)
2026-06-09 07:19:38 | INFO    | train_session_alignment | [align] euclidean_alignment    fbcnet      single_sub-028_ses01-to-ses03 seed=2 acc=0.7000 (ntr=160 nval=40 nte=200)
2026-06-09 07:19:51 | INFO    | train_session_alignment | [align] euclidean_alignment    fbcnet      single_sub-028_ses02-to-ses01 seed=2 acc=0.8250 (ntr=160 nval=40 nte=200)
2026-06-09 07:20:04 | INFO    | train_session_alignment | [align] euclidean_alignment    fbcnet      single_sub-028_ses02-to-ses03 seed=2 acc=0.8000 (ntr=160 nval=40 nte=200)
2026-06-09 07:20:19 | INFO    | train_session_alignment | [align] euclidean_alignment    fbcnet      single_sub-028_ses03-to-ses01 seed=2 acc=0.7550 (ntr=160 nval=40 nte=200)
2026-06-09 07:20:34 | INFO    | train_session_alignment | [align] euclidean_alignment    fbcnet      single_sub-028_ses03-to-ses02 seed=2 acc=0.7500 (ntr=160 nval=40 nte=200)
2026-06-09 07:20:41 | INFO    | train_session_alignment | [align] euclidean_alignment    fbcnet      single_sub-029_ses01-to-ses02 seed=2 acc=0.8900 (ntr=160 nval=40 nte=200)
2026-06-09 07:20:48 | INFO    | train_session_alignment | [align] euclidean_alignment    fbcnet      single_sub-029_ses01-to-ses03 seed=2 acc=0.8900 (ntr=160 nval=40 nte=200)
2026-06-09 07:21:03 | INFO    | train_session_alignment | [align] euclidean_alignment    fbcnet      single_sub-029_ses02-to-ses01 seed=2 acc=0.8850 (ntr=160 nval=40 nte=200)
2026-06-09 07:21:17 | INFO    | train_session_alignment | [align] euclidean_alignment    fbcnet      single_sub-029_ses02-to-ses03 seed=2 acc=0.9800 (ntr=160 nval=40 nte=200)
2026-06-09 07:21:28 | INFO    | train_session_alignment | [align] euclidean_alignment    fbcnet      single_sub-029_ses03-to-ses01 seed=2 acc=0.8850 (ntr=160 nval=40 nte=200)
2026-06-09 07:21:40 | INFO    | train_session_alignment | [align] euclidean_alignment    fbcnet      single_sub-029_ses03-to-ses02 seed=2 acc=0.9850 (ntr=160 nval=40 nte=200)
2026-06-09 07:21:55 | INFO    | train_session_alignment | [align] euclidean_alignment    fbcnet      single_sub-030_ses01-to-ses02 seed=2 acc=0.5050 (ntr=160 nval=40 nte=200)
2026-06-09 07:22:09 | INFO    | train_session_alignment | [align] euclidean_alignment    fbcnet      single_sub-030_ses01-to-ses03 seed=2 acc=0.5050 (ntr=160 nval=40 nte=200)
2026-06-09 07:22:18 | INFO    | train_session_alignment | [align] euclidean_alignment    fbcnet      single_sub-030_ses02-to-ses01 seed=2 acc=0.5000 (ntr=160 nval=40 nte=200)
2026-06-09 07:22:26 | INFO    | train_session_alignment | [align] euclidean_alignment    fbcnet      single_sub-030_ses02-to-ses03 seed=2 acc=0.7150 (ntr=160 nval=40 nte=200)
2026-06-09 07:22:41 | INFO    | train_session_alignment | [align] euclidean_alignment    fbcnet      single_sub-030_ses03-to-ses01 seed=2 acc=0.5000 (ntr=160 nval=40 nte=200)
2026-06-09 07:22:55 | INFO    | train_session_alignment | [align] euclidean_alignment    fbcnet      single_sub-030_ses03-to-ses02 seed=2 acc=0.7100 (ntr=160 nval=40 nte=200)
2026-06-09 07:23:10 | INFO    | train_session_alignment | [align] euclidean_alignment    fbcnet      single_sub-031_ses01-to-ses02 seed=2 acc=0.5550 (ntr=160 nval=40 nte=200)
2026-06-09 07:23:25 | INFO    | train_session_alignment | [align] euclidean_alignment    fbcnet      single_sub-031_ses01-to-ses03 seed=2 acc=0.4950 (ntr=160 nval=40 nte=200)
2026-06-09 07:23:30 | INFO    | train_session_alignment | [align] euclidean_alignment    fbcnet      single_sub-031_ses02-to-ses01 seed=2 acc=0.5250 (ntr=160 nval=40 nte=200)
2026-06-09 07:23:36 | INFO    | train_session_alignment | [align] euclidean_alignment    fbcnet      single_sub-031_ses02-to-ses03 seed=2 acc=0.5400 (ntr=160 nval=40 nte=200)
2026-06-09 07:23:44 | INFO    | train_session_alignment | [align] euclidean_alignment    fbcnet      single_sub-031_ses03-to-ses01 seed=2 acc=0.5550 (ntr=160 nval=40 nte=200)
2026-06-09 07:23:51 | INFO    | train_session_alignment | [align] euclidean_alignment    fbcnet      single_sub-031_ses03-to-ses02 seed=2 acc=0.5650 (ntr=160 nval=40 nte=200)
2026-06-09 07:23:58 | INFO    | train_session_alignment | [align] euclidean_alignment    fbcnet      single_sub-032_ses01-to-ses03 seed=2 acc=0.6350 (ntr=160 nval=40 nte=200)
2026-06-09 07:24:07 | INFO    | train_session_alignment | [align] euclidean_alignment    fbcnet      single_sub-032_ses03-to-ses01 seed=2 acc=0.6050 (ntr=160 nval=40 nte=200)
2026-06-09 07:24:16 | INFO    | train_session_alignment | [align] euclidean_alignment    fbcnet      single_sub-033_ses01-to-ses02 seed=2 acc=0.9550 (ntr=160 nval=40 nte=200)
2026-06-09 07:24:26 | INFO    | train_session_alignment | [align] euclidean_alignment    fbcnet      single_sub-033_ses01-to-ses03 seed=2 acc=0.9400 (ntr=160 nval=40 nte=200)
2026-06-09 07:24:40 | INFO    | train_session_alignment | [align] euclidean_alignment    fbcnet      single_sub-033_ses02-to-ses01 seed=2 acc=0.9600 (ntr=160 nval=40 nte=200)
2026-06-09 07:24:55 | INFO    | train_session_alignment | [align] euclidean_alignment    fbcnet      single_sub-033_ses02-to-ses03 seed=2 acc=0.9700 (ntr=160 nval=40 nte=200)
2026-06-09 07:25:03 | INFO    | train_session_alignment | [align] euclidean_alignment    fbcnet      single_sub-033_ses03-to-ses01 seed=2 acc=0.9050 (ntr=160 nval=40 nte=200)
2026-06-09 07:25:11 | INFO    | train_session_alignment | [align] euclidean_alignment    fbcnet      single_sub-033_ses03-to-ses02 seed=2 acc=0.9200 (ntr=160 nval=40 nte=200)
2026-06-09 07:25:18 | INFO    | train_session_alignment | [align] euclidean_alignment    fbcnet      single_sub-034_ses01-to-ses02 seed=2 acc=0.5600 (ntr=160 nval=40 nte=200)
2026-06-09 07:25:24 | INFO    | train_session_alignment | [align] euclidean_alignment    fbcnet      single_sub-034_ses01-to-ses03 seed=2 acc=0.4950 (ntr=160 nval=40 nte=200)
2026-06-09 07:25:34 | INFO    | train_session_alignment | [align] euclidean_alignment    fbcnet      single_sub-034_ses02-to-ses01 seed=2 acc=0.5250 (ntr=160 nval=40 nte=200)
2026-06-09 07:25:44 | INFO    | train_session_alignment | [align] euclidean_alignment    fbcnet      single_sub-034_ses02-to-ses03 seed=2 acc=0.5050 (ntr=160 nval=40 nte=200)
2026-06-09 07:25:49 | INFO    | train_session_alignment | [align] euclidean_alignment    fbcnet      single_sub-034_ses03-to-ses01 seed=2 acc=0.5500 (ntr=160 nval=40 nte=200)
2026-06-09 07:25:54 | INFO    | train_session_alignment | [align] euclidean_alignment    fbcnet      single_sub-034_ses03-to-ses02 seed=2 acc=0.5350 (ntr=160 nval=40 nte=200)
2026-06-09 07:26:06 | INFO    | train_session_alignment | [align] euclidean_alignment    fbcnet      single_sub-035_ses01-to-ses02 seed=2 acc=0.9550 (ntr=160 nval=40 nte=200)
2026-06-09 07:26:18 | INFO    | train_session_alignment | [align] euclidean_alignment    fbcnet      single_sub-035_ses01-to-ses03 seed=2 acc=0.8000 (ntr=160 nval=40 nte=200)
2026-06-09 07:26:29 | INFO    | train_session_alignment | [align] euclidean_alignment    fbcnet      single_sub-035_ses02-to-ses01 seed=2 acc=0.9000 (ntr=160 nval=40 nte=200)
2026-06-09 07:26:39 | INFO    | train_session_alignment | [align] euclidean_alignment    fbcnet      single_sub-035_ses02-to-ses03 seed=2 acc=0.7150 (ntr=160 nval=40 nte=200)
2026-06-09 07:26:46 | INFO    | train_session_alignment | [align] euclidean_alignment    fbcnet      single_sub-035_ses03-to-ses01 seed=2 acc=0.8800 (ntr=160 nval=40 nte=200)
2026-06-09 07:26:53 | INFO    | train_session_alignment | [align] euclidean_alignment    fbcnet      single_sub-035_ses03-to-ses02 seed=2 acc=0.9000 (ntr=160 nval=40 nte=200)
2026-06-09 07:27:08 | INFO    | train_session_alignment | [align] euclidean_alignment    fbcnet      single_sub-036_ses01-to-ses02 seed=2 acc=0.8900 (ntr=160 nval=40 nte=200)
2026-06-09 07:27:23 | INFO    | train_session_alignment | [align] euclidean_alignment    fbcnet      single_sub-036_ses01-to-ses03 seed=2 acc=0.8300 (ntr=160 nval=40 nte=200)
2026-06-09 07:27:38 | INFO    | train_session_alignment | [align] euclidean_alignment    fbcnet      single_sub-036_ses02-to-ses01 seed=2 acc=0.8400 (ntr=160 nval=40 nte=200)
2026-06-09 07:27:52 | INFO    | train_session_alignment | [align] euclidean_alignment    fbcnet      single_sub-036_ses02-to-ses03 seed=2 acc=0.9600 (ntr=160 nval=40 nte=200)
2026-06-09 07:28:07 | INFO    | train_session_alignment | [align] euclidean_alignment    fbcnet      single_sub-036_ses03-to-ses01 seed=2 acc=0.6800 (ntr=160 nval=40 nte=200)
2026-06-09 07:28:22 | INFO    | train_session_alignment | [align] euclidean_alignment    fbcnet      single_sub-036_ses03-to-ses02 seed=2 acc=0.8300 (ntr=160 nval=40 nte=200)
2026-06-09 07:28:32 | INFO    | train_session_alignment | [align] euclidean_alignment    fbcnet      single_sub-037_ses01-to-ses02 seed=2 acc=0.4950 (ntr=160 nval=40 nte=200)
2026-06-09 07:28:42 | INFO    | train_session_alignment | [align] euclidean_alignment    fbcnet      single_sub-037_ses01-to-ses03 seed=2 acc=0.5100 (ntr=160 nval=40 nte=200)
2026-06-09 07:28:48 | INFO    | train_session_alignment | [align] euclidean_alignment    fbcnet      single_sub-037_ses02-to-ses01 seed=2 acc=0.5000 (ntr=160 nval=40 nte=200)
2026-06-09 07:28:54 | INFO    | train_session_alignment | [align] euclidean_alignment    fbcnet      single_sub-037_ses02-to-ses03 seed=2 acc=0.5500 (ntr=160 nval=40 nte=200)
2026-06-09 07:29:06 | INFO    | train_session_alignment | [align] euclidean_alignment    fbcnet      single_sub-037_ses03-to-ses01 seed=2 acc=0.5000 (ntr=160 nval=40 nte=200)
2026-06-09 07:29:17 | INFO    | train_session_alignment | [align] euclidean_alignment    fbcnet      single_sub-037_ses03-to-ses02 seed=2 acc=0.5750 (ntr=160 nval=40 nte=200)
2026-06-09 07:29:22 | INFO    | train_session_alignment | [align] euclidean_alignment    fbcnet      single_sub-038_ses01-to-ses02 seed=2 acc=0.5100 (ntr=160 nval=40 nte=200)
2026-06-09 07:29:28 | INFO    | train_session_alignment | [align] euclidean_alignment    fbcnet      single_sub-038_ses01-to-ses03 seed=2 acc=0.5100 (ntr=160 nval=40 nte=200)
2026-06-09 07:29:42 | INFO    | train_session_alignment | [align] euclidean_alignment    fbcnet      single_sub-038_ses02-to-ses01 seed=2 acc=0.5100 (ntr=160 nval=40 nte=200)
2026-06-09 07:29:55 | INFO    | train_session_alignment | [align] euclidean_alignment    fbcnet      single_sub-038_ses02-to-ses03 seed=2 acc=0.5250 (ntr=160 nval=40 nte=200)
2026-06-09 07:30:01 | INFO    | train_session_alignment | [align] euclidean_alignment    fbcnet      single_sub-038_ses03-to-ses01 seed=2 acc=0.5000 (ntr=160 nval=40 nte=200)
2026-06-09 07:30:07 | INFO    | train_session_alignment | [align] euclidean_alignment    fbcnet      single_sub-038_ses03-to-ses02 seed=2 acc=0.5150 (ntr=160 nval=40 nte=200)
2026-06-09 07:30:22 | INFO    | train_session_alignment | [align] euclidean_alignment    fbcnet      single_sub-039_ses01-to-ses02 seed=2 acc=0.5150 (ntr=160 nval=40 nte=200)
2026-06-09 07:30:37 | INFO    | train_session_alignment | [align] euclidean_alignment    fbcnet      single_sub-039_ses01-to-ses03 seed=2 acc=0.6050 (ntr=160 nval=40 nte=200)
2026-06-09 07:30:42 | INFO    | train_session_alignment | [align] euclidean_alignment    fbcnet      single_sub-039_ses02-to-ses01 seed=2 acc=0.5500 (ntr=160 nval=40 nte=200)
2026-06-09 07:30:47 | INFO    | train_session_alignment | [align] euclidean_alignment    fbcnet      single_sub-039_ses02-to-ses03 seed=2 acc=0.5350 (ntr=160 nval=40 nte=200)
2026-06-09 07:30:56 | INFO    | train_session_alignment | [align] euclidean_alignment    fbcnet      single_sub-039_ses03-to-ses01 seed=2 acc=0.5100 (ntr=160 nval=40 nte=200)
2026-06-09 07:31:05 | INFO    | train_session_alignment | [align] euclidean_alignment    fbcnet      single_sub-039_ses03-to-ses02 seed=2 acc=0.5400 (ntr=160 nval=40 nte=200)
2026-06-09 07:31:19 | INFO    | train_session_alignment | [align] euclidean_alignment    fbcnet      single_sub-040_ses01-to-ses02 seed=2 acc=0.6900 (ntr=160 nval=40 nte=200)
2026-06-09 07:31:32 | INFO    | train_session_alignment | [align] euclidean_alignment    fbcnet      single_sub-040_ses01-to-ses03 seed=2 acc=0.8050 (ntr=160 nval=40 nte=200)
2026-06-09 07:31:41 | INFO    | train_session_alignment | [align] euclidean_alignment    fbcnet      single_sub-040_ses02-to-ses01 seed=2 acc=0.6050 (ntr=160 nval=40 nte=200)
2026-06-09 07:31:49 | INFO    | train_session_alignment | [align] euclidean_alignment    fbcnet      single_sub-040_ses02-to-ses03 seed=2 acc=0.6250 (ntr=160 nval=40 nte=200)
2026-06-09 07:32:01 | INFO    | train_session_alignment | [align] euclidean_alignment    fbcnet      single_sub-040_ses03-to-ses01 seed=2 acc=0.7100 (ntr=160 nval=40 nte=200)
2026-06-09 07:32:14 | INFO    | train_session_alignment | [align] euclidean_alignment    fbcnet      single_sub-040_ses03-to-ses02 seed=2 acc=0.6500 (ntr=160 nval=40 nte=200)
2026-06-09 07:32:28 | INFO    | train_session_alignment | [align] euclidean_alignment    fbcnet      single_sub-041_ses01-to-ses02 seed=2 acc=0.7500 (ntr=160 nval=40 nte=200)
2026-06-09 07:32:43 | INFO    | train_session_alignment | [align] euclidean_alignment    fbcnet      single_sub-041_ses01-to-ses03 seed=2 acc=0.8200 (ntr=160 nval=40 nte=200)
2026-06-09 07:32:54 | INFO    | train_session_alignment | [align] euclidean_alignment    fbcnet      single_sub-041_ses02-to-ses01 seed=2 acc=0.7900 (ntr=160 nval=40 nte=200)
2026-06-09 07:33:04 | INFO    | train_session_alignment | [align] euclidean_alignment    fbcnet      single_sub-041_ses02-to-ses03 seed=2 acc=0.8850 (ntr=160 nval=40 nte=200)
2026-06-09 07:33:19 | INFO    | train_session_alignment | [align] euclidean_alignment    fbcnet      single_sub-041_ses03-to-ses01 seed=2 acc=0.7900 (ntr=160 nval=40 nte=200)
2026-06-09 07:33:34 | INFO    | train_session_alignment | [align] euclidean_alignment    fbcnet      single_sub-041_ses03-to-ses02 seed=2 acc=0.9050 (ntr=160 nval=40 nte=200)
2026-06-09 07:33:40 | INFO    | train_session_alignment | [align] euclidean_alignment    fbcnet      single_sub-042_ses01-to-ses02 seed=2 acc=0.5650 (ntr=160 nval=40 nte=200)
2026-06-09 07:33:47 | INFO    | train_session_alignment | [align] euclidean_alignment    fbcnet      single_sub-042_ses01-to-ses03 seed=2 acc=0.5200 (ntr=160 nval=40 nte=200)
2026-06-09 07:33:54 | INFO    | train_session_alignment | [align] euclidean_alignment    fbcnet      single_sub-042_ses02-to-ses01 seed=2 acc=0.5600 (ntr=160 nval=40 nte=200)
2026-06-09 07:34:01 | INFO    | train_session_alignment | [align] euclidean_alignment    fbcnet      single_sub-042_ses02-to-ses03 seed=2 acc=0.5350 (ntr=160 nval=40 nte=200)
2026-06-09 07:34:07 | INFO    | train_session_alignment | [align] euclidean_alignment    fbcnet      single_sub-042_ses03-to-ses01 seed=2 acc=0.5500 (ntr=160 nval=40 nte=200)
2026-06-09 07:34:13 | INFO    | train_session_alignment | [align] euclidean_alignment    fbcnet      single_sub-042_ses03-to-ses02 seed=2 acc=0.5150 (ntr=160 nval=40 nte=200)
2026-06-09 07:34:27 | INFO    | train_session_alignment | [align] euclidean_alignment    fbcnet      single_sub-043_ses01-to-ses02 seed=2 acc=0.9400 (ntr=160 nval=40 nte=200)
2026-06-09 07:34:42 | INFO    | train_session_alignment | [align] euclidean_alignment    fbcnet      single_sub-043_ses01-to-ses03 seed=2 acc=0.9800 (ntr=160 nval=40 nte=200)
2026-06-09 07:34:57 | INFO    | train_session_alignment | [align] euclidean_alignment    fbcnet      single_sub-043_ses02-to-ses01 seed=2 acc=0.9500 (ntr=160 nval=40 nte=200)
2026-06-09 07:35:12 | INFO    | train_session_alignment | [align] euclidean_alignment    fbcnet      single_sub-043_ses02-to-ses03 seed=2 acc=0.9550 (ntr=160 nval=40 nte=200)
2026-06-09 07:35:27 | INFO    | train_session_alignment | [align] euclidean_alignment    fbcnet      single_sub-043_ses03-to-ses01 seed=2 acc=0.9700 (ntr=160 nval=40 nte=200)
2026-06-09 07:35:42 | INFO    | train_session_alignment | [align] euclidean_alignment    fbcnet      single_sub-043_ses03-to-ses02 seed=2 acc=0.9150 (ntr=160 nval=40 nte=200)
2026-06-09 07:35:47 | INFO    | train_session_alignment | [align] euclidean_alignment    fbcnet      single_sub-044_ses01-to-ses02 seed=2 acc=0.5650 (ntr=160 nval=40 nte=200)
2026-06-09 07:35:52 | INFO    | train_session_alignment | [align] euclidean_alignment    fbcnet      single_sub-044_ses01-to-ses03 seed=2 acc=0.4900 (ntr=160 nval=40 nte=200)
2026-06-09 07:36:00 | INFO    | train_session_alignment | [align] euclidean_alignment    fbcnet      single_sub-044_ses02-to-ses01 seed=2 acc=0.6050 (ntr=160 nval=40 nte=200)
2026-06-09 07:36:08 | INFO    | train_session_alignment | [align] euclidean_alignment    fbcnet      single_sub-044_ses02-to-ses03 seed=2 acc=0.5800 (ntr=160 nval=40 nte=200)
2026-06-09 07:36:16 | INFO    | train_session_alignment | [align] euclidean_alignment    fbcnet      single_sub-044_ses03-to-ses01 seed=2 acc=0.5350 (ntr=160 nval=40 nte=200)
2026-06-09 07:36:25 | INFO    | train_session_alignment | [align] euclidean_alignment    fbcnet      single_sub-044_ses03-to-ses02 seed=2 acc=0.6100 (ntr=160 nval=40 nte=200)
2026-06-09 07:36:40 | INFO    | train_session_alignment | [align] euclidean_alignment    fbcnet      single_sub-045_ses01-to-ses02 seed=2 acc=0.7300 (ntr=160 nval=40 nte=200)
2026-06-09 07:36:55 | INFO    | train_session_alignment | [align] euclidean_alignment    fbcnet      single_sub-045_ses01-to-ses03 seed=2 acc=0.7900 (ntr=160 nval=40 nte=200)
2026-06-09 07:37:04 | INFO    | train_session_alignment | [align] euclidean_alignment    fbcnet      single_sub-045_ses02-to-ses01 seed=2 acc=0.7150 (ntr=160 nval=40 nte=200)
2026-06-09 07:37:12 | INFO    | train_session_alignment | [align] euclidean_alignment    fbcnet      single_sub-045_ses02-to-ses03 seed=2 acc=0.6400 (ntr=160 nval=40 nte=200)
2026-06-09 07:37:20 | INFO    | train_session_alignment | [align] euclidean_alignment    fbcnet      single_sub-045_ses03-to-ses01 seed=2 acc=0.6700 (ntr=160 nval=40 nte=200)
2026-06-09 07:37:27 | INFO    | train_session_alignment | [align] euclidean_alignment    fbcnet      single_sub-045_ses03-to-ses02 seed=2 acc=0.6600 (ntr=160 nval=40 nte=200)
2026-06-09 07:37:42 | INFO    | train_session_alignment | [align] euclidean_alignment    fbcnet      single_sub-046_ses01-to-ses02 seed=2 acc=0.9450 (ntr=160 nval=40 nte=200)
2026-06-09 07:37:57 | INFO    | train_session_alignment | [align] euclidean_alignment    fbcnet      single_sub-046_ses01-to-ses03 seed=2 acc=0.9450 (ntr=160 nval=40 nte=200)
2026-06-09 07:38:12 | INFO    | train_session_alignment | [align] euclidean_alignment    fbcnet      single_sub-046_ses02-to-ses01 seed=2 acc=0.9600 (ntr=160 nval=40 nte=200)
2026-06-09 07:38:27 | INFO    | train_session_alignment | [align] euclidean_alignment    fbcnet      single_sub-046_ses02-to-ses03 seed=2 acc=0.9500 (ntr=160 nval=40 nte=200)
2026-06-09 07:38:42 | INFO    | train_session_alignment | [align] euclidean_alignment    fbcnet      single_sub-046_ses03-to-ses01 seed=2 acc=0.9300 (ntr=160 nval=40 nte=200)
2026-06-09 07:38:57 | INFO    | train_session_alignment | [align] euclidean_alignment    fbcnet      single_sub-046_ses03-to-ses02 seed=2 acc=0.9350 (ntr=160 nval=40 nte=200)
2026-06-09 07:39:03 | INFO    | train_session_alignment | [align] euclidean_alignment    fbcnet      single_sub-047_ses01-to-ses02 seed=2 acc=0.7200 (ntr=160 nval=40 nte=200)
2026-06-09 07:39:10 | INFO    | train_session_alignment | [align] euclidean_alignment    fbcnet      single_sub-047_ses01-to-ses03 seed=2 acc=0.8100 (ntr=160 nval=40 nte=200)
2026-06-09 07:39:19 | INFO    | train_session_alignment | [align] euclidean_alignment    fbcnet      single_sub-047_ses02-to-ses01 seed=2 acc=0.7800 (ntr=160 nval=40 nte=200)
2026-06-09 07:39:29 | INFO    | train_session_alignment | [align] euclidean_alignment    fbcnet      single_sub-047_ses02-to-ses03 seed=2 acc=0.7800 (ntr=160 nval=40 nte=200)
2026-06-09 07:39:44 | INFO    | train_session_alignment | [align] euclidean_alignment    fbcnet      single_sub-047_ses03-to-ses01 seed=2 acc=0.8100 (ntr=160 nval=40 nte=200)
2026-06-09 07:39:59 | INFO    | train_session_alignment | [align] euclidean_alignment    fbcnet      single_sub-047_ses03-to-ses02 seed=2 acc=0.8200 (ntr=160 nval=40 nte=200)
2026-06-09 07:40:05 | INFO    | train_session_alignment | [align] euclidean_alignment    fbcnet      single_sub-048_ses01-to-ses02 seed=2 acc=0.6350 (ntr=160 nval=40 nte=200)
2026-06-09 07:40:11 | INFO    | train_session_alignment | [align] euclidean_alignment    fbcnet      single_sub-048_ses01-to-ses03 seed=2 acc=0.6050 (ntr=160 nval=40 nte=200)
2026-06-09 07:40:20 | INFO    | train_session_alignment | [align] euclidean_alignment    fbcnet      single_sub-048_ses02-to-ses01 seed=2 acc=0.6350 (ntr=160 nval=40 nte=200)
2026-06-09 07:40:29 | INFO    | train_session_alignment | [align] euclidean_alignment    fbcnet      single_sub-048_ses02-to-ses03 seed=2 acc=0.6600 (ntr=160 nval=40 nte=200)
2026-06-09 07:40:42 | INFO    | train_session_alignment | [align] euclidean_alignment    fbcnet      single_sub-048_ses03-to-ses01 seed=2 acc=0.5350 (ntr=160 nval=40 nte=200)
2026-06-09 07:40:55 | INFO    | train_session_alignment | [align] euclidean_alignment    fbcnet      single_sub-048_ses03-to-ses02 seed=2 acc=0.6850 (ntr=160 nval=40 nte=200)
2026-06-09 07:41:00 | INFO    | train_session_alignment | [align] euclidean_alignment    fbcnet      single_sub-049_ses01-to-ses02 seed=2 acc=0.5100 (ntr=160 nval=40 nte=200)
2026-06-09 07:41:06 | INFO    | train_session_alignment | [align] euclidean_alignment    fbcnet      single_sub-049_ses01-to-ses03 seed=2 acc=0.5200 (ntr=160 nval=40 nte=200)
2026-06-09 07:41:15 | INFO    | train_session_alignment | [align] euclidean_alignment    fbcnet      single_sub-049_ses02-to-ses01 seed=2 acc=0.8700 (ntr=160 nval=40 nte=200)
2026-06-09 07:41:24 | INFO    | train_session_alignment | [align] euclidean_alignment    fbcnet      single_sub-049_ses02-to-ses03 seed=2 acc=0.7950 (ntr=160 nval=40 nte=200)
2026-06-09 07:41:32 | INFO    | train_session_alignment | [align] euclidean_alignment    fbcnet      single_sub-049_ses03-to-ses01 seed=2 acc=0.7750 (ntr=160 nval=40 nte=200)
2026-06-09 07:41:41 | INFO    | train_session_alignment | [align] euclidean_alignment    fbcnet      single_sub-049_ses03-to-ses02 seed=2 acc=0.7850 (ntr=160 nval=40 nte=200)
2026-06-09 07:41:50 | INFO    | train_session_alignment | [align] euclidean_alignment    fbcnet      single_sub-050_ses01-to-ses02 seed=2 acc=0.7750 (ntr=160 nval=40 nte=200)
2026-06-09 07:41:59 | INFO    | train_session_alignment | [align] euclidean_alignment    fbcnet      single_sub-050_ses01-to-ses03 seed=2 acc=0.7800 (ntr=160 nval=40 nte=200)
2026-06-09 07:42:14 | INFO    | train_session_alignment | [align] euclidean_alignment    fbcnet      single_sub-050_ses02-to-ses01 seed=2 acc=0.7900 (ntr=160 nval=40 nte=200)
2026-06-09 07:42:29 | INFO    | train_session_alignment | [align] euclidean_alignment    fbcnet      single_sub-050_ses02-to-ses03 seed=2 acc=0.8600 (ntr=160 nval=40 nte=200)
2026-06-09 07:42:38 | INFO    | train_session_alignment | [align] euclidean_alignment    fbcnet      single_sub-050_ses03-to-ses01 seed=2 acc=0.8250 (ntr=160 nval=40 nte=200)
2026-06-09 07:42:46 | INFO    | train_session_alignment | [align] euclidean_alignment    fbcnet      single_sub-050_ses03-to-ses02 seed=2 acc=0.9000 (ntr=160 nval=40 nte=200)
2026-06-09 07:42:56 | INFO    | train_session_alignment | [align] euclidean_alignment    fbcnet      single_sub-051_ses01-to-ses02 seed=2 acc=0.5750 (ntr=160 nval=40 nte=200)
2026-06-09 07:43:06 | INFO    | train_session_alignment | [align] euclidean_alignment    fbcnet      single_sub-051_ses01-to-ses03 seed=2 acc=0.5350 (ntr=160 nval=40 nte=200)
2026-06-09 07:43:19 | INFO    | train_session_alignment | [align] euclidean_alignment    fbcnet      single_sub-051_ses02-to-ses01 seed=2 acc=0.5350 (ntr=160 nval=40 nte=200)
2026-06-09 07:43:32 | INFO    | train_session_alignment | [align] euclidean_alignment    fbcnet      single_sub-051_ses02-to-ses03 seed=2 acc=0.8300 (ntr=160 nval=40 nte=200)
2026-06-09 07:43:40 | INFO    | train_session_alignment | [align] euclidean_alignment    fbcnet      single_sub-051_ses03-to-ses01 seed=2 acc=0.6200 (ntr=160 nval=40 nte=200)
2026-06-09 07:43:49 | INFO    | train_session_alignment | [align] euclidean_alignment    fbcnet      single_sub-051_ses03-to-ses02 seed=2 acc=0.8250 (ntr=160 nval=40 nte=200)
2026-06-09 07:44:01 | INFO    | train_session_alignment | [align] euclidean_alignment    fbcnet      multi_sub-001_ses01ses02-to-ses03 seed=2 acc=0.8550 (ntr=320 nval=80 nte=200)
2026-06-09 07:44:08 | INFO    | train_session_alignment | [align] euclidean_alignment    fbcnet      multi_sub-002_ses01ses02-to-ses03 seed=2 acc=0.5450 (ntr=320 nval=80 nte=200)
2026-06-09 07:44:23 | INFO    | train_session_alignment | [align] euclidean_alignment    fbcnet      multi_sub-003_ses01ses02-to-ses03 seed=2 acc=0.7400 (ntr=320 nval=80 nte=200)
2026-06-09 07:44:32 | INFO    | train_session_alignment | [align] euclidean_alignment    fbcnet      multi_sub-004_ses01ses02-to-ses03 seed=2 acc=0.5200 (ntr=320 nval=80 nte=200)
2026-06-09 07:44:50 | INFO    | train_session_alignment | [align] euclidean_alignment    fbcnet      multi_sub-005_ses01ses02-to-ses03 seed=2 acc=0.8350 (ntr=320 nval=80 nte=200)
2026-06-09 07:45:09 | INFO    | train_session_alignment | [align] euclidean_alignment    fbcnet      multi_sub-006_ses01ses02-to-ses03 seed=2 acc=0.9500 (ntr=320 nval=80 nte=200)
2026-06-09 07:45:18 | INFO    | train_session_alignment | [align] euclidean_alignment    fbcnet      multi_sub-007_ses01ses02-to-ses03 seed=2 acc=0.6400 (ntr=320 nval=80 nte=200)
2026-06-09 07:45:28 | INFO    | train_session_alignment | [align] euclidean_alignment    fbcnet      multi_sub-008_ses01ses02-to-ses03 seed=2 acc=0.7500 (ntr=320 nval=80 nte=200)
2026-06-09 07:45:37 | INFO    | train_session_alignment | [align] euclidean_alignment    fbcnet      multi_sub-009_ses01ses02-to-ses03 seed=2 acc=0.5000 (ntr=320 nval=80 nte=200)
2026-06-09 07:45:47 | INFO    | train_session_alignment | [align] euclidean_alignment    fbcnet      multi_sub-010_ses01ses02-to-ses03 seed=2 acc=0.6350 (ntr=320 nval=80 nte=200)
2026-06-09 07:46:01 | INFO    | train_session_alignment | [align] euclidean_alignment    fbcnet      multi_sub-011_ses01ses02-to-ses03 seed=2 acc=0.6400 (ntr=320 nval=80 nte=200)
2026-06-09 07:46:07 | INFO    | train_session_alignment | [align] euclidean_alignment    fbcnet      multi_sub-012_ses01ses02-to-ses03 seed=2 acc=0.4700 (ntr=320 nval=80 nte=200)
2026-06-09 07:46:15 | INFO    | train_session_alignment | [align] euclidean_alignment    fbcnet      multi_sub-013_ses01ses02-to-ses03 seed=2 acc=0.5550 (ntr=320 nval=80 nte=200)
2026-06-09 07:46:21 | INFO    | train_session_alignment | [align] euclidean_alignment    fbcnet      multi_sub-014_ses01ses02-to-ses03 seed=2 acc=0.5050 (ntr=320 nval=80 nte=200)
2026-06-09 07:46:29 | INFO    | train_session_alignment | [align] euclidean_alignment    fbcnet      multi_sub-015_ses01ses02-to-ses03 seed=2 acc=0.5050 (ntr=320 nval=80 nte=200)
2026-06-09 07:46:36 | INFO    | train_session_alignment | [align] euclidean_alignment    fbcnet      multi_sub-016_ses01ses02-to-ses03 seed=2 acc=0.4700 (ntr=320 nval=80 nte=200)
2026-06-09 07:46:50 | INFO    | train_session_alignment | [align] euclidean_alignment    fbcnet      multi_sub-017_ses01ses02-to-ses03 seed=2 acc=0.7150 (ntr=320 nval=80 nte=200)
2026-06-09 07:46:57 | INFO    | train_session_alignment | [align] euclidean_alignment    fbcnet      multi_sub-018_ses01ses02-to-ses03 seed=2 acc=0.5650 (ntr=320 nval=80 nte=200)
2026-06-09 07:47:08 | INFO    | train_session_alignment | [align] euclidean_alignment    fbcnet      multi_sub-019_ses01ses02-to-ses03 seed=2 acc=0.6300 (ntr=320 nval=80 nte=200)
2026-06-09 07:47:19 | INFO    | train_session_alignment | [align] euclidean_alignment    fbcnet      multi_sub-020_ses01ses02-to-ses03 seed=2 acc=0.4300 (ntr=320 nval=80 nte=200)
2026-06-09 07:47:27 | INFO    | train_session_alignment | [align] euclidean_alignment    fbcnet      multi_sub-021_ses01ses02-to-ses03 seed=2 acc=0.7150 (ntr=320 nval=80 nte=200)
2026-06-09 07:47:34 | INFO    | train_session_alignment | [align] euclidean_alignment    fbcnet      multi_sub-022_ses01ses02-to-ses03 seed=2 acc=0.5900 (ntr=320 nval=80 nte=200)
2026-06-09 07:47:52 | INFO    | train_session_alignment | [align] euclidean_alignment    fbcnet      multi_sub-025_ses01ses02-to-ses03 seed=2 acc=0.6650 (ntr=320 nval=80 nte=200)
2026-06-09 07:48:03 | INFO    | train_session_alignment | [align] euclidean_alignment    fbcnet      multi_sub-027_ses01ses02-to-ses03 seed=2 acc=0.5400 (ntr=320 nval=80 nte=200)
2026-06-09 07:48:15 | INFO    | train_session_alignment | [align] euclidean_alignment    fbcnet      multi_sub-028_ses01ses02-to-ses03 seed=2 acc=0.6750 (ntr=320 nval=80 nte=200)
2026-06-09 07:48:31 | INFO    | train_session_alignment | [align] euclidean_alignment    fbcnet      multi_sub-029_ses01ses02-to-ses03 seed=2 acc=0.9600 (ntr=320 nval=80 nte=200)
2026-06-09 07:48:40 | INFO    | train_session_alignment | [align] euclidean_alignment    fbcnet      multi_sub-030_ses01ses02-to-ses03 seed=2 acc=0.5000 (ntr=320 nval=80 nte=200)
2026-06-09 07:48:48 | INFO    | train_session_alignment | [align] euclidean_alignment    fbcnet      multi_sub-031_ses01ses02-to-ses03 seed=2 acc=0.5650 (ntr=320 nval=80 nte=200)
2026-06-09 07:49:06 | INFO    | train_session_alignment | [align] euclidean_alignment    fbcnet      multi_sub-033_ses01ses02-to-ses03 seed=2 acc=0.9600 (ntr=320 nval=80 nte=200)
2026-06-09 07:49:13 | INFO    | train_session_alignment | [align] euclidean_alignment    fbcnet      multi_sub-034_ses01ses02-to-ses03 seed=2 acc=0.5300 (ntr=320 nval=80 nte=200)
2026-06-09 07:49:29 | INFO    | train_session_alignment | [align] euclidean_alignment    fbcnet      multi_sub-035_ses01ses02-to-ses03 seed=2 acc=0.8600 (ntr=320 nval=80 nte=200)
2026-06-09 07:49:39 | INFO    | train_session_alignment | [align] euclidean_alignment    fbcnet      multi_sub-036_ses01ses02-to-ses03 seed=2 acc=0.9500 (ntr=320 nval=80 nte=200)
2026-06-09 07:49:54 | INFO    | train_session_alignment | [align] euclidean_alignment    fbcnet      multi_sub-037_ses01ses02-to-ses03 seed=2 acc=0.6050 (ntr=320 nval=80 nte=200)
2026-06-09 07:50:02 | INFO    | train_session_alignment | [align] euclidean_alignment    fbcnet      multi_sub-038_ses01ses02-to-ses03 seed=2 acc=0.5000 (ntr=320 nval=80 nte=200)
2026-06-09 07:50:10 | INFO    | train_session_alignment | [align] euclidean_alignment    fbcnet      multi_sub-039_ses01ses02-to-ses03 seed=2 acc=0.6050 (ntr=320 nval=80 nte=200)
2026-06-09 07:50:19 | INFO    | train_session_alignment | [align] euclidean_alignment    fbcnet      multi_sub-040_ses01ses02-to-ses03 seed=2 acc=0.7500 (ntr=320 nval=80 nte=200)
2026-06-09 07:50:31 | INFO    | train_session_alignment | [align] euclidean_alignment    fbcnet      multi_sub-041_ses01ses02-to-ses03 seed=2 acc=0.9500 (ntr=320 nval=80 nte=200)
2026-06-09 07:50:40 | INFO    | train_session_alignment | [align] euclidean_alignment    fbcnet      multi_sub-042_ses01ses02-to-ses03 seed=2 acc=0.5750 (ntr=320 nval=80 nte=200)
2026-06-09 07:50:56 | INFO    | train_session_alignment | [align] euclidean_alignment    fbcnet      multi_sub-043_ses01ses02-to-ses03 seed=2 acc=0.9850 (ntr=320 nval=80 nte=200)
2026-06-09 07:51:02 | INFO    | train_session_alignment | [align] euclidean_alignment    fbcnet      multi_sub-044_ses01ses02-to-ses03 seed=2 acc=0.5200 (ntr=320 nval=80 nte=200)
2026-06-09 07:51:11 | INFO    | train_session_alignment | [align] euclidean_alignment    fbcnet      multi_sub-045_ses01ses02-to-ses03 seed=2 acc=0.7500 (ntr=320 nval=80 nte=200)
2026-06-09 07:51:22 | INFO    | train_session_alignment | [align] euclidean_alignment    fbcnet      multi_sub-046_ses01ses02-to-ses03 seed=2 acc=0.9600 (ntr=320 nval=80 nte=200)
2026-06-09 07:51:30 | INFO    | train_session_alignment | [align] euclidean_alignment    fbcnet      multi_sub-047_ses01ses02-to-ses03 seed=2 acc=0.8800 (ntr=320 nval=80 nte=200)
2026-06-09 07:51:41 | INFO    | train_session_alignment | [align] euclidean_alignment    fbcnet      multi_sub-048_ses01ses02-to-ses03 seed=2 acc=0.6950 (ntr=320 nval=80 nte=200)
2026-06-09 07:51:51 | INFO    | train_session_alignment | [align] euclidean_alignment    fbcnet      multi_sub-049_ses01ses02-to-ses03 seed=2 acc=0.8000 (ntr=320 nval=80 nte=200)
2026-06-09 07:51:59 | INFO    | train_session_alignment | [align] euclidean_alignment    fbcnet      multi_sub-050_ses01ses02-to-ses03 seed=2 acc=0.8800 (ntr=320 nval=80 nte=200)
2026-06-09 07:52:12 | INFO    | train_session_alignment | [align] euclidean_alignment    fbcnet      multi_sub-051_ses01ses02-to-ses03 seed=2 acc=0.8150 (ntr=320 nval=80 nte=200)
2026-06-09 07:52:12 | INFO    | train_session_alignment | ALL DONE in 3285.1s | rows=335 ok=335 failed=0 | out=/share/home/yuan/SYX/eeg-mi-online/outputs/experiments/alignment_baseline_v1
Done: Tue Jun  9 07:52:13 CST 2026
