Project: /share/home/yuan/SYX/eeg-mi-online
Env    : mi_torch_cu118
Args   : --methods riemannian_alignment --models fbcnet --seeds 1 --protocols single,multi --tag-suffix riemannian_alignment_fbcnet_s1
Node   : gpu01 | Start: Tue Jun  9 10:11:30 CST 2026
Tue Jun  9 10:11:31 2026       
+-----------------------------------------------------------------------------------------+
| NVIDIA-SMI 570.153.02             Driver Version: 570.153.02     CUDA Version: 12.8     |
|-----------------------------------------+------------------------+----------------------+
| GPU  Name                 Persistence-M | Bus-Id          Disp.A | Volatile Uncorr. ECC |
| Fan  Temp   Perf          Pwr:Usage/Cap |           Memory-Usage | GPU-Util  Compute M. |
|                                         |                        |               MIG M. |
|=========================================+========================+======================|
|   0  NVIDIA GeForce RTX 4090 D      On  |   00000000:01:00.0 Off |                  Off |
| 75%   48C    P0             67W /  425W |       1MiB /  24564MiB |      0%      Default |
|                                         |                        |                  N/A |
+-----------------------------------------+------------------------+----------------------+
                                                                                         
+-----------------------------------------------------------------------------------------+
| Processes:                                                                              |
|  GPU   GI   CI              PID   Type   Process name                        GPU Memory |
|        ID   ID                                                               Usage      |
|=========================================================================================|
|  No running processes found                                                             |
+-----------------------------------------------------------------------------------------+
[cuda-check] torch=2.7.1+cu118 cuda_build=11.8 cuda_avail=True
2026-06-09 10:11:34 | INFO    | train_session_alignment | device=cuda | cuda={'torch': '2.7.1+cu118', 'cuda_build': '11.8', 'cuda_available': True, 'device': 'cuda', 'device_name': 'NVIDIA GeForce RTX 4090 D'}
2026-06-09 10:11:34 | INFO    | train_session_alignment | loaded 148 ok sessions | methods=['riemannian_alignment'] | models=['fbcnet'] | seeds=[1] | groups=['single', 'multi'] | tasks=335
2026-06-09 10:11:45 | INFO    | train_session_alignment | [align] riemannian_alignment   fbcnet      single_sub-001_ses01-to-ses02 seed=1 acc=0.6350 (ntr=160 nval=40 nte=200)
2026-06-09 10:11:53 | INFO    | train_session_alignment | [align] riemannian_alignment   fbcnet      single_sub-001_ses01-to-ses03 seed=1 acc=0.6950 (ntr=160 nval=40 nte=200)
2026-06-09 10:12:10 | INFO    | train_session_alignment | [align] riemannian_alignment   fbcnet      single_sub-001_ses02-to-ses01 seed=1 acc=0.6650 (ntr=160 nval=40 nte=200)
2026-06-09 10:12:28 | INFO    | train_session_alignment | [align] riemannian_alignment   fbcnet      single_sub-001_ses02-to-ses03 seed=1 acc=0.9300 (ntr=160 nval=40 nte=200)
2026-06-09 10:12:45 | INFO    | train_session_alignment | [align] riemannian_alignment   fbcnet      single_sub-001_ses03-to-ses01 seed=1 acc=0.7400 (ntr=160 nval=40 nte=200)
2026-06-09 10:13:02 | INFO    | train_session_alignment | [align] riemannian_alignment   fbcnet      single_sub-001_ses03-to-ses02 seed=1 acc=0.8450 (ntr=160 nval=40 nte=200)
2026-06-09 10:13:10 | INFO    | train_session_alignment | [align] riemannian_alignment   fbcnet      single_sub-002_ses01-to-ses02 seed=1 acc=0.4700 (ntr=160 nval=40 nte=200)
2026-06-09 10:13:17 | INFO    | train_session_alignment | [align] riemannian_alignment   fbcnet      single_sub-002_ses01-to-ses03 seed=1 acc=0.4900 (ntr=160 nval=40 nte=200)
2026-06-09 10:13:23 | INFO    | train_session_alignment | [align] riemannian_alignment   fbcnet      single_sub-002_ses02-to-ses01 seed=1 acc=0.4650 (ntr=160 nval=40 nte=200)
2026-06-09 10:13:30 | INFO    | train_session_alignment | [align] riemannian_alignment   fbcnet      single_sub-002_ses02-to-ses03 seed=1 acc=0.6050 (ntr=160 nval=40 nte=200)
2026-06-09 10:13:36 | INFO    | train_session_alignment | [align] riemannian_alignment   fbcnet      single_sub-002_ses03-to-ses01 seed=1 acc=0.5150 (ntr=160 nval=40 nte=200)
2026-06-09 10:13:42 | INFO    | train_session_alignment | [align] riemannian_alignment   fbcnet      single_sub-002_ses03-to-ses02 seed=1 acc=0.5250 (ntr=160 nval=40 nte=200)
2026-06-09 10:13:53 | INFO    | train_session_alignment | [align] riemannian_alignment   fbcnet      single_sub-003_ses01-to-ses02 seed=1 acc=0.6550 (ntr=160 nval=40 nte=200)
2026-06-09 10:14:04 | INFO    | train_session_alignment | [align] riemannian_alignment   fbcnet      single_sub-003_ses01-to-ses03 seed=1 acc=0.8300 (ntr=160 nval=40 nte=200)
2026-06-09 10:14:22 | INFO    | train_session_alignment | [align] riemannian_alignment   fbcnet      single_sub-003_ses02-to-ses01 seed=1 acc=0.6950 (ntr=160 nval=40 nte=200)
2026-06-09 10:14:39 | INFO    | train_session_alignment | [align] riemannian_alignment   fbcnet      single_sub-003_ses02-to-ses03 seed=1 acc=0.7800 (ntr=160 nval=40 nte=200)
2026-06-09 10:14:47 | INFO    | train_session_alignment | [align] riemannian_alignment   fbcnet      single_sub-003_ses03-to-ses01 seed=1 acc=0.5950 (ntr=160 nval=40 nte=200)
2026-06-09 10:14:55 | INFO    | train_session_alignment | [align] riemannian_alignment   fbcnet      single_sub-003_ses03-to-ses02 seed=1 acc=0.5550 (ntr=160 nval=40 nte=200)
2026-06-09 10:15:01 | INFO    | train_session_alignment | [align] riemannian_alignment   fbcnet      single_sub-004_ses01-to-ses02 seed=1 acc=0.5150 (ntr=160 nval=40 nte=200)
2026-06-09 10:15:08 | INFO    | train_session_alignment | [align] riemannian_alignment   fbcnet      single_sub-004_ses01-to-ses03 seed=1 acc=0.5250 (ntr=160 nval=40 nte=200)
2026-06-09 10:15:15 | INFO    | train_session_alignment | [align] riemannian_alignment   fbcnet      single_sub-004_ses02-to-ses01 seed=1 acc=0.4450 (ntr=160 nval=40 nte=200)
2026-06-09 10:15:21 | INFO    | train_session_alignment | [align] riemannian_alignment   fbcnet      single_sub-004_ses02-to-ses03 seed=1 acc=0.5050 (ntr=160 nval=40 nte=200)
2026-06-09 10:15:28 | INFO    | train_session_alignment | [align] riemannian_alignment   fbcnet      single_sub-004_ses03-to-ses01 seed=1 acc=0.5100 (ntr=160 nval=40 nte=200)
2026-06-09 10:15:36 | INFO    | train_session_alignment | [align] riemannian_alignment   fbcnet      single_sub-004_ses03-to-ses02 seed=1 acc=0.5100 (ntr=160 nval=40 nte=200)
2026-06-09 10:15:53 | INFO    | train_session_alignment | [align] riemannian_alignment   fbcnet      single_sub-005_ses01-to-ses02 seed=1 acc=0.8050 (ntr=160 nval=40 nte=200)
2026-06-09 10:16:10 | INFO    | train_session_alignment | [align] riemannian_alignment   fbcnet      single_sub-005_ses01-to-ses03 seed=1 acc=0.7850 (ntr=160 nval=40 nte=200)
2026-06-09 10:16:23 | INFO    | train_session_alignment | [align] riemannian_alignment   fbcnet      single_sub-005_ses02-to-ses01 seed=1 acc=0.7800 (ntr=160 nval=40 nte=200)
2026-06-09 10:16:37 | INFO    | train_session_alignment | [align] riemannian_alignment   fbcnet      single_sub-005_ses02-to-ses03 seed=1 acc=0.7300 (ntr=160 nval=40 nte=200)
2026-06-09 10:16:49 | INFO    | train_session_alignment | [align] riemannian_alignment   fbcnet      single_sub-005_ses03-to-ses01 seed=1 acc=0.7950 (ntr=160 nval=40 nte=200)
2026-06-09 10:17:02 | INFO    | train_session_alignment | [align] riemannian_alignment   fbcnet      single_sub-005_ses03-to-ses02 seed=1 acc=0.8050 (ntr=160 nval=40 nte=200)
2026-06-09 10:17:20 | INFO    | train_session_alignment | [align] riemannian_alignment   fbcnet      single_sub-006_ses01-to-ses02 seed=1 acc=0.8750 (ntr=160 nval=40 nte=200)
2026-06-09 10:17:37 | INFO    | train_session_alignment | [align] riemannian_alignment   fbcnet      single_sub-006_ses01-to-ses03 seed=1 acc=0.8900 (ntr=160 nval=40 nte=200)
2026-06-09 10:17:45 | INFO    | train_session_alignment | [align] riemannian_alignment   fbcnet      single_sub-006_ses02-to-ses01 seed=1 acc=0.8350 (ntr=160 nval=40 nte=200)
2026-06-09 10:17:53 | INFO    | train_session_alignment | [align] riemannian_alignment   fbcnet      single_sub-006_ses02-to-ses03 seed=1 acc=0.9200 (ntr=160 nval=40 nte=200)
2026-06-09 10:18:03 | INFO    | train_session_alignment | [align] riemannian_alignment   fbcnet      single_sub-006_ses03-to-ses01 seed=1 acc=0.7500 (ntr=160 nval=40 nte=200)
2026-06-09 10:18:13 | INFO    | train_session_alignment | [align] riemannian_alignment   fbcnet      single_sub-006_ses03-to-ses02 seed=1 acc=0.8450 (ntr=160 nval=40 nte=200)
2026-06-09 10:18:20 | INFO    | train_session_alignment | [align] riemannian_alignment   fbcnet      single_sub-007_ses01-to-ses02 seed=1 acc=0.5150 (ntr=160 nval=40 nte=200)
2026-06-09 10:18:25 | INFO    | train_session_alignment | [align] riemannian_alignment   fbcnet      single_sub-007_ses01-to-ses03 seed=1 acc=0.4950 (ntr=160 nval=40 nte=200)
2026-06-09 10:18:33 | INFO    | train_session_alignment | [align] riemannian_alignment   fbcnet      single_sub-007_ses02-to-ses01 seed=1 acc=0.5850 (ntr=160 nval=40 nte=200)
2026-06-09 10:18:41 | INFO    | train_session_alignment | [align] riemannian_alignment   fbcnet      single_sub-007_ses02-to-ses03 seed=1 acc=0.5700 (ntr=160 nval=40 nte=200)
2026-06-09 10:18:59 | INFO    | train_session_alignment | [align] riemannian_alignment   fbcnet      single_sub-007_ses03-to-ses01 seed=1 acc=0.5300 (ntr=160 nval=40 nte=200)
2026-06-09 10:19:16 | INFO    | train_session_alignment | [align] riemannian_alignment   fbcnet      single_sub-007_ses03-to-ses02 seed=1 acc=0.5950 (ntr=160 nval=40 nte=200)
2026-06-09 10:19:23 | INFO    | train_session_alignment | [align] riemannian_alignment   fbcnet      single_sub-008_ses01-to-ses02 seed=1 acc=0.5100 (ntr=160 nval=40 nte=200)
2026-06-09 10:19:31 | INFO    | train_session_alignment | [align] riemannian_alignment   fbcnet      single_sub-008_ses01-to-ses03 seed=1 acc=0.5450 (ntr=160 nval=40 nte=200)
2026-06-09 10:19:46 | INFO    | train_session_alignment | [align] riemannian_alignment   fbcnet      single_sub-008_ses02-to-ses01 seed=1 acc=0.6050 (ntr=160 nval=40 nte=200)
2026-06-09 10:20:01 | INFO    | train_session_alignment | [align] riemannian_alignment   fbcnet      single_sub-008_ses02-to-ses03 seed=1 acc=0.7500 (ntr=160 nval=40 nte=200)
2026-06-09 10:20:16 | INFO    | train_session_alignment | [align] riemannian_alignment   fbcnet      single_sub-008_ses03-to-ses01 seed=1 acc=0.5650 (ntr=160 nval=40 nte=200)
2026-06-09 10:20:30 | INFO    | train_session_alignment | [align] riemannian_alignment   fbcnet      single_sub-008_ses03-to-ses02 seed=1 acc=0.7450 (ntr=160 nval=40 nte=200)
2026-06-09 10:20:36 | INFO    | train_session_alignment | [align] riemannian_alignment   fbcnet      single_sub-009_ses01-to-ses02 seed=1 acc=0.5700 (ntr=160 nval=40 nte=200)
2026-06-09 10:20:42 | INFO    | train_session_alignment | [align] riemannian_alignment   fbcnet      single_sub-009_ses01-to-ses03 seed=1 acc=0.4650 (ntr=160 nval=40 nte=200)
2026-06-09 10:20:49 | INFO    | train_session_alignment | [align] riemannian_alignment   fbcnet      single_sub-009_ses02-to-ses01 seed=1 acc=0.5950 (ntr=160 nval=40 nte=200)
2026-06-09 10:20:56 | INFO    | train_session_alignment | [align] riemannian_alignment   fbcnet      single_sub-009_ses02-to-ses03 seed=1 acc=0.5100 (ntr=160 nval=40 nte=200)
2026-06-09 10:21:01 | INFO    | train_session_alignment | [align] riemannian_alignment   fbcnet      single_sub-009_ses03-to-ses01 seed=1 acc=0.4700 (ntr=160 nval=40 nte=200)
2026-06-09 10:21:07 | INFO    | train_session_alignment | [align] riemannian_alignment   fbcnet      single_sub-009_ses03-to-ses02 seed=1 acc=0.5400 (ntr=160 nval=40 nte=200)
2026-06-09 10:21:13 | INFO    | train_session_alignment | [align] riemannian_alignment   fbcnet      single_sub-010_ses01-to-ses02 seed=1 acc=0.5250 (ntr=160 nval=40 nte=200)
2026-06-09 10:21:19 | INFO    | train_session_alignment | [align] riemannian_alignment   fbcnet      single_sub-010_ses01-to-ses03 seed=1 acc=0.4550 (ntr=160 nval=40 nte=200)
2026-06-09 10:21:37 | INFO    | train_session_alignment | [align] riemannian_alignment   fbcnet      single_sub-010_ses02-to-ses01 seed=1 acc=0.5550 (ntr=160 nval=40 nte=200)
2026-06-09 10:21:55 | INFO    | train_session_alignment | [align] riemannian_alignment   fbcnet      single_sub-010_ses02-to-ses03 seed=1 acc=0.6150 (ntr=160 nval=40 nte=200)
2026-06-09 10:22:12 | INFO    | train_session_alignment | [align] riemannian_alignment   fbcnet      single_sub-010_ses03-to-ses01 seed=1 acc=0.5650 (ntr=160 nval=40 nte=200)
2026-06-09 10:22:29 | INFO    | train_session_alignment | [align] riemannian_alignment   fbcnet      single_sub-010_ses03-to-ses02 seed=1 acc=0.6000 (ntr=160 nval=40 nte=200)
2026-06-09 10:22:46 | INFO    | train_session_alignment | [align] riemannian_alignment   fbcnet      single_sub-011_ses01-to-ses02 seed=1 acc=0.6350 (ntr=160 nval=40 nte=200)
2026-06-09 10:23:01 | INFO    | train_session_alignment | [align] riemannian_alignment   fbcnet      single_sub-011_ses01-to-ses03 seed=1 acc=0.5700 (ntr=160 nval=40 nte=200)
2026-06-09 10:23:08 | INFO    | train_session_alignment | [align] riemannian_alignment   fbcnet      single_sub-011_ses02-to-ses01 seed=1 acc=0.6750 (ntr=160 nval=40 nte=200)
2026-06-09 10:23:14 | INFO    | train_session_alignment | [align] riemannian_alignment   fbcnet      single_sub-011_ses02-to-ses03 seed=1 acc=0.5000 (ntr=160 nval=40 nte=200)
2026-06-09 10:23:23 | INFO    | train_session_alignment | [align] riemannian_alignment   fbcnet      single_sub-011_ses03-to-ses01 seed=1 acc=0.5550 (ntr=160 nval=40 nte=200)
2026-06-09 10:23:32 | INFO    | train_session_alignment | [align] riemannian_alignment   fbcnet      single_sub-011_ses03-to-ses02 seed=1 acc=0.5850 (ntr=160 nval=40 nte=200)
2026-06-09 10:23:38 | INFO    | train_session_alignment | [align] riemannian_alignment   fbcnet      single_sub-012_ses01-to-ses02 seed=1 acc=0.4800 (ntr=160 nval=40 nte=200)
2026-06-09 10:23:44 | INFO    | train_session_alignment | [align] riemannian_alignment   fbcnet      single_sub-012_ses01-to-ses03 seed=1 acc=0.5100 (ntr=160 nval=40 nte=200)
2026-06-09 10:23:50 | INFO    | train_session_alignment | [align] riemannian_alignment   fbcnet      single_sub-012_ses02-to-ses01 seed=1 acc=0.4900 (ntr=160 nval=40 nte=200)
2026-06-09 10:23:55 | INFO    | train_session_alignment | [align] riemannian_alignment   fbcnet      single_sub-012_ses02-to-ses03 seed=1 acc=0.5100 (ntr=160 nval=40 nte=200)
2026-06-09 10:24:04 | INFO    | train_session_alignment | [align] riemannian_alignment   fbcnet      single_sub-012_ses03-to-ses01 seed=1 acc=0.5100 (ntr=160 nval=40 nte=200)
2026-06-09 10:24:13 | INFO    | train_session_alignment | [align] riemannian_alignment   fbcnet      single_sub-012_ses03-to-ses02 seed=1 acc=0.4850 (ntr=160 nval=40 nte=200)
2026-06-09 10:24:20 | INFO    | train_session_alignment | [align] riemannian_alignment   fbcnet      single_sub-013_ses01-to-ses02 seed=1 acc=0.5300 (ntr=160 nval=40 nte=200)
2026-06-09 10:24:28 | INFO    | train_session_alignment | [align] riemannian_alignment   fbcnet      single_sub-013_ses01-to-ses03 seed=1 acc=0.5200 (ntr=160 nval=40 nte=200)
2026-06-09 10:24:44 | INFO    | train_session_alignment | [align] riemannian_alignment   fbcnet      single_sub-013_ses02-to-ses01 seed=1 acc=0.5650 (ntr=160 nval=40 nte=200)
2026-06-09 10:25:00 | INFO    | train_session_alignment | [align] riemannian_alignment   fbcnet      single_sub-013_ses02-to-ses03 seed=1 acc=0.5250 (ntr=160 nval=40 nte=200)
2026-06-09 10:25:10 | INFO    | train_session_alignment | [align] riemannian_alignment   fbcnet      single_sub-013_ses03-to-ses01 seed=1 acc=0.5250 (ntr=160 nval=40 nte=200)
2026-06-09 10:25:19 | INFO    | train_session_alignment | [align] riemannian_alignment   fbcnet      single_sub-013_ses03-to-ses02 seed=1 acc=0.4900 (ntr=160 nval=40 nte=200)
2026-06-09 10:25:29 | INFO    | train_session_alignment | [align] riemannian_alignment   fbcnet      single_sub-014_ses01-to-ses02 seed=1 acc=0.4600 (ntr=160 nval=40 nte=200)
2026-06-09 10:25:38 | INFO    | train_session_alignment | [align] riemannian_alignment   fbcnet      single_sub-014_ses01-to-ses03 seed=1 acc=0.5200 (ntr=160 nval=40 nte=200)
2026-06-09 10:25:44 | INFO    | train_session_alignment | [align] riemannian_alignment   fbcnet      single_sub-014_ses02-to-ses01 seed=1 acc=0.5000 (ntr=160 nval=40 nte=200)
2026-06-09 10:25:50 | INFO    | train_session_alignment | [align] riemannian_alignment   fbcnet      single_sub-014_ses02-to-ses03 seed=1 acc=0.4850 (ntr=160 nval=40 nte=200)
2026-06-09 10:25:56 | INFO    | train_session_alignment | [align] riemannian_alignment   fbcnet      single_sub-014_ses03-to-ses01 seed=1 acc=0.5500 (ntr=160 nval=40 nte=200)
2026-06-09 10:26:03 | INFO    | train_session_alignment | [align] riemannian_alignment   fbcnet      single_sub-014_ses03-to-ses02 seed=1 acc=0.4800 (ntr=160 nval=40 nte=200)
2026-06-09 10:26:17 | INFO    | train_session_alignment | [align] riemannian_alignment   fbcnet      single_sub-015_ses01-to-ses02 seed=1 acc=0.5950 (ntr=160 nval=40 nte=200)
2026-06-09 10:26:30 | INFO    | train_session_alignment | [align] riemannian_alignment   fbcnet      single_sub-015_ses01-to-ses03 seed=1 acc=0.5100 (ntr=160 nval=40 nte=200)
2026-06-09 10:26:37 | INFO    | train_session_alignment | [align] riemannian_alignment   fbcnet      single_sub-015_ses02-to-ses01 seed=1 acc=0.5100 (ntr=160 nval=40 nte=200)
2026-06-09 10:26:43 | INFO    | train_session_alignment | [align] riemannian_alignment   fbcnet      single_sub-015_ses02-to-ses03 seed=1 acc=0.4900 (ntr=160 nval=40 nte=200)
2026-06-09 10:26:51 | INFO    | train_session_alignment | [align] riemannian_alignment   fbcnet      single_sub-015_ses03-to-ses01 seed=1 acc=0.4800 (ntr=160 nval=40 nte=200)
2026-06-09 10:26:58 | INFO    | train_session_alignment | [align] riemannian_alignment   fbcnet      single_sub-015_ses03-to-ses02 seed=1 acc=0.4950 (ntr=160 nval=40 nte=200)
2026-06-09 10:27:04 | INFO    | train_session_alignment | [align] riemannian_alignment   fbcnet      single_sub-016_ses01-to-ses02 seed=1 acc=0.5300 (ntr=160 nval=40 nte=200)
2026-06-09 10:27:10 | INFO    | train_session_alignment | [align] riemannian_alignment   fbcnet      single_sub-016_ses01-to-ses03 seed=1 acc=0.5150 (ntr=160 nval=40 nte=200)
2026-06-09 10:27:17 | INFO    | train_session_alignment | [align] riemannian_alignment   fbcnet      single_sub-016_ses02-to-ses01 seed=1 acc=0.5650 (ntr=160 nval=40 nte=200)
2026-06-09 10:27:24 | INFO    | train_session_alignment | [align] riemannian_alignment   fbcnet      single_sub-016_ses02-to-ses03 seed=1 acc=0.5150 (ntr=160 nval=40 nte=200)
2026-06-09 10:27:29 | INFO    | train_session_alignment | [align] riemannian_alignment   fbcnet      single_sub-016_ses03-to-ses01 seed=1 acc=0.5000 (ntr=160 nval=40 nte=200)
2026-06-09 10:27:34 | INFO    | train_session_alignment | [align] riemannian_alignment   fbcnet      single_sub-016_ses03-to-ses02 seed=1 acc=0.5000 (ntr=160 nval=40 nte=200)
2026-06-09 10:27:47 | INFO    | train_session_alignment | [align] riemannian_alignment   fbcnet      single_sub-017_ses01-to-ses02 seed=1 acc=0.6250 (ntr=160 nval=40 nte=200)
2026-06-09 10:28:01 | INFO    | train_session_alignment | [align] riemannian_alignment   fbcnet      single_sub-017_ses01-to-ses03 seed=1 acc=0.6300 (ntr=160 nval=40 nte=200)
2026-06-09 10:28:13 | INFO    | train_session_alignment | [align] riemannian_alignment   fbcnet      single_sub-017_ses02-to-ses01 seed=1 acc=0.6850 (ntr=160 nval=40 nte=200)
2026-06-09 10:28:25 | INFO    | train_session_alignment | [align] riemannian_alignment   fbcnet      single_sub-017_ses02-to-ses03 seed=1 acc=0.5800 (ntr=160 nval=40 nte=200)
2026-06-09 10:28:33 | INFO    | train_session_alignment | [align] riemannian_alignment   fbcnet      single_sub-017_ses03-to-ses01 seed=1 acc=0.6650 (ntr=160 nval=40 nte=200)
2026-06-09 10:28:42 | INFO    | train_session_alignment | [align] riemannian_alignment   fbcnet      single_sub-017_ses03-to-ses02 seed=1 acc=0.6450 (ntr=160 nval=40 nte=200)
2026-06-09 10:28:51 | INFO    | train_session_alignment | [align] riemannian_alignment   fbcnet      single_sub-018_ses01-to-ses02 seed=1 acc=0.5550 (ntr=160 nval=40 nte=200)
2026-06-09 10:29:01 | INFO    | train_session_alignment | [align] riemannian_alignment   fbcnet      single_sub-018_ses01-to-ses03 seed=1 acc=0.5200 (ntr=160 nval=40 nte=200)
2026-06-09 10:29:09 | INFO    | train_session_alignment | [align] riemannian_alignment   fbcnet      single_sub-018_ses02-to-ses01 seed=1 acc=0.5100 (ntr=160 nval=40 nte=200)
2026-06-09 10:29:18 | INFO    | train_session_alignment | [align] riemannian_alignment   fbcnet      single_sub-018_ses02-to-ses03 seed=1 acc=0.5050 (ntr=160 nval=40 nte=200)
2026-06-09 10:29:24 | INFO    | train_session_alignment | [align] riemannian_alignment   fbcnet      single_sub-018_ses03-to-ses01 seed=1 acc=0.5300 (ntr=160 nval=40 nte=200)
2026-06-09 10:29:30 | INFO    | train_session_alignment | [align] riemannian_alignment   fbcnet      single_sub-018_ses03-to-ses02 seed=1 acc=0.5150 (ntr=160 nval=40 nte=200)
2026-06-09 10:29:39 | INFO    | train_session_alignment | [align] riemannian_alignment   fbcnet      single_sub-019_ses01-to-ses02 seed=1 acc=0.5000 (ntr=160 nval=40 nte=200)
2026-06-09 10:29:49 | INFO    | train_session_alignment | [align] riemannian_alignment   fbcnet      single_sub-019_ses01-to-ses03 seed=1 acc=0.6200 (ntr=160 nval=40 nte=200)
2026-06-09 10:29:55 | INFO    | train_session_alignment | [align] riemannian_alignment   fbcnet      single_sub-019_ses02-to-ses01 seed=1 acc=0.4950 (ntr=160 nval=40 nte=200)
2026-06-09 10:30:01 | INFO    | train_session_alignment | [align] riemannian_alignment   fbcnet      single_sub-019_ses02-to-ses03 seed=1 acc=0.5500 (ntr=160 nval=40 nte=200)
2026-06-09 10:30:19 | INFO    | train_session_alignment | [align] riemannian_alignment   fbcnet      single_sub-019_ses03-to-ses01 seed=1 acc=0.5950 (ntr=160 nval=40 nte=200)
2026-06-09 10:30:37 | INFO    | train_session_alignment | [align] riemannian_alignment   fbcnet      single_sub-019_ses03-to-ses02 seed=1 acc=0.6850 (ntr=160 nval=40 nte=200)
2026-06-09 10:30:51 | INFO    | train_session_alignment | [align] riemannian_alignment   fbcnet      single_sub-020_ses01-to-ses02 seed=1 acc=0.7550 (ntr=160 nval=40 nte=200)
2026-06-09 10:31:05 | INFO    | train_session_alignment | [align] riemannian_alignment   fbcnet      single_sub-020_ses01-to-ses03 seed=1 acc=0.4750 (ntr=160 nval=40 nte=200)
2026-06-09 10:31:13 | INFO    | train_session_alignment | [align] riemannian_alignment   fbcnet      single_sub-020_ses02-to-ses01 seed=1 acc=0.6500 (ntr=160 nval=40 nte=200)
2026-06-09 10:31:20 | INFO    | train_session_alignment | [align] riemannian_alignment   fbcnet      single_sub-020_ses02-to-ses03 seed=1 acc=0.4400 (ntr=160 nval=40 nte=200)
2026-06-09 10:31:35 | INFO    | train_session_alignment | [align] riemannian_alignment   fbcnet      single_sub-020_ses03-to-ses01 seed=1 acc=0.5050 (ntr=160 nval=40 nte=200)
2026-06-09 10:31:49 | INFO    | train_session_alignment | [align] riemannian_alignment   fbcnet      single_sub-020_ses03-to-ses02 seed=1 acc=0.5150 (ntr=160 nval=40 nte=200)
2026-06-09 10:31:57 | INFO    | train_session_alignment | [align] riemannian_alignment   fbcnet      single_sub-021_ses01-to-ses02 seed=1 acc=0.6450 (ntr=160 nval=40 nte=200)
2026-06-09 10:32:05 | INFO    | train_session_alignment | [align] riemannian_alignment   fbcnet      single_sub-021_ses01-to-ses03 seed=1 acc=0.6500 (ntr=160 nval=40 nte=200)
2026-06-09 10:32:13 | INFO    | train_session_alignment | [align] riemannian_alignment   fbcnet      single_sub-021_ses02-to-ses01 seed=1 acc=0.6850 (ntr=160 nval=40 nte=200)
2026-06-09 10:32:20 | INFO    | train_session_alignment | [align] riemannian_alignment   fbcnet      single_sub-021_ses02-to-ses03 seed=1 acc=0.6750 (ntr=160 nval=40 nte=200)
2026-06-09 10:32:26 | INFO    | train_session_alignment | [align] riemannian_alignment   fbcnet      single_sub-021_ses03-to-ses01 seed=1 acc=0.5300 (ntr=160 nval=40 nte=200)
2026-06-09 10:32:32 | INFO    | train_session_alignment | [align] riemannian_alignment   fbcnet      single_sub-021_ses03-to-ses02 seed=1 acc=0.5550 (ntr=160 nval=40 nte=200)
2026-06-09 10:32:40 | INFO    | train_session_alignment | [align] riemannian_alignment   fbcnet      single_sub-022_ses01-to-ses02 seed=1 acc=0.5800 (ntr=160 nval=40 nte=200)
2026-06-09 10:32:49 | INFO    | train_session_alignment | [align] riemannian_alignment   fbcnet      single_sub-022_ses01-to-ses03 seed=1 acc=0.5100 (ntr=160 nval=40 nte=200)
2026-06-09 10:33:05 | INFO    | train_session_alignment | [align] riemannian_alignment   fbcnet      single_sub-022_ses02-to-ses01 seed=1 acc=0.4950 (ntr=160 nval=40 nte=200)
2026-06-09 10:33:21 | INFO    | train_session_alignment | [align] riemannian_alignment   fbcnet      single_sub-022_ses02-to-ses03 seed=1 acc=0.6850 (ntr=160 nval=40 nte=200)
2026-06-09 10:33:27 | INFO    | train_session_alignment | [align] riemannian_alignment   fbcnet      single_sub-022_ses03-to-ses01 seed=1 acc=0.4800 (ntr=160 nval=40 nte=200)
2026-06-09 10:33:34 | INFO    | train_session_alignment | [align] riemannian_alignment   fbcnet      single_sub-022_ses03-to-ses02 seed=1 acc=0.6400 (ntr=160 nval=40 nte=200)
2026-06-09 10:33:45 | INFO    | train_session_alignment | [align] riemannian_alignment   fbcnet      single_sub-023_ses02-to-ses03 seed=1 acc=0.8850 (ntr=160 nval=40 nte=200)
2026-06-09 10:34:02 | INFO    | train_session_alignment | [align] riemannian_alignment   fbcnet      single_sub-023_ses03-to-ses02 seed=1 acc=0.8850 (ntr=160 nval=40 nte=200)
2026-06-09 10:34:20 | INFO    | train_session_alignment | [align] riemannian_alignment   fbcnet      single_sub-025_ses01-to-ses02 seed=1 acc=0.6200 (ntr=160 nval=40 nte=200)
2026-06-09 10:34:37 | INFO    | train_session_alignment | [align] riemannian_alignment   fbcnet      single_sub-025_ses01-to-ses03 seed=1 acc=0.6050 (ntr=160 nval=40 nte=200)
2026-06-09 10:34:50 | INFO    | train_session_alignment | [align] riemannian_alignment   fbcnet      single_sub-025_ses02-to-ses01 seed=1 acc=0.7900 (ntr=160 nval=40 nte=200)
2026-06-09 10:35:04 | INFO    | train_session_alignment | [align] riemannian_alignment   fbcnet      single_sub-025_ses02-to-ses03 seed=1 acc=0.6550 (ntr=160 nval=40 nte=200)
2026-06-09 10:35:20 | INFO    | train_session_alignment | [align] riemannian_alignment   fbcnet      single_sub-025_ses03-to-ses01 seed=1 acc=0.6800 (ntr=160 nval=40 nte=200)
2026-06-09 10:35:36 | INFO    | train_session_alignment | [align] riemannian_alignment   fbcnet      single_sub-025_ses03-to-ses02 seed=1 acc=0.7250 (ntr=160 nval=40 nte=200)
2026-06-09 10:35:46 | INFO    | train_session_alignment | [align] riemannian_alignment   fbcnet      single_sub-026_ses02-to-ses03 seed=1 acc=0.7300 (ntr=160 nval=40 nte=200)
2026-06-09 10:36:03 | INFO    | train_session_alignment | [align] riemannian_alignment   fbcnet      single_sub-026_ses03-to-ses02 seed=1 acc=0.7550 (ntr=160 nval=40 nte=200)
2026-06-09 10:36:15 | INFO    | train_session_alignment | [align] riemannian_alignment   fbcnet      single_sub-027_ses01-to-ses02 seed=1 acc=0.5150 (ntr=160 nval=40 nte=200)
2026-06-09 10:36:27 | INFO    | train_session_alignment | [align] riemannian_alignment   fbcnet      single_sub-027_ses01-to-ses03 seed=1 acc=0.5800 (ntr=160 nval=40 nte=200)
2026-06-09 10:36:37 | INFO    | train_session_alignment | [align] riemannian_alignment   fbcnet      single_sub-027_ses02-to-ses01 seed=1 acc=0.5100 (ntr=160 nval=40 nte=200)
2026-06-09 10:36:47 | INFO    | train_session_alignment | [align] riemannian_alignment   fbcnet      single_sub-027_ses02-to-ses03 seed=1 acc=0.4900 (ntr=160 nval=40 nte=200)
2026-06-09 10:36:59 | INFO    | train_session_alignment | [align] riemannian_alignment   fbcnet      single_sub-027_ses03-to-ses01 seed=1 acc=0.6650 (ntr=160 nval=40 nte=200)
2026-06-09 10:37:12 | INFO    | train_session_alignment | [align] riemannian_alignment   fbcnet      single_sub-027_ses03-to-ses02 seed=1 acc=0.5250 (ntr=160 nval=40 nte=200)
2026-06-09 10:37:29 | INFO    | train_session_alignment | [align] riemannian_alignment   fbcnet      single_sub-028_ses01-to-ses02 seed=1 acc=0.5600 (ntr=160 nval=40 nte=200)
2026-06-09 10:37:46 | INFO    | train_session_alignment | [align] riemannian_alignment   fbcnet      single_sub-028_ses01-to-ses03 seed=1 acc=0.6050 (ntr=160 nval=40 nte=200)
2026-06-09 10:38:03 | INFO    | train_session_alignment | [align] riemannian_alignment   fbcnet      single_sub-028_ses02-to-ses01 seed=1 acc=0.6000 (ntr=160 nval=40 nte=200)
2026-06-09 10:38:20 | INFO    | train_session_alignment | [align] riemannian_alignment   fbcnet      single_sub-028_ses02-to-ses03 seed=1 acc=0.8400 (ntr=160 nval=40 nte=200)
2026-06-09 10:38:32 | INFO    | train_session_alignment | [align] riemannian_alignment   fbcnet      single_sub-028_ses03-to-ses01 seed=1 acc=0.6900 (ntr=160 nval=40 nte=200)
2026-06-09 10:38:44 | INFO    | train_session_alignment | [align] riemannian_alignment   fbcnet      single_sub-028_ses03-to-ses02 seed=1 acc=0.6600 (ntr=160 nval=40 nte=200)
2026-06-09 10:38:55 | INFO    | train_session_alignment | [align] riemannian_alignment   fbcnet      single_sub-029_ses01-to-ses02 seed=1 acc=0.7900 (ntr=160 nval=40 nte=200)
2026-06-09 10:39:06 | INFO    | train_session_alignment | [align] riemannian_alignment   fbcnet      single_sub-029_ses01-to-ses03 seed=1 acc=0.9100 (ntr=160 nval=40 nte=200)
2026-06-09 10:39:16 | INFO    | train_session_alignment | [align] riemannian_alignment   fbcnet      single_sub-029_ses02-to-ses01 seed=1 acc=0.9150 (ntr=160 nval=40 nte=200)
2026-06-09 10:39:25 | INFO    | train_session_alignment | [align] riemannian_alignment   fbcnet      single_sub-029_ses02-to-ses03 seed=1 acc=0.9700 (ntr=160 nval=40 nte=200)
2026-06-09 10:39:31 | INFO    | train_session_alignment | [align] riemannian_alignment   fbcnet      single_sub-029_ses03-to-ses01 seed=1 acc=0.9250 (ntr=160 nval=40 nte=200)
2026-06-09 10:39:37 | INFO    | train_session_alignment | [align] riemannian_alignment   fbcnet      single_sub-029_ses03-to-ses02 seed=1 acc=0.9850 (ntr=160 nval=40 nte=200)
2026-06-09 10:39:48 | INFO    | train_session_alignment | [align] riemannian_alignment   fbcnet      single_sub-030_ses01-to-ses02 seed=1 acc=0.6900 (ntr=160 nval=40 nte=200)
2026-06-09 10:39:59 | INFO    | train_session_alignment | [align] riemannian_alignment   fbcnet      single_sub-030_ses01-to-ses03 seed=1 acc=0.6200 (ntr=160 nval=40 nte=200)
2026-06-09 10:40:17 | INFO    | train_session_alignment | [align] riemannian_alignment   fbcnet      single_sub-030_ses02-to-ses01 seed=1 acc=0.7250 (ntr=160 nval=40 nte=200)
2026-06-09 10:40:35 | INFO    | train_session_alignment | [align] riemannian_alignment   fbcnet      single_sub-030_ses02-to-ses03 seed=1 acc=0.6200 (ntr=160 nval=40 nte=200)
2026-06-09 10:40:47 | INFO    | train_session_alignment | [align] riemannian_alignment   fbcnet      single_sub-030_ses03-to-ses01 seed=1 acc=0.5900 (ntr=160 nval=40 nte=200)
2026-06-09 10:40:59 | INFO    | train_session_alignment | [align] riemannian_alignment   fbcnet      single_sub-030_ses03-to-ses02 seed=1 acc=0.6600 (ntr=160 nval=40 nte=200)
2026-06-09 10:41:12 | INFO    | train_session_alignment | [align] riemannian_alignment   fbcnet      single_sub-031_ses01-to-ses02 seed=1 acc=0.5700 (ntr=160 nval=40 nte=200)
2026-06-09 10:41:24 | INFO    | train_session_alignment | [align] riemannian_alignment   fbcnet      single_sub-031_ses01-to-ses03 seed=1 acc=0.5300 (ntr=160 nval=40 nte=200)
2026-06-09 10:41:37 | INFO    | train_session_alignment | [align] riemannian_alignment   fbcnet      single_sub-031_ses02-to-ses01 seed=1 acc=0.5750 (ntr=160 nval=40 nte=200)
2026-06-09 10:41:49 | INFO    | train_session_alignment | [align] riemannian_alignment   fbcnet      single_sub-031_ses02-to-ses03 seed=1 acc=0.6000 (ntr=160 nval=40 nte=200)
2026-06-09 10:41:56 | INFO    | train_session_alignment | [align] riemannian_alignment   fbcnet      single_sub-031_ses03-to-ses01 seed=1 acc=0.5700 (ntr=160 nval=40 nte=200)
2026-06-09 10:42:04 | INFO    | train_session_alignment | [align] riemannian_alignment   fbcnet      single_sub-031_ses03-to-ses02 seed=1 acc=0.5650 (ntr=160 nval=40 nte=200)
2026-06-09 10:42:10 | INFO    | train_session_alignment | [align] riemannian_alignment   fbcnet      single_sub-032_ses01-to-ses03 seed=1 acc=0.5800 (ntr=160 nval=40 nte=200)
2026-06-09 10:42:16 | INFO    | train_session_alignment | [align] riemannian_alignment   fbcnet      single_sub-032_ses03-to-ses01 seed=1 acc=0.5400 (ntr=160 nval=40 nte=200)
2026-06-09 10:42:26 | INFO    | train_session_alignment | [align] riemannian_alignment   fbcnet      single_sub-033_ses01-to-ses02 seed=1 acc=0.9400 (ntr=160 nval=40 nte=200)
2026-06-09 10:42:35 | INFO    | train_session_alignment | [align] riemannian_alignment   fbcnet      single_sub-033_ses01-to-ses03 seed=1 acc=0.9550 (ntr=160 nval=40 nte=200)
2026-06-09 10:42:50 | INFO    | train_session_alignment | [align] riemannian_alignment   fbcnet      single_sub-033_ses02-to-ses01 seed=1 acc=0.9600 (ntr=160 nval=40 nte=200)
2026-06-09 10:43:04 | INFO    | train_session_alignment | [align] riemannian_alignment   fbcnet      single_sub-033_ses02-to-ses03 seed=1 acc=0.9600 (ntr=160 nval=40 nte=200)
2026-06-09 10:43:20 | INFO    | train_session_alignment | [align] riemannian_alignment   fbcnet      single_sub-033_ses03-to-ses01 seed=1 acc=0.9450 (ntr=160 nval=40 nte=200)
2026-06-09 10:43:35 | INFO    | train_session_alignment | [align] riemannian_alignment   fbcnet      single_sub-033_ses03-to-ses02 seed=1 acc=0.9300 (ntr=160 nval=40 nte=200)
2026-06-09 10:43:42 | INFO    | train_session_alignment | [align] riemannian_alignment   fbcnet      single_sub-034_ses01-to-ses02 seed=1 acc=0.6200 (ntr=160 nval=40 nte=200)
2026-06-09 10:43:49 | INFO    | train_session_alignment | [align] riemannian_alignment   fbcnet      single_sub-034_ses01-to-ses03 seed=1 acc=0.5450 (ntr=160 nval=40 nte=200)
2026-06-09 10:44:02 | INFO    | train_session_alignment | [align] riemannian_alignment   fbcnet      single_sub-034_ses02-to-ses01 seed=1 acc=0.5400 (ntr=160 nval=40 nte=200)
2026-06-09 10:44:15 | INFO    | train_session_alignment | [align] riemannian_alignment   fbcnet      single_sub-034_ses02-to-ses03 seed=1 acc=0.5200 (ntr=160 nval=40 nte=200)
2026-06-09 10:44:22 | INFO    | train_session_alignment | [align] riemannian_alignment   fbcnet      single_sub-034_ses03-to-ses01 seed=1 acc=0.5600 (ntr=160 nval=40 nte=200)
2026-06-09 10:44:29 | INFO    | train_session_alignment | [align] riemannian_alignment   fbcnet      single_sub-034_ses03-to-ses02 seed=1 acc=0.5700 (ntr=160 nval=40 nte=200)
2026-06-09 10:44:43 | INFO    | train_session_alignment | [align] riemannian_alignment   fbcnet      single_sub-035_ses01-to-ses02 seed=1 acc=0.9150 (ntr=160 nval=40 nte=200)
2026-06-09 10:44:58 | INFO    | train_session_alignment | [align] riemannian_alignment   fbcnet      single_sub-035_ses01-to-ses03 seed=1 acc=0.8850 (ntr=160 nval=40 nte=200)
2026-06-09 10:45:15 | INFO    | train_session_alignment | [align] riemannian_alignment   fbcnet      single_sub-035_ses02-to-ses01 seed=1 acc=0.9150 (ntr=160 nval=40 nte=200)
2026-06-09 10:45:33 | INFO    | train_session_alignment | [align] riemannian_alignment   fbcnet      single_sub-035_ses02-to-ses03 seed=1 acc=0.9150 (ntr=160 nval=40 nte=200)
2026-06-09 10:45:51 | INFO    | train_session_alignment | [align] riemannian_alignment   fbcnet      single_sub-035_ses03-to-ses01 seed=1 acc=0.7950 (ntr=160 nval=40 nte=200)
2026-06-09 10:46:08 | INFO    | train_session_alignment | [align] riemannian_alignment   fbcnet      single_sub-035_ses03-to-ses02 seed=1 acc=0.8700 (ntr=160 nval=40 nte=200)
2026-06-09 10:46:25 | INFO    | train_session_alignment | [align] riemannian_alignment   fbcnet      single_sub-036_ses01-to-ses02 seed=1 acc=0.8350 (ntr=160 nval=40 nte=200)
2026-06-09 10:46:42 | INFO    | train_session_alignment | [align] riemannian_alignment   fbcnet      single_sub-036_ses01-to-ses03 seed=1 acc=0.8200 (ntr=160 nval=40 nte=200)
2026-06-09 10:47:00 | INFO    | train_session_alignment | [align] riemannian_alignment   fbcnet      single_sub-036_ses02-to-ses01 seed=1 acc=0.8000 (ntr=160 nval=40 nte=200)
2026-06-09 10:47:17 | INFO    | train_session_alignment | [align] riemannian_alignment   fbcnet      single_sub-036_ses02-to-ses03 seed=1 acc=0.9250 (ntr=160 nval=40 nte=200)
2026-06-09 10:47:35 | INFO    | train_session_alignment | [align] riemannian_alignment   fbcnet      single_sub-036_ses03-to-ses01 seed=1 acc=0.7150 (ntr=160 nval=40 nte=200)
2026-06-09 10:47:52 | INFO    | train_session_alignment | [align] riemannian_alignment   fbcnet      single_sub-036_ses03-to-ses02 seed=1 acc=0.8150 (ntr=160 nval=40 nte=200)
2026-06-09 10:48:00 | INFO    | train_session_alignment | [align] riemannian_alignment   fbcnet      single_sub-037_ses01-to-ses02 seed=1 acc=0.5000 (ntr=160 nval=40 nte=200)
2026-06-09 10:48:07 | INFO    | train_session_alignment | [align] riemannian_alignment   fbcnet      single_sub-037_ses01-to-ses03 seed=1 acc=0.5100 (ntr=160 nval=40 nte=200)
2026-06-09 10:48:15 | INFO    | train_session_alignment | [align] riemannian_alignment   fbcnet      single_sub-037_ses02-to-ses01 seed=1 acc=0.5550 (ntr=160 nval=40 nte=200)
2026-06-09 10:48:23 | INFO    | train_session_alignment | [align] riemannian_alignment   fbcnet      single_sub-037_ses02-to-ses03 seed=1 acc=0.5750 (ntr=160 nval=40 nte=200)
2026-06-09 10:48:40 | INFO    | train_session_alignment | [align] riemannian_alignment   fbcnet      single_sub-037_ses03-to-ses01 seed=1 acc=0.6350 (ntr=160 nval=40 nte=200)
2026-06-09 10:48:56 | INFO    | train_session_alignment | [align] riemannian_alignment   fbcnet      single_sub-037_ses03-to-ses02 seed=1 acc=0.7150 (ntr=160 nval=40 nte=200)
2026-06-09 10:49:07 | INFO    | train_session_alignment | [align] riemannian_alignment   fbcnet      single_sub-038_ses01-to-ses02 seed=1 acc=0.5350 (ntr=160 nval=40 nte=200)
2026-06-09 10:49:18 | INFO    | train_session_alignment | [align] riemannian_alignment   fbcnet      single_sub-038_ses01-to-ses03 seed=1 acc=0.4650 (ntr=160 nval=40 nte=200)
2026-06-09 10:49:26 | INFO    | train_session_alignment | [align] riemannian_alignment   fbcnet      single_sub-038_ses02-to-ses01 seed=1 acc=0.4900 (ntr=160 nval=40 nte=200)
2026-06-09 10:49:35 | INFO    | train_session_alignment | [align] riemannian_alignment   fbcnet      single_sub-038_ses02-to-ses03 seed=1 acc=0.4950 (ntr=160 nval=40 nte=200)
2026-06-09 10:49:41 | INFO    | train_session_alignment | [align] riemannian_alignment   fbcnet      single_sub-038_ses03-to-ses01 seed=1 acc=0.5050 (ntr=160 nval=40 nte=200)
2026-06-09 10:49:47 | INFO    | train_session_alignment | [align] riemannian_alignment   fbcnet      single_sub-038_ses03-to-ses02 seed=1 acc=0.5100 (ntr=160 nval=40 nte=200)
2026-06-09 10:50:06 | INFO    | train_session_alignment | [align] riemannian_alignment   fbcnet      single_sub-039_ses01-to-ses02 seed=1 acc=0.5350 (ntr=160 nval=40 nte=200)
2026-06-09 10:50:24 | INFO    | train_session_alignment | [align] riemannian_alignment   fbcnet      single_sub-039_ses01-to-ses03 seed=1 acc=0.6200 (ntr=160 nval=40 nte=200)
2026-06-09 10:50:32 | INFO    | train_session_alignment | [align] riemannian_alignment   fbcnet      single_sub-039_ses02-to-ses01 seed=1 acc=0.4850 (ntr=160 nval=40 nte=200)
2026-06-09 10:50:40 | INFO    | train_session_alignment | [align] riemannian_alignment   fbcnet      single_sub-039_ses02-to-ses03 seed=1 acc=0.6500 (ntr=160 nval=40 nte=200)
2026-06-09 10:50:57 | INFO    | train_session_alignment | [align] riemannian_alignment   fbcnet      single_sub-039_ses03-to-ses01 seed=1 acc=0.5600 (ntr=160 nval=40 nte=200)
2026-06-09 10:51:15 | INFO    | train_session_alignment | [align] riemannian_alignment   fbcnet      single_sub-039_ses03-to-ses02 seed=1 acc=0.6400 (ntr=160 nval=40 nte=200)
2026-06-09 10:51:33 | INFO    | train_session_alignment | [align] riemannian_alignment   fbcnet      single_sub-040_ses01-to-ses02 seed=1 acc=0.7000 (ntr=160 nval=40 nte=200)
2026-06-09 10:51:50 | INFO    | train_session_alignment | [align] riemannian_alignment   fbcnet      single_sub-040_ses01-to-ses03 seed=1 acc=0.7850 (ntr=160 nval=40 nte=200)
2026-06-09 10:51:58 | INFO    | train_session_alignment | [align] riemannian_alignment   fbcnet      single_sub-040_ses02-to-ses01 seed=1 acc=0.5900 (ntr=160 nval=40 nte=200)
2026-06-09 10:52:05 | INFO    | train_session_alignment | [align] riemannian_alignment   fbcnet      single_sub-040_ses02-to-ses03 seed=1 acc=0.6250 (ntr=160 nval=40 nte=200)
2026-06-09 10:52:17 | INFO    | train_session_alignment | [align] riemannian_alignment   fbcnet      single_sub-040_ses03-to-ses01 seed=1 acc=0.7200 (ntr=160 nval=40 nte=200)
2026-06-09 10:52:29 | INFO    | train_session_alignment | [align] riemannian_alignment   fbcnet      single_sub-040_ses03-to-ses02 seed=1 acc=0.6550 (ntr=160 nval=40 nte=200)
2026-06-09 10:52:44 | INFO    | train_session_alignment | [align] riemannian_alignment   fbcnet      single_sub-041_ses01-to-ses02 seed=1 acc=0.7450 (ntr=160 nval=40 nte=200)
2026-06-09 10:52:59 | INFO    | train_session_alignment | [align] riemannian_alignment   fbcnet      single_sub-041_ses01-to-ses03 seed=1 acc=0.7850 (ntr=160 nval=40 nte=200)
2026-06-09 10:53:15 | INFO    | train_session_alignment | [align] riemannian_alignment   fbcnet      single_sub-041_ses02-to-ses01 seed=1 acc=0.7550 (ntr=160 nval=40 nte=200)
2026-06-09 10:53:31 | INFO    | train_session_alignment | [align] riemannian_alignment   fbcnet      single_sub-041_ses02-to-ses03 seed=1 acc=0.9000 (ntr=160 nval=40 nte=200)
2026-06-09 10:53:49 | INFO    | train_session_alignment | [align] riemannian_alignment   fbcnet      single_sub-041_ses03-to-ses01 seed=1 acc=0.8200 (ntr=160 nval=40 nte=200)
2026-06-09 10:54:06 | INFO    | train_session_alignment | [align] riemannian_alignment   fbcnet      single_sub-041_ses03-to-ses02 seed=1 acc=0.8700 (ntr=160 nval=40 nte=200)
2026-06-09 10:54:15 | INFO    | train_session_alignment | [align] riemannian_alignment   fbcnet      single_sub-042_ses01-to-ses02 seed=1 acc=0.5950 (ntr=160 nval=40 nte=200)
2026-06-09 10:54:23 | INFO    | train_session_alignment | [align] riemannian_alignment   fbcnet      single_sub-042_ses01-to-ses03 seed=1 acc=0.5550 (ntr=160 nval=40 nte=200)
2026-06-09 10:54:30 | INFO    | train_session_alignment | [align] riemannian_alignment   fbcnet      single_sub-042_ses02-to-ses01 seed=1 acc=0.5650 (ntr=160 nval=40 nte=200)
2026-06-09 10:54:37 | INFO    | train_session_alignment | [align] riemannian_alignment   fbcnet      single_sub-042_ses02-to-ses03 seed=1 acc=0.6300 (ntr=160 nval=40 nte=200)
2026-06-09 10:54:45 | INFO    | train_session_alignment | [align] riemannian_alignment   fbcnet      single_sub-042_ses03-to-ses01 seed=1 acc=0.5450 (ntr=160 nval=40 nte=200)
2026-06-09 10:54:53 | INFO    | train_session_alignment | [align] riemannian_alignment   fbcnet      single_sub-042_ses03-to-ses02 seed=1 acc=0.5550 (ntr=160 nval=40 nte=200)
2026-06-09 10:55:09 | INFO    | train_session_alignment | [align] riemannian_alignment   fbcnet      single_sub-043_ses01-to-ses02 seed=1 acc=0.9850 (ntr=160 nval=40 nte=200)
2026-06-09 10:55:27 | INFO    | train_session_alignment | [align] riemannian_alignment   fbcnet      single_sub-043_ses01-to-ses03 seed=1 acc=0.9850 (ntr=160 nval=40 nte=200)
2026-06-09 10:55:44 | INFO    | train_session_alignment | [align] riemannian_alignment   fbcnet      single_sub-043_ses02-to-ses01 seed=1 acc=0.9700 (ntr=160 nval=40 nte=200)
2026-06-09 10:56:01 | INFO    | train_session_alignment | [align] riemannian_alignment   fbcnet      single_sub-043_ses02-to-ses03 seed=1 acc=0.9600 (ntr=160 nval=40 nte=200)
2026-06-09 10:56:18 | INFO    | train_session_alignment | [align] riemannian_alignment   fbcnet      single_sub-043_ses03-to-ses01 seed=1 acc=0.9900 (ntr=160 nval=40 nte=200)
2026-06-09 10:56:36 | INFO    | train_session_alignment | [align] riemannian_alignment   fbcnet      single_sub-043_ses03-to-ses02 seed=1 acc=0.9600 (ntr=160 nval=40 nte=200)
2026-06-09 10:56:42 | INFO    | train_session_alignment | [align] riemannian_alignment   fbcnet      single_sub-044_ses01-to-ses02 seed=1 acc=0.5000 (ntr=160 nval=40 nte=200)
2026-06-09 10:56:49 | INFO    | train_session_alignment | [align] riemannian_alignment   fbcnet      single_sub-044_ses01-to-ses03 seed=1 acc=0.5200 (ntr=160 nval=40 nte=200)
2026-06-09 10:56:57 | INFO    | train_session_alignment | [align] riemannian_alignment   fbcnet      single_sub-044_ses02-to-ses01 seed=1 acc=0.5000 (ntr=160 nval=40 nte=200)
2026-06-09 10:57:05 | INFO    | train_session_alignment | [align] riemannian_alignment   fbcnet      single_sub-044_ses02-to-ses03 seed=1 acc=0.5850 (ntr=160 nval=40 nte=200)
2026-06-09 10:57:13 | INFO    | train_session_alignment | [align] riemannian_alignment   fbcnet      single_sub-044_ses03-to-ses01 seed=1 acc=0.5400 (ntr=160 nval=40 nte=200)
2026-06-09 10:57:22 | INFO    | train_session_alignment | [align] riemannian_alignment   fbcnet      single_sub-044_ses03-to-ses02 seed=1 acc=0.5950 (ntr=160 nval=40 nte=200)
2026-06-09 10:57:31 | INFO    | train_session_alignment | [align] riemannian_alignment   fbcnet      single_sub-045_ses01-to-ses02 seed=1 acc=0.6400 (ntr=160 nval=40 nte=200)
2026-06-09 10:57:39 | INFO    | train_session_alignment | [align] riemannian_alignment   fbcnet      single_sub-045_ses01-to-ses03 seed=1 acc=0.6700 (ntr=160 nval=40 nte=200)
2026-06-09 10:57:47 | INFO    | train_session_alignment | [align] riemannian_alignment   fbcnet      single_sub-045_ses02-to-ses01 seed=1 acc=0.5950 (ntr=160 nval=40 nte=200)
2026-06-09 10:57:55 | INFO    | train_session_alignment | [align] riemannian_alignment   fbcnet      single_sub-045_ses02-to-ses03 seed=1 acc=0.5450 (ntr=160 nval=40 nte=200)
2026-06-09 10:58:05 | INFO    | train_session_alignment | [align] riemannian_alignment   fbcnet      single_sub-045_ses03-to-ses01 seed=1 acc=0.6950 (ntr=160 nval=40 nte=200)
2026-06-09 10:58:15 | INFO    | train_session_alignment | [align] riemannian_alignment   fbcnet      single_sub-045_ses03-to-ses02 seed=1 acc=0.6550 (ntr=160 nval=40 nte=200)
2026-06-09 10:58:33 | INFO    | train_session_alignment | [align] riemannian_alignment   fbcnet      single_sub-046_ses01-to-ses02 seed=1 acc=0.9700 (ntr=160 nval=40 nte=200)
2026-06-09 10:58:50 | INFO    | train_session_alignment | [align] riemannian_alignment   fbcnet      single_sub-046_ses01-to-ses03 seed=1 acc=0.9700 (ntr=160 nval=40 nte=200)
2026-06-09 10:59:08 | INFO    | train_session_alignment | [align] riemannian_alignment   fbcnet      single_sub-046_ses02-to-ses01 seed=1 acc=0.9650 (ntr=160 nval=40 nte=200)
2026-06-09 10:59:25 | INFO    | train_session_alignment | [align] riemannian_alignment   fbcnet      single_sub-046_ses02-to-ses03 seed=1 acc=0.9600 (ntr=160 nval=40 nte=200)
2026-06-09 10:59:42 | INFO    | train_session_alignment | [align] riemannian_alignment   fbcnet      single_sub-046_ses03-to-ses01 seed=1 acc=0.9550 (ntr=160 nval=40 nte=200)
2026-06-09 11:00:00 | INFO    | train_session_alignment | [align] riemannian_alignment   fbcnet      single_sub-046_ses03-to-ses02 seed=1 acc=0.9450 (ntr=160 nval=40 nte=200)
2026-06-09 11:00:10 | INFO    | train_session_alignment | [align] riemannian_alignment   fbcnet      single_sub-047_ses01-to-ses02 seed=1 acc=0.8000 (ntr=160 nval=40 nte=200)
2026-06-09 11:00:21 | INFO    | train_session_alignment | [align] riemannian_alignment   fbcnet      single_sub-047_ses01-to-ses03 seed=1 acc=0.8100 (ntr=160 nval=40 nte=200)
2026-06-09 11:00:31 | INFO    | train_session_alignment | [align] riemannian_alignment   fbcnet      single_sub-047_ses02-to-ses01 seed=1 acc=0.7850 (ntr=160 nval=40 nte=200)
2026-06-09 11:00:41 | INFO    | train_session_alignment | [align] riemannian_alignment   fbcnet      single_sub-047_ses02-to-ses03 seed=1 acc=0.8250 (ntr=160 nval=40 nte=200)
2026-06-09 11:00:58 | INFO    | train_session_alignment | [align] riemannian_alignment   fbcnet      single_sub-047_ses03-to-ses01 seed=1 acc=0.8250 (ntr=160 nval=40 nte=200)
2026-06-09 11:01:16 | INFO    | train_session_alignment | [align] riemannian_alignment   fbcnet      single_sub-047_ses03-to-ses02 seed=1 acc=0.8100 (ntr=160 nval=40 nte=200)
2026-06-09 11:01:22 | INFO    | train_session_alignment | [align] riemannian_alignment   fbcnet      single_sub-048_ses01-to-ses02 seed=1 acc=0.6250 (ntr=160 nval=40 nte=200)
2026-06-09 11:01:29 | INFO    | train_session_alignment | [align] riemannian_alignment   fbcnet      single_sub-048_ses01-to-ses03 seed=1 acc=0.5700 (ntr=160 nval=40 nte=200)
2026-06-09 11:01:39 | INFO    | train_session_alignment | [align] riemannian_alignment   fbcnet      single_sub-048_ses02-to-ses01 seed=1 acc=0.5950 (ntr=160 nval=40 nte=200)
2026-06-09 11:01:49 | INFO    | train_session_alignment | [align] riemannian_alignment   fbcnet      single_sub-048_ses02-to-ses03 seed=1 acc=0.5900 (ntr=160 nval=40 nte=200)
2026-06-09 11:02:06 | INFO    | train_session_alignment | [align] riemannian_alignment   fbcnet      single_sub-048_ses03-to-ses01 seed=1 acc=0.5450 (ntr=160 nval=40 nte=200)
2026-06-09 11:02:24 | INFO    | train_session_alignment | [align] riemannian_alignment   fbcnet      single_sub-048_ses03-to-ses02 seed=1 acc=0.6500 (ntr=160 nval=40 nte=200)
2026-06-09 11:02:40 | INFO    | train_session_alignment | [align] riemannian_alignment   fbcnet      single_sub-049_ses01-to-ses02 seed=1 acc=0.5550 (ntr=160 nval=40 nte=200)
2026-06-09 11:02:56 | INFO    | train_session_alignment | [align] riemannian_alignment   fbcnet      single_sub-049_ses01-to-ses03 seed=1 acc=0.5200 (ntr=160 nval=40 nte=200)
2026-06-09 11:03:07 | INFO    | train_session_alignment | [align] riemannian_alignment   fbcnet      single_sub-049_ses02-to-ses01 seed=1 acc=0.8700 (ntr=160 nval=40 nte=200)
2026-06-09 11:03:17 | INFO    | train_session_alignment | [align] riemannian_alignment   fbcnet      single_sub-049_ses02-to-ses03 seed=1 acc=0.7650 (ntr=160 nval=40 nte=200)
2026-06-09 11:03:28 | INFO    | train_session_alignment | [align] riemannian_alignment   fbcnet      single_sub-049_ses03-to-ses01 seed=1 acc=0.7150 (ntr=160 nval=40 nte=200)
2026-06-09 11:03:39 | INFO    | train_session_alignment | [align] riemannian_alignment   fbcnet      single_sub-049_ses03-to-ses02 seed=1 acc=0.7900 (ntr=160 nval=40 nte=200)
2026-06-09 11:03:58 | INFO    | train_session_alignment | [align] riemannian_alignment   fbcnet      single_sub-050_ses01-to-ses02 seed=1 acc=0.8150 (ntr=160 nval=40 nte=200)
2026-06-09 11:04:15 | INFO    | train_session_alignment | [align] riemannian_alignment   fbcnet      single_sub-050_ses01-to-ses03 seed=1 acc=0.7950 (ntr=160 nval=40 nte=200)
2026-06-09 11:04:33 | INFO    | train_session_alignment | [align] riemannian_alignment   fbcnet      single_sub-050_ses02-to-ses01 seed=1 acc=0.8050 (ntr=160 nval=40 nte=200)
2026-06-09 11:04:50 | INFO    | train_session_alignment | [align] riemannian_alignment   fbcnet      single_sub-050_ses02-to-ses03 seed=1 acc=0.8800 (ntr=160 nval=40 nte=200)
2026-06-09 11:05:02 | INFO    | train_session_alignment | [align] riemannian_alignment   fbcnet      single_sub-050_ses03-to-ses01 seed=1 acc=0.7950 (ntr=160 nval=40 nte=200)
2026-06-09 11:05:13 | INFO    | train_session_alignment | [align] riemannian_alignment   fbcnet      single_sub-050_ses03-to-ses02 seed=1 acc=0.8950 (ntr=160 nval=40 nte=200)
2026-06-09 11:05:25 | INFO    | train_session_alignment | [align] riemannian_alignment   fbcnet      single_sub-051_ses01-to-ses02 seed=1 acc=0.7750 (ntr=160 nval=40 nte=200)
2026-06-09 11:05:38 | INFO    | train_session_alignment | [align] riemannian_alignment   fbcnet      single_sub-051_ses01-to-ses03 seed=1 acc=0.6700 (ntr=160 nval=40 nte=200)
2026-06-09 11:05:57 | INFO    | train_session_alignment | [align] riemannian_alignment   fbcnet      single_sub-051_ses02-to-ses01 seed=1 acc=0.7000 (ntr=160 nval=40 nte=200)
2026-06-09 11:06:14 | INFO    | train_session_alignment | [align] riemannian_alignment   fbcnet      single_sub-051_ses02-to-ses03 seed=1 acc=0.8200 (ntr=160 nval=40 nte=200)
2026-06-09 11:06:26 | INFO    | train_session_alignment | [align] riemannian_alignment   fbcnet      single_sub-051_ses03-to-ses01 seed=1 acc=0.7750 (ntr=160 nval=40 nte=200)
2026-06-09 11:06:38 | INFO    | train_session_alignment | [align] riemannian_alignment   fbcnet      single_sub-051_ses03-to-ses02 seed=1 acc=0.8350 (ntr=160 nval=40 nte=200)
2026-06-09 11:06:51 | INFO    | train_session_alignment | [align] riemannian_alignment   fbcnet      multi_sub-001_ses01ses02-to-ses03 seed=1 acc=0.8500 (ntr=320 nval=80 nte=200)
2026-06-09 11:06:59 | INFO    | train_session_alignment | [align] riemannian_alignment   fbcnet      multi_sub-002_ses01ses02-to-ses03 seed=1 acc=0.5850 (ntr=320 nval=80 nte=200)
2026-06-09 11:07:12 | INFO    | train_session_alignment | [align] riemannian_alignment   fbcnet      multi_sub-003_ses01ses02-to-ses03 seed=1 acc=0.7250 (ntr=320 nval=80 nte=200)
2026-06-09 11:07:20 | INFO    | train_session_alignment | [align] riemannian_alignment   fbcnet      multi_sub-004_ses01ses02-to-ses03 seed=1 acc=0.4750 (ntr=320 nval=80 nte=200)
2026-06-09 11:07:42 | INFO    | train_session_alignment | [align] riemannian_alignment   fbcnet      multi_sub-005_ses01ses02-to-ses03 seed=1 acc=0.8350 (ntr=320 nval=80 nte=200)
2026-06-09 11:07:59 | INFO    | train_session_alignment | [align] riemannian_alignment   fbcnet      multi_sub-006_ses01ses02-to-ses03 seed=1 acc=0.9700 (ntr=320 nval=80 nte=200)
2026-06-09 11:08:10 | INFO    | train_session_alignment | [align] riemannian_alignment   fbcnet      multi_sub-007_ses01ses02-to-ses03 seed=1 acc=0.6350 (ntr=320 nval=80 nte=200)
2026-06-09 11:08:26 | INFO    | train_session_alignment | [align] riemannian_alignment   fbcnet      multi_sub-008_ses01ses02-to-ses03 seed=1 acc=0.7000 (ntr=320 nval=80 nte=200)
2026-06-09 11:08:34 | INFO    | train_session_alignment | [align] riemannian_alignment   fbcnet      multi_sub-009_ses01ses02-to-ses03 seed=1 acc=0.5350 (ntr=320 nval=80 nte=200)
2026-06-09 11:08:42 | INFO    | train_session_alignment | [align] riemannian_alignment   fbcnet      multi_sub-010_ses01ses02-to-ses03 seed=1 acc=0.4750 (ntr=320 nval=80 nte=200)
2026-06-09 11:08:55 | INFO    | train_session_alignment | [align] riemannian_alignment   fbcnet      multi_sub-011_ses01ses02-to-ses03 seed=1 acc=0.6450 (ntr=320 nval=80 nte=200)
2026-06-09 11:09:02 | INFO    | train_session_alignment | [align] riemannian_alignment   fbcnet      multi_sub-012_ses01ses02-to-ses03 seed=1 acc=0.5050 (ntr=320 nval=80 nte=200)
2026-06-09 11:09:08 | INFO    | train_session_alignment | [align] riemannian_alignment   fbcnet      multi_sub-013_ses01ses02-to-ses03 seed=1 acc=0.5350 (ntr=320 nval=80 nte=200)
2026-06-09 11:09:15 | INFO    | train_session_alignment | [align] riemannian_alignment   fbcnet      multi_sub-014_ses01ses02-to-ses03 seed=1 acc=0.5200 (ntr=320 nval=80 nte=200)
2026-06-09 11:09:26 | INFO    | train_session_alignment | [align] riemannian_alignment   fbcnet      multi_sub-015_ses01ses02-to-ses03 seed=1 acc=0.5200 (ntr=320 nval=80 nte=200)
2026-06-09 11:09:33 | INFO    | train_session_alignment | [align] riemannian_alignment   fbcnet      multi_sub-016_ses01ses02-to-ses03 seed=1 acc=0.5300 (ntr=320 nval=80 nte=200)
2026-06-09 11:09:43 | INFO    | train_session_alignment | [align] riemannian_alignment   fbcnet      multi_sub-017_ses01ses02-to-ses03 seed=1 acc=0.6800 (ntr=320 nval=80 nte=200)
2026-06-09 11:09:51 | INFO    | train_session_alignment | [align] riemannian_alignment   fbcnet      multi_sub-018_ses01ses02-to-ses03 seed=1 acc=0.5150 (ntr=320 nval=80 nte=200)
2026-06-09 11:10:05 | INFO    | train_session_alignment | [align] riemannian_alignment   fbcnet      multi_sub-019_ses01ses02-to-ses03 seed=1 acc=0.6300 (ntr=320 nval=80 nte=200)
2026-06-09 11:10:16 | INFO    | train_session_alignment | [align] riemannian_alignment   fbcnet      multi_sub-020_ses01ses02-to-ses03 seed=1 acc=0.4700 (ntr=320 nval=80 nte=200)
2026-06-09 11:10:35 | INFO    | train_session_alignment | [align] riemannian_alignment   fbcnet      multi_sub-021_ses01ses02-to-ses03 seed=1 acc=0.7050 (ntr=320 nval=80 nte=200)
2026-06-09 11:10:45 | INFO    | train_session_alignment | [align] riemannian_alignment   fbcnet      multi_sub-022_ses01ses02-to-ses03 seed=1 acc=0.5450 (ntr=320 nval=80 nte=200)
2026-06-09 11:11:07 | INFO    | train_session_alignment | [align] riemannian_alignment   fbcnet      multi_sub-025_ses01ses02-to-ses03 seed=1 acc=0.5800 (ntr=320 nval=80 nte=200)
2026-06-09 11:11:25 | INFO    | train_session_alignment | [align] riemannian_alignment   fbcnet      multi_sub-027_ses01ses02-to-ses03 seed=1 acc=0.5600 (ntr=320 nval=80 nte=200)
2026-06-09 11:11:40 | INFO    | train_session_alignment | [align] riemannian_alignment   fbcnet      multi_sub-028_ses01ses02-to-ses03 seed=1 acc=0.8300 (ntr=320 nval=80 nte=200)
2026-06-09 11:11:55 | INFO    | train_session_alignment | [align] riemannian_alignment   fbcnet      multi_sub-029_ses01ses02-to-ses03 seed=1 acc=0.9800 (ntr=320 nval=80 nte=200)
2026-06-09 11:12:03 | INFO    | train_session_alignment | [align] riemannian_alignment   fbcnet      multi_sub-030_ses01ses02-to-ses03 seed=1 acc=0.6450 (ntr=320 nval=80 nte=200)
2026-06-09 11:12:16 | INFO    | train_session_alignment | [align] riemannian_alignment   fbcnet      multi_sub-031_ses01ses02-to-ses03 seed=1 acc=0.6350 (ntr=320 nval=80 nte=200)
2026-06-09 11:12:26 | INFO    | train_session_alignment | [align] riemannian_alignment   fbcnet      multi_sub-033_ses01ses02-to-ses03 seed=1 acc=0.9550 (ntr=320 nval=80 nte=200)
2026-06-09 11:12:36 | INFO    | train_session_alignment | [align] riemannian_alignment   fbcnet      multi_sub-034_ses01ses02-to-ses03 seed=1 acc=0.5150 (ntr=320 nval=80 nte=200)
2026-06-09 11:12:48 | INFO    | train_session_alignment | [align] riemannian_alignment   fbcnet      multi_sub-035_ses01ses02-to-ses03 seed=1 acc=0.8850 (ntr=320 nval=80 nte=200)
2026-06-09 11:12:59 | INFO    | train_session_alignment | [align] riemannian_alignment   fbcnet      multi_sub-036_ses01ses02-to-ses03 seed=1 acc=0.9150 (ntr=320 nval=80 nte=200)
2026-06-09 11:13:11 | INFO    | train_session_alignment | [align] riemannian_alignment   fbcnet      multi_sub-037_ses01ses02-to-ses03 seed=1 acc=0.6900 (ntr=320 nval=80 nte=200)
2026-06-09 11:13:27 | INFO    | train_session_alignment | [align] riemannian_alignment   fbcnet      multi_sub-038_ses01ses02-to-ses03 seed=1 acc=0.5150 (ntr=320 nval=80 nte=200)
2026-06-09 11:13:36 | INFO    | train_session_alignment | [align] riemannian_alignment   fbcnet      multi_sub-039_ses01ses02-to-ses03 seed=1 acc=0.7050 (ntr=320 nval=80 nte=200)
2026-06-09 11:13:51 | INFO    | train_session_alignment | [align] riemannian_alignment   fbcnet      multi_sub-040_ses01ses02-to-ses03 seed=1 acc=0.7450 (ntr=320 nval=80 nte=200)
2026-06-09 11:14:13 | INFO    | train_session_alignment | [align] riemannian_alignment   fbcnet      multi_sub-041_ses01ses02-to-ses03 seed=1 acc=0.9050 (ntr=320 nval=80 nte=200)
2026-06-09 11:14:24 | INFO    | train_session_alignment | [align] riemannian_alignment   fbcnet      multi_sub-042_ses01ses02-to-ses03 seed=1 acc=0.6350 (ntr=320 nval=80 nte=200)
2026-06-09 11:14:46 | INFO    | train_session_alignment | [align] riemannian_alignment   fbcnet      multi_sub-043_ses01ses02-to-ses03 seed=1 acc=1.0000 (ntr=320 nval=80 nte=200)
2026-06-09 11:14:54 | INFO    | train_session_alignment | [align] riemannian_alignment   fbcnet      multi_sub-044_ses01ses02-to-ses03 seed=1 acc=0.6150 (ntr=320 nval=80 nte=200)
2026-06-09 11:15:14 | INFO    | train_session_alignment | [align] riemannian_alignment   fbcnet      multi_sub-045_ses01ses02-to-ses03 seed=1 acc=0.7100 (ntr=320 nval=80 nte=200)
2026-06-09 11:15:35 | INFO    | train_session_alignment | [align] riemannian_alignment   fbcnet      multi_sub-046_ses01ses02-to-ses03 seed=1 acc=0.9650 (ntr=320 nval=80 nte=200)
2026-06-09 11:15:46 | INFO    | train_session_alignment | [align] riemannian_alignment   fbcnet      multi_sub-047_ses01ses02-to-ses03 seed=1 acc=0.8400 (ntr=320 nval=80 nte=200)
2026-06-09 11:16:08 | INFO    | train_session_alignment | [align] riemannian_alignment   fbcnet      multi_sub-048_ses01ses02-to-ses03 seed=1 acc=0.7300 (ntr=320 nval=80 nte=200)
2026-06-09 11:16:27 | INFO    | train_session_alignment | [align] riemannian_alignment   fbcnet      multi_sub-049_ses01ses02-to-ses03 seed=1 acc=0.7150 (ntr=320 nval=80 nte=200)
2026-06-09 11:16:44 | INFO    | train_session_alignment | [align] riemannian_alignment   fbcnet      multi_sub-050_ses01ses02-to-ses03 seed=1 acc=0.8700 (ntr=320 nval=80 nte=200)
2026-06-09 11:16:55 | INFO    | train_session_alignment | [align] riemannian_alignment   fbcnet      multi_sub-051_ses01ses02-to-ses03 seed=1 acc=0.8050 (ntr=320 nval=80 nte=200)
2026-06-09 11:16:55 | INFO    | train_session_alignment | ALL DONE in 3920.6s | rows=335 ok=335 failed=0 | out=/share/home/yuan/SYX/eeg-mi-online/outputs/experiments/alignment_baseline_v1
Done: Tue Jun  9 11:16:56 CST 2026
