========================================================
Project : /share/home/yuan/SYX/eeg-mi-online
Env     : mi_torch_cu118
Args    : --config configs/session_model_compare.yaml --models eegnet,deepconvnet,fbcnet --protocol within --seeds 1
Node    : gpu01  |  Start: Sun Jun  7 01:36:12 CST 2026
========================================================
[env] python: /share/home/yuan/.conda/envs/mi_torch_cu118/bin/python | CONDA_DEFAULT_ENV=mi_torch_cu118
Sun Jun  7 01:36:13 2026       
+-----------------------------------------------------------------------------------------+
| NVIDIA-SMI 570.153.02             Driver Version: 570.153.02     CUDA Version: 12.8     |
|-----------------------------------------+------------------------+----------------------+
| GPU  Name                 Persistence-M | Bus-Id          Disp.A | Volatile Uncorr. ECC |
| Fan  Temp   Perf          Pwr:Usage/Cap |           Memory-Usage | GPU-Util  Compute M. |
|                                         |                        |               MIG M. |
|=========================================+========================+======================|
|   0  NVIDIA GeForce RTX 4090 D      On  |   00000000:E1:00.0 Off |                  Off |
| 30%   29C    P8             20W /  425W |       1MiB /  24564MiB |      0%      Default |
|                                         |                        |                  N/A |
+-----------------------------------------+------------------------+----------------------+
                                                                                         
+-----------------------------------------------------------------------------------------+
| Processes:                                                                              |
|  GPU   GI   CI              PID   Type   Process name                        GPU Memory |
|        ID   ID                                                               Usage      |
|=========================================================================================|
|  No running processes found                                                             |
+-----------------------------------------------------------------------------------------+
[cuda-check] torch=2.7.1+cu118 cuda_build=11.8 cuda_avail=True
2026-06-07 01:36:16 | INFO    | train_session_models | device=cuda | cuda={'torch': '2.7.1+cu118', 'cuda_build': '11.8', 'cuda_available': True, 'device': 'cuda', 'device_name': 'NVIDIA GeForce RTX 4090 D'}
2026-06-07 01:36:16 | INFO    | train_session_models | loaded 148 ok sessions across 51 subjects | models=['eegnet', 'deepconvnet', 'fbcnet'] | protocols=['within'] | seeds=[1] | folds=10
2026-06-07 01:36:16 | INFO    | train_session_models | === RUN within__eegnet ===
2026-06-07 01:37:25 | INFO    | train_session_models | [within] eegnet      sub-001/ses-01 seed=1 acc=0.7800 (folds=10)
2026-06-07 01:39:22 | INFO    | train_session_models | [within] eegnet      sub-001/ses-02 seed=1 acc=0.9800 (folds=10)
2026-06-07 01:41:13 | INFO    | train_session_models | [within] eegnet      sub-001/ses-03 seed=1 acc=0.9900 (folds=10)
2026-06-07 01:41:52 | INFO    | train_session_models | [within] eegnet      sub-002/ses-01 seed=1 acc=0.6050 (folds=10)
2026-06-07 01:42:34 | INFO    | train_session_models | [within] eegnet      sub-002/ses-02 seed=1 acc=0.5550 (folds=10)
2026-06-07 01:43:22 | INFO    | train_session_models | [within] eegnet      sub-002/ses-03 seed=1 acc=0.7850 (folds=10)
2026-06-07 01:44:56 | INFO    | train_session_models | [within] eegnet      sub-003/ses-01 seed=1 acc=0.8600 (folds=10)
2026-06-07 01:46:35 | INFO    | train_session_models | [within] eegnet      sub-003/ses-02 seed=1 acc=0.8600 (folds=10)
2026-06-07 01:47:55 | INFO    | train_session_models | [within] eegnet      sub-003/ses-03 seed=1 acc=0.8800 (folds=10)
2026-06-07 01:48:27 | INFO    | train_session_models | [within] eegnet      sub-004/ses-01 seed=1 acc=0.5200 (folds=10)
2026-06-07 01:48:58 | INFO    | train_session_models | [within] eegnet      sub-004/ses-02 seed=1 acc=0.4950 (folds=10)
2026-06-07 01:49:38 | INFO    | train_session_models | [within] eegnet      sub-004/ses-03 seed=1 acc=0.5350 (folds=10)
2026-06-07 01:50:53 | INFO    | train_session_models | [within] eegnet      sub-005/ses-01 seed=1 acc=0.9250 (folds=10)
2026-06-07 01:52:04 | INFO    | train_session_models | [within] eegnet      sub-005/ses-02 seed=1 acc=0.8150 (folds=10)
2026-06-07 01:52:49 | INFO    | train_session_models | [within] eegnet      sub-005/ses-03 seed=1 acc=0.6550 (folds=10)
2026-06-07 01:54:07 | INFO    | train_session_models | [within] eegnet      sub-006/ses-01 seed=1 acc=0.9250 (folds=10)
2026-06-07 01:55:17 | INFO    | train_session_models | [within] eegnet      sub-006/ses-02 seed=1 acc=0.9800 (folds=10)
2026-06-07 01:56:37 | INFO    | train_session_models | [within] eegnet      sub-006/ses-03 seed=1 acc=0.9750 (folds=10)
2026-06-07 01:57:16 | INFO    | train_session_models | [within] eegnet      sub-007/ses-01 seed=1 acc=0.5350 (folds=10)
2026-06-07 01:58:09 | INFO    | train_session_models | [within] eegnet      sub-007/ses-02 seed=1 acc=0.8550 (folds=10)
2026-06-07 01:58:58 | INFO    | train_session_models | [within] eegnet      sub-007/ses-03 seed=1 acc=0.8800 (folds=10)
2026-06-07 02:00:18 | INFO    | train_session_models | [within] eegnet      sub-008/ses-01 seed=1 acc=0.7400 (folds=10)
2026-06-07 02:01:53 | INFO    | train_session_models | [within] eegnet      sub-008/ses-02 seed=1 acc=0.8600 (folds=10)
2026-06-07 02:03:06 | INFO    | train_session_models | [within] eegnet      sub-008/ses-03 seed=1 acc=0.9250 (folds=10)
2026-06-07 02:03:59 | INFO    | train_session_models | [within] eegnet      sub-009/ses-01 seed=1 acc=0.7600 (folds=10)
2026-06-07 02:04:49 | INFO    | train_session_models | [within] eegnet      sub-009/ses-02 seed=1 acc=0.7450 (folds=10)
2026-06-07 02:05:32 | INFO    | train_session_models | [within] eegnet      sub-009/ses-03 seed=1 acc=0.5050 (folds=10)
2026-06-07 02:06:15 | INFO    | train_session_models | [within] eegnet      sub-010/ses-01 seed=1 acc=0.7550 (folds=10)
2026-06-07 02:07:30 | INFO    | train_session_models | [within] eegnet      sub-010/ses-02 seed=1 acc=0.9300 (folds=10)
2026-06-07 02:08:53 | INFO    | train_session_models | [within] eegnet      sub-010/ses-03 seed=1 acc=0.7600 (folds=10)
2026-06-07 02:10:12 | INFO    | train_session_models | [within] eegnet      sub-011/ses-01 seed=1 acc=0.9300 (folds=10)
2026-06-07 02:11:22 | INFO    | train_session_models | [within] eegnet      sub-011/ses-02 seed=1 acc=0.7750 (folds=10)
2026-06-07 02:13:04 | INFO    | train_session_models | [within] eegnet      sub-011/ses-03 seed=1 acc=0.9850 (folds=10)
2026-06-07 02:13:37 | INFO    | train_session_models | [within] eegnet      sub-012/ses-01 seed=1 acc=0.5000 (folds=10)
2026-06-07 02:14:10 | INFO    | train_session_models | [within] eegnet      sub-012/ses-02 seed=1 acc=0.4500 (folds=10)
2026-06-07 02:14:44 | INFO    | train_session_models | [within] eegnet      sub-012/ses-03 seed=1 acc=0.5600 (folds=10)
2026-06-07 02:15:58 | INFO    | train_session_models | [within] eegnet      sub-013/ses-01 seed=1 acc=0.7450 (folds=10)
2026-06-07 02:17:07 | INFO    | train_session_models | [within] eegnet      sub-013/ses-02 seed=1 acc=0.8300 (folds=10)
2026-06-07 02:18:04 | INFO    | train_session_models | [within] eegnet      sub-013/ses-03 seed=1 acc=0.8900 (folds=10)
2026-06-07 02:18:41 | INFO    | train_session_models | [within] eegnet      sub-014/ses-01 seed=1 acc=0.5500 (folds=10)
2026-06-07 02:19:12 | INFO    | train_session_models | [within] eegnet      sub-014/ses-02 seed=1 acc=0.4500 (folds=10)
2026-06-07 02:19:48 | INFO    | train_session_models | [within] eegnet      sub-014/ses-03 seed=1 acc=0.4450 (folds=10)
2026-06-07 02:20:48 | INFO    | train_session_models | [within] eegnet      sub-015/ses-01 seed=1 acc=0.7950 (folds=10)
2026-06-07 02:21:40 | INFO    | train_session_models | [within] eegnet      sub-015/ses-02 seed=1 acc=0.8000 (folds=10)
2026-06-07 02:22:48 | INFO    | train_session_models | [within] eegnet      sub-015/ses-03 seed=1 acc=0.6300 (folds=10)
2026-06-07 02:23:28 | INFO    | train_session_models | [within] eegnet      sub-016/ses-01 seed=1 acc=0.7100 (folds=10)
2026-06-07 02:24:03 | INFO    | train_session_models | [within] eegnet      sub-016/ses-02 seed=1 acc=0.5750 (folds=10)
2026-06-07 02:24:36 | INFO    | train_session_models | [within] eegnet      sub-016/ses-03 seed=1 acc=0.5150 (folds=10)
2026-06-07 02:25:54 | INFO    | train_session_models | [within] eegnet      sub-017/ses-01 seed=1 acc=0.7150 (folds=10)
2026-06-07 02:26:44 | INFO    | train_session_models | [within] eegnet      sub-017/ses-02 seed=1 acc=0.8100 (folds=10)
2026-06-07 02:27:39 | INFO    | train_session_models | [within] eegnet      sub-017/ses-03 seed=1 acc=0.7800 (folds=10)
2026-06-07 02:29:06 | INFO    | train_session_models | [within] eegnet      sub-018/ses-01 seed=1 acc=0.7100 (folds=10)
2026-06-07 02:29:48 | INFO    | train_session_models | [within] eegnet      sub-018/ses-02 seed=1 acc=0.7200 (folds=10)
2026-06-07 02:30:29 | INFO    | train_session_models | [within] eegnet      sub-018/ses-03 seed=1 acc=0.5700 (folds=10)
2026-06-07 02:31:11 | INFO    | train_session_models | [within] eegnet      sub-019/ses-01 seed=1 acc=0.5650 (folds=10)
2026-06-07 02:32:03 | INFO    | train_session_models | [within] eegnet      sub-019/ses-02 seed=1 acc=0.7500 (folds=10)
2026-06-07 02:32:56 | INFO    | train_session_models | [within] eegnet      sub-019/ses-03 seed=1 acc=0.9000 (folds=10)
2026-06-07 02:34:32 | INFO    | train_session_models | [within] eegnet      sub-020/ses-01 seed=1 acc=0.9750 (folds=10)
2026-06-07 02:36:22 | INFO    | train_session_models | [within] eegnet      sub-020/ses-02 seed=1 acc=0.9750 (folds=10)
2026-06-07 02:37:37 | INFO    | train_session_models | [within] eegnet      sub-020/ses-03 seed=1 acc=0.9500 (folds=10)
2026-06-07 02:38:54 | INFO    | train_session_models | [within] eegnet      sub-021/ses-01 seed=1 acc=0.8050 (folds=10)
2026-06-07 02:40:14 | INFO    | train_session_models | [within] eegnet      sub-021/ses-02 seed=1 acc=0.7700 (folds=10)
2026-06-07 02:41:12 | INFO    | train_session_models | [within] eegnet      sub-021/ses-03 seed=1 acc=0.8750 (folds=10)
2026-06-07 02:42:03 | INFO    | train_session_models | [within] eegnet      sub-022/ses-01 seed=1 acc=0.7750 (folds=10)
2026-06-07 02:43:22 | INFO    | train_session_models | [within] eegnet      sub-022/ses-02 seed=1 acc=0.7950 (folds=10)
2026-06-07 02:44:27 | INFO    | train_session_models | [within] eegnet      sub-022/ses-03 seed=1 acc=0.7400 (folds=10)
2026-06-07 02:46:06 | INFO    | train_session_models | [within] eegnet      sub-023/ses-02 seed=1 acc=0.9100 (folds=10)
2026-06-07 02:47:45 | INFO    | train_session_models | [within] eegnet      sub-023/ses-03 seed=1 acc=0.9600 (folds=10)
2026-06-07 02:48:50 | INFO    | train_session_models | [within] eegnet      sub-024/ses-01 seed=1 acc=0.9650 (folds=10)
2026-06-07 02:49:37 | INFO    | train_session_models | [within] eegnet      sub-025/ses-01 seed=1 acc=0.9100 (folds=10)
2026-06-07 02:50:39 | INFO    | train_session_models | [within] eegnet      sub-025/ses-02 seed=1 acc=0.9500 (folds=10)
2026-06-07 02:52:27 | INFO    | train_session_models | [within] eegnet      sub-025/ses-03 seed=1 acc=0.9200 (folds=10)
2026-06-07 02:53:19 | INFO    | train_session_models | [within] eegnet      sub-026/ses-02 seed=1 acc=0.9300 (folds=10)
2026-06-07 02:54:52 | INFO    | train_session_models | [within] eegnet      sub-026/ses-03 seed=1 acc=0.9400 (folds=10)
2026-06-07 02:55:56 | INFO    | train_session_models | [within] eegnet      sub-027/ses-01 seed=1 acc=0.7900 (folds=10)
2026-06-07 02:56:43 | INFO    | train_session_models | [within] eegnet      sub-027/ses-02 seed=1 acc=0.7050 (folds=10)
2026-06-07 02:57:50 | INFO    | train_session_models | [within] eegnet      sub-027/ses-03 seed=1 acc=0.8750 (folds=10)
2026-06-07 02:59:18 | INFO    | train_session_models | [within] eegnet      sub-028/ses-01 seed=1 acc=0.8900 (folds=10)
2026-06-07 03:00:31 | INFO    | train_session_models | [within] eegnet      sub-028/ses-02 seed=1 acc=0.8400 (folds=10)
2026-06-07 03:01:10 | INFO    | train_session_models | [within] eegnet      sub-028/ses-03 seed=1 acc=0.6950 (folds=10)
2026-06-07 03:02:40 | INFO    | train_session_models | [within] eegnet      sub-029/ses-01 seed=1 acc=0.8800 (folds=10)
2026-06-07 03:04:39 | INFO    | train_session_models | [within] eegnet      sub-029/ses-02 seed=1 acc=0.9500 (folds=10)
2026-06-07 03:06:06 | INFO    | train_session_models | [within] eegnet      sub-029/ses-03 seed=1 acc=0.9600 (folds=10)
2026-06-07 03:07:58 | INFO    | train_session_models | [within] eegnet      sub-030/ses-01 seed=1 acc=0.7400 (folds=10)
2026-06-07 03:08:49 | INFO    | train_session_models | [within] eegnet      sub-030/ses-02 seed=1 acc=0.9050 (folds=10)
2026-06-07 03:10:16 | INFO    | train_session_models | [within] eegnet      sub-030/ses-03 seed=1 acc=0.9150 (folds=10)
2026-06-07 03:11:14 | INFO    | train_session_models | [within] eegnet      sub-031/ses-01 seed=1 acc=0.7850 (folds=10)
2026-06-07 03:11:58 | INFO    | train_session_models | [within] eegnet      sub-031/ses-02 seed=1 acc=0.8200 (folds=10)
2026-06-07 03:12:41 | INFO    | train_session_models | [within] eegnet      sub-031/ses-03 seed=1 acc=0.8150 (folds=10)
2026-06-07 03:13:22 | INFO    | train_session_models | [within] eegnet      sub-032/ses-01 seed=1 acc=0.6200 (folds=10)
2026-06-07 03:14:07 | INFO    | train_session_models | [within] eegnet      sub-032/ses-03 seed=1 acc=0.7850 (folds=10)
2026-06-07 03:15:03 | INFO    | train_session_models | [within] eegnet      sub-033/ses-01 seed=1 acc=0.9000 (folds=10)
2026-06-07 03:17:12 | INFO    | train_session_models | [within] eegnet      sub-033/ses-02 seed=1 acc=0.9800 (folds=10)
2026-06-07 03:19:12 | INFO    | train_session_models | [within] eegnet      sub-033/ses-03 seed=1 acc=0.9450 (folds=10)
2026-06-07 03:19:55 | INFO    | train_session_models | [within] eegnet      sub-034/ses-01 seed=1 acc=0.7000 (folds=10)
2026-06-07 03:21:05 | INFO    | train_session_models | [within] eegnet      sub-034/ses-02 seed=1 acc=0.8750 (folds=10)
2026-06-07 03:22:13 | INFO    | train_session_models | [within] eegnet      sub-034/ses-03 seed=1 acc=0.9050 (folds=10)
2026-06-07 03:24:20 | INFO    | train_session_models | [within] eegnet      sub-035/ses-01 seed=1 acc=0.9650 (folds=10)
2026-06-07 03:26:32 | INFO    | train_session_models | [within] eegnet      sub-035/ses-02 seed=1 acc=0.9750 (folds=10)
2026-06-07 03:28:33 | INFO    | train_session_models | [within] eegnet      sub-035/ses-03 seed=1 acc=0.9450 (folds=10)
2026-06-07 03:30:03 | INFO    | train_session_models | [within] eegnet      sub-036/ses-01 seed=1 acc=0.8600 (folds=10)
2026-06-07 03:31:29 | INFO    | train_session_models | [within] eegnet      sub-036/ses-02 seed=1 acc=0.9200 (folds=10)
2026-06-07 03:33:26 | INFO    | train_session_models | [within] eegnet      sub-036/ses-03 seed=1 acc=0.9850 (folds=10)
2026-06-07 03:35:32 | INFO    | train_session_models | [within] eegnet      sub-037/ses-01 seed=1 acc=0.8600 (folds=10)
2026-06-07 03:36:17 | INFO    | train_session_models | [within] eegnet      sub-037/ses-02 seed=1 acc=0.9100 (folds=10)
2026-06-07 03:37:21 | INFO    | train_session_models | [within] eegnet      sub-037/ses-03 seed=1 acc=0.9300 (folds=10)
2026-06-07 03:37:54 | INFO    | train_session_models | [within] eegnet      sub-038/ses-01 seed=1 acc=0.5500 (folds=10)
2026-06-07 03:38:50 | INFO    | train_session_models | [within] eegnet      sub-038/ses-02 seed=1 acc=0.7950 (folds=10)
2026-06-07 03:40:03 | INFO    | train_session_models | [within] eegnet      sub-038/ses-03 seed=1 acc=0.8700 (folds=10)
2026-06-07 03:40:57 | INFO    | train_session_models | [within] eegnet      sub-039/ses-01 seed=1 acc=0.8000 (folds=10)
2026-06-07 03:41:58 | INFO    | train_session_models | [within] eegnet      sub-039/ses-02 seed=1 acc=0.8450 (folds=10)
2026-06-07 03:42:47 | INFO    | train_session_models | [within] eegnet      sub-039/ses-03 seed=1 acc=0.7150 (folds=10)
2026-06-07 03:43:58 | INFO    | train_session_models | [within] eegnet      sub-040/ses-01 seed=1 acc=0.7600 (folds=10)
2026-06-07 03:44:36 | INFO    | train_session_models | [within] eegnet      sub-040/ses-02 seed=1 acc=0.5950 (folds=10)
2026-06-07 03:45:25 | INFO    | train_session_models | [within] eegnet      sub-040/ses-03 seed=1 acc=0.7050 (folds=10)
2026-06-07 03:46:22 | INFO    | train_session_models | [within] eegnet      sub-041/ses-01 seed=1 acc=0.9100 (folds=10)
2026-06-07 03:47:18 | INFO    | train_session_models | [within] eegnet      sub-041/ses-02 seed=1 acc=0.8600 (folds=10)
2026-06-07 03:48:01 | INFO    | train_session_models | [within] eegnet      sub-041/ses-03 seed=1 acc=0.8650 (folds=10)
2026-06-07 03:49:01 | INFO    | train_session_models | [within] eegnet      sub-042/ses-01 seed=1 acc=0.7000 (folds=10)
2026-06-07 03:49:55 | INFO    | train_session_models | [within] eegnet      sub-042/ses-02 seed=1 acc=0.6500 (folds=10)
2026-06-07 03:50:44 | INFO    | train_session_models | [within] eegnet      sub-042/ses-03 seed=1 acc=0.6900 (folds=10)
2026-06-07 03:52:43 | INFO    | train_session_models | [within] eegnet      sub-043/ses-01 seed=1 acc=0.9600 (folds=10)
2026-06-07 03:54:34 | INFO    | train_session_models | [within] eegnet      sub-043/ses-02 seed=1 acc=0.9700 (folds=10)
2026-06-07 03:56:45 | INFO    | train_session_models | [within] eegnet      sub-043/ses-03 seed=1 acc=0.9650 (folds=10)
2026-06-07 03:57:19 | INFO    | train_session_models | [within] eegnet      sub-044/ses-01 seed=1 acc=0.5300 (folds=10)
2026-06-07 03:58:15 | INFO    | train_session_models | [within] eegnet      sub-044/ses-02 seed=1 acc=0.7150 (folds=10)
2026-06-07 03:59:03 | INFO    | train_session_models | [within] eegnet      sub-044/ses-03 seed=1 acc=0.6700 (folds=10)
2026-06-07 04:00:26 | INFO    | train_session_models | [within] eegnet      sub-045/ses-01 seed=1 acc=0.8300 (folds=10)
2026-06-07 04:01:10 | INFO    | train_session_models | [within] eegnet      sub-045/ses-02 seed=1 acc=0.7800 (folds=10)
2026-06-07 04:02:38 | INFO    | train_session_models | [within] eegnet      sub-045/ses-03 seed=1 acc=0.8600 (folds=10)
2026-06-07 04:04:57 | INFO    | train_session_models | [within] eegnet      sub-046/ses-01 seed=1 acc=0.9800 (folds=10)
2026-06-07 04:06:59 | INFO    | train_session_models | [within] eegnet      sub-046/ses-02 seed=1 acc=0.9800 (folds=10)
2026-06-07 04:08:56 | INFO    | train_session_models | [within] eegnet      sub-046/ses-03 seed=1 acc=0.9400 (folds=10)
2026-06-07 04:09:56 | INFO    | train_session_models | [within] eegnet      sub-047/ses-01 seed=1 acc=0.8400 (folds=10)
2026-06-07 04:11:18 | INFO    | train_session_models | [within] eegnet      sub-047/ses-02 seed=1 acc=0.8700 (folds=10)
2026-06-07 04:13:11 | INFO    | train_session_models | [within] eegnet      sub-047/ses-03 seed=1 acc=0.9050 (folds=10)
2026-06-07 04:13:54 | INFO    | train_session_models | [within] eegnet      sub-048/ses-01 seed=1 acc=0.8150 (folds=10)
2026-06-07 04:14:34 | INFO    | train_session_models | [within] eegnet      sub-048/ses-02 seed=1 acc=0.8400 (folds=10)
2026-06-07 04:15:29 | INFO    | train_session_models | [within] eegnet      sub-048/ses-03 seed=1 acc=0.8800 (folds=10)
2026-06-07 04:16:51 | INFO    | train_session_models | [within] eegnet      sub-049/ses-01 seed=1 acc=0.9150 (folds=10)
2026-06-07 04:18:12 | INFO    | train_session_models | [within] eegnet      sub-049/ses-02 seed=1 acc=0.8750 (folds=10)
2026-06-07 04:19:40 | INFO    | train_session_models | [within] eegnet      sub-049/ses-03 seed=1 acc=0.9250 (folds=10)
2026-06-07 04:20:54 | INFO    | train_session_models | [within] eegnet      sub-050/ses-01 seed=1 acc=0.9000 (folds=10)
2026-06-07 04:22:24 | INFO    | train_session_models | [within] eegnet      sub-050/ses-02 seed=1 acc=0.9450 (folds=10)
2026-06-07 04:23:21 | INFO    | train_session_models | [within] eegnet      sub-050/ses-03 seed=1 acc=0.9500 (folds=10)
2026-06-07 04:24:38 | INFO    | train_session_models | [within] eegnet      sub-051/ses-01 seed=1 acc=0.8950 (folds=10)
2026-06-07 04:25:40 | INFO    | train_session_models | [within] eegnet      sub-051/ses-02 seed=1 acc=0.8100 (folds=10)
2026-06-07 04:26:40 | INFO    | train_session_models | [within] eegnet      sub-051/ses-03 seed=1 acc=0.8900 (folds=10)
2026-06-07 04:26:40 | INFO    | train_session_models | within__eegnet: 1480 rows -> /share/home/yuan/SYX/eeg-mi-online/outputs/experiments/session_model_compare_v1/runs/within__eegnet__seed*.csv (seeds=[1], 10224.6s)
2026-06-07 04:26:40 | INFO    | train_session_models | === RUN within__deepconvnet ===
2026-06-07 04:27:51 | INFO    | train_session_models | [within] deepconvnet sub-001/ses-01 seed=1 acc=0.7100 (folds=10)
2026-06-07 04:29:46 | INFO    | train_session_models | [within] deepconvnet sub-001/ses-02 seed=1 acc=0.8900 (folds=10)
2026-06-07 04:31:52 | INFO    | train_session_models | [within] deepconvnet sub-001/ses-03 seed=1 acc=0.8850 (folds=10)
2026-06-07 04:32:43 | INFO    | train_session_models | [within] deepconvnet sub-002/ses-01 seed=1 acc=0.5650 (folds=10)
2026-06-07 04:33:39 | INFO    | train_session_models | [within] deepconvnet sub-002/ses-02 seed=1 acc=0.5300 (folds=10)
2026-06-07 04:34:33 | INFO    | train_session_models | [within] deepconvnet sub-002/ses-03 seed=1 acc=0.6950 (folds=10)
2026-06-07 04:36:17 | INFO    | train_session_models | [within] deepconvnet sub-003/ses-01 seed=1 acc=0.8100 (folds=10)
2026-06-07 04:37:45 | INFO    | train_session_models | [within] deepconvnet sub-003/ses-02 seed=1 acc=0.7750 (folds=10)
2026-06-07 04:38:53 | INFO    | train_session_models | [within] deepconvnet sub-003/ses-03 seed=1 acc=0.8550 (folds=10)
2026-06-07 04:39:42 | INFO    | train_session_models | [within] deepconvnet sub-004/ses-01 seed=1 acc=0.4500 (folds=10)
2026-06-07 04:40:26 | INFO    | train_session_models | [within] deepconvnet sub-004/ses-02 seed=1 acc=0.5200 (folds=10)
2026-06-07 04:41:11 | INFO    | train_session_models | [within] deepconvnet sub-004/ses-03 seed=1 acc=0.5200 (folds=10)
2026-06-07 04:43:06 | INFO    | train_session_models | [within] deepconvnet sub-005/ses-01 seed=1 acc=0.8500 (folds=10)
2026-06-07 04:44:02 | INFO    | train_session_models | [within] deepconvnet sub-005/ses-02 seed=1 acc=0.7950 (folds=10)
2026-06-07 04:45:01 | INFO    | train_session_models | [within] deepconvnet sub-005/ses-03 seed=1 acc=0.5700 (folds=10)
2026-06-07 04:46:04 | INFO    | train_session_models | [within] deepconvnet sub-006/ses-01 seed=1 acc=0.8650 (folds=10)
2026-06-07 04:47:21 | INFO    | train_session_models | [within] deepconvnet sub-006/ses-02 seed=1 acc=0.9550 (folds=10)
2026-06-07 04:48:37 | INFO    | train_session_models | [within] deepconvnet sub-006/ses-03 seed=1 acc=0.9650 (folds=10)
2026-06-07 04:49:25 | INFO    | train_session_models | [within] deepconvnet sub-007/ses-01 seed=1 acc=0.6300 (folds=10)
2026-06-07 04:50:31 | INFO    | train_session_models | [within] deepconvnet sub-007/ses-02 seed=1 acc=0.8000 (folds=10)
2026-06-07 04:51:21 | INFO    | train_session_models | [within] deepconvnet sub-007/ses-03 seed=1 acc=0.8500 (folds=10)
2026-06-07 04:52:27 | INFO    | train_session_models | [within] deepconvnet sub-008/ses-01 seed=1 acc=0.5850 (folds=10)
2026-06-07 04:54:18 | INFO    | train_session_models | [within] deepconvnet sub-008/ses-02 seed=1 acc=0.7900 (folds=10)
2026-06-07 04:55:25 | INFO    | train_session_models | [within] deepconvnet sub-008/ses-03 seed=1 acc=0.9050 (folds=10)
2026-06-07 04:56:31 | INFO    | train_session_models | [within] deepconvnet sub-009/ses-01 seed=1 acc=0.7150 (folds=10)
2026-06-07 04:57:39 | INFO    | train_session_models | [within] deepconvnet sub-009/ses-02 seed=1 acc=0.6500 (folds=10)
2026-06-07 04:58:36 | INFO    | train_session_models | [within] deepconvnet sub-009/ses-03 seed=1 acc=0.5200 (folds=10)
2026-06-07 04:59:31 | INFO    | train_session_models | [within] deepconvnet sub-010/ses-01 seed=1 acc=0.6650 (folds=10)
2026-06-07 05:01:13 | INFO    | train_session_models | [within] deepconvnet sub-010/ses-02 seed=1 acc=0.8850 (folds=10)
2026-06-07 05:02:12 | INFO    | train_session_models | [within] deepconvnet sub-010/ses-03 seed=1 acc=0.6300 (folds=10)
2026-06-07 05:03:36 | INFO    | train_session_models | [within] deepconvnet sub-011/ses-01 seed=1 acc=0.9450 (folds=10)
2026-06-07 05:05:05 | INFO    | train_session_models | [within] deepconvnet sub-011/ses-02 seed=1 acc=0.7400 (folds=10)
2026-06-07 05:06:55 | INFO    | train_session_models | [within] deepconvnet sub-011/ses-03 seed=1 acc=0.9700 (folds=10)
2026-06-07 05:07:45 | INFO    | train_session_models | [within] deepconvnet sub-012/ses-01 seed=1 acc=0.4800 (folds=10)
2026-06-07 05:08:33 | INFO    | train_session_models | [within] deepconvnet sub-012/ses-02 seed=1 acc=0.4250 (folds=10)
2026-06-07 05:09:19 | INFO    | train_session_models | [within] deepconvnet sub-012/ses-03 seed=1 acc=0.5750 (folds=10)
2026-06-07 05:10:22 | INFO    | train_session_models | [within] deepconvnet sub-013/ses-01 seed=1 acc=0.7400 (folds=10)
2026-06-07 05:11:59 | INFO    | train_session_models | [within] deepconvnet sub-013/ses-02 seed=1 acc=0.8550 (folds=10)
2026-06-07 05:12:47 | INFO    | train_session_models | [within] deepconvnet sub-013/ses-03 seed=1 acc=0.7650 (folds=10)
2026-06-07 05:13:45 | INFO    | train_session_models | [within] deepconvnet sub-014/ses-01 seed=1 acc=0.5300 (folds=10)
2026-06-07 05:14:32 | INFO    | train_session_models | [within] deepconvnet sub-014/ses-02 seed=1 acc=0.5100 (folds=10)
2026-06-07 05:15:22 | INFO    | train_session_models | [within] deepconvnet sub-014/ses-03 seed=1 acc=0.4850 (folds=10)
2026-06-07 05:16:20 | INFO    | train_session_models | [within] deepconvnet sub-015/ses-01 seed=1 acc=0.6800 (folds=10)
2026-06-07 05:17:11 | INFO    | train_session_models | [within] deepconvnet sub-015/ses-02 seed=1 acc=0.6750 (folds=10)
2026-06-07 05:18:06 | INFO    | train_session_models | [within] deepconvnet sub-015/ses-03 seed=1 acc=0.5300 (folds=10)
2026-06-07 05:19:02 | INFO    | train_session_models | [within] deepconvnet sub-016/ses-01 seed=1 acc=0.6950 (folds=10)
2026-06-07 05:19:54 | INFO    | train_session_models | [within] deepconvnet sub-016/ses-02 seed=1 acc=0.5800 (folds=10)
2026-06-07 05:20:38 | INFO    | train_session_models | [within] deepconvnet sub-016/ses-03 seed=1 acc=0.5300 (folds=10)
2026-06-07 05:21:52 | INFO    | train_session_models | [within] deepconvnet sub-017/ses-01 seed=1 acc=0.6750 (folds=10)
2026-06-07 05:22:56 | INFO    | train_session_models | [within] deepconvnet sub-017/ses-02 seed=1 acc=0.7300 (folds=10)
2026-06-07 05:24:08 | INFO    | train_session_models | [within] deepconvnet sub-017/ses-03 seed=1 acc=0.8150 (folds=10)
2026-06-07 05:26:04 | INFO    | train_session_models | [within] deepconvnet sub-018/ses-01 seed=1 acc=0.7100 (folds=10)
2026-06-07 05:26:54 | INFO    | train_session_models | [within] deepconvnet sub-018/ses-02 seed=1 acc=0.6000 (folds=10)
2026-06-07 05:28:06 | INFO    | train_session_models | [within] deepconvnet sub-018/ses-03 seed=1 acc=0.5500 (folds=10)
2026-06-07 05:29:04 | INFO    | train_session_models | [within] deepconvnet sub-019/ses-01 seed=1 acc=0.5200 (folds=10)
2026-06-07 05:29:57 | INFO    | train_session_models | [within] deepconvnet sub-019/ses-02 seed=1 acc=0.7000 (folds=10)
2026-06-07 05:31:10 | INFO    | train_session_models | [within] deepconvnet sub-019/ses-03 seed=1 acc=0.8550 (folds=10)
2026-06-07 05:32:47 | INFO    | train_session_models | [within] deepconvnet sub-020/ses-01 seed=1 acc=0.9350 (folds=10)
2026-06-07 05:34:44 | INFO    | train_session_models | [within] deepconvnet sub-020/ses-02 seed=1 acc=0.9450 (folds=10)
2026-06-07 05:36:28 | INFO    | train_session_models | [within] deepconvnet sub-020/ses-03 seed=1 acc=0.9500 (folds=10)
2026-06-07 05:37:39 | INFO    | train_session_models | [within] deepconvnet sub-021/ses-01 seed=1 acc=0.5650 (folds=10)
2026-06-07 05:39:11 | INFO    | train_session_models | [within] deepconvnet sub-021/ses-02 seed=1 acc=0.7050 (folds=10)
2026-06-07 05:40:00 | INFO    | train_session_models | [within] deepconvnet sub-021/ses-03 seed=1 acc=0.7300 (folds=10)
2026-06-07 05:41:25 | INFO    | train_session_models | [within] deepconvnet sub-022/ses-01 seed=1 acc=0.7850 (folds=10)
2026-06-07 05:42:48 | INFO    | train_session_models | [within] deepconvnet sub-022/ses-02 seed=1 acc=0.7300 (folds=10)
2026-06-07 05:43:56 | INFO    | train_session_models | [within] deepconvnet sub-022/ses-03 seed=1 acc=0.7300 (folds=10)
2026-06-07 05:45:33 | INFO    | train_session_models | [within] deepconvnet sub-023/ses-02 seed=1 acc=0.8100 (folds=10)
2026-06-07 05:47:15 | INFO    | train_session_models | [within] deepconvnet sub-023/ses-03 seed=1 acc=0.9100 (folds=10)
2026-06-07 05:48:05 | INFO    | train_session_models | [within] deepconvnet sub-024/ses-01 seed=1 acc=0.9400 (folds=10)
2026-06-07 05:49:27 | INFO    | train_session_models | [within] deepconvnet sub-025/ses-01 seed=1 acc=0.9150 (folds=10)
2026-06-07 05:50:36 | INFO    | train_session_models | [within] deepconvnet sub-025/ses-02 seed=1 acc=0.9150 (folds=10)
2026-06-07 05:51:52 | INFO    | train_session_models | [within] deepconvnet sub-025/ses-03 seed=1 acc=0.8550 (folds=10)
2026-06-07 05:52:44 | INFO    | train_session_models | [within] deepconvnet sub-026/ses-02 seed=1 acc=0.8500 (folds=10)
2026-06-07 05:53:48 | INFO    | train_session_models | [within] deepconvnet sub-026/ses-03 seed=1 acc=0.9350 (folds=10)
2026-06-07 05:55:25 | INFO    | train_session_models | [within] deepconvnet sub-027/ses-01 seed=1 acc=0.8050 (folds=10)
2026-06-07 05:56:32 | INFO    | train_session_models | [within] deepconvnet sub-027/ses-02 seed=1 acc=0.6650 (folds=10)
2026-06-07 05:58:07 | INFO    | train_session_models | [within] deepconvnet sub-027/ses-03 seed=1 acc=0.8350 (folds=10)
2026-06-07 05:59:43 | INFO    | train_session_models | [within] deepconvnet sub-028/ses-01 seed=1 acc=0.8950 (folds=10)
2026-06-07 06:00:57 | INFO    | train_session_models | [within] deepconvnet sub-028/ses-02 seed=1 acc=0.7050 (folds=10)
2026-06-07 06:01:49 | INFO    | train_session_models | [within] deepconvnet sub-028/ses-03 seed=1 acc=0.6800 (folds=10)
2026-06-07 06:03:42 | INFO    | train_session_models | [within] deepconvnet sub-029/ses-01 seed=1 acc=0.9000 (folds=10)
2026-06-07 06:05:20 | INFO    | train_session_models | [within] deepconvnet sub-029/ses-02 seed=1 acc=0.9400 (folds=10)
2026-06-07 06:06:45 | INFO    | train_session_models | [within] deepconvnet sub-029/ses-03 seed=1 acc=0.9500 (folds=10)
2026-06-07 06:08:07 | INFO    | train_session_models | [within] deepconvnet sub-030/ses-01 seed=1 acc=0.5950 (folds=10)
2026-06-07 06:08:53 | INFO    | train_session_models | [within] deepconvnet sub-030/ses-02 seed=1 acc=0.8800 (folds=10)
2026-06-07 06:09:34 | INFO    | train_session_models | [within] deepconvnet sub-030/ses-03 seed=1 acc=0.8450 (folds=10)
2026-06-07 06:10:53 | INFO    | train_session_models | [within] deepconvnet sub-031/ses-01 seed=1 acc=0.8000 (folds=10)
2026-06-07 06:11:51 | INFO    | train_session_models | [within] deepconvnet sub-031/ses-02 seed=1 acc=0.7250 (folds=10)
2026-06-07 06:12:48 | INFO    | train_session_models | [within] deepconvnet sub-031/ses-03 seed=1 acc=0.7750 (folds=10)
2026-06-07 06:13:41 | INFO    | train_session_models | [within] deepconvnet sub-032/ses-01 seed=1 acc=0.6050 (folds=10)
2026-06-07 06:14:46 | INFO    | train_session_models | [within] deepconvnet sub-032/ses-03 seed=1 acc=0.8150 (folds=10)
2026-06-07 06:15:48 | INFO    | train_session_models | [within] deepconvnet sub-033/ses-01 seed=1 acc=0.8450 (folds=10)
2026-06-07 06:17:15 | INFO    | train_session_models | [within] deepconvnet sub-033/ses-02 seed=1 acc=0.8700 (folds=10)
2026-06-07 06:18:56 | INFO    | train_session_models | [within] deepconvnet sub-033/ses-03 seed=1 acc=0.9150 (folds=10)
2026-06-07 06:19:41 | INFO    | train_session_models | [within] deepconvnet sub-034/ses-01 seed=1 acc=0.6350 (folds=10)
2026-06-07 06:21:08 | INFO    | train_session_models | [within] deepconvnet sub-034/ses-02 seed=1 acc=0.8850 (folds=10)
2026-06-07 06:22:43 | INFO    | train_session_models | [within] deepconvnet sub-034/ses-03 seed=1 acc=0.8900 (folds=10)
2026-06-07 06:24:45 | INFO    | train_session_models | [within] deepconvnet sub-035/ses-01 seed=1 acc=0.9600 (folds=10)
2026-06-07 06:26:50 | INFO    | train_session_models | [within] deepconvnet sub-035/ses-02 seed=1 acc=0.9750 (folds=10)
2026-06-07 06:28:27 | INFO    | train_session_models | [within] deepconvnet sub-035/ses-03 seed=1 acc=0.9050 (folds=10)
2026-06-07 06:29:48 | INFO    | train_session_models | [within] deepconvnet sub-036/ses-01 seed=1 acc=0.8350 (folds=10)
2026-06-07 06:31:27 | INFO    | train_session_models | [within] deepconvnet sub-036/ses-02 seed=1 acc=0.9350 (folds=10)
2026-06-07 06:33:17 | INFO    | train_session_models | [within] deepconvnet sub-036/ses-03 seed=1 acc=0.9700 (folds=10)
2026-06-07 06:34:55 | INFO    | train_session_models | [within] deepconvnet sub-037/ses-01 seed=1 acc=0.9000 (folds=10)
2026-06-07 06:35:46 | INFO    | train_session_models | [within] deepconvnet sub-037/ses-02 seed=1 acc=0.8950 (folds=10)
2026-06-07 06:36:42 | INFO    | train_session_models | [within] deepconvnet sub-037/ses-03 seed=1 acc=0.8750 (folds=10)
2026-06-07 06:37:36 | INFO    | train_session_models | [within] deepconvnet sub-038/ses-01 seed=1 acc=0.4800 (folds=10)
2026-06-07 06:38:28 | INFO    | train_session_models | [within] deepconvnet sub-038/ses-02 seed=1 acc=0.7050 (folds=10)
2026-06-07 06:40:04 | INFO    | train_session_models | [within] deepconvnet sub-038/ses-03 seed=1 acc=0.9050 (folds=10)
2026-06-07 06:41:09 | INFO    | train_session_models | [within] deepconvnet sub-039/ses-01 seed=1 acc=0.6700 (folds=10)
2026-06-07 06:42:03 | INFO    | train_session_models | [within] deepconvnet sub-039/ses-02 seed=1 acc=0.8100 (folds=10)
2026-06-07 06:42:49 | INFO    | train_session_models | [within] deepconvnet sub-039/ses-03 seed=1 acc=0.7050 (folds=10)
2026-06-07 06:43:46 | INFO    | train_session_models | [within] deepconvnet sub-040/ses-01 seed=1 acc=0.6700 (folds=10)
2026-06-07 06:44:37 | INFO    | train_session_models | [within] deepconvnet sub-040/ses-02 seed=1 acc=0.5750 (folds=10)
2026-06-07 06:45:35 | INFO    | train_session_models | [within] deepconvnet sub-040/ses-03 seed=1 acc=0.7100 (folds=10)
2026-06-07 06:46:46 | INFO    | train_session_models | [within] deepconvnet sub-041/ses-01 seed=1 acc=0.8300 (folds=10)
2026-06-07 06:47:47 | INFO    | train_session_models | [within] deepconvnet sub-041/ses-02 seed=1 acc=0.8250 (folds=10)
2026-06-07 06:48:51 | INFO    | train_session_models | [within] deepconvnet sub-041/ses-03 seed=1 acc=0.8550 (folds=10)
2026-06-07 06:50:01 | INFO    | train_session_models | [within] deepconvnet sub-042/ses-01 seed=1 acc=0.7400 (folds=10)
2026-06-07 06:51:21 | INFO    | train_session_models | [within] deepconvnet sub-042/ses-02 seed=1 acc=0.6650 (folds=10)
2026-06-07 06:52:25 | INFO    | train_session_models | [within] deepconvnet sub-042/ses-03 seed=1 acc=0.5750 (folds=10)
2026-06-07 06:54:08 | INFO    | train_session_models | [within] deepconvnet sub-043/ses-01 seed=1 acc=0.9650 (folds=10)
2026-06-07 06:55:48 | INFO    | train_session_models | [within] deepconvnet sub-043/ses-02 seed=1 acc=0.9400 (folds=10)
2026-06-07 06:57:48 | INFO    | train_session_models | [within] deepconvnet sub-043/ses-03 seed=1 acc=0.9350 (folds=10)
2026-06-07 06:58:41 | INFO    | train_session_models | [within] deepconvnet sub-044/ses-01 seed=1 acc=0.5300 (folds=10)
2026-06-07 06:59:36 | INFO    | train_session_models | [within] deepconvnet sub-044/ses-02 seed=1 acc=0.6300 (folds=10)
2026-06-07 07:00:35 | INFO    | train_session_models | [within] deepconvnet sub-044/ses-03 seed=1 acc=0.6550 (folds=10)
2026-06-07 07:01:36 | INFO    | train_session_models | [within] deepconvnet sub-045/ses-01 seed=1 acc=0.6650 (folds=10)
2026-06-07 07:02:34 | INFO    | train_session_models | [within] deepconvnet sub-045/ses-02 seed=1 acc=0.6950 (folds=10)
2026-06-07 07:04:11 | INFO    | train_session_models | [within] deepconvnet sub-045/ses-03 seed=1 acc=0.8600 (folds=10)
2026-06-07 07:06:05 | INFO    | train_session_models | [within] deepconvnet sub-046/ses-01 seed=1 acc=0.9750 (folds=10)
2026-06-07 07:08:25 | INFO    | train_session_models | [within] deepconvnet sub-046/ses-02 seed=1 acc=0.9700 (folds=10)
2026-06-07 07:10:31 | INFO    | train_session_models | [within] deepconvnet sub-046/ses-03 seed=1 acc=0.9500 (folds=10)
2026-06-07 07:11:25 | INFO    | train_session_models | [within] deepconvnet sub-047/ses-01 seed=1 acc=0.7250 (folds=10)
2026-06-07 07:12:49 | INFO    | train_session_models | [within] deepconvnet sub-047/ses-02 seed=1 acc=0.7350 (folds=10)
2026-06-07 07:13:56 | INFO    | train_session_models | [within] deepconvnet sub-047/ses-03 seed=1 acc=0.7050 (folds=10)
2026-06-07 07:14:49 | INFO    | train_session_models | [within] deepconvnet sub-048/ses-01 seed=1 acc=0.8000 (folds=10)
2026-06-07 07:15:50 | INFO    | train_session_models | [within] deepconvnet sub-048/ses-02 seed=1 acc=0.8300 (folds=10)
2026-06-07 07:16:36 | INFO    | train_session_models | [within] deepconvnet sub-048/ses-03 seed=1 acc=0.7950 (folds=10)
2026-06-07 07:17:35 | INFO    | train_session_models | [within] deepconvnet sub-049/ses-01 seed=1 acc=0.8500 (folds=10)
2026-06-07 07:19:19 | INFO    | train_session_models | [within] deepconvnet sub-049/ses-02 seed=1 acc=0.6500 (folds=10)
2026-06-07 07:20:44 | INFO    | train_session_models | [within] deepconvnet sub-049/ses-03 seed=1 acc=0.9100 (folds=10)
2026-06-07 07:21:49 | INFO    | train_session_models | [within] deepconvnet sub-050/ses-01 seed=1 acc=0.7900 (folds=10)
2026-06-07 07:23:33 | INFO    | train_session_models | [within] deepconvnet sub-050/ses-02 seed=1 acc=0.9150 (folds=10)
2026-06-07 07:24:52 | INFO    | train_session_models | [within] deepconvnet sub-050/ses-03 seed=1 acc=0.9150 (folds=10)
2026-06-07 07:26:11 | INFO    | train_session_models | [within] deepconvnet sub-051/ses-01 seed=1 acc=0.7950 (folds=10)
2026-06-07 07:27:13 | INFO    | train_session_models | [within] deepconvnet sub-051/ses-02 seed=1 acc=0.6550 (folds=10)
2026-06-07 07:28:22 | INFO    | train_session_models | [within] deepconvnet sub-051/ses-03 seed=1 acc=0.7650 (folds=10)
2026-06-07 07:28:22 | INFO    | train_session_models | within__deepconvnet: 1480 rows -> /share/home/yuan/SYX/eeg-mi-online/outputs/experiments/session_model_compare_v1/runs/within__deepconvnet__seed*.csv (seeds=[1], 10901.1s)
2026-06-07 07:28:22 | INFO    | train_session_models | === RUN within__fbcnet ===
2026-06-07 07:29:27 | INFO    | train_session_models | [within] fbcnet      sub-001/ses-01 seed=1 acc=0.6850 (folds=10)
2026-06-07 07:31:41 | INFO    | train_session_models | [within] fbcnet      sub-001/ses-02 seed=1 acc=0.8550 (folds=10)
2026-06-07 07:33:58 | INFO    | train_session_models | [within] fbcnet      sub-001/ses-03 seed=1 acc=0.8750 (folds=10)
2026-06-07 07:34:35 | INFO    | train_session_models | [within] fbcnet      sub-002/ses-01 seed=1 acc=0.5150 (folds=10)
2026-06-07 07:35:14 | INFO    | train_session_models | [within] fbcnet      sub-002/ses-02 seed=1 acc=0.4650 (folds=10)
2026-06-07 07:36:03 | INFO    | train_session_models | [within] fbcnet      sub-002/ses-03 seed=1 acc=0.6200 (folds=10)
2026-06-07 07:37:53 | INFO    | train_session_models | [within] fbcnet      sub-003/ses-01 seed=1 acc=0.7850 (folds=10)
2026-06-07 07:39:40 | INFO    | train_session_models | [within] fbcnet      sub-003/ses-02 seed=1 acc=0.8300 (folds=10)
2026-06-07 07:40:50 | INFO    | train_session_models | [within] fbcnet      sub-003/ses-03 seed=1 acc=0.7900 (folds=10)
2026-06-07 07:41:30 | INFO    | train_session_models | [within] fbcnet      sub-004/ses-01 seed=1 acc=0.5500 (folds=10)
2026-06-07 07:42:07 | INFO    | train_session_models | [within] fbcnet      sub-004/ses-02 seed=1 acc=0.5350 (folds=10)
2026-06-07 07:42:47 | INFO    | train_session_models | [within] fbcnet      sub-004/ses-03 seed=1 acc=0.4750 (folds=10)
2026-06-07 07:44:50 | INFO    | train_session_models | [within] fbcnet      sub-005/ses-01 seed=1 acc=0.8100 (folds=10)
2026-06-07 07:46:38 | INFO    | train_session_models | [within] fbcnet      sub-005/ses-02 seed=1 acc=0.8400 (folds=10)
2026-06-07 07:48:40 | INFO    | train_session_models | [within] fbcnet      sub-005/ses-03 seed=1 acc=0.8250 (folds=10)
2026-06-07 07:51:00 | INFO    | train_session_models | [within] fbcnet      sub-006/ses-01 seed=1 acc=0.9400 (folds=10)
2026-06-07 07:52:44 | INFO    | train_session_models | [within] fbcnet      sub-006/ses-02 seed=1 acc=0.9400 (folds=10)
2026-06-07 07:55:09 | INFO    | train_session_models | [within] fbcnet      sub-006/ses-03 seed=1 acc=0.9450 (folds=10)
2026-06-07 07:55:53 | INFO    | train_session_models | [within] fbcnet      sub-007/ses-01 seed=1 acc=0.5450 (folds=10)
2026-06-07 07:56:55 | INFO    | train_session_models | [within] fbcnet      sub-007/ses-02 seed=1 acc=0.6700 (folds=10)
2026-06-07 07:58:26 | INFO    | train_session_models | [within] fbcnet      sub-007/ses-03 seed=1 acc=0.7500 (folds=10)
2026-06-07 07:59:13 | INFO    | train_session_models | [within] fbcnet      sub-008/ses-01 seed=1 acc=0.5700 (folds=10)
2026-06-07 08:00:33 | INFO    | train_session_models | [within] fbcnet      sub-008/ses-02 seed=1 acc=0.7100 (folds=10)
2026-06-07 08:02:13 | INFO    | train_session_models | [within] fbcnet      sub-008/ses-03 seed=1 acc=0.8200 (folds=10)
2026-06-07 08:03:03 | INFO    | train_session_models | [within] fbcnet      sub-009/ses-01 seed=1 acc=0.5200 (folds=10)
2026-06-07 08:03:48 | INFO    | train_session_models | [within] fbcnet      sub-009/ses-02 seed=1 acc=0.6150 (folds=10)
2026-06-07 08:04:26 | INFO    | train_session_models | [within] fbcnet      sub-009/ses-03 seed=1 acc=0.5250 (folds=10)
2026-06-07 08:05:20 | INFO    | train_session_models | [within] fbcnet      sub-010/ses-01 seed=1 acc=0.5400 (folds=10)
2026-06-07 08:06:33 | INFO    | train_session_models | [within] fbcnet      sub-010/ses-02 seed=1 acc=0.6550 (folds=10)
2026-06-07 08:08:16 | INFO    | train_session_models | [within] fbcnet      sub-010/ses-03 seed=1 acc=0.7200 (folds=10)
2026-06-07 08:10:06 | INFO    | train_session_models | [within] fbcnet      sub-011/ses-01 seed=1 acc=0.8600 (folds=10)
2026-06-07 08:11:14 | INFO    | train_session_models | [within] fbcnet      sub-011/ses-02 seed=1 acc=0.6800 (folds=10)
2026-06-07 08:12:24 | INFO    | train_session_models | [within] fbcnet      sub-011/ses-03 seed=1 acc=0.7500 (folds=10)
2026-06-07 08:13:01 | INFO    | train_session_models | [within] fbcnet      sub-012/ses-01 seed=1 acc=0.6000 (folds=10)
2026-06-07 08:13:37 | INFO    | train_session_models | [within] fbcnet      sub-012/ses-02 seed=1 acc=0.4650 (folds=10)
2026-06-07 08:14:15 | INFO    | train_session_models | [within] fbcnet      sub-012/ses-03 seed=1 acc=0.5600 (folds=10)
2026-06-07 08:14:58 | INFO    | train_session_models | [within] fbcnet      sub-013/ses-01 seed=1 acc=0.5800 (folds=10)
2026-06-07 08:16:01 | INFO    | train_session_models | [within] fbcnet      sub-013/ses-02 seed=1 acc=0.5900 (folds=10)
2026-06-07 08:16:57 | INFO    | train_session_models | [within] fbcnet      sub-013/ses-03 seed=1 acc=0.5550 (folds=10)
2026-06-07 08:17:36 | INFO    | train_session_models | [within] fbcnet      sub-014/ses-01 seed=1 acc=0.5000 (folds=10)
2026-06-07 08:18:16 | INFO    | train_session_models | [within] fbcnet      sub-014/ses-02 seed=1 acc=0.5300 (folds=10)
2026-06-07 08:18:59 | INFO    | train_session_models | [within] fbcnet      sub-014/ses-03 seed=1 acc=0.4850 (folds=10)
2026-06-07 08:19:47 | INFO    | train_session_models | [within] fbcnet      sub-015/ses-01 seed=1 acc=0.5600 (folds=10)
2026-06-07 08:20:42 | INFO    | train_session_models | [within] fbcnet      sub-015/ses-02 seed=1 acc=0.6050 (folds=10)
2026-06-07 08:21:24 | INFO    | train_session_models | [within] fbcnet      sub-015/ses-03 seed=1 acc=0.5450 (folds=10)
2026-06-07 08:22:01 | INFO    | train_session_models | [within] fbcnet      sub-016/ses-01 seed=1 acc=0.5150 (folds=10)
2026-06-07 08:22:37 | INFO    | train_session_models | [within] fbcnet      sub-016/ses-02 seed=1 acc=0.4900 (folds=10)
2026-06-07 08:23:15 | INFO    | train_session_models | [within] fbcnet      sub-016/ses-03 seed=1 acc=0.5850 (folds=10)
2026-06-07 08:24:13 | INFO    | train_session_models | [within] fbcnet      sub-017/ses-01 seed=1 acc=0.5500 (folds=10)
2026-06-07 08:25:12 | INFO    | train_session_models | [within] fbcnet      sub-017/ses-02 seed=1 acc=0.6650 (folds=10)
2026-06-07 08:26:07 | INFO    | train_session_models | [within] fbcnet      sub-017/ses-03 seed=1 acc=0.7100 (folds=10)
2026-06-07 08:27:02 | INFO    | train_session_models | [within] fbcnet      sub-018/ses-01 seed=1 acc=0.5250 (folds=10)
2026-06-07 08:27:42 | INFO    | train_session_models | [within] fbcnet      sub-018/ses-02 seed=1 acc=0.5250 (folds=10)
2026-06-07 08:28:20 | INFO    | train_session_models | [within] fbcnet      sub-018/ses-03 seed=1 acc=0.5400 (folds=10)
2026-06-07 08:29:12 | INFO    | train_session_models | [within] fbcnet      sub-019/ses-01 seed=1 acc=0.6400 (folds=10)
2026-06-07 08:29:50 | INFO    | train_session_models | [within] fbcnet      sub-019/ses-02 seed=1 acc=0.5150 (folds=10)
2026-06-07 08:31:13 | INFO    | train_session_models | [within] fbcnet      sub-019/ses-03 seed=1 acc=0.7350 (folds=10)
2026-06-07 08:32:58 | INFO    | train_session_models | [within] fbcnet      sub-020/ses-01 seed=1 acc=0.8600 (folds=10)
2026-06-07 08:34:23 | INFO    | train_session_models | [within] fbcnet      sub-020/ses-02 seed=1 acc=0.7800 (folds=10)
2026-06-07 08:36:05 | INFO    | train_session_models | [within] fbcnet      sub-020/ses-03 seed=1 acc=0.8300 (folds=10)
2026-06-07 08:36:59 | INFO    | train_session_models | [within] fbcnet      sub-021/ses-01 seed=1 acc=0.6750 (folds=10)
2026-06-07 08:37:54 | INFO    | train_session_models | [within] fbcnet      sub-021/ses-02 seed=1 acc=0.5600 (folds=10)
2026-06-07 08:38:44 | INFO    | train_session_models | [within] fbcnet      sub-021/ses-03 seed=1 acc=0.6250 (folds=10)
2026-06-07 08:39:29 | INFO    | train_session_models | [within] fbcnet      sub-022/ses-01 seed=1 acc=0.6950 (folds=10)
2026-06-07 08:40:57 | INFO    | train_session_models | [within] fbcnet      sub-022/ses-02 seed=1 acc=0.6650 (folds=10)
2026-06-07 08:42:10 | INFO    | train_session_models | [within] fbcnet      sub-022/ses-03 seed=1 acc=0.6700 (folds=10)
2026-06-07 08:43:39 | INFO    | train_session_models | [within] fbcnet      sub-023/ses-02 seed=1 acc=0.8250 (folds=10)
2026-06-07 08:45:54 | INFO    | train_session_models | [within] fbcnet      sub-023/ses-03 seed=1 acc=0.9300 (folds=10)
2026-06-07 08:48:09 | INFO    | train_session_models | [within] fbcnet      sub-024/ses-01 seed=1 acc=0.8600 (folds=10)
2026-06-07 08:49:14 | INFO    | train_session_models | [within] fbcnet      sub-025/ses-01 seed=1 acc=0.7700 (folds=10)
2026-06-07 08:51:25 | INFO    | train_session_models | [within] fbcnet      sub-025/ses-02 seed=1 acc=0.8800 (folds=10)
2026-06-07 08:52:52 | INFO    | train_session_models | [within] fbcnet      sub-025/ses-03 seed=1 acc=0.6700 (folds=10)
2026-06-07 08:54:31 | INFO    | train_session_models | [within] fbcnet      sub-026/ses-02 seed=1 acc=0.8300 (folds=10)
2026-06-07 08:56:29 | INFO    | train_session_models | [within] fbcnet      sub-026/ses-03 seed=1 acc=0.8500 (folds=10)
2026-06-07 08:57:35 | INFO    | train_session_models | [within] fbcnet      sub-027/ses-01 seed=1 acc=0.7150 (folds=10)
2026-06-07 08:58:39 | INFO    | train_session_models | [within] fbcnet      sub-027/ses-02 seed=1 acc=0.6650 (folds=10)
2026-06-07 08:59:37 | INFO    | train_session_models | [within] fbcnet      sub-027/ses-03 seed=1 acc=0.7350 (folds=10)
2026-06-07 09:01:32 | INFO    | train_session_models | [within] fbcnet      sub-028/ses-01 seed=1 acc=0.8700 (folds=10)
2026-06-07 09:03:31 | INFO    | train_session_models | [within] fbcnet      sub-028/ses-02 seed=1 acc=0.8350 (folds=10)
2026-06-07 09:05:19 | INFO    | train_session_models | [within] fbcnet      sub-028/ses-03 seed=1 acc=0.8250 (folds=10)
2026-06-07 09:07:06 | INFO    | train_session_models | [within] fbcnet      sub-029/ses-01 seed=1 acc=0.9650 (folds=10)
2026-06-07 09:09:07 | INFO    | train_session_models | [within] fbcnet      sub-029/ses-02 seed=1 acc=0.9750 (folds=10)
2026-06-07 09:11:01 | INFO    | train_session_models | [within] fbcnet      sub-029/ses-03 seed=1 acc=0.9400 (folds=10)
2026-06-07 09:12:22 | INFO    | train_session_models | [within] fbcnet      sub-030/ses-01 seed=1 acc=0.7900 (folds=10)
2026-06-07 09:14:09 | INFO    | train_session_models | [within] fbcnet      sub-030/ses-02 seed=1 acc=0.8050 (folds=10)
2026-06-07 09:15:17 | INFO    | train_session_models | [within] fbcnet      sub-030/ses-03 seed=1 acc=0.8200 (folds=10)
2026-06-07 09:16:03 | INFO    | train_session_models | [within] fbcnet      sub-031/ses-01 seed=1 acc=0.6200 (folds=10)
2026-06-07 09:16:52 | INFO    | train_session_models | [within] fbcnet      sub-031/ses-02 seed=1 acc=0.6150 (folds=10)
2026-06-07 09:17:56 | INFO    | train_session_models | [within] fbcnet      sub-031/ses-03 seed=1 acc=0.6350 (folds=10)
2026-06-07 09:19:10 | INFO    | train_session_models | [within] fbcnet      sub-032/ses-01 seed=1 acc=0.6700 (folds=10)
2026-06-07 09:19:51 | INFO    | train_session_models | [within] fbcnet      sub-032/ses-03 seed=1 acc=0.6000 (folds=10)
2026-06-07 09:21:50 | INFO    | train_session_models | [within] fbcnet      sub-033/ses-01 seed=1 acc=0.9650 (folds=10)
2026-06-07 09:23:56 | INFO    | train_session_models | [within] fbcnet      sub-033/ses-02 seed=1 acc=0.9700 (folds=10)
2026-06-07 09:25:36 | INFO    | train_session_models | [within] fbcnet      sub-033/ses-03 seed=1 acc=0.9600 (folds=10)
2026-06-07 09:26:38 | INFO    | train_session_models | [within] fbcnet      sub-034/ses-01 seed=1 acc=0.5450 (folds=10)
2026-06-07 09:28:22 | INFO    | train_session_models | [within] fbcnet      sub-034/ses-02 seed=1 acc=0.8050 (folds=10)
2026-06-07 09:29:05 | INFO    | train_session_models | [within] fbcnet      sub-034/ses-03 seed=1 acc=0.5400 (folds=10)
2026-06-07 09:31:19 | INFO    | train_session_models | [within] fbcnet      sub-035/ses-01 seed=1 acc=0.9000 (folds=10)
2026-06-07 09:33:34 | INFO    | train_session_models | [within] fbcnet      sub-035/ses-02 seed=1 acc=0.9550 (folds=10)
2026-06-07 09:35:30 | INFO    | train_session_models | [within] fbcnet      sub-035/ses-03 seed=1 acc=0.8500 (folds=10)
2026-06-07 09:37:17 | INFO    | train_session_models | [within] fbcnet      sub-036/ses-01 seed=1 acc=0.7800 (folds=10)
2026-06-07 09:39:41 | INFO    | train_session_models | [within] fbcnet      sub-036/ses-02 seed=1 acc=0.9050 (folds=10)
2026-06-07 09:42:04 | INFO    | train_session_models | [within] fbcnet      sub-036/ses-03 seed=1 acc=0.9750 (folds=10)
2026-06-07 09:42:59 | INFO    | train_session_models | [within] fbcnet      sub-037/ses-01 seed=1 acc=0.6700 (folds=10)
2026-06-07 09:43:56 | INFO    | train_session_models | [within] fbcnet      sub-037/ses-02 seed=1 acc=0.7950 (folds=10)
2026-06-07 09:45:41 | INFO    | train_session_models | [within] fbcnet      sub-037/ses-03 seed=1 acc=0.8250 (folds=10)
2026-06-07 09:46:36 | INFO    | train_session_models | [within] fbcnet      sub-038/ses-01 seed=1 acc=0.4900 (folds=10)
2026-06-07 09:47:47 | INFO    | train_session_models | [within] fbcnet      sub-038/ses-02 seed=1 acc=0.6500 (folds=10)
2026-06-07 09:48:27 | INFO    | train_session_models | [within] fbcnet      sub-038/ses-03 seed=1 acc=0.5100 (folds=10)
2026-06-07 09:49:49 | INFO    | train_session_models | [within] fbcnet      sub-039/ses-01 seed=1 acc=0.6950 (folds=10)
2026-06-07 09:51:15 | INFO    | train_session_models | [within] fbcnet      sub-039/ses-02 seed=1 acc=0.6450 (folds=10)
2026-06-07 09:52:39 | INFO    | train_session_models | [within] fbcnet      sub-039/ses-03 seed=1 acc=0.7900 (folds=10)
2026-06-07 09:54:26 | INFO    | train_session_models | [within] fbcnet      sub-040/ses-01 seed=1 acc=0.7200 (folds=10)
2026-06-07 09:55:09 | INFO    | train_session_models | [within] fbcnet      sub-040/ses-02 seed=1 acc=0.5750 (folds=10)
2026-06-07 09:56:39 | INFO    | train_session_models | [within] fbcnet      sub-040/ses-03 seed=1 acc=0.7500 (folds=10)
2026-06-07 09:57:56 | INFO    | train_session_models | [within] fbcnet      sub-041/ses-01 seed=1 acc=0.8200 (folds=10)
2026-06-07 09:59:40 | INFO    | train_session_models | [within] fbcnet      sub-041/ses-02 seed=1 acc=0.7700 (folds=10)
2026-06-07 10:01:30 | INFO    | train_session_models | [within] fbcnet      sub-041/ses-03 seed=1 acc=0.8400 (folds=10)
2026-06-07 10:03:07 | INFO    | train_session_models | [within] fbcnet      sub-042/ses-01 seed=1 acc=0.7550 (folds=10)
2026-06-07 10:03:58 | INFO    | train_session_models | [within] fbcnet      sub-042/ses-02 seed=1 acc=0.6100 (folds=10)
2026-06-07 10:05:06 | INFO    | train_session_models | [within] fbcnet      sub-042/ses-03 seed=1 acc=0.5600 (folds=10)
2026-06-07 10:07:38 | INFO    | train_session_models | [within] fbcnet      sub-043/ses-01 seed=1 acc=0.9850 (folds=10)
2026-06-07 10:10:07 | INFO    | train_session_models | [within] fbcnet      sub-043/ses-02 seed=1 acc=0.9550 (folds=10)
2026-06-07 10:12:41 | INFO    | train_session_models | [within] fbcnet      sub-043/ses-03 seed=1 acc=0.9750 (folds=10)
2026-06-07 10:13:20 | INFO    | train_session_models | [within] fbcnet      sub-044/ses-01 seed=1 acc=0.5600 (folds=10)
2026-06-07 10:14:00 | INFO    | train_session_models | [within] fbcnet      sub-044/ses-02 seed=1 acc=0.5900 (folds=10)
2026-06-07 10:14:47 | INFO    | train_session_models | [within] fbcnet      sub-044/ses-03 seed=1 acc=0.5350 (folds=10)
2026-06-07 10:15:47 | INFO    | train_session_models | [within] fbcnet      sub-045/ses-01 seed=1 acc=0.7150 (folds=10)
2026-06-07 10:17:00 | INFO    | train_session_models | [within] fbcnet      sub-045/ses-02 seed=1 acc=0.6250 (folds=10)
2026-06-07 10:18:31 | INFO    | train_session_models | [within] fbcnet      sub-045/ses-03 seed=1 acc=0.7950 (folds=10)
2026-06-07 10:21:00 | INFO    | train_session_models | [within] fbcnet      sub-046/ses-01 seed=1 acc=0.9650 (folds=10)
2026-06-07 10:23:10 | INFO    | train_session_models | [within] fbcnet      sub-046/ses-02 seed=1 acc=0.9550 (folds=10)
2026-06-07 10:25:42 | INFO    | train_session_models | [within] fbcnet      sub-046/ses-03 seed=1 acc=0.9200 (folds=10)
2026-06-07 10:27:16 | INFO    | train_session_models | [within] fbcnet      sub-047/ses-01 seed=1 acc=0.8150 (folds=10)
2026-06-07 10:28:29 | INFO    | train_session_models | [within] fbcnet      sub-047/ses-02 seed=1 acc=0.7500 (folds=10)
2026-06-07 10:30:45 | INFO    | train_session_models | [within] fbcnet      sub-047/ses-03 seed=1 acc=0.8600 (folds=10)
2026-06-07 10:31:31 | INFO    | train_session_models | [within] fbcnet      sub-048/ses-01 seed=1 acc=0.5250 (folds=10)
2026-06-07 10:32:34 | INFO    | train_session_models | [within] fbcnet      sub-048/ses-02 seed=1 acc=0.6200 (folds=10)
2026-06-07 10:34:08 | INFO    | train_session_models | [within] fbcnet      sub-048/ses-03 seed=1 acc=0.7500 (folds=10)
2026-06-07 10:36:08 | INFO    | train_session_models | [within] fbcnet      sub-049/ses-01 seed=1 acc=0.9600 (folds=10)
2026-06-07 10:37:37 | INFO    | train_session_models | [within] fbcnet      sub-049/ses-02 seed=1 acc=0.8600 (folds=10)
2026-06-07 10:38:55 | INFO    | train_session_models | [within] fbcnet      sub-049/ses-03 seed=1 acc=0.8650 (folds=10)
2026-06-07 10:41:00 | INFO    | train_session_models | [within] fbcnet      sub-050/ses-01 seed=1 acc=0.7850 (folds=10)
2026-06-07 10:43:20 | INFO    | train_session_models | [within] fbcnet      sub-050/ses-02 seed=1 acc=0.9450 (folds=10)
2026-06-07 10:45:41 | INFO    | train_session_models | [within] fbcnet      sub-050/ses-03 seed=1 acc=0.8350 (folds=10)
2026-06-07 10:47:20 | INFO    | train_session_models | [within] fbcnet      sub-051/ses-01 seed=1 acc=0.7300 (folds=10)
2026-06-07 10:49:01 | INFO    | train_session_models | [within] fbcnet      sub-051/ses-02 seed=1 acc=0.7700 (folds=10)
2026-06-07 10:50:38 | INFO    | train_session_models | [within] fbcnet      sub-051/ses-03 seed=1 acc=0.7950 (folds=10)
2026-06-07 10:50:38 | INFO    | train_session_models | within__fbcnet: 1480 rows -> /share/home/yuan/SYX/eeg-mi-online/outputs/experiments/session_model_compare_v1/runs/within__fbcnet__seed*.csv (seeds=[1], 12135.9s)
2026-06-07 10:50:38 | INFO    | train_session_models | ALL DONE in 33262.1s | outputs in /share/home/yuan/SYX/eeg-mi-online/outputs/experiments/session_model_compare_v1
--------------------------------------------------------
Done: Sun Jun  7 10:50:38 CST 2026
========================================================
