========================================================
Project : /share/home/yuan/SYX/eeg-mi-online
Env     : mi_torch_cu118
Args    : --config configs/session_model_compare.yaml --models eegnet,deepconvnet,fbcnet --protocol within --seeds 2
Node    : gpu01  |  Start: Sun Jun  7 03:22:55 CST 2026
========================================================
[env] python: /share/home/yuan/.conda/envs/mi_torch_cu118/bin/python | CONDA_DEFAULT_ENV=mi_torch_cu118
Sun Jun  7 03:22:55 2026       
+-----------------------------------------------------------------------------------------+
| NVIDIA-SMI 570.153.02             Driver Version: 570.153.02     CUDA Version: 12.8     |
|-----------------------------------------+------------------------+----------------------+
| GPU  Name                 Persistence-M | Bus-Id          Disp.A | Volatile Uncorr. ECC |
| Fan  Temp   Perf          Pwr:Usage/Cap |           Memory-Usage | GPU-Util  Compute M. |
|                                         |                        |               MIG M. |
|=========================================+========================+======================|
|   0  NVIDIA GeForce RTX 4090 D      On  |   00000000:C1:00.0 Off |                  Off |
| 35%   44C    P0             63W /  425W |       1MiB /  24564MiB |      0%      Default |
|                                         |                        |                  N/A |
+-----------------------------------------+------------------------+----------------------+
                                                                                         
+-----------------------------------------------------------------------------------------+
| Processes:                                                                              |
|  GPU   GI   CI              PID   Type   Process name                        GPU Memory |
|        ID   ID                                                               Usage      |
|=========================================================================================|
|  No running processes found                                                             |
+-----------------------------------------------------------------------------------------+
[cuda-check] torch=2.7.1+cu118 cuda_build=11.8 cuda_avail=True
2026-06-07 03:22:58 | INFO    | train_session_models | device=cuda | cuda={'torch': '2.7.1+cu118', 'cuda_build': '11.8', 'cuda_available': True, 'device': 'cuda', 'device_name': 'NVIDIA GeForce RTX 4090 D'}
2026-06-07 03:22:58 | INFO    | train_session_models | loaded 148 ok sessions across 51 subjects | models=['eegnet', 'deepconvnet', 'fbcnet'] | protocols=['within'] | seeds=[2] | folds=10
2026-06-07 03:22:58 | INFO    | train_session_models | === RUN within__eegnet ===
2026-06-07 03:24:16 | INFO    | train_session_models | [within] eegnet      sub-001/ses-01 seed=2 acc=0.7750 (folds=10)
2026-06-07 03:26:06 | INFO    | train_session_models | [within] eegnet      sub-001/ses-02 seed=2 acc=0.9900 (folds=10)
2026-06-07 03:28:10 | INFO    | train_session_models | [within] eegnet      sub-001/ses-03 seed=2 acc=0.9500 (folds=10)
2026-06-07 03:28:55 | INFO    | train_session_models | [within] eegnet      sub-002/ses-01 seed=2 acc=0.6300 (folds=10)
2026-06-07 03:29:31 | INFO    | train_session_models | [within] eegnet      sub-002/ses-02 seed=2 acc=0.5650 (folds=10)
2026-06-07 03:30:19 | INFO    | train_session_models | [within] eegnet      sub-002/ses-03 seed=2 acc=0.7800 (folds=10)
2026-06-07 03:31:44 | INFO    | train_session_models | [within] eegnet      sub-003/ses-01 seed=2 acc=0.9000 (folds=10)
2026-06-07 03:33:12 | INFO    | train_session_models | [within] eegnet      sub-003/ses-02 seed=2 acc=0.8900 (folds=10)
2026-06-07 03:35:17 | INFO    | train_session_models | [within] eegnet      sub-003/ses-03 seed=2 acc=0.8700 (folds=10)
2026-06-07 03:35:49 | INFO    | train_session_models | [within] eegnet      sub-004/ses-01 seed=2 acc=0.5250 (folds=10)
2026-06-07 03:36:22 | INFO    | train_session_models | [within] eegnet      sub-004/ses-02 seed=2 acc=0.5550 (folds=10)
2026-06-07 03:36:54 | INFO    | train_session_models | [within] eegnet      sub-004/ses-03 seed=2 acc=0.5550 (folds=10)
2026-06-07 03:38:30 | INFO    | train_session_models | [within] eegnet      sub-005/ses-01 seed=2 acc=0.8950 (folds=10)
2026-06-07 03:40:12 | INFO    | train_session_models | [within] eegnet      sub-005/ses-02 seed=2 acc=0.8550 (folds=10)
2026-06-07 03:41:05 | INFO    | train_session_models | [within] eegnet      sub-005/ses-03 seed=2 acc=0.7250 (folds=10)
2026-06-07 03:42:27 | INFO    | train_session_models | [within] eegnet      sub-006/ses-01 seed=2 acc=0.9100 (folds=10)
2026-06-07 03:44:13 | INFO    | train_session_models | [within] eegnet      sub-006/ses-02 seed=2 acc=0.9700 (folds=10)
2026-06-07 03:45:52 | INFO    | train_session_models | [within] eegnet      sub-006/ses-03 seed=2 acc=0.9800 (folds=10)
2026-06-07 03:46:42 | INFO    | train_session_models | [within] eegnet      sub-007/ses-01 seed=2 acc=0.6300 (folds=10)
2026-06-07 03:47:26 | INFO    | train_session_models | [within] eegnet      sub-007/ses-02 seed=2 acc=0.8450 (folds=10)
2026-06-07 03:48:25 | INFO    | train_session_models | [within] eegnet      sub-007/ses-03 seed=2 acc=0.8600 (folds=10)
2026-06-07 03:49:34 | INFO    | train_session_models | [within] eegnet      sub-008/ses-01 seed=2 acc=0.7550 (folds=10)
2026-06-07 03:51:23 | INFO    | train_session_models | [within] eegnet      sub-008/ses-02 seed=2 acc=0.8750 (folds=10)
2026-06-07 03:52:59 | INFO    | train_session_models | [within] eegnet      sub-008/ses-03 seed=2 acc=0.9100 (folds=10)
2026-06-07 03:53:53 | INFO    | train_session_models | [within] eegnet      sub-009/ses-01 seed=2 acc=0.7500 (folds=10)
2026-06-07 03:54:31 | INFO    | train_session_models | [within] eegnet      sub-009/ses-02 seed=2 acc=0.7400 (folds=10)
2026-06-07 03:55:09 | INFO    | train_session_models | [within] eegnet      sub-009/ses-03 seed=2 acc=0.5000 (folds=10)
2026-06-07 03:55:50 | INFO    | train_session_models | [within] eegnet      sub-010/ses-01 seed=2 acc=0.7250 (folds=10)
2026-06-07 03:56:58 | INFO    | train_session_models | [within] eegnet      sub-010/ses-02 seed=2 acc=0.9050 (folds=10)
2026-06-07 03:58:13 | INFO    | train_session_models | [within] eegnet      sub-010/ses-03 seed=2 acc=0.8000 (folds=10)
2026-06-07 03:58:53 | INFO    | train_session_models | [within] eegnet      sub-011/ses-01 seed=2 acc=0.9250 (folds=10)
2026-06-07 03:59:44 | INFO    | train_session_models | [within] eegnet      sub-011/ses-02 seed=2 acc=0.7400 (folds=10)
2026-06-07 04:01:46 | INFO    | train_session_models | [within] eegnet      sub-011/ses-03 seed=2 acc=0.9800 (folds=10)
2026-06-07 04:02:18 | INFO    | train_session_models | [within] eegnet      sub-012/ses-01 seed=2 acc=0.4650 (folds=10)
2026-06-07 04:02:54 | INFO    | train_session_models | [within] eegnet      sub-012/ses-02 seed=2 acc=0.5700 (folds=10)
2026-06-07 04:03:36 | INFO    | train_session_models | [within] eegnet      sub-012/ses-03 seed=2 acc=0.6250 (folds=10)
2026-06-07 04:04:36 | INFO    | train_session_models | [within] eegnet      sub-013/ses-01 seed=2 acc=0.7950 (folds=10)
2026-06-07 04:06:06 | INFO    | train_session_models | [within] eegnet      sub-013/ses-02 seed=2 acc=0.8050 (folds=10)
2026-06-07 04:07:37 | INFO    | train_session_models | [within] eegnet      sub-013/ses-03 seed=2 acc=0.8700 (folds=10)
2026-06-07 04:08:11 | INFO    | train_session_models | [within] eegnet      sub-014/ses-01 seed=2 acc=0.4750 (folds=10)
2026-06-07 04:08:52 | INFO    | train_session_models | [within] eegnet      sub-014/ses-02 seed=2 acc=0.4950 (folds=10)
2026-06-07 04:09:24 | INFO    | train_session_models | [within] eegnet      sub-014/ses-03 seed=2 acc=0.5050 (folds=10)
2026-06-07 04:10:29 | INFO    | train_session_models | [within] eegnet      sub-015/ses-01 seed=2 acc=0.7500 (folds=10)
2026-06-07 04:11:30 | INFO    | train_session_models | [within] eegnet      sub-015/ses-02 seed=2 acc=0.7650 (folds=10)
2026-06-07 04:13:04 | INFO    | train_session_models | [within] eegnet      sub-015/ses-03 seed=2 acc=0.6100 (folds=10)
2026-06-07 04:13:43 | INFO    | train_session_models | [within] eegnet      sub-016/ses-01 seed=2 acc=0.7550 (folds=10)
2026-06-07 04:14:20 | INFO    | train_session_models | [within] eegnet      sub-016/ses-02 seed=2 acc=0.5650 (folds=10)
2026-06-07 04:14:53 | INFO    | train_session_models | [within] eegnet      sub-016/ses-03 seed=2 acc=0.5600 (folds=10)
2026-06-07 04:16:05 | INFO    | train_session_models | [within] eegnet      sub-017/ses-01 seed=2 acc=0.7700 (folds=10)
2026-06-07 04:17:04 | INFO    | train_session_models | [within] eegnet      sub-017/ses-02 seed=2 acc=0.8200 (folds=10)
2026-06-07 04:18:06 | INFO    | train_session_models | [within] eegnet      sub-017/ses-03 seed=2 acc=0.8350 (folds=10)
2026-06-07 04:19:56 | INFO    | train_session_models | [within] eegnet      sub-018/ses-01 seed=2 acc=0.7100 (folds=10)
2026-06-07 04:21:08 | INFO    | train_session_models | [within] eegnet      sub-018/ses-02 seed=2 acc=0.6900 (folds=10)
2026-06-07 04:22:00 | INFO    | train_session_models | [within] eegnet      sub-018/ses-03 seed=2 acc=0.7000 (folds=10)
2026-06-07 04:22:35 | INFO    | train_session_models | [within] eegnet      sub-019/ses-01 seed=2 acc=0.5950 (folds=10)
2026-06-07 04:23:31 | INFO    | train_session_models | [within] eegnet      sub-019/ses-02 seed=2 acc=0.7450 (folds=10)
2026-06-07 04:24:39 | INFO    | train_session_models | [within] eegnet      sub-019/ses-03 seed=2 acc=0.9100 (folds=10)
2026-06-07 04:26:13 | INFO    | train_session_models | [within] eegnet      sub-020/ses-01 seed=2 acc=0.9600 (folds=10)
2026-06-07 04:28:27 | INFO    | train_session_models | [within] eegnet      sub-020/ses-02 seed=2 acc=0.9800 (folds=10)
2026-06-07 04:29:38 | INFO    | train_session_models | [within] eegnet      sub-020/ses-03 seed=2 acc=0.9550 (folds=10)
2026-06-07 04:30:44 | INFO    | train_session_models | [within] eegnet      sub-021/ses-01 seed=2 acc=0.7050 (folds=10)
2026-06-07 04:31:59 | INFO    | train_session_models | [within] eegnet      sub-021/ses-02 seed=2 acc=0.7550 (folds=10)
2026-06-07 04:33:08 | INFO    | train_session_models | [within] eegnet      sub-021/ses-03 seed=2 acc=0.8600 (folds=10)
2026-06-07 04:33:56 | INFO    | train_session_models | [within] eegnet      sub-022/ses-01 seed=2 acc=0.7650 (folds=10)
2026-06-07 04:35:09 | INFO    | train_session_models | [within] eegnet      sub-022/ses-02 seed=2 acc=0.7700 (folds=10)
2026-06-07 04:36:13 | INFO    | train_session_models | [within] eegnet      sub-022/ses-03 seed=2 acc=0.8300 (folds=10)
2026-06-07 04:37:54 | INFO    | train_session_models | [within] eegnet      sub-023/ses-02 seed=2 acc=0.9100 (folds=10)
2026-06-07 04:39:26 | INFO    | train_session_models | [within] eegnet      sub-023/ses-03 seed=2 acc=0.9650 (folds=10)
2026-06-07 04:40:37 | INFO    | train_session_models | [within] eegnet      sub-024/ses-01 seed=2 acc=0.9650 (folds=10)
2026-06-07 04:41:37 | INFO    | train_session_models | [within] eegnet      sub-025/ses-01 seed=2 acc=0.9000 (folds=10)
2026-06-07 04:42:28 | INFO    | train_session_models | [within] eegnet      sub-025/ses-02 seed=2 acc=0.9250 (folds=10)
2026-06-07 04:44:11 | INFO    | train_session_models | [within] eegnet      sub-025/ses-03 seed=2 acc=0.8800 (folds=10)
2026-06-07 04:45:06 | INFO    | train_session_models | [within] eegnet      sub-026/ses-02 seed=2 acc=0.9400 (folds=10)
2026-06-07 04:46:28 | INFO    | train_session_models | [within] eegnet      sub-026/ses-03 seed=2 acc=0.9400 (folds=10)
2026-06-07 04:47:21 | INFO    | train_session_models | [within] eegnet      sub-027/ses-01 seed=2 acc=0.7850 (folds=10)
2026-06-07 04:48:29 | INFO    | train_session_models | [within] eegnet      sub-027/ses-02 seed=2 acc=0.7050 (folds=10)
2026-06-07 04:49:26 | INFO    | train_session_models | [within] eegnet      sub-027/ses-03 seed=2 acc=0.8500 (folds=10)
2026-06-07 04:50:13 | INFO    | train_session_models | [within] eegnet      sub-028/ses-01 seed=2 acc=0.9050 (folds=10)
2026-06-07 04:51:17 | INFO    | train_session_models | [within] eegnet      sub-028/ses-02 seed=2 acc=0.8300 (folds=10)
2026-06-07 04:52:11 | INFO    | train_session_models | [within] eegnet      sub-028/ses-03 seed=2 acc=0.6750 (folds=10)
2026-06-07 04:54:06 | INFO    | train_session_models | [within] eegnet      sub-029/ses-01 seed=2 acc=0.8700 (folds=10)
2026-06-07 04:55:37 | INFO    | train_session_models | [within] eegnet      sub-029/ses-02 seed=2 acc=0.9250 (folds=10)
2026-06-07 04:57:28 | INFO    | train_session_models | [within] eegnet      sub-029/ses-03 seed=2 acc=0.9700 (folds=10)
2026-06-07 04:58:51 | INFO    | train_session_models | [within] eegnet      sub-030/ses-01 seed=2 acc=0.8350 (folds=10)
2026-06-07 04:59:51 | INFO    | train_session_models | [within] eegnet      sub-030/ses-02 seed=2 acc=0.9050 (folds=10)
2026-06-07 05:00:52 | INFO    | train_session_models | [within] eegnet      sub-030/ses-03 seed=2 acc=0.9400 (folds=10)
2026-06-07 05:01:43 | INFO    | train_session_models | [within] eegnet      sub-031/ses-01 seed=2 acc=0.7700 (folds=10)
2026-06-07 05:02:28 | INFO    | train_session_models | [within] eegnet      sub-031/ses-02 seed=2 acc=0.8050 (folds=10)
2026-06-07 05:03:19 | INFO    | train_session_models | [within] eegnet      sub-031/ses-03 seed=2 acc=0.8550 (folds=10)
2026-06-07 05:03:57 | INFO    | train_session_models | [within] eegnet      sub-032/ses-01 seed=2 acc=0.6150 (folds=10)
2026-06-07 05:04:38 | INFO    | train_session_models | [within] eegnet      sub-032/ses-03 seed=2 acc=0.7500 (folds=10)
2026-06-07 05:05:53 | INFO    | train_session_models | [within] eegnet      sub-033/ses-01 seed=2 acc=0.9250 (folds=10)
2026-06-07 05:07:54 | INFO    | train_session_models | [within] eegnet      sub-033/ses-02 seed=2 acc=0.9500 (folds=10)
2026-06-07 05:08:55 | INFO    | train_session_models | [within] eegnet      sub-033/ses-03 seed=2 acc=0.9550 (folds=10)
2026-06-07 05:09:54 | INFO    | train_session_models | [within] eegnet      sub-034/ses-01 seed=2 acc=0.7650 (folds=10)
2026-06-07 05:10:46 | INFO    | train_session_models | [within] eegnet      sub-034/ses-02 seed=2 acc=0.8500 (folds=10)
2026-06-07 05:12:06 | INFO    | train_session_models | [within] eegnet      sub-034/ses-03 seed=2 acc=0.9000 (folds=10)
2026-06-07 05:14:10 | INFO    | train_session_models | [within] eegnet      sub-035/ses-01 seed=2 acc=0.9750 (folds=10)
2026-06-07 05:16:11 | INFO    | train_session_models | [within] eegnet      sub-035/ses-02 seed=2 acc=0.9900 (folds=10)
2026-06-07 05:16:59 | INFO    | train_session_models | [within] eegnet      sub-035/ses-03 seed=2 acc=0.8300 (folds=10)
2026-06-07 05:17:54 | INFO    | train_session_models | [within] eegnet      sub-036/ses-01 seed=2 acc=0.8550 (folds=10)
2026-06-07 05:19:45 | INFO    | train_session_models | [within] eegnet      sub-036/ses-02 seed=2 acc=0.9350 (folds=10)
2026-06-07 05:21:44 | INFO    | train_session_models | [within] eegnet      sub-036/ses-03 seed=2 acc=0.9600 (folds=10)
2026-06-07 05:23:17 | INFO    | train_session_models | [within] eegnet      sub-037/ses-01 seed=2 acc=0.8000 (folds=10)
2026-06-07 05:24:11 | INFO    | train_session_models | [within] eegnet      sub-037/ses-02 seed=2 acc=0.9250 (folds=10)
2026-06-07 05:25:21 | INFO    | train_session_models | [within] eegnet      sub-037/ses-03 seed=2 acc=0.9150 (folds=10)
2026-06-07 05:26:18 | INFO    | train_session_models | [within] eegnet      sub-038/ses-01 seed=2 acc=0.5300 (folds=10)
2026-06-07 05:27:20 | INFO    | train_session_models | [within] eegnet      sub-038/ses-02 seed=2 acc=0.7650 (folds=10)
2026-06-07 05:28:39 | INFO    | train_session_models | [within] eegnet      sub-038/ses-03 seed=2 acc=0.9000 (folds=10)
2026-06-07 05:29:36 | INFO    | train_session_models | [within] eegnet      sub-039/ses-01 seed=2 acc=0.7250 (folds=10)
2026-06-07 05:30:32 | INFO    | train_session_models | [within] eegnet      sub-039/ses-02 seed=2 acc=0.8650 (folds=10)
2026-06-07 05:31:18 | INFO    | train_session_models | [within] eegnet      sub-039/ses-03 seed=2 acc=0.7150 (folds=10)
2026-06-07 05:32:13 | INFO    | train_session_models | [within] eegnet      sub-040/ses-01 seed=2 acc=0.7200 (folds=10)
2026-06-07 05:32:57 | INFO    | train_session_models | [within] eegnet      sub-040/ses-02 seed=2 acc=0.6350 (folds=10)
2026-06-07 05:33:43 | INFO    | train_session_models | [within] eegnet      sub-040/ses-03 seed=2 acc=0.7300 (folds=10)
2026-06-07 05:34:42 | INFO    | train_session_models | [within] eegnet      sub-041/ses-01 seed=2 acc=0.8950 (folds=10)
2026-06-07 05:35:36 | INFO    | train_session_models | [within] eegnet      sub-041/ses-02 seed=2 acc=0.8600 (folds=10)
2026-06-07 05:36:26 | INFO    | train_session_models | [within] eegnet      sub-041/ses-03 seed=2 acc=0.8700 (folds=10)
2026-06-07 05:37:15 | INFO    | train_session_models | [within] eegnet      sub-042/ses-01 seed=2 acc=0.6650 (folds=10)
2026-06-07 05:38:02 | INFO    | train_session_models | [within] eegnet      sub-042/ses-02 seed=2 acc=0.6550 (folds=10)
2026-06-07 05:38:44 | INFO    | train_session_models | [within] eegnet      sub-042/ses-03 seed=2 acc=0.6650 (folds=10)
2026-06-07 05:41:00 | INFO    | train_session_models | [within] eegnet      sub-043/ses-01 seed=2 acc=0.9600 (folds=10)
2026-06-07 05:43:00 | INFO    | train_session_models | [within] eegnet      sub-043/ses-02 seed=2 acc=0.9800 (folds=10)
2026-06-07 05:44:42 | INFO    | train_session_models | [within] eegnet      sub-043/ses-03 seed=2 acc=0.9500 (folds=10)
2026-06-07 05:45:20 | INFO    | train_session_models | [within] eegnet      sub-044/ses-01 seed=2 acc=0.5950 (folds=10)
2026-06-07 05:46:14 | INFO    | train_session_models | [within] eegnet      sub-044/ses-02 seed=2 acc=0.6550 (folds=10)
2026-06-07 05:47:13 | INFO    | train_session_models | [within] eegnet      sub-044/ses-03 seed=2 acc=0.7200 (folds=10)
2026-06-07 05:48:18 | INFO    | train_session_models | [within] eegnet      sub-045/ses-01 seed=2 acc=0.8400 (folds=10)
2026-06-07 05:49:25 | INFO    | train_session_models | [within] eegnet      sub-045/ses-02 seed=2 acc=0.7700 (folds=10)
2026-06-07 05:50:59 | INFO    | train_session_models | [within] eegnet      sub-045/ses-03 seed=2 acc=0.9150 (folds=10)
2026-06-07 05:53:10 | INFO    | train_session_models | [within] eegnet      sub-046/ses-01 seed=2 acc=0.9850 (folds=10)
2026-06-07 05:55:22 | INFO    | train_session_models | [within] eegnet      sub-046/ses-02 seed=2 acc=0.9850 (folds=10)
2026-06-07 05:56:50 | INFO    | train_session_models | [within] eegnet      sub-046/ses-03 seed=2 acc=0.9450 (folds=10)
2026-06-07 05:58:11 | INFO    | train_session_models | [within] eegnet      sub-047/ses-01 seed=2 acc=0.8200 (folds=10)
2026-06-07 05:59:47 | INFO    | train_session_models | [within] eegnet      sub-047/ses-02 seed=2 acc=0.8650 (folds=10)
2026-06-07 06:01:55 | INFO    | train_session_models | [within] eegnet      sub-047/ses-03 seed=2 acc=0.8350 (folds=10)
2026-06-07 06:02:57 | INFO    | train_session_models | [within] eegnet      sub-048/ses-01 seed=2 acc=0.8750 (folds=10)
2026-06-07 06:03:46 | INFO    | train_session_models | [within] eegnet      sub-048/ses-02 seed=2 acc=0.8650 (folds=10)
2026-06-07 06:05:00 | INFO    | train_session_models | [within] eegnet      sub-048/ses-03 seed=2 acc=0.8800 (folds=10)
2026-06-07 06:06:37 | INFO    | train_session_models | [within] eegnet      sub-049/ses-01 seed=2 acc=0.8950 (folds=10)
2026-06-07 06:07:47 | INFO    | train_session_models | [within] eegnet      sub-049/ses-02 seed=2 acc=0.8500 (folds=10)
2026-06-07 06:09:20 | INFO    | train_session_models | [within] eegnet      sub-049/ses-03 seed=2 acc=0.9000 (folds=10)
2026-06-07 06:10:42 | INFO    | train_session_models | [within] eegnet      sub-050/ses-01 seed=2 acc=0.8900 (folds=10)
2026-06-07 06:12:03 | INFO    | train_session_models | [within] eegnet      sub-050/ses-02 seed=2 acc=0.9550 (folds=10)
2026-06-07 06:13:18 | INFO    | train_session_models | [within] eegnet      sub-050/ses-03 seed=2 acc=0.9350 (folds=10)
2026-06-07 06:14:38 | INFO    | train_session_models | [within] eegnet      sub-051/ses-01 seed=2 acc=0.8700 (folds=10)
2026-06-07 06:15:38 | INFO    | train_session_models | [within] eegnet      sub-051/ses-02 seed=2 acc=0.7900 (folds=10)
2026-06-07 06:16:55 | INFO    | train_session_models | [within] eegnet      sub-051/ses-03 seed=2 acc=0.8900 (folds=10)
2026-06-07 06:16:55 | INFO    | train_session_models | within__eegnet: 1480 rows -> /share/home/yuan/SYX/eeg-mi-online/outputs/experiments/session_model_compare_v1/runs/within__eegnet__seed*.csv (seeds=[2], 10436.2s)
2026-06-07 06:16:55 | INFO    | train_session_models | === RUN within__deepconvnet ===
2026-06-07 06:17:54 | INFO    | train_session_models | [within] deepconvnet sub-001/ses-01 seed=2 acc=0.6650 (folds=10)
2026-06-07 06:20:03 | INFO    | train_session_models | [within] deepconvnet sub-001/ses-02 seed=2 acc=0.9150 (folds=10)
2026-06-07 06:22:01 | INFO    | train_session_models | [within] deepconvnet sub-001/ses-03 seed=2 acc=0.9000 (folds=10)
2026-06-07 06:22:49 | INFO    | train_session_models | [within] deepconvnet sub-002/ses-01 seed=2 acc=0.6000 (folds=10)
2026-06-07 06:23:37 | INFO    | train_session_models | [within] deepconvnet sub-002/ses-02 seed=2 acc=0.5450 (folds=10)
2026-06-07 06:24:41 | INFO    | train_session_models | [within] deepconvnet sub-002/ses-03 seed=2 acc=0.6850 (folds=10)
2026-06-07 06:26:32 | INFO    | train_session_models | [within] deepconvnet sub-003/ses-01 seed=2 acc=0.8250 (folds=10)
2026-06-07 06:28:23 | INFO    | train_session_models | [within] deepconvnet sub-003/ses-02 seed=2 acc=0.8050 (folds=10)
2026-06-07 06:30:09 | INFO    | train_session_models | [within] deepconvnet sub-003/ses-03 seed=2 acc=0.8550 (folds=10)
2026-06-07 06:30:55 | INFO    | train_session_models | [within] deepconvnet sub-004/ses-01 seed=2 acc=0.4900 (folds=10)
2026-06-07 06:31:42 | INFO    | train_session_models | [within] deepconvnet sub-004/ses-02 seed=2 acc=0.5250 (folds=10)
2026-06-07 06:32:28 | INFO    | train_session_models | [within] deepconvnet sub-004/ses-03 seed=2 acc=0.5200 (folds=10)
2026-06-07 06:34:34 | INFO    | train_session_models | [within] deepconvnet sub-005/ses-01 seed=2 acc=0.8700 (folds=10)
2026-06-07 06:35:42 | INFO    | train_session_models | [within] deepconvnet sub-005/ses-02 seed=2 acc=0.8000 (folds=10)
2026-06-07 06:36:37 | INFO    | train_session_models | [within] deepconvnet sub-005/ses-03 seed=2 acc=0.5300 (folds=10)
2026-06-07 06:37:55 | INFO    | train_session_models | [within] deepconvnet sub-006/ses-01 seed=2 acc=0.8600 (folds=10)
2026-06-07 06:39:47 | INFO    | train_session_models | [within] deepconvnet sub-006/ses-02 seed=2 acc=0.9600 (folds=10)
2026-06-07 06:41:27 | INFO    | train_session_models | [within] deepconvnet sub-006/ses-03 seed=2 acc=0.9450 (folds=10)
2026-06-07 06:42:16 | INFO    | train_session_models | [within] deepconvnet sub-007/ses-01 seed=2 acc=0.5950 (folds=10)
2026-06-07 06:43:16 | INFO    | train_session_models | [within] deepconvnet sub-007/ses-02 seed=2 acc=0.7750 (folds=10)
2026-06-07 06:44:11 | INFO    | train_session_models | [within] deepconvnet sub-007/ses-03 seed=2 acc=0.8750 (folds=10)
2026-06-07 06:45:16 | INFO    | train_session_models | [within] deepconvnet sub-008/ses-01 seed=2 acc=0.6250 (folds=10)
2026-06-07 06:47:09 | INFO    | train_session_models | [within] deepconvnet sub-008/ses-02 seed=2 acc=0.7950 (folds=10)
2026-06-07 06:47:59 | INFO    | train_session_models | [within] deepconvnet sub-008/ses-03 seed=2 acc=0.9000 (folds=10)
2026-06-07 06:49:04 | INFO    | train_session_models | [within] deepconvnet sub-009/ses-01 seed=2 acc=0.6950 (folds=10)
2026-06-07 06:49:52 | INFO    | train_session_models | [within] deepconvnet sub-009/ses-02 seed=2 acc=0.5850 (folds=10)
2026-06-07 06:50:39 | INFO    | train_session_models | [within] deepconvnet sub-009/ses-03 seed=2 acc=0.5300 (folds=10)
2026-06-07 06:51:26 | INFO    | train_session_models | [within] deepconvnet sub-010/ses-01 seed=2 acc=0.6400 (folds=10)
2026-06-07 06:52:30 | INFO    | train_session_models | [within] deepconvnet sub-010/ses-02 seed=2 acc=0.8700 (folds=10)
2026-06-07 06:53:48 | INFO    | train_session_models | [within] deepconvnet sub-010/ses-03 seed=2 acc=0.6300 (folds=10)
2026-06-07 06:54:37 | INFO    | train_session_models | [within] deepconvnet sub-011/ses-01 seed=2 acc=0.9350 (folds=10)
2026-06-07 06:55:44 | INFO    | train_session_models | [within] deepconvnet sub-011/ses-02 seed=2 acc=0.7200 (folds=10)
2026-06-07 06:57:15 | INFO    | train_session_models | [within] deepconvnet sub-011/ses-03 seed=2 acc=0.9750 (folds=10)
2026-06-07 06:58:00 | INFO    | train_session_models | [within] deepconvnet sub-012/ses-01 seed=2 acc=0.5100 (folds=10)
2026-06-07 06:58:42 | INFO    | train_session_models | [within] deepconvnet sub-012/ses-02 seed=2 acc=0.4500 (folds=10)
2026-06-07 06:59:29 | INFO    | train_session_models | [within] deepconvnet sub-012/ses-03 seed=2 acc=0.5750 (folds=10)
2026-06-07 07:00:31 | INFO    | train_session_models | [within] deepconvnet sub-013/ses-01 seed=2 acc=0.7300 (folds=10)
2026-06-07 07:01:51 | INFO    | train_session_models | [within] deepconvnet sub-013/ses-02 seed=2 acc=0.8100 (folds=10)
2026-06-07 07:02:50 | INFO    | train_session_models | [within] deepconvnet sub-013/ses-03 seed=2 acc=0.7950 (folds=10)
2026-06-07 07:03:46 | INFO    | train_session_models | [within] deepconvnet sub-014/ses-01 seed=2 acc=0.5250 (folds=10)
2026-06-07 07:04:38 | INFO    | train_session_models | [within] deepconvnet sub-014/ses-02 seed=2 acc=0.4850 (folds=10)
2026-06-07 07:05:27 | INFO    | train_session_models | [within] deepconvnet sub-014/ses-03 seed=2 acc=0.4750 (folds=10)
2026-06-07 07:06:25 | INFO    | train_session_models | [within] deepconvnet sub-015/ses-01 seed=2 acc=0.6750 (folds=10)
2026-06-07 07:07:23 | INFO    | train_session_models | [within] deepconvnet sub-015/ses-02 seed=2 acc=0.6650 (folds=10)
2026-06-07 07:08:54 | INFO    | train_session_models | [within] deepconvnet sub-015/ses-03 seed=2 acc=0.5900 (folds=10)
2026-06-07 07:09:47 | INFO    | train_session_models | [within] deepconvnet sub-016/ses-01 seed=2 acc=0.7050 (folds=10)
2026-06-07 07:10:37 | INFO    | train_session_models | [within] deepconvnet sub-016/ses-02 seed=2 acc=0.6050 (folds=10)
2026-06-07 07:11:26 | INFO    | train_session_models | [within] deepconvnet sub-016/ses-03 seed=2 acc=0.5000 (folds=10)
2026-06-07 07:12:43 | INFO    | train_session_models | [within] deepconvnet sub-017/ses-01 seed=2 acc=0.7250 (folds=10)
2026-06-07 07:13:48 | INFO    | train_session_models | [within] deepconvnet sub-017/ses-02 seed=2 acc=0.7100 (folds=10)
2026-06-07 07:14:59 | INFO    | train_session_models | [within] deepconvnet sub-017/ses-03 seed=2 acc=0.7900 (folds=10)
2026-06-07 07:16:53 | INFO    | train_session_models | [within] deepconvnet sub-018/ses-01 seed=2 acc=0.6450 (folds=10)
2026-06-07 07:17:57 | INFO    | train_session_models | [within] deepconvnet sub-018/ses-02 seed=2 acc=0.6350 (folds=10)
2026-06-07 07:18:51 | INFO    | train_session_models | [within] deepconvnet sub-018/ses-03 seed=2 acc=0.5100 (folds=10)
2026-06-07 07:19:44 | INFO    | train_session_models | [within] deepconvnet sub-019/ses-01 seed=2 acc=0.5600 (folds=10)
2026-06-07 07:20:39 | INFO    | train_session_models | [within] deepconvnet sub-019/ses-02 seed=2 acc=0.7000 (folds=10)
2026-06-07 07:21:43 | INFO    | train_session_models | [within] deepconvnet sub-019/ses-03 seed=2 acc=0.8900 (folds=10)
2026-06-07 07:23:44 | INFO    | train_session_models | [within] deepconvnet sub-020/ses-01 seed=2 acc=0.9300 (folds=10)
2026-06-07 07:25:45 | INFO    | train_session_models | [within] deepconvnet sub-020/ses-02 seed=2 acc=0.9500 (folds=10)
2026-06-07 07:27:29 | INFO    | train_session_models | [within] deepconvnet sub-020/ses-03 seed=2 acc=0.9500 (folds=10)
2026-06-07 07:29:01 | INFO    | train_session_models | [within] deepconvnet sub-021/ses-01 seed=2 acc=0.6850 (folds=10)
2026-06-07 07:30:33 | INFO    | train_session_models | [within] deepconvnet sub-021/ses-02 seed=2 acc=0.7200 (folds=10)
2026-06-07 07:31:22 | INFO    | train_session_models | [within] deepconvnet sub-021/ses-03 seed=2 acc=0.8000 (folds=10)
2026-06-07 07:32:43 | INFO    | train_session_models | [within] deepconvnet sub-022/ses-01 seed=2 acc=0.7350 (folds=10)
2026-06-07 07:34:09 | INFO    | train_session_models | [within] deepconvnet sub-022/ses-02 seed=2 acc=0.6700 (folds=10)
2026-06-07 07:35:16 | INFO    | train_session_models | [within] deepconvnet sub-022/ses-03 seed=2 acc=0.7150 (folds=10)
2026-06-07 07:37:13 | INFO    | train_session_models | [within] deepconvnet sub-023/ses-02 seed=2 acc=0.7950 (folds=10)
2026-06-07 07:39:07 | INFO    | train_session_models | [within] deepconvnet sub-023/ses-03 seed=2 acc=0.9150 (folds=10)
2026-06-07 07:40:16 | INFO    | train_session_models | [within] deepconvnet sub-024/ses-01 seed=2 acc=0.9400 (folds=10)
2026-06-07 07:41:15 | INFO    | train_session_models | [within] deepconvnet sub-025/ses-01 seed=2 acc=0.8750 (folds=10)
2026-06-07 07:42:21 | INFO    | train_session_models | [within] deepconvnet sub-025/ses-02 seed=2 acc=0.9400 (folds=10)
2026-06-07 07:43:31 | INFO    | train_session_models | [within] deepconvnet sub-025/ses-03 seed=2 acc=0.8450 (folds=10)
2026-06-07 07:44:30 | INFO    | train_session_models | [within] deepconvnet sub-026/ses-02 seed=2 acc=0.9050 (folds=10)
2026-06-07 07:45:46 | INFO    | train_session_models | [within] deepconvnet sub-026/ses-03 seed=2 acc=0.9250 (folds=10)
2026-06-07 07:47:17 | INFO    | train_session_models | [within] deepconvnet sub-027/ses-01 seed=2 acc=0.8000 (folds=10)
2026-06-07 07:48:37 | INFO    | train_session_models | [within] deepconvnet sub-027/ses-02 seed=2 acc=0.6600 (folds=10)
2026-06-07 07:49:58 | INFO    | train_session_models | [within] deepconvnet sub-027/ses-03 seed=2 acc=0.8450 (folds=10)
2026-06-07 07:51:14 | INFO    | train_session_models | [within] deepconvnet sub-028/ses-01 seed=2 acc=0.8600 (folds=10)
2026-06-07 07:52:47 | INFO    | train_session_models | [within] deepconvnet sub-028/ses-02 seed=2 acc=0.7400 (folds=10)
2026-06-07 07:53:48 | INFO    | train_session_models | [within] deepconvnet sub-028/ses-03 seed=2 acc=0.6950 (folds=10)
2026-06-07 07:56:07 | INFO    | train_session_models | [within] deepconvnet sub-029/ses-01 seed=2 acc=0.9150 (folds=10)
2026-06-07 07:57:27 | INFO    | train_session_models | [within] deepconvnet sub-029/ses-02 seed=2 acc=0.9150 (folds=10)
2026-06-07 07:59:06 | INFO    | train_session_models | [within] deepconvnet sub-029/ses-03 seed=2 acc=0.9700 (folds=10)
2026-06-07 08:00:36 | INFO    | train_session_models | [within] deepconvnet sub-030/ses-01 seed=2 acc=0.7700 (folds=10)
2026-06-07 08:01:43 | INFO    | train_session_models | [within] deepconvnet sub-030/ses-02 seed=2 acc=0.8650 (folds=10)
2026-06-07 08:02:39 | INFO    | train_session_models | [within] deepconvnet sub-030/ses-03 seed=2 acc=0.8550 (folds=10)
2026-06-07 08:03:55 | INFO    | train_session_models | [within] deepconvnet sub-031/ses-01 seed=2 acc=0.7900 (folds=10)
2026-06-07 08:04:51 | INFO    | train_session_models | [within] deepconvnet sub-031/ses-02 seed=2 acc=0.7550 (folds=10)
2026-06-07 08:05:59 | INFO    | train_session_models | [within] deepconvnet sub-031/ses-03 seed=2 acc=0.7850 (folds=10)
2026-06-07 08:06:56 | INFO    | train_session_models | [within] deepconvnet sub-032/ses-01 seed=2 acc=0.5950 (folds=10)
2026-06-07 08:08:13 | INFO    | train_session_models | [within] deepconvnet sub-032/ses-03 seed=2 acc=0.7700 (folds=10)
2026-06-07 08:09:30 | INFO    | train_session_models | [within] deepconvnet sub-033/ses-01 seed=2 acc=0.8400 (folds=10)
2026-06-07 08:10:47 | INFO    | train_session_models | [within] deepconvnet sub-033/ses-02 seed=2 acc=0.8350 (folds=10)
2026-06-07 08:12:10 | INFO    | train_session_models | [within] deepconvnet sub-033/ses-03 seed=2 acc=0.9000 (folds=10)
2026-06-07 08:13:16 | INFO    | train_session_models | [within] deepconvnet sub-034/ses-01 seed=2 acc=0.7250 (folds=10)
2026-06-07 08:14:29 | INFO    | train_session_models | [within] deepconvnet sub-034/ses-02 seed=2 acc=0.8850 (folds=10)
2026-06-07 08:16:20 | INFO    | train_session_models | [within] deepconvnet sub-034/ses-03 seed=2 acc=0.9150 (folds=10)
2026-06-07 08:18:37 | INFO    | train_session_models | [within] deepconvnet sub-035/ses-01 seed=2 acc=0.9850 (folds=10)
2026-06-07 08:20:35 | INFO    | train_session_models | [within] deepconvnet sub-035/ses-02 seed=2 acc=0.9750 (folds=10)
2026-06-07 08:21:53 | INFO    | train_session_models | [within] deepconvnet sub-035/ses-03 seed=2 acc=0.8650 (folds=10)
2026-06-07 08:23:10 | INFO    | train_session_models | [within] deepconvnet sub-036/ses-01 seed=2 acc=0.8650 (folds=10)
2026-06-07 08:25:02 | INFO    | train_session_models | [within] deepconvnet sub-036/ses-02 seed=2 acc=0.9350 (folds=10)
2026-06-07 08:26:43 | INFO    | train_session_models | [within] deepconvnet sub-036/ses-03 seed=2 acc=0.9700 (folds=10)
2026-06-07 08:28:12 | INFO    | train_session_models | [within] deepconvnet sub-037/ses-01 seed=2 acc=0.9100 (folds=10)
2026-06-07 08:29:09 | INFO    | train_session_models | [within] deepconvnet sub-037/ses-02 seed=2 acc=0.8850 (folds=10)
2026-06-07 08:30:15 | INFO    | train_session_models | [within] deepconvnet sub-037/ses-03 seed=2 acc=0.9100 (folds=10)
2026-06-07 08:31:23 | INFO    | train_session_models | [within] deepconvnet sub-038/ses-01 seed=2 acc=0.4900 (folds=10)
2026-06-07 08:32:24 | INFO    | train_session_models | [within] deepconvnet sub-038/ses-02 seed=2 acc=0.7100 (folds=10)
2026-06-07 08:34:11 | INFO    | train_session_models | [within] deepconvnet sub-038/ses-03 seed=2 acc=0.9000 (folds=10)
2026-06-07 08:35:11 | INFO    | train_session_models | [within] deepconvnet sub-039/ses-01 seed=2 acc=0.7050 (folds=10)
2026-06-07 08:36:03 | INFO    | train_session_models | [within] deepconvnet sub-039/ses-02 seed=2 acc=0.8150 (folds=10)
2026-06-07 08:37:02 | INFO    | train_session_models | [within] deepconvnet sub-039/ses-03 seed=2 acc=0.7150 (folds=10)
2026-06-07 08:37:57 | INFO    | train_session_models | [within] deepconvnet sub-040/ses-01 seed=2 acc=0.6500 (folds=10)
2026-06-07 08:38:54 | INFO    | train_session_models | [within] deepconvnet sub-040/ses-02 seed=2 acc=0.6200 (folds=10)
2026-06-07 08:39:45 | INFO    | train_session_models | [within] deepconvnet sub-040/ses-03 seed=2 acc=0.6800 (folds=10)
2026-06-07 08:41:01 | INFO    | train_session_models | [within] deepconvnet sub-041/ses-01 seed=2 acc=0.8300 (folds=10)
2026-06-07 08:42:05 | INFO    | train_session_models | [within] deepconvnet sub-041/ses-02 seed=2 acc=0.7350 (folds=10)
2026-06-07 08:43:15 | INFO    | train_session_models | [within] deepconvnet sub-041/ses-03 seed=2 acc=0.8350 (folds=10)
2026-06-07 08:44:28 | INFO    | train_session_models | [within] deepconvnet sub-042/ses-01 seed=2 acc=0.7500 (folds=10)
2026-06-07 08:45:27 | INFO    | train_session_models | [within] deepconvnet sub-042/ses-02 seed=2 acc=0.5850 (folds=10)
2026-06-07 08:46:22 | INFO    | train_session_models | [within] deepconvnet sub-042/ses-03 seed=2 acc=0.5600 (folds=10)
2026-06-07 08:48:07 | INFO    | train_session_models | [within] deepconvnet sub-043/ses-01 seed=2 acc=0.9600 (folds=10)
2026-06-07 08:50:17 | INFO    | train_session_models | [within] deepconvnet sub-043/ses-02 seed=2 acc=0.9750 (folds=10)
2026-06-07 08:51:41 | INFO    | train_session_models | [within] deepconvnet sub-043/ses-03 seed=2 acc=0.9200 (folds=10)
2026-06-07 08:52:30 | INFO    | train_session_models | [within] deepconvnet sub-044/ses-01 seed=2 acc=0.6050 (folds=10)
2026-06-07 08:53:30 | INFO    | train_session_models | [within] deepconvnet sub-044/ses-02 seed=2 acc=0.6800 (folds=10)
2026-06-07 08:54:29 | INFO    | train_session_models | [within] deepconvnet sub-044/ses-03 seed=2 acc=0.7150 (folds=10)
2026-06-07 08:55:33 | INFO    | train_session_models | [within] deepconvnet sub-045/ses-01 seed=2 acc=0.7450 (folds=10)
2026-06-07 08:56:27 | INFO    | train_session_models | [within] deepconvnet sub-045/ses-02 seed=2 acc=0.7200 (folds=10)
2026-06-07 08:58:08 | INFO    | train_session_models | [within] deepconvnet sub-045/ses-03 seed=2 acc=0.8450 (folds=10)
2026-06-07 09:00:24 | INFO    | train_session_models | [within] deepconvnet sub-046/ses-01 seed=2 acc=0.9700 (folds=10)
2026-06-07 09:02:47 | INFO    | train_session_models | [within] deepconvnet sub-046/ses-02 seed=2 acc=0.9800 (folds=10)
2026-06-07 09:04:42 | INFO    | train_session_models | [within] deepconvnet sub-046/ses-03 seed=2 acc=0.9500 (folds=10)
2026-06-07 09:05:48 | INFO    | train_session_models | [within] deepconvnet sub-047/ses-01 seed=2 acc=0.7650 (folds=10)
2026-06-07 09:07:15 | INFO    | train_session_models | [within] deepconvnet sub-047/ses-02 seed=2 acc=0.7900 (folds=10)
2026-06-07 09:08:29 | INFO    | train_session_models | [within] deepconvnet sub-047/ses-03 seed=2 acc=0.6600 (folds=10)
2026-06-07 09:09:41 | INFO    | train_session_models | [within] deepconvnet sub-048/ses-01 seed=2 acc=0.8150 (folds=10)
2026-06-07 09:10:36 | INFO    | train_session_models | [within] deepconvnet sub-048/ses-02 seed=2 acc=0.8450 (folds=10)
2026-06-07 09:11:35 | INFO    | train_session_models | [within] deepconvnet sub-048/ses-03 seed=2 acc=0.8350 (folds=10)
2026-06-07 09:12:31 | INFO    | train_session_models | [within] deepconvnet sub-049/ses-01 seed=2 acc=0.8300 (folds=10)
2026-06-07 09:13:39 | INFO    | train_session_models | [within] deepconvnet sub-049/ses-02 seed=2 acc=0.6100 (folds=10)
2026-06-07 09:15:23 | INFO    | train_session_models | [within] deepconvnet sub-049/ses-03 seed=2 acc=0.8700 (folds=10)
2026-06-07 09:16:34 | INFO    | train_session_models | [within] deepconvnet sub-050/ses-01 seed=2 acc=0.7750 (folds=10)
2026-06-07 09:17:58 | INFO    | train_session_models | [within] deepconvnet sub-050/ses-02 seed=2 acc=0.9400 (folds=10)
2026-06-07 09:19:28 | INFO    | train_session_models | [within] deepconvnet sub-050/ses-03 seed=2 acc=0.9200 (folds=10)
2026-06-07 09:21:17 | INFO    | train_session_models | [within] deepconvnet sub-051/ses-01 seed=2 acc=0.8100 (folds=10)
2026-06-07 09:22:28 | INFO    | train_session_models | [within] deepconvnet sub-051/ses-02 seed=2 acc=0.6550 (folds=10)
2026-06-07 09:23:26 | INFO    | train_session_models | [within] deepconvnet sub-051/ses-03 seed=2 acc=0.7500 (folds=10)
2026-06-07 09:23:26 | INFO    | train_session_models | within__deepconvnet: 1480 rows -> /share/home/yuan/SYX/eeg-mi-online/outputs/experiments/session_model_compare_v1/runs/within__deepconvnet__seed*.csv (seeds=[2], 11191.5s)
2026-06-07 09:23:26 | INFO    | train_session_models | === RUN within__fbcnet ===
2026-06-07 09:24:27 | INFO    | train_session_models | [within] fbcnet      sub-001/ses-01 seed=2 acc=0.7100 (folds=10)
2026-06-07 09:26:35 | INFO    | train_session_models | [within] fbcnet      sub-001/ses-02 seed=2 acc=0.8300 (folds=10)
2026-06-07 09:28:54 | INFO    | train_session_models | [within] fbcnet      sub-001/ses-03 seed=2 acc=0.8750 (folds=10)
2026-06-07 09:29:34 | INFO    | train_session_models | [within] fbcnet      sub-002/ses-01 seed=2 acc=0.5600 (folds=10)
2026-06-07 09:30:12 | INFO    | train_session_models | [within] fbcnet      sub-002/ses-02 seed=2 acc=0.4950 (folds=10)
2026-06-07 09:31:11 | INFO    | train_session_models | [within] fbcnet      sub-002/ses-03 seed=2 acc=0.6150 (folds=10)
2026-06-07 09:33:15 | INFO    | train_session_models | [within] fbcnet      sub-003/ses-01 seed=2 acc=0.8150 (folds=10)
2026-06-07 09:35:15 | INFO    | train_session_models | [within] fbcnet      sub-003/ses-02 seed=2 acc=0.8350 (folds=10)
2026-06-07 09:37:05 | INFO    | train_session_models | [within] fbcnet      sub-003/ses-03 seed=2 acc=0.8000 (folds=10)
2026-06-07 09:37:46 | INFO    | train_session_models | [within] fbcnet      sub-004/ses-01 seed=2 acc=0.5100 (folds=10)
2026-06-07 09:38:24 | INFO    | train_session_models | [within] fbcnet      sub-004/ses-02 seed=2 acc=0.5450 (folds=10)
2026-06-07 09:39:02 | INFO    | train_session_models | [within] fbcnet      sub-004/ses-03 seed=2 acc=0.4850 (folds=10)
2026-06-07 09:40:50 | INFO    | train_session_models | [within] fbcnet      sub-005/ses-01 seed=2 acc=0.8400 (folds=10)
2026-06-07 09:42:28 | INFO    | train_session_models | [within] fbcnet      sub-005/ses-02 seed=2 acc=0.8050 (folds=10)
2026-06-07 09:44:12 | INFO    | train_session_models | [within] fbcnet      sub-005/ses-03 seed=2 acc=0.8250 (folds=10)
2026-06-07 09:46:32 | INFO    | train_session_models | [within] fbcnet      sub-006/ses-01 seed=2 acc=0.9100 (folds=10)
2026-06-07 09:48:37 | INFO    | train_session_models | [within] fbcnet      sub-006/ses-02 seed=2 acc=0.9450 (folds=10)
2026-06-07 09:50:57 | INFO    | train_session_models | [within] fbcnet      sub-006/ses-03 seed=2 acc=0.9550 (folds=10)
2026-06-07 09:51:48 | INFO    | train_session_models | [within] fbcnet      sub-007/ses-01 seed=2 acc=0.5300 (folds=10)
2026-06-07 09:52:46 | INFO    | train_session_models | [within] fbcnet      sub-007/ses-02 seed=2 acc=0.6450 (folds=10)
2026-06-07 09:54:06 | INFO    | train_session_models | [within] fbcnet      sub-007/ses-03 seed=2 acc=0.7150 (folds=10)
2026-06-07 09:55:04 | INFO    | train_session_models | [within] fbcnet      sub-008/ses-01 seed=2 acc=0.6150 (folds=10)
2026-06-07 09:56:25 | INFO    | train_session_models | [within] fbcnet      sub-008/ses-02 seed=2 acc=0.6800 (folds=10)
2026-06-07 09:57:52 | INFO    | train_session_models | [within] fbcnet      sub-008/ses-03 seed=2 acc=0.8550 (folds=10)
2026-06-07 09:58:38 | INFO    | train_session_models | [within] fbcnet      sub-009/ses-01 seed=2 acc=0.5400 (folds=10)
2026-06-07 09:59:31 | INFO    | train_session_models | [within] fbcnet      sub-009/ses-02 seed=2 acc=0.6550 (folds=10)
2026-06-07 10:00:14 | INFO    | train_session_models | [within] fbcnet      sub-009/ses-03 seed=2 acc=0.5600 (folds=10)
2026-06-07 10:01:03 | INFO    | train_session_models | [within] fbcnet      sub-010/ses-01 seed=2 acc=0.5650 (folds=10)
2026-06-07 10:02:06 | INFO    | train_session_models | [within] fbcnet      sub-010/ses-02 seed=2 acc=0.6450 (folds=10)
2026-06-07 10:03:22 | INFO    | train_session_models | [within] fbcnet      sub-010/ses-03 seed=2 acc=0.6550 (folds=10)
2026-06-07 10:05:18 | INFO    | train_session_models | [within] fbcnet      sub-011/ses-01 seed=2 acc=0.8800 (folds=10)
2026-06-07 10:06:18 | INFO    | train_session_models | [within] fbcnet      sub-011/ses-02 seed=2 acc=0.5900 (folds=10)
2026-06-07 10:07:46 | INFO    | train_session_models | [within] fbcnet      sub-011/ses-03 seed=2 acc=0.7500 (folds=10)
2026-06-07 10:08:31 | INFO    | train_session_models | [within] fbcnet      sub-012/ses-01 seed=2 acc=0.4850 (folds=10)
2026-06-07 10:09:10 | INFO    | train_session_models | [within] fbcnet      sub-012/ses-02 seed=2 acc=0.4800 (folds=10)
2026-06-07 10:09:52 | INFO    | train_session_models | [within] fbcnet      sub-012/ses-03 seed=2 acc=0.5500 (folds=10)
2026-06-07 10:10:47 | INFO    | train_session_models | [within] fbcnet      sub-013/ses-01 seed=2 acc=0.6050 (folds=10)
2026-06-07 10:11:35 | INFO    | train_session_models | [within] fbcnet      sub-013/ses-02 seed=2 acc=0.5650 (folds=10)
2026-06-07 10:12:38 | INFO    | train_session_models | [within] fbcnet      sub-013/ses-03 seed=2 acc=0.5750 (folds=10)
2026-06-07 10:13:13 | INFO    | train_session_models | [within] fbcnet      sub-014/ses-01 seed=2 acc=0.5150 (folds=10)
2026-06-07 10:13:53 | INFO    | train_session_models | [within] fbcnet      sub-014/ses-02 seed=2 acc=0.4800 (folds=10)
2026-06-07 10:14:30 | INFO    | train_session_models | [within] fbcnet      sub-014/ses-03 seed=2 acc=0.4850 (folds=10)
2026-06-07 10:15:16 | INFO    | train_session_models | [within] fbcnet      sub-015/ses-01 seed=2 acc=0.5800 (folds=10)
2026-06-07 10:16:14 | INFO    | train_session_models | [within] fbcnet      sub-015/ses-02 seed=2 acc=0.6150 (folds=10)
2026-06-07 10:16:57 | INFO    | train_session_models | [within] fbcnet      sub-015/ses-03 seed=2 acc=0.4750 (folds=10)
2026-06-07 10:17:40 | INFO    | train_session_models | [within] fbcnet      sub-016/ses-01 seed=2 acc=0.5150 (folds=10)
2026-06-07 10:18:17 | INFO    | train_session_models | [within] fbcnet      sub-016/ses-02 seed=2 acc=0.5200 (folds=10)
2026-06-07 10:19:00 | INFO    | train_session_models | [within] fbcnet      sub-016/ses-03 seed=2 acc=0.5650 (folds=10)
2026-06-07 10:20:15 | INFO    | train_session_models | [within] fbcnet      sub-017/ses-01 seed=2 acc=0.6400 (folds=10)
2026-06-07 10:21:28 | INFO    | train_session_models | [within] fbcnet      sub-017/ses-02 seed=2 acc=0.5750 (folds=10)
2026-06-07 10:22:47 | INFO    | train_session_models | [within] fbcnet      sub-017/ses-03 seed=2 acc=0.7000 (folds=10)
2026-06-07 10:23:56 | INFO    | train_session_models | [within] fbcnet      sub-018/ses-01 seed=2 acc=0.5600 (folds=10)
2026-06-07 10:24:44 | INFO    | train_session_models | [within] fbcnet      sub-018/ses-02 seed=2 acc=0.5150 (folds=10)
2026-06-07 10:25:27 | INFO    | train_session_models | [within] fbcnet      sub-018/ses-03 seed=2 acc=0.5500 (folds=10)
2026-06-07 10:26:33 | INFO    | train_session_models | [within] fbcnet      sub-019/ses-01 seed=2 acc=0.6450 (folds=10)
2026-06-07 10:27:23 | INFO    | train_session_models | [within] fbcnet      sub-019/ses-02 seed=2 acc=0.5100 (folds=10)
2026-06-07 10:29:09 | INFO    | train_session_models | [within] fbcnet      sub-019/ses-03 seed=2 acc=0.8150 (folds=10)
2026-06-07 10:30:52 | INFO    | train_session_models | [within] fbcnet      sub-020/ses-01 seed=2 acc=0.7950 (folds=10)
2026-06-07 10:32:26 | INFO    | train_session_models | [within] fbcnet      sub-020/ses-02 seed=2 acc=0.7750 (folds=10)
2026-06-07 10:33:26 | INFO    | train_session_models | [within] fbcnet      sub-020/ses-03 seed=2 acc=0.8200 (folds=10)
2026-06-07 10:34:26 | INFO    | train_session_models | [within] fbcnet      sub-021/ses-01 seed=2 acc=0.6900 (folds=10)
2026-06-07 10:35:37 | INFO    | train_session_models | [within] fbcnet      sub-021/ses-02 seed=2 acc=0.5250 (folds=10)
2026-06-07 10:36:25 | INFO    | train_session_models | [within] fbcnet      sub-021/ses-03 seed=2 acc=0.6800 (folds=10)
2026-06-07 10:37:32 | INFO    | train_session_models | [within] fbcnet      sub-022/ses-01 seed=2 acc=0.7000 (folds=10)
2026-06-07 10:38:55 | INFO    | train_session_models | [within] fbcnet      sub-022/ses-02 seed=2 acc=0.6950 (folds=10)
2026-06-07 10:40:04 | INFO    | train_session_models | [within] fbcnet      sub-022/ses-03 seed=2 acc=0.6750 (folds=10)
2026-06-07 10:42:03 | INFO    | train_session_models | [within] fbcnet      sub-023/ses-02 seed=2 acc=0.8400 (folds=10)
2026-06-07 10:44:27 | INFO    | train_session_models | [within] fbcnet      sub-023/ses-03 seed=2 acc=0.9650 (folds=10)
2026-06-07 10:46:13 | INFO    | train_session_models | [within] fbcnet      sub-024/ses-01 seed=2 acc=0.8450 (folds=10)
2026-06-07 10:47:46 | INFO    | train_session_models | [within] fbcnet      sub-025/ses-01 seed=2 acc=0.7500 (folds=10)
2026-06-07 10:49:50 | INFO    | train_session_models | [within] fbcnet      sub-025/ses-02 seed=2 acc=0.8700 (folds=10)
2026-06-07 10:51:13 | INFO    | train_session_models | [within] fbcnet      sub-025/ses-03 seed=2 acc=0.6850 (folds=10)
2026-06-07 10:52:46 | INFO    | train_session_models | [within] fbcnet      sub-026/ses-02 seed=2 acc=0.8350 (folds=10)
2026-06-07 10:54:42 | INFO    | train_session_models | [within] fbcnet      sub-026/ses-03 seed=2 acc=0.8200 (folds=10)
2026-06-07 10:55:34 | INFO    | train_session_models | [within] fbcnet      sub-027/ses-01 seed=2 acc=0.7300 (folds=10)
2026-06-07 10:56:44 | INFO    | train_session_models | [within] fbcnet      sub-027/ses-02 seed=2 acc=0.6550 (folds=10)
2026-06-07 10:57:52 | INFO    | train_session_models | [within] fbcnet      sub-027/ses-03 seed=2 acc=0.7400 (folds=10)
2026-06-07 10:59:48 | INFO    | train_session_models | [within] fbcnet      sub-028/ses-01 seed=2 acc=0.8500 (folds=10)
2026-06-07 11:01:10 | INFO    | train_session_models | [within] fbcnet      sub-028/ses-02 seed=2 acc=0.8400 (folds=10)
2026-06-07 11:02:45 | INFO    | train_session_models | [within] fbcnet      sub-028/ses-03 seed=2 acc=0.8400 (folds=10)
2026-06-07 11:04:28 | INFO    | train_session_models | [within] fbcnet      sub-029/ses-01 seed=2 acc=0.9550 (folds=10)
2026-06-07 11:06:49 | INFO    | train_session_models | [within] fbcnet      sub-029/ses-02 seed=2 acc=0.9750 (folds=10)
2026-06-07 11:08:41 | INFO    | train_session_models | [within] fbcnet      sub-029/ses-03 seed=2 acc=0.9250 (folds=10)
2026-06-07 11:09:48 | INFO    | train_session_models | [within] fbcnet      sub-030/ses-01 seed=2 acc=0.8150 (folds=10)
2026-06-07 11:11:30 | INFO    | train_session_models | [within] fbcnet      sub-030/ses-02 seed=2 acc=0.8200 (folds=10)
2026-06-07 11:12:20 | INFO    | train_session_models | [within] fbcnet      sub-030/ses-03 seed=2 acc=0.8150 (folds=10)
2026-06-07 11:13:46 | INFO    | train_session_models | [within] fbcnet      sub-031/ses-01 seed=2 acc=0.7250 (folds=10)
2026-06-07 11:14:43 | INFO    | train_session_models | [within] fbcnet      sub-031/ses-02 seed=2 acc=0.6350 (folds=10)
2026-06-07 11:15:43 | INFO    | train_session_models | [within] fbcnet      sub-031/ses-03 seed=2 acc=0.6450 (folds=10)
2026-06-07 11:16:41 | INFO    | train_session_models | [within] fbcnet      sub-032/ses-01 seed=2 acc=0.6650 (folds=10)
2026-06-07 11:17:19 | INFO    | train_session_models | [within] fbcnet      sub-032/ses-03 seed=2 acc=0.5550 (folds=10)
2026-06-07 11:19:01 | INFO    | train_session_models | [within] fbcnet      sub-033/ses-01 seed=2 acc=0.9700 (folds=10)
2026-06-07 11:21:05 | INFO    | train_session_models | [within] fbcnet      sub-033/ses-02 seed=2 acc=0.9750 (folds=10)
2026-06-07 11:22:39 | INFO    | train_session_models | [within] fbcnet      sub-033/ses-03 seed=2 acc=0.9600 (folds=10)
2026-06-07 11:23:29 | INFO    | train_session_models | [within] fbcnet      sub-034/ses-01 seed=2 acc=0.5100 (folds=10)
2026-06-07 11:25:13 | INFO    | train_session_models | [within] fbcnet      sub-034/ses-02 seed=2 acc=0.7250 (folds=10)
2026-06-07 11:25:56 | INFO    | train_session_models | [within] fbcnet      sub-034/ses-03 seed=2 acc=0.5000 (folds=10)
2026-06-07 11:27:39 | INFO    | train_session_models | [within] fbcnet      sub-035/ses-01 seed=2 acc=0.9400 (folds=10)
2026-06-07 11:29:41 | INFO    | train_session_models | [within] fbcnet      sub-035/ses-02 seed=2 acc=0.9600 (folds=10)
2026-06-07 11:31:38 | INFO    | train_session_models | [within] fbcnet      sub-035/ses-03 seed=2 acc=0.8950 (folds=10)
2026-06-07 11:33:16 | INFO    | train_session_models | [within] fbcnet      sub-036/ses-01 seed=2 acc=0.7700 (folds=10)
2026-06-07 11:34:53 | INFO    | train_session_models | [within] fbcnet      sub-036/ses-02 seed=2 acc=0.8950 (folds=10)
2026-06-07 11:37:21 | INFO    | train_session_models | [within] fbcnet      sub-036/ses-03 seed=2 acc=0.9600 (folds=10)
2026-06-07 11:38:18 | INFO    | train_session_models | [within] fbcnet      sub-037/ses-01 seed=2 acc=0.6450 (folds=10)
2026-06-07 11:39:25 | INFO    | train_session_models | [within] fbcnet      sub-037/ses-02 seed=2 acc=0.7650 (folds=10)
2026-06-07 11:40:54 | INFO    | train_session_models | [within] fbcnet      sub-037/ses-03 seed=2 acc=0.8350 (folds=10)
2026-06-07 11:41:49 | INFO    | train_session_models | [within] fbcnet      sub-038/ses-01 seed=2 acc=0.5150 (folds=10)
2026-06-07 11:42:42 | INFO    | train_session_models | [within] fbcnet      sub-038/ses-02 seed=2 acc=0.6100 (folds=10)
2026-06-07 11:43:18 | INFO    | train_session_models | [within] fbcnet      sub-038/ses-03 seed=2 acc=0.5250 (folds=10)
2026-06-07 11:45:11 | INFO    | train_session_models | [within] fbcnet      sub-039/ses-01 seed=2 acc=0.7950 (folds=10)
2026-06-07 11:46:11 | INFO    | train_session_models | [within] fbcnet      sub-039/ses-02 seed=2 acc=0.7000 (folds=10)
2026-06-07 11:47:46 | INFO    | train_session_models | [within] fbcnet      sub-039/ses-03 seed=2 acc=0.7800 (folds=10)
2026-06-07 11:49:36 | INFO    | train_session_models | [within] fbcnet      sub-040/ses-01 seed=2 acc=0.7350 (folds=10)
2026-06-07 11:50:17 | INFO    | train_session_models | [within] fbcnet      sub-040/ses-02 seed=2 acc=0.5900 (folds=10)
2026-06-07 11:52:08 | INFO    | train_session_models | [within] fbcnet      sub-040/ses-03 seed=2 acc=0.7650 (folds=10)
2026-06-07 11:53:34 | INFO    | train_session_models | [within] fbcnet      sub-041/ses-01 seed=2 acc=0.8200 (folds=10)
2026-06-07 11:55:04 | INFO    | train_session_models | [within] fbcnet      sub-041/ses-02 seed=2 acc=0.7750 (folds=10)
2026-06-07 11:56:53 | INFO    | train_session_models | [within] fbcnet      sub-041/ses-03 seed=2 acc=0.8200 (folds=10)
2026-06-07 11:58:17 | INFO    | train_session_models | [within] fbcnet      sub-042/ses-01 seed=2 acc=0.6700 (folds=10)
2026-06-07 11:59:09 | INFO    | train_session_models | [within] fbcnet      sub-042/ses-02 seed=2 acc=0.6050 (folds=10)
2026-06-07 12:00:00 | INFO    | train_session_models | [within] fbcnet      sub-042/ses-03 seed=2 acc=0.6300 (folds=10)
2026-06-07 12:02:29 | INFO    | train_session_models | [within] fbcnet      sub-043/ses-01 seed=2 acc=0.9650 (folds=10)
2026-06-07 12:04:59 | INFO    | train_session_models | [within] fbcnet      sub-043/ses-02 seed=2 acc=0.9750 (folds=10)
2026-06-07 12:07:01 | INFO    | train_session_models | [within] fbcnet      sub-043/ses-03 seed=2 acc=0.9300 (folds=10)
2026-06-07 12:07:39 | INFO    | train_session_models | [within] fbcnet      sub-044/ses-01 seed=2 acc=0.5250 (folds=10)
2026-06-07 12:08:18 | INFO    | train_session_models | [within] fbcnet      sub-044/ses-02 seed=2 acc=0.6350 (folds=10)
2026-06-07 12:08:53 | INFO    | train_session_models | [within] fbcnet      sub-044/ses-03 seed=2 acc=0.5350 (folds=10)
2026-06-07 12:09:53 | INFO    | train_session_models | [within] fbcnet      sub-045/ses-01 seed=2 acc=0.7100 (folds=10)
2026-06-07 12:10:41 | INFO    | train_session_models | [within] fbcnet      sub-045/ses-02 seed=2 acc=0.5900 (folds=10)
2026-06-07 12:11:58 | INFO    | train_session_models | [within] fbcnet      sub-045/ses-03 seed=2 acc=0.8100 (folds=10)
2026-06-07 12:14:27 | INFO    | train_session_models | [within] fbcnet      sub-046/ses-01 seed=2 acc=0.9550 (folds=10)
2026-06-07 12:16:52 | INFO    | train_session_models | [within] fbcnet      sub-046/ses-02 seed=2 acc=0.9450 (folds=10)
2026-06-07 12:19:00 | INFO    | train_session_models | [within] fbcnet      sub-046/ses-03 seed=2 acc=0.9150 (folds=10)
2026-06-07 12:20:22 | INFO    | train_session_models | [within] fbcnet      sub-047/ses-01 seed=2 acc=0.7550 (folds=10)
2026-06-07 12:21:47 | INFO    | train_session_models | [within] fbcnet      sub-047/ses-02 seed=2 acc=0.7650 (folds=10)
2026-06-07 12:24:03 | INFO    | train_session_models | [within] fbcnet      sub-047/ses-03 seed=2 acc=0.8450 (folds=10)
2026-06-07 12:24:57 | INFO    | train_session_models | [within] fbcnet      sub-048/ses-01 seed=2 acc=0.6350 (folds=10)
2026-06-07 12:26:05 | INFO    | train_session_models | [within] fbcnet      sub-048/ses-02 seed=2 acc=0.6600 (folds=10)
2026-06-07 12:27:41 | INFO    | train_session_models | [within] fbcnet      sub-048/ses-03 seed=2 acc=0.7650 (folds=10)
2026-06-07 12:29:29 | INFO    | train_session_models | [within] fbcnet      sub-049/ses-01 seed=2 acc=0.9300 (folds=10)
2026-06-07 12:31:05 | INFO    | train_session_models | [within] fbcnet      sub-049/ses-02 seed=2 acc=0.8750 (folds=10)
2026-06-07 12:32:34 | INFO    | train_session_models | [within] fbcnet      sub-049/ses-03 seed=2 acc=0.8350 (folds=10)
2026-06-07 12:34:33 | INFO    | train_session_models | [within] fbcnet      sub-050/ses-01 seed=2 acc=0.7650 (folds=10)
2026-06-07 12:36:53 | INFO    | train_session_models | [within] fbcnet      sub-050/ses-02 seed=2 acc=0.9150 (folds=10)
2026-06-07 12:39:07 | INFO    | train_session_models | [within] fbcnet      sub-050/ses-03 seed=2 acc=0.8250 (folds=10)
2026-06-07 12:40:59 | INFO    | train_session_models | [within] fbcnet      sub-051/ses-01 seed=2 acc=0.7450 (folds=10)
2026-06-07 12:42:44 | INFO    | train_session_models | [within] fbcnet      sub-051/ses-02 seed=2 acc=0.7800 (folds=10)
2026-06-07 12:44:28 | INFO    | train_session_models | [within] fbcnet      sub-051/ses-03 seed=2 acc=0.7850 (folds=10)
2026-06-07 12:44:28 | INFO    | train_session_models | within__fbcnet: 1480 rows -> /share/home/yuan/SYX/eeg-mi-online/outputs/experiments/session_model_compare_v1/runs/within__fbcnet__seed*.csv (seeds=[2], 12061.6s)
2026-06-07 12:44:28 | INFO    | train_session_models | ALL DONE in 33689.6s | outputs in /share/home/yuan/SYX/eeg-mi-online/outputs/experiments/session_model_compare_v1
--------------------------------------------------------
Done: Sun Jun  7 12:44:29 CST 2026
========================================================
