========================================================
Project : /share/home/yuan/SYX/eeg-mi-online
Env     : mi_torch_cu118
Args    : --config configs/session_model_compare.yaml --models eegnet,deepconvnet,fbcnet --protocol cross --seeds 1
Node    : gpu02  |  Start: Sun Jun  7 03:21:22 CST 2026
========================================================
[env] python: /share/home/yuan/.conda/envs/mi_torch_cu118/bin/python | CONDA_DEFAULT_ENV=mi_torch_cu118
Sun Jun  7 03:21:23 2026       
+-----------------------------------------------------------------------------------------+
| NVIDIA-SMI 570.153.02             Driver Version: 570.153.02     CUDA Version: 12.8     |
|-----------------------------------------+------------------------+----------------------+
| GPU  Name                 Persistence-M | Bus-Id          Disp.A | Volatile Uncorr. ECC |
| Fan  Temp   Perf          Pwr:Usage/Cap |           Memory-Usage | GPU-Util  Compute M. |
|                                         |                        |               MIG M. |
|=========================================+========================+======================|
|   0  NVIDIA GeForce RTX 4090 D      On  |   00000000:C1:00.0 Off |                  Off |
| 30%   33C    P0             62W /  425W |       1MiB /  24564MiB |      0%      Default |
|                                         |                        |                  N/A |
+-----------------------------------------+------------------------+----------------------+
                                                                                         
+-----------------------------------------------------------------------------------------+
| Processes:                                                                              |
|  GPU   GI   CI              PID   Type   Process name                        GPU Memory |
|        ID   ID                                                               Usage      |
|=========================================================================================|
|  No running processes found                                                             |
+-----------------------------------------------------------------------------------------+
[cuda-check] torch=2.7.1+cu118 cuda_build=11.8 cuda_avail=True
2026-06-07 03:21:26 | INFO    | train_session_models | device=cuda | cuda={'torch': '2.7.1+cu118', 'cuda_build': '11.8', 'cuda_available': True, 'device': 'cuda', 'device_name': 'NVIDIA GeForce RTX 4090 D'}
2026-06-07 03:21:26 | INFO    | train_session_models | loaded 148 ok sessions across 51 subjects | models=['eegnet', 'deepconvnet', 'fbcnet'] | protocols=['cross'] | seeds=[1] | folds=10
2026-06-07 03:21:26 | INFO    | train_session_models | === RUN cross__eegnet ===
2026-06-07 03:22:34 | INFO    | train_session_models | [cross] eegnet      sub-001 seed=1 mean_acc=0.8258 (6 pairs)
2026-06-07 03:23:03 | INFO    | train_session_models | [cross] eegnet      sub-002 seed=1 mean_acc=0.6167 (6 pairs)
2026-06-07 03:24:10 | INFO    | train_session_models | [cross] eegnet      sub-003 seed=1 mean_acc=0.7317 (6 pairs)
2026-06-07 03:24:32 | INFO    | train_session_models | [cross] eegnet      sub-004 seed=1 mean_acc=0.5158 (6 pairs)
2026-06-07 03:25:24 | INFO    | train_session_models | [cross] eegnet      sub-005 seed=1 mean_acc=0.8342 (6 pairs)
2026-06-07 03:26:12 | INFO    | train_session_models | [cross] eegnet      sub-006 seed=1 mean_acc=0.8275 (6 pairs)
2026-06-07 03:26:49 | INFO    | train_session_models | [cross] eegnet      sub-007 seed=1 mean_acc=0.7000 (6 pairs)
2026-06-07 03:28:00 | INFO    | train_session_models | [cross] eegnet      sub-008 seed=1 mean_acc=0.7475 (6 pairs)
2026-06-07 03:28:34 | INFO    | train_session_models | [cross] eegnet      sub-009 seed=1 mean_acc=0.6442 (6 pairs)
2026-06-07 03:29:30 | INFO    | train_session_models | [cross] eegnet      sub-010 seed=1 mean_acc=0.6358 (6 pairs)
2026-06-07 03:29:56 | INFO    | train_session_models | [cross] eegnet      sub-011 seed=1 mean_acc=0.8158 (6 pairs)
2026-06-07 03:30:16 | INFO    | train_session_models | [cross] eegnet      sub-012 seed=1 mean_acc=0.5183 (6 pairs)
2026-06-07 03:31:18 | INFO    | train_session_models | [cross] eegnet      sub-013 seed=1 mean_acc=0.7167 (6 pairs)
2026-06-07 03:31:37 | INFO    | train_session_models | [cross] eegnet      sub-014 seed=1 mean_acc=0.4967 (6 pairs)
2026-06-07 03:32:12 | INFO    | train_session_models | [cross] eegnet      sub-015 seed=1 mean_acc=0.6308 (6 pairs)
2026-06-07 03:32:32 | INFO    | train_session_models | [cross] eegnet      sub-016 seed=1 mean_acc=0.5233 (6 pairs)
2026-06-07 03:33:08 | INFO    | train_session_models | [cross] eegnet      sub-017 seed=1 mean_acc=0.6850 (6 pairs)
2026-06-07 03:33:48 | INFO    | train_session_models | [cross] eegnet      sub-018 seed=1 mean_acc=0.6292 (6 pairs)
2026-06-07 03:34:13 | INFO    | train_session_models | [cross] eegnet      sub-019 seed=1 mean_acc=0.6175 (6 pairs)
2026-06-07 03:35:00 | INFO    | train_session_models | [cross] eegnet      sub-020 seed=1 mean_acc=0.5692 (6 pairs)
2026-06-07 03:35:33 | INFO    | train_session_models | [cross] eegnet      sub-021 seed=1 mean_acc=0.7367 (6 pairs)
2026-06-07 03:36:12 | INFO    | train_session_models | [cross] eegnet      sub-022 seed=1 mean_acc=0.6417 (6 pairs)
2026-06-07 03:36:23 | INFO    | train_session_models | [cross] eegnet      sub-023 seed=1 mean_acc=0.8850 (2 pairs)
2026-06-07 03:36:23 | INFO    | train_session_models | [cross] sub-024 has <2 ok sessions; skipped.
2026-06-07 03:37:13 | INFO    | train_session_models | [cross] eegnet      sub-025 seed=1 mean_acc=0.8342 (6 pairs)
2026-06-07 03:37:22 | INFO    | train_session_models | [cross] eegnet      sub-026 seed=1 mean_acc=0.8650 (2 pairs)
2026-06-07 03:38:00 | INFO    | train_session_models | [cross] eegnet      sub-027 seed=1 mean_acc=0.6125 (6 pairs)
2026-06-07 03:38:43 | INFO    | train_session_models | [cross] eegnet      sub-028 seed=1 mean_acc=0.6283 (6 pairs)
2026-06-07 03:39:31 | INFO    | train_session_models | [cross] eegnet      sub-029 seed=1 mean_acc=0.5683 (6 pairs)
2026-06-07 03:40:09 | INFO    | train_session_models | [cross] eegnet      sub-030 seed=1 mean_acc=0.8208 (6 pairs)
2026-06-07 03:40:40 | INFO    | train_session_models | [cross] eegnet      sub-031 seed=1 mean_acc=0.6792 (6 pairs)
2026-06-07 03:40:50 | INFO    | train_session_models | [cross] eegnet      sub-032 seed=1 mean_acc=0.5700 (2 pairs)
2026-06-07 03:41:38 | INFO    | train_session_models | [cross] eegnet      sub-033 seed=1 mean_acc=0.9217 (6 pairs)
2026-06-07 03:42:02 | INFO    | train_session_models | [cross] eegnet      sub-034 seed=1 mean_acc=0.7717 (6 pairs)
2026-06-07 03:42:58 | INFO    | train_session_models | [cross] eegnet      sub-035 seed=1 mean_acc=0.9608 (6 pairs)
2026-06-07 03:43:28 | INFO    | train_session_models | [cross] eegnet      sub-036 seed=1 mean_acc=0.9217 (6 pairs)
2026-06-07 03:44:20 | INFO    | train_session_models | [cross] eegnet      sub-037 seed=1 mean_acc=0.8900 (6 pairs)
2026-06-07 03:44:53 | INFO    | train_session_models | [cross] eegnet      sub-038 seed=1 mean_acc=0.4875 (6 pairs)
2026-06-07 03:45:21 | INFO    | train_session_models | [cross] eegnet      sub-039 seed=1 mean_acc=0.4750 (6 pairs)
2026-06-07 03:45:53 | INFO    | train_session_models | [cross] eegnet      sub-040 seed=1 mean_acc=0.6842 (6 pairs)
2026-06-07 03:46:21 | INFO    | train_session_models | [cross] eegnet      sub-041 seed=1 mean_acc=0.8608 (6 pairs)
2026-06-07 03:46:55 | INFO    | train_session_models | [cross] eegnet      sub-042 seed=1 mean_acc=0.6475 (6 pairs)
2026-06-07 03:48:12 | INFO    | train_session_models | [cross] eegnet      sub-043 seed=1 mean_acc=0.9675 (6 pairs)
2026-06-07 03:48:37 | INFO    | train_session_models | [cross] eegnet      sub-044 seed=1 mean_acc=0.6000 (6 pairs)
2026-06-07 03:49:08 | INFO    | train_session_models | [cross] eegnet      sub-045 seed=1 mean_acc=0.8133 (6 pairs)
2026-06-07 03:50:16 | INFO    | train_session_models | [cross] eegnet      sub-046 seed=1 mean_acc=0.9792 (6 pairs)
2026-06-07 03:51:04 | INFO    | train_session_models | [cross] eegnet      sub-047 seed=1 mean_acc=0.8775 (6 pairs)
2026-06-07 03:51:31 | INFO    | train_session_models | [cross] eegnet      sub-048 seed=1 mean_acc=0.7700 (6 pairs)
2026-06-07 03:52:12 | INFO    | train_session_models | [cross] eegnet      sub-049 seed=1 mean_acc=0.7517 (6 pairs)
2026-06-07 03:52:57 | INFO    | train_session_models | [cross] eegnet      sub-050 seed=1 mean_acc=0.9067 (6 pairs)
2026-06-07 03:53:28 | INFO    | train_session_models | [cross] eegnet      sub-051 seed=1 mean_acc=0.7892 (6 pairs)
2026-06-07 03:53:29 | INFO    | train_session_models | cross__eegnet: 288 rows -> /share/home/yuan/SYX/eeg-mi-online/outputs/experiments/session_model_compare_v1/runs/cross__eegnet__seed*.csv (seeds=[1], 1922.7s)
2026-06-07 03:53:29 | INFO    | train_session_models | === RUN cross__deepconvnet ===
2026-06-07 03:54:36 | INFO    | train_session_models | [cross] deepconvnet sub-001 seed=1 mean_acc=0.7167 (6 pairs)
2026-06-07 03:55:05 | INFO    | train_session_models | [cross] deepconvnet sub-002 seed=1 mean_acc=0.5992 (6 pairs)
2026-06-07 03:56:17 | INFO    | train_session_models | [cross] deepconvnet sub-003 seed=1 mean_acc=0.7492 (6 pairs)
2026-06-07 03:56:52 | INFO    | train_session_models | [cross] deepconvnet sub-004 seed=1 mean_acc=0.5167 (6 pairs)
2026-06-07 03:58:02 | INFO    | train_session_models | [cross] deepconvnet sub-005 seed=1 mean_acc=0.6158 (6 pairs)
2026-06-07 03:58:54 | INFO    | train_session_models | [cross] deepconvnet sub-006 seed=1 mean_acc=0.7500 (6 pairs)
2026-06-07 03:59:56 | INFO    | train_session_models | [cross] deepconvnet sub-007 seed=1 mean_acc=0.7100 (6 pairs)
2026-06-07 04:00:48 | INFO    | train_session_models | [cross] deepconvnet sub-008 seed=1 mean_acc=0.6108 (6 pairs)
2026-06-07 04:01:28 | INFO    | train_session_models | [cross] deepconvnet sub-009 seed=1 mean_acc=0.6392 (6 pairs)
2026-06-07 04:02:07 | INFO    | train_session_models | [cross] deepconvnet sub-010 seed=1 mean_acc=0.5792 (6 pairs)
2026-06-07 04:02:43 | INFO    | train_session_models | [cross] deepconvnet sub-011 seed=1 mean_acc=0.7867 (6 pairs)
2026-06-07 04:03:10 | INFO    | train_session_models | [cross] deepconvnet sub-012 seed=1 mean_acc=0.5117 (6 pairs)
2026-06-07 04:03:45 | INFO    | train_session_models | [cross] deepconvnet sub-013 seed=1 mean_acc=0.6917 (6 pairs)
2026-06-07 04:04:19 | INFO    | train_session_models | [cross] deepconvnet sub-014 seed=1 mean_acc=0.4908 (6 pairs)
2026-06-07 04:05:06 | INFO    | train_session_models | [cross] deepconvnet sub-015 seed=1 mean_acc=0.6300 (6 pairs)
2026-06-07 04:05:40 | INFO    | train_session_models | [cross] deepconvnet sub-016 seed=1 mean_acc=0.5375 (6 pairs)
2026-06-07 04:06:35 | INFO    | train_session_models | [cross] deepconvnet sub-017 seed=1 mean_acc=0.6958 (6 pairs)
2026-06-07 04:07:34 | INFO    | train_session_models | [cross] deepconvnet sub-018 seed=1 mean_acc=0.6042 (6 pairs)
2026-06-07 04:08:05 | INFO    | train_session_models | [cross] deepconvnet sub-019 seed=1 mean_acc=0.6283 (6 pairs)
2026-06-07 04:09:27 | INFO    | train_session_models | [cross] deepconvnet sub-020 seed=1 mean_acc=0.6025 (6 pairs)
2026-06-07 04:09:59 | INFO    | train_session_models | [cross] deepconvnet sub-021 seed=1 mean_acc=0.6017 (6 pairs)
2026-06-07 04:10:56 | INFO    | train_session_models | [cross] deepconvnet sub-022 seed=1 mean_acc=0.5767 (6 pairs)
2026-06-07 04:11:08 | INFO    | train_session_models | [cross] deepconvnet sub-023 seed=1 mean_acc=0.6650 (2 pairs)
2026-06-07 04:11:08 | INFO    | train_session_models | [cross] sub-024 has <2 ok sessions; skipped.
2026-06-07 04:11:38 | INFO    | train_session_models | [cross] deepconvnet sub-025 seed=1 mean_acc=0.8300 (6 pairs)
2026-06-07 04:11:48 | INFO    | train_session_models | [cross] deepconvnet sub-026 seed=1 mean_acc=0.8875 (2 pairs)
2026-06-07 04:12:45 | INFO    | train_session_models | [cross] deepconvnet sub-027 seed=1 mean_acc=0.6542 (6 pairs)
2026-06-07 04:13:35 | INFO    | train_session_models | [cross] deepconvnet sub-028 seed=1 mean_acc=0.5550 (6 pairs)
2026-06-07 04:14:50 | INFO    | train_session_models | [cross] deepconvnet sub-029 seed=1 mean_acc=0.6192 (6 pairs)
2026-06-07 04:15:24 | INFO    | train_session_models | [cross] deepconvnet sub-030 seed=1 mean_acc=0.7283 (6 pairs)
2026-06-07 04:15:57 | INFO    | train_session_models | [cross] deepconvnet sub-031 seed=1 mean_acc=0.6533 (6 pairs)
2026-06-07 04:16:11 | INFO    | train_session_models | [cross] deepconvnet sub-032 seed=1 mean_acc=0.6000 (2 pairs)
2026-06-07 04:17:00 | INFO    | train_session_models | [cross] deepconvnet sub-033 seed=1 mean_acc=0.7833 (6 pairs)
2026-06-07 04:17:37 | INFO    | train_session_models | [cross] deepconvnet sub-034 seed=1 mean_acc=0.7433 (6 pairs)
2026-06-07 04:19:00 | INFO    | train_session_models | [cross] deepconvnet sub-035 seed=1 mean_acc=0.9300 (6 pairs)
2026-06-07 04:19:50 | INFO    | train_session_models | [cross] deepconvnet sub-036 seed=1 mean_acc=0.9008 (6 pairs)
2026-06-07 04:20:29 | INFO    | train_session_models | [cross] deepconvnet sub-037 seed=1 mean_acc=0.8442 (6 pairs)
2026-06-07 04:21:18 | INFO    | train_session_models | [cross] deepconvnet sub-038 seed=1 mean_acc=0.5283 (6 pairs)
2026-06-07 04:21:48 | INFO    | train_session_models | [cross] deepconvnet sub-039 seed=1 mean_acc=0.4958 (6 pairs)
2026-06-07 04:22:27 | INFO    | train_session_models | [cross] deepconvnet sub-040 seed=1 mean_acc=0.6408 (6 pairs)
2026-06-07 04:23:03 | INFO    | train_session_models | [cross] deepconvnet sub-041 seed=1 mean_acc=0.8183 (6 pairs)
2026-06-07 04:24:03 | INFO    | train_session_models | [cross] deepconvnet sub-042 seed=1 mean_acc=0.6183 (6 pairs)
2026-06-07 04:24:56 | INFO    | train_session_models | [cross] deepconvnet sub-043 seed=1 mean_acc=0.9025 (6 pairs)
2026-06-07 04:25:28 | INFO    | train_session_models | [cross] deepconvnet sub-044 seed=1 mean_acc=0.6142 (6 pairs)
2026-06-07 04:26:21 | INFO    | train_session_models | [cross] deepconvnet sub-045 seed=1 mean_acc=0.7167 (6 pairs)
2026-06-07 04:27:32 | INFO    | train_session_models | [cross] deepconvnet sub-046 seed=1 mean_acc=0.9533 (6 pairs)
2026-06-07 04:28:19 | INFO    | train_session_models | [cross] deepconvnet sub-047 seed=1 mean_acc=0.7225 (6 pairs)
2026-06-07 04:28:46 | INFO    | train_session_models | [cross] deepconvnet sub-048 seed=1 mean_acc=0.7300 (6 pairs)
2026-06-07 04:29:50 | INFO    | train_session_models | [cross] deepconvnet sub-049 seed=1 mean_acc=0.6800 (6 pairs)
2026-06-07 04:31:04 | INFO    | train_session_models | [cross] deepconvnet sub-050 seed=1 mean_acc=0.8083 (6 pairs)
2026-06-07 04:31:42 | INFO    | train_session_models | [cross] deepconvnet sub-051 seed=1 mean_acc=0.6575 (6 pairs)
2026-06-07 04:31:42 | INFO    | train_session_models | cross__deepconvnet: 288 rows -> /share/home/yuan/SYX/eeg-mi-online/outputs/experiments/session_model_compare_v1/runs/cross__deepconvnet__seed*.csv (seeds=[1], 2293.5s)
2026-06-07 04:31:42 | INFO    | train_session_models | === RUN cross__fbcnet ===
2026-06-07 04:32:53 | INFO    | train_session_models | [cross] fbcnet      sub-001 seed=1 mean_acc=0.6950 (6 pairs)
2026-06-07 04:33:16 | INFO    | train_session_models | [cross] fbcnet      sub-002 seed=1 mean_acc=0.5125 (6 pairs)
2026-06-07 04:34:10 | INFO    | train_session_models | [cross] fbcnet      sub-003 seed=1 mean_acc=0.6467 (6 pairs)
2026-06-07 04:34:34 | INFO    | train_session_models | [cross] fbcnet      sub-004 seed=1 mean_acc=0.4942 (6 pairs)
2026-06-07 04:35:49 | INFO    | train_session_models | [cross] fbcnet      sub-005 seed=1 mean_acc=0.7467 (6 pairs)
2026-06-07 04:36:56 | INFO    | train_session_models | [cross] fbcnet      sub-006 seed=1 mean_acc=0.7075 (6 pairs)
2026-06-07 04:37:29 | INFO    | train_session_models | [cross] fbcnet      sub-007 seed=1 mean_acc=0.5075 (6 pairs)
2026-06-07 04:38:23 | INFO    | train_session_models | [cross] fbcnet      sub-008 seed=1 mean_acc=0.5800 (6 pairs)
2026-06-07 04:38:42 | INFO    | train_session_models | [cross] fbcnet      sub-009 seed=1 mean_acc=0.5342 (6 pairs)
2026-06-07 04:39:24 | INFO    | train_session_models | [cross] fbcnet      sub-010 seed=1 mean_acc=0.5133 (6 pairs)
2026-06-07 04:40:12 | INFO    | train_session_models | [cross] fbcnet      sub-011 seed=1 mean_acc=0.6308 (6 pairs)
2026-06-07 04:40:39 | INFO    | train_session_models | [cross] fbcnet      sub-012 seed=1 mean_acc=0.5192 (6 pairs)
2026-06-07 04:41:04 | INFO    | train_session_models | [cross] fbcnet      sub-013 seed=1 mean_acc=0.5250 (6 pairs)
2026-06-07 04:41:27 | INFO    | train_session_models | [cross] fbcnet      sub-014 seed=1 mean_acc=0.4817 (6 pairs)
2026-06-07 04:42:02 | INFO    | train_session_models | [cross] fbcnet      sub-015 seed=1 mean_acc=0.5125 (6 pairs)
2026-06-07 04:42:22 | INFO    | train_session_models | [cross] fbcnet      sub-016 seed=1 mean_acc=0.5192 (6 pairs)
2026-06-07 04:42:55 | INFO    | train_session_models | [cross] fbcnet      sub-017 seed=1 mean_acc=0.5850 (6 pairs)
2026-06-07 04:43:21 | INFO    | train_session_models | [cross] fbcnet      sub-018 seed=1 mean_acc=0.5225 (6 pairs)
2026-06-07 04:43:57 | INFO    | train_session_models | [cross] fbcnet      sub-019 seed=1 mean_acc=0.5517 (6 pairs)
2026-06-07 04:44:46 | INFO    | train_session_models | [cross] fbcnet      sub-020 seed=1 mean_acc=0.5108 (6 pairs)
2026-06-07 04:45:35 | INFO    | train_session_models | [cross] fbcnet      sub-021 seed=1 mean_acc=0.5675 (6 pairs)
2026-06-07 04:46:10 | INFO    | train_session_models | [cross] fbcnet      sub-022 seed=1 mean_acc=0.5433 (6 pairs)
2026-06-07 04:46:28 | INFO    | train_session_models | [cross] fbcnet      sub-023 seed=1 mean_acc=0.8025 (2 pairs)
2026-06-07 04:46:28 | INFO    | train_session_models | [cross] sub-024 has <2 ok sessions; skipped.
2026-06-07 04:47:43 | INFO    | train_session_models | [cross] fbcnet      sub-025 seed=1 mean_acc=0.6025 (6 pairs)
2026-06-07 04:48:02 | INFO    | train_session_models | [cross] fbcnet      sub-026 seed=1 mean_acc=0.6525 (2 pairs)
2026-06-07 04:48:46 | INFO    | train_session_models | [cross] fbcnet      sub-027 seed=1 mean_acc=0.5217 (6 pairs)
2026-06-07 04:49:45 | INFO    | train_session_models | [cross] fbcnet      sub-028 seed=1 mean_acc=0.6917 (6 pairs)
2026-06-07 04:50:47 | INFO    | train_session_models | [cross] fbcnet      sub-029 seed=1 mean_acc=0.7858 (6 pairs)
2026-06-07 04:51:31 | INFO    | train_session_models | [cross] fbcnet      sub-030 seed=1 mean_acc=0.6800 (6 pairs)
2026-06-07 04:52:03 | INFO    | train_session_models | [cross] fbcnet      sub-031 seed=1 mean_acc=0.5250 (6 pairs)
2026-06-07 04:52:14 | INFO    | train_session_models | [cross] fbcnet      sub-032 seed=1 mean_acc=0.5675 (2 pairs)
2026-06-07 04:53:21 | INFO    | train_session_models | [cross] fbcnet      sub-033 seed=1 mean_acc=0.9158 (6 pairs)
2026-06-07 04:53:44 | INFO    | train_session_models | [cross] fbcnet      sub-034 seed=1 mean_acc=0.5475 (6 pairs)
2026-06-07 04:54:58 | INFO    | train_session_models | [cross] fbcnet      sub-035 seed=1 mean_acc=0.8300 (6 pairs)
2026-06-07 04:56:01 | INFO    | train_session_models | [cross] fbcnet      sub-036 seed=1 mean_acc=0.8425 (6 pairs)
2026-06-07 04:56:43 | INFO    | train_session_models | [cross] fbcnet      sub-037 seed=1 mean_acc=0.6242 (6 pairs)
2026-06-07 04:57:06 | INFO    | train_session_models | [cross] fbcnet      sub-038 seed=1 mean_acc=0.5133 (6 pairs)
2026-06-07 04:57:51 | INFO    | train_session_models | [cross] fbcnet      sub-039 seed=1 mean_acc=0.5558 (6 pairs)
2026-06-07 04:58:45 | INFO    | train_session_models | [cross] fbcnet      sub-040 seed=1 mean_acc=0.6492 (6 pairs)
2026-06-07 04:59:26 | INFO    | train_session_models | [cross] fbcnet      sub-041 seed=1 mean_acc=0.7383 (6 pairs)
2026-06-07 05:00:02 | INFO    | train_session_models | [cross] fbcnet      sub-042 seed=1 mean_acc=0.5842 (6 pairs)
2026-06-07 05:01:26 | INFO    | train_session_models | [cross] fbcnet      sub-043 seed=1 mean_acc=0.9483 (6 pairs)
2026-06-07 05:01:48 | INFO    | train_session_models | [cross] fbcnet      sub-044 seed=1 mean_acc=0.5283 (6 pairs)
2026-06-07 05:02:14 | INFO    | train_session_models | [cross] fbcnet      sub-045 seed=1 mean_acc=0.6317 (6 pairs)
2026-06-07 05:03:35 | INFO    | train_session_models | [cross] fbcnet      sub-046 seed=1 mean_acc=0.9292 (6 pairs)
2026-06-07 05:04:46 | INFO    | train_session_models | [cross] fbcnet      sub-047 seed=1 mean_acc=0.7675 (6 pairs)
2026-06-07 05:05:30 | INFO    | train_session_models | [cross] fbcnet      sub-048 seed=1 mean_acc=0.5533 (6 pairs)
2026-06-07 05:06:16 | INFO    | train_session_models | [cross] fbcnet      sub-049 seed=1 mean_acc=0.7100 (6 pairs)
2026-06-07 05:07:15 | INFO    | train_session_models | [cross] fbcnet      sub-050 seed=1 mean_acc=0.8142 (6 pairs)
2026-06-07 05:08:13 | INFO    | train_session_models | [cross] fbcnet      sub-051 seed=1 mean_acc=0.7367 (6 pairs)
2026-06-07 05:08:13 | INFO    | train_session_models | cross__fbcnet: 288 rows -> /share/home/yuan/SYX/eeg-mi-online/outputs/experiments/session_model_compare_v1/runs/cross__fbcnet__seed*.csv (seeds=[1], 2190.6s)
2026-06-07 05:08:13 | INFO    | train_session_models | ALL DONE in 6407.1s | outputs in /share/home/yuan/SYX/eeg-mi-online/outputs/experiments/session_model_compare_v1
--------------------------------------------------------
Done: Sun Jun  7 05:08:14 CST 2026
========================================================
