========================================================
Project : /share/home/yuan/SYX/eeg-mi-online
Env     : mi_torch_cu118
Args    : --config configs/session_model_compare.yaml --models eegnet,deepconvnet,fbcnet --protocol cross --seeds 0
Node    : gpu01  |  Start: Sun Jun  7 01:36:12 CST 2026
========================================================
[env] python: /share/home/yuan/.conda/envs/mi_torch_cu118/bin/python | CONDA_DEFAULT_ENV=mi_torch_cu118
Sun Jun  7 01:36:13 2026       
+-----------------------------------------------------------------------------------------+
| NVIDIA-SMI 570.153.02             Driver Version: 570.153.02     CUDA Version: 12.8     |
|-----------------------------------------+------------------------+----------------------+
| GPU  Name                 Persistence-M | Bus-Id          Disp.A | Volatile Uncorr. ECC |
| Fan  Temp   Perf          Pwr:Usage/Cap |           Memory-Usage | GPU-Util  Compute M. |
|                                         |                        |               MIG M. |
|=========================================+========================+======================|
|   0  NVIDIA GeForce RTX 4090 D      On  |   00000000:C1:00.0 Off |                  Off |
| 30%   32C    P0             70W /  425W |       1MiB /  24564MiB |      0%      Default |
|                                         |                        |                  N/A |
+-----------------------------------------+------------------------+----------------------+
                                                                                         
+-----------------------------------------------------------------------------------------+
| Processes:                                                                              |
|  GPU   GI   CI              PID   Type   Process name                        GPU Memory |
|        ID   ID                                                               Usage      |
|=========================================================================================|
|  No running processes found                                                             |
+-----------------------------------------------------------------------------------------+
[cuda-check] torch=2.7.1+cu118 cuda_build=11.8 cuda_avail=True
2026-06-07 01:36:16 | INFO    | train_session_models | device=cuda | cuda={'torch': '2.7.1+cu118', 'cuda_build': '11.8', 'cuda_available': True, 'device': 'cuda', 'device_name': 'NVIDIA GeForce RTX 4090 D'}
2026-06-07 01:36:16 | INFO    | train_session_models | loaded 148 ok sessions across 51 subjects | models=['eegnet', 'deepconvnet', 'fbcnet'] | protocols=['cross'] | seeds=[0] | folds=10
2026-06-07 01:36:16 | INFO    | train_session_models | === RUN cross__eegnet ===
2026-06-07 01:37:07 | INFO    | train_session_models | [cross] eegnet      sub-001 seed=0 mean_acc=0.8392 (6 pairs)
2026-06-07 01:37:32 | INFO    | train_session_models | [cross] eegnet      sub-002 seed=0 mean_acc=0.6083 (6 pairs)
2026-06-07 01:38:17 | INFO    | train_session_models | [cross] eegnet      sub-003 seed=0 mean_acc=0.7117 (6 pairs)
2026-06-07 01:38:38 | INFO    | train_session_models | [cross] eegnet      sub-004 seed=0 mean_acc=0.5008 (6 pairs)
2026-06-07 01:39:22 | INFO    | train_session_models | [cross] eegnet      sub-005 seed=0 mean_acc=0.7775 (6 pairs)
2026-06-07 01:40:16 | INFO    | train_session_models | [cross] eegnet      sub-006 seed=0 mean_acc=0.8867 (6 pairs)
2026-06-07 01:40:47 | INFO    | train_session_models | [cross] eegnet      sub-007 seed=0 mean_acc=0.7617 (6 pairs)
2026-06-07 01:41:30 | INFO    | train_session_models | [cross] eegnet      sub-008 seed=0 mean_acc=0.7225 (6 pairs)
2026-06-07 01:41:57 | INFO    | train_session_models | [cross] eegnet      sub-009 seed=0 mean_acc=0.6492 (6 pairs)
2026-06-07 01:42:30 | INFO    | train_session_models | [cross] eegnet      sub-010 seed=0 mean_acc=0.6375 (6 pairs)
2026-06-07 01:43:28 | INFO    | train_session_models | [cross] eegnet      sub-011 seed=0 mean_acc=0.8067 (6 pairs)
2026-06-07 01:43:50 | INFO    | train_session_models | [cross] eegnet      sub-012 seed=0 mean_acc=0.5308 (6 pairs)
2026-06-07 01:44:24 | INFO    | train_session_models | [cross] eegnet      sub-013 seed=0 mean_acc=0.7108 (6 pairs)
2026-06-07 01:44:44 | INFO    | train_session_models | [cross] eegnet      sub-014 seed=0 mean_acc=0.5367 (6 pairs)
2026-06-07 01:45:16 | INFO    | train_session_models | [cross] eegnet      sub-015 seed=0 mean_acc=0.6042 (6 pairs)
2026-06-07 01:45:39 | INFO    | train_session_models | [cross] eegnet      sub-016 seed=0 mean_acc=0.5483 (6 pairs)
2026-06-07 01:46:12 | INFO    | train_session_models | [cross] eegnet      sub-017 seed=0 mean_acc=0.6675 (6 pairs)
2026-06-07 01:46:43 | INFO    | train_session_models | [cross] eegnet      sub-018 seed=0 mean_acc=0.6658 (6 pairs)
2026-06-07 01:47:22 | INFO    | train_session_models | [cross] eegnet      sub-019 seed=0 mean_acc=0.6417 (6 pairs)
2026-06-07 01:48:26 | INFO    | train_session_models | [cross] eegnet      sub-020 seed=0 mean_acc=0.6042 (6 pairs)
2026-06-07 01:48:58 | INFO    | train_session_models | [cross] eegnet      sub-021 seed=0 mean_acc=0.5992 (6 pairs)
2026-06-07 01:49:46 | INFO    | train_session_models | [cross] eegnet      sub-022 seed=0 mean_acc=0.6250 (6 pairs)
2026-06-07 01:50:02 | INFO    | train_session_models | [cross] eegnet      sub-023 seed=0 mean_acc=0.8825 (2 pairs)
2026-06-07 01:50:02 | INFO    | train_session_models | [cross] sub-024 has <2 ok sessions; skipped.
2026-06-07 01:50:48 | INFO    | train_session_models | [cross] eegnet      sub-025 seed=0 mean_acc=0.8458 (6 pairs)
2026-06-07 01:51:03 | INFO    | train_session_models | [cross] eegnet      sub-026 seed=0 mean_acc=0.7425 (2 pairs)
2026-06-07 01:51:34 | INFO    | train_session_models | [cross] eegnet      sub-027 seed=0 mean_acc=0.6042 (6 pairs)
2026-06-07 01:52:00 | INFO    | train_session_models | [cross] eegnet      sub-028 seed=0 mean_acc=0.6358 (6 pairs)
2026-06-07 01:53:17 | INFO    | train_session_models | [cross] eegnet      sub-029 seed=0 mean_acc=0.5342 (6 pairs)
2026-06-07 01:54:01 | INFO    | train_session_models | [cross] eegnet      sub-030 seed=0 mean_acc=0.7658 (6 pairs)
2026-06-07 01:54:33 | INFO    | train_session_models | [cross] eegnet      sub-031 seed=0 mean_acc=0.7200 (6 pairs)
2026-06-07 01:54:42 | INFO    | train_session_models | [cross] eegnet      sub-032 seed=0 mean_acc=0.5700 (2 pairs)
2026-06-07 01:55:11 | INFO    | train_session_models | [cross] eegnet      sub-033 seed=0 mean_acc=0.8700 (6 pairs)
2026-06-07 01:55:48 | INFO    | train_session_models | [cross] eegnet      sub-034 seed=0 mean_acc=0.7850 (6 pairs)
2026-06-07 01:56:34 | INFO    | train_session_models | [cross] eegnet      sub-035 seed=0 mean_acc=0.9075 (6 pairs)
2026-06-07 01:57:26 | INFO    | train_session_models | [cross] eegnet      sub-036 seed=0 mean_acc=0.9183 (6 pairs)
2026-06-07 01:58:07 | INFO    | train_session_models | [cross] eegnet      sub-037 seed=0 mean_acc=0.8883 (6 pairs)
2026-06-07 01:58:41 | INFO    | train_session_models | [cross] eegnet      sub-038 seed=0 mean_acc=0.5025 (6 pairs)
2026-06-07 01:59:18 | INFO    | train_session_models | [cross] eegnet      sub-039 seed=0 mean_acc=0.4575 (6 pairs)
2026-06-07 01:59:50 | INFO    | train_session_models | [cross] eegnet      sub-040 seed=0 mean_acc=0.7042 (6 pairs)
2026-06-07 02:00:16 | INFO    | train_session_models | [cross] eegnet      sub-041 seed=0 mean_acc=0.8750 (6 pairs)
2026-06-07 02:00:44 | INFO    | train_session_models | [cross] eegnet      sub-042 seed=0 mean_acc=0.6700 (6 pairs)
2026-06-07 02:01:54 | INFO    | train_session_models | [cross] eegnet      sub-043 seed=0 mean_acc=0.9400 (6 pairs)
2026-06-07 02:02:19 | INFO    | train_session_models | [cross] eegnet      sub-044 seed=0 mean_acc=0.6508 (6 pairs)
2026-06-07 02:02:47 | INFO    | train_session_models | [cross] eegnet      sub-045 seed=0 mean_acc=0.7592 (6 pairs)
2026-06-07 02:04:13 | INFO    | train_session_models | [cross] eegnet      sub-046 seed=0 mean_acc=0.9767 (6 pairs)
2026-06-07 02:05:12 | INFO    | train_session_models | [cross] eegnet      sub-047 seed=0 mean_acc=0.8283 (6 pairs)
2026-06-07 02:05:53 | INFO    | train_session_models | [cross] eegnet      sub-048 seed=0 mean_acc=0.7975 (6 pairs)
2026-06-07 02:06:46 | INFO    | train_session_models | [cross] eegnet      sub-049 seed=0 mean_acc=0.7725 (6 pairs)
2026-06-07 02:07:51 | INFO    | train_session_models | [cross] eegnet      sub-050 seed=0 mean_acc=0.8925 (6 pairs)
2026-06-07 02:08:30 | INFO    | train_session_models | [cross] eegnet      sub-051 seed=0 mean_acc=0.7942 (6 pairs)
2026-06-07 02:08:30 | INFO    | train_session_models | cross__eegnet: 288 rows -> /share/home/yuan/SYX/eeg-mi-online/outputs/experiments/session_model_compare_v1/runs/cross__eegnet__seed*.csv (seeds=[0], 1934.0s)
2026-06-07 02:08:30 | INFO    | train_session_models | === RUN cross__deepconvnet ===
2026-06-07 02:09:20 | INFO    | train_session_models | [cross] deepconvnet sub-001 seed=0 mean_acc=0.6767 (6 pairs)
2026-06-07 02:09:53 | INFO    | train_session_models | [cross] deepconvnet sub-002 seed=0 mean_acc=0.5892 (6 pairs)
2026-06-07 02:10:53 | INFO    | train_session_models | [cross] deepconvnet sub-003 seed=0 mean_acc=0.6958 (6 pairs)
2026-06-07 02:11:28 | INFO    | train_session_models | [cross] deepconvnet sub-004 seed=0 mean_acc=0.5008 (6 pairs)
2026-06-07 02:12:42 | INFO    | train_session_models | [cross] deepconvnet sub-005 seed=0 mean_acc=0.7067 (6 pairs)
2026-06-07 02:13:49 | INFO    | train_session_models | [cross] deepconvnet sub-006 seed=0 mean_acc=0.7725 (6 pairs)
2026-06-07 02:14:30 | INFO    | train_session_models | [cross] deepconvnet sub-007 seed=0 mean_acc=0.7292 (6 pairs)
2026-06-07 02:15:06 | INFO    | train_session_models | [cross] deepconvnet sub-008 seed=0 mean_acc=0.6150 (6 pairs)
2026-06-07 02:15:40 | INFO    | train_session_models | [cross] deepconvnet sub-009 seed=0 mean_acc=0.6242 (6 pairs)
2026-06-07 02:16:17 | INFO    | train_session_models | [cross] deepconvnet sub-010 seed=0 mean_acc=0.5500 (6 pairs)
2026-06-07 02:17:10 | INFO    | train_session_models | [cross] deepconvnet sub-011 seed=0 mean_acc=0.7900 (6 pairs)
2026-06-07 02:17:37 | INFO    | train_session_models | [cross] deepconvnet sub-012 seed=0 mean_acc=0.5092 (6 pairs)
2026-06-07 02:18:08 | INFO    | train_session_models | [cross] deepconvnet sub-013 seed=0 mean_acc=0.6642 (6 pairs)
2026-06-07 02:18:41 | INFO    | train_session_models | [cross] deepconvnet sub-014 seed=0 mean_acc=0.5100 (6 pairs)
2026-06-07 02:19:31 | INFO    | train_session_models | [cross] deepconvnet sub-015 seed=0 mean_acc=0.6025 (6 pairs)
2026-06-07 02:20:02 | INFO    | train_session_models | [cross] deepconvnet sub-016 seed=0 mean_acc=0.5250 (6 pairs)
2026-06-07 02:20:51 | INFO    | train_session_models | [cross] deepconvnet sub-017 seed=0 mean_acc=0.6892 (6 pairs)
2026-06-07 02:21:41 | INFO    | train_session_models | [cross] deepconvnet sub-018 seed=0 mean_acc=0.6408 (6 pairs)
2026-06-07 02:22:22 | INFO    | train_session_models | [cross] deepconvnet sub-019 seed=0 mean_acc=0.6225 (6 pairs)
2026-06-07 02:23:51 | INFO    | train_session_models | [cross] deepconvnet sub-020 seed=0 mean_acc=0.5550 (6 pairs)
2026-06-07 02:24:23 | INFO    | train_session_models | [cross] deepconvnet sub-021 seed=0 mean_acc=0.5467 (6 pairs)
2026-06-07 02:25:20 | INFO    | train_session_models | [cross] deepconvnet sub-022 seed=0 mean_acc=0.5867 (6 pairs)
2026-06-07 02:25:30 | INFO    | train_session_models | [cross] deepconvnet sub-023 seed=0 mean_acc=0.6475 (2 pairs)
2026-06-07 02:25:30 | INFO    | train_session_models | [cross] sub-024 has <2 ok sessions; skipped.
2026-06-07 02:26:13 | INFO    | train_session_models | [cross] deepconvnet sub-025 seed=0 mean_acc=0.8575 (6 pairs)
2026-06-07 02:26:24 | INFO    | train_session_models | [cross] deepconvnet sub-026 seed=0 mean_acc=0.9000 (2 pairs)
2026-06-07 02:27:07 | INFO    | train_session_models | [cross] deepconvnet sub-027 seed=0 mean_acc=0.6375 (6 pairs)
2026-06-07 02:27:53 | INFO    | train_session_models | [cross] deepconvnet sub-028 seed=0 mean_acc=0.5792 (6 pairs)
2026-06-07 02:28:42 | INFO    | train_session_models | [cross] deepconvnet sub-029 seed=0 mean_acc=0.5742 (6 pairs)
2026-06-07 02:29:14 | INFO    | train_session_models | [cross] deepconvnet sub-030 seed=0 mean_acc=0.7583 (6 pairs)
2026-06-07 02:29:58 | INFO    | train_session_models | [cross] deepconvnet sub-031 seed=0 mean_acc=0.6433 (6 pairs)
2026-06-07 02:30:10 | INFO    | train_session_models | [cross] deepconvnet sub-032 seed=0 mean_acc=0.5800 (2 pairs)
2026-06-07 02:31:16 | INFO    | train_session_models | [cross] deepconvnet sub-033 seed=0 mean_acc=0.8142 (6 pairs)
2026-06-07 02:31:59 | INFO    | train_session_models | [cross] deepconvnet sub-034 seed=0 mean_acc=0.7842 (6 pairs)
2026-06-07 02:32:41 | INFO    | train_session_models | [cross] deepconvnet sub-035 seed=0 mean_acc=0.8492 (6 pairs)
2026-06-07 02:33:48 | INFO    | train_session_models | [cross] deepconvnet sub-036 seed=0 mean_acc=0.9125 (6 pairs)
2026-06-07 02:34:48 | INFO    | train_session_models | [cross] deepconvnet sub-037 seed=0 mean_acc=0.8458 (6 pairs)
2026-06-07 02:35:31 | INFO    | train_session_models | [cross] deepconvnet sub-038 seed=0 mean_acc=0.4958 (6 pairs)
2026-06-07 02:36:04 | INFO    | train_session_models | [cross] deepconvnet sub-039 seed=0 mean_acc=0.5050 (6 pairs)
2026-06-07 02:36:34 | INFO    | train_session_models | [cross] deepconvnet sub-040 seed=0 mean_acc=0.6108 (6 pairs)
2026-06-07 02:37:06 | INFO    | train_session_models | [cross] deepconvnet sub-041 seed=0 mean_acc=0.8300 (6 pairs)
2026-06-07 02:37:47 | INFO    | train_session_models | [cross] deepconvnet sub-042 seed=0 mean_acc=0.6092 (6 pairs)
2026-06-07 02:39:09 | INFO    | train_session_models | [cross] deepconvnet sub-043 seed=0 mean_acc=0.9192 (6 pairs)
2026-06-07 02:39:44 | INFO    | train_session_models | [cross] deepconvnet sub-044 seed=0 mean_acc=0.6067 (6 pairs)
2026-06-07 02:40:26 | INFO    | train_session_models | [cross] deepconvnet sub-045 seed=0 mean_acc=0.7433 (6 pairs)
2026-06-07 02:42:07 | INFO    | train_session_models | [cross] deepconvnet sub-046 seed=0 mean_acc=0.9600 (6 pairs)
2026-06-07 02:42:53 | INFO    | train_session_models | [cross] deepconvnet sub-047 seed=0 mean_acc=0.7258 (6 pairs)
2026-06-07 02:43:26 | INFO    | train_session_models | [cross] deepconvnet sub-048 seed=0 mean_acc=0.7417 (6 pairs)
2026-06-07 02:44:04 | INFO    | train_session_models | [cross] deepconvnet sub-049 seed=0 mean_acc=0.5783 (6 pairs)
2026-06-07 02:45:03 | INFO    | train_session_models | [cross] deepconvnet sub-050 seed=0 mean_acc=0.8258 (6 pairs)
2026-06-07 02:45:44 | INFO    | train_session_models | [cross] deepconvnet sub-051 seed=0 mean_acc=0.6642 (6 pairs)
2026-06-07 02:45:44 | INFO    | train_session_models | cross__deepconvnet: 288 rows -> /share/home/yuan/SYX/eeg-mi-online/outputs/experiments/session_model_compare_v1/runs/cross__deepconvnet__seed*.csv (seeds=[0], 2234.4s)
2026-06-07 02:45:44 | INFO    | train_session_models | === RUN cross__fbcnet ===
2026-06-07 02:46:53 | INFO    | train_session_models | [cross] fbcnet      sub-001 seed=0 mean_acc=0.6942 (6 pairs)
2026-06-07 02:47:18 | INFO    | train_session_models | [cross] fbcnet      sub-002 seed=0 mean_acc=0.4992 (6 pairs)
2026-06-07 02:48:08 | INFO    | train_session_models | [cross] fbcnet      sub-003 seed=0 mean_acc=0.6250 (6 pairs)
2026-06-07 02:48:30 | INFO    | train_session_models | [cross] fbcnet      sub-004 seed=0 mean_acc=0.5067 (6 pairs)
2026-06-07 02:49:30 | INFO    | train_session_models | [cross] fbcnet      sub-005 seed=0 mean_acc=0.7533 (6 pairs)
2026-06-07 02:50:36 | INFO    | train_session_models | [cross] fbcnet      sub-006 seed=0 mean_acc=0.6675 (6 pairs)
2026-06-07 02:51:12 | INFO    | train_session_models | [cross] fbcnet      sub-007 seed=0 mean_acc=0.5400 (6 pairs)
2026-06-07 02:51:59 | INFO    | train_session_models | [cross] fbcnet      sub-008 seed=0 mean_acc=0.5658 (6 pairs)
2026-06-07 02:52:20 | INFO    | train_session_models | [cross] fbcnet      sub-009 seed=0 mean_acc=0.4983 (6 pairs)
2026-06-07 02:52:45 | INFO    | train_session_models | [cross] fbcnet      sub-010 seed=0 mean_acc=0.5050 (6 pairs)
2026-06-07 02:53:47 | INFO    | train_session_models | [cross] fbcnet      sub-011 seed=0 mean_acc=0.6292 (6 pairs)
2026-06-07 02:54:14 | INFO    | train_session_models | [cross] fbcnet      sub-012 seed=0 mean_acc=0.5058 (6 pairs)
2026-06-07 02:54:37 | INFO    | train_session_models | [cross] fbcnet      sub-013 seed=0 mean_acc=0.5025 (6 pairs)
2026-06-07 02:54:59 | INFO    | train_session_models | [cross] fbcnet      sub-014 seed=0 mean_acc=0.5058 (6 pairs)
2026-06-07 02:55:31 | INFO    | train_session_models | [cross] fbcnet      sub-015 seed=0 mean_acc=0.5225 (6 pairs)
2026-06-07 02:55:52 | INFO    | train_session_models | [cross] fbcnet      sub-016 seed=0 mean_acc=0.5325 (6 pairs)
2026-06-07 02:56:40 | INFO    | train_session_models | [cross] fbcnet      sub-017 seed=0 mean_acc=0.5667 (6 pairs)
2026-06-07 02:57:07 | INFO    | train_session_models | [cross] fbcnet      sub-018 seed=0 mean_acc=0.5267 (6 pairs)
2026-06-07 02:57:41 | INFO    | train_session_models | [cross] fbcnet      sub-019 seed=0 mean_acc=0.5167 (6 pairs)
2026-06-07 02:58:43 | INFO    | train_session_models | [cross] fbcnet      sub-020 seed=0 mean_acc=0.4850 (6 pairs)
2026-06-07 02:59:14 | INFO    | train_session_models | [cross] fbcnet      sub-021 seed=0 mean_acc=0.5425 (6 pairs)
2026-06-07 02:59:43 | INFO    | train_session_models | [cross] fbcnet      sub-022 seed=0 mean_acc=0.5567 (6 pairs)
2026-06-07 03:00:06 | INFO    | train_session_models | [cross] fbcnet      sub-023 seed=0 mean_acc=0.7675 (2 pairs)
2026-06-07 03:00:06 | INFO    | train_session_models | [cross] sub-024 has <2 ok sessions; skipped.
2026-06-07 03:01:13 | INFO    | train_session_models | [cross] fbcnet      sub-025 seed=0 mean_acc=0.5917 (6 pairs)
2026-06-07 03:01:33 | INFO    | train_session_models | [cross] fbcnet      sub-026 seed=0 mean_acc=0.6425 (2 pairs)
2026-06-07 03:02:08 | INFO    | train_session_models | [cross] fbcnet      sub-027 seed=0 mean_acc=0.5183 (6 pairs)
2026-06-07 03:02:56 | INFO    | train_session_models | [cross] fbcnet      sub-028 seed=0 mean_acc=0.6883 (6 pairs)
2026-06-07 03:04:09 | INFO    | train_session_models | [cross] fbcnet      sub-029 seed=0 mean_acc=0.7500 (6 pairs)
2026-06-07 03:04:48 | INFO    | train_session_models | [cross] fbcnet      sub-030 seed=0 mean_acc=0.6350 (6 pairs)
2026-06-07 03:05:23 | INFO    | train_session_models | [cross] fbcnet      sub-031 seed=0 mean_acc=0.5417 (6 pairs)
2026-06-07 03:05:33 | INFO    | train_session_models | [cross] fbcnet      sub-032 seed=0 mean_acc=0.5725 (2 pairs)
2026-06-07 03:06:25 | INFO    | train_session_models | [cross] fbcnet      sub-033 seed=0 mean_acc=0.8775 (6 pairs)
2026-06-07 03:07:13 | INFO    | train_session_models | [cross] fbcnet      sub-034 seed=0 mean_acc=0.5292 (6 pairs)
2026-06-07 03:08:31 | INFO    | train_session_models | [cross] fbcnet      sub-035 seed=0 mean_acc=0.8317 (6 pairs)
2026-06-07 03:09:46 | INFO    | train_session_models | [cross] fbcnet      sub-036 seed=0 mean_acc=0.8417 (6 pairs)
2026-06-07 03:10:36 | INFO    | train_session_models | [cross] fbcnet      sub-037 seed=0 mean_acc=0.6350 (6 pairs)
2026-06-07 03:11:17 | INFO    | train_session_models | [cross] fbcnet      sub-038 seed=0 mean_acc=0.5058 (6 pairs)
2026-06-07 03:12:03 | INFO    | train_session_models | [cross] fbcnet      sub-039 seed=0 mean_acc=0.5283 (6 pairs)
2026-06-07 03:12:48 | INFO    | train_session_models | [cross] fbcnet      sub-040 seed=0 mean_acc=0.6292 (6 pairs)
2026-06-07 03:13:52 | INFO    | train_session_models | [cross] fbcnet      sub-041 seed=0 mean_acc=0.7967 (6 pairs)
2026-06-07 03:14:39 | INFO    | train_session_models | [cross] fbcnet      sub-042 seed=0 mean_acc=0.6250 (6 pairs)
2026-06-07 03:15:48 | INFO    | train_session_models | [cross] fbcnet      sub-043 seed=0 mean_acc=0.9233 (6 pairs)
2026-06-07 03:16:08 | INFO    | train_session_models | [cross] fbcnet      sub-044 seed=0 mean_acc=0.4992 (6 pairs)
2026-06-07 03:16:46 | INFO    | train_session_models | [cross] fbcnet      sub-045 seed=0 mean_acc=0.6367 (6 pairs)
2026-06-07 03:18:15 | INFO    | train_session_models | [cross] fbcnet      sub-046 seed=0 mean_acc=0.9117 (6 pairs)
2026-06-07 03:19:18 | INFO    | train_session_models | [cross] fbcnet      sub-047 seed=0 mean_acc=0.7700 (6 pairs)
2026-06-07 03:19:56 | INFO    | train_session_models | [cross] fbcnet      sub-048 seed=0 mean_acc=0.5633 (6 pairs)
2026-06-07 03:20:35 | INFO    | train_session_models | [cross] fbcnet      sub-049 seed=0 mean_acc=0.7025 (6 pairs)
2026-06-07 03:21:48 | INFO    | train_session_models | [cross] fbcnet      sub-050 seed=0 mean_acc=0.8017 (6 pairs)
2026-06-07 03:22:53 | INFO    | train_session_models | [cross] fbcnet      sub-051 seed=0 mean_acc=0.6825 (6 pairs)
2026-06-07 03:22:54 | INFO    | train_session_models | cross__fbcnet: 288 rows -> /share/home/yuan/SYX/eeg-mi-online/outputs/experiments/session_model_compare_v1/runs/cross__fbcnet__seed*.csv (seeds=[0], 2229.3s)
2026-06-07 03:22:54 | INFO    | train_session_models | ALL DONE in 6398.1s | outputs in /share/home/yuan/SYX/eeg-mi-online/outputs/experiments/session_model_compare_v1
--------------------------------------------------------
Done: Sun Jun  7 03:22:55 CST 2026
========================================================
