========================================================
Project : /share/home/yuan/SYX/eeg-mi-online
Env     : mi_torch_cu118
Args    : --config configs/session_model_compare.yaml --models eegnet,deepconvnet,fbcnet --protocol cross --seeds 2
Node    : gpu01  |  Start: Sun Jun  7 05:08:14 CST 2026
========================================================
[env] python: /share/home/yuan/.conda/envs/mi_torch_cu118/bin/python | CONDA_DEFAULT_ENV=mi_torch_cu118
Sun Jun  7 05:08:14 2026       
+-----------------------------------------------------------------------------------------+
| NVIDIA-SMI 570.153.02             Driver Version: 570.153.02     CUDA Version: 12.8     |
|-----------------------------------------+------------------------+----------------------+
| GPU  Name                 Persistence-M | Bus-Id          Disp.A | Volatile Uncorr. ECC |
| Fan  Temp   Perf          Pwr:Usage/Cap |           Memory-Usage | GPU-Util  Compute M. |
|                                         |                        |               MIG M. |
|=========================================+========================+======================|
|   0  NVIDIA GeForce RTX 4090 D      On  |   00000000:81:00.0 Off |                  Off |
| 30%   29C    P8             17W /  425W |       1MiB /  24564MiB |      0%      Default |
|                                         |                        |                  N/A |
+-----------------------------------------+------------------------+----------------------+
                                                                                         
+-----------------------------------------------------------------------------------------+
| Processes:                                                                              |
|  GPU   GI   CI              PID   Type   Process name                        GPU Memory |
|        ID   ID                                                               Usage      |
|=========================================================================================|
|  No running processes found                                                             |
+-----------------------------------------------------------------------------------------+
[cuda-check] torch=2.7.1+cu118 cuda_build=11.8 cuda_avail=True
2026-06-07 05:08:18 | INFO    | train_session_models | device=cuda | cuda={'torch': '2.7.1+cu118', 'cuda_build': '11.8', 'cuda_available': True, 'device': 'cuda', 'device_name': 'NVIDIA GeForce RTX 4090 D'}
2026-06-07 05:08:18 | INFO    | train_session_models | loaded 148 ok sessions across 51 subjects | models=['eegnet', 'deepconvnet', 'fbcnet'] | protocols=['cross'] | seeds=[2] | folds=10
2026-06-07 05:08:18 | INFO    | train_session_models | === RUN cross__eegnet ===
2026-06-07 05:09:09 | INFO    | train_session_models | [cross] eegnet      sub-001 seed=2 mean_acc=0.7725 (6 pairs)
2026-06-07 05:09:49 | INFO    | train_session_models | [cross] eegnet      sub-002 seed=2 mean_acc=0.6342 (6 pairs)
2026-06-07 05:11:22 | INFO    | train_session_models | [cross] eegnet      sub-003 seed=2 mean_acc=0.7325 (6 pairs)
2026-06-07 05:11:51 | INFO    | train_session_models | [cross] eegnet      sub-004 seed=2 mean_acc=0.5000 (6 pairs)
2026-06-07 05:12:50 | INFO    | train_session_models | [cross] eegnet      sub-005 seed=2 mean_acc=0.7200 (6 pairs)
2026-06-07 05:14:11 | INFO    | train_session_models | [cross] eegnet      sub-006 seed=2 mean_acc=0.8008 (6 pairs)
2026-06-07 05:15:03 | INFO    | train_session_models | [cross] eegnet      sub-007 seed=2 mean_acc=0.7542 (6 pairs)
2026-06-07 05:15:44 | INFO    | train_session_models | [cross] eegnet      sub-008 seed=2 mean_acc=0.6208 (6 pairs)
2026-06-07 05:16:24 | INFO    | train_session_models | [cross] eegnet      sub-009 seed=2 mean_acc=0.6500 (6 pairs)
2026-06-07 05:17:01 | INFO    | train_session_models | [cross] eegnet      sub-010 seed=2 mean_acc=0.6333 (6 pairs)
2026-06-07 05:17:59 | INFO    | train_session_models | [cross] eegnet      sub-011 seed=2 mean_acc=0.8550 (6 pairs)
2026-06-07 05:18:34 | INFO    | train_session_models | [cross] eegnet      sub-012 seed=2 mean_acc=0.5292 (6 pairs)
2026-06-07 05:19:12 | INFO    | train_session_models | [cross] eegnet      sub-013 seed=2 mean_acc=0.7167 (6 pairs)
2026-06-07 05:19:38 | INFO    | train_session_models | [cross] eegnet      sub-014 seed=2 mean_acc=0.5192 (6 pairs)
2026-06-07 05:20:31 | INFO    | train_session_models | [cross] eegnet      sub-015 seed=2 mean_acc=0.5517 (6 pairs)
2026-06-07 05:20:59 | INFO    | train_session_models | [cross] eegnet      sub-016 seed=2 mean_acc=0.4892 (6 pairs)
2026-06-07 05:21:44 | INFO    | train_session_models | [cross] eegnet      sub-017 seed=2 mean_acc=0.6858 (6 pairs)
2026-06-07 05:22:16 | INFO    | train_session_models | [cross] eegnet      sub-018 seed=2 mean_acc=0.5750 (6 pairs)
2026-06-07 05:22:53 | INFO    | train_session_models | [cross] eegnet      sub-019 seed=2 mean_acc=0.6575 (6 pairs)
2026-06-07 05:24:14 | INFO    | train_session_models | [cross] eegnet      sub-020 seed=2 mean_acc=0.5517 (6 pairs)
2026-06-07 05:25:00 | INFO    | train_session_models | [cross] eegnet      sub-021 seed=2 mean_acc=0.6375 (6 pairs)
2026-06-07 05:25:51 | INFO    | train_session_models | [cross] eegnet      sub-022 seed=2 mean_acc=0.6183 (6 pairs)
2026-06-07 05:26:14 | INFO    | train_session_models | [cross] eegnet      sub-023 seed=2 mean_acc=0.8050 (2 pairs)
2026-06-07 05:26:14 | INFO    | train_session_models | [cross] sub-024 has <2 ok sessions; skipped.
2026-06-07 05:27:03 | INFO    | train_session_models | [cross] eegnet      sub-025 seed=2 mean_acc=0.8283 (6 pairs)
2026-06-07 05:27:24 | INFO    | train_session_models | [cross] eegnet      sub-026 seed=2 mean_acc=0.8625 (2 pairs)
2026-06-07 05:27:56 | INFO    | train_session_models | [cross] eegnet      sub-027 seed=2 mean_acc=0.6358 (6 pairs)
2026-06-07 05:28:38 | INFO    | train_session_models | [cross] eegnet      sub-028 seed=2 mean_acc=0.6392 (6 pairs)
2026-06-07 05:30:08 | INFO    | train_session_models | [cross] eegnet      sub-029 seed=2 mean_acc=0.5842 (6 pairs)
2026-06-07 05:30:58 | INFO    | train_session_models | [cross] eegnet      sub-030 seed=2 mean_acc=0.7650 (6 pairs)
2026-06-07 05:31:36 | INFO    | train_session_models | [cross] eegnet      sub-031 seed=2 mean_acc=0.7175 (6 pairs)
2026-06-07 05:31:49 | INFO    | train_session_models | [cross] eegnet      sub-032 seed=2 mean_acc=0.5775 (2 pairs)
2026-06-07 05:32:20 | INFO    | train_session_models | [cross] eegnet      sub-033 seed=2 mean_acc=0.8975 (6 pairs)
2026-06-07 05:33:02 | INFO    | train_session_models | [cross] eegnet      sub-034 seed=2 mean_acc=0.7425 (6 pairs)
2026-06-07 05:33:57 | INFO    | train_session_models | [cross] eegnet      sub-035 seed=2 mean_acc=0.9408 (6 pairs)
2026-06-07 05:35:03 | INFO    | train_session_models | [cross] eegnet      sub-036 seed=2 mean_acc=0.8975 (6 pairs)
2026-06-07 05:35:59 | INFO    | train_session_models | [cross] eegnet      sub-037 seed=2 mean_acc=0.8575 (6 pairs)
2026-06-07 05:37:10 | INFO    | train_session_models | [cross] eegnet      sub-038 seed=2 mean_acc=0.4783 (6 pairs)
2026-06-07 05:37:56 | INFO    | train_session_models | [cross] eegnet      sub-039 seed=2 mean_acc=0.4917 (6 pairs)
2026-06-07 05:38:33 | INFO    | train_session_models | [cross] eegnet      sub-040 seed=2 mean_acc=0.6575 (6 pairs)
2026-06-07 05:39:18 | INFO    | train_session_models | [cross] eegnet      sub-041 seed=2 mean_acc=0.8508 (6 pairs)
2026-06-07 05:39:49 | INFO    | train_session_models | [cross] eegnet      sub-042 seed=2 mean_acc=0.5742 (6 pairs)
2026-06-07 05:41:25 | INFO    | train_session_models | [cross] eegnet      sub-043 seed=2 mean_acc=0.9375 (6 pairs)
2026-06-07 05:42:02 | INFO    | train_session_models | [cross] eegnet      sub-044 seed=2 mean_acc=0.6342 (6 pairs)
2026-06-07 05:43:06 | INFO    | train_session_models | [cross] eegnet      sub-045 seed=2 mean_acc=0.7783 (6 pairs)
2026-06-07 05:44:22 | INFO    | train_session_models | [cross] eegnet      sub-046 seed=2 mean_acc=0.9483 (6 pairs)
2026-06-07 05:45:30 | INFO    | train_session_models | [cross] eegnet      sub-047 seed=2 mean_acc=0.8050 (6 pairs)
2026-06-07 05:46:23 | INFO    | train_session_models | [cross] eegnet      sub-048 seed=2 mean_acc=0.7500 (6 pairs)
2026-06-07 05:47:30 | INFO    | train_session_models | [cross] eegnet      sub-049 seed=2 mean_acc=0.6900 (6 pairs)
2026-06-07 05:48:39 | INFO    | train_session_models | [cross] eegnet      sub-050 seed=2 mean_acc=0.8675 (6 pairs)
2026-06-07 05:49:27 | INFO    | train_session_models | [cross] eegnet      sub-051 seed=2 mean_acc=0.7792 (6 pairs)
2026-06-07 05:49:27 | INFO    | train_session_models | cross__eegnet: 288 rows -> /share/home/yuan/SYX/eeg-mi-online/outputs/experiments/session_model_compare_v1/runs/cross__eegnet__seed*.csv (seeds=[2], 2469.4s)
2026-06-07 05:49:27 | INFO    | train_session_models | === RUN cross__deepconvnet ===
2026-06-07 05:50:41 | INFO    | train_session_models | [cross] deepconvnet sub-001 seed=2 mean_acc=0.7167 (6 pairs)
2026-06-07 05:51:36 | INFO    | train_session_models | [cross] deepconvnet sub-002 seed=2 mean_acc=0.6067 (6 pairs)
2026-06-07 05:53:30 | INFO    | train_session_models | [cross] deepconvnet sub-003 seed=2 mean_acc=0.7292 (6 pairs)
2026-06-07 05:54:04 | INFO    | train_session_models | [cross] deepconvnet sub-004 seed=2 mean_acc=0.5092 (6 pairs)
2026-06-07 05:55:47 | INFO    | train_session_models | [cross] deepconvnet sub-005 seed=2 mean_acc=0.6592 (6 pairs)
2026-06-07 05:56:57 | INFO    | train_session_models | [cross] deepconvnet sub-006 seed=2 mean_acc=0.7542 (6 pairs)
2026-06-07 05:57:39 | INFO    | train_session_models | [cross] deepconvnet sub-007 seed=2 mean_acc=0.6317 (6 pairs)
2026-06-07 05:58:32 | INFO    | train_session_models | [cross] deepconvnet sub-008 seed=2 mean_acc=0.6208 (6 pairs)
2026-06-07 05:59:14 | INFO    | train_session_models | [cross] deepconvnet sub-009 seed=2 mean_acc=0.6117 (6 pairs)
2026-06-07 06:00:08 | INFO    | train_session_models | [cross] deepconvnet sub-010 seed=2 mean_acc=0.5733 (6 pairs)
2026-06-07 06:01:10 | INFO    | train_session_models | [cross] deepconvnet sub-011 seed=2 mean_acc=0.7983 (6 pairs)
2026-06-07 06:01:44 | INFO    | train_session_models | [cross] deepconvnet sub-012 seed=2 mean_acc=0.5100 (6 pairs)
2026-06-07 06:02:22 | INFO    | train_session_models | [cross] deepconvnet sub-013 seed=2 mean_acc=0.6908 (6 pairs)
2026-06-07 06:02:58 | INFO    | train_session_models | [cross] deepconvnet sub-014 seed=2 mean_acc=0.5117 (6 pairs)
2026-06-07 06:03:45 | INFO    | train_session_models | [cross] deepconvnet sub-015 seed=2 mean_acc=0.5925 (6 pairs)
2026-06-07 06:04:20 | INFO    | train_session_models | [cross] deepconvnet sub-016 seed=2 mean_acc=0.5192 (6 pairs)
2026-06-07 06:05:14 | INFO    | train_session_models | [cross] deepconvnet sub-017 seed=2 mean_acc=0.6933 (6 pairs)
2026-06-07 06:06:20 | INFO    | train_session_models | [cross] deepconvnet sub-018 seed=2 mean_acc=0.5833 (6 pairs)
2026-06-07 06:07:11 | INFO    | train_session_models | [cross] deepconvnet sub-019 seed=2 mean_acc=0.6308 (6 pairs)
2026-06-07 06:08:33 | INFO    | train_session_models | [cross] deepconvnet sub-020 seed=2 mean_acc=0.5767 (6 pairs)
2026-06-07 06:09:44 | INFO    | train_session_models | [cross] deepconvnet sub-021 seed=2 mean_acc=0.6667 (6 pairs)
2026-06-07 06:10:48 | INFO    | train_session_models | [cross] deepconvnet sub-022 seed=2 mean_acc=0.5550 (6 pairs)
2026-06-07 06:11:23 | INFO    | train_session_models | [cross] deepconvnet sub-023 seed=2 mean_acc=0.7450 (2 pairs)
2026-06-07 06:11:23 | INFO    | train_session_models | [cross] sub-024 has <2 ok sessions; skipped.
2026-06-07 06:12:07 | INFO    | train_session_models | [cross] deepconvnet sub-025 seed=2 mean_acc=0.8650 (6 pairs)
2026-06-07 06:12:20 | INFO    | train_session_models | [cross] deepconvnet sub-026 seed=2 mean_acc=0.8550 (2 pairs)
2026-06-07 06:13:14 | INFO    | train_session_models | [cross] deepconvnet sub-027 seed=2 mean_acc=0.6483 (6 pairs)
2026-06-07 06:14:25 | INFO    | train_session_models | [cross] deepconvnet sub-028 seed=2 mean_acc=0.5942 (6 pairs)
2026-06-07 06:15:48 | INFO    | train_session_models | [cross] deepconvnet sub-029 seed=2 mean_acc=0.6275 (6 pairs)
2026-06-07 06:16:25 | INFO    | train_session_models | [cross] deepconvnet sub-030 seed=2 mean_acc=0.7542 (6 pairs)
2026-06-07 06:17:12 | INFO    | train_session_models | [cross] deepconvnet sub-031 seed=2 mean_acc=0.6375 (6 pairs)
2026-06-07 06:17:28 | INFO    | train_session_models | [cross] deepconvnet sub-032 seed=2 mean_acc=0.5900 (2 pairs)
2026-06-07 06:18:11 | INFO    | train_session_models | [cross] deepconvnet sub-033 seed=2 mean_acc=0.7817 (6 pairs)
2026-06-07 06:19:26 | INFO    | train_session_models | [cross] deepconvnet sub-034 seed=2 mean_acc=0.7617 (6 pairs)
2026-06-07 06:21:21 | INFO    | train_session_models | [cross] deepconvnet sub-035 seed=2 mean_acc=0.9492 (6 pairs)
2026-06-07 06:22:28 | INFO    | train_session_models | [cross] deepconvnet sub-036 seed=2 mean_acc=0.8992 (6 pairs)
2026-06-07 06:23:17 | INFO    | train_session_models | [cross] deepconvnet sub-037 seed=2 mean_acc=0.8608 (6 pairs)
2026-06-07 06:24:25 | INFO    | train_session_models | [cross] deepconvnet sub-038 seed=2 mean_acc=0.5242 (6 pairs)
2026-06-07 06:25:06 | INFO    | train_session_models | [cross] deepconvnet sub-039 seed=2 mean_acc=0.5017 (6 pairs)
2026-06-07 06:25:44 | INFO    | train_session_models | [cross] deepconvnet sub-040 seed=2 mean_acc=0.5767 (6 pairs)
2026-06-07 06:26:48 | INFO    | train_session_models | [cross] deepconvnet sub-041 seed=2 mean_acc=0.8192 (6 pairs)
2026-06-07 06:27:45 | INFO    | train_session_models | [cross] deepconvnet sub-042 seed=2 mean_acc=0.6217 (6 pairs)
2026-06-07 06:29:17 | INFO    | train_session_models | [cross] deepconvnet sub-043 seed=2 mean_acc=0.9417 (6 pairs)
2026-06-07 06:30:01 | INFO    | train_session_models | [cross] deepconvnet sub-044 seed=2 mean_acc=0.6267 (6 pairs)
2026-06-07 06:30:58 | INFO    | train_session_models | [cross] deepconvnet sub-045 seed=2 mean_acc=0.7433 (6 pairs)
2026-06-07 06:32:08 | INFO    | train_session_models | [cross] deepconvnet sub-046 seed=2 mean_acc=0.9475 (6 pairs)
2026-06-07 06:32:58 | INFO    | train_session_models | [cross] deepconvnet sub-047 seed=2 mean_acc=0.7408 (6 pairs)
2026-06-07 06:33:47 | INFO    | train_session_models | [cross] deepconvnet sub-048 seed=2 mean_acc=0.7275 (6 pairs)
2026-06-07 06:34:47 | INFO    | train_session_models | [cross] deepconvnet sub-049 seed=2 mean_acc=0.6317 (6 pairs)
2026-06-07 06:35:52 | INFO    | train_session_models | [cross] deepconvnet sub-050 seed=2 mean_acc=0.8200 (6 pairs)
2026-06-07 06:36:53 | INFO    | train_session_models | [cross] deepconvnet sub-051 seed=2 mean_acc=0.6942 (6 pairs)
2026-06-07 06:36:53 | INFO    | train_session_models | cross__deepconvnet: 288 rows -> /share/home/yuan/SYX/eeg-mi-online/outputs/experiments/session_model_compare_v1/runs/cross__deepconvnet__seed*.csv (seeds=[2], 2845.8s)
2026-06-07 06:36:53 | INFO    | train_session_models | === RUN cross__fbcnet ===
2026-06-07 06:38:34 | INFO    | train_session_models | [cross] fbcnet      sub-001 seed=2 mean_acc=0.6575 (6 pairs)
2026-06-07 06:39:10 | INFO    | train_session_models | [cross] fbcnet      sub-002 seed=2 mean_acc=0.5475 (6 pairs)
2026-06-07 06:40:50 | INFO    | train_session_models | [cross] fbcnet      sub-003 seed=2 mean_acc=0.6592 (6 pairs)
2026-06-07 06:41:22 | INFO    | train_session_models | [cross] fbcnet      sub-004 seed=2 mean_acc=0.5150 (6 pairs)
2026-06-07 06:43:12 | INFO    | train_session_models | [cross] fbcnet      sub-005 seed=2 mean_acc=0.7225 (6 pairs)
2026-06-07 06:44:58 | INFO    | train_session_models | [cross] fbcnet      sub-006 seed=2 mean_acc=0.6983 (6 pairs)
2026-06-07 06:45:44 | INFO    | train_session_models | [cross] fbcnet      sub-007 seed=2 mean_acc=0.5567 (6 pairs)
2026-06-07 06:46:59 | INFO    | train_session_models | [cross] fbcnet      sub-008 seed=2 mean_acc=0.5875 (6 pairs)
2026-06-07 06:47:31 | INFO    | train_session_models | [cross] fbcnet      sub-009 seed=2 mean_acc=0.5458 (6 pairs)
2026-06-07 06:48:49 | INFO    | train_session_models | [cross] fbcnet      sub-010 seed=2 mean_acc=0.5467 (6 pairs)
2026-06-07 06:50:14 | INFO    | train_session_models | [cross] fbcnet      sub-011 seed=2 mean_acc=0.6450 (6 pairs)
2026-06-07 06:50:44 | INFO    | train_session_models | [cross] fbcnet      sub-012 seed=2 mean_acc=0.5133 (6 pairs)
2026-06-07 06:51:29 | INFO    | train_session_models | [cross] fbcnet      sub-013 seed=2 mean_acc=0.5158 (6 pairs)
2026-06-07 06:52:00 | INFO    | train_session_models | [cross] fbcnet      sub-014 seed=2 mean_acc=0.4958 (6 pairs)
2026-06-07 06:52:41 | INFO    | train_session_models | [cross] fbcnet      sub-015 seed=2 mean_acc=0.5142 (6 pairs)
2026-06-07 06:53:12 | INFO    | train_session_models | [cross] fbcnet      sub-016 seed=2 mean_acc=0.5067 (6 pairs)
2026-06-07 06:53:54 | INFO    | train_session_models | [cross] fbcnet      sub-017 seed=2 mean_acc=0.5508 (6 pairs)
2026-06-07 06:54:26 | INFO    | train_session_models | [cross] fbcnet      sub-018 seed=2 mean_acc=0.5183 (6 pairs)
2026-06-07 06:55:21 | INFO    | train_session_models | [cross] fbcnet      sub-019 seed=2 mean_acc=0.5208 (6 pairs)
2026-06-07 06:56:37 | INFO    | train_session_models | [cross] fbcnet      sub-020 seed=2 mean_acc=0.5150 (6 pairs)
2026-06-07 06:57:17 | INFO    | train_session_models | [cross] fbcnet      sub-021 seed=2 mean_acc=0.5567 (6 pairs)
2026-06-07 06:58:15 | INFO    | train_session_models | [cross] fbcnet      sub-022 seed=2 mean_acc=0.5383 (6 pairs)
2026-06-07 06:58:35 | INFO    | train_session_models | [cross] fbcnet      sub-023 seed=2 mean_acc=0.7400 (2 pairs)
2026-06-07 06:58:35 | INFO    | train_session_models | [cross] sub-024 has <2 ok sessions; skipped.
2026-06-07 06:59:50 | INFO    | train_session_models | [cross] fbcnet      sub-025 seed=2 mean_acc=0.5892 (6 pairs)
2026-06-07 07:00:25 | INFO    | train_session_models | [cross] fbcnet      sub-026 seed=2 mean_acc=0.6425 (2 pairs)
2026-06-07 07:01:32 | INFO    | train_session_models | [cross] fbcnet      sub-027 seed=2 mean_acc=0.5383 (6 pairs)
2026-06-07 07:03:03 | INFO    | train_session_models | [cross] fbcnet      sub-028 seed=2 mean_acc=0.7242 (6 pairs)
2026-06-07 07:04:41 | INFO    | train_session_models | [cross] fbcnet      sub-029 seed=2 mean_acc=0.7550 (6 pairs)
2026-06-07 07:05:57 | INFO    | train_session_models | [cross] fbcnet      sub-030 seed=2 mean_acc=0.6583 (6 pairs)
2026-06-07 07:06:36 | INFO    | train_session_models | [cross] fbcnet      sub-031 seed=2 mean_acc=0.5267 (6 pairs)
2026-06-07 07:06:47 | INFO    | train_session_models | [cross] fbcnet      sub-032 seed=2 mean_acc=0.5575 (2 pairs)
2026-06-07 07:08:15 | INFO    | train_session_models | [cross] fbcnet      sub-033 seed=2 mean_acc=0.9258 (6 pairs)
2026-06-07 07:09:31 | INFO    | train_session_models | [cross] fbcnet      sub-034 seed=2 mean_acc=0.5308 (6 pairs)
2026-06-07 07:10:45 | INFO    | train_session_models | [cross] fbcnet      sub-035 seed=2 mean_acc=0.8292 (6 pairs)
2026-06-07 07:12:30 | INFO    | train_session_models | [cross] fbcnet      sub-036 seed=2 mean_acc=0.8450 (6 pairs)
2026-06-07 07:13:32 | INFO    | train_session_models | [cross] fbcnet      sub-037 seed=2 mean_acc=0.6308 (6 pairs)
2026-06-07 07:14:43 | INFO    | train_session_models | [cross] fbcnet      sub-038 seed=2 mean_acc=0.5258 (6 pairs)
2026-06-07 07:15:46 | INFO    | train_session_models | [cross] fbcnet      sub-039 seed=2 mean_acc=0.5475 (6 pairs)
2026-06-07 07:17:25 | INFO    | train_session_models | [cross] fbcnet      sub-040 seed=2 mean_acc=0.6642 (6 pairs)
2026-06-07 07:18:39 | INFO    | train_session_models | [cross] fbcnet      sub-041 seed=2 mean_acc=0.7700 (6 pairs)
2026-06-07 07:19:19 | INFO    | train_session_models | [cross] fbcnet      sub-042 seed=2 mean_acc=0.5558 (6 pairs)
2026-06-07 07:20:45 | INFO    | train_session_models | [cross] fbcnet      sub-043 seed=2 mean_acc=0.9142 (6 pairs)
2026-06-07 07:21:26 | INFO    | train_session_models | [cross] fbcnet      sub-044 seed=2 mean_acc=0.5325 (6 pairs)
2026-06-07 07:22:29 | INFO    | train_session_models | [cross] fbcnet      sub-045 seed=2 mean_acc=0.6800 (6 pairs)
2026-06-07 07:24:20 | INFO    | train_session_models | [cross] fbcnet      sub-046 seed=2 mean_acc=0.9000 (6 pairs)
2026-06-07 07:25:58 | INFO    | train_session_models | [cross] fbcnet      sub-047 seed=2 mean_acc=0.7633 (6 pairs)
2026-06-07 07:26:49 | INFO    | train_session_models | [cross] fbcnet      sub-048 seed=2 mean_acc=0.5500 (6 pairs)
2026-06-07 07:27:56 | INFO    | train_session_models | [cross] fbcnet      sub-049 seed=2 mean_acc=0.7075 (6 pairs)
2026-06-07 07:29:17 | INFO    | train_session_models | [cross] fbcnet      sub-050 seed=2 mean_acc=0.7892 (6 pairs)
2026-06-07 07:30:45 | INFO    | train_session_models | [cross] fbcnet      sub-051 seed=2 mean_acc=0.7217 (6 pairs)
2026-06-07 07:30:46 | INFO    | train_session_models | cross__fbcnet: 288 rows -> /share/home/yuan/SYX/eeg-mi-online/outputs/experiments/session_model_compare_v1/runs/cross__fbcnet__seed*.csv (seeds=[2], 3232.8s)
2026-06-07 07:30:46 | INFO    | train_session_models | ALL DONE in 8548.2s | outputs in /share/home/yuan/SYX/eeg-mi-online/outputs/experiments/session_model_compare_v1
--------------------------------------------------------
Done: Sun Jun  7 07:30:47 CST 2026
========================================================
