========================================================
Project : /share/home/yuan/SYX/eeg-mi-online
Env     : mi_torch
Args    : 
Node    : gpu01  |  Start: Sun Jun  7 00:00:24 CST 2026
========================================================
2026-06-07 00:00:41 | INFO    | run_session_drift | loaded 148 ok sessions / 51 subjects (subjects=None, max_subjects=None)
2026-06-07 00:01:01 | INFO    | run_session_drift | processed 10 session pairs...
2026-06-07 00:01:23 | INFO    | run_session_drift | processed 20 session pairs...
2026-06-07 00:01:45 | INFO    | run_session_drift | processed 30 session pairs...
2026-06-07 00:02:07 | INFO    | run_session_drift | processed 40 session pairs...
2026-06-07 00:02:28 | INFO    | run_session_drift | processed 50 session pairs...
2026-06-07 00:02:48 | INFO    | run_session_drift | processed 60 session pairs...
2026-06-07 00:03:01 | INFO    | run_session_drift | sub-024: <2 ok sessions; no pairs.
2026-06-07 00:03:06 | INFO    | run_session_drift | processed 70 session pairs...
2026-06-07 00:03:24 | INFO    | run_session_drift | processed 80 session pairs...
2026-06-07 00:03:42 | INFO    | run_session_drift | processed 90 session pairs...
2026-06-07 00:03:59 | INFO    | run_session_drift | processed 100 session pairs...
2026-06-07 00:04:17 | INFO    | run_session_drift | processed 110 session pairs...
2026-06-07 00:04:34 | INFO    | run_session_drift | processed 120 session pairs...
2026-06-07 00:04:52 | INFO    | run_session_drift | processed 130 session pairs...
2026-06-07 00:05:10 | INFO    | run_session_drift | processed 140 session pairs...
2026-06-07 00:05:16 | INFO    | run_session_drift | drift metrics computed for 144 pairs / 50 subjects.
2026-06-07 00:05:16 | INFO    | run_session_drift | wrote /share/home/yuan/SYX/eeg-mi-online/outputs/analysis/session_drift_v1/session_drift_report.csv (144 rows)
2026-06-07 00:05:17 | INFO    | run_session_drift |   figure: distribution_distance_hist.png
2026-06-07 00:05:17 | INFO    | run_session_drift |   figure: band_power_shift_hist.png
2026-06-07 00:05:17 | INFO    | run_session_drift |   figure: erd_ers_correlation_hist.png
2026-06-07 00:05:17 | INFO    | run_session_drift |   figure: csp_similarity_hist.png
2026-06-07 00:05:17 | INFO    | run_session_drift |   figure: fisher_ratio_scatter.png
2026-06-07 00:05:18 | INFO    | run_session_drift |   figure: rms_ratio_hist.png
2026-06-07 00:05:18 | INFO    | run_session_drift |   figure: metric_correlation_matrix.png
2026-06-07 00:05:18 | INFO    | run_session_drift |   figure: session_pair_comparison.png
2026-06-07 00:05:18 | INFO    | run_session_drift | DONE in 276.9s | pairs=144 subjects=50 | outputs in /share/home/yuan/SYX/eeg-mi-online/outputs/analysis/session_drift_v1
--------------------------------------------------------
Done: Sun Jun  7 00:05:18 CST 2026
========================================================
