========================================================
Project : /share/home/yuan/SYX/eeg-mi-online
Env     : mi_torch_cu118
Args    : --config configs/session_model_compare.yaml --models eegnet,deepconvnet,fbcnet --protocol within
Node    : gpu02  |  Start: Sun Jun  7 00:52:34 CST 2026
========================================================
[env] python: /share/home/yuan/.conda/envs/mi_torch_cu118/bin/python | CONDA_DEFAULT_ENV=mi_torch_cu118
Sun Jun  7 00:52:34 2026       
+-----------------------------------------------------------------------------------------+
| NVIDIA-SMI 570.153.02             Driver Version: 570.153.02     CUDA Version: 12.8     |
|-----------------------------------------+------------------------+----------------------+
| GPU  Name                 Persistence-M | Bus-Id          Disp.A | Volatile Uncorr. ECC |
| Fan  Temp   Perf          Pwr:Usage/Cap |           Memory-Usage | GPU-Util  Compute M. |
|                                         |                        |               MIG M. |
|=========================================+========================+======================|
|   0  NVIDIA GeForce RTX 4090 D      On  |   00000000:E1:00.0 Off |                  Off |
| 30%   28C    P8              6W /  425W |       1MiB /  24564MiB |      0%      Default |
|                                         |                        |                  N/A |
+-----------------------------------------+------------------------+----------------------+
                                                                                         
+-----------------------------------------------------------------------------------------+
| Processes:                                                                              |
|  GPU   GI   CI              PID   Type   Process name                        GPU Memory |
|        ID   ID                                                               Usage      |
|=========================================================================================|
|  No running processes found                                                             |
+-----------------------------------------------------------------------------------------+
[cuda-check] torch=2.7.1+cu118 cuda_build=11.8 cuda_avail=True
2026-06-07 00:52:37 | INFO    | train_session_models | device=cuda | cuda={'torch': '2.7.1+cu118', 'cuda_build': '11.8', 'cuda_available': True, 'device': 'cuda', 'device_name': 'NVIDIA GeForce RTX 4090 D'}
2026-06-07 00:52:37 | INFO    | train_session_models | loaded 148 ok sessions across 51 subjects | models=['eegnet', 'deepconvnet', 'fbcnet'] | protocols=['within'] | seeds=[0] | folds=10
2026-06-07 00:52:37 | INFO    | train_session_models | === RUN within__eegnet ===
2026-06-07 00:54:04 | INFO    | train_session_models | [within] eegnet      sub-001/ses-01 seed=0 acc=0.7900 (folds=10)
2026-06-07 00:56:07 | INFO    | train_session_models | [within] eegnet      sub-001/ses-02 seed=0 acc=0.9550 (folds=10)
2026-06-07 00:57:57 | INFO    | train_session_models | [within] eegnet      sub-001/ses-03 seed=0 acc=0.9700 (folds=10)
2026-06-07 00:58:34 | INFO    | train_session_models | [within] eegnet      sub-002/ses-01 seed=0 acc=0.6100 (folds=10)
2026-06-07 00:59:12 | INFO    | train_session_models | [within] eegnet      sub-002/ses-02 seed=0 acc=0.5600 (folds=10)
2026-06-07 01:00:04 | INFO    | train_session_models | [within] eegnet      sub-002/ses-03 seed=0 acc=0.7550 (folds=10)
2026-06-07 01:01:38 | INFO    | train_session_models | [within] eegnet      sub-003/ses-01 seed=0 acc=0.8600 (folds=10)
2026-06-07 01:03:28 | INFO    | train_session_models | [within] eegnet      sub-003/ses-02 seed=0 acc=0.9250 (folds=10)
2026-06-07 01:05:10 | INFO    | train_session_models | [within] eegnet      sub-003/ses-03 seed=0 acc=0.8550 (folds=10)
2026-06-07 01:05:46 | INFO    | train_session_models | [within] eegnet      sub-004/ses-01 seed=0 acc=0.5050 (folds=10)
2026-06-07 01:06:23 | INFO    | train_session_models | [within] eegnet      sub-004/ses-02 seed=0 acc=0.4150 (folds=10)
2026-06-07 01:07:06 | INFO    | train_session_models | [within] eegnet      sub-004/ses-03 seed=0 acc=0.5700 (folds=10)
2026-06-07 01:08:37 | INFO    | train_session_models | [within] eegnet      sub-005/ses-01 seed=0 acc=0.9100 (folds=10)
2026-06-07 01:09:46 | INFO    | train_session_models | [within] eegnet      sub-005/ses-02 seed=0 acc=0.8300 (folds=10)
2026-06-07 01:10:54 | INFO    | train_session_models | [within] eegnet      sub-005/ses-03 seed=0 acc=0.6700 (folds=10)
2026-06-07 01:12:30 | INFO    | train_session_models | [within] eegnet      sub-006/ses-01 seed=0 acc=0.9250 (folds=10)
2026-06-07 01:14:15 | INFO    | train_session_models | [within] eegnet      sub-006/ses-02 seed=0 acc=0.9650 (folds=10)
2026-06-07 01:16:12 | INFO    | train_session_models | [within] eegnet      sub-006/ses-03 seed=0 acc=0.9700 (folds=10)
2026-06-07 01:16:58 | INFO    | train_session_models | [within] eegnet      sub-007/ses-01 seed=0 acc=0.6200 (folds=10)
2026-06-07 01:17:52 | INFO    | train_session_models | [within] eegnet      sub-007/ses-02 seed=0 acc=0.8350 (folds=10)
2026-06-07 01:19:24 | INFO    | train_session_models | [within] eegnet      sub-007/ses-03 seed=0 acc=0.8750 (folds=10)
2026-06-07 01:20:35 | INFO    | train_session_models | [within] eegnet      sub-008/ses-01 seed=0 acc=0.7100 (folds=10)
2026-06-07 01:22:22 | INFO    | train_session_models | [within] eegnet      sub-008/ses-02 seed=0 acc=0.8950 (folds=10)
2026-06-07 01:23:13 | INFO    | train_session_models | [within] eegnet      sub-008/ses-03 seed=0 acc=0.8950 (folds=10)
2026-06-07 01:24:13 | INFO    | train_session_models | [within] eegnet      sub-009/ses-01 seed=0 acc=0.7500 (folds=10)
2026-06-07 01:24:59 | INFO    | train_session_models | [within] eegnet      sub-009/ses-02 seed=0 acc=0.7350 (folds=10)
2026-06-07 01:25:37 | INFO    | train_session_models | [within] eegnet      sub-009/ses-03 seed=0 acc=0.5750 (folds=10)
2026-06-07 01:26:27 | INFO    | train_session_models | [within] eegnet      sub-010/ses-01 seed=0 acc=0.7350 (folds=10)
2026-06-07 01:27:44 | INFO    | train_session_models | [within] eegnet      sub-010/ses-02 seed=0 acc=0.9100 (folds=10)
2026-06-07 01:29:01 | INFO    | train_session_models | [within] eegnet      sub-010/ses-03 seed=0 acc=0.7400 (folds=10)
2026-06-07 01:29:46 | INFO    | train_session_models | [within] eegnet      sub-011/ses-01 seed=0 acc=0.9350 (folds=10)
2026-06-07 01:30:56 | INFO    | train_session_models | [within] eegnet      sub-011/ses-02 seed=0 acc=0.8000 (folds=10)
2026-06-07 01:32:42 | INFO    | train_session_models | [within] eegnet      sub-011/ses-03 seed=0 acc=0.9700 (folds=10)
2026-06-07 01:33:17 | INFO    | train_session_models | [within] eegnet      sub-012/ses-01 seed=0 acc=0.4950 (folds=10)
2026-06-07 01:33:58 | INFO    | train_session_models | [within] eegnet      sub-012/ses-02 seed=0 acc=0.4700 (folds=10)
2026-06-07 01:34:45 | INFO    | train_session_models | [within] eegnet      sub-012/ses-03 seed=0 acc=0.6450 (folds=10)
2026-06-07 01:35:51 | INFO    | train_session_models | [within] eegnet      sub-013/ses-01 seed=0 acc=0.8200 (folds=10)
2026-06-07 01:37:46 | INFO    | train_session_models | [within] eegnet      sub-013/ses-02 seed=0 acc=0.8250 (folds=10)
2026-06-07 01:39:13 | INFO    | train_session_models | [within] eegnet      sub-013/ses-03 seed=0 acc=0.8650 (folds=10)
2026-06-07 01:39:51 | INFO    | train_session_models | [within] eegnet      sub-014/ses-01 seed=0 acc=0.4850 (folds=10)
2026-06-07 01:40:24 | INFO    | train_session_models | [within] eegnet      sub-014/ses-02 seed=0 acc=0.4800 (folds=10)
2026-06-07 01:40:56 | INFO    | train_session_models | [within] eegnet      sub-014/ses-03 seed=0 acc=0.5200 (folds=10)
2026-06-07 01:42:24 | INFO    | train_session_models | [within] eegnet      sub-015/ses-01 seed=0 acc=0.7300 (folds=10)
2026-06-07 01:43:30 | INFO    | train_session_models | [within] eegnet      sub-015/ses-02 seed=0 acc=0.7650 (folds=10)
2026-06-07 01:44:34 | INFO    | train_session_models | [within] eegnet      sub-015/ses-03 seed=0 acc=0.5600 (folds=10)
2026-06-07 01:45:17 | INFO    | train_session_models | [within] eegnet      sub-016/ses-01 seed=0 acc=0.7050 (folds=10)
2026-06-07 01:45:58 | INFO    | train_session_models | [within] eegnet      sub-016/ses-02 seed=0 acc=0.5600 (folds=10)
2026-06-07 01:46:36 | INFO    | train_session_models | [within] eegnet      sub-016/ses-03 seed=0 acc=0.5050 (folds=10)
2026-06-07 01:47:38 | INFO    | train_session_models | [within] eegnet      sub-017/ses-01 seed=0 acc=0.7050 (folds=10)
2026-06-07 01:48:38 | INFO    | train_session_models | [within] eegnet      sub-017/ses-02 seed=0 acc=0.8200 (folds=10)
2026-06-07 01:49:40 | INFO    | train_session_models | [within] eegnet      sub-017/ses-03 seed=0 acc=0.8250 (folds=10)
2026-06-07 01:50:55 | INFO    | train_session_models | [within] eegnet      sub-018/ses-01 seed=0 acc=0.6750 (folds=10)
2026-06-07 01:51:43 | INFO    | train_session_models | [within] eegnet      sub-018/ses-02 seed=0 acc=0.7300 (folds=10)
2026-06-07 01:52:32 | INFO    | train_session_models | [within] eegnet      sub-018/ses-03 seed=0 acc=0.5900 (folds=10)
2026-06-07 01:53:20 | INFO    | train_session_models | [within] eegnet      sub-019/ses-01 seed=0 acc=0.5850 (folds=10)
2026-06-07 01:54:24 | INFO    | train_session_models | [within] eegnet      sub-019/ses-02 seed=0 acc=0.7600 (folds=10)
2026-06-07 01:55:32 | INFO    | train_session_models | [within] eegnet      sub-019/ses-03 seed=0 acc=0.9200 (folds=10)
2026-06-07 01:57:29 | INFO    | train_session_models | [within] eegnet      sub-020/ses-01 seed=0 acc=0.9650 (folds=10)
2026-06-07 01:59:23 | INFO    | train_session_models | [within] eegnet      sub-020/ses-02 seed=0 acc=0.9750 (folds=10)
2026-06-07 02:00:35 | INFO    | train_session_models | [within] eegnet      sub-020/ses-03 seed=0 acc=0.9550 (folds=10)
2026-06-07 02:01:53 | INFO    | train_session_models | [within] eegnet      sub-021/ses-01 seed=0 acc=0.7950 (folds=10)
2026-06-07 02:03:18 | INFO    | train_session_models | [within] eegnet      sub-021/ses-02 seed=0 acc=0.8000 (folds=10)
2026-06-07 02:04:27 | INFO    | train_session_models | [within] eegnet      sub-021/ses-03 seed=0 acc=0.8800 (folds=10)
2026-06-07 02:05:28 | INFO    | train_session_models | [within] eegnet      sub-022/ses-01 seed=0 acc=0.7600 (folds=10)
2026-06-07 02:06:41 | INFO    | train_session_models | [within] eegnet      sub-022/ses-02 seed=0 acc=0.7850 (folds=10)
2026-06-07 02:07:54 | INFO    | train_session_models | [within] eegnet      sub-022/ses-03 seed=0 acc=0.7500 (folds=10)
2026-06-07 02:09:38 | INFO    | train_session_models | [within] eegnet      sub-023/ses-02 seed=0 acc=0.9250 (folds=10)
2026-06-07 02:11:13 | INFO    | train_session_models | [within] eegnet      sub-023/ses-03 seed=0 acc=0.9600 (folds=10)
2026-06-07 02:13:20 | INFO    | train_session_models | [within] eegnet      sub-024/ses-01 seed=0 acc=0.9700 (folds=10)
2026-06-07 02:14:17 | INFO    | train_session_models | [within] eegnet      sub-025/ses-01 seed=0 acc=0.9050 (folds=10)
2026-06-07 02:15:29 | INFO    | train_session_models | [within] eegnet      sub-025/ses-02 seed=0 acc=0.9400 (folds=10)
2026-06-07 02:16:35 | INFO    | train_session_models | [within] eegnet      sub-025/ses-03 seed=0 acc=0.8800 (folds=10)
2026-06-07 02:17:32 | INFO    | train_session_models | [within] eegnet      sub-026/ses-02 seed=0 acc=0.9450 (folds=10)
2026-06-07 02:19:07 | INFO    | train_session_models | [within] eegnet      sub-026/ses-03 seed=0 acc=0.9700 (folds=10)
2026-06-07 02:20:09 | INFO    | train_session_models | [within] eegnet      sub-027/ses-01 seed=0 acc=0.8150 (folds=10)
2026-06-07 02:21:25 | INFO    | train_session_models | [within] eegnet      sub-027/ses-02 seed=0 acc=0.7950 (folds=10)
2026-06-07 02:22:32 | INFO    | train_session_models | [within] eegnet      sub-027/ses-03 seed=0 acc=0.8900 (folds=10)
2026-06-07 02:23:40 | INFO    | train_session_models | [within] eegnet      sub-028/ses-01 seed=0 acc=0.8900 (folds=10)
2026-06-07 02:24:39 | INFO    | train_session_models | [within] eegnet      sub-028/ses-02 seed=0 acc=0.8550 (folds=10)
2026-06-07 02:25:22 | INFO    | train_session_models | [within] eegnet      sub-028/ses-03 seed=0 acc=0.6750 (folds=10)
2026-06-07 02:27:02 | INFO    | train_session_models | [within] eegnet      sub-029/ses-01 seed=0 acc=0.8650 (folds=10)
2026-06-07 02:28:40 | INFO    | train_session_models | [within] eegnet      sub-029/ses-02 seed=0 acc=0.9400 (folds=10)
2026-06-07 02:30:48 | INFO    | train_session_models | [within] eegnet      sub-029/ses-03 seed=0 acc=0.9350 (folds=10)
2026-06-07 02:32:21 | INFO    | train_session_models | [within] eegnet      sub-030/ses-01 seed=0 acc=0.6000 (folds=10)
2026-06-07 02:33:15 | INFO    | train_session_models | [within] eegnet      sub-030/ses-02 seed=0 acc=0.9050 (folds=10)
2026-06-07 02:34:31 | INFO    | train_session_models | [within] eegnet      sub-030/ses-03 seed=0 acc=0.9200 (folds=10)
2026-06-07 02:35:39 | INFO    | train_session_models | [within] eegnet      sub-031/ses-01 seed=0 acc=0.8050 (folds=10)
2026-06-07 02:36:33 | INFO    | train_session_models | [within] eegnet      sub-031/ses-02 seed=0 acc=0.8150 (folds=10)
2026-06-07 02:37:17 | INFO    | train_session_models | [within] eegnet      sub-031/ses-03 seed=0 acc=0.8400 (folds=10)
2026-06-07 02:37:59 | INFO    | train_session_models | [within] eegnet      sub-032/ses-01 seed=0 acc=0.6350 (folds=10)
2026-06-07 02:38:49 | INFO    | train_session_models | [within] eegnet      sub-032/ses-03 seed=0 acc=0.7700 (folds=10)
2026-06-07 02:40:10 | INFO    | train_session_models | [within] eegnet      sub-033/ses-01 seed=0 acc=0.9500 (folds=10)
2026-06-07 02:42:18 | INFO    | train_session_models | [within] eegnet      sub-033/ses-02 seed=0 acc=0.9550 (folds=10)
2026-06-07 02:43:31 | INFO    | train_session_models | [within] eegnet      sub-033/ses-03 seed=0 acc=0.9600 (folds=10)
2026-06-07 02:44:27 | INFO    | train_session_models | [within] eegnet      sub-034/ses-01 seed=0 acc=0.7000 (folds=10)
2026-06-07 02:45:22 | INFO    | train_session_models | [within] eegnet      sub-034/ses-02 seed=0 acc=0.9050 (folds=10)
2026-06-07 02:46:28 | INFO    | train_session_models | [within] eegnet      sub-034/ses-03 seed=0 acc=0.9200 (folds=10)
2026-06-07 02:48:41 | INFO    | train_session_models | [within] eegnet      sub-035/ses-01 seed=0 acc=0.9750 (folds=10)
2026-06-07 02:50:44 | INFO    | train_session_models | [within] eegnet      sub-035/ses-02 seed=0 acc=0.9700 (folds=10)
2026-06-07 02:51:40 | INFO    | train_session_models | [within] eegnet      sub-035/ses-03 seed=0 acc=0.8650 (folds=10)
2026-06-07 02:52:26 | INFO    | train_session_models | [within] eegnet      sub-036/ses-01 seed=0 acc=0.8050 (folds=10)
2026-06-07 02:53:50 | INFO    | train_session_models | [within] eegnet      sub-036/ses-02 seed=0 acc=0.9450 (folds=10)
2026-06-07 02:55:12 | INFO    | train_session_models | [within] eegnet      sub-036/ses-03 seed=0 acc=0.9800 (folds=10)
2026-06-07 02:57:01 | INFO    | train_session_models | [within] eegnet      sub-037/ses-01 seed=0 acc=0.8750 (folds=10)
2026-06-07 02:57:59 | INFO    | train_session_models | [within] eegnet      sub-037/ses-02 seed=0 acc=0.8950 (folds=10)
2026-06-07 02:59:00 | INFO    | train_session_models | [within] eegnet      sub-037/ses-03 seed=0 acc=0.9050 (folds=10)
2026-06-07 02:59:40 | INFO    | train_session_models | [within] eegnet      sub-038/ses-01 seed=0 acc=0.5450 (folds=10)
2026-06-07 03:01:03 | INFO    | train_session_models | [within] eegnet      sub-038/ses-02 seed=0 acc=0.7950 (folds=10)
2026-06-07 03:02:27 | INFO    | train_session_models | [within] eegnet      sub-038/ses-03 seed=0 acc=0.8900 (folds=10)
2026-06-07 03:03:38 | INFO    | train_session_models | [within] eegnet      sub-039/ses-01 seed=0 acc=0.7800 (folds=10)
2026-06-07 03:04:46 | INFO    | train_session_models | [within] eegnet      sub-039/ses-02 seed=0 acc=0.8500 (folds=10)
2026-06-07 03:05:32 | INFO    | train_session_models | [within] eegnet      sub-039/ses-03 seed=0 acc=0.6550 (folds=10)
2026-06-07 03:06:37 | INFO    | train_session_models | [within] eegnet      sub-040/ses-01 seed=0 acc=0.7350 (folds=10)
2026-06-07 03:07:28 | INFO    | train_session_models | [within] eegnet      sub-040/ses-02 seed=0 acc=0.6400 (folds=10)
2026-06-07 03:08:19 | INFO    | train_session_models | [within] eegnet      sub-040/ses-03 seed=0 acc=0.7600 (folds=10)
2026-06-07 03:09:20 | INFO    | train_session_models | [within] eegnet      sub-041/ses-01 seed=0 acc=0.8950 (folds=10)
2026-06-07 03:10:24 | INFO    | train_session_models | [within] eegnet      sub-041/ses-02 seed=0 acc=0.8350 (folds=10)
2026-06-07 03:11:31 | INFO    | train_session_models | [within] eegnet      sub-041/ses-03 seed=0 acc=0.8900 (folds=10)
2026-06-07 03:12:36 | INFO    | train_session_models | [within] eegnet      sub-042/ses-01 seed=0 acc=0.7150 (folds=10)
2026-06-07 03:13:20 | INFO    | train_session_models | [within] eegnet      sub-042/ses-02 seed=0 acc=0.6950 (folds=10)
2026-06-07 03:14:00 | INFO    | train_session_models | [within] eegnet      sub-042/ses-03 seed=0 acc=0.6600 (folds=10)
2026-06-07 03:16:00 | INFO    | train_session_models | [within] eegnet      sub-043/ses-01 seed=0 acc=0.9500 (folds=10)
2026-06-07 03:17:27 | INFO    | train_session_models | [within] eegnet      sub-043/ses-02 seed=0 acc=0.9700 (folds=10)
2026-06-07 03:19:23 | INFO    | train_session_models | [within] eegnet      sub-043/ses-03 seed=0 acc=0.9500 (folds=10)
2026-06-07 03:20:05 | INFO    | train_session_models | [within] eegnet      sub-044/ses-01 seed=0 acc=0.5700 (folds=10)
2026-06-07 03:20:56 | INFO    | train_session_models | [within] eegnet      sub-044/ses-02 seed=0 acc=0.7150 (folds=10)
2026-06-07 03:21:48 | INFO    | train_session_models | [within] eegnet      sub-044/ses-03 seed=0 acc=0.7250 (folds=10)
2026-06-07 03:23:10 | INFO    | train_session_models | [within] eegnet      sub-045/ses-01 seed=0 acc=0.8200 (folds=10)
2026-06-07 03:24:10 | INFO    | train_session_models | [within] eegnet      sub-045/ses-02 seed=0 acc=0.7850 (folds=10)
2026-06-07 03:25:29 | INFO    | train_session_models | [within] eegnet      sub-045/ses-03 seed=0 acc=0.9050 (folds=10)
2026-06-07 03:27:35 | INFO    | train_session_models | [within] eegnet      sub-046/ses-01 seed=0 acc=0.9800 (folds=10)
2026-06-07 03:29:56 | INFO    | train_session_models | [within] eegnet      sub-046/ses-02 seed=0 acc=0.9900 (folds=10)
2026-06-07 03:31:58 | INFO    | train_session_models | [within] eegnet      sub-046/ses-03 seed=0 acc=0.9600 (folds=10)
2026-06-07 03:33:23 | INFO    | train_session_models | [within] eegnet      sub-047/ses-01 seed=0 acc=0.8250 (folds=10)
2026-06-07 03:35:01 | INFO    | train_session_models | [within] eegnet      sub-047/ses-02 seed=0 acc=0.8850 (folds=10)
2026-06-07 03:37:01 | INFO    | train_session_models | [within] eegnet      sub-047/ses-03 seed=0 acc=0.8600 (folds=10)
2026-06-07 03:37:49 | INFO    | train_session_models | [within] eegnet      sub-048/ses-01 seed=0 acc=0.8450 (folds=10)
2026-06-07 03:38:34 | INFO    | train_session_models | [within] eegnet      sub-048/ses-02 seed=0 acc=0.8400 (folds=10)
2026-06-07 03:39:50 | INFO    | train_session_models | [within] eegnet      sub-048/ses-03 seed=0 acc=0.8900 (folds=10)
2026-06-07 03:41:01 | INFO    | train_session_models | [within] eegnet      sub-049/ses-01 seed=0 acc=0.9000 (folds=10)
2026-06-07 03:42:23 | INFO    | train_session_models | [within] eegnet      sub-049/ses-02 seed=0 acc=0.8500 (folds=10)
2026-06-07 03:43:50 | INFO    | train_session_models | [within] eegnet      sub-049/ses-03 seed=0 acc=0.9050 (folds=10)
2026-06-07 03:45:16 | INFO    | train_session_models | [within] eegnet      sub-050/ses-01 seed=0 acc=0.8850 (folds=10)
2026-06-07 03:46:51 | INFO    | train_session_models | [within] eegnet      sub-050/ses-02 seed=0 acc=0.9550 (folds=10)
2026-06-07 03:48:30 | INFO    | train_session_models | [within] eegnet      sub-050/ses-03 seed=0 acc=0.9550 (folds=10)
2026-06-07 03:50:01 | INFO    | train_session_models | [within] eegnet      sub-051/ses-01 seed=0 acc=0.8850 (folds=10)
2026-06-07 03:51:16 | INFO    | train_session_models | [within] eegnet      sub-051/ses-02 seed=0 acc=0.7650 (folds=10)
2026-06-07 03:52:05 | INFO    | train_session_models | [within] eegnet      sub-051/ses-03 seed=0 acc=0.8450 (folds=10)
2026-06-07 03:52:05 | INFO    | train_session_models | within__eegnet: 1480 rows -> /share/home/yuan/SYX/eeg-mi-online/outputs/experiments/session_model_compare_v1/runs/within__eegnet.csv (10768.0s)
2026-06-07 03:52:05 | INFO    | train_session_models | === RUN within__deepconvnet ===
2026-06-07 03:53:26 | INFO    | train_session_models | [within] deepconvnet sub-001/ses-01 seed=0 acc=0.6650 (folds=10)
2026-06-07 03:55:45 | INFO    | train_session_models | [within] deepconvnet sub-001/ses-02 seed=0 acc=0.9400 (folds=10)
2026-06-07 03:57:27 | INFO    | train_session_models | [within] deepconvnet sub-001/ses-03 seed=0 acc=0.8700 (folds=10)
2026-06-07 03:58:16 | INFO    | train_session_models | [within] deepconvnet sub-002/ses-01 seed=0 acc=0.6050 (folds=10)
2026-06-07 03:59:09 | INFO    | train_session_models | [within] deepconvnet sub-002/ses-02 seed=0 acc=0.5350 (folds=10)
2026-06-07 04:00:15 | INFO    | train_session_models | [within] deepconvnet sub-002/ses-03 seed=0 acc=0.6950 (folds=10)
2026-06-07 04:02:36 | INFO    | train_session_models | [within] deepconvnet sub-003/ses-01 seed=0 acc=0.8900 (folds=10)
2026-06-07 04:04:34 | INFO    | train_session_models | [within] deepconvnet sub-003/ses-02 seed=0 acc=0.7950 (folds=10)
2026-06-07 04:06:23 | INFO    | train_session_models | [within] deepconvnet sub-003/ses-03 seed=0 acc=0.8450 (folds=10)
2026-06-07 04:07:11 | INFO    | train_session_models | [within] deepconvnet sub-004/ses-01 seed=0 acc=0.4200 (folds=10)
2026-06-07 04:07:58 | INFO    | train_session_models | [within] deepconvnet sub-004/ses-02 seed=0 acc=0.4600 (folds=10)
2026-06-07 04:08:47 | INFO    | train_session_models | [within] deepconvnet sub-004/ses-03 seed=0 acc=0.5300 (folds=10)
2026-06-07 04:10:26 | INFO    | train_session_models | [within] deepconvnet sub-005/ses-01 seed=0 acc=0.8350 (folds=10)
2026-06-07 04:11:35 | INFO    | train_session_models | [within] deepconvnet sub-005/ses-02 seed=0 acc=0.7550 (folds=10)
2026-06-07 04:12:25 | INFO    | train_session_models | [within] deepconvnet sub-005/ses-03 seed=0 acc=0.5100 (folds=10)
2026-06-07 04:13:52 | INFO    | train_session_models | [within] deepconvnet sub-006/ses-01 seed=0 acc=0.8650 (folds=10)
2026-06-07 04:15:46 | INFO    | train_session_models | [within] deepconvnet sub-006/ses-02 seed=0 acc=0.9350 (folds=10)
2026-06-07 04:18:02 | INFO    | train_session_models | [within] deepconvnet sub-006/ses-03 seed=0 acc=0.9750 (folds=10)
2026-06-07 04:19:11 | INFO    | train_session_models | [within] deepconvnet sub-007/ses-01 seed=0 acc=0.6000 (folds=10)
2026-06-07 04:20:11 | INFO    | train_session_models | [within] deepconvnet sub-007/ses-02 seed=0 acc=0.8200 (folds=10)
2026-06-07 04:21:44 | INFO    | train_session_models | [within] deepconvnet sub-007/ses-03 seed=0 acc=0.8850 (folds=10)
2026-06-07 04:22:44 | INFO    | train_session_models | [within] deepconvnet sub-008/ses-01 seed=0 acc=0.6050 (folds=10)
2026-06-07 04:24:16 | INFO    | train_session_models | [within] deepconvnet sub-008/ses-02 seed=0 acc=0.7800 (folds=10)
2026-06-07 04:25:05 | INFO    | train_session_models | [within] deepconvnet sub-008/ses-03 seed=0 acc=0.8800 (folds=10)
2026-06-07 04:26:20 | INFO    | train_session_models | [within] deepconvnet sub-009/ses-01 seed=0 acc=0.7650 (folds=10)
2026-06-07 04:27:17 | INFO    | train_session_models | [within] deepconvnet sub-009/ses-02 seed=0 acc=0.6600 (folds=10)
2026-06-07 04:28:09 | INFO    | train_session_models | [within] deepconvnet sub-009/ses-03 seed=0 acc=0.5500 (folds=10)
2026-06-07 04:29:07 | INFO    | train_session_models | [within] deepconvnet sub-010/ses-01 seed=0 acc=0.6600 (folds=10)
2026-06-07 04:30:40 | INFO    | train_session_models | [within] deepconvnet sub-010/ses-02 seed=0 acc=0.8550 (folds=10)
2026-06-07 04:31:30 | INFO    | train_session_models | [within] deepconvnet sub-010/ses-03 seed=0 acc=0.5850 (folds=10)
2026-06-07 04:32:23 | INFO    | train_session_models | [within] deepconvnet sub-011/ses-01 seed=0 acc=0.9300 (folds=10)
2026-06-07 04:33:33 | INFO    | train_session_models | [within] deepconvnet sub-011/ses-02 seed=0 acc=0.7500 (folds=10)
2026-06-07 04:35:08 | INFO    | train_session_models | [within] deepconvnet sub-011/ses-03 seed=0 acc=0.9750 (folds=10)
2026-06-07 04:35:54 | INFO    | train_session_models | [within] deepconvnet sub-012/ses-01 seed=0 acc=0.4550 (folds=10)
2026-06-07 04:36:44 | INFO    | train_session_models | [within] deepconvnet sub-012/ses-02 seed=0 acc=0.4400 (folds=10)
2026-06-07 04:37:34 | INFO    | train_session_models | [within] deepconvnet sub-012/ses-03 seed=0 acc=0.5750 (folds=10)
2026-06-07 04:38:22 | INFO    | train_session_models | [within] deepconvnet sub-013/ses-01 seed=0 acc=0.6500 (folds=10)
2026-06-07 04:40:13 | INFO    | train_session_models | [within] deepconvnet sub-013/ses-02 seed=0 acc=0.8000 (folds=10)
2026-06-07 04:41:08 | INFO    | train_session_models | [within] deepconvnet sub-013/ses-03 seed=0 acc=0.7650 (folds=10)
2026-06-07 04:41:57 | INFO    | train_session_models | [within] deepconvnet sub-014/ses-01 seed=0 acc=0.5150 (folds=10)
2026-06-07 04:42:44 | INFO    | train_session_models | [within] deepconvnet sub-014/ses-02 seed=0 acc=0.4750 (folds=10)
2026-06-07 04:43:39 | INFO    | train_session_models | [within] deepconvnet sub-014/ses-03 seed=0 acc=0.5500 (folds=10)
2026-06-07 04:44:50 | INFO    | train_session_models | [within] deepconvnet sub-015/ses-01 seed=0 acc=0.6750 (folds=10)
2026-06-07 04:45:54 | INFO    | train_session_models | [within] deepconvnet sub-015/ses-02 seed=0 acc=0.6850 (folds=10)
2026-06-07 04:47:22 | INFO    | train_session_models | [within] deepconvnet sub-015/ses-03 seed=0 acc=0.6250 (folds=10)
2026-06-07 04:48:19 | INFO    | train_session_models | [within] deepconvnet sub-016/ses-01 seed=0 acc=0.6750 (folds=10)
2026-06-07 04:49:05 | INFO    | train_session_models | [within] deepconvnet sub-016/ses-02 seed=0 acc=0.5600 (folds=10)
2026-06-07 04:49:56 | INFO    | train_session_models | [within] deepconvnet sub-016/ses-03 seed=0 acc=0.4950 (folds=10)
2026-06-07 04:51:16 | INFO    | train_session_models | [within] deepconvnet sub-017/ses-01 seed=0 acc=0.6800 (folds=10)
2026-06-07 04:52:22 | INFO    | train_session_models | [within] deepconvnet sub-017/ses-02 seed=0 acc=0.7050 (folds=10)
2026-06-07 04:53:40 | INFO    | train_session_models | [within] deepconvnet sub-017/ses-03 seed=0 acc=0.8100 (folds=10)
2026-06-07 04:55:28 | INFO    | train_session_models | [within] deepconvnet sub-018/ses-01 seed=0 acc=0.6750 (folds=10)
2026-06-07 04:56:27 | INFO    | train_session_models | [within] deepconvnet sub-018/ses-02 seed=0 acc=0.6400 (folds=10)
2026-06-07 04:57:30 | INFO    | train_session_models | [within] deepconvnet sub-018/ses-03 seed=0 acc=0.5750 (folds=10)
2026-06-07 04:58:29 | INFO    | train_session_models | [within] deepconvnet sub-019/ses-01 seed=0 acc=0.5700 (folds=10)
2026-06-07 04:59:36 | INFO    | train_session_models | [within] deepconvnet sub-019/ses-02 seed=0 acc=0.7150 (folds=10)
2026-06-07 05:00:35 | INFO    | train_session_models | [within] deepconvnet sub-019/ses-03 seed=0 acc=0.9050 (folds=10)
2026-06-07 05:03:01 | INFO    | train_session_models | [within] deepconvnet sub-020/ses-01 seed=0 acc=0.9650 (folds=10)
2026-06-07 05:05:05 | INFO    | train_session_models | [within] deepconvnet sub-020/ses-02 seed=0 acc=0.9100 (folds=10)
2026-06-07 05:06:57 | INFO    | train_session_models | [within] deepconvnet sub-020/ses-03 seed=0 acc=0.9600 (folds=10)
2026-06-07 05:08:09 | INFO    | train_session_models | [within] deepconvnet sub-021/ses-01 seed=0 acc=0.6500 (folds=10)
2026-06-07 05:09:50 | INFO    | train_session_models | [within] deepconvnet sub-021/ses-02 seed=0 acc=0.7100 (folds=10)
2026-06-07 05:10:57 | INFO    | train_session_models | [within] deepconvnet sub-021/ses-03 seed=0 acc=0.7750 (folds=10)
2026-06-07 05:12:17 | INFO    | train_session_models | [within] deepconvnet sub-022/ses-01 seed=0 acc=0.7150 (folds=10)
2026-06-07 05:13:50 | INFO    | train_session_models | [within] deepconvnet sub-022/ses-02 seed=0 acc=0.7450 (folds=10)
2026-06-07 05:14:50 | INFO    | train_session_models | [within] deepconvnet sub-022/ses-03 seed=0 acc=0.6650 (folds=10)
2026-06-07 05:17:00 | INFO    | train_session_models | [within] deepconvnet sub-023/ses-02 seed=0 acc=0.8700 (folds=10)
2026-06-07 05:18:12 | INFO    | train_session_models | [within] deepconvnet sub-023/ses-03 seed=0 acc=0.8500 (folds=10)
2026-06-07 05:19:49 | INFO    | train_session_models | [within] deepconvnet sub-024/ses-01 seed=0 acc=0.9400 (folds=10)
2026-06-07 05:20:40 | INFO    | train_session_models | [within] deepconvnet sub-025/ses-01 seed=0 acc=0.9000 (folds=10)
2026-06-07 05:21:56 | INFO    | train_session_models | [within] deepconvnet sub-025/ses-02 seed=0 acc=0.9300 (folds=10)
2026-06-07 05:22:53 | INFO    | train_session_models | [within] deepconvnet sub-025/ses-03 seed=0 acc=0.8050 (folds=10)
2026-06-07 05:23:54 | INFO    | train_session_models | [within] deepconvnet sub-026/ses-02 seed=0 acc=0.8650 (folds=10)
2026-06-07 05:24:49 | INFO    | train_session_models | [within] deepconvnet sub-026/ses-03 seed=0 acc=0.9550 (folds=10)
2026-06-07 05:26:38 | INFO    | train_session_models | [within] deepconvnet sub-027/ses-01 seed=0 acc=0.8600 (folds=10)
2026-06-07 05:28:27 | INFO    | train_session_models | [within] deepconvnet sub-027/ses-02 seed=0 acc=0.7050 (folds=10)
2026-06-07 05:30:12 | INFO    | train_session_models | [within] deepconvnet sub-027/ses-03 seed=0 acc=0.9050 (folds=10)
2026-06-07 05:31:36 | INFO    | train_session_models | [within] deepconvnet sub-028/ses-01 seed=0 acc=0.8750 (folds=10)
2026-06-07 05:32:55 | INFO    | train_session_models | [within] deepconvnet sub-028/ses-02 seed=0 acc=0.6750 (folds=10)
2026-06-07 05:33:39 | INFO    | train_session_models | [within] deepconvnet sub-028/ses-03 seed=0 acc=0.6100 (folds=10)
2026-06-07 05:35:41 | INFO    | train_session_models | [within] deepconvnet sub-029/ses-01 seed=0 acc=0.9200 (folds=10)
2026-06-07 05:37:05 | INFO    | train_session_models | [within] deepconvnet sub-029/ses-02 seed=0 acc=0.9200 (folds=10)
2026-06-07 05:38:55 | INFO    | train_session_models | [within] deepconvnet sub-029/ses-03 seed=0 acc=0.9450 (folds=10)
2026-06-07 05:40:15 | INFO    | train_session_models | [within] deepconvnet sub-030/ses-01 seed=0 acc=0.5350 (folds=10)
2026-06-07 05:41:27 | INFO    | train_session_models | [within] deepconvnet sub-030/ses-02 seed=0 acc=0.9000 (folds=10)
2026-06-07 05:42:07 | INFO    | train_session_models | [within] deepconvnet sub-030/ses-03 seed=0 acc=0.8250 (folds=10)
2026-06-07 05:43:29 | INFO    | train_session_models | [within] deepconvnet sub-031/ses-01 seed=0 acc=0.8050 (folds=10)
2026-06-07 05:44:24 | INFO    | train_session_models | [within] deepconvnet sub-031/ses-02 seed=0 acc=0.7500 (folds=10)
2026-06-07 05:45:22 | INFO    | train_session_models | [within] deepconvnet sub-031/ses-03 seed=0 acc=0.7900 (folds=10)
2026-06-07 05:46:10 | INFO    | train_session_models | [within] deepconvnet sub-032/ses-01 seed=0 acc=0.6100 (folds=10)
2026-06-07 05:47:21 | INFO    | train_session_models | [within] deepconvnet sub-032/ses-03 seed=0 acc=0.8150 (folds=10)
2026-06-07 05:48:41 | INFO    | train_session_models | [within] deepconvnet sub-033/ses-01 seed=0 acc=0.8300 (folds=10)
2026-06-07 05:49:58 | INFO    | train_session_models | [within] deepconvnet sub-033/ses-02 seed=0 acc=0.8700 (folds=10)
2026-06-07 05:51:22 | INFO    | train_session_models | [within] deepconvnet sub-033/ses-03 seed=0 acc=0.9200 (folds=10)
2026-06-07 05:52:21 | INFO    | train_session_models | [within] deepconvnet sub-034/ses-01 seed=0 acc=0.6850 (folds=10)
2026-06-07 05:53:32 | INFO    | train_session_models | [within] deepconvnet sub-034/ses-02 seed=0 acc=0.8950 (folds=10)
2026-06-07 05:55:14 | INFO    | train_session_models | [within] deepconvnet sub-034/ses-03 seed=0 acc=0.9100 (folds=10)
2026-06-07 05:57:10 | INFO    | train_session_models | [within] deepconvnet sub-035/ses-01 seed=0 acc=0.9800 (folds=10)
2026-06-07 05:59:10 | INFO    | train_session_models | [within] deepconvnet sub-035/ses-02 seed=0 acc=0.9850 (folds=10)
2026-06-07 06:00:31 | INFO    | train_session_models | [within] deepconvnet sub-035/ses-03 seed=0 acc=0.9050 (folds=10)
2026-06-07 06:01:44 | INFO    | train_session_models | [within] deepconvnet sub-036/ses-01 seed=0 acc=0.8600 (folds=10)
2026-06-07 06:03:23 | INFO    | train_session_models | [within] deepconvnet sub-036/ses-02 seed=0 acc=0.9250 (folds=10)
2026-06-07 06:04:38 | INFO    | train_session_models | [within] deepconvnet sub-036/ses-03 seed=0 acc=0.9750 (folds=10)
2026-06-07 06:05:48 | INFO    | train_session_models | [within] deepconvnet sub-037/ses-01 seed=0 acc=0.9200 (folds=10)
2026-06-07 06:06:45 | INFO    | train_session_models | [within] deepconvnet sub-037/ses-02 seed=0 acc=0.9200 (folds=10)
2026-06-07 06:07:37 | INFO    | train_session_models | [within] deepconvnet sub-037/ses-03 seed=0 acc=0.8950 (folds=10)
2026-06-07 06:08:45 | INFO    | train_session_models | [within] deepconvnet sub-038/ses-01 seed=0 acc=0.5550 (folds=10)
2026-06-07 06:10:10 | INFO    | train_session_models | [within] deepconvnet sub-038/ses-02 seed=0 acc=0.7050 (folds=10)
2026-06-07 06:11:31 | INFO    | train_session_models | [within] deepconvnet sub-038/ses-03 seed=0 acc=0.8850 (folds=10)
2026-06-07 06:12:42 | INFO    | train_session_models | [within] deepconvnet sub-039/ses-01 seed=0 acc=0.6950 (folds=10)
2026-06-07 06:13:34 | INFO    | train_session_models | [within] deepconvnet sub-039/ses-02 seed=0 acc=0.8250 (folds=10)
2026-06-07 06:14:31 | INFO    | train_session_models | [within] deepconvnet sub-039/ses-03 seed=0 acc=0.6900 (folds=10)
2026-06-07 06:15:34 | INFO    | train_session_models | [within] deepconvnet sub-040/ses-01 seed=0 acc=0.6550 (folds=10)
2026-06-07 06:16:43 | INFO    | train_session_models | [within] deepconvnet sub-040/ses-02 seed=0 acc=0.5950 (folds=10)
2026-06-07 06:17:34 | INFO    | train_session_models | [within] deepconvnet sub-040/ses-03 seed=0 acc=0.6900 (folds=10)
2026-06-07 06:19:05 | INFO    | train_session_models | [within] deepconvnet sub-041/ses-01 seed=0 acc=0.8350 (folds=10)
2026-06-07 06:20:13 | INFO    | train_session_models | [within] deepconvnet sub-041/ses-02 seed=0 acc=0.7850 (folds=10)
2026-06-07 06:21:20 | INFO    | train_session_models | [within] deepconvnet sub-041/ses-03 seed=0 acc=0.8250 (folds=10)
2026-06-07 06:22:33 | INFO    | train_session_models | [within] deepconvnet sub-042/ses-01 seed=0 acc=0.7300 (folds=10)
2026-06-07 06:23:36 | INFO    | train_session_models | [within] deepconvnet sub-042/ses-02 seed=0 acc=0.6600 (folds=10)
2026-06-07 06:24:29 | INFO    | train_session_models | [within] deepconvnet sub-042/ses-03 seed=0 acc=0.6000 (folds=10)
2026-06-07 06:26:03 | INFO    | train_session_models | [within] deepconvnet sub-043/ses-01 seed=0 acc=0.9700 (folds=10)
2026-06-07 06:27:56 | INFO    | train_session_models | [within] deepconvnet sub-043/ses-02 seed=0 acc=0.9550 (folds=10)
2026-06-07 06:30:01 | INFO    | train_session_models | [within] deepconvnet sub-043/ses-03 seed=0 acc=0.9350 (folds=10)
2026-06-07 06:30:44 | INFO    | train_session_models | [within] deepconvnet sub-044/ses-01 seed=0 acc=0.5700 (folds=10)
2026-06-07 06:31:47 | INFO    | train_session_models | [within] deepconvnet sub-044/ses-02 seed=0 acc=0.7500 (folds=10)
2026-06-07 06:33:06 | INFO    | train_session_models | [within] deepconvnet sub-044/ses-03 seed=0 acc=0.7500 (folds=10)
2026-06-07 06:34:40 | INFO    | train_session_models | [within] deepconvnet sub-045/ses-01 seed=0 acc=0.7400 (folds=10)
2026-06-07 06:35:53 | INFO    | train_session_models | [within] deepconvnet sub-045/ses-02 seed=0 acc=0.7650 (folds=10)
2026-06-07 06:37:37 | INFO    | train_session_models | [within] deepconvnet sub-045/ses-03 seed=0 acc=0.8550 (folds=10)
2026-06-07 06:39:51 | INFO    | train_session_models | [within] deepconvnet sub-046/ses-01 seed=0 acc=0.9600 (folds=10)
2026-06-07 06:41:51 | INFO    | train_session_models | [within] deepconvnet sub-046/ses-02 seed=0 acc=0.9800 (folds=10)
2026-06-07 06:43:50 | INFO    | train_session_models | [within] deepconvnet sub-046/ses-03 seed=0 acc=0.9350 (folds=10)
2026-06-07 06:44:58 | INFO    | train_session_models | [within] deepconvnet sub-047/ses-01 seed=0 acc=0.7650 (folds=10)
2026-06-07 06:46:22 | INFO    | train_session_models | [within] deepconvnet sub-047/ses-02 seed=0 acc=0.7950 (folds=10)
2026-06-07 06:47:34 | INFO    | train_session_models | [within] deepconvnet sub-047/ses-03 seed=0 acc=0.6550 (folds=10)
2026-06-07 06:48:34 | INFO    | train_session_models | [within] deepconvnet sub-048/ses-01 seed=0 acc=0.7850 (folds=10)
2026-06-07 06:49:36 | INFO    | train_session_models | [within] deepconvnet sub-048/ses-02 seed=0 acc=0.8300 (folds=10)
2026-06-07 06:50:53 | INFO    | train_session_models | [within] deepconvnet sub-048/ses-03 seed=0 acc=0.8400 (folds=10)
2026-06-07 06:51:48 | INFO    | train_session_models | [within] deepconvnet sub-049/ses-01 seed=0 acc=0.8550 (folds=10)
2026-06-07 06:52:50 | INFO    | train_session_models | [within] deepconvnet sub-049/ses-02 seed=0 acc=0.5900 (folds=10)
2026-06-07 06:54:37 | INFO    | train_session_models | [within] deepconvnet sub-049/ses-03 seed=0 acc=0.8950 (folds=10)
2026-06-07 06:55:57 | INFO    | train_session_models | [within] deepconvnet sub-050/ses-01 seed=0 acc=0.7850 (folds=10)
2026-06-07 06:57:38 | INFO    | train_session_models | [within] deepconvnet sub-050/ses-02 seed=0 acc=0.9200 (folds=10)
2026-06-07 06:59:02 | INFO    | train_session_models | [within] deepconvnet sub-050/ses-03 seed=0 acc=0.9300 (folds=10)
2026-06-07 07:00:40 | INFO    | train_session_models | [within] deepconvnet sub-051/ses-01 seed=0 acc=0.8500 (folds=10)
2026-06-07 07:01:54 | INFO    | train_session_models | [within] deepconvnet sub-051/ses-02 seed=0 acc=0.6900 (folds=10)
2026-06-07 07:02:51 | INFO    | train_session_models | [within] deepconvnet sub-051/ses-03 seed=0 acc=0.7850 (folds=10)
2026-06-07 07:02:51 | INFO    | train_session_models | within__deepconvnet: 1480 rows -> /share/home/yuan/SYX/eeg-mi-online/outputs/experiments/session_model_compare_v1/runs/within__deepconvnet.csv (11445.4s)
2026-06-07 07:02:51 | INFO    | train_session_models | === RUN within__fbcnet ===
2026-06-07 07:04:15 | INFO    | train_session_models | [within] fbcnet      sub-001/ses-01 seed=0 acc=0.7250 (folds=10)
2026-06-07 07:06:29 | INFO    | train_session_models | [within] fbcnet      sub-001/ses-02 seed=0 acc=0.8600 (folds=10)
2026-06-07 07:08:29 | INFO    | train_session_models | [within] fbcnet      sub-001/ses-03 seed=0 acc=0.8650 (folds=10)
2026-06-07 07:09:11 | INFO    | train_session_models | [within] fbcnet      sub-002/ses-01 seed=0 acc=0.5500 (folds=10)
2026-06-07 07:09:45 | INFO    | train_session_models | [within] fbcnet      sub-002/ses-02 seed=0 acc=0.5550 (folds=10)
2026-06-07 07:10:50 | INFO    | train_session_models | [within] fbcnet      sub-002/ses-03 seed=0 acc=0.6850 (folds=10)
2026-06-07 07:12:51 | INFO    | train_session_models | [within] fbcnet      sub-003/ses-01 seed=0 acc=0.7750 (folds=10)
2026-06-07 07:14:45 | INFO    | train_session_models | [within] fbcnet      sub-003/ses-02 seed=0 acc=0.8400 (folds=10)
2026-06-07 07:16:31 | INFO    | train_session_models | [within] fbcnet      sub-003/ses-03 seed=0 acc=0.8150 (folds=10)
2026-06-07 07:17:07 | INFO    | train_session_models | [within] fbcnet      sub-004/ses-01 seed=0 acc=0.5000 (folds=10)
2026-06-07 07:17:48 | INFO    | train_session_models | [within] fbcnet      sub-004/ses-02 seed=0 acc=0.5050 (folds=10)
2026-06-07 07:18:33 | INFO    | train_session_models | [within] fbcnet      sub-004/ses-03 seed=0 acc=0.4800 (folds=10)
2026-06-07 07:20:20 | INFO    | train_session_models | [within] fbcnet      sub-005/ses-01 seed=0 acc=0.8250 (folds=10)
2026-06-07 07:21:49 | INFO    | train_session_models | [within] fbcnet      sub-005/ses-02 seed=0 acc=0.8300 (folds=10)
2026-06-07 07:23:31 | INFO    | train_session_models | [within] fbcnet      sub-005/ses-03 seed=0 acc=0.8050 (folds=10)
2026-06-07 07:25:18 | INFO    | train_session_models | [within] fbcnet      sub-006/ses-01 seed=0 acc=0.8800 (folds=10)
2026-06-07 07:27:32 | INFO    | train_session_models | [within] fbcnet      sub-006/ses-02 seed=0 acc=0.9600 (folds=10)
2026-06-07 07:29:50 | INFO    | train_session_models | [within] fbcnet      sub-006/ses-03 seed=0 acc=0.9600 (folds=10)
2026-06-07 07:30:36 | INFO    | train_session_models | [within] fbcnet      sub-007/ses-01 seed=0 acc=0.6400 (folds=10)
2026-06-07 07:31:25 | INFO    | train_session_models | [within] fbcnet      sub-007/ses-02 seed=0 acc=0.6500 (folds=10)
2026-06-07 07:32:49 | INFO    | train_session_models | [within] fbcnet      sub-007/ses-03 seed=0 acc=0.7650 (folds=10)
2026-06-07 07:33:33 | INFO    | train_session_models | [within] fbcnet      sub-008/ses-01 seed=0 acc=0.6250 (folds=10)
2026-06-07 07:34:39 | INFO    | train_session_models | [within] fbcnet      sub-008/ses-02 seed=0 acc=0.7150 (folds=10)
2026-06-07 07:36:17 | INFO    | train_session_models | [within] fbcnet      sub-008/ses-03 seed=0 acc=0.8350 (folds=10)
2026-06-07 07:37:02 | INFO    | train_session_models | [within] fbcnet      sub-009/ses-01 seed=0 acc=0.5700 (folds=10)
2026-06-07 07:37:53 | INFO    | train_session_models | [within] fbcnet      sub-009/ses-02 seed=0 acc=0.6300 (folds=10)
2026-06-07 07:38:32 | INFO    | train_session_models | [within] fbcnet      sub-009/ses-03 seed=0 acc=0.5100 (folds=10)
2026-06-07 07:39:17 | INFO    | train_session_models | [within] fbcnet      sub-010/ses-01 seed=0 acc=0.5100 (folds=10)
2026-06-07 07:40:04 | INFO    | train_session_models | [within] fbcnet      sub-010/ses-02 seed=0 acc=0.6550 (folds=10)
2026-06-07 07:41:34 | INFO    | train_session_models | [within] fbcnet      sub-010/ses-03 seed=0 acc=0.7250 (folds=10)
2026-06-07 07:43:30 | INFO    | train_session_models | [within] fbcnet      sub-011/ses-01 seed=0 acc=0.8450 (folds=10)
2026-06-07 07:44:17 | INFO    | train_session_models | [within] fbcnet      sub-011/ses-02 seed=0 acc=0.5750 (folds=10)
2026-06-07 07:45:39 | INFO    | train_session_models | [within] fbcnet      sub-011/ses-03 seed=0 acc=0.7650 (folds=10)
2026-06-07 07:46:35 | INFO    | train_session_models | [within] fbcnet      sub-012/ses-01 seed=0 acc=0.5800 (folds=10)
2026-06-07 07:47:08 | INFO    | train_session_models | [within] fbcnet      sub-012/ses-02 seed=0 acc=0.5050 (folds=10)
2026-06-07 07:48:00 | INFO    | train_session_models | [within] fbcnet      sub-012/ses-03 seed=0 acc=0.5750 (folds=10)
2026-06-07 07:48:40 | INFO    | train_session_models | [within] fbcnet      sub-013/ses-01 seed=0 acc=0.5800 (folds=10)
2026-06-07 07:49:29 | INFO    | train_session_models | [within] fbcnet      sub-013/ses-02 seed=0 acc=0.5750 (folds=10)
2026-06-07 07:50:19 | INFO    | train_session_models | [within] fbcnet      sub-013/ses-03 seed=0 acc=0.5700 (folds=10)
2026-06-07 07:50:53 | INFO    | train_session_models | [within] fbcnet      sub-014/ses-01 seed=0 acc=0.5750 (folds=10)
2026-06-07 07:51:27 | INFO    | train_session_models | [within] fbcnet      sub-014/ses-02 seed=0 acc=0.5100 (folds=10)
2026-06-07 07:52:04 | INFO    | train_session_models | [within] fbcnet      sub-014/ses-03 seed=0 acc=0.4750 (folds=10)
2026-06-07 07:52:47 | INFO    | train_session_models | [within] fbcnet      sub-015/ses-01 seed=0 acc=0.6000 (folds=10)
2026-06-07 07:53:46 | INFO    | train_session_models | [within] fbcnet      sub-015/ses-02 seed=0 acc=0.6550 (folds=10)
2026-06-07 07:54:28 | INFO    | train_session_models | [within] fbcnet      sub-015/ses-03 seed=0 acc=0.5000 (folds=10)
2026-06-07 07:55:06 | INFO    | train_session_models | [within] fbcnet      sub-016/ses-01 seed=0 acc=0.5500 (folds=10)
2026-06-07 07:55:41 | INFO    | train_session_models | [within] fbcnet      sub-016/ses-02 seed=0 acc=0.5650 (folds=10)
2026-06-07 07:56:27 | INFO    | train_session_models | [within] fbcnet      sub-016/ses-03 seed=0 acc=0.5150 (folds=10)
2026-06-07 07:57:38 | INFO    | train_session_models | [within] fbcnet      sub-017/ses-01 seed=0 acc=0.6050 (folds=10)
2026-06-07 07:58:38 | INFO    | train_session_models | [within] fbcnet      sub-017/ses-02 seed=0 acc=0.6350 (folds=10)
2026-06-07 07:59:52 | INFO    | train_session_models | [within] fbcnet      sub-017/ses-03 seed=0 acc=0.7300 (folds=10)
2026-06-07 08:00:56 | INFO    | train_session_models | [within] fbcnet      sub-018/ses-01 seed=0 acc=0.5500 (folds=10)
2026-06-07 08:01:45 | INFO    | train_session_models | [within] fbcnet      sub-018/ses-02 seed=0 acc=0.5400 (folds=10)
2026-06-07 08:02:22 | INFO    | train_session_models | [within] fbcnet      sub-018/ses-03 seed=0 acc=0.4850 (folds=10)
2026-06-07 08:03:09 | INFO    | train_session_models | [within] fbcnet      sub-019/ses-01 seed=0 acc=0.6300 (folds=10)
2026-06-07 08:03:47 | INFO    | train_session_models | [within] fbcnet      sub-019/ses-02 seed=0 acc=0.5100 (folds=10)
2026-06-07 08:05:11 | INFO    | train_session_models | [within] fbcnet      sub-019/ses-03 seed=0 acc=0.8450 (folds=10)
2026-06-07 08:07:03 | INFO    | train_session_models | [within] fbcnet      sub-020/ses-01 seed=0 acc=0.8050 (folds=10)
2026-06-07 08:08:41 | INFO    | train_session_models | [within] fbcnet      sub-020/ses-02 seed=0 acc=0.8000 (folds=10)
2026-06-07 08:10:13 | INFO    | train_session_models | [within] fbcnet      sub-020/ses-03 seed=0 acc=0.8250 (folds=10)
2026-06-07 08:10:52 | INFO    | train_session_models | [within] fbcnet      sub-021/ses-01 seed=0 acc=0.6450 (folds=10)
2026-06-07 08:11:36 | INFO    | train_session_models | [within] fbcnet      sub-021/ses-02 seed=0 acc=0.5100 (folds=10)
2026-06-07 08:12:22 | INFO    | train_session_models | [within] fbcnet      sub-021/ses-03 seed=0 acc=0.6650 (folds=10)
2026-06-07 08:13:23 | INFO    | train_session_models | [within] fbcnet      sub-022/ses-01 seed=0 acc=0.7500 (folds=10)
2026-06-07 08:14:35 | INFO    | train_session_models | [within] fbcnet      sub-022/ses-02 seed=0 acc=0.6500 (folds=10)
2026-06-07 08:15:39 | INFO    | train_session_models | [within] fbcnet      sub-022/ses-03 seed=0 acc=0.6100 (folds=10)
2026-06-07 08:16:47 | INFO    | train_session_models | [within] fbcnet      sub-023/ses-02 seed=0 acc=0.8600 (folds=10)
2026-06-07 08:18:50 | INFO    | train_session_models | [within] fbcnet      sub-023/ses-03 seed=0 acc=0.9400 (folds=10)
2026-06-07 08:20:41 | INFO    | train_session_models | [within] fbcnet      sub-024/ses-01 seed=0 acc=0.8350 (folds=10)
2026-06-07 08:21:50 | INFO    | train_session_models | [within] fbcnet      sub-025/ses-01 seed=0 acc=0.7450 (folds=10)
2026-06-07 08:23:36 | INFO    | train_session_models | [within] fbcnet      sub-025/ses-02 seed=0 acc=0.8350 (folds=10)
2026-06-07 08:24:37 | INFO    | train_session_models | [within] fbcnet      sub-025/ses-03 seed=0 acc=0.5550 (folds=10)
2026-06-07 08:26:12 | INFO    | train_session_models | [within] fbcnet      sub-026/ses-02 seed=0 acc=0.8550 (folds=10)
2026-06-07 08:28:24 | INFO    | train_session_models | [within] fbcnet      sub-026/ses-03 seed=0 acc=0.8850 (folds=10)
2026-06-07 08:29:28 | INFO    | train_session_models | [within] fbcnet      sub-027/ses-01 seed=0 acc=0.7000 (folds=10)
2026-06-07 08:30:26 | INFO    | train_session_models | [within] fbcnet      sub-027/ses-02 seed=0 acc=0.6850 (folds=10)
2026-06-07 08:31:22 | INFO    | train_session_models | [within] fbcnet      sub-027/ses-03 seed=0 acc=0.7350 (folds=10)
2026-06-07 08:33:09 | INFO    | train_session_models | [within] fbcnet      sub-028/ses-01 seed=0 acc=0.8500 (folds=10)
2026-06-07 08:34:41 | INFO    | train_session_models | [within] fbcnet      sub-028/ses-02 seed=0 acc=0.8000 (folds=10)
2026-06-07 08:36:05 | INFO    | train_session_models | [within] fbcnet      sub-028/ses-03 seed=0 acc=0.8150 (folds=10)
2026-06-07 08:37:25 | INFO    | train_session_models | [within] fbcnet      sub-029/ses-01 seed=0 acc=0.9650 (folds=10)
2026-06-07 08:39:35 | INFO    | train_session_models | [within] fbcnet      sub-029/ses-02 seed=0 acc=0.9700 (folds=10)
2026-06-07 08:41:40 | INFO    | train_session_models | [within] fbcnet      sub-029/ses-03 seed=0 acc=0.9250 (folds=10)
2026-06-07 08:42:47 | INFO    | train_session_models | [within] fbcnet      sub-030/ses-01 seed=0 acc=0.7450 (folds=10)
2026-06-07 08:44:01 | INFO    | train_session_models | [within] fbcnet      sub-030/ses-02 seed=0 acc=0.8300 (folds=10)
2026-06-07 08:45:02 | INFO    | train_session_models | [within] fbcnet      sub-030/ses-03 seed=0 acc=0.8050 (folds=10)
2026-06-07 08:46:20 | INFO    | train_session_models | [within] fbcnet      sub-031/ses-01 seed=0 acc=0.6700 (folds=10)
2026-06-07 08:47:14 | INFO    | train_session_models | [within] fbcnet      sub-031/ses-02 seed=0 acc=0.6300 (folds=10)
2026-06-07 08:48:27 | INFO    | train_session_models | [within] fbcnet      sub-031/ses-03 seed=0 acc=0.6800 (folds=10)
2026-06-07 08:49:29 | INFO    | train_session_models | [within] fbcnet      sub-032/ses-01 seed=0 acc=0.6800 (folds=10)
2026-06-07 08:50:08 | INFO    | train_session_models | [within] fbcnet      sub-032/ses-03 seed=0 acc=0.5750 (folds=10)
2026-06-07 08:52:28 | INFO    | train_session_models | [within] fbcnet      sub-033/ses-01 seed=0 acc=0.9750 (folds=10)
2026-06-07 08:54:24 | INFO    | train_session_models | [within] fbcnet      sub-033/ses-02 seed=0 acc=0.9650 (folds=10)
2026-06-07 08:55:52 | INFO    | train_session_models | [within] fbcnet      sub-033/ses-03 seed=0 acc=0.9500 (folds=10)
2026-06-07 08:56:53 | INFO    | train_session_models | [within] fbcnet      sub-034/ses-01 seed=0 acc=0.5200 (folds=10)
2026-06-07 08:58:14 | INFO    | train_session_models | [within] fbcnet      sub-034/ses-02 seed=0 acc=0.7200 (folds=10)
2026-06-07 08:59:02 | INFO    | train_session_models | [within] fbcnet      sub-034/ses-03 seed=0 acc=0.5350 (folds=10)
2026-06-07 09:00:51 | INFO    | train_session_models | [within] fbcnet      sub-035/ses-01 seed=0 acc=0.9050 (folds=10)
2026-06-07 09:03:10 | INFO    | train_session_models | [within] fbcnet      sub-035/ses-02 seed=0 acc=0.9400 (folds=10)
2026-06-07 09:05:21 | INFO    | train_session_models | [within] fbcnet      sub-035/ses-03 seed=0 acc=0.8750 (folds=10)
2026-06-07 09:06:28 | INFO    | train_session_models | [within] fbcnet      sub-036/ses-01 seed=0 acc=0.7250 (folds=10)
2026-06-07 09:08:32 | INFO    | train_session_models | [within] fbcnet      sub-036/ses-02 seed=0 acc=0.9300 (folds=10)
2026-06-07 09:10:30 | INFO    | train_session_models | [within] fbcnet      sub-036/ses-03 seed=0 acc=0.9550 (folds=10)
2026-06-07 09:11:25 | INFO    | train_session_models | [within] fbcnet      sub-037/ses-01 seed=0 acc=0.7000 (folds=10)
2026-06-07 09:12:34 | INFO    | train_session_models | [within] fbcnet      sub-037/ses-02 seed=0 acc=0.7650 (folds=10)
2026-06-07 09:14:09 | INFO    | train_session_models | [within] fbcnet      sub-037/ses-03 seed=0 acc=0.7900 (folds=10)
2026-06-07 09:15:01 | INFO    | train_session_models | [within] fbcnet      sub-038/ses-01 seed=0 acc=0.5200 (folds=10)
2026-06-07 09:16:12 | INFO    | train_session_models | [within] fbcnet      sub-038/ses-02 seed=0 acc=0.6450 (folds=10)
2026-06-07 09:16:49 | INFO    | train_session_models | [within] fbcnet      sub-038/ses-03 seed=0 acc=0.5850 (folds=10)
2026-06-07 09:18:52 | INFO    | train_session_models | [within] fbcnet      sub-039/ses-01 seed=0 acc=0.7750 (folds=10)
2026-06-07 09:19:42 | INFO    | train_session_models | [within] fbcnet      sub-039/ses-02 seed=0 acc=0.6250 (folds=10)
2026-06-07 09:21:05 | INFO    | train_session_models | [within] fbcnet      sub-039/ses-03 seed=0 acc=0.7950 (folds=10)
2026-06-07 09:22:40 | INFO    | train_session_models | [within] fbcnet      sub-040/ses-01 seed=0 acc=0.7000 (folds=10)
2026-06-07 09:23:27 | INFO    | train_session_models | [within] fbcnet      sub-040/ses-02 seed=0 acc=0.5400 (folds=10)
2026-06-07 09:25:01 | INFO    | train_session_models | [within] fbcnet      sub-040/ses-03 seed=0 acc=0.7750 (folds=10)
2026-06-07 09:26:29 | INFO    | train_session_models | [within] fbcnet      sub-041/ses-01 seed=0 acc=0.8250 (folds=10)
2026-06-07 09:27:52 | INFO    | train_session_models | [within] fbcnet      sub-041/ses-02 seed=0 acc=0.7400 (folds=10)
2026-06-07 09:29:31 | INFO    | train_session_models | [within] fbcnet      sub-041/ses-03 seed=0 acc=0.8100 (folds=10)
2026-06-07 09:30:35 | INFO    | train_session_models | [within] fbcnet      sub-042/ses-01 seed=0 acc=0.6600 (folds=10)
2026-06-07 09:31:27 | INFO    | train_session_models | [within] fbcnet      sub-042/ses-02 seed=0 acc=0.5650 (folds=10)
2026-06-07 09:32:26 | INFO    | train_session_models | [within] fbcnet      sub-042/ses-03 seed=0 acc=0.6150 (folds=10)
2026-06-07 09:34:51 | INFO    | train_session_models | [within] fbcnet      sub-043/ses-01 seed=0 acc=0.9900 (folds=10)
2026-06-07 09:37:10 | INFO    | train_session_models | [within] fbcnet      sub-043/ses-02 seed=0 acc=0.9500 (folds=10)
2026-06-07 09:39:19 | INFO    | train_session_models | [within] fbcnet      sub-043/ses-03 seed=0 acc=0.9750 (folds=10)
2026-06-07 09:39:56 | INFO    | train_session_models | [within] fbcnet      sub-044/ses-01 seed=0 acc=0.5450 (folds=10)
2026-06-07 09:40:38 | INFO    | train_session_models | [within] fbcnet      sub-044/ses-02 seed=0 acc=0.5450 (folds=10)
2026-06-07 09:41:19 | INFO    | train_session_models | [within] fbcnet      sub-044/ses-03 seed=0 acc=0.5250 (folds=10)
2026-06-07 09:42:33 | INFO    | train_session_models | [within] fbcnet      sub-045/ses-01 seed=0 acc=0.7700 (folds=10)
2026-06-07 09:43:23 | INFO    | train_session_models | [within] fbcnet      sub-045/ses-02 seed=0 acc=0.5950 (folds=10)
2026-06-07 09:44:53 | INFO    | train_session_models | [within] fbcnet      sub-045/ses-03 seed=0 acc=0.7950 (folds=10)
2026-06-07 09:47:17 | INFO    | train_session_models | [within] fbcnet      sub-046/ses-01 seed=0 acc=0.9700 (folds=10)
2026-06-07 09:49:29 | INFO    | train_session_models | [within] fbcnet      sub-046/ses-02 seed=0 acc=0.9500 (folds=10)
2026-06-07 09:51:51 | INFO    | train_session_models | [within] fbcnet      sub-046/ses-03 seed=0 acc=0.9200 (folds=10)
2026-06-07 09:53:07 | INFO    | train_session_models | [within] fbcnet      sub-047/ses-01 seed=0 acc=0.7400 (folds=10)
2026-06-07 09:54:12 | INFO    | train_session_models | [within] fbcnet      sub-047/ses-02 seed=0 acc=0.6900 (folds=10)
2026-06-07 09:56:32 | INFO    | train_session_models | [within] fbcnet      sub-047/ses-03 seed=0 acc=0.8700 (folds=10)
2026-06-07 09:57:38 | INFO    | train_session_models | [within] fbcnet      sub-048/ses-01 seed=0 acc=0.6500 (folds=10)
2026-06-07 09:58:30 | INFO    | train_session_models | [within] fbcnet      sub-048/ses-02 seed=0 acc=0.6050 (folds=10)
2026-06-07 10:00:18 | INFO    | train_session_models | [within] fbcnet      sub-048/ses-03 seed=0 acc=0.7550 (folds=10)
2026-06-07 10:01:57 | INFO    | train_session_models | [within] fbcnet      sub-049/ses-01 seed=0 acc=0.9450 (folds=10)
2026-06-07 10:03:36 | INFO    | train_session_models | [within] fbcnet      sub-049/ses-02 seed=0 acc=0.8950 (folds=10)
2026-06-07 10:05:06 | INFO    | train_session_models | [within] fbcnet      sub-049/ses-03 seed=0 acc=0.8550 (folds=10)
2026-06-07 10:06:52 | INFO    | train_session_models | [within] fbcnet      sub-050/ses-01 seed=0 acc=0.7900 (folds=10)
2026-06-07 10:09:03 | INFO    | train_session_models | [within] fbcnet      sub-050/ses-02 seed=0 acc=0.9250 (folds=10)
2026-06-07 10:11:08 | INFO    | train_session_models | [within] fbcnet      sub-050/ses-03 seed=0 acc=0.8350 (folds=10)
2026-06-07 10:12:43 | INFO    | train_session_models | [within] fbcnet      sub-051/ses-01 seed=0 acc=0.7850 (folds=10)
2026-06-07 10:15:25 | INFO    | train_session_models | [within] fbcnet      sub-051/ses-02 seed=0 acc=0.7950 (folds=10)
2026-06-07 10:16:43 | INFO    | train_session_models | [within] fbcnet      sub-051/ses-03 seed=0 acc=0.7700 (folds=10)
2026-06-07 10:16:43 | INFO    | train_session_models | within__fbcnet: 1480 rows -> /share/home/yuan/SYX/eeg-mi-online/outputs/experiments/session_model_compare_v1/runs/within__fbcnet.csv (11632.1s)
2026-06-07 10:16:43 | INFO    | train_session_models | ALL DONE in 33846.0s | outputs in /share/home/yuan/SYX/eeg-mi-online/outputs/experiments/session_model_compare_v1
--------------------------------------------------------
Done: Sun Jun  7 10:16:44 CST 2026
========================================================
