==================================================================
NODE: gpu01 | START: Fri Jun  5 19:20:36 CST 2026
NEW_ENV: mi_torch_cu118
==================================================================
=== nvidia-smi ===
Fri Jun  5 19:20:36 2026       
+-----------------------------------------------------------------------------------------+
| NVIDIA-SMI 570.153.02             Driver Version: 570.153.02     CUDA Version: 12.8     |
|-----------------------------------------+------------------------+----------------------+
| GPU  Name                 Persistence-M | Bus-Id          Disp.A | Volatile Uncorr. ECC |
| Fan  Temp   Perf          Pwr:Usage/Cap |           Memory-Usage | GPU-Util  Compute M. |
|                                         |                        |               MIG M. |
|=========================================+========================+======================|
|   0  NVIDIA GeForce RTX 4090 D      On  |   00000000:C1:00.0 Off |                  Off |
| 30%   34C    P8             26W /  425W |       1MiB /  24564MiB |      0%      Default |
|                                         |                        |                  N/A |
+-----------------------------------------+------------------------+----------------------+
                                                                                         
+-----------------------------------------------------------------------------------------+
| Processes:                                                                              |
|  GPU   GI   CI              PID   Type   Process name                        GPU Memory |
|        ID   ID                                                               Usage      |
|=========================================================================================|
|  No running processes found                                                             |
+-----------------------------------------------------------------------------------------+
[clone] conda create -n mi_torch_cu118 --clone mi_torch -y
Retrieving notices: ...working... done
srun: Job step aborted: Waiting up to 32 seconds for job step to finish.
slurmstepd-gpu01: error: *** STEP 21075.0 ON gpu01 CANCELLED AT 2026-06-05T19:48:46 ***
srun: error: gpu01: task 0: Terminated
