==================================================================
NODE: gpu01 | MODE: verify_sanity | NEW_ENV: mi_torch_cu118 | START: Fri Jun  5 22:35:19 CST 2026
==================================================================
=== nvidia-smi (informational; absent on CPU allocations) ===
Fri Jun  5 22:35:19 2026       
+-----------------------------------------------------------------------------------------+
| NVIDIA-SMI 570.153.02             Driver Version: 570.153.02     CUDA Version: 12.8     |
|-----------------------------------------+------------------------+----------------------+
| GPU  Name                 Persistence-M | Bus-Id          Disp.A | Volatile Uncorr. ECC |
| Fan  Temp   Perf          Pwr:Usage/Cap |           Memory-Usage | GPU-Util  Compute M. |
|                                         |                        |               MIG M. |
|=========================================+========================+======================|
|   0  NVIDIA GeForce RTX 4090 D      On  |   00000000:C1:00.0 Off |                  Off |
| 30%   33C    P8             25W /  425W |       1MiB /  24564MiB |      0%      Default |
|                                         |                        |                  N/A |
+-----------------------------------------+------------------------+----------------------+
                                                                                         
+-----------------------------------------------------------------------------------------+
| Processes:                                                                              |
|  GPU   GI   CI              PID   Type   Process name                        GPU Memory |
|        ID   ID                                                               Usage      |
|=========================================================================================|
|  No running processes found                                                             |
+-----------------------------------------------------------------------------------------+
=== active env: mi_torch_cu118 | python: /share/home/yuan/.conda/envs/mi_torch_cu118/bin/python ===
=== CUDA VERIFY ===
2.7.1+cu118
11.8
True
1
NVIDIA GeForce RTX 4090 D
[sanity] cuda_available=True
=== SANITY TRAIN on GPU (small: 3 subjects, 3 epochs) ===
2026-06-05 22:35:23 | INFO    | sanity_train | CUDA: {'torch_version': '2.7.1+cu118', 'torch_cuda_build': '11.8', 'cuda_available': True, 'device_count': 1, 'device_name': 'NVIDIA GeForce RTX 4090 D'}
2026-06-05 22:35:25 | INFO    | sanity_train | sanity 数据：subjects=['sub-001', 'sub-002', 'sub-003'] | 9 npz | 1800 trials
/share/home/yuan/.conda/envs/mi_torch_cu118/lib/python3.10/site-packages/torch/nn/modules/conv.py:549: UserWarning: Using padding='same' with even kernel lengths and odd dilation may require a zero-padded copy of the input be created (Triggered internally at /pytorch/aten/src/ATen/native/Convolution.cpp:1036.)
  return F.conv2d(
Traceback (most recent call last):
  File "/share/home/yuan/SYX/eeg-mi-online/scripts/sanity_train.py", line 201, in <module>
    main()
  File "/share/home/yuan/SYX/eeg-mi-online/scripts/sanity_train.py", line 125, in main
    optimizer = torch.optim.Adam(model.parameters(), lr=args.lr, weight_decay=args.weight_decay)
  File "/share/home/yuan/.conda/envs/mi_torch_cu118/lib/python3.10/site-packages/torch/optim/adam.py", line 100, in __init__
    super().__init__(params, defaults)
  File "/share/home/yuan/.conda/envs/mi_torch_cu118/lib/python3.10/site-packages/torch/optim/optimizer.py", line 369, in __init__
    self.add_param_group(cast(dict, param_group))
  File "/share/home/yuan/.conda/envs/mi_torch_cu118/lib/python3.10/site-packages/torch/_compile.py", line 46, in inner
    import torch._dynamo
  File "/share/home/yuan/.conda/envs/mi_torch_cu118/lib/python3.10/site-packages/torch/_dynamo/__init__.py", line 53, in <module>
    from .polyfills import loader as _  # usort: skip # noqa: F401
  File "/share/home/yuan/.conda/envs/mi_torch_cu118/lib/python3.10/site-packages/torch/_dynamo/polyfills/loader.py", line 25, in <module>
    POLYFILLED_MODULES: tuple["ModuleType", ...] = tuple(
  File "/share/home/yuan/.conda/envs/mi_torch_cu118/lib/python3.10/site-packages/torch/_dynamo/polyfills/loader.py", line 26, in <genexpr>
    importlib.import_module(f".{submodule}", package=polyfills.__name__)
  File "/share/home/yuan/.conda/envs/mi_torch_cu118/lib/python3.10/importlib/__init__.py", line 126, in import_module
    return _bootstrap._gcd_import(name[level:], package, level)
  File "/share/home/yuan/.conda/envs/mi_torch_cu118/lib/python3.10/site-packages/torch/_dynamo/polyfills/builtins.py", line 31, in <module>
    def all(iterable: Iterable[object], /) -> bool:
  File "/share/home/yuan/.conda/envs/mi_torch_cu118/lib/python3.10/site-packages/torch/_dynamo/decorators.py", line 427, in wrapper
    rule_map: dict[Any, type[VariableTracker]] = get_torch_obj_rule_map()
  File "/share/home/yuan/.conda/envs/mi_torch_cu118/lib/python3.10/site-packages/torch/_dynamo/trace_rules.py", line 2870, in get_torch_obj_rule_map
    obj = load_object(k)
  File "/share/home/yuan/.conda/envs/mi_torch_cu118/lib/python3.10/site-packages/torch/_dynamo/trace_rules.py", line 2901, in load_object
    val = _load_obj_from_str(x[0])
  File "/share/home/yuan/.conda/envs/mi_torch_cu118/lib/python3.10/site-packages/torch/_dynamo/trace_rules.py", line 2885, in _load_obj_from_str
    return getattr(importlib.import_module(module), obj_name)
  File "/share/home/yuan/.conda/envs/mi_torch_cu118/lib/python3.10/importlib/__init__.py", line 126, in import_module
    return _bootstrap._gcd_import(name[level:], package, level)
  File "/share/home/yuan/.conda/envs/mi_torch_cu118/lib/python3.10/site-packages/torch/_higher_order_ops/map.py", line 6, in <module>
    from torch._functorch.aot_autograd import AOTConfig, create_joint
  File "/share/home/yuan/.conda/envs/mi_torch_cu118/lib/python3.10/site-packages/torch/_functorch/aot_autograd.py", line 135, in <module>
    from .partitioners import default_partition
  File "/share/home/yuan/.conda/envs/mi_torch_cu118/lib/python3.10/site-packages/torch/_functorch/partitioners.py", line 37, in <module>
    from ._activation_checkpointing.graph_info_provider import GraphInfoProvider
  File "/share/home/yuan/.conda/envs/mi_torch_cu118/lib/python3.10/site-packages/torch/_functorch/_activation_checkpointing/graph_info_provider.py", line 3, in <module>
    import networkx as nx
  File "/share/home/yuan/.conda/envs/mi_torch_cu118/lib/python3.10/site-packages/networkx/__init__.py", line 23, in <module>
    config = utils.backends._set_configs_from_environment()
  File "/share/home/yuan/.conda/envs/mi_torch_cu118/lib/python3.10/site-packages/networkx/utils/backends.py", line 574, in _set_configs_from_environment
    backends=Config(
  File "/share/home/yuan/.conda/envs/mi_torch_cu118/lib/python3.10/site-packages/networkx/utils/configs.py", line 84, in __new__
    cls = dataclass(
  File "/share/home/yuan/.conda/envs/mi_torch_cu118/lib/python3.10/dataclasses.py", line 1175, in wrap
    return _process_class(cls, init, repr, eq, order, unsafe_hash,
  File "/share/home/yuan/.conda/envs/mi_torch_cu118/lib/python3.10/dataclasses.py", line 1024, in _process_class
    _init_fn(all_init_fields,
  File "/share/home/yuan/.conda/envs/mi_torch_cu118/lib/python3.10/dataclasses.py", line 579, in _init_fn
    return _create_fn('__init__',
  File "/share/home/yuan/.conda/envs/mi_torch_cu118/lib/python3.10/dataclasses.py", line 432, in _create_fn
    exec(txt, globals, ns)
  File "<string>", line 1
    def __create_fn__(_type_nx-loopback, MISSING, _HAS_DEFAULT_FACTORY, __dataclass_builtins_object__, _return_type):
                              ^
SyntaxError: invalid syntax
[sanity] exit=1
==================================================================
DONE (verify_sanity): Fri Jun  5 22:35:37 CST 2026
==================================================================
