=== NODE ===
gpu02
=== nvidia-smi ===
Fri Jun  5 18:37:35 2026       
+-----------------------------------------------------------------------------------------+
| NVIDIA-SMI 570.153.02             Driver Version: 570.153.02     CUDA Version: 12.8     |
|-----------------------------------------+------------------------+----------------------+
| GPU  Name                 Persistence-M | Bus-Id          Disp.A | Volatile Uncorr. ECC |
| Fan  Temp   Perf          Pwr:Usage/Cap |           Memory-Usage | GPU-Util  Compute M. |
|                                         |                        |               MIG M. |
|=========================================+========================+======================|
|   0  NVIDIA GeForce RTX 4090 D      On  |   00000000:C1:00.0 Off |                  Off |
| 30%   29C    P8             14W /  425W |       1MiB /  24564MiB |      0%      Default |
|                                         |                        |                  N/A |
+-----------------------------------------+------------------------+----------------------+
                                                                                         
+-----------------------------------------------------------------------------------------+
| Processes:                                                                              |
|  GPU   GI   CI              PID   Type   Process name                        GPU Memory |
|        ID   ID                                                               Usage      |
|=========================================================================================|
|  No running processes found                                                             |
+-----------------------------------------------------------------------------------------+
=== CUDA CHECK ===
torch 2.6.0
cuda_build None
cuda_available False
device_count 0
=== DATASET SMOKE TEST ===
== SHUTrialDataset smoke test ==  split=cap_eegnet_4110_seed2026.json
manifest = /share/workspace2/moto_imagination/WBCIC_SHU/processed/eog_ecg_clean/processed_manifest.csv
source subset = ['sub-001', 'sub-002']
target subset = ['sub-007', 'sub-008']

/share/home/yuan/.conda/envs/mi_torch/lib/python3.10/site-packages/torch/nn/modules/conv.py:549: UserWarning: Using padding='same' with even kernel lengths and odd dilation may require a zero-padded copy of the input be created (Triggered internally at /croot/libtorch_1751464468084/work/aten/src/ATen/native/Convolution.cpp:1036.)
  return F.conv2d(
[source] 6 npz | 1200 trials | label 0/1 = 600/600
   item x: (58, 1000) torch.float32 | batch x: (64, 58, 1000) | y: (64,) torch.int64 | batch labels=[0, 1]
   model.feature_dim=496 | logits: (64, 2) (internal 4D = [64,1,58,1000])

[target] 6 npz | 1200 trials | label 0/1 = 600/600
   item x: (58, 1000) torch.float32 | batch x: (64, 58, 1000) | y: (64,) torch.int64 | batch labels=[0, 1]
   model.feature_dim=496 | logits: (64, 2) (internal 4D = [64,1,58,1000])

SHUTrialDataset smoke test PASS ✓
=== SANITY TRAINING ===
2026-06-05 18:38:13 | INFO    | sanity_train | CUDA: {'torch_version': '2.6.0', 'torch_cuda_build': None, 'cuda_available': False, 'device_count': 0}
2026-06-05 18:38:13 | WARNING | sanity_train | CUDA 不可用 -> 本次 sanity 在 CPU 上跑（torch_cuda_build=None）。 正式 GPU 训练前需装 cu118 版 torch，见 docs/ENVIRONMENT.md。
2026-06-05 18:38:14 | INFO    | sanity_train | sanity 数据：subjects=['sub-001', 'sub-002', 'sub-003'] | 9 npz | 1800 trials
/share/home/yuan/.conda/envs/mi_torch/lib/python3.10/site-packages/torch/nn/modules/conv.py:549: UserWarning: Using padding='same' with even kernel lengths and odd dilation may require a zero-padded copy of the input be created (Triggered internally at /croot/libtorch_1751464468084/work/aten/src/ATen/native/Convolution.cpp:1036.)
  return F.conv2d(
2026-06-05 18:38:32 | INFO    | sanity_train | 模型 CAP-EEGNet(minimal) | feature_dim=496 | params=3026 | device=cpu
2026-06-05 18:38:43 | INFO    | sanity_train | epoch 1/3 | loss=0.7002 | acc=0.5406
2026-06-05 18:38:47 | INFO    | sanity_train | epoch 2/3 | loss=0.6474 | acc=0.6300
2026-06-05 18:38:51 | INFO    | sanity_train | epoch 3/3 | loss=0.6014 | acc=0.6822
2026-06-05 18:38:51 | INFO    | sanity_train | sanity 结果写入 /share/home/yuan/SYX/eeg-mi-online/outputs/sanity_check/sanity_check_metrics.json
2026-06-05 18:38:51 | INFO    | sanity_train | loss: 0.7002 -> 0.6014 | decreased=True | elapsed=38.0s
